

================================================================
== Vitis HLS Report for 'local_metropolis_step'
================================================================
* Date:           Tue May 19 20:34:36 2026

* Version:        2025.2 (Build 6295257 on Nov 14 2025)
* Project:        hls_local_metropolis_step_N14
* Solution:       hls (Vivado IP Flow Target)
* Product family: virtexuplus
* Target device:  xcvu19p-fsva3824-2-e


================================================================
== Performance Estimates
================================================================
+ Timing: 
    * Summary: 
    +--------+---------+----------+------------+
    |  Clock |  Target | Estimated| Uncertainty|
    +--------+---------+----------+------------+
    |ap_clk  |  3.33 ns|  2.388 ns|     0.90 ns|
    +--------+---------+----------+------------+

+ Latency: 
    * Summary: 
    +---------+---------+-----------+-----------+-----+-----+---------+
    |  Latency (cycles) |   Latency (absolute)  |  Interval | Pipeline|
    |   min   |   max   |    min    |    max    | min | max |   Type  |
    +---------+---------+-----------+-----------+-----+-----+---------+
    |       14|       23|  46.662 ns|  76.659 ns|   15|   24|       no|
    +---------+---------+-----------+-----------+-----+-----+---------+

    + Detail: 
        * Instance: 
        N/A

        * Loop: 
        N/A



================================================================
== Utilization Estimates
================================================================
* Summary: 
+---------------------+---------+------+---------+---------+-----+
|         Name        | BRAM_18K|  DSP |    FF   |   LUT   | URAM|
+---------------------+---------+------+---------+---------+-----+
|DSP                  |        -|     -|        -|        -|    -|
|Expression           |        -|     -|        0|     3725|    -|
|FIFO                 |        -|     -|        -|        -|    -|
|Instance             |        -|    13|      739|     1299|    -|
|Memory               |        0|     -|        0|        0|    -|
|Multiplexer          |        -|     -|        0|      151|    -|
|Register             |        -|     -|     1713|        -|    -|
+---------------------+---------+------+---------+---------+-----+
|Total                |        0|    13|     2452|     5175|    0|
+---------------------+---------+------+---------+---------+-----+
|Available SLR        |     1080|   960|  2042880|  1021440|   80|
+---------------------+---------+------+---------+---------+-----+
|Utilization SLR (%)  |        0|     1|       ~0|       ~0|    0|
+---------------------+---------+------+---------+---------+-----+
|Available            |     4320|  3840|  8171520|  4085760|  320|
+---------------------+---------+------+---------+---------+-----+
|Utilization (%)      |        0|    ~0|       ~0|       ~0|    0|
+---------------------+---------+------+---------+---------+-----+

+ Detail: 
    * Instance: 
    +---------------------------+-----------------------+---------+----+-----+----+-----+
    |          Instance         |         Module        | BRAM_18K| DSP|  FF | LUT| URAM|
    +---------------------------+-----------------------+---------+----+-----+----+-----+
    |mul_26s_36s_60_2_1_U1      |mul_26s_36s_60_2_1     |        0|   2|  202|  84|    0|
    |mul_40ns_40s_64_2_1_U2     |mul_40ns_40s_64_2_1    |        0|   5|  197|  80|    0|
    |mul_40s_50s_88_5_1_U3      |mul_40s_50s_88_5_1     |        0|   6|  340|  86|    0|
    |sparsemux_27_4_40_1_1_U5   |sparsemux_27_4_40_1_1  |        0|   0|    0|  65|    0|
    |sparsemux_27_4_40_1_1_U6   |sparsemux_27_4_40_1_1  |        0|   0|    0|  65|    0|
    |sparsemux_27_4_40_1_1_U7   |sparsemux_27_4_40_1_1  |        0|   0|    0|  65|    0|
    |sparsemux_27_4_40_1_1_U8   |sparsemux_27_4_40_1_1  |        0|   0|    0|  65|    0|
    |sparsemux_27_4_40_1_1_U9   |sparsemux_27_4_40_1_1  |        0|   0|    0|  65|    0|
    |sparsemux_27_4_40_1_1_U10  |sparsemux_27_4_40_1_1  |        0|   0|    0|  65|    0|
    |sparsemux_27_4_40_1_1_U11  |sparsemux_27_4_40_1_1  |        0|   0|    0|  65|    0|
    |sparsemux_27_4_40_1_1_U12  |sparsemux_27_4_40_1_1  |        0|   0|    0|  65|    0|
    |sparsemux_27_4_40_1_1_U13  |sparsemux_27_4_40_1_1  |        0|   0|    0|  65|    0|
    |sparsemux_27_4_40_1_1_U14  |sparsemux_27_4_40_1_1  |        0|   0|    0|  65|    0|
    |sparsemux_27_4_40_1_1_U16  |sparsemux_27_4_40_1_1  |        0|   0|    0|  65|    0|
    |sparsemux_27_4_40_1_1_U17  |sparsemux_27_4_40_1_1  |        0|   0|    0|  65|    0|
    |sparsemux_27_4_40_1_1_U18  |sparsemux_27_4_40_1_1  |        0|   0|    0|  65|    0|
    |sparsemux_27_4_40_1_1_U19  |sparsemux_27_4_40_1_1  |        0|   0|    0|  65|    0|
    |sparsemux_29_4_1_1_1_U15   |sparsemux_29_4_1_1_1   |        0|   0|    0|  65|    0|
    |sparsemux_29_4_40_1_1_U4   |sparsemux_29_4_40_1_1  |        0|   0|    0|  65|    0|
    |sparsemux_7_2_40_1_1_U20   |sparsemux_7_2_40_1_1   |        0|   0|    0|   9|    0|
    +---------------------------+-----------------------+---------+----+-----+----+-----+
    |Total                      |                       |        0|  13|  739|1299|    0|
    +---------------------------+-----------------------+---------+----+-----+----+-----+

    * DSP: 
    N/A

    * Memory: 
    +---------------+-------------------------+---------+---+----+-----+------+-----+------+-------------+
    |     Memory    |          Module         | BRAM_18K| FF| LUT| URAM| Words| Bits| Banks| W*Bits*Banks|
    +---------------+-------------------------+---------+---+----+-----+------+-----+------+-------------+
    |EXP_NEG_LUT_U  |EXP_NEG_LUT_ROM_AUTO_1R  |        0|  0|   0|    0|  1025|   40|     1|        41000|
    +---------------+-------------------------+---------+---+----+-----+------+-----+------+-------------+
    |Total          |                         |        0|  0|   0|    0|  1025|   40|     1|        41000|
    +---------------+-------------------------+---------+---+----+-----+------+-----+------+-------------+

    * FIFO: 
    N/A

    * Expression: 
    +--------------------------+----------+----+---+-----+------------+------------+
    |       Variable Name      | Operation| DSP| FF| LUT | Bitwidth P0| Bitwidth P1|
    +--------------------------+----------+----+---+-----+------------+------------+
    |add_ln240_fu_3739_p2      |         +|   0|  0|   47|          40|          40|
    |add_ln87_fu_3551_p2       |         +|   0|  0|   18|          11|           1|
    |add_ln89_fu_3623_p2       |         +|   0|  0|   68|          61|          61|
    |field_11_fu_2649_p2       |         +|   0|  0|   47|          40|          40|
    |field_13_fu_2792_p2       |         +|   0|  0|   47|          40|          40|
    |field_15_fu_2815_p2       |         +|   0|  0|   47|          40|          40|
    |field_17_fu_3014_p2       |         +|   0|  0|   47|          40|          40|
    |field_19_fu_3036_p2       |         +|   0|  0|   47|          40|          40|
    |field_1_fu_2294_p2        |         +|   0|  0|   47|          40|          40|
    |field_21_fu_3178_p2       |         +|   0|  0|   47|          40|          40|
    |field_23_fu_3200_p2       |         +|   0|  0|   47|          40|          40|
    |field_25_fu_3342_p2       |         +|   0|  0|   47|          40|          40|
    |field_27_fu_3364_p2       |         +|   0|  0|   47|          40|          40|
    |field_3_fu_2317_p2        |         +|   0|  0|   47|          40|          40|
    |field_5_fu_2460_p2        |         +|   0|  0|   47|          40|          40|
    |field_7_fu_2483_p2        |         +|   0|  0|   47|          40|          40|
    |field_9_fu_2626_p2        |         +|   0|  0|   47|          40|          40|
    |sub_ln42_10_fu_3108_p2    |         -|   0|  0|   47|           1|          40|
    |sub_ln42_11_fu_3189_p2    |         -|   0|  0|   47|           1|          40|
    |sub_ln42_12_fu_3272_p2    |         -|   0|  0|   47|           1|          40|
    |sub_ln42_13_fu_3353_p2    |         -|   0|  0|   47|           1|          40|
    |sub_ln42_1_fu_2305_p2     |         -|   0|  0|   47|           1|          40|
    |sub_ln42_2_fu_2389_p2     |         -|   0|  0|   47|           1|          40|
    |sub_ln42_3_fu_2471_p2     |         -|   0|  0|   47|           1|          40|
    |sub_ln42_4_fu_2555_p2     |         -|   0|  0|   47|           1|          40|
    |sub_ln42_5_fu_2637_p2     |         -|   0|  0|   47|           1|          40|
    |sub_ln42_6_fu_2721_p2     |         -|   0|  0|   47|           1|          40|
    |sub_ln42_7_fu_2803_p2     |         -|   0|  0|   47|           1|          40|
    |sub_ln42_8_fu_2887_p2     |         -|   0|  0|   47|           1|          40|
    |sub_ln42_9_fu_3025_p2     |         -|   0|  0|   47|           1|          40|
    |sub_ln42_fu_2144_p2       |         -|   0|  0|   47|           1|          40|
    |sub_ln75_1_fu_3488_p2     |         -|   0|  0|   66|           1|          59|
    |sub_ln75_fu_3467_p2       |         -|   0|  0|  107|           1|          88|
    |sub_ln84_fu_3541_p2       |         -|   0|  0|   34|          27|          27|
    |sub_ln89_fu_3587_p2       |         -|   0|  0|   33|          26|          26|
    |and_ln91_1_fu_3695_p2     |       and|   0|  0|    2|           1|           1|
    |and_ln91_fu_3690_p2       |       and|   0|  0|    2|           1|           1|
    |icmp_ln116_fu_3403_p2     |      icmp|   0|  0|   47|          40|           1|
    |icmp_ln123_fu_3727_p2     |      icmp|   0|  0|   47|          40|          40|
    |icmp_ln147_10_fu_2264_p2  |      icmp|   0|  0|   39|          32|           4|
    |icmp_ln147_11_fu_2270_p2  |      icmp|   0|  0|   39|          32|           4|
    |icmp_ln147_12_fu_2276_p2  |      icmp|   0|  0|   39|          32|           4|
    |icmp_ln147_13_fu_2282_p2  |      icmp|   0|  0|   39|          32|           4|
    |icmp_ln147_1_fu_2150_p2   |      icmp|   0|  0|   39|          32|           1|
    |icmp_ln147_2_fu_2216_p2   |      icmp|   0|  0|   39|          32|           2|
    |icmp_ln147_3_fu_2222_p2   |      icmp|   0|  0|   39|          32|           2|
    |icmp_ln147_4_fu_2228_p2   |      icmp|   0|  0|   39|          32|           3|
    |icmp_ln147_5_fu_2234_p2   |      icmp|   0|  0|   39|          32|           3|
    |icmp_ln147_6_fu_2240_p2   |      icmp|   0|  0|   39|          32|           3|
    |icmp_ln147_7_fu_2246_p2   |      icmp|   0|  0|   39|          32|           3|
    |icmp_ln147_8_fu_2252_p2   |      icmp|   0|  0|   39|          32|           4|
    |icmp_ln147_9_fu_2258_p2   |      icmp|   0|  0|   39|          32|           4|
    |icmp_ln147_fu_2078_p2     |      icmp|   0|  0|   39|          32|           1|
    |icmp_ln59_fu_3455_p2      |      icmp|   0|  0|   47|          40|           1|
    |icmp_ln63_fu_3483_p2      |      icmp|   0|  0|   18|          11|           1|
    |icmp_ln91_fu_3655_p2      |      icmp|   0|  0|   44|          37|           1|
    |icmp_ln95_fu_3649_p2      |      icmp|   0|  0|   20|          13|           1|
    |field_10_fu_2631_p3       |    select|   0|  0|   40|           1|          40|
    |field_12_fu_2655_p3       |    select|   0|  0|   40|           1|          40|
    |field_14_fu_2797_p3       |    select|   0|  0|   40|           1|          40|
    |field_16_fu_2821_p3       |    select|   0|  0|   40|           1|          40|
    |field_18_fu_3019_p3       |    select|   0|  0|   40|           1|          40|
    |field_20_fu_3042_p3       |    select|   0|  0|   40|           1|          40|
    |field_22_fu_3183_p3       |    select|   0|  0|   40|           1|          40|
    |field_24_fu_3206_p3       |    select|   0|  0|   40|           1|          40|
    |field_26_fu_3347_p3       |    select|   0|  0|   40|           1|          40|
    |field_28_fu_3370_p3       |    select|   0|  0|   40|           1|          40|
    |field_2_fu_2299_p3        |    select|   0|  0|   40|           1|          40|
    |field_4_fu_2323_p3        |    select|   0|  0|   40|           1|          40|
    |field_6_fu_2465_p3        |    select|   0|  0|   40|           1|          40|
    |field_8_fu_2489_p3        |    select|   0|  0|   40|           1|          40|
    |out_10_fu_3173_p3         |    select|   0|  0|   40|           1|          40|
    |out_11_fu_3194_p3         |    select|   0|  0|   40|           1|          40|
    |out_12_fu_3337_p3         |    select|   0|  0|   40|           1|          40|
    |out_13_fu_3358_p3         |    select|   0|  0|   40|           1|          40|
    |out_14_fu_3396_p3         |    select|   0|  0|   40|           1|          40|
    |out_1_fu_2310_p3          |    select|   0|  0|   40|           1|          40|
    |out_2_fu_2454_p3          |    select|   0|  0|   40|           1|          40|
    |out_3_fu_2476_p3          |    select|   0|  0|   40|           1|          40|
    |out_4_fu_2620_p3          |    select|   0|  0|   40|           1|          40|
    |out_5_fu_2642_p3          |    select|   0|  0|   40|           1|          40|
    |out_6_fu_2786_p3          |    select|   0|  0|   40|           1|          40|
    |out_7_fu_2808_p3          |    select|   0|  0|   40|           1|          40|
    |out_8_fu_3009_p3          |    select|   0|  0|   40|           1|          40|
    |out_9_fu_3030_p3          |    select|   0|  0|   40|           1|          40|
    |out_fu_2288_p3            |    select|   0|  0|   40|           1|          40|
    |p_fu_3707_p4              |    select|   0|  0|   41|           1|          41|
    |select_ln75_fu_3500_p3    |    select|   0|  0|   58|           1|          59|
    |xor_ln123_fu_3732_p2      |       xor|   0|  0|    2|           1|           2|
    |xor_ln59_fu_3685_p2       |       xor|   0|  0|    2|           1|           2|
    +--------------------------+----------+----+---+-----+------------+------------+
    |Total                     |          |   0|  0| 3725|        1405|        2775|
    +--------------------------+----------+----+---+-----+------------+------------+

    * Multiplexer: 
    +---------------------------------+-----+-----------+-----+-----------+
    |               Name              | LUT | Input Size| Bits| Total Bits|
    +---------------------------------+-----+-----------+-----+-----------+
    |accepted                         |   14|          3|    1|          3|
    |ap_NS_fsm                        |  123|         25|    1|         25|
    |ap_phi_mux_empty_phi_fu_1990_p4  |   14|          3|   40|        120|
    +---------------------------------+-----+-----------+-----+-----------+
    |Total                            |  151|         31|   42|        148|
    +---------------------------------+-----+-----------+-----+-----------+

    * Register: 
    +--------------------------+----+----+-----+-----------+
    |           Name           | FF | LUT| Bits| Const Bits|
    +--------------------------+----+----+-----+-----------+
    |a_10_reg_4012             |  40|   0|   40|          0|
    |a_11_reg_4022             |  40|   0|   40|          0|
    |a_12_reg_4034             |  40|   0|   40|          0|
    |a_13_reg_4044             |  40|   0|   40|          0|
    |a_1_reg_3787              |  40|   0|   40|          0|
    |a_2_reg_3869              |  40|   0|   40|          0|
    |a_3_reg_3879              |  40|   0|   40|          0|
    |a_4_reg_3901              |  40|   0|   40|          0|
    |a_5_reg_3911              |  40|   0|   40|          0|
    |a_6_reg_3933              |  40|   0|   40|          0|
    |a_7_reg_3943              |  40|   0|   40|          0|
    |a_8_reg_3985              |  40|   0|   40|          0|
    |a_9_reg_3995              |  40|   0|   40|          0|
    |a_reg_3772                |  40|   0|   40|          0|
    |add_ln89_reg_4189         |  61|   0|   61|          0|
    |ap_CS_fsm                 |  24|   0|   24|          0|
    |b_reg_4001                |   1|   0|    1|          0|
    |field_12_reg_3927         |  40|   0|   40|          0|
    |field_16_reg_3979         |  40|   0|   40|          0|
    |field_20_reg_4006         |  40|   0|   40|          0|
    |field_24_reg_4028         |  40|   0|   40|          0|
    |field_28_reg_4050         |  40|   0|   40|          0|
    |field_4_reg_3863          |  40|   0|   40|          0|
    |field_8_reg_3895          |  40|   0|   40|          0|
    |field_reg_3761            |  40|   0|   40|          0|
    |icmp_ln116_reg_4080       |   1|   0|    1|          0|
    |icmp_ln147_10_reg_3833    |   1|   0|    1|          0|
    |icmp_ln147_11_reg_3838    |   1|   0|    1|          0|
    |icmp_ln147_12_reg_3843    |   1|   0|    1|          0|
    |icmp_ln147_13_reg_3848    |   1|   0|    1|          0|
    |icmp_ln147_1_reg_3782     |   1|   0|    1|          0|
    |icmp_ln147_2_reg_3793     |   1|   0|    1|          0|
    |icmp_ln147_3_reg_3798     |   1|   0|    1|          0|
    |icmp_ln147_4_reg_3803     |   1|   0|    1|          0|
    |icmp_ln147_5_reg_3808     |   1|   0|    1|          0|
    |icmp_ln147_6_reg_3813     |   1|   0|    1|          0|
    |icmp_ln147_7_reg_3818     |   1|   0|    1|          0|
    |icmp_ln147_8_reg_3823     |   1|   0|    1|          0|
    |icmp_ln147_9_reg_3828     |   1|   0|    1|          0|
    |icmp_ln147_reg_3767       |   1|   0|    1|          0|
    |icmp_ln59_reg_4115        |   1|   0|    1|          0|
    |icmp_ln63_reg_4126        |   1|   0|    1|          0|
    |icmp_ln91_reg_4199        |   1|   0|    1|          0|
    |icmp_ln95_reg_4194        |   1|   0|    1|          0|
    |idx_reg_4131              |  11|   0|   11|          0|
    |mul_ln89_reg_4184         |  60|   0|   60|          0|
    |old_energy_read_reg_4074  |  40|   0|   40|          0|
    |out_14_reg_4061           |  40|   0|   40|          0|
    |spin_bit_10_reg_3959      |   1|   0|    1|          0|
    |spin_bit_11_reg_3964      |   1|   0|    1|          0|
    |spin_bit_12_reg_3969      |   1|   0|    1|          0|
    |spin_bit_13_reg_3974      |   1|   0|    1|          0|
    |spin_bit_1_reg_3858       |   1|   0|    1|          0|
    |spin_bit_2_reg_3885       |   1|   0|    1|          0|
    |spin_bit_3_reg_3890       |   1|   0|    1|          0|
    |spin_bit_4_reg_3917       |   1|   0|    1|          0|
    |spin_bit_5_reg_3922       |   1|   0|    1|          0|
    |spin_bit_8_reg_3949       |   1|   0|    1|          0|
    |spin_bit_9_reg_3954       |   1|   0|    1|          0|
    |spin_bit_reg_3853         |   1|   0|    1|          0|
    |sub_ln42_10_reg_4017      |  40|   0|   40|          0|
    |sub_ln42_12_reg_4039      |  40|   0|   40|          0|
    |sub_ln42_2_reg_3874       |  40|   0|   40|          0|
    |sub_ln42_4_reg_3906       |  40|   0|   40|          0|
    |sub_ln42_6_reg_3938       |  40|   0|   40|          0|
    |sub_ln42_8_reg_3990       |  40|   0|   40|          0|
    |sub_ln42_reg_3777         |  40|   0|   40|          0|
    |sub_ln84_reg_4143         |  27|   0|   27|          0|
    |sub_ln89_reg_4169         |  26|   0|   26|          0|
    |tmp_3_reg_4099            |  30|   0|   30|          0|
    |tmp_4_reg_4110            |  11|   0|   11|          0|
    |tmp_6_reg_4138            |  26|   0|   26|          0|
    |tmp_7_reg_4158            |  25|   0|   25|          0|
    |tmp_8_reg_4164            |  25|   0|   25|          0|
    |tmp_reg_4105              |   1|   0|    1|          0|
    |trunc_ln217_reg_3744      |   4|   0|    4|          0|
    |trunc_ln75_1_reg_4121     |  30|   0|   59|         29|
    |u_read_reg_4069           |  40|   0|   40|          0|
    |x_reg_4094                |  40|   0|   40|          0|
    +--------------------------+----+----+-----+-----------+
    |Total                     |1713|   0| 1742|         29|
    +--------------------------+----+----+-----+-----------+



================================================================
== Interface
================================================================
* Summary: 
+---------------------+-----+-----+------------+-----------------------+--------------+
|      RTL Ports      | Dir | Bits|  Protocol  |     Source Object     |    C Type    |
+---------------------+-----+-----+------------+-----------------------+--------------+
|ap_clk               |   in|    1|  ap_ctrl_hs|  local_metropolis_step|  return value|
|ap_rst               |   in|    1|  ap_ctrl_hs|  local_metropolis_step|  return value|
|ap_start             |   in|    1|  ap_ctrl_hs|  local_metropolis_step|  return value|
|ap_done              |  out|    1|  ap_ctrl_hs|  local_metropolis_step|  return value|
|ap_idle              |  out|    1|  ap_ctrl_hs|  local_metropolis_step|  return value|
|ap_ready             |  out|    1|  ap_ctrl_hs|  local_metropolis_step|  return value|
|J_0_0                |   in|   40|     ap_none|                  J_0_0|       pointer|
|J_0_1                |   in|   40|     ap_none|                  J_0_1|       pointer|
|J_0_2                |   in|   40|     ap_none|                  J_0_2|       pointer|
|J_0_3                |   in|   40|     ap_none|                  J_0_3|       pointer|
|J_0_4                |   in|   40|     ap_none|                  J_0_4|       pointer|
|J_0_5                |   in|   40|     ap_none|                  J_0_5|       pointer|
|J_0_6                |   in|   40|     ap_none|                  J_0_6|       pointer|
|J_0_7                |   in|   40|     ap_none|                  J_0_7|       pointer|
|J_0_8                |   in|   40|     ap_none|                  J_0_8|       pointer|
|J_0_9                |   in|   40|     ap_none|                  J_0_9|       pointer|
|J_0_10               |   in|   40|     ap_none|                 J_0_10|       pointer|
|J_0_11               |   in|   40|     ap_none|                 J_0_11|       pointer|
|J_0_12               |   in|   40|     ap_none|                 J_0_12|       pointer|
|J_0_13               |   in|   40|     ap_none|                 J_0_13|       pointer|
|J_1_0                |   in|   40|     ap_none|                  J_1_0|       pointer|
|J_1_1                |   in|   40|     ap_none|                  J_1_1|       pointer|
|J_1_2                |   in|   40|     ap_none|                  J_1_2|       pointer|
|J_1_3                |   in|   40|     ap_none|                  J_1_3|       pointer|
|J_1_4                |   in|   40|     ap_none|                  J_1_4|       pointer|
|J_1_5                |   in|   40|     ap_none|                  J_1_5|       pointer|
|J_1_6                |   in|   40|     ap_none|                  J_1_6|       pointer|
|J_1_7                |   in|   40|     ap_none|                  J_1_7|       pointer|
|J_1_8                |   in|   40|     ap_none|                  J_1_8|       pointer|
|J_1_9                |   in|   40|     ap_none|                  J_1_9|       pointer|
|J_1_10               |   in|   40|     ap_none|                 J_1_10|       pointer|
|J_1_11               |   in|   40|     ap_none|                 J_1_11|       pointer|
|J_1_12               |   in|   40|     ap_none|                 J_1_12|       pointer|
|J_1_13               |   in|   40|     ap_none|                 J_1_13|       pointer|
|J_2_0                |   in|   40|     ap_none|                  J_2_0|       pointer|
|J_2_1                |   in|   40|     ap_none|                  J_2_1|       pointer|
|J_2_2                |   in|   40|     ap_none|                  J_2_2|       pointer|
|J_2_3                |   in|   40|     ap_none|                  J_2_3|       pointer|
|J_2_4                |   in|   40|     ap_none|                  J_2_4|       pointer|
|J_2_5                |   in|   40|     ap_none|                  J_2_5|       pointer|
|J_2_6                |   in|   40|     ap_none|                  J_2_6|       pointer|
|J_2_7                |   in|   40|     ap_none|                  J_2_7|       pointer|
|J_2_8                |   in|   40|     ap_none|                  J_2_8|       pointer|
|J_2_9                |   in|   40|     ap_none|                  J_2_9|       pointer|
|J_2_10               |   in|   40|     ap_none|                 J_2_10|       pointer|
|J_2_11               |   in|   40|     ap_none|                 J_2_11|       pointer|
|J_2_12               |   in|   40|     ap_none|                 J_2_12|       pointer|
|J_2_13               |   in|   40|     ap_none|                 J_2_13|       pointer|
|J_3_0                |   in|   40|     ap_none|                  J_3_0|       pointer|
|J_3_1                |   in|   40|     ap_none|                  J_3_1|       pointer|
|J_3_2                |   in|   40|     ap_none|                  J_3_2|       pointer|
|J_3_3                |   in|   40|     ap_none|                  J_3_3|       pointer|
|J_3_4                |   in|   40|     ap_none|                  J_3_4|       pointer|
|J_3_5                |   in|   40|     ap_none|                  J_3_5|       pointer|
|J_3_6                |   in|   40|     ap_none|                  J_3_6|       pointer|
|J_3_7                |   in|   40|     ap_none|                  J_3_7|       pointer|
|J_3_8                |   in|   40|     ap_none|                  J_3_8|       pointer|
|J_3_9                |   in|   40|     ap_none|                  J_3_9|       pointer|
|J_3_10               |   in|   40|     ap_none|                 J_3_10|       pointer|
|J_3_11               |   in|   40|     ap_none|                 J_3_11|       pointer|
|J_3_12               |   in|   40|     ap_none|                 J_3_12|       pointer|
|J_3_13               |   in|   40|     ap_none|                 J_3_13|       pointer|
|J_4_0                |   in|   40|     ap_none|                  J_4_0|       pointer|
|J_4_1                |   in|   40|     ap_none|                  J_4_1|       pointer|
|J_4_2                |   in|   40|     ap_none|                  J_4_2|       pointer|
|J_4_3                |   in|   40|     ap_none|                  J_4_3|       pointer|
|J_4_4                |   in|   40|     ap_none|                  J_4_4|       pointer|
|J_4_5                |   in|   40|     ap_none|                  J_4_5|       pointer|
|J_4_6                |   in|   40|     ap_none|                  J_4_6|       pointer|
|J_4_7                |   in|   40|     ap_none|                  J_4_7|       pointer|
|J_4_8                |   in|   40|     ap_none|                  J_4_8|       pointer|
|J_4_9                |   in|   40|     ap_none|                  J_4_9|       pointer|
|J_4_10               |   in|   40|     ap_none|                 J_4_10|       pointer|
|J_4_11               |   in|   40|     ap_none|                 J_4_11|       pointer|
|J_4_12               |   in|   40|     ap_none|                 J_4_12|       pointer|
|J_4_13               |   in|   40|     ap_none|                 J_4_13|       pointer|
|J_5_0                |   in|   40|     ap_none|                  J_5_0|       pointer|
|J_5_1                |   in|   40|     ap_none|                  J_5_1|       pointer|
|J_5_2                |   in|   40|     ap_none|                  J_5_2|       pointer|
|J_5_3                |   in|   40|     ap_none|                  J_5_3|       pointer|
|J_5_4                |   in|   40|     ap_none|                  J_5_4|       pointer|
|J_5_5                |   in|   40|     ap_none|                  J_5_5|       pointer|
|J_5_6                |   in|   40|     ap_none|                  J_5_6|       pointer|
|J_5_7                |   in|   40|     ap_none|                  J_5_7|       pointer|
|J_5_8                |   in|   40|     ap_none|                  J_5_8|       pointer|
|J_5_9                |   in|   40|     ap_none|                  J_5_9|       pointer|
|J_5_10               |   in|   40|     ap_none|                 J_5_10|       pointer|
|J_5_11               |   in|   40|     ap_none|                 J_5_11|       pointer|
|J_5_12               |   in|   40|     ap_none|                 J_5_12|       pointer|
|J_5_13               |   in|   40|     ap_none|                 J_5_13|       pointer|
|J_6_0                |   in|   40|     ap_none|                  J_6_0|       pointer|
|J_6_1                |   in|   40|     ap_none|                  J_6_1|       pointer|
|J_6_2                |   in|   40|     ap_none|                  J_6_2|       pointer|
|J_6_3                |   in|   40|     ap_none|                  J_6_3|       pointer|
|J_6_4                |   in|   40|     ap_none|                  J_6_4|       pointer|
|J_6_5                |   in|   40|     ap_none|                  J_6_5|       pointer|
|J_6_6                |   in|   40|     ap_none|                  J_6_6|       pointer|
|J_6_7                |   in|   40|     ap_none|                  J_6_7|       pointer|
|J_6_8                |   in|   40|     ap_none|                  J_6_8|       pointer|
|J_6_9                |   in|   40|     ap_none|                  J_6_9|       pointer|
|J_6_10               |   in|   40|     ap_none|                 J_6_10|       pointer|
|J_6_11               |   in|   40|     ap_none|                 J_6_11|       pointer|
|J_6_12               |   in|   40|     ap_none|                 J_6_12|       pointer|
|J_6_13               |   in|   40|     ap_none|                 J_6_13|       pointer|
|J_7_0                |   in|   40|     ap_none|                  J_7_0|       pointer|
|J_7_1                |   in|   40|     ap_none|                  J_7_1|       pointer|
|J_7_2                |   in|   40|     ap_none|                  J_7_2|       pointer|
|J_7_3                |   in|   40|     ap_none|                  J_7_3|       pointer|
|J_7_4                |   in|   40|     ap_none|                  J_7_4|       pointer|
|J_7_5                |   in|   40|     ap_none|                  J_7_5|       pointer|
|J_7_6                |   in|   40|     ap_none|                  J_7_6|       pointer|
|J_7_7                |   in|   40|     ap_none|                  J_7_7|       pointer|
|J_7_8                |   in|   40|     ap_none|                  J_7_8|       pointer|
|J_7_9                |   in|   40|     ap_none|                  J_7_9|       pointer|
|J_7_10               |   in|   40|     ap_none|                 J_7_10|       pointer|
|J_7_11               |   in|   40|     ap_none|                 J_7_11|       pointer|
|J_7_12               |   in|   40|     ap_none|                 J_7_12|       pointer|
|J_7_13               |   in|   40|     ap_none|                 J_7_13|       pointer|
|J_8_0                |   in|   40|     ap_none|                  J_8_0|       pointer|
|J_8_1                |   in|   40|     ap_none|                  J_8_1|       pointer|
|J_8_2                |   in|   40|     ap_none|                  J_8_2|       pointer|
|J_8_3                |   in|   40|     ap_none|                  J_8_3|       pointer|
|J_8_4                |   in|   40|     ap_none|                  J_8_4|       pointer|
|J_8_5                |   in|   40|     ap_none|                  J_8_5|       pointer|
|J_8_6                |   in|   40|     ap_none|                  J_8_6|       pointer|
|J_8_7                |   in|   40|     ap_none|                  J_8_7|       pointer|
|J_8_8                |   in|   40|     ap_none|                  J_8_8|       pointer|
|J_8_9                |   in|   40|     ap_none|                  J_8_9|       pointer|
|J_8_10               |   in|   40|     ap_none|                 J_8_10|       pointer|
|J_8_11               |   in|   40|     ap_none|                 J_8_11|       pointer|
|J_8_12               |   in|   40|     ap_none|                 J_8_12|       pointer|
|J_8_13               |   in|   40|     ap_none|                 J_8_13|       pointer|
|J_9_0                |   in|   40|     ap_none|                  J_9_0|       pointer|
|J_9_1                |   in|   40|     ap_none|                  J_9_1|       pointer|
|J_9_2                |   in|   40|     ap_none|                  J_9_2|       pointer|
|J_9_3                |   in|   40|     ap_none|                  J_9_3|       pointer|
|J_9_4                |   in|   40|     ap_none|                  J_9_4|       pointer|
|J_9_5                |   in|   40|     ap_none|                  J_9_5|       pointer|
|J_9_6                |   in|   40|     ap_none|                  J_9_6|       pointer|
|J_9_7                |   in|   40|     ap_none|                  J_9_7|       pointer|
|J_9_8                |   in|   40|     ap_none|                  J_9_8|       pointer|
|J_9_9                |   in|   40|     ap_none|                  J_9_9|       pointer|
|J_9_10               |   in|   40|     ap_none|                 J_9_10|       pointer|
|J_9_11               |   in|   40|     ap_none|                 J_9_11|       pointer|
|J_9_12               |   in|   40|     ap_none|                 J_9_12|       pointer|
|J_9_13               |   in|   40|     ap_none|                 J_9_13|       pointer|
|J_10_0               |   in|   40|     ap_none|                 J_10_0|       pointer|
|J_10_1               |   in|   40|     ap_none|                 J_10_1|       pointer|
|J_10_2               |   in|   40|     ap_none|                 J_10_2|       pointer|
|J_10_3               |   in|   40|     ap_none|                 J_10_3|       pointer|
|J_10_4               |   in|   40|     ap_none|                 J_10_4|       pointer|
|J_10_5               |   in|   40|     ap_none|                 J_10_5|       pointer|
|J_10_6               |   in|   40|     ap_none|                 J_10_6|       pointer|
|J_10_7               |   in|   40|     ap_none|                 J_10_7|       pointer|
|J_10_8               |   in|   40|     ap_none|                 J_10_8|       pointer|
|J_10_9               |   in|   40|     ap_none|                 J_10_9|       pointer|
|J_10_10              |   in|   40|     ap_none|                J_10_10|       pointer|
|J_10_11              |   in|   40|     ap_none|                J_10_11|       pointer|
|J_10_12              |   in|   40|     ap_none|                J_10_12|       pointer|
|J_10_13              |   in|   40|     ap_none|                J_10_13|       pointer|
|J_11_0               |   in|   40|     ap_none|                 J_11_0|       pointer|
|J_11_1               |   in|   40|     ap_none|                 J_11_1|       pointer|
|J_11_2               |   in|   40|     ap_none|                 J_11_2|       pointer|
|J_11_3               |   in|   40|     ap_none|                 J_11_3|       pointer|
|J_11_4               |   in|   40|     ap_none|                 J_11_4|       pointer|
|J_11_5               |   in|   40|     ap_none|                 J_11_5|       pointer|
|J_11_6               |   in|   40|     ap_none|                 J_11_6|       pointer|
|J_11_7               |   in|   40|     ap_none|                 J_11_7|       pointer|
|J_11_8               |   in|   40|     ap_none|                 J_11_8|       pointer|
|J_11_9               |   in|   40|     ap_none|                 J_11_9|       pointer|
|J_11_10              |   in|   40|     ap_none|                J_11_10|       pointer|
|J_11_11              |   in|   40|     ap_none|                J_11_11|       pointer|
|J_11_12              |   in|   40|     ap_none|                J_11_12|       pointer|
|J_11_13              |   in|   40|     ap_none|                J_11_13|       pointer|
|J_12_0               |   in|   40|     ap_none|                 J_12_0|       pointer|
|J_12_1               |   in|   40|     ap_none|                 J_12_1|       pointer|
|J_12_2               |   in|   40|     ap_none|                 J_12_2|       pointer|
|J_12_3               |   in|   40|     ap_none|                 J_12_3|       pointer|
|J_12_4               |   in|   40|     ap_none|                 J_12_4|       pointer|
|J_12_5               |   in|   40|     ap_none|                 J_12_5|       pointer|
|J_12_6               |   in|   40|     ap_none|                 J_12_6|       pointer|
|J_12_7               |   in|   40|     ap_none|                 J_12_7|       pointer|
|J_12_8               |   in|   40|     ap_none|                 J_12_8|       pointer|
|J_12_9               |   in|   40|     ap_none|                 J_12_9|       pointer|
|J_12_10              |   in|   40|     ap_none|                J_12_10|       pointer|
|J_12_11              |   in|   40|     ap_none|                J_12_11|       pointer|
|J_12_12              |   in|   40|     ap_none|                J_12_12|       pointer|
|J_12_13              |   in|   40|     ap_none|                J_12_13|       pointer|
|J_13_0               |   in|   40|     ap_none|                 J_13_0|       pointer|
|J_13_1               |   in|   40|     ap_none|                 J_13_1|       pointer|
|J_13_2               |   in|   40|     ap_none|                 J_13_2|       pointer|
|J_13_3               |   in|   40|     ap_none|                 J_13_3|       pointer|
|J_13_4               |   in|   40|     ap_none|                 J_13_4|       pointer|
|J_13_5               |   in|   40|     ap_none|                 J_13_5|       pointer|
|J_13_6               |   in|   40|     ap_none|                 J_13_6|       pointer|
|J_13_7               |   in|   40|     ap_none|                 J_13_7|       pointer|
|J_13_8               |   in|   40|     ap_none|                 J_13_8|       pointer|
|J_13_9               |   in|   40|     ap_none|                 J_13_9|       pointer|
|J_13_10              |   in|   40|     ap_none|                J_13_10|       pointer|
|J_13_11              |   in|   40|     ap_none|                J_13_11|       pointer|
|J_13_12              |   in|   40|     ap_none|                J_13_12|       pointer|
|J_13_13              |   in|   40|     ap_none|                J_13_13|       pointer|
|h_0                  |   in|   40|     ap_none|                    h_0|       pointer|
|h_1                  |   in|   40|     ap_none|                    h_1|       pointer|
|h_2                  |   in|   40|     ap_none|                    h_2|       pointer|
|h_3                  |   in|   40|     ap_none|                    h_3|       pointer|
|h_4                  |   in|   40|     ap_none|                    h_4|       pointer|
|h_5                  |   in|   40|     ap_none|                    h_5|       pointer|
|h_6                  |   in|   40|     ap_none|                    h_6|       pointer|
|h_7                  |   in|   40|     ap_none|                    h_7|       pointer|
|h_8                  |   in|   40|     ap_none|                    h_8|       pointer|
|h_9                  |   in|   40|     ap_none|                    h_9|       pointer|
|h_10                 |   in|   40|     ap_none|                   h_10|       pointer|
|h_11                 |   in|   40|     ap_none|                   h_11|       pointer|
|h_12                 |   in|   40|     ap_none|                   h_12|       pointer|
|h_13                 |   in|   40|     ap_none|                   h_13|       pointer|
|s_0                  |   in|    1|     ap_none|                    s_0|       pointer|
|s_1                  |   in|    1|     ap_none|                    s_1|       pointer|
|s_2                  |   in|    1|     ap_none|                    s_2|       pointer|
|s_3                  |   in|    1|     ap_none|                    s_3|       pointer|
|s_4                  |   in|    1|     ap_none|                    s_4|       pointer|
|s_5                  |   in|    1|     ap_none|                    s_5|       pointer|
|s_6                  |   in|    1|     ap_none|                    s_6|       pointer|
|s_7                  |   in|    1|     ap_none|                    s_7|       pointer|
|s_8                  |   in|    1|     ap_none|                    s_8|       pointer|
|s_9                  |   in|    1|     ap_none|                    s_9|       pointer|
|s_10                 |   in|    1|     ap_none|                   s_10|       pointer|
|s_11                 |   in|    1|     ap_none|                   s_11|       pointer|
|s_12                 |   in|    1|     ap_none|                   s_12|       pointer|
|s_13                 |   in|    1|     ap_none|                   s_13|       pointer|
|i                    |   in|   32|     ap_none|                      i|        scalar|
|old_energy           |   in|   40|     ap_none|             old_energy|        scalar|
|beta                 |   in|   40|     ap_none|                   beta|        scalar|
|u                    |   in|   40|     ap_none|                      u|        scalar|
|accepted             |  out|    1|      ap_vld|               accepted|       pointer|
|accepted_ap_vld      |  out|    1|      ap_vld|               accepted|       pointer|
|delta_energy         |  out|   40|      ap_vld|           delta_energy|       pointer|
|delta_energy_ap_vld  |  out|    1|      ap_vld|           delta_energy|       pointer|
|new_energy           |  out|   40|      ap_vld|             new_energy|       pointer|
|new_energy_ap_vld    |  out|    1|      ap_vld|             new_energy|       pointer|
+---------------------+-----+-----+------------+-----------------------+--------------+

