

================================================================
== Vitis HLS Report for 'local_metropolis_step'
================================================================
* Date:           Tue May 19 20:33:15 2026

* Version:        2025.2 (Build 6295257 on Nov 14 2025)
* Project:        hls_local_metropolis_step_N12
* Solution:       hls (Vivado IP Flow Target)
* Product family: virtexuplus
* Target device:  xcvu19p-fsva3824-2-e


================================================================
== Performance Estimates
================================================================
+ Timing: 
    * Summary: 
    +--------+---------+----------+------------+
    |  Clock |  Target | Estimated| Uncertainty|
    +--------+---------+----------+------------+
    |ap_clk  |  3.33 ns|  2.388 ns|     0.90 ns|
    +--------+---------+----------+------------+

+ Latency: 
    * Summary: 
    +---------+---------+-----------+-----------+-----+-----+---------+
    |  Latency (cycles) |   Latency (absolute)  |  Interval | Pipeline|
    |   min   |   max   |    min    |    max    | min | max |   Type  |
    +---------+---------+-----------+-----------+-----+-----+---------+
    |       13|       22|  43.329 ns|  73.326 ns|   14|   23|       no|
    +---------+---------+-----------+-----------+-----+-----+---------+

    + Detail: 
        * Instance: 
        N/A

        * Loop: 
        N/A



================================================================
== Utilization Estimates
================================================================
* Summary: 
+---------------------+---------+------+---------+---------+-----+
|         Name        | BRAM_18K|  DSP |    FF   |   LUT   | URAM|
+---------------------+---------+------+---------+---------+-----+
|DSP                  |        -|     -|        -|        -|    -|
|Expression           |        -|     -|        0|     3299|    -|
|FIFO                 |        -|     -|        -|        -|    -|
|Instance             |        -|    13|      739|     1097|    -|
|Memory               |        0|     -|        0|        0|    -|
|Multiplexer          |        -|     -|        0|      146|    -|
|Register             |        -|     -|     1548|        -|    -|
+---------------------+---------+------+---------+---------+-----+
|Total                |        0|    13|     2287|     4542|    0|
+---------------------+---------+------+---------+---------+-----+
|Available SLR        |     1080|   960|  2042880|  1021440|   80|
+---------------------+---------+------+---------+---------+-----+
|Utilization SLR (%)  |        0|     1|       ~0|       ~0|    0|
+---------------------+---------+------+---------+---------+-----+
|Available            |     4320|  3840|  8171520|  4085760|  320|
+---------------------+---------+------+---------+---------+-----+
|Utilization (%)      |        0|    ~0|       ~0|       ~0|    0|
+---------------------+---------+------+---------+---------+-----+

+ Detail: 
    * Instance: 
    +---------------------------+-----------------------+---------+----+-----+----+-----+
    |          Instance         |         Module        | BRAM_18K| DSP|  FF | LUT| URAM|
    +---------------------------+-----------------------+---------+----+-----+----+-----+
    |mul_26s_36s_60_2_1_U1      |mul_26s_36s_60_2_1     |        0|   2|  202|  84|    0|
    |mul_40ns_40s_64_2_1_U2     |mul_40ns_40s_64_2_1    |        0|   5|  197|  80|    0|
    |mul_40s_50s_88_5_1_U3      |mul_40s_50s_88_5_1     |        0|   6|  340|  86|    0|
    |sparsemux_23_4_40_1_1_U5   |sparsemux_23_4_40_1_1  |        0|   0|    0|  59|    0|
    |sparsemux_23_4_40_1_1_U6   |sparsemux_23_4_40_1_1  |        0|   0|    0|  59|    0|
    |sparsemux_23_4_40_1_1_U7   |sparsemux_23_4_40_1_1  |        0|   0|    0|  59|    0|
    |sparsemux_23_4_40_1_1_U8   |sparsemux_23_4_40_1_1  |        0|   0|    0|  59|    0|
    |sparsemux_23_4_40_1_1_U9   |sparsemux_23_4_40_1_1  |        0|   0|    0|  59|    0|
    |sparsemux_23_4_40_1_1_U10  |sparsemux_23_4_40_1_1  |        0|   0|    0|  59|    0|
    |sparsemux_23_4_40_1_1_U11  |sparsemux_23_4_40_1_1  |        0|   0|    0|  59|    0|
    |sparsemux_23_4_40_1_1_U12  |sparsemux_23_4_40_1_1  |        0|   0|    0|  59|    0|
    |sparsemux_23_4_40_1_1_U13  |sparsemux_23_4_40_1_1  |        0|   0|    0|  59|    0|
    |sparsemux_23_4_40_1_1_U14  |sparsemux_23_4_40_1_1  |        0|   0|    0|  59|    0|
    |sparsemux_23_4_40_1_1_U16  |sparsemux_23_4_40_1_1  |        0|   0|    0|  59|    0|
    |sparsemux_23_4_40_1_1_U17  |sparsemux_23_4_40_1_1  |        0|   0|    0|  59|    0|
    |sparsemux_25_4_1_1_1_U15   |sparsemux_25_4_1_1_1   |        0|   0|    0|  65|    0|
    |sparsemux_25_4_40_1_1_U4   |sparsemux_25_4_40_1_1  |        0|   0|    0|  65|    0|
    |sparsemux_7_2_40_1_1_U18   |sparsemux_7_2_40_1_1   |        0|   0|    0|   9|    0|
    +---------------------------+-----------------------+---------+----+-----+----+-----+
    |Total                      |                       |        0|  13|  739|1097|    0|
    +---------------------------+-----------------------+---------+----+-----+----+-----+

    * DSP: 
    N/A

    * Memory: 
    +---------------+-------------------------+---------+---+----+-----+------+-----+------+-------------+
    |     Memory    |          Module         | BRAM_18K| FF| LUT| URAM| Words| Bits| Banks| W*Bits*Banks|
    +---------------+-------------------------+---------+---+----+-----+------+-----+------+-------------+
    |EXP_NEG_LUT_U  |EXP_NEG_LUT_ROM_AUTO_1R  |        0|  0|   0|    0|  1025|   40|     1|        41000|
    +---------------+-------------------------+---------+---+----+-----+------+-----+------+-------------+
    |Total          |                         |        0|  0|   0|    0|  1025|   40|     1|        41000|
    +---------------+-------------------------+---------+---+----+-----+------+-----+------+-------------+

    * FIFO: 
    N/A

    * Expression: 
    +--------------------------+----------+----+---+-----+------------+------------+
    |       Variable Name      | Operation| DSP| FF| LUT | Bitwidth P0| Bitwidth P1|
    +--------------------------+----------+----+---+-----+------------+------------+
    |add_ln240_fu_3007_p2      |         +|   0|  0|   47|          40|          40|
    |add_ln87_fu_2819_p2       |         +|   0|  0|   18|          11|           1|
    |add_ln89_fu_2891_p2       |         +|   0|  0|   68|          61|          61|
    |field_11_fu_2137_p2       |         +|   0|  0|   47|          40|          40|
    |field_13_fu_2264_p2       |         +|   0|  0|   47|          40|          40|
    |field_15_fu_2287_p2       |         +|   0|  0|   47|          40|          40|
    |field_17_fu_2462_p2       |         +|   0|  0|   47|          40|          40|
    |field_19_fu_2484_p2       |         +|   0|  0|   47|          40|          40|
    |field_1_fu_1814_p2        |         +|   0|  0|   47|          40|          40|
    |field_21_fu_2610_p2       |         +|   0|  0|   47|          40|          40|
    |field_23_fu_2632_p2       |         +|   0|  0|   47|          40|          40|
    |field_3_fu_1837_p2        |         +|   0|  0|   47|          40|          40|
    |field_5_fu_1964_p2        |         +|   0|  0|   47|          40|          40|
    |field_7_fu_1987_p2        |         +|   0|  0|   47|          40|          40|
    |field_9_fu_2114_p2        |         +|   0|  0|   47|          40|          40|
    |sub_ln42_10_fu_2548_p2    |         -|   0|  0|   47|           1|          40|
    |sub_ln42_11_fu_2621_p2    |         -|   0|  0|   47|           1|          40|
    |sub_ln42_1_fu_1825_p2     |         -|   0|  0|   47|           1|          40|
    |sub_ln42_2_fu_1901_p2     |         -|   0|  0|   47|           1|          40|
    |sub_ln42_3_fu_1975_p2     |         -|   0|  0|   47|           1|          40|
    |sub_ln42_4_fu_2051_p2     |         -|   0|  0|   47|           1|          40|
    |sub_ln42_5_fu_2125_p2     |         -|   0|  0|   47|           1|          40|
    |sub_ln42_6_fu_2201_p2     |         -|   0|  0|   47|           1|          40|
    |sub_ln42_7_fu_2275_p2     |         -|   0|  0|   47|           1|          40|
    |sub_ln42_8_fu_2351_p2     |         -|   0|  0|   47|           1|          40|
    |sub_ln42_9_fu_2473_p2     |         -|   0|  0|   47|           1|          40|
    |sub_ln42_fu_1684_p2       |         -|   0|  0|   47|           1|          40|
    |sub_ln75_1_fu_2756_p2     |         -|   0|  0|   66|           1|          59|
    |sub_ln75_fu_2735_p2       |         -|   0|  0|  107|           1|          88|
    |sub_ln84_fu_2809_p2       |         -|   0|  0|   34|          27|          27|
    |sub_ln89_fu_2855_p2       |         -|   0|  0|   33|          26|          26|
    |and_ln91_1_fu_2963_p2     |       and|   0|  0|    2|           1|           1|
    |and_ln91_fu_2958_p2       |       and|   0|  0|    2|           1|           1|
    |icmp_ln116_fu_2671_p2     |      icmp|   0|  0|   47|          40|           1|
    |icmp_ln123_fu_2995_p2     |      icmp|   0|  0|   47|          40|          40|
    |icmp_ln147_10_fu_1796_p2  |      icmp|   0|  0|   39|          32|           4|
    |icmp_ln147_11_fu_1802_p2  |      icmp|   0|  0|   39|          32|           4|
    |icmp_ln147_1_fu_1690_p2   |      icmp|   0|  0|   39|          32|           1|
    |icmp_ln147_2_fu_1748_p2   |      icmp|   0|  0|   39|          32|           2|
    |icmp_ln147_3_fu_1754_p2   |      icmp|   0|  0|   39|          32|           2|
    |icmp_ln147_4_fu_1760_p2   |      icmp|   0|  0|   39|          32|           3|
    |icmp_ln147_5_fu_1766_p2   |      icmp|   0|  0|   39|          32|           3|
    |icmp_ln147_6_fu_1772_p2   |      icmp|   0|  0|   39|          32|           3|
    |icmp_ln147_7_fu_1778_p2   |      icmp|   0|  0|   39|          32|           3|
    |icmp_ln147_8_fu_1784_p2   |      icmp|   0|  0|   39|          32|           4|
    |icmp_ln147_9_fu_1790_p2   |      icmp|   0|  0|   39|          32|           4|
    |icmp_ln147_fu_1626_p2     |      icmp|   0|  0|   39|          32|           1|
    |icmp_ln59_fu_2723_p2      |      icmp|   0|  0|   47|          40|           1|
    |icmp_ln63_fu_2751_p2      |      icmp|   0|  0|   18|          11|           1|
    |icmp_ln91_fu_2923_p2      |      icmp|   0|  0|   44|          37|           1|
    |icmp_ln95_fu_2917_p2      |      icmp|   0|  0|   20|          13|           1|
    |field_10_fu_2119_p3       |    select|   0|  0|   40|           1|          40|
    |field_12_fu_2143_p3       |    select|   0|  0|   40|           1|          40|
    |field_14_fu_2269_p3       |    select|   0|  0|   40|           1|          40|
    |field_16_fu_2293_p3       |    select|   0|  0|   40|           1|          40|
    |field_18_fu_2467_p3       |    select|   0|  0|   40|           1|          40|
    |field_20_fu_2490_p3       |    select|   0|  0|   40|           1|          40|
    |field_22_fu_2615_p3       |    select|   0|  0|   40|           1|          40|
    |field_24_fu_2638_p3       |    select|   0|  0|   40|           1|          40|
    |field_2_fu_1819_p3        |    select|   0|  0|   40|           1|          40|
    |field_4_fu_1843_p3        |    select|   0|  0|   40|           1|          40|
    |field_6_fu_1969_p3        |    select|   0|  0|   40|           1|          40|
    |field_8_fu_1993_p3        |    select|   0|  0|   40|           1|          40|
    |out_10_fu_2605_p3         |    select|   0|  0|   40|           1|          40|
    |out_11_fu_2626_p3         |    select|   0|  0|   40|           1|          40|
    |out_12_fu_2664_p3         |    select|   0|  0|   40|           1|          40|
    |out_1_fu_1830_p3          |    select|   0|  0|   40|           1|          40|
    |out_2_fu_1958_p3          |    select|   0|  0|   40|           1|          40|
    |out_3_fu_1980_p3          |    select|   0|  0|   40|           1|          40|
    |out_4_fu_2108_p3          |    select|   0|  0|   40|           1|          40|
    |out_5_fu_2130_p3          |    select|   0|  0|   40|           1|          40|
    |out_6_fu_2258_p3          |    select|   0|  0|   40|           1|          40|
    |out_7_fu_2280_p3          |    select|   0|  0|   40|           1|          40|
    |out_8_fu_2457_p3          |    select|   0|  0|   40|           1|          40|
    |out_9_fu_2478_p3          |    select|   0|  0|   40|           1|          40|
    |out_fu_1808_p3            |    select|   0|  0|   40|           1|          40|
    |p_fu_2975_p4              |    select|   0|  0|   41|           1|          41|
    |select_ln75_fu_2768_p3    |    select|   0|  0|   58|           1|          59|
    |xor_ln123_fu_3000_p2      |       xor|   0|  0|    2|           1|           2|
    |xor_ln59_fu_2953_p2       |       xor|   0|  0|    2|           1|           2|
    +--------------------------+----------+----+---+-----+------------+------------+
    |Total                     |          |   0|  0| 3299|        1255|        2447|
    +--------------------------+----------+----+---+-----+------------+------------+

    * Multiplexer: 
    +---------------------------------+-----+-----------+-----+-----------+
    |               Name              | LUT | Input Size| Bits| Total Bits|
    +---------------------------------+-----+-----------+-----+-----------+
    |accepted                         |   14|          3|    1|          3|
    |ap_NS_fsm                        |  118|         24|    1|         24|
    |ap_phi_mux_empty_phi_fu_1546_p4  |   14|          3|   40|        120|
    +---------------------------------+-----+-----------+-----+-----------+
    |Total                            |  146|         30|   42|        147|
    +---------------------------------+-----+-----------+-----+-----------+

    * Register: 
    +--------------------------+----+----+-----+-----------+
    |           Name           | FF | LUT| Bits| Const Bits|
    +--------------------------+----+----+-----+-----------+
    |a_10_reg_3258             |  40|   0|   40|          0|
    |a_11_reg_3268             |  40|   0|   40|          0|
    |a_1_reg_3053              |  40|   0|   40|          0|
    |a_2_reg_3125              |  40|   0|   40|          0|
    |a_3_reg_3135              |  40|   0|   40|          0|
    |a_4_reg_3157              |  40|   0|   40|          0|
    |a_5_reg_3167              |  40|   0|   40|          0|
    |a_6_reg_3189              |  40|   0|   40|          0|
    |a_7_reg_3199              |  40|   0|   40|          0|
    |a_8_reg_3231              |  40|   0|   40|          0|
    |a_9_reg_3241              |  40|   0|   40|          0|
    |a_reg_3038                |  40|   0|   40|          0|
    |add_ln89_reg_3413         |  61|   0|   61|          0|
    |ap_CS_fsm                 |  23|   0|   23|          0|
    |b_reg_3247                |   1|   0|    1|          0|
    |field_12_reg_3183         |  40|   0|   40|          0|
    |field_16_reg_3225         |  40|   0|   40|          0|
    |field_20_reg_3252         |  40|   0|   40|          0|
    |field_24_reg_3274         |  40|   0|   40|          0|
    |field_4_reg_3119          |  40|   0|   40|          0|
    |field_8_reg_3151          |  40|   0|   40|          0|
    |field_reg_3027            |  40|   0|   40|          0|
    |icmp_ln116_reg_3304       |   1|   0|    1|          0|
    |icmp_ln147_10_reg_3099    |   1|   0|    1|          0|
    |icmp_ln147_11_reg_3104    |   1|   0|    1|          0|
    |icmp_ln147_1_reg_3048     |   1|   0|    1|          0|
    |icmp_ln147_2_reg_3059     |   1|   0|    1|          0|
    |icmp_ln147_3_reg_3064     |   1|   0|    1|          0|
    |icmp_ln147_4_reg_3069     |   1|   0|    1|          0|
    |icmp_ln147_5_reg_3074     |   1|   0|    1|          0|
    |icmp_ln147_6_reg_3079     |   1|   0|    1|          0|
    |icmp_ln147_7_reg_3084     |   1|   0|    1|          0|
    |icmp_ln147_8_reg_3089     |   1|   0|    1|          0|
    |icmp_ln147_9_reg_3094     |   1|   0|    1|          0|
    |icmp_ln147_reg_3033       |   1|   0|    1|          0|
    |icmp_ln59_reg_3339        |   1|   0|    1|          0|
    |icmp_ln63_reg_3350        |   1|   0|    1|          0|
    |icmp_ln91_reg_3423        |   1|   0|    1|          0|
    |icmp_ln95_reg_3418        |   1|   0|    1|          0|
    |idx_reg_3355              |  11|   0|   11|          0|
    |mul_ln89_reg_3408         |  60|   0|   60|          0|
    |old_energy_read_reg_3298  |  40|   0|   40|          0|
    |out_12_reg_3285           |  40|   0|   40|          0|
    |spin_bit_10_reg_3215      |   1|   0|    1|          0|
    |spin_bit_11_reg_3220      |   1|   0|    1|          0|
    |spin_bit_1_reg_3114       |   1|   0|    1|          0|
    |spin_bit_2_reg_3141       |   1|   0|    1|          0|
    |spin_bit_3_reg_3146       |   1|   0|    1|          0|
    |spin_bit_4_reg_3173       |   1|   0|    1|          0|
    |spin_bit_5_reg_3178       |   1|   0|    1|          0|
    |spin_bit_8_reg_3205       |   1|   0|    1|          0|
    |spin_bit_9_reg_3210       |   1|   0|    1|          0|
    |spin_bit_reg_3109         |   1|   0|    1|          0|
    |sub_ln42_10_reg_3263      |  40|   0|   40|          0|
    |sub_ln42_2_reg_3130       |  40|   0|   40|          0|
    |sub_ln42_4_reg_3162       |  40|   0|   40|          0|
    |sub_ln42_6_reg_3194       |  40|   0|   40|          0|
    |sub_ln42_8_reg_3236       |  40|   0|   40|          0|
    |sub_ln42_reg_3043         |  40|   0|   40|          0|
    |sub_ln84_reg_3367         |  27|   0|   27|          0|
    |sub_ln89_reg_3393         |  26|   0|   26|          0|
    |tmp_3_reg_3323            |  30|   0|   30|          0|
    |tmp_4_reg_3334            |  11|   0|   11|          0|
    |tmp_6_reg_3362            |  26|   0|   26|          0|
    |tmp_7_reg_3382            |  25|   0|   25|          0|
    |tmp_8_reg_3388            |  25|   0|   25|          0|
    |tmp_reg_3329              |   1|   0|    1|          0|
    |trunc_ln217_reg_3012      |   4|   0|    4|          0|
    |trunc_ln75_1_reg_3345     |  30|   0|   59|         29|
    |u_read_reg_3293           |  40|   0|   40|          0|
    |x_reg_3318                |  40|   0|   40|          0|
    +--------------------------+----+----+-----+-----------+
    |Total                     |1548|   0| 1577|         29|
    +--------------------------+----+----+-----+-----------+



================================================================
== Interface
================================================================
* Summary: 
+---------------------+-----+-----+------------+-----------------------+--------------+
|      RTL Ports      | Dir | Bits|  Protocol  |     Source Object     |    C Type    |
+---------------------+-----+-----+------------+-----------------------+--------------+
|ap_clk               |   in|    1|  ap_ctrl_hs|  local_metropolis_step|  return value|
|ap_rst               |   in|    1|  ap_ctrl_hs|  local_metropolis_step|  return value|
|ap_start             |   in|    1|  ap_ctrl_hs|  local_metropolis_step|  return value|
|ap_done              |  out|    1|  ap_ctrl_hs|  local_metropolis_step|  return value|
|ap_idle              |  out|    1|  ap_ctrl_hs|  local_metropolis_step|  return value|
|ap_ready             |  out|    1|  ap_ctrl_hs|  local_metropolis_step|  return value|
|J_0_0                |   in|   40|     ap_none|                  J_0_0|       pointer|
|J_0_1                |   in|   40|     ap_none|                  J_0_1|       pointer|
|J_0_2                |   in|   40|     ap_none|                  J_0_2|       pointer|
|J_0_3                |   in|   40|     ap_none|                  J_0_3|       pointer|
|J_0_4                |   in|   40|     ap_none|                  J_0_4|       pointer|
|J_0_5                |   in|   40|     ap_none|                  J_0_5|       pointer|
|J_0_6                |   in|   40|     ap_none|                  J_0_6|       pointer|
|J_0_7                |   in|   40|     ap_none|                  J_0_7|       pointer|
|J_0_8                |   in|   40|     ap_none|                  J_0_8|       pointer|
|J_0_9                |   in|   40|     ap_none|                  J_0_9|       pointer|
|J_0_10               |   in|   40|     ap_none|                 J_0_10|       pointer|
|J_0_11               |   in|   40|     ap_none|                 J_0_11|       pointer|
|J_1_0                |   in|   40|     ap_none|                  J_1_0|       pointer|
|J_1_1                |   in|   40|     ap_none|                  J_1_1|       pointer|
|J_1_2                |   in|   40|     ap_none|                  J_1_2|       pointer|
|J_1_3                |   in|   40|     ap_none|                  J_1_3|       pointer|
|J_1_4                |   in|   40|     ap_none|                  J_1_4|       pointer|
|J_1_5                |   in|   40|     ap_none|                  J_1_5|       pointer|
|J_1_6                |   in|   40|     ap_none|                  J_1_6|       pointer|
|J_1_7                |   in|   40|     ap_none|                  J_1_7|       pointer|
|J_1_8                |   in|   40|     ap_none|                  J_1_8|       pointer|
|J_1_9                |   in|   40|     ap_none|                  J_1_9|       pointer|
|J_1_10               |   in|   40|     ap_none|                 J_1_10|       pointer|
|J_1_11               |   in|   40|     ap_none|                 J_1_11|       pointer|
|J_2_0                |   in|   40|     ap_none|                  J_2_0|       pointer|
|J_2_1                |   in|   40|     ap_none|                  J_2_1|       pointer|
|J_2_2                |   in|   40|     ap_none|                  J_2_2|       pointer|
|J_2_3                |   in|   40|     ap_none|                  J_2_3|       pointer|
|J_2_4                |   in|   40|     ap_none|                  J_2_4|       pointer|
|J_2_5                |   in|   40|     ap_none|                  J_2_5|       pointer|
|J_2_6                |   in|   40|     ap_none|                  J_2_6|       pointer|
|J_2_7                |   in|   40|     ap_none|                  J_2_7|       pointer|
|J_2_8                |   in|   40|     ap_none|                  J_2_8|       pointer|
|J_2_9                |   in|   40|     ap_none|                  J_2_9|       pointer|
|J_2_10               |   in|   40|     ap_none|                 J_2_10|       pointer|
|J_2_11               |   in|   40|     ap_none|                 J_2_11|       pointer|
|J_3_0                |   in|   40|     ap_none|                  J_3_0|       pointer|
|J_3_1                |   in|   40|     ap_none|                  J_3_1|       pointer|
|J_3_2                |   in|   40|     ap_none|                  J_3_2|       pointer|
|J_3_3                |   in|   40|     ap_none|                  J_3_3|       pointer|
|J_3_4                |   in|   40|     ap_none|                  J_3_4|       pointer|
|J_3_5                |   in|   40|     ap_none|                  J_3_5|       pointer|
|J_3_6                |   in|   40|     ap_none|                  J_3_6|       pointer|
|J_3_7                |   in|   40|     ap_none|                  J_3_7|       pointer|
|J_3_8                |   in|   40|     ap_none|                  J_3_8|       pointer|
|J_3_9                |   in|   40|     ap_none|                  J_3_9|       pointer|
|J_3_10               |   in|   40|     ap_none|                 J_3_10|       pointer|
|J_3_11               |   in|   40|     ap_none|                 J_3_11|       pointer|
|J_4_0                |   in|   40|     ap_none|                  J_4_0|       pointer|
|J_4_1                |   in|   40|     ap_none|                  J_4_1|       pointer|
|J_4_2                |   in|   40|     ap_none|                  J_4_2|       pointer|
|J_4_3                |   in|   40|     ap_none|                  J_4_3|       pointer|
|J_4_4                |   in|   40|     ap_none|                  J_4_4|       pointer|
|J_4_5                |   in|   40|     ap_none|                  J_4_5|       pointer|
|J_4_6                |   in|   40|     ap_none|                  J_4_6|       pointer|
|J_4_7                |   in|   40|     ap_none|                  J_4_7|       pointer|
|J_4_8                |   in|   40|     ap_none|                  J_4_8|       pointer|
|J_4_9                |   in|   40|     ap_none|                  J_4_9|       pointer|
|J_4_10               |   in|   40|     ap_none|                 J_4_10|       pointer|
|J_4_11               |   in|   40|     ap_none|                 J_4_11|       pointer|
|J_5_0                |   in|   40|     ap_none|                  J_5_0|       pointer|
|J_5_1                |   in|   40|     ap_none|                  J_5_1|       pointer|
|J_5_2                |   in|   40|     ap_none|                  J_5_2|       pointer|
|J_5_3                |   in|   40|     ap_none|                  J_5_3|       pointer|
|J_5_4                |   in|   40|     ap_none|                  J_5_4|       pointer|
|J_5_5                |   in|   40|     ap_none|                  J_5_5|       pointer|
|J_5_6                |   in|   40|     ap_none|                  J_5_6|       pointer|
|J_5_7                |   in|   40|     ap_none|                  J_5_7|       pointer|
|J_5_8                |   in|   40|     ap_none|                  J_5_8|       pointer|
|J_5_9                |   in|   40|     ap_none|                  J_5_9|       pointer|
|J_5_10               |   in|   40|     ap_none|                 J_5_10|       pointer|
|J_5_11               |   in|   40|     ap_none|                 J_5_11|       pointer|
|J_6_0                |   in|   40|     ap_none|                  J_6_0|       pointer|
|J_6_1                |   in|   40|     ap_none|                  J_6_1|       pointer|
|J_6_2                |   in|   40|     ap_none|                  J_6_2|       pointer|
|J_6_3                |   in|   40|     ap_none|                  J_6_3|       pointer|
|J_6_4                |   in|   40|     ap_none|                  J_6_4|       pointer|
|J_6_5                |   in|   40|     ap_none|                  J_6_5|       pointer|
|J_6_6                |   in|   40|     ap_none|                  J_6_6|       pointer|
|J_6_7                |   in|   40|     ap_none|                  J_6_7|       pointer|
|J_6_8                |   in|   40|     ap_none|                  J_6_8|       pointer|
|J_6_9                |   in|   40|     ap_none|                  J_6_9|       pointer|
|J_6_10               |   in|   40|     ap_none|                 J_6_10|       pointer|
|J_6_11               |   in|   40|     ap_none|                 J_6_11|       pointer|
|J_7_0                |   in|   40|     ap_none|                  J_7_0|       pointer|
|J_7_1                |   in|   40|     ap_none|                  J_7_1|       pointer|
|J_7_2                |   in|   40|     ap_none|                  J_7_2|       pointer|
|J_7_3                |   in|   40|     ap_none|                  J_7_3|       pointer|
|J_7_4                |   in|   40|     ap_none|                  J_7_4|       pointer|
|J_7_5                |   in|   40|     ap_none|                  J_7_5|       pointer|
|J_7_6                |   in|   40|     ap_none|                  J_7_6|       pointer|
|J_7_7                |   in|   40|     ap_none|                  J_7_7|       pointer|
|J_7_8                |   in|   40|     ap_none|                  J_7_8|       pointer|
|J_7_9                |   in|   40|     ap_none|                  J_7_9|       pointer|
|J_7_10               |   in|   40|     ap_none|                 J_7_10|       pointer|
|J_7_11               |   in|   40|     ap_none|                 J_7_11|       pointer|
|J_8_0                |   in|   40|     ap_none|                  J_8_0|       pointer|
|J_8_1                |   in|   40|     ap_none|                  J_8_1|       pointer|
|J_8_2                |   in|   40|     ap_none|                  J_8_2|       pointer|
|J_8_3                |   in|   40|     ap_none|                  J_8_3|       pointer|
|J_8_4                |   in|   40|     ap_none|                  J_8_4|       pointer|
|J_8_5                |   in|   40|     ap_none|                  J_8_5|       pointer|
|J_8_6                |   in|   40|     ap_none|                  J_8_6|       pointer|
|J_8_7                |   in|   40|     ap_none|                  J_8_7|       pointer|
|J_8_8                |   in|   40|     ap_none|                  J_8_8|       pointer|
|J_8_9                |   in|   40|     ap_none|                  J_8_9|       pointer|
|J_8_10               |   in|   40|     ap_none|                 J_8_10|       pointer|
|J_8_11               |   in|   40|     ap_none|                 J_8_11|       pointer|
|J_9_0                |   in|   40|     ap_none|                  J_9_0|       pointer|
|J_9_1                |   in|   40|     ap_none|                  J_9_1|       pointer|
|J_9_2                |   in|   40|     ap_none|                  J_9_2|       pointer|
|J_9_3                |   in|   40|     ap_none|                  J_9_3|       pointer|
|J_9_4                |   in|   40|     ap_none|                  J_9_4|       pointer|
|J_9_5                |   in|   40|     ap_none|                  J_9_5|       pointer|
|J_9_6                |   in|   40|     ap_none|                  J_9_6|       pointer|
|J_9_7                |   in|   40|     ap_none|                  J_9_7|       pointer|
|J_9_8                |   in|   40|     ap_none|                  J_9_8|       pointer|
|J_9_9                |   in|   40|     ap_none|                  J_9_9|       pointer|
|J_9_10               |   in|   40|     ap_none|                 J_9_10|       pointer|
|J_9_11               |   in|   40|     ap_none|                 J_9_11|       pointer|
|J_10_0               |   in|   40|     ap_none|                 J_10_0|       pointer|
|J_10_1               |   in|   40|     ap_none|                 J_10_1|       pointer|
|J_10_2               |   in|   40|     ap_none|                 J_10_2|       pointer|
|J_10_3               |   in|   40|     ap_none|                 J_10_3|       pointer|
|J_10_4               |   in|   40|     ap_none|                 J_10_4|       pointer|
|J_10_5               |   in|   40|     ap_none|                 J_10_5|       pointer|
|J_10_6               |   in|   40|     ap_none|                 J_10_6|       pointer|
|J_10_7               |   in|   40|     ap_none|                 J_10_7|       pointer|
|J_10_8               |   in|   40|     ap_none|                 J_10_8|       pointer|
|J_10_9               |   in|   40|     ap_none|                 J_10_9|       pointer|
|J_10_10              |   in|   40|     ap_none|                J_10_10|       pointer|
|J_10_11              |   in|   40|     ap_none|                J_10_11|       pointer|
|J_11_0               |   in|   40|     ap_none|                 J_11_0|       pointer|
|J_11_1               |   in|   40|     ap_none|                 J_11_1|       pointer|
|J_11_2               |   in|   40|     ap_none|                 J_11_2|       pointer|
|J_11_3               |   in|   40|     ap_none|                 J_11_3|       pointer|
|J_11_4               |   in|   40|     ap_none|                 J_11_4|       pointer|
|J_11_5               |   in|   40|     ap_none|                 J_11_5|       pointer|
|J_11_6               |   in|   40|     ap_none|                 J_11_6|       pointer|
|J_11_7               |   in|   40|     ap_none|                 J_11_7|       pointer|
|J_11_8               |   in|   40|     ap_none|                 J_11_8|       pointer|
|J_11_9               |   in|   40|     ap_none|                 J_11_9|       pointer|
|J_11_10              |   in|   40|     ap_none|                J_11_10|       pointer|
|J_11_11              |   in|   40|     ap_none|                J_11_11|       pointer|
|h_0                  |   in|   40|     ap_none|                    h_0|       pointer|
|h_1                  |   in|   40|     ap_none|                    h_1|       pointer|
|h_2                  |   in|   40|     ap_none|                    h_2|       pointer|
|h_3                  |   in|   40|     ap_none|                    h_3|       pointer|
|h_4                  |   in|   40|     ap_none|                    h_4|       pointer|
|h_5                  |   in|   40|     ap_none|                    h_5|       pointer|
|h_6                  |   in|   40|     ap_none|                    h_6|       pointer|
|h_7                  |   in|   40|     ap_none|                    h_7|       pointer|
|h_8                  |   in|   40|     ap_none|                    h_8|       pointer|
|h_9                  |   in|   40|     ap_none|                    h_9|       pointer|
|h_10                 |   in|   40|     ap_none|                   h_10|       pointer|
|h_11                 |   in|   40|     ap_none|                   h_11|       pointer|
|s_0                  |   in|    1|     ap_none|                    s_0|       pointer|
|s_1                  |   in|    1|     ap_none|                    s_1|       pointer|
|s_2                  |   in|    1|     ap_none|                    s_2|       pointer|
|s_3                  |   in|    1|     ap_none|                    s_3|       pointer|
|s_4                  |   in|    1|     ap_none|                    s_4|       pointer|
|s_5                  |   in|    1|     ap_none|                    s_5|       pointer|
|s_6                  |   in|    1|     ap_none|                    s_6|       pointer|
|s_7                  |   in|    1|     ap_none|                    s_7|       pointer|
|s_8                  |   in|    1|     ap_none|                    s_8|       pointer|
|s_9                  |   in|    1|     ap_none|                    s_9|       pointer|
|s_10                 |   in|    1|     ap_none|                   s_10|       pointer|
|s_11                 |   in|    1|     ap_none|                   s_11|       pointer|
|i                    |   in|   32|     ap_none|                      i|        scalar|
|old_energy           |   in|   40|     ap_none|             old_energy|        scalar|
|beta                 |   in|   40|     ap_none|                   beta|        scalar|
|u                    |   in|   40|     ap_none|                      u|        scalar|
|accepted             |  out|    1|      ap_vld|               accepted|       pointer|
|accepted_ap_vld      |  out|    1|      ap_vld|               accepted|       pointer|
|delta_energy         |  out|   40|      ap_vld|           delta_energy|       pointer|
|delta_energy_ap_vld  |  out|    1|      ap_vld|           delta_energy|       pointer|
|new_energy           |  out|   40|      ap_vld|             new_energy|       pointer|
|new_energy_ap_vld    |  out|    1|      ap_vld|             new_energy|       pointer|
+---------------------+-----+-----+------------+-----------------------+--------------+

