================================================================
== Design Size Report
================================================================

* Total Instructions per Compilation Phase
+---------------+----------------------------+--------------+----------------------------------------------------------------------------------------+
| Phase         | Step                       | Instructions | Description                                                                            |
+---------------+----------------------------+--------------+----------------------------------------------------------------------------------------+
| Compile/Link  |                            | 13,675       | After all functions are compiled and linked into a single design                       |
|               |                            |              |                                                                                        |
| Unroll/Inline |                            |              | After user unroll and inline pragmas are applied                                       |
|               | (1) unroll                 | 95,030       | user unroll pragmas are applied                                                        |
|               | (2) simplification         | 32,232       | simplification of applied user unroll pragmas                                          |
|               | (3) inline                 | 31,158       | user inline pragmas are applied                                                        |
|               | (4) simplification         | 31,119       | simplification of applied user inline pragmas                                          |
|               |                            |              |                                                                                        |
| Array/Struct  |                            |              | After user array partition and struct aggregate/disaggregate pragmas are applied       |
|               | (1) array partition        | 27,669       | user array partition pragmas are applied                                               |
|               | (2) simplification         | 21,758       | simplification of applied user array partition & struct aggregate/disaggregate pragmas |
|               | (3) aggregate/disaggregate | 21,758       | user struct aggregate/disaggregate pragmas are applied                                 |
|               | (4) array reshape          | 21,758       | apply array reshape pragmas                                                            |
|               | (5) access patterns        | 21,758       | array access pattern optmizations                                                      |
|               |                            |              |                                                                                        |
| Performance   |                            |              | After transformations are applied to meet performance pragma targets                   |
|               | (1) loop simplification    | 21,758       | loop and instruction simplification                                                    |
|               | (2) parallelization        | 21,758       | loops are unrolled or pipelined to meet performance targets                            |
|               | (3) array partition        | 21,758       | arrays are partitioned to meet performance targets                                     |
|               | (4) simplification         | 21,758       | simplification of design after performance transformations                             |
|               |                            |              |                                                                                        |
| HW Transforms |                            |              | After hardware transfomations                                                          |
|               | (1) lowering               | 22,817       | initial conversion to HW specific instructions                                         |
|               | (2) optimizations          | 22,819       | high level synthesis optimizations                                                     |
+---------------+----------------------------+--------------+----------------------------------------------------------------------------------------+

* Instructions per Function for each Compilation Phase
+----------------------------+--------------------------+--------------+---------------+--------------+-------------+---------------+
| Function                   | Location                 | Compile/Link | Unroll/Inline | Array/Struct | Performance | HW Transforms |
+----------------------------+--------------------------+--------------+---------------+--------------+-------------+---------------+
| + uniform_move_operation   | uniform_move_hls.cpp:237 | 13,675       | 31,119        | 21,758       | 21,758      | 22,819        |
|  + dense_energy_over_alpha | uniform_move_hls.cpp:121 | 5,063        |               |              |             |               |
|     field_delta_term       | uniform_move_hls.cpp:102 |   634        |               |              |             |               |
|     edge_index             | uniform_move_hls.cpp:64  |    18        |               |              |             |               |
|     pair_delta_term        | uniform_move_hls.cpp:111 |   637        |               |              |             |               |
|   + tree_sum<528>          | uniform_move_hls.cpp:76  | 3,625        |               |              |             |               |
|    + tree_sum<264>         | uniform_move_hls.cpp:76  | 3,263        |               |              |             |               |
|     + tree_sum<132>        | uniform_move_hls.cpp:76  | 2,901        |               |              |             |               |
|      + tree_sum<66>        | uniform_move_hls.cpp:76  | 2,539        |               |              |             |               |
|       + tree_sum<33>       | uniform_move_hls.cpp:76  | 2,177        |               |              |             |               |
|        + tree_sum<17>      | uniform_move_hls.cpp:76  | 1,815        |               |              |             |               |
|         + tree_sum<9>      | uniform_move_hls.cpp:76  | 1,453        |               |              |             |               |
|          + tree_sum<5>     | uniform_move_hls.cpp:76  | 1,091        |               |              |             |               |
|           + tree_sum<3>    | uniform_move_hls.cpp:76  |   729        |               |              |             |               |
|            + tree_sum<2>   | uniform_move_hls.cpp:76  |   367        |               |              |             |               |
|               tree_sum<1>  | uniform_move_hls.cpp:76  |     5        |               |              |             |               |
|    positive_part           | uniform_move_hls.cpp:157 |   614        |               |              |             |               |
|    chebyshev_g             | uniform_move_hls.cpp:169 | 7,626        |               |              |             |               |
+----------------------------+--------------------------+--------------+---------------+--------------+-------------+---------------+

* Design Size Message Settings
+---------------------------------------------+--------+------------------------------------------------------------------+
| Message Setting                             | Value  | Description                                                      |
+---------------------------------------------+--------+------------------------------------------------------------------+
| config_compile -design_size_maximum_warning | 100000 | Show a warning when total design instructions exceeds this value |
+---------------------------------------------+--------+------------------------------------------------------------------+


