

================================================================
== Synthesis Summary Report of 'uniform_metropolis_step'
================================================================
+ General Information: 
    * Date:           Tue May 19 20:36:25 2026
    * Version:        2025.2 (Build 6295257 on Nov 14 2025)
    * Project:        hls_uniform_metropolis_step_N16
    * Solution:       hls (Vivado IP Flow Target)
    * Product family: virtexuplus
    * Target device:  xcvu19p-fsva3824-2-e
    

* Performance & Resource Estimates: 
+---------------------------+------+---------------+----------+---------+------+----------+---------+---------+------+------+---------+------------+-------------+-----+
|          Modules          | Issue|               | Iteration|         | Trip |          |      Latency      |      |      |         |            |             |     |
|          & Loops          | Type | Violation Type|  Latency | Interval| Count| Pipelined| (cycles)|   (ns)  | Slack| BRAM |   DSP   |     FF     |     LUT     | URAM|
+---------------------------+------+---------------+----------+---------+------+----------+---------+---------+------+------+---------+------------+-------------+-----+
|+ uniform_metropolis_step  |     -|              -|         -|       75|     -|        no|       74|  246.642|  0.04|     -|  7 (~0%)|  9270 (~0%)|  19678 (~0%)|    -|
| + uniform_delta_energy    |     -|              -|         -|       62|     -|        no|       62|  206.646|  0.04|     -|        -|  2903 (~0%)|  18709 (~0%)|    -|
+---------------------------+------+---------------+----------+---------+------+----------+---------+---------+------+------+---------+------------+-------------+-----+
    Name Prefix: '+' for module, 'o' for loop, '*' for dataflow


================================================================
== HW Interfaces
================================================================
* Other Ports
+--------------+---------+-----------+----------+
| Port         | Mode    | Direction | Bitwidth |
+--------------+---------+-----------+----------+
| J_0_0        | ap_none | in        | 40       |
| J_0_1        | ap_none | in        | 40       |
| J_0_10       | ap_none | in        | 40       |
| J_0_11       | ap_none | in        | 40       |
| J_0_12       | ap_none | in        | 40       |
| J_0_13       | ap_none | in        | 40       |
| J_0_14       | ap_none | in        | 40       |
| J_0_15       | ap_none | in        | 40       |
| J_0_2        | ap_none | in        | 40       |
| J_0_3        | ap_none | in        | 40       |
| J_0_4        | ap_none | in        | 40       |
| J_0_5        | ap_none | in        | 40       |
| J_0_6        | ap_none | in        | 40       |
| J_0_7        | ap_none | in        | 40       |
| J_0_8        | ap_none | in        | 40       |
| J_0_9        | ap_none | in        | 40       |
| J_10_0       | ap_none | in        | 40       |
| J_10_1       | ap_none | in        | 40       |
| J_10_10      | ap_none | in        | 40       |
| J_10_11      | ap_none | in        | 40       |
| J_10_12      | ap_none | in        | 40       |
| J_10_13      | ap_none | in        | 40       |
| J_10_14      | ap_none | in        | 40       |
| J_10_15      | ap_none | in        | 40       |
| J_10_2       | ap_none | in        | 40       |
| J_10_3       | ap_none | in        | 40       |
| J_10_4       | ap_none | in        | 40       |
| J_10_5       | ap_none | in        | 40       |
| J_10_6       | ap_none | in        | 40       |
| J_10_7       | ap_none | in        | 40       |
| J_10_8       | ap_none | in        | 40       |
| J_10_9       | ap_none | in        | 40       |
| J_11_0       | ap_none | in        | 40       |
| J_11_1       | ap_none | in        | 40       |
| J_11_10      | ap_none | in        | 40       |
| J_11_11      | ap_none | in        | 40       |
| J_11_12      | ap_none | in        | 40       |
| J_11_13      | ap_none | in        | 40       |
| J_11_14      | ap_none | in        | 40       |
| J_11_15      | ap_none | in        | 40       |
| J_11_2       | ap_none | in        | 40       |
| J_11_3       | ap_none | in        | 40       |
| J_11_4       | ap_none | in        | 40       |
| J_11_5       | ap_none | in        | 40       |
| J_11_6       | ap_none | in        | 40       |
| J_11_7       | ap_none | in        | 40       |
| J_11_8       | ap_none | in        | 40       |
| J_11_9       | ap_none | in        | 40       |
| J_12_0       | ap_none | in        | 40       |
| J_12_1       | ap_none | in        | 40       |
| J_12_10      | ap_none | in        | 40       |
| J_12_11      | ap_none | in        | 40       |
| J_12_12      | ap_none | in        | 40       |
| J_12_13      | ap_none | in        | 40       |
| J_12_14      | ap_none | in        | 40       |
| J_12_15      | ap_none | in        | 40       |
| J_12_2       | ap_none | in        | 40       |
| J_12_3       | ap_none | in        | 40       |
| J_12_4       | ap_none | in        | 40       |
| J_12_5       | ap_none | in        | 40       |
| J_12_6       | ap_none | in        | 40       |
| J_12_7       | ap_none | in        | 40       |
| J_12_8       | ap_none | in        | 40       |
| J_12_9       | ap_none | in        | 40       |
| J_13_0       | ap_none | in        | 40       |
| J_13_1       | ap_none | in        | 40       |
| J_13_10      | ap_none | in        | 40       |
| J_13_11      | ap_none | in        | 40       |
| J_13_12      | ap_none | in        | 40       |
| J_13_13      | ap_none | in        | 40       |
| J_13_14      | ap_none | in        | 40       |
| J_13_15      | ap_none | in        | 40       |
| J_13_2       | ap_none | in        | 40       |
| J_13_3       | ap_none | in        | 40       |
| J_13_4       | ap_none | in        | 40       |
| J_13_5       | ap_none | in        | 40       |
| J_13_6       | ap_none | in        | 40       |
| J_13_7       | ap_none | in        | 40       |
| J_13_8       | ap_none | in        | 40       |
| J_13_9       | ap_none | in        | 40       |
| J_14_0       | ap_none | in        | 40       |
| J_14_1       | ap_none | in        | 40       |
| J_14_10      | ap_none | in        | 40       |
| J_14_11      | ap_none | in        | 40       |
| J_14_12      | ap_none | in        | 40       |
| J_14_13      | ap_none | in        | 40       |
| J_14_14      | ap_none | in        | 40       |
| J_14_15      | ap_none | in        | 40       |
| J_14_2       | ap_none | in        | 40       |
| J_14_3       | ap_none | in        | 40       |
| J_14_4       | ap_none | in        | 40       |
| J_14_5       | ap_none | in        | 40       |
| J_14_6       | ap_none | in        | 40       |
| J_14_7       | ap_none | in        | 40       |
| J_14_8       | ap_none | in        | 40       |
| J_14_9       | ap_none | in        | 40       |
| J_15_0       | ap_none | in        | 40       |
| J_15_1       | ap_none | in        | 40       |
| J_15_10      | ap_none | in        | 40       |
| J_15_11      | ap_none | in        | 40       |
| J_15_12      | ap_none | in        | 40       |
| J_15_13      | ap_none | in        | 40       |
| J_15_14      | ap_none | in        | 40       |
| J_15_15      | ap_none | in        | 40       |
| J_15_2       | ap_none | in        | 40       |
| J_15_3       | ap_none | in        | 40       |
| J_15_4       | ap_none | in        | 40       |
| J_15_5       | ap_none | in        | 40       |
| J_15_6       | ap_none | in        | 40       |
| J_15_7       | ap_none | in        | 40       |
| J_15_8       | ap_none | in        | 40       |
| J_15_9       | ap_none | in        | 40       |
| J_1_0        | ap_none | in        | 40       |
| J_1_1        | ap_none | in        | 40       |
| J_1_10       | ap_none | in        | 40       |
| J_1_11       | ap_none | in        | 40       |
| J_1_12       | ap_none | in        | 40       |
| J_1_13       | ap_none | in        | 40       |
| J_1_14       | ap_none | in        | 40       |
| J_1_15       | ap_none | in        | 40       |
| J_1_2        | ap_none | in        | 40       |
| J_1_3        | ap_none | in        | 40       |
| J_1_4        | ap_none | in        | 40       |
| J_1_5        | ap_none | in        | 40       |
| J_1_6        | ap_none | in        | 40       |
| J_1_7        | ap_none | in        | 40       |
| J_1_8        | ap_none | in        | 40       |
| J_1_9        | ap_none | in        | 40       |
| J_2_0        | ap_none | in        | 40       |
| J_2_1        | ap_none | in        | 40       |
| J_2_10       | ap_none | in        | 40       |
| J_2_11       | ap_none | in        | 40       |
| J_2_12       | ap_none | in        | 40       |
| J_2_13       | ap_none | in        | 40       |
| J_2_14       | ap_none | in        | 40       |
| J_2_15       | ap_none | in        | 40       |
| J_2_2        | ap_none | in        | 40       |
| J_2_3        | ap_none | in        | 40       |
| J_2_4        | ap_none | in        | 40       |
| J_2_5        | ap_none | in        | 40       |
| J_2_6        | ap_none | in        | 40       |
| J_2_7        | ap_none | in        | 40       |
| J_2_8        | ap_none | in        | 40       |
| J_2_9        | ap_none | in        | 40       |
| J_3_0        | ap_none | in        | 40       |
| J_3_1        | ap_none | in        | 40       |
| J_3_10       | ap_none | in        | 40       |
| J_3_11       | ap_none | in        | 40       |
| J_3_12       | ap_none | in        | 40       |
| J_3_13       | ap_none | in        | 40       |
| J_3_14       | ap_none | in        | 40       |
| J_3_15       | ap_none | in        | 40       |
| J_3_2        | ap_none | in        | 40       |
| J_3_3        | ap_none | in        | 40       |
| J_3_4        | ap_none | in        | 40       |
| J_3_5        | ap_none | in        | 40       |
| J_3_6        | ap_none | in        | 40       |
| J_3_7        | ap_none | in        | 40       |
| J_3_8        | ap_none | in        | 40       |
| J_3_9        | ap_none | in        | 40       |
| J_4_0        | ap_none | in        | 40       |
| J_4_1        | ap_none | in        | 40       |
| J_4_10       | ap_none | in        | 40       |
| J_4_11       | ap_none | in        | 40       |
| J_4_12       | ap_none | in        | 40       |
| J_4_13       | ap_none | in        | 40       |
| J_4_14       | ap_none | in        | 40       |
| J_4_15       | ap_none | in        | 40       |
| J_4_2        | ap_none | in        | 40       |
| J_4_3        | ap_none | in        | 40       |
| J_4_4        | ap_none | in        | 40       |
| J_4_5        | ap_none | in        | 40       |
| J_4_6        | ap_none | in        | 40       |
| J_4_7        | ap_none | in        | 40       |
| J_4_8        | ap_none | in        | 40       |
| J_4_9        | ap_none | in        | 40       |
| J_5_0        | ap_none | in        | 40       |
| J_5_1        | ap_none | in        | 40       |
| J_5_10       | ap_none | in        | 40       |
| J_5_11       | ap_none | in        | 40       |
| J_5_12       | ap_none | in        | 40       |
| J_5_13       | ap_none | in        | 40       |
| J_5_14       | ap_none | in        | 40       |
| J_5_15       | ap_none | in        | 40       |
| J_5_2        | ap_none | in        | 40       |
| J_5_3        | ap_none | in        | 40       |
| J_5_4        | ap_none | in        | 40       |
| J_5_5        | ap_none | in        | 40       |
| J_5_6        | ap_none | in        | 40       |
| J_5_7        | ap_none | in        | 40       |
| J_5_8        | ap_none | in        | 40       |
| J_5_9        | ap_none | in        | 40       |
| J_6_0        | ap_none | in        | 40       |
| J_6_1        | ap_none | in        | 40       |
| J_6_10       | ap_none | in        | 40       |
| J_6_11       | ap_none | in        | 40       |
| J_6_12       | ap_none | in        | 40       |
| J_6_13       | ap_none | in        | 40       |
| J_6_14       | ap_none | in        | 40       |
| J_6_15       | ap_none | in        | 40       |
| J_6_2        | ap_none | in        | 40       |
| J_6_3        | ap_none | in        | 40       |
| J_6_4        | ap_none | in        | 40       |
| J_6_5        | ap_none | in        | 40       |
| J_6_6        | ap_none | in        | 40       |
| J_6_7        | ap_none | in        | 40       |
| J_6_8        | ap_none | in        | 40       |
| J_6_9        | ap_none | in        | 40       |
| J_7_0        | ap_none | in        | 40       |
| J_7_1        | ap_none | in        | 40       |
| J_7_10       | ap_none | in        | 40       |
| J_7_11       | ap_none | in        | 40       |
| J_7_12       | ap_none | in        | 40       |
| J_7_13       | ap_none | in        | 40       |
| J_7_14       | ap_none | in        | 40       |
| J_7_15       | ap_none | in        | 40       |
| J_7_2        | ap_none | in        | 40       |
| J_7_3        | ap_none | in        | 40       |
| J_7_4        | ap_none | in        | 40       |
| J_7_5        | ap_none | in        | 40       |
| J_7_6        | ap_none | in        | 40       |
| J_7_7        | ap_none | in        | 40       |
| J_7_8        | ap_none | in        | 40       |
| J_7_9        | ap_none | in        | 40       |
| J_8_0        | ap_none | in        | 40       |
| J_8_1        | ap_none | in        | 40       |
| J_8_10       | ap_none | in        | 40       |
| J_8_11       | ap_none | in        | 40       |
| J_8_12       | ap_none | in        | 40       |
| J_8_13       | ap_none | in        | 40       |
| J_8_14       | ap_none | in        | 40       |
| J_8_15       | ap_none | in        | 40       |
| J_8_2        | ap_none | in        | 40       |
| J_8_3        | ap_none | in        | 40       |
| J_8_4        | ap_none | in        | 40       |
| J_8_5        | ap_none | in        | 40       |
| J_8_6        | ap_none | in        | 40       |
| J_8_7        | ap_none | in        | 40       |
| J_8_8        | ap_none | in        | 40       |
| J_8_9        | ap_none | in        | 40       |
| J_9_0        | ap_none | in        | 40       |
| J_9_1        | ap_none | in        | 40       |
| J_9_10       | ap_none | in        | 40       |
| J_9_11       | ap_none | in        | 40       |
| J_9_12       | ap_none | in        | 40       |
| J_9_13       | ap_none | in        | 40       |
| J_9_14       | ap_none | in        | 40       |
| J_9_15       | ap_none | in        | 40       |
| J_9_2        | ap_none | in        | 40       |
| J_9_3        | ap_none | in        | 40       |
| J_9_4        | ap_none | in        | 40       |
| J_9_5        | ap_none | in        | 40       |
| J_9_6        | ap_none | in        | 40       |
| J_9_7        | ap_none | in        | 40       |
| J_9_8        | ap_none | in        | 40       |
| J_9_9        | ap_none | in        | 40       |
| accepted     | ap_vld  | out       | 1        |
| beta         | ap_none | in        | 40       |
| delta_energy | ap_vld  | out       | 40       |
| h_0          | ap_none | in        | 40       |
| h_1          | ap_none | in        | 40       |
| h_10         | ap_none | in        | 40       |
| h_11         | ap_none | in        | 40       |
| h_12         | ap_none | in        | 40       |
| h_13         | ap_none | in        | 40       |
| h_14         | ap_none | in        | 40       |
| h_15         | ap_none | in        | 40       |
| h_2          | ap_none | in        | 40       |
| h_3          | ap_none | in        | 40       |
| h_4          | ap_none | in        | 40       |
| h_5          | ap_none | in        | 40       |
| h_6          | ap_none | in        | 40       |
| h_7          | ap_none | in        | 40       |
| h_8          | ap_none | in        | 40       |
| h_9          | ap_none | in        | 40       |
| new_energy   | ap_vld  | out       | 40       |
| old_energy   | ap_none | in        | 40       |
| u            | ap_none | in        | 40       |
| y_0          | ap_none | in        | 1        |
| y_1          | ap_none | in        | 1        |
| y_10         | ap_none | in        | 1        |
| y_11         | ap_none | in        | 1        |
| y_12         | ap_none | in        | 1        |
| y_13         | ap_none | in        | 1        |
| y_14         | ap_none | in        | 1        |
| y_15         | ap_none | in        | 1        |
| y_2          | ap_none | in        | 1        |
| y_3          | ap_none | in        | 1        |
| y_4          | ap_none | in        | 1        |
| y_5          | ap_none | in        | 1        |
| y_6          | ap_none | in        | 1        |
| y_7          | ap_none | in        | 1        |
| y_8          | ap_none | in        | 1        |
| y_9          | ap_none | in        | 1        |
+--------------+---------+-----------+----------+

* TOP LEVEL CONTROL
+-----------+------------+-----------------------------------+
| Interface | Type       | Ports                             |
+-----------+------------+-----------------------------------+
| ap_clk    | clock      | ap_clk                            |
| ap_rst    | reset      | ap_rst                            |
| ap_ctrl   | ap_ctrl_hs | ap_done ap_idle ap_ready ap_start |
+-----------+------------+-----------------------------------+


================================================================
== SW I/O Information
================================================================
* Top Function Arguments
+--------------+-----------+---------------------------------------------------------+
| Argument     | Direction | Datatype                                                |
+--------------+-----------+---------------------------------------------------------+
| J            | in        | ap_fixed<40, 16, (ap_q_mode)5, (ap_o_mode)3, 0> const * |
| h            | in        | ap_fixed<40, 16, (ap_q_mode)5, (ap_o_mode)3, 0> const * |
| y            | in        | bool const *                                            |
| old_energy   | in        | ap_fixed<40, 16, (ap_q_mode)5, (ap_o_mode)3, 0>         |
| beta         | in        | ap_fixed<40, 16, (ap_q_mode)5, (ap_o_mode)3, 0>         |
| u            | in        | ap_ufixed<40, 1, (ap_q_mode)5, (ap_o_mode)3, 0>         |
| accepted     | out       | bool*                                                   |
| delta_energy | out       | ap_fixed<40, 16, (ap_q_mode)5, (ap_o_mode)3, 0>*        |
| new_energy   | out       | ap_fixed<40, 16, (ap_q_mode)5, (ap_o_mode)3, 0>*        |
+--------------+-----------+---------------------------------------------------------+

* SW-to-HW Mapping
+--------------+---------------------+---------+
| Argument     | HW Interface        | HW Type |
+--------------+---------------------+---------+
| J            | J_0_0               | port    |
| J            | J_0_1               | port    |
| J            | J_0_2               | port    |
| J            | J_0_3               | port    |
| J            | J_0_4               | port    |
| J            | J_0_5               | port    |
| J            | J_0_6               | port    |
| J            | J_0_7               | port    |
| J            | J_0_8               | port    |
| J            | J_0_9               | port    |
| J            | J_0_10              | port    |
| J            | J_0_11              | port    |
| J            | J_0_12              | port    |
| J            | J_0_13              | port    |
| J            | J_0_14              | port    |
| J            | J_0_15              | port    |
| J            | J_1_0               | port    |
| J            | J_1_1               | port    |
| J            | J_1_2               | port    |
| J            | J_1_3               | port    |
| J            | J_1_4               | port    |
| J            | J_1_5               | port    |
| J            | J_1_6               | port    |
| J            | J_1_7               | port    |
| J            | J_1_8               | port    |
| J            | J_1_9               | port    |
| J            | J_1_10              | port    |
| J            | J_1_11              | port    |
| J            | J_1_12              | port    |
| J            | J_1_13              | port    |
| J            | J_1_14              | port    |
| J            | J_1_15              | port    |
| J            | J_2_0               | port    |
| J            | J_2_1               | port    |
| J            | J_2_2               | port    |
| J            | J_2_3               | port    |
| J            | J_2_4               | port    |
| J            | J_2_5               | port    |
| J            | J_2_6               | port    |
| J            | J_2_7               | port    |
| J            | J_2_8               | port    |
| J            | J_2_9               | port    |
| J            | J_2_10              | port    |
| J            | J_2_11              | port    |
| J            | J_2_12              | port    |
| J            | J_2_13              | port    |
| J            | J_2_14              | port    |
| J            | J_2_15              | port    |
| J            | J_3_0               | port    |
| J            | J_3_1               | port    |
| J            | J_3_2               | port    |
| J            | J_3_3               | port    |
| J            | J_3_4               | port    |
| J            | J_3_5               | port    |
| J            | J_3_6               | port    |
| J            | J_3_7               | port    |
| J            | J_3_8               | port    |
| J            | J_3_9               | port    |
| J            | J_3_10              | port    |
| J            | J_3_11              | port    |
| J            | J_3_12              | port    |
| J            | J_3_13              | port    |
| J            | J_3_14              | port    |
| J            | J_3_15              | port    |
| J            | J_4_0               | port    |
| J            | J_4_1               | port    |
| J            | J_4_2               | port    |
| J            | J_4_3               | port    |
| J            | J_4_4               | port    |
| J            | J_4_5               | port    |
| J            | J_4_6               | port    |
| J            | J_4_7               | port    |
| J            | J_4_8               | port    |
| J            | J_4_9               | port    |
| J            | J_4_10              | port    |
| J            | J_4_11              | port    |
| J            | J_4_12              | port    |
| J            | J_4_13              | port    |
| J            | J_4_14              | port    |
| J            | J_4_15              | port    |
| J            | J_5_0               | port    |
| J            | J_5_1               | port    |
| J            | J_5_2               | port    |
| J            | J_5_3               | port    |
| J            | J_5_4               | port    |
| J            | J_5_5               | port    |
| J            | J_5_6               | port    |
| J            | J_5_7               | port    |
| J            | J_5_8               | port    |
| J            | J_5_9               | port    |
| J            | J_5_10              | port    |
| J            | J_5_11              | port    |
| J            | J_5_12              | port    |
| J            | J_5_13              | port    |
| J            | J_5_14              | port    |
| J            | J_5_15              | port    |
| J            | J_6_0               | port    |
| J            | J_6_1               | port    |
| J            | J_6_2               | port    |
| J            | J_6_3               | port    |
| J            | J_6_4               | port    |
| J            | J_6_5               | port    |
| J            | J_6_6               | port    |
| J            | J_6_7               | port    |
| J            | J_6_8               | port    |
| J            | J_6_9               | port    |
| J            | J_6_10              | port    |
| J            | J_6_11              | port    |
| J            | J_6_12              | port    |
| J            | J_6_13              | port    |
| J            | J_6_14              | port    |
| J            | J_6_15              | port    |
| J            | J_7_0               | port    |
| J            | J_7_1               | port    |
| J            | J_7_2               | port    |
| J            | J_7_3               | port    |
| J            | J_7_4               | port    |
| J            | J_7_5               | port    |
| J            | J_7_6               | port    |
| J            | J_7_7               | port    |
| J            | J_7_8               | port    |
| J            | J_7_9               | port    |
| J            | J_7_10              | port    |
| J            | J_7_11              | port    |
| J            | J_7_12              | port    |
| J            | J_7_13              | port    |
| J            | J_7_14              | port    |
| J            | J_7_15              | port    |
| J            | J_8_0               | port    |
| J            | J_8_1               | port    |
| J            | J_8_2               | port    |
| J            | J_8_3               | port    |
| J            | J_8_4               | port    |
| J            | J_8_5               | port    |
| J            | J_8_6               | port    |
| J            | J_8_7               | port    |
| J            | J_8_8               | port    |
| J            | J_8_9               | port    |
| J            | J_8_10              | port    |
| J            | J_8_11              | port    |
| J            | J_8_12              | port    |
| J            | J_8_13              | port    |
| J            | J_8_14              | port    |
| J            | J_8_15              | port    |
| J            | J_9_0               | port    |
| J            | J_9_1               | port    |
| J            | J_9_2               | port    |
| J            | J_9_3               | port    |
| J            | J_9_4               | port    |
| J            | J_9_5               | port    |
| J            | J_9_6               | port    |
| J            | J_9_7               | port    |
| J            | J_9_8               | port    |
| J            | J_9_9               | port    |
| J            | J_9_10              | port    |
| J            | J_9_11              | port    |
| J            | J_9_12              | port    |
| J            | J_9_13              | port    |
| J            | J_9_14              | port    |
| J            | J_9_15              | port    |
| J            | J_10_0              | port    |
| J            | J_10_1              | port    |
| J            | J_10_2              | port    |
| J            | J_10_3              | port    |
| J            | J_10_4              | port    |
| J            | J_10_5              | port    |
| J            | J_10_6              | port    |
| J            | J_10_7              | port    |
| J            | J_10_8              | port    |
| J            | J_10_9              | port    |
| J            | J_10_10             | port    |
| J            | J_10_11             | port    |
| J            | J_10_12             | port    |
| J            | J_10_13             | port    |
| J            | J_10_14             | port    |
| J            | J_10_15             | port    |
| J            | J_11_0              | port    |
| J            | J_11_1              | port    |
| J            | J_11_2              | port    |
| J            | J_11_3              | port    |
| J            | J_11_4              | port    |
| J            | J_11_5              | port    |
| J            | J_11_6              | port    |
| J            | J_11_7              | port    |
| J            | J_11_8              | port    |
| J            | J_11_9              | port    |
| J            | J_11_10             | port    |
| J            | J_11_11             | port    |
| J            | J_11_12             | port    |
| J            | J_11_13             | port    |
| J            | J_11_14             | port    |
| J            | J_11_15             | port    |
| J            | J_12_0              | port    |
| J            | J_12_1              | port    |
| J            | J_12_2              | port    |
| J            | J_12_3              | port    |
| J            | J_12_4              | port    |
| J            | J_12_5              | port    |
| J            | J_12_6              | port    |
| J            | J_12_7              | port    |
| J            | J_12_8              | port    |
| J            | J_12_9              | port    |
| J            | J_12_10             | port    |
| J            | J_12_11             | port    |
| J            | J_12_12             | port    |
| J            | J_12_13             | port    |
| J            | J_12_14             | port    |
| J            | J_12_15             | port    |
| J            | J_13_0              | port    |
| J            | J_13_1              | port    |
| J            | J_13_2              | port    |
| J            | J_13_3              | port    |
| J            | J_13_4              | port    |
| J            | J_13_5              | port    |
| J            | J_13_6              | port    |
| J            | J_13_7              | port    |
| J            | J_13_8              | port    |
| J            | J_13_9              | port    |
| J            | J_13_10             | port    |
| J            | J_13_11             | port    |
| J            | J_13_12             | port    |
| J            | J_13_13             | port    |
| J            | J_13_14             | port    |
| J            | J_13_15             | port    |
| J            | J_14_0              | port    |
| J            | J_14_1              | port    |
| J            | J_14_2              | port    |
| J            | J_14_3              | port    |
| J            | J_14_4              | port    |
| J            | J_14_5              | port    |
| J            | J_14_6              | port    |
| J            | J_14_7              | port    |
| J            | J_14_8              | port    |
| J            | J_14_9              | port    |
| J            | J_14_10             | port    |
| J            | J_14_11             | port    |
| J            | J_14_12             | port    |
| J            | J_14_13             | port    |
| J            | J_14_14             | port    |
| J            | J_14_15             | port    |
| J            | J_15_0              | port    |
| J            | J_15_1              | port    |
| J            | J_15_2              | port    |
| J            | J_15_3              | port    |
| J            | J_15_4              | port    |
| J            | J_15_5              | port    |
| J            | J_15_6              | port    |
| J            | J_15_7              | port    |
| J            | J_15_8              | port    |
| J            | J_15_9              | port    |
| J            | J_15_10             | port    |
| J            | J_15_11             | port    |
| J            | J_15_12             | port    |
| J            | J_15_13             | port    |
| J            | J_15_14             | port    |
| J            | J_15_15             | port    |
| h            | h_0                 | port    |
| h            | h_1                 | port    |
| h            | h_2                 | port    |
| h            | h_3                 | port    |
| h            | h_4                 | port    |
| h            | h_5                 | port    |
| h            | h_6                 | port    |
| h            | h_7                 | port    |
| h            | h_8                 | port    |
| h            | h_9                 | port    |
| h            | h_10                | port    |
| h            | h_11                | port    |
| h            | h_12                | port    |
| h            | h_13                | port    |
| h            | h_14                | port    |
| h            | h_15                | port    |
| y            | y_0                 | port    |
| y            | y_1                 | port    |
| y            | y_2                 | port    |
| y            | y_3                 | port    |
| y            | y_4                 | port    |
| y            | y_5                 | port    |
| y            | y_6                 | port    |
| y            | y_7                 | port    |
| y            | y_8                 | port    |
| y            | y_9                 | port    |
| y            | y_10                | port    |
| y            | y_11                | port    |
| y            | y_12                | port    |
| y            | y_13                | port    |
| y            | y_14                | port    |
| y            | y_15                | port    |
| old_energy   | old_energy          | port    |
| beta         | beta                | port    |
| u            | u                   | port    |
| accepted     | accepted            | port    |
| accepted     | accepted_ap_vld     | port    |
| delta_energy | delta_energy        | port    |
| delta_energy | delta_energy_ap_vld | port    |
| new_energy   | new_energy          | port    |
| new_energy   | new_energy_ap_vld   | port    |
+--------------+---------------------+---------+


================================================================
== Bind Op Report
================================================================
+-----------------------------+-----+--------+---------------+-----------+------------------------+---------+
| Name                        | DSP | Pragma | Variable      | Op        | Impl                   | Latency |
+-----------------------------+-----+--------+---------------+-----------+------------------------+---------+
| + uniform_metropolis_step   | 7   |        |               |           |                        |         |
|   icmp_ln116_fu_2021_p2     |     |        | icmp_ln116    | setlt     | auto                   | 0       |
|   mul_40ns_40s_64_2_1_U155  | 5   |        | mul_ln120     | mul       | auto                   | 1       |
|   icmp_ln59_fu_2073_p2      |     |        | icmp_ln59     | setlt     | auto                   | 0       |
|   sub_ln75_fu_2085_p2       |     |        | sub_ln75      | sub       | fabric                 | 0       |
|   sub_ln75_1_fu_2106_p2     |     |        | sub_ln75_1    | sub       | fabric                 | 0       |
|   select_ln75_fu_2118_p3    |     |        | select_ln75   | select    | auto_sel               | 0       |
|   sub_ln84_fu_2159_p2       |     |        | sub_ln84      | sub       | fabric                 | 0       |
|   add_ln87_fu_2169_p2       |     |        | add_ln87      | add       | fabric                 | 0       |
|   sub_ln89_fu_2205_p2       |     |        | sub_ln89      | sub       | fabric                 | 0       |
|   mul_26s_36s_60_2_1_U154   | 2   |        | mul_ln89      | mul       | auto                   | 1       |
|   add_ln89_fu_2241_p2       |     |        | add_ln89      | add       | fabric                 | 0       |
|   icmp_ln95_fu_2267_p2      |     |        | icmp_ln95     | setgt     | auto                   | 0       |
|   p_fu_2325_p4              |     |        | select_ln95   | select    | auto_sel               | 0       |
|   xor_ln59_fu_2303_p2       |     |        | xor_ln59      | xor       | auto                   | 0       |
|   icmp_ln63_fu_2101_p2      |     |        | icmp_ln63     | setlt     | auto                   | 0       |
|   icmp_ln91_fu_2273_p2      |     |        | icmp_ln91     | setgt     | auto                   | 0       |
|   and_ln91_fu_2308_p2       |     |        | and_ln91      | and       | auto                   | 0       |
|   and_ln91_1_fu_2313_p2     |     |        | and_ln91_1    | and       | auto                   | 0       |
|   sparsemux_7_2_40_1_1_U156 |     |        | p             | sparsemux | onehotencoding_realdef | 0       |
|   icmp_ln123_fu_2345_p2     |     |        | icmp_ln123    | setlt     | auto                   | 0       |
|   xor_ln123_fu_2350_p2      |     |        | xor_ln123     | xor       | auto                   | 0       |
|   add_ln280_fu_2357_p2      |     |        | add_ln280     | add       | fabric                 | 0       |
|  + uniform_delta_energy     | 0   |        |               |           |                        |         |
|    sub_ln42_fu_1230_p2      |     |        | sub_ln42      | sub       | fabric                 | 0       |
|    term_fu_1236_p3          |     |        | term          | select    | auto_sel               | 0       |
|    sub_ln42_1_fu_1244_p2    |     |        | sub_ln42_1    | sub       | fabric                 | 0       |
|    term_1_fu_1250_p3        |     |        | term_1        | select    | auto_sel               | 0       |
|    sub_ln42_2_fu_1258_p2    |     |        | sub_ln42_2    | sub       | fabric                 | 0       |
|    term_2_fu_1264_p3        |     |        | term_2        | select    | auto_sel               | 0       |
|    sub_ln42_3_fu_1272_p2    |     |        | sub_ln42_3    | sub       | fabric                 | 0       |
|    term_3_fu_1278_p3        |     |        | term_3        | select    | auto_sel               | 0       |
|    sub_ln42_4_fu_1286_p2    |     |        | sub_ln42_4    | sub       | fabric                 | 0       |
|    term_4_fu_1292_p3        |     |        | term_4        | select    | auto_sel               | 0       |
|    sub_ln42_5_fu_1300_p2    |     |        | sub_ln42_5    | sub       | fabric                 | 0       |
|    term_5_fu_1306_p3        |     |        | term_5        | select    | auto_sel               | 0       |
|    sub_ln42_6_fu_1314_p2    |     |        | sub_ln42_6    | sub       | fabric                 | 0       |
|    term_6_fu_1320_p3        |     |        | term_6        | select    | auto_sel               | 0       |
|    sub_ln42_7_fu_1428_p2    |     |        | sub_ln42_7    | sub       | fabric                 | 0       |
|    term_7_fu_1434_p3        |     |        | term_7        | select    | auto_sel               | 0       |
|    sub_ln42_8_fu_1442_p2    |     |        | sub_ln42_8    | sub       | fabric                 | 0       |
|    term_8_fu_1448_p3        |     |        | term_8        | select    | auto_sel               | 0       |
|    sub_ln42_9_fu_1328_p2    |     |        | sub_ln42_9    | sub       | fabric                 | 0       |
|    term_9_fu_1334_p3        |     |        | term_9        | select    | auto_sel               | 0       |
|    sub_ln42_10_fu_1342_p2   |     |        | sub_ln42_10   | sub       | fabric                 | 0       |
|    term_10_fu_1348_p3       |     |        | term_10       | select    | auto_sel               | 0       |
|    sub_ln42_11_fu_1356_p2   |     |        | sub_ln42_11   | sub       | fabric                 | 0       |
|    term_11_fu_1362_p3       |     |        | term_11       | select    | auto_sel               | 0       |
|    sub_ln42_12_fu_1370_p2   |     |        | sub_ln42_12   | sub       | fabric                 | 0       |
|    term_12_fu_1376_p3       |     |        | term_12       | select    | auto_sel               | 0       |
|    sub_ln42_13_fu_1456_p2   |     |        | sub_ln42_13   | sub       | fabric                 | 0       |
|    term_13_fu_1462_p3       |     |        | term_13       | select    | auto_sel               | 0       |
|    sub_ln42_14_fu_1470_p2   |     |        | sub_ln42_14   | sub       | fabric                 | 0       |
|    term_14_fu_1476_p3       |     |        | term_14       | select    | auto_sel               | 0       |
|    sub_ln42_15_fu_1384_p2   |     |        | sub_ln42_15   | sub       | fabric                 | 0       |
|    term_15_fu_1390_p3       |     |        | term_15       | select    | auto_sel               | 0       |
|    add_ln183_1_fu_1398_p2   |     |        | add_ln183_1   | add       | fabric                 | 0       |
|    add_ln183_4_fu_1404_p2   |     |        | add_ln183_4   | add       | fabric                 | 0       |
|    add_ln183_7_fu_1410_p2   |     |        | add_ln183_7   | add       | fabric                 | 0       |
|    add_ln183_8_fu_1416_p2   |     |        | add_ln183_8   | add       | fabric                 | 0       |
|    add_ln183_11_fu_1422_p2  |     |        | add_ln183_11  | add       | fabric                 | 0       |
|    xor_ln194_fu_1534_p2     |     |        | xor_ln194     | xor       | auto                   | 0       |
|    e_1_fu_1550_p2           |     |        | e_1           | sub       | fabric                 | 0       |
|    e_2_fu_1556_p3           |     |        | e_2           | select    | auto_sel               | 0       |
|    xor_ln194_1_fu_1564_p2   |     |        | xor_ln194_1   | xor       | auto                   | 0       |
|    e_3_fu_1568_p2           |     |        | e_3           | sub       | fabric                 | 0       |
|    e_4_fu_1573_p2           |     |        | e_4           | add       | fabric                 | 0       |
|    e_5_fu_1578_p3           |     |        | e_5           | select    | auto_sel               | 0       |
|    xor_ln194_2_fu_1586_p2   |     |        | xor_ln194_2   | xor       | auto                   | 0       |
|    e_6_fu_1590_p2           |     |        | e_6           | sub       | fabric                 | 0       |
|    e_7_fu_1596_p2           |     |        | e_7           | add       | fabric                 | 0       |
|    e_8_fu_1602_p3           |     |        | e_8           | select    | auto_sel               | 0       |
|    xor_ln194_3_fu_1610_p2   |     |        | xor_ln194_3   | xor       | auto                   | 0       |
|    e_9_fu_1614_p2           |     |        | e_9           | sub       | fabric                 | 0       |
|    e_10_fu_1619_p2          |     |        | e_10          | add       | fabric                 | 0       |
|    e_11_fu_1624_p3          |     |        | e_11          | select    | auto_sel               | 0       |
|    xor_ln194_4_fu_1632_p2   |     |        | xor_ln194_4   | xor       | auto                   | 0       |
|    e_12_fu_1636_p2          |     |        | e_12          | sub       | fabric                 | 0       |
|    e_13_fu_1642_p2          |     |        | e_13          | add       | fabric                 | 0       |
|    e_14_fu_1648_p3          |     |        | e_14          | select    | auto_sel               | 0       |
|    xor_ln194_5_fu_1656_p2   |     |        | xor_ln194_5   | xor       | auto                   | 0       |
|    e_15_fu_1660_p2          |     |        | e_15          | sub       | fabric                 | 0       |
|    e_16_fu_1665_p2          |     |        | e_16          | add       | fabric                 | 0       |
|    e_17_fu_1670_p3          |     |        | e_17          | select    | auto_sel               | 0       |
|    xor_ln194_6_fu_1678_p2   |     |        | xor_ln194_6   | xor       | auto                   | 0       |
|    e_18_fu_1682_p2          |     |        | e_18          | sub       | fabric                 | 0       |
|    e_19_fu_1688_p2          |     |        | e_19          | add       | fabric                 | 0       |
|    e_20_fu_1694_p3          |     |        | e_20          | select    | auto_sel               | 0       |
|    xor_ln194_7_fu_1702_p2   |     |        | xor_ln194_7   | xor       | auto                   | 0       |
|    e_21_fu_1706_p2          |     |        | e_21          | sub       | fabric                 | 0       |
|    e_22_fu_1711_p2          |     |        | e_22          | add       | fabric                 | 0       |
|    e_23_fu_1716_p3          |     |        | e_23          | select    | auto_sel               | 0       |
|    xor_ln194_8_fu_1724_p2   |     |        | xor_ln194_8   | xor       | auto                   | 0       |
|    e_24_fu_1728_p2          |     |        | e_24          | sub       | fabric                 | 0       |
|    e_25_fu_1734_p2          |     |        | e_25          | add       | fabric                 | 0       |
|    e_26_fu_1740_p3          |     |        | e_26          | select    | auto_sel               | 0       |
|    xor_ln194_9_fu_1748_p2   |     |        | xor_ln194_9   | xor       | auto                   | 0       |
|    e_27_fu_1752_p2          |     |        | e_27          | sub       | fabric                 | 0       |
|    e_28_fu_1757_p2          |     |        | e_28          | add       | fabric                 | 0       |
|    e_29_fu_1762_p3          |     |        | e_29          | select    | auto_sel               | 0       |
|    xor_ln194_10_fu_1770_p2  |     |        | xor_ln194_10  | xor       | auto                   | 0       |
|    e_30_fu_1774_p2          |     |        | e_30          | sub       | fabric                 | 0       |
|    e_31_fu_1780_p2          |     |        | e_31          | add       | fabric                 | 0       |
|    e_32_fu_1786_p3          |     |        | e_32          | select    | auto_sel               | 0       |
|    xor_ln194_11_fu_1794_p2  |     |        | xor_ln194_11  | xor       | auto                   | 0       |
|    e_33_fu_1798_p2          |     |        | e_33          | sub       | fabric                 | 0       |
|    e_34_fu_1803_p2          |     |        | e_34          | add       | fabric                 | 0       |
|    e_35_fu_1808_p3          |     |        | e_35          | select    | auto_sel               | 0       |
|    xor_ln194_12_fu_1816_p2  |     |        | xor_ln194_12  | xor       | auto                   | 0       |
|    e_36_fu_1820_p2          |     |        | e_36          | sub       | fabric                 | 0       |
|    e_37_fu_1826_p2          |     |        | e_37          | add       | fabric                 | 0       |
|    e_38_fu_1832_p3          |     |        | e_38          | select    | auto_sel               | 0       |
|    xor_ln194_13_fu_1840_p2  |     |        | xor_ln194_13  | xor       | auto                   | 0       |
|    e_39_fu_1844_p2          |     |        | e_39          | sub       | fabric                 | 0       |
|    e_40_fu_1849_p2          |     |        | e_40          | add       | fabric                 | 0       |
|    e_41_fu_1854_p3          |     |        | e_41          | select    | auto_sel               | 0       |
|    xor_ln194_14_fu_1862_p2  |     |        | xor_ln194_14  | xor       | auto                   | 0       |
|    e_42_fu_1866_p2          |     |        | e_42          | sub       | fabric                 | 0       |
|    e_43_fu_1872_p2          |     |        | e_43          | add       | fabric                 | 0       |
|    e_44_fu_1878_p3          |     |        | e_44          | select    | auto_sel               | 0       |
|    xor_ln194_15_fu_1886_p2  |     |        | xor_ln194_15  | xor       | auto                   | 0       |
|    e_45_fu_1890_p2          |     |        | e_45          | sub       | fabric                 | 0       |
|    e_46_fu_1895_p2          |     |        | e_46          | add       | fabric                 | 0       |
|    e_47_fu_1900_p3          |     |        | e_47          | select    | auto_sel               | 0       |
|    xor_ln194_16_fu_1908_p2  |     |        | xor_ln194_16  | xor       | auto                   | 0       |
|    e_48_fu_1912_p2          |     |        | e_48          | sub       | fabric                 | 0       |
|    e_49_fu_1918_p2          |     |        | e_49          | add       | fabric                 | 0       |
|    e_50_fu_1924_p3          |     |        | e_50          | select    | auto_sel               | 0       |
|    xor_ln194_17_fu_1932_p2  |     |        | xor_ln194_17  | xor       | auto                   | 0       |
|    e_51_fu_1936_p2          |     |        | e_51          | sub       | fabric                 | 0       |
|    e_52_fu_1941_p2          |     |        | e_52          | add       | fabric                 | 0       |
|    e_53_fu_1946_p3          |     |        | e_53          | select    | auto_sel               | 0       |
|    xor_ln194_18_fu_1954_p2  |     |        | xor_ln194_18  | xor       | auto                   | 0       |
|    e_54_fu_1958_p2          |     |        | e_54          | sub       | fabric                 | 0       |
|    e_55_fu_1964_p2          |     |        | e_55          | add       | fabric                 | 0       |
|    e_56_fu_1970_p3          |     |        | e_56          | select    | auto_sel               | 0       |
|    xor_ln194_19_fu_1978_p2  |     |        | xor_ln194_19  | xor       | auto                   | 0       |
|    e_57_fu_1982_p2          |     |        | e_57          | sub       | fabric                 | 0       |
|    e_58_fu_1987_p2          |     |        | e_58          | add       | fabric                 | 0       |
|    e_59_fu_1992_p3          |     |        | e_59          | select    | auto_sel               | 0       |
|    xor_ln194_20_fu_2000_p2  |     |        | xor_ln194_20  | xor       | auto                   | 0       |
|    e_60_fu_2004_p2          |     |        | e_60          | sub       | fabric                 | 0       |
|    e_61_fu_2010_p2          |     |        | e_61          | add       | fabric                 | 0       |
|    e_62_fu_2016_p3          |     |        | e_62          | select    | auto_sel               | 0       |
|    xor_ln194_21_fu_2024_p2  |     |        | xor_ln194_21  | xor       | auto                   | 0       |
|    e_63_fu_2028_p2          |     |        | e_63          | sub       | fabric                 | 0       |
|    e_64_fu_2033_p2          |     |        | e_64          | add       | fabric                 | 0       |
|    e_65_fu_2038_p3          |     |        | e_65          | select    | auto_sel               | 0       |
|    xor_ln194_22_fu_2046_p2  |     |        | xor_ln194_22  | xor       | auto                   | 0       |
|    e_66_fu_2050_p2          |     |        | e_66          | sub       | fabric                 | 0       |
|    e_67_fu_2056_p2          |     |        | e_67          | add       | fabric                 | 0       |
|    e_68_fu_2062_p3          |     |        | e_68          | select    | auto_sel               | 0       |
|    xor_ln194_23_fu_2070_p2  |     |        | xor_ln194_23  | xor       | auto                   | 0       |
|    e_69_fu_2074_p2          |     |        | e_69          | sub       | fabric                 | 0       |
|    e_70_fu_2079_p2          |     |        | e_70          | add       | fabric                 | 0       |
|    e_71_fu_2084_p3          |     |        | e_71          | select    | auto_sel               | 0       |
|    xor_ln194_24_fu_2092_p2  |     |        | xor_ln194_24  | xor       | auto                   | 0       |
|    e_72_fu_2096_p2          |     |        | e_72          | sub       | fabric                 | 0       |
|    e_73_fu_2102_p2          |     |        | e_73          | add       | fabric                 | 0       |
|    e_74_fu_2108_p3          |     |        | e_74          | select    | auto_sel               | 0       |
|    xor_ln194_25_fu_2116_p2  |     |        | xor_ln194_25  | xor       | auto                   | 0       |
|    e_75_fu_2120_p2          |     |        | e_75          | sub       | fabric                 | 0       |
|    e_76_fu_2125_p2          |     |        | e_76          | add       | fabric                 | 0       |
|    e_77_fu_2130_p3          |     |        | e_77          | select    | auto_sel               | 0       |
|    xor_ln194_26_fu_2138_p2  |     |        | xor_ln194_26  | xor       | auto                   | 0       |
|    e_78_fu_2142_p2          |     |        | e_78          | sub       | fabric                 | 0       |
|    e_79_fu_2148_p2          |     |        | e_79          | add       | fabric                 | 0       |
|    e_80_fu_2154_p3          |     |        | e_80          | select    | auto_sel               | 0       |
|    xor_ln194_27_fu_2162_p2  |     |        | xor_ln194_27  | xor       | auto                   | 0       |
|    e_81_fu_2166_p2          |     |        | e_81          | sub       | fabric                 | 0       |
|    e_82_fu_2171_p2          |     |        | e_82          | add       | fabric                 | 0       |
|    e_83_fu_2176_p3          |     |        | e_83          | select    | auto_sel               | 0       |
|    xor_ln194_28_fu_2184_p2  |     |        | xor_ln194_28  | xor       | auto                   | 0       |
|    e_84_fu_2188_p2          |     |        | e_84          | sub       | fabric                 | 0       |
|    e_85_fu_2194_p2          |     |        | e_85          | add       | fabric                 | 0       |
|    e_86_fu_2200_p3          |     |        | e_86          | select    | auto_sel               | 0       |
|    xor_ln194_29_fu_2208_p2  |     |        | xor_ln194_29  | xor       | auto                   | 0       |
|    e_87_fu_2212_p2          |     |        | e_87          | sub       | fabric                 | 0       |
|    e_88_fu_2217_p2          |     |        | e_88          | add       | fabric                 | 0       |
|    e_89_fu_2222_p3          |     |        | e_89          | select    | auto_sel               | 0       |
|    xor_ln194_30_fu_2230_p2  |     |        | xor_ln194_30  | xor       | auto                   | 0       |
|    e_90_fu_2234_p2          |     |        | e_90          | sub       | fabric                 | 0       |
|    e_91_fu_2240_p2          |     |        | e_91          | add       | fabric                 | 0       |
|    e_92_fu_2246_p3          |     |        | e_92          | select    | auto_sel               | 0       |
|    xor_ln194_31_fu_2254_p2  |     |        | xor_ln194_31  | xor       | auto                   | 0       |
|    e_93_fu_2258_p2          |     |        | e_93          | sub       | fabric                 | 0       |
|    e_94_fu_2263_p2          |     |        | e_94          | add       | fabric                 | 0       |
|    e_95_fu_2268_p3          |     |        | e_95          | select    | auto_sel               | 0       |
|    xor_ln194_32_fu_2276_p2  |     |        | xor_ln194_32  | xor       | auto                   | 0       |
|    e_96_fu_2280_p2          |     |        | e_96          | sub       | fabric                 | 0       |
|    e_97_fu_2286_p2          |     |        | e_97          | add       | fabric                 | 0       |
|    e_98_fu_2292_p3          |     |        | e_98          | select    | auto_sel               | 0       |
|    xor_ln194_33_fu_2300_p2  |     |        | xor_ln194_33  | xor       | auto                   | 0       |
|    e_99_fu_2304_p2          |     |        | e_99          | sub       | fabric                 | 0       |
|    e_100_fu_2309_p2         |     |        | e_100         | add       | fabric                 | 0       |
|    e_101_fu_2314_p3         |     |        | e_101         | select    | auto_sel               | 0       |
|    xor_ln194_34_fu_2322_p2  |     |        | xor_ln194_34  | xor       | auto                   | 0       |
|    e_102_fu_2326_p2         |     |        | e_102         | sub       | fabric                 | 0       |
|    e_103_fu_2332_p2         |     |        | e_103         | add       | fabric                 | 0       |
|    e_104_fu_2338_p3         |     |        | e_104         | select    | auto_sel               | 0       |
|    xor_ln194_35_fu_2346_p2  |     |        | xor_ln194_35  | xor       | auto                   | 0       |
|    e_105_fu_2350_p2         |     |        | e_105         | sub       | fabric                 | 0       |
|    e_106_fu_2355_p2         |     |        | e_106         | add       | fabric                 | 0       |
|    e_107_fu_2360_p3         |     |        | e_107         | select    | auto_sel               | 0       |
|    xor_ln194_36_fu_2368_p2  |     |        | xor_ln194_36  | xor       | auto                   | 0       |
|    e_108_fu_2372_p2         |     |        | e_108         | sub       | fabric                 | 0       |
|    e_109_fu_2378_p2         |     |        | e_109         | add       | fabric                 | 0       |
|    e_110_fu_2384_p3         |     |        | e_110         | select    | auto_sel               | 0       |
|    xor_ln194_37_fu_2392_p2  |     |        | xor_ln194_37  | xor       | auto                   | 0       |
|    e_111_fu_2396_p2         |     |        | e_111         | sub       | fabric                 | 0       |
|    e_112_fu_2401_p2         |     |        | e_112         | add       | fabric                 | 0       |
|    e_113_fu_2406_p3         |     |        | e_113         | select    | auto_sel               | 0       |
|    xor_ln194_38_fu_2414_p2  |     |        | xor_ln194_38  | xor       | auto                   | 0       |
|    e_114_fu_2418_p2         |     |        | e_114         | sub       | fabric                 | 0       |
|    e_115_fu_2424_p2         |     |        | e_115         | add       | fabric                 | 0       |
|    e_116_fu_2430_p3         |     |        | e_116         | select    | auto_sel               | 0       |
|    xor_ln194_39_fu_2438_p2  |     |        | xor_ln194_39  | xor       | auto                   | 0       |
|    e_117_fu_2442_p2         |     |        | e_117         | sub       | fabric                 | 0       |
|    e_118_fu_2447_p2         |     |        | e_118         | add       | fabric                 | 0       |
|    e_119_fu_2452_p3         |     |        | e_119         | select    | auto_sel               | 0       |
|    xor_ln194_40_fu_2460_p2  |     |        | xor_ln194_40  | xor       | auto                   | 0       |
|    e_120_fu_2464_p2         |     |        | e_120         | sub       | fabric                 | 0       |
|    e_121_fu_2470_p2         |     |        | e_121         | add       | fabric                 | 0       |
|    e_122_fu_2476_p3         |     |        | e_122         | select    | auto_sel               | 0       |
|    xor_ln194_41_fu_2484_p2  |     |        | xor_ln194_41  | xor       | auto                   | 0       |
|    e_123_fu_2488_p2         |     |        | e_123         | sub       | fabric                 | 0       |
|    e_124_fu_2493_p2         |     |        | e_124         | add       | fabric                 | 0       |
|    e_125_fu_2498_p3         |     |        | e_125         | select    | auto_sel               | 0       |
|    xor_ln194_42_fu_2506_p2  |     |        | xor_ln194_42  | xor       | auto                   | 0       |
|    e_126_fu_2510_p2         |     |        | e_126         | sub       | fabric                 | 0       |
|    e_127_fu_2516_p2         |     |        | e_127         | add       | fabric                 | 0       |
|    e_128_fu_2522_p3         |     |        | e_128         | select    | auto_sel               | 0       |
|    xor_ln194_43_fu_2530_p2  |     |        | xor_ln194_43  | xor       | auto                   | 0       |
|    e_129_fu_2534_p2         |     |        | e_129         | sub       | fabric                 | 0       |
|    e_130_fu_2539_p2         |     |        | e_130         | add       | fabric                 | 0       |
|    e_131_fu_2544_p3         |     |        | e_131         | select    | auto_sel               | 0       |
|    xor_ln194_44_fu_2552_p2  |     |        | xor_ln194_44  | xor       | auto                   | 0       |
|    e_132_fu_2556_p2         |     |        | e_132         | sub       | fabric                 | 0       |
|    e_133_fu_2562_p2         |     |        | e_133         | add       | fabric                 | 0       |
|    e_134_fu_2568_p3         |     |        | e_134         | select    | auto_sel               | 0       |
|    xor_ln194_45_fu_2576_p2  |     |        | xor_ln194_45  | xor       | auto                   | 0       |
|    e_135_fu_2580_p2         |     |        | e_135         | sub       | fabric                 | 0       |
|    e_136_fu_2585_p2         |     |        | e_136         | add       | fabric                 | 0       |
|    e_137_fu_2590_p3         |     |        | e_137         | select    | auto_sel               | 0       |
|    xor_ln194_46_fu_2598_p2  |     |        | xor_ln194_46  | xor       | auto                   | 0       |
|    e_138_fu_2602_p2         |     |        | e_138         | sub       | fabric                 | 0       |
|    e_139_fu_2608_p2         |     |        | e_139         | add       | fabric                 | 0       |
|    e_140_fu_2614_p3         |     |        | e_140         | select    | auto_sel               | 0       |
|    xor_ln194_47_fu_2622_p2  |     |        | xor_ln194_47  | xor       | auto                   | 0       |
|    e_141_fu_2626_p2         |     |        | e_141         | sub       | fabric                 | 0       |
|    e_142_fu_2631_p2         |     |        | e_142         | add       | fabric                 | 0       |
|    e_143_fu_2636_p3         |     |        | e_143         | select    | auto_sel               | 0       |
|    xor_ln194_48_fu_2644_p2  |     |        | xor_ln194_48  | xor       | auto                   | 0       |
|    e_144_fu_2648_p2         |     |        | e_144         | sub       | fabric                 | 0       |
|    e_145_fu_2654_p2         |     |        | e_145         | add       | fabric                 | 0       |
|    e_146_fu_2660_p3         |     |        | e_146         | select    | auto_sel               | 0       |
|    xor_ln194_49_fu_2668_p2  |     |        | xor_ln194_49  | xor       | auto                   | 0       |
|    e_147_fu_2672_p2         |     |        | e_147         | sub       | fabric                 | 0       |
|    e_148_fu_2677_p2         |     |        | e_148         | add       | fabric                 | 0       |
|    e_149_fu_2682_p3         |     |        | e_149         | select    | auto_sel               | 0       |
|    xor_ln194_50_fu_2690_p2  |     |        | xor_ln194_50  | xor       | auto                   | 0       |
|    e_150_fu_2694_p2         |     |        | e_150         | sub       | fabric                 | 0       |
|    e_151_fu_2700_p2         |     |        | e_151         | add       | fabric                 | 0       |
|    e_152_fu_2706_p3         |     |        | e_152         | select    | auto_sel               | 0       |
|    xor_ln194_51_fu_2714_p2  |     |        | xor_ln194_51  | xor       | auto                   | 0       |
|    e_153_fu_2718_p2         |     |        | e_153         | sub       | fabric                 | 0       |
|    e_154_fu_2723_p2         |     |        | e_154         | add       | fabric                 | 0       |
|    e_155_fu_2728_p3         |     |        | e_155         | select    | auto_sel               | 0       |
|    xor_ln194_52_fu_2736_p2  |     |        | xor_ln194_52  | xor       | auto                   | 0       |
|    e_156_fu_2740_p2         |     |        | e_156         | sub       | fabric                 | 0       |
|    e_157_fu_2746_p2         |     |        | e_157         | add       | fabric                 | 0       |
|    e_158_fu_2752_p3         |     |        | e_158         | select    | auto_sel               | 0       |
|    xor_ln194_53_fu_2760_p2  |     |        | xor_ln194_53  | xor       | auto                   | 0       |
|    e_159_fu_2764_p2         |     |        | e_159         | sub       | fabric                 | 0       |
|    e_160_fu_2769_p2         |     |        | e_160         | add       | fabric                 | 0       |
|    e_161_fu_2774_p3         |     |        | e_161         | select    | auto_sel               | 0       |
|    xor_ln194_54_fu_2782_p2  |     |        | xor_ln194_54  | xor       | auto                   | 0       |
|    e_162_fu_2786_p2         |     |        | e_162         | sub       | fabric                 | 0       |
|    e_163_fu_2792_p2         |     |        | e_163         | add       | fabric                 | 0       |
|    e_164_fu_2798_p3         |     |        | e_164         | select    | auto_sel               | 0       |
|    xor_ln194_55_fu_2806_p2  |     |        | xor_ln194_55  | xor       | auto                   | 0       |
|    e_165_fu_2810_p2         |     |        | e_165         | sub       | fabric                 | 0       |
|    e_166_fu_2815_p2         |     |        | e_166         | add       | fabric                 | 0       |
|    e_167_fu_2820_p3         |     |        | e_167         | select    | auto_sel               | 0       |
|    xor_ln194_56_fu_2828_p2  |     |        | xor_ln194_56  | xor       | auto                   | 0       |
|    e_168_fu_2832_p2         |     |        | e_168         | sub       | fabric                 | 0       |
|    e_169_fu_2838_p2         |     |        | e_169         | add       | fabric                 | 0       |
|    e_170_fu_2844_p3         |     |        | e_170         | select    | auto_sel               | 0       |
|    xor_ln194_57_fu_2852_p2  |     |        | xor_ln194_57  | xor       | auto                   | 0       |
|    e_171_fu_2856_p2         |     |        | e_171         | sub       | fabric                 | 0       |
|    e_172_fu_2861_p2         |     |        | e_172         | add       | fabric                 | 0       |
|    e_173_fu_2866_p3         |     |        | e_173         | select    | auto_sel               | 0       |
|    xor_ln194_58_fu_2874_p2  |     |        | xor_ln194_58  | xor       | auto                   | 0       |
|    e_174_fu_2878_p2         |     |        | e_174         | sub       | fabric                 | 0       |
|    e_175_fu_2884_p2         |     |        | e_175         | add       | fabric                 | 0       |
|    e_176_fu_2890_p3         |     |        | e_176         | select    | auto_sel               | 0       |
|    xor_ln194_59_fu_2898_p2  |     |        | xor_ln194_59  | xor       | auto                   | 0       |
|    e_177_fu_2902_p2         |     |        | e_177         | sub       | fabric                 | 0       |
|    e_178_fu_2907_p2         |     |        | e_178         | add       | fabric                 | 0       |
|    e_179_fu_2912_p3         |     |        | e_179         | select    | auto_sel               | 0       |
|    xor_ln194_60_fu_2920_p2  |     |        | xor_ln194_60  | xor       | auto                   | 0       |
|    e_180_fu_2924_p2         |     |        | e_180         | sub       | fabric                 | 0       |
|    e_181_fu_2930_p2         |     |        | e_181         | add       | fabric                 | 0       |
|    e_182_fu_2936_p3         |     |        | e_182         | select    | auto_sel               | 0       |
|    xor_ln194_61_fu_2944_p2  |     |        | xor_ln194_61  | xor       | auto                   | 0       |
|    e_183_fu_2948_p2         |     |        | e_183         | sub       | fabric                 | 0       |
|    e_184_fu_2953_p2         |     |        | e_184         | add       | fabric                 | 0       |
|    e_185_fu_2958_p3         |     |        | e_185         | select    | auto_sel               | 0       |
|    xor_ln194_62_fu_2966_p2  |     |        | xor_ln194_62  | xor       | auto                   | 0       |
|    e_186_fu_2970_p2         |     |        | e_186         | sub       | fabric                 | 0       |
|    e_187_fu_2976_p2         |     |        | e_187         | add       | fabric                 | 0       |
|    e_188_fu_2982_p3         |     |        | e_188         | select    | auto_sel               | 0       |
|    xor_ln194_63_fu_2990_p2  |     |        | xor_ln194_63  | xor       | auto                   | 0       |
|    e_189_fu_2994_p2         |     |        | e_189         | sub       | fabric                 | 0       |
|    e_190_fu_2999_p2         |     |        | e_190         | add       | fabric                 | 0       |
|    e_191_fu_3004_p3         |     |        | e_191         | select    | auto_sel               | 0       |
|    xor_ln194_64_fu_3012_p2  |     |        | xor_ln194_64  | xor       | auto                   | 0       |
|    e_192_fu_3016_p2         |     |        | e_192         | sub       | fabric                 | 0       |
|    e_193_fu_3022_p2         |     |        | e_193         | add       | fabric                 | 0       |
|    e_194_fu_3028_p3         |     |        | e_194         | select    | auto_sel               | 0       |
|    xor_ln194_65_fu_3036_p2  |     |        | xor_ln194_65  | xor       | auto                   | 0       |
|    e_195_fu_3040_p2         |     |        | e_195         | sub       | fabric                 | 0       |
|    e_196_fu_3045_p2         |     |        | e_196         | add       | fabric                 | 0       |
|    e_197_fu_3050_p3         |     |        | e_197         | select    | auto_sel               | 0       |
|    xor_ln194_66_fu_3058_p2  |     |        | xor_ln194_66  | xor       | auto                   | 0       |
|    e_198_fu_3062_p2         |     |        | e_198         | sub       | fabric                 | 0       |
|    e_199_fu_3068_p2         |     |        | e_199         | add       | fabric                 | 0       |
|    e_200_fu_3074_p3         |     |        | e_200         | select    | auto_sel               | 0       |
|    xor_ln194_67_fu_3082_p2  |     |        | xor_ln194_67  | xor       | auto                   | 0       |
|    e_201_fu_3086_p2         |     |        | e_201         | sub       | fabric                 | 0       |
|    e_202_fu_3091_p2         |     |        | e_202         | add       | fabric                 | 0       |
|    e_203_fu_3096_p3         |     |        | e_203         | select    | auto_sel               | 0       |
|    xor_ln194_68_fu_3104_p2  |     |        | xor_ln194_68  | xor       | auto                   | 0       |
|    e_204_fu_3108_p2         |     |        | e_204         | sub       | fabric                 | 0       |
|    e_205_fu_3114_p2         |     |        | e_205         | add       | fabric                 | 0       |
|    e_206_fu_3120_p3         |     |        | e_206         | select    | auto_sel               | 0       |
|    xor_ln194_69_fu_3128_p2  |     |        | xor_ln194_69  | xor       | auto                   | 0       |
|    e_207_fu_3132_p2         |     |        | e_207         | sub       | fabric                 | 0       |
|    e_208_fu_3137_p2         |     |        | e_208         | add       | fabric                 | 0       |
|    e_209_fu_3142_p3         |     |        | e_209         | select    | auto_sel               | 0       |
|    xor_ln194_70_fu_3150_p2  |     |        | xor_ln194_70  | xor       | auto                   | 0       |
|    e_210_fu_3154_p2         |     |        | e_210         | sub       | fabric                 | 0       |
|    e_211_fu_3160_p2         |     |        | e_211         | add       | fabric                 | 0       |
|    e_212_fu_3166_p3         |     |        | e_212         | select    | auto_sel               | 0       |
|    xor_ln194_71_fu_3174_p2  |     |        | xor_ln194_71  | xor       | auto                   | 0       |
|    e_213_fu_3178_p2         |     |        | e_213         | sub       | fabric                 | 0       |
|    e_214_fu_3183_p2         |     |        | e_214         | add       | fabric                 | 0       |
|    e_215_fu_3188_p3         |     |        | e_215         | select    | auto_sel               | 0       |
|    xor_ln194_72_fu_3196_p2  |     |        | xor_ln194_72  | xor       | auto                   | 0       |
|    e_216_fu_3200_p2         |     |        | e_216         | sub       | fabric                 | 0       |
|    e_217_fu_3206_p2         |     |        | e_217         | add       | fabric                 | 0       |
|    e_218_fu_3212_p3         |     |        | e_218         | select    | auto_sel               | 0       |
|    xor_ln194_73_fu_3220_p2  |     |        | xor_ln194_73  | xor       | auto                   | 0       |
|    e_219_fu_3224_p2         |     |        | e_219         | sub       | fabric                 | 0       |
|    e_220_fu_3229_p2         |     |        | e_220         | add       | fabric                 | 0       |
|    e_221_fu_3234_p3         |     |        | e_221         | select    | auto_sel               | 0       |
|    xor_ln194_74_fu_3242_p2  |     |        | xor_ln194_74  | xor       | auto                   | 0       |
|    e_222_fu_3246_p2         |     |        | e_222         | sub       | fabric                 | 0       |
|    e_223_fu_3252_p2         |     |        | e_223         | add       | fabric                 | 0       |
|    e_224_fu_3258_p3         |     |        | e_224         | select    | auto_sel               | 0       |
|    xor_ln194_75_fu_3266_p2  |     |        | xor_ln194_75  | xor       | auto                   | 0       |
|    e_225_fu_3270_p2         |     |        | e_225         | sub       | fabric                 | 0       |
|    e_226_fu_3275_p2         |     |        | e_226         | add       | fabric                 | 0       |
|    e_227_fu_3280_p3         |     |        | e_227         | select    | auto_sel               | 0       |
|    xor_ln194_76_fu_3288_p2  |     |        | xor_ln194_76  | xor       | auto                   | 0       |
|    e_228_fu_3292_p2         |     |        | e_228         | sub       | fabric                 | 0       |
|    e_229_fu_3298_p2         |     |        | e_229         | add       | fabric                 | 0       |
|    e_230_fu_3304_p3         |     |        | e_230         | select    | auto_sel               | 0       |
|    xor_ln194_77_fu_3312_p2  |     |        | xor_ln194_77  | xor       | auto                   | 0       |
|    e_231_fu_3316_p2         |     |        | e_231         | sub       | fabric                 | 0       |
|    e_232_fu_3321_p2         |     |        | e_232         | add       | fabric                 | 0       |
|    e_233_fu_3326_p3         |     |        | e_233         | select    | auto_sel               | 0       |
|    xor_ln194_78_fu_3334_p2  |     |        | xor_ln194_78  | xor       | auto                   | 0       |
|    e_234_fu_3338_p2         |     |        | e_234         | sub       | fabric                 | 0       |
|    e_235_fu_3344_p2         |     |        | e_235         | add       | fabric                 | 0       |
|    e_236_fu_3350_p3         |     |        | e_236         | select    | auto_sel               | 0       |
|    xor_ln194_79_fu_3358_p2  |     |        | xor_ln194_79  | xor       | auto                   | 0       |
|    e_237_fu_3362_p2         |     |        | e_237         | sub       | fabric                 | 0       |
|    e_238_fu_3367_p2         |     |        | e_238         | add       | fabric                 | 0       |
|    e_239_fu_3372_p3         |     |        | e_239         | select    | auto_sel               | 0       |
|    xor_ln194_80_fu_3380_p2  |     |        | xor_ln194_80  | xor       | auto                   | 0       |
|    e_240_fu_3384_p2         |     |        | e_240         | sub       | fabric                 | 0       |
|    e_241_fu_3390_p2         |     |        | e_241         | add       | fabric                 | 0       |
|    e_242_fu_3396_p3         |     |        | e_242         | select    | auto_sel               | 0       |
|    xor_ln194_81_fu_3404_p2  |     |        | xor_ln194_81  | xor       | auto                   | 0       |
|    e_243_fu_3408_p2         |     |        | e_243         | sub       | fabric                 | 0       |
|    e_244_fu_3413_p2         |     |        | e_244         | add       | fabric                 | 0       |
|    e_245_fu_3418_p3         |     |        | e_245         | select    | auto_sel               | 0       |
|    xor_ln194_82_fu_3426_p2  |     |        | xor_ln194_82  | xor       | auto                   | 0       |
|    e_246_fu_3430_p2         |     |        | e_246         | sub       | fabric                 | 0       |
|    e_247_fu_3436_p2         |     |        | e_247         | add       | fabric                 | 0       |
|    e_248_fu_3442_p3         |     |        | e_248         | select    | auto_sel               | 0       |
|    xor_ln194_83_fu_3450_p2  |     |        | xor_ln194_83  | xor       | auto                   | 0       |
|    e_249_fu_3454_p2         |     |        | e_249         | sub       | fabric                 | 0       |
|    e_250_fu_3459_p2         |     |        | e_250         | add       | fabric                 | 0       |
|    e_251_fu_3464_p3         |     |        | e_251         | select    | auto_sel               | 0       |
|    xor_ln194_84_fu_3472_p2  |     |        | xor_ln194_84  | xor       | auto                   | 0       |
|    e_252_fu_3476_p2         |     |        | e_252         | sub       | fabric                 | 0       |
|    e_253_fu_3482_p2         |     |        | e_253         | add       | fabric                 | 0       |
|    e_254_fu_3488_p3         |     |        | e_254         | select    | auto_sel               | 0       |
|    xor_ln194_85_fu_3496_p2  |     |        | xor_ln194_85  | xor       | auto                   | 0       |
|    e_255_fu_3500_p2         |     |        | e_255         | sub       | fabric                 | 0       |
|    e_256_fu_3505_p2         |     |        | e_256         | add       | fabric                 | 0       |
|    e_257_fu_3510_p3         |     |        | e_257         | select    | auto_sel               | 0       |
|    xor_ln194_86_fu_3518_p2  |     |        | xor_ln194_86  | xor       | auto                   | 0       |
|    e_258_fu_3522_p2         |     |        | e_258         | sub       | fabric                 | 0       |
|    e_259_fu_3528_p2         |     |        | e_259         | add       | fabric                 | 0       |
|    e_260_fu_3534_p3         |     |        | e_260         | select    | auto_sel               | 0       |
|    xor_ln194_87_fu_3542_p2  |     |        | xor_ln194_87  | xor       | auto                   | 0       |
|    e_261_fu_3546_p2         |     |        | e_261         | sub       | fabric                 | 0       |
|    e_262_fu_3551_p2         |     |        | e_262         | add       | fabric                 | 0       |
|    e_263_fu_3556_p3         |     |        | e_263         | select    | auto_sel               | 0       |
|    xor_ln194_88_fu_3564_p2  |     |        | xor_ln194_88  | xor       | auto                   | 0       |
|    e_264_fu_3568_p2         |     |        | e_264         | sub       | fabric                 | 0       |
|    e_265_fu_3574_p2         |     |        | e_265         | add       | fabric                 | 0       |
|    e_266_fu_3580_p3         |     |        | e_266         | select    | auto_sel               | 0       |
|    xor_ln194_89_fu_3588_p2  |     |        | xor_ln194_89  | xor       | auto                   | 0       |
|    e_267_fu_3592_p2         |     |        | e_267         | sub       | fabric                 | 0       |
|    e_268_fu_3597_p2         |     |        | e_268         | add       | fabric                 | 0       |
|    e_269_fu_3602_p3         |     |        | e_269         | select    | auto_sel               | 0       |
|    xor_ln194_90_fu_3610_p2  |     |        | xor_ln194_90  | xor       | auto                   | 0       |
|    e_270_fu_3614_p2         |     |        | e_270         | sub       | fabric                 | 0       |
|    e_271_fu_3620_p2         |     |        | e_271         | add       | fabric                 | 0       |
|    e_272_fu_3626_p3         |     |        | e_272         | select    | auto_sel               | 0       |
|    xor_ln194_91_fu_3634_p2  |     |        | xor_ln194_91  | xor       | auto                   | 0       |
|    e_273_fu_3638_p2         |     |        | e_273         | sub       | fabric                 | 0       |
|    e_274_fu_3643_p2         |     |        | e_274         | add       | fabric                 | 0       |
|    e_275_fu_3648_p3         |     |        | e_275         | select    | auto_sel               | 0       |
|    xor_ln194_92_fu_3656_p2  |     |        | xor_ln194_92  | xor       | auto                   | 0       |
|    e_276_fu_3660_p2         |     |        | e_276         | sub       | fabric                 | 0       |
|    e_277_fu_3666_p2         |     |        | e_277         | add       | fabric                 | 0       |
|    e_278_fu_3672_p3         |     |        | e_278         | select    | auto_sel               | 0       |
|    xor_ln194_93_fu_3680_p2  |     |        | xor_ln194_93  | xor       | auto                   | 0       |
|    e_279_fu_3684_p2         |     |        | e_279         | sub       | fabric                 | 0       |
|    e_280_fu_3689_p2         |     |        | e_280         | add       | fabric                 | 0       |
|    e_281_fu_3694_p3         |     |        | e_281         | select    | auto_sel               | 0       |
|    xor_ln194_94_fu_3702_p2  |     |        | xor_ln194_94  | xor       | auto                   | 0       |
|    e_282_fu_3706_p2         |     |        | e_282         | sub       | fabric                 | 0       |
|    e_283_fu_3712_p2         |     |        | e_283         | add       | fabric                 | 0       |
|    e_284_fu_3718_p3         |     |        | e_284         | select    | auto_sel               | 0       |
|    xor_ln194_95_fu_3726_p2  |     |        | xor_ln194_95  | xor       | auto                   | 0       |
|    e_285_fu_3730_p2         |     |        | e_285         | sub       | fabric                 | 0       |
|    e_286_fu_3735_p2         |     |        | e_286         | add       | fabric                 | 0       |
|    e_287_fu_3740_p3         |     |        | e_287         | select    | auto_sel               | 0       |
|    xor_ln194_96_fu_3748_p2  |     |        | xor_ln194_96  | xor       | auto                   | 0       |
|    e_288_fu_3752_p2         |     |        | e_288         | sub       | fabric                 | 0       |
|    e_289_fu_3758_p2         |     |        | e_289         | add       | fabric                 | 0       |
|    e_290_fu_3764_p3         |     |        | e_290         | select    | auto_sel               | 0       |
|    xor_ln194_97_fu_3772_p2  |     |        | xor_ln194_97  | xor       | auto                   | 0       |
|    e_291_fu_3776_p2         |     |        | e_291         | sub       | fabric                 | 0       |
|    e_292_fu_3781_p2         |     |        | e_292         | add       | fabric                 | 0       |
|    e_293_fu_3786_p3         |     |        | e_293         | select    | auto_sel               | 0       |
|    xor_ln194_98_fu_3794_p2  |     |        | xor_ln194_98  | xor       | auto                   | 0       |
|    e_294_fu_3798_p2         |     |        | e_294         | sub       | fabric                 | 0       |
|    e_295_fu_3804_p2         |     |        | e_295         | add       | fabric                 | 0       |
|    e_296_fu_3810_p3         |     |        | e_296         | select    | auto_sel               | 0       |
|    xor_ln194_99_fu_3818_p2  |     |        | xor_ln194_99  | xor       | auto                   | 0       |
|    e_297_fu_3822_p2         |     |        | e_297         | sub       | fabric                 | 0       |
|    e_298_fu_3827_p2         |     |        | e_298         | add       | fabric                 | 0       |
|    e_299_fu_3832_p3         |     |        | e_299         | select    | auto_sel               | 0       |
|    xor_ln194_100_fu_3840_p2 |     |        | xor_ln194_100 | xor       | auto                   | 0       |
|    e_300_fu_3844_p2         |     |        | e_300         | sub       | fabric                 | 0       |
|    e_301_fu_3850_p2         |     |        | e_301         | add       | fabric                 | 0       |
|    e_302_fu_3856_p3         |     |        | e_302         | select    | auto_sel               | 0       |
|    xor_ln194_101_fu_3864_p2 |     |        | xor_ln194_101 | xor       | auto                   | 0       |
|    e_303_fu_3868_p2         |     |        | e_303         | sub       | fabric                 | 0       |
|    e_304_fu_3873_p2         |     |        | e_304         | add       | fabric                 | 0       |
|    e_305_fu_3878_p3         |     |        | e_305         | select    | auto_sel               | 0       |
|    xor_ln194_102_fu_3886_p2 |     |        | xor_ln194_102 | xor       | auto                   | 0       |
|    e_306_fu_3890_p2         |     |        | e_306         | sub       | fabric                 | 0       |
|    e_307_fu_3896_p2         |     |        | e_307         | add       | fabric                 | 0       |
|    e_308_fu_3902_p3         |     |        | e_308         | select    | auto_sel               | 0       |
|    xor_ln194_103_fu_3910_p2 |     |        | xor_ln194_103 | xor       | auto                   | 0       |
|    e_309_fu_3914_p2         |     |        | e_309         | sub       | fabric                 | 0       |
|    e_310_fu_3919_p2         |     |        | e_310         | add       | fabric                 | 0       |
|    e_311_fu_3924_p3         |     |        | e_311         | select    | auto_sel               | 0       |
|    xor_ln194_104_fu_3932_p2 |     |        | xor_ln194_104 | xor       | auto                   | 0       |
|    e_312_fu_3936_p2         |     |        | e_312         | sub       | fabric                 | 0       |
|    e_313_fu_3942_p2         |     |        | e_313         | add       | fabric                 | 0       |
|    e_314_fu_3948_p3         |     |        | e_314         | select    | auto_sel               | 0       |
|    xor_ln194_105_fu_3956_p2 |     |        | xor_ln194_105 | xor       | auto                   | 0       |
|    e_315_fu_3960_p2         |     |        | e_315         | sub       | fabric                 | 0       |
|    e_316_fu_3965_p2         |     |        | e_316         | add       | fabric                 | 0       |
|    e_317_fu_3970_p3         |     |        | e_317         | select    | auto_sel               | 0       |
|    xor_ln194_106_fu_3978_p2 |     |        | xor_ln194_106 | xor       | auto                   | 0       |
|    e_318_fu_3982_p2         |     |        | e_318         | sub       | fabric                 | 0       |
|    e_319_fu_3988_p2         |     |        | e_319         | add       | fabric                 | 0       |
|    e_320_fu_3994_p3         |     |        | e_320         | select    | auto_sel               | 0       |
|    xor_ln194_107_fu_4002_p2 |     |        | xor_ln194_107 | xor       | auto                   | 0       |
|    e_321_fu_4006_p2         |     |        | e_321         | sub       | fabric                 | 0       |
|    e_322_fu_4011_p2         |     |        | e_322         | add       | fabric                 | 0       |
|    e_323_fu_4016_p3         |     |        | e_323         | select    | auto_sel               | 0       |
|    xor_ln194_108_fu_4024_p2 |     |        | xor_ln194_108 | xor       | auto                   | 0       |
|    e_324_fu_4028_p2         |     |        | e_324         | sub       | fabric                 | 0       |
|    e_325_fu_4034_p2         |     |        | e_325         | add       | fabric                 | 0       |
|    e_326_fu_4040_p3         |     |        | e_326         | select    | auto_sel               | 0       |
|    xor_ln194_109_fu_4048_p2 |     |        | xor_ln194_109 | xor       | auto                   | 0       |
|    e_327_fu_4052_p2         |     |        | e_327         | sub       | fabric                 | 0       |
|    e_328_fu_4057_p2         |     |        | e_328         | add       | fabric                 | 0       |
|    e_329_fu_4062_p3         |     |        | e_329         | select    | auto_sel               | 0       |
|    xor_ln194_110_fu_4070_p2 |     |        | xor_ln194_110 | xor       | auto                   | 0       |
|    e_330_fu_4074_p2         |     |        | e_330         | sub       | fabric                 | 0       |
|    e_331_fu_4080_p2         |     |        | e_331         | add       | fabric                 | 0       |
|    e_332_fu_4086_p3         |     |        | e_332         | select    | auto_sel               | 0       |
|    xor_ln194_111_fu_4094_p2 |     |        | xor_ln194_111 | xor       | auto                   | 0       |
|    e_333_fu_4098_p2         |     |        | e_333         | sub       | fabric                 | 0       |
|    e_334_fu_4103_p2         |     |        | e_334         | add       | fabric                 | 0       |
|    e_335_fu_4108_p3         |     |        | e_335         | select    | auto_sel               | 0       |
|    xor_ln194_112_fu_4116_p2 |     |        | xor_ln194_112 | xor       | auto                   | 0       |
|    e_336_fu_4120_p2         |     |        | e_336         | sub       | fabric                 | 0       |
|    e_337_fu_4126_p2         |     |        | e_337         | add       | fabric                 | 0       |
|    e_338_fu_4132_p3         |     |        | e_338         | select    | auto_sel               | 0       |
|    xor_ln194_113_fu_4140_p2 |     |        | xor_ln194_113 | xor       | auto                   | 0       |
|    e_339_fu_4144_p2         |     |        | e_339         | sub       | fabric                 | 0       |
|    e_340_fu_4149_p2         |     |        | e_340         | add       | fabric                 | 0       |
|    e_341_fu_4154_p3         |     |        | e_341         | select    | auto_sel               | 0       |
|    xor_ln194_114_fu_4162_p2 |     |        | xor_ln194_114 | xor       | auto                   | 0       |
|    e_342_fu_4166_p2         |     |        | e_342         | sub       | fabric                 | 0       |
|    e_343_fu_4172_p2         |     |        | e_343         | add       | fabric                 | 0       |
|    e_344_fu_4178_p3         |     |        | e_344         | select    | auto_sel               | 0       |
|    xor_ln194_115_fu_4186_p2 |     |        | xor_ln194_115 | xor       | auto                   | 0       |
|    e_345_fu_4190_p2         |     |        | e_345         | sub       | fabric                 | 0       |
|    e_346_fu_4195_p2         |     |        | e_346         | add       | fabric                 | 0       |
|    e_347_fu_4200_p3         |     |        | e_347         | select    | auto_sel               | 0       |
|    xor_ln194_116_fu_4208_p2 |     |        | xor_ln194_116 | xor       | auto                   | 0       |
|    e_348_fu_4212_p2         |     |        | e_348         | sub       | fabric                 | 0       |
|    e_349_fu_4218_p2         |     |        | e_349         | add       | fabric                 | 0       |
|    e_350_fu_4224_p3         |     |        | e_350         | select    | auto_sel               | 0       |
|    xor_ln194_117_fu_4232_p2 |     |        | xor_ln194_117 | xor       | auto                   | 0       |
|    e_351_fu_4236_p2         |     |        | e_351         | sub       | fabric                 | 0       |
|    e_352_fu_4241_p2         |     |        | e_352         | add       | fabric                 | 0       |
|    e_353_fu_4246_p3         |     |        | e_353         | select    | auto_sel               | 0       |
|    xor_ln194_118_fu_4254_p2 |     |        | xor_ln194_118 | xor       | auto                   | 0       |
|    e_354_fu_4258_p2         |     |        | e_354         | sub       | fabric                 | 0       |
|    e_355_fu_4264_p2         |     |        | e_355         | add       | fabric                 | 0       |
|    e_356_fu_4270_p3         |     |        | e_356         | select    | auto_sel               | 0       |
|    xor_ln194_119_fu_4278_p2 |     |        | xor_ln194_119 | xor       | auto                   | 0       |
|    e_357_fu_4282_p2         |     |        | e_357         | sub       | fabric                 | 0       |
|    e_358_fu_4287_p2         |     |        | e_358         | add       | fabric                 | 0       |
|    e_359_fu_4292_p3         |     |        | e_359         | select    | auto_sel               | 0       |
|    out_fu_4300_p2           |     |        | out           | sub       | fabric                 | 0       |
+-----------------------------+-----+--------+---------------+-----------+------------------------+---------+


================================================================
== Storage Report
================================================================
+---------------------------+--------+------+------+------+--------+-------------+------+---------+------------------+
| Name                      | Usage  | Type | BRAM | URAM | Pragma | Variable    | Impl | Latency | Bitwidth, Depth, |
|                           |        |      |      |      |        |             |      |         | Banks            |
+---------------------------+--------+------+------+------+--------+-------------+------+---------+------------------+
| + uniform_metropolis_step |        |      | 0    | 0    |        |             |      |         |                  |
|   EXP_NEG_LUT_U           | rom_2p |      |      |      |        | EXP_NEG_LUT | auto | 1       | 40, 1025, 1      |
+---------------------------+--------+------+------+------+--------+-------------+------+---------+------------------+


================================================================
== Pragma Report
================================================================
* Valid Pragma Syntax
+-----------------+---------------------------+--------------------------------------------------+
| Type            | Options                   | Location                                         |
+-----------------+---------------------------+--------------------------------------------------+
| ARRAY_PARTITION | variable=J complete dim=0 | in local_delta_energy (src/sk_step.cpp:139)      |
| ARRAY_PARTITION | variable=h complete dim=1 | in local_delta_energy (src/sk_step.cpp:140)      |
| ARRAY_PARTITION | variable=s complete dim=1 | in local_delta_energy (src/sk_step.cpp:141)      |
| UNROLL          |                           | in local_delta_energy (src/sk_step.cpp:146)      |
| ARRAY_PARTITION | variable=J complete dim=0 | in uniform_delta_energy (src/sk_step.cpp:174)    |
| ARRAY_PARTITION | variable=h complete dim=1 | in uniform_delta_energy (src/sk_step.cpp:175)    |
| ARRAY_PARTITION | variable=y complete dim=1 | in uniform_delta_energy (src/sk_step.cpp:176)    |
| UNROLL          |                           | in uniform_delta_energy (src/sk_step.cpp:181)    |
| UNROLL          |                           | in uniform_delta_energy (src/sk_step.cpp:187)    |
| UNROLL          |                           | in uniform_delta_energy (src/sk_step.cpp:189)    |
| ARRAY_PARTITION | variable=J complete dim=0 | in local_metropolis_step (src/sk_step.cpp:229)   |
| ARRAY_PARTITION | variable=h complete dim=1 | in local_metropolis_step (src/sk_step.cpp:230)   |
| ARRAY_PARTITION | variable=s complete dim=1 | in local_metropolis_step (src/sk_step.cpp:231)   |
| ARRAY_PARTITION | variable=J complete dim=0 | in uniform_metropolis_step (src/sk_step.cpp:269) |
| ARRAY_PARTITION | variable=h complete dim=1 | in uniform_metropolis_step (src/sk_step.cpp:270) |
| ARRAY_PARTITION | variable=y complete dim=1 | in uniform_metropolis_step (src/sk_step.cpp:271) |
+-----------------+---------------------------+--------------------------------------------------+


