

================================================================
== Vitis HLS Report for 'uniform_delta_energy'
================================================================
* Date:           Tue May 19 20:36:24 2026

* Version:        2025.2 (Build 6295257 on Nov 14 2025)
* Project:        hls_uniform_metropolis_step_N16
* Solution:       hls (Vivado IP Flow Target)
* Product family: virtexuplus
* Target device:  xcvu19p-fsva3824-2-e


================================================================
== Performance Estimates
================================================================
+ Timing: 
    * Summary: 
    +--------+---------+----------+------------+
    |  Clock |  Target | Estimated| Uncertainty|
    +--------+---------+----------+------------+
    |ap_clk  |  3.33 ns|  2.388 ns|     0.90 ns|
    +--------+---------+----------+------------+

+ Latency: 
    * Summary: 
    +---------+---------+----------+----------+-----+-----+---------+
    |  Latency (cycles) |  Latency (absolute) |  Interval | Pipeline|
    |   min   |   max   |    min   |    max   | min | max |   Type  |
    +---------+---------+----------+----------+-----+-----+---------+
    |       62|       62|  0.207 us|  0.207 us|   62|   62|       no|
    +---------+---------+----------+----------+-----+-----+---------+

    + Detail: 
        * Instance: 
        N/A

        * Loop: 
        N/A



================================================================
== Utilization Estimates
================================================================
* Summary: 
+---------------------+---------+------+---------+---------+-----+
|         Name        | BRAM_18K|  DSP |    FF   |   LUT   | URAM|
+---------------------+---------+------+---------+---------+-----+
|DSP                  |        -|     -|        -|        -|    -|
|Expression           |        -|     -|        0|    18427|    -|
|FIFO                 |        -|     -|        -|        -|    -|
|Instance             |        -|     -|        -|        -|    -|
|Memory               |        -|     -|        -|        -|    -|
|Multiplexer          |        -|     -|        0|      282|    -|
|Register             |        -|     -|     2903|        -|    -|
+---------------------+---------+------+---------+---------+-----+
|Total                |        0|     0|     2903|    18709|    0|
+---------------------+---------+------+---------+---------+-----+
|Available SLR        |     1080|   960|  2042880|  1021440|   80|
+---------------------+---------+------+---------+---------+-----+
|Utilization SLR (%)  |        0|     0|       ~0|        1|    0|
+---------------------+---------+------+---------+---------+-----+
|Available            |     4320|  3840|  8171520|  4085760|  320|
+---------------------+---------+------+---------+---------+-----+
|Utilization (%)      |        0|     0|       ~0|       ~0|    0|
+---------------------+---------+------+---------+---------+-----+

+ Detail: 
    * Instance: 
    N/A

    * DSP: 
    N/A

    * Memory: 
    N/A

    * FIFO: 
    N/A

    * Expression: 
    +--------------------------+----------+----+---+-----+------------+------------+
    |       Variable Name      | Operation| DSP| FF| LUT | Bitwidth P0| Bitwidth P1|
    +--------------------------+----------+----+---+-----+------------+------------+
    |add_ln183_10_fu_1510_p2   |         +|   0|  0|   40|          40|          40|
    |add_ln183_11_fu_1422_p2   |         +|   0|  0|   47|          40|          40|
    |add_ln183_12_fu_1514_p2   |         +|   0|  0|   40|          40|          40|
    |add_ln183_13_fu_1519_p2   |         +|   0|  0|   40|          40|          40|
    |add_ln183_14_fu_1529_p2   |         +|   0|  0|   40|          40|          40|
    |add_ln183_1_fu_1398_p2    |         +|   0|  0|   47|          40|          40|
    |add_ln183_2_fu_1490_p2    |         +|   0|  0|   40|          40|          40|
    |add_ln183_3_fu_1495_p2    |         +|   0|  0|   40|          40|          40|
    |add_ln183_4_fu_1404_p2    |         +|   0|  0|   47|          40|          40|
    |add_ln183_5_fu_1501_p2    |         +|   0|  0|   40|          40|          40|
    |add_ln183_6_fu_1525_p2    |         +|   0|  0|   40|          40|          40|
    |add_ln183_7_fu_1410_p2    |         +|   0|  0|   47|          40|          40|
    |add_ln183_8_fu_1416_p2    |         +|   0|  0|   47|          40|          40|
    |add_ln183_9_fu_1506_p2    |         +|   0|  0|   40|          40|          40|
    |add_ln183_fu_1484_p2      |         +|   0|  0|   40|          40|          40|
    |add_ln195_fu_1538_p2      |         +|   0|  0|   40|          40|          40|
    |e_100_fu_2309_p2          |         +|   0|  0|   47|          40|          40|
    |e_103_fu_2332_p2          |         +|   0|  0|   47|          40|          40|
    |e_106_fu_2355_p2          |         +|   0|  0|   47|          40|          40|
    |e_109_fu_2378_p2          |         +|   0|  0|   47|          40|          40|
    |e_10_fu_1619_p2           |         +|   0|  0|   47|          40|          40|
    |e_112_fu_2401_p2          |         +|   0|  0|   47|          40|          40|
    |e_115_fu_2424_p2          |         +|   0|  0|   47|          40|          40|
    |e_118_fu_2447_p2          |         +|   0|  0|   47|          40|          40|
    |e_121_fu_2470_p2          |         +|   0|  0|   47|          40|          40|
    |e_124_fu_2493_p2          |         +|   0|  0|   47|          40|          40|
    |e_127_fu_2516_p2          |         +|   0|  0|   47|          40|          40|
    |e_130_fu_2539_p2          |         +|   0|  0|   47|          40|          40|
    |e_133_fu_2562_p2          |         +|   0|  0|   47|          40|          40|
    |e_136_fu_2585_p2          |         +|   0|  0|   47|          40|          40|
    |e_139_fu_2608_p2          |         +|   0|  0|   47|          40|          40|
    |e_13_fu_1642_p2           |         +|   0|  0|   47|          40|          40|
    |e_142_fu_2631_p2          |         +|   0|  0|   47|          40|          40|
    |e_145_fu_2654_p2          |         +|   0|  0|   47|          40|          40|
    |e_148_fu_2677_p2          |         +|   0|  0|   47|          40|          40|
    |e_151_fu_2700_p2          |         +|   0|  0|   47|          40|          40|
    |e_154_fu_2723_p2          |         +|   0|  0|   47|          40|          40|
    |e_157_fu_2746_p2          |         +|   0|  0|   47|          40|          40|
    |e_160_fu_2769_p2          |         +|   0|  0|   47|          40|          40|
    |e_163_fu_2792_p2          |         +|   0|  0|   47|          40|          40|
    |e_166_fu_2815_p2          |         +|   0|  0|   47|          40|          40|
    |e_169_fu_2838_p2          |         +|   0|  0|   47|          40|          40|
    |e_16_fu_1665_p2           |         +|   0|  0|   47|          40|          40|
    |e_172_fu_2861_p2          |         +|   0|  0|   47|          40|          40|
    |e_175_fu_2884_p2          |         +|   0|  0|   47|          40|          40|
    |e_178_fu_2907_p2          |         +|   0|  0|   47|          40|          40|
    |e_181_fu_2930_p2          |         +|   0|  0|   47|          40|          40|
    |e_184_fu_2953_p2          |         +|   0|  0|   47|          40|          40|
    |e_187_fu_2976_p2          |         +|   0|  0|   47|          40|          40|
    |e_190_fu_2999_p2          |         +|   0|  0|   47|          40|          40|
    |e_193_fu_3022_p2          |         +|   0|  0|   47|          40|          40|
    |e_196_fu_3045_p2          |         +|   0|  0|   47|          40|          40|
    |e_199_fu_3068_p2          |         +|   0|  0|   47|          40|          40|
    |e_19_fu_1688_p2           |         +|   0|  0|   47|          40|          40|
    |e_202_fu_3091_p2          |         +|   0|  0|   47|          40|          40|
    |e_205_fu_3114_p2          |         +|   0|  0|   47|          40|          40|
    |e_208_fu_3137_p2          |         +|   0|  0|   47|          40|          40|
    |e_211_fu_3160_p2          |         +|   0|  0|   47|          40|          40|
    |e_214_fu_3183_p2          |         +|   0|  0|   47|          40|          40|
    |e_217_fu_3206_p2          |         +|   0|  0|   47|          40|          40|
    |e_220_fu_3229_p2          |         +|   0|  0|   47|          40|          40|
    |e_223_fu_3252_p2          |         +|   0|  0|   47|          40|          40|
    |e_226_fu_3275_p2          |         +|   0|  0|   47|          40|          40|
    |e_229_fu_3298_p2          |         +|   0|  0|   47|          40|          40|
    |e_22_fu_1711_p2           |         +|   0|  0|   47|          40|          40|
    |e_232_fu_3321_p2          |         +|   0|  0|   47|          40|          40|
    |e_235_fu_3344_p2          |         +|   0|  0|   47|          40|          40|
    |e_238_fu_3367_p2          |         +|   0|  0|   47|          40|          40|
    |e_241_fu_3390_p2          |         +|   0|  0|   47|          40|          40|
    |e_244_fu_3413_p2          |         +|   0|  0|   47|          40|          40|
    |e_247_fu_3436_p2          |         +|   0|  0|   47|          40|          40|
    |e_250_fu_3459_p2          |         +|   0|  0|   47|          40|          40|
    |e_253_fu_3482_p2          |         +|   0|  0|   47|          40|          40|
    |e_256_fu_3505_p2          |         +|   0|  0|   47|          40|          40|
    |e_259_fu_3528_p2          |         +|   0|  0|   47|          40|          40|
    |e_25_fu_1734_p2           |         +|   0|  0|   47|          40|          40|
    |e_262_fu_3551_p2          |         +|   0|  0|   47|          40|          40|
    |e_265_fu_3574_p2          |         +|   0|  0|   47|          40|          40|
    |e_268_fu_3597_p2          |         +|   0|  0|   47|          40|          40|
    |e_271_fu_3620_p2          |         +|   0|  0|   47|          40|          40|
    |e_274_fu_3643_p2          |         +|   0|  0|   47|          40|          40|
    |e_277_fu_3666_p2          |         +|   0|  0|   47|          40|          40|
    |e_280_fu_3689_p2          |         +|   0|  0|   47|          40|          40|
    |e_283_fu_3712_p2          |         +|   0|  0|   47|          40|          40|
    |e_286_fu_3735_p2          |         +|   0|  0|   47|          40|          40|
    |e_289_fu_3758_p2          |         +|   0|  0|   47|          40|          40|
    |e_28_fu_1757_p2           |         +|   0|  0|   47|          40|          40|
    |e_292_fu_3781_p2          |         +|   0|  0|   47|          40|          40|
    |e_295_fu_3804_p2          |         +|   0|  0|   47|          40|          40|
    |e_298_fu_3827_p2          |         +|   0|  0|   47|          40|          40|
    |e_301_fu_3850_p2          |         +|   0|  0|   47|          40|          40|
    |e_304_fu_3873_p2          |         +|   0|  0|   47|          40|          40|
    |e_307_fu_3896_p2          |         +|   0|  0|   47|          40|          40|
    |e_310_fu_3919_p2          |         +|   0|  0|   47|          40|          40|
    |e_313_fu_3942_p2          |         +|   0|  0|   47|          40|          40|
    |e_316_fu_3965_p2          |         +|   0|  0|   47|          40|          40|
    |e_319_fu_3988_p2          |         +|   0|  0|   47|          40|          40|
    |e_31_fu_1780_p2           |         +|   0|  0|   47|          40|          40|
    |e_322_fu_4011_p2          |         +|   0|  0|   47|          40|          40|
    |e_325_fu_4034_p2          |         +|   0|  0|   47|          40|          40|
    |e_328_fu_4057_p2          |         +|   0|  0|   47|          40|          40|
    |e_331_fu_4080_p2          |         +|   0|  0|   47|          40|          40|
    |e_334_fu_4103_p2          |         +|   0|  0|   47|          40|          40|
    |e_337_fu_4126_p2          |         +|   0|  0|   47|          40|          40|
    |e_340_fu_4149_p2          |         +|   0|  0|   47|          40|          40|
    |e_343_fu_4172_p2          |         +|   0|  0|   47|          40|          40|
    |e_346_fu_4195_p2          |         +|   0|  0|   47|          40|          40|
    |e_349_fu_4218_p2          |         +|   0|  0|   47|          40|          40|
    |e_34_fu_1803_p2           |         +|   0|  0|   47|          40|          40|
    |e_352_fu_4241_p2          |         +|   0|  0|   47|          40|          40|
    |e_355_fu_4264_p2          |         +|   0|  0|   47|          40|          40|
    |e_358_fu_4287_p2          |         +|   0|  0|   47|          40|          40|
    |e_37_fu_1826_p2           |         +|   0|  0|   47|          40|          40|
    |e_40_fu_1849_p2           |         +|   0|  0|   47|          40|          40|
    |e_43_fu_1872_p2           |         +|   0|  0|   47|          40|          40|
    |e_46_fu_1895_p2           |         +|   0|  0|   47|          40|          40|
    |e_49_fu_1918_p2           |         +|   0|  0|   47|          40|          40|
    |e_4_fu_1573_p2            |         +|   0|  0|   47|          40|          40|
    |e_52_fu_1941_p2           |         +|   0|  0|   47|          40|          40|
    |e_55_fu_1964_p2           |         +|   0|  0|   47|          40|          40|
    |e_58_fu_1987_p2           |         +|   0|  0|   47|          40|          40|
    |e_61_fu_2010_p2           |         +|   0|  0|   47|          40|          40|
    |e_64_fu_2033_p2           |         +|   0|  0|   47|          40|          40|
    |e_67_fu_2056_p2           |         +|   0|  0|   47|          40|          40|
    |e_70_fu_2079_p2           |         +|   0|  0|   47|          40|          40|
    |e_73_fu_2102_p2           |         +|   0|  0|   47|          40|          40|
    |e_76_fu_2125_p2           |         +|   0|  0|   47|          40|          40|
    |e_79_fu_2148_p2           |         +|   0|  0|   47|          40|          40|
    |e_7_fu_1596_p2            |         +|   0|  0|   47|          40|          40|
    |e_82_fu_2171_p2           |         +|   0|  0|   47|          40|          40|
    |e_85_fu_2194_p2           |         +|   0|  0|   47|          40|          40|
    |e_88_fu_2217_p2           |         +|   0|  0|   47|          40|          40|
    |e_91_fu_2240_p2           |         +|   0|  0|   47|          40|          40|
    |e_94_fu_2263_p2           |         +|   0|  0|   47|          40|          40|
    |e_97_fu_2286_p2           |         +|   0|  0|   47|          40|          40|
    |e_102_fu_2326_p2          |         -|   0|  0|   47|          40|          40|
    |e_105_fu_2350_p2          |         -|   0|  0|   47|          40|          40|
    |e_108_fu_2372_p2          |         -|   0|  0|   47|          40|          40|
    |e_111_fu_2396_p2          |         -|   0|  0|   47|          40|          40|
    |e_114_fu_2418_p2          |         -|   0|  0|   47|          40|          40|
    |e_117_fu_2442_p2          |         -|   0|  0|   47|          40|          40|
    |e_120_fu_2464_p2          |         -|   0|  0|   47|          40|          40|
    |e_123_fu_2488_p2          |         -|   0|  0|   47|          40|          40|
    |e_126_fu_2510_p2          |         -|   0|  0|   47|          40|          40|
    |e_129_fu_2534_p2          |         -|   0|  0|   47|          40|          40|
    |e_12_fu_1636_p2           |         -|   0|  0|   47|          40|          40|
    |e_132_fu_2556_p2          |         -|   0|  0|   47|          40|          40|
    |e_135_fu_2580_p2          |         -|   0|  0|   47|          40|          40|
    |e_138_fu_2602_p2          |         -|   0|  0|   47|          40|          40|
    |e_141_fu_2626_p2          |         -|   0|  0|   47|          40|          40|
    |e_144_fu_2648_p2          |         -|   0|  0|   47|          40|          40|
    |e_147_fu_2672_p2          |         -|   0|  0|   47|          40|          40|
    |e_150_fu_2694_p2          |         -|   0|  0|   47|          40|          40|
    |e_153_fu_2718_p2          |         -|   0|  0|   47|          40|          40|
    |e_156_fu_2740_p2          |         -|   0|  0|   47|          40|          40|
    |e_159_fu_2764_p2          |         -|   0|  0|   47|          40|          40|
    |e_15_fu_1660_p2           |         -|   0|  0|   47|          40|          40|
    |e_162_fu_2786_p2          |         -|   0|  0|   47|          40|          40|
    |e_165_fu_2810_p2          |         -|   0|  0|   47|          40|          40|
    |e_168_fu_2832_p2          |         -|   0|  0|   47|          40|          40|
    |e_171_fu_2856_p2          |         -|   0|  0|   47|          40|          40|
    |e_174_fu_2878_p2          |         -|   0|  0|   47|          40|          40|
    |e_177_fu_2902_p2          |         -|   0|  0|   47|          40|          40|
    |e_180_fu_2924_p2          |         -|   0|  0|   47|          40|          40|
    |e_183_fu_2948_p2          |         -|   0|  0|   47|          40|          40|
    |e_186_fu_2970_p2          |         -|   0|  0|   47|          40|          40|
    |e_189_fu_2994_p2          |         -|   0|  0|   47|          40|          40|
    |e_18_fu_1682_p2           |         -|   0|  0|   47|          40|          40|
    |e_192_fu_3016_p2          |         -|   0|  0|   47|          40|          40|
    |e_195_fu_3040_p2          |         -|   0|  0|   47|          40|          40|
    |e_198_fu_3062_p2          |         -|   0|  0|   47|          40|          40|
    |e_1_fu_1550_p2            |         -|   0|  0|   47|          40|          40|
    |e_201_fu_3086_p2          |         -|   0|  0|   47|          40|          40|
    |e_204_fu_3108_p2          |         -|   0|  0|   47|          40|          40|
    |e_207_fu_3132_p2          |         -|   0|  0|   47|          40|          40|
    |e_210_fu_3154_p2          |         -|   0|  0|   47|          40|          40|
    |e_213_fu_3178_p2          |         -|   0|  0|   47|          40|          40|
    |e_216_fu_3200_p2          |         -|   0|  0|   47|          40|          40|
    |e_219_fu_3224_p2          |         -|   0|  0|   47|          40|          40|
    |e_21_fu_1706_p2           |         -|   0|  0|   47|          40|          40|
    |e_222_fu_3246_p2          |         -|   0|  0|   47|          40|          40|
    |e_225_fu_3270_p2          |         -|   0|  0|   47|          40|          40|
    |e_228_fu_3292_p2          |         -|   0|  0|   47|          40|          40|
    |e_231_fu_3316_p2          |         -|   0|  0|   47|          40|          40|
    |e_234_fu_3338_p2          |         -|   0|  0|   47|          40|          40|
    |e_237_fu_3362_p2          |         -|   0|  0|   47|          40|          40|
    |e_240_fu_3384_p2          |         -|   0|  0|   47|          40|          40|
    |e_243_fu_3408_p2          |         -|   0|  0|   47|          40|          40|
    |e_246_fu_3430_p2          |         -|   0|  0|   47|          40|          40|
    |e_249_fu_3454_p2          |         -|   0|  0|   47|          40|          40|
    |e_24_fu_1728_p2           |         -|   0|  0|   47|          40|          40|
    |e_252_fu_3476_p2          |         -|   0|  0|   47|          40|          40|
    |e_255_fu_3500_p2          |         -|   0|  0|   47|          40|          40|
    |e_258_fu_3522_p2          |         -|   0|  0|   47|          40|          40|
    |e_261_fu_3546_p2          |         -|   0|  0|   47|          40|          40|
    |e_264_fu_3568_p2          |         -|   0|  0|   47|          40|          40|
    |e_267_fu_3592_p2          |         -|   0|  0|   47|          40|          40|
    |e_270_fu_3614_p2          |         -|   0|  0|   47|          40|          40|
    |e_273_fu_3638_p2          |         -|   0|  0|   47|          40|          40|
    |e_276_fu_3660_p2          |         -|   0|  0|   47|          40|          40|
    |e_279_fu_3684_p2          |         -|   0|  0|   47|          40|          40|
    |e_27_fu_1752_p2           |         -|   0|  0|   47|          40|          40|
    |e_282_fu_3706_p2          |         -|   0|  0|   47|          40|          40|
    |e_285_fu_3730_p2          |         -|   0|  0|   47|          40|          40|
    |e_288_fu_3752_p2          |         -|   0|  0|   47|          40|          40|
    |e_291_fu_3776_p2          |         -|   0|  0|   47|          40|          40|
    |e_294_fu_3798_p2          |         -|   0|  0|   47|          40|          40|
    |e_297_fu_3822_p2          |         -|   0|  0|   47|          40|          40|
    |e_300_fu_3844_p2          |         -|   0|  0|   47|          40|          40|
    |e_303_fu_3868_p2          |         -|   0|  0|   47|          40|          40|
    |e_306_fu_3890_p2          |         -|   0|  0|   47|          40|          40|
    |e_309_fu_3914_p2          |         -|   0|  0|   47|          40|          40|
    |e_30_fu_1774_p2           |         -|   0|  0|   47|          40|          40|
    |e_312_fu_3936_p2          |         -|   0|  0|   47|          40|          40|
    |e_315_fu_3960_p2          |         -|   0|  0|   47|          40|          40|
    |e_318_fu_3982_p2          |         -|   0|  0|   47|          40|          40|
    |e_321_fu_4006_p2          |         -|   0|  0|   47|          40|          40|
    |e_324_fu_4028_p2          |         -|   0|  0|   47|          40|          40|
    |e_327_fu_4052_p2          |         -|   0|  0|   47|          40|          40|
    |e_330_fu_4074_p2          |         -|   0|  0|   47|          40|          40|
    |e_333_fu_4098_p2          |         -|   0|  0|   47|          40|          40|
    |e_336_fu_4120_p2          |         -|   0|  0|   47|          40|          40|
    |e_339_fu_4144_p2          |         -|   0|  0|   47|          40|          40|
    |e_33_fu_1798_p2           |         -|   0|  0|   47|          40|          40|
    |e_342_fu_4166_p2          |         -|   0|  0|   47|          40|          40|
    |e_345_fu_4190_p2          |         -|   0|  0|   47|          40|          40|
    |e_348_fu_4212_p2          |         -|   0|  0|   47|          40|          40|
    |e_351_fu_4236_p2          |         -|   0|  0|   47|          40|          40|
    |e_354_fu_4258_p2          |         -|   0|  0|   47|          40|          40|
    |e_357_fu_4282_p2          |         -|   0|  0|   47|          40|          40|
    |e_36_fu_1820_p2           |         -|   0|  0|   47|          40|          40|
    |e_39_fu_1844_p2           |         -|   0|  0|   47|          40|          40|
    |e_3_fu_1568_p2            |         -|   0|  0|   47|          40|          40|
    |e_42_fu_1866_p2           |         -|   0|  0|   47|          40|          40|
    |e_45_fu_1890_p2           |         -|   0|  0|   47|          40|          40|
    |e_48_fu_1912_p2           |         -|   0|  0|   47|          40|          40|
    |e_51_fu_1936_p2           |         -|   0|  0|   47|          40|          40|
    |e_54_fu_1958_p2           |         -|   0|  0|   47|          40|          40|
    |e_57_fu_1982_p2           |         -|   0|  0|   47|          40|          40|
    |e_60_fu_2004_p2           |         -|   0|  0|   47|          40|          40|
    |e_63_fu_2028_p2           |         -|   0|  0|   47|          40|          40|
    |e_66_fu_2050_p2           |         -|   0|  0|   47|          40|          40|
    |e_69_fu_2074_p2           |         -|   0|  0|   47|          40|          40|
    |e_6_fu_1590_p2            |         -|   0|  0|   47|          40|          40|
    |e_72_fu_2096_p2           |         -|   0|  0|   47|          40|          40|
    |e_75_fu_2120_p2           |         -|   0|  0|   47|          40|          40|
    |e_78_fu_2142_p2           |         -|   0|  0|   47|          40|          40|
    |e_81_fu_2166_p2           |         -|   0|  0|   47|          40|          40|
    |e_84_fu_2188_p2           |         -|   0|  0|   47|          40|          40|
    |e_87_fu_2212_p2           |         -|   0|  0|   47|          40|          40|
    |e_90_fu_2234_p2           |         -|   0|  0|   47|          40|          40|
    |e_93_fu_2258_p2           |         -|   0|  0|   47|          40|          40|
    |e_96_fu_2280_p2           |         -|   0|  0|   47|          40|          40|
    |e_99_fu_2304_p2           |         -|   0|  0|   47|          40|          40|
    |e_9_fu_1614_p2            |         -|   0|  0|   47|          40|          40|
    |e_fu_1544_p2              |         -|   0|  0|   40|           1|          40|
    |out_fu_4300_p2            |         -|   0|  0|   47|          40|          40|
    |sub_ln42_10_fu_1342_p2    |         -|   0|  0|   47|           1|          40|
    |sub_ln42_11_fu_1356_p2    |         -|   0|  0|   47|           1|          40|
    |sub_ln42_12_fu_1370_p2    |         -|   0|  0|   47|           1|          40|
    |sub_ln42_13_fu_1456_p2    |         -|   0|  0|   47|           1|          40|
    |sub_ln42_14_fu_1470_p2    |         -|   0|  0|   47|           1|          40|
    |sub_ln42_15_fu_1384_p2    |         -|   0|  0|   47|           1|          40|
    |sub_ln42_1_fu_1244_p2     |         -|   0|  0|   47|           1|          40|
    |sub_ln42_2_fu_1258_p2     |         -|   0|  0|   47|           1|          40|
    |sub_ln42_3_fu_1272_p2     |         -|   0|  0|   47|           1|          40|
    |sub_ln42_4_fu_1286_p2     |         -|   0|  0|   47|           1|          40|
    |sub_ln42_5_fu_1300_p2     |         -|   0|  0|   47|           1|          40|
    |sub_ln42_6_fu_1314_p2     |         -|   0|  0|   47|           1|          40|
    |sub_ln42_7_fu_1428_p2     |         -|   0|  0|   47|           1|          40|
    |sub_ln42_8_fu_1442_p2     |         -|   0|  0|   47|           1|          40|
    |sub_ln42_9_fu_1328_p2     |         -|   0|  0|   47|           1|          40|
    |sub_ln42_fu_1230_p2       |         -|   0|  0|   47|           1|          40|
    |e_101_fu_2314_p3          |    select|   0|  0|   40|           1|          40|
    |e_104_fu_2338_p3          |    select|   0|  0|   40|           1|          40|
    |e_107_fu_2360_p3          |    select|   0|  0|   40|           1|          40|
    |e_110_fu_2384_p3          |    select|   0|  0|   40|           1|          40|
    |e_113_fu_2406_p3          |    select|   0|  0|   40|           1|          40|
    |e_116_fu_2430_p3          |    select|   0|  0|   40|           1|          40|
    |e_119_fu_2452_p3          |    select|   0|  0|   40|           1|          40|
    |e_11_fu_1624_p3           |    select|   0|  0|   40|           1|          40|
    |e_122_fu_2476_p3          |    select|   0|  0|   40|           1|          40|
    |e_125_fu_2498_p3          |    select|   0|  0|   40|           1|          40|
    |e_128_fu_2522_p3          |    select|   0|  0|   40|           1|          40|
    |e_131_fu_2544_p3          |    select|   0|  0|   40|           1|          40|
    |e_134_fu_2568_p3          |    select|   0|  0|   40|           1|          40|
    |e_137_fu_2590_p3          |    select|   0|  0|   40|           1|          40|
    |e_140_fu_2614_p3          |    select|   0|  0|   40|           1|          40|
    |e_143_fu_2636_p3          |    select|   0|  0|   40|           1|          40|
    |e_146_fu_2660_p3          |    select|   0|  0|   40|           1|          40|
    |e_149_fu_2682_p3          |    select|   0|  0|   40|           1|          40|
    |e_14_fu_1648_p3           |    select|   0|  0|   40|           1|          40|
    |e_152_fu_2706_p3          |    select|   0|  0|   40|           1|          40|
    |e_155_fu_2728_p3          |    select|   0|  0|   40|           1|          40|
    |e_158_fu_2752_p3          |    select|   0|  0|   40|           1|          40|
    |e_161_fu_2774_p3          |    select|   0|  0|   40|           1|          40|
    |e_164_fu_2798_p3          |    select|   0|  0|   40|           1|          40|
    |e_167_fu_2820_p3          |    select|   0|  0|   40|           1|          40|
    |e_170_fu_2844_p3          |    select|   0|  0|   40|           1|          40|
    |e_173_fu_2866_p3          |    select|   0|  0|   40|           1|          40|
    |e_176_fu_2890_p3          |    select|   0|  0|   40|           1|          40|
    |e_179_fu_2912_p3          |    select|   0|  0|   40|           1|          40|
    |e_17_fu_1670_p3           |    select|   0|  0|   40|           1|          40|
    |e_182_fu_2936_p3          |    select|   0|  0|   40|           1|          40|
    |e_185_fu_2958_p3          |    select|   0|  0|   40|           1|          40|
    |e_188_fu_2982_p3          |    select|   0|  0|   40|           1|          40|
    |e_191_fu_3004_p3          |    select|   0|  0|   40|           1|          40|
    |e_194_fu_3028_p3          |    select|   0|  0|   40|           1|          40|
    |e_197_fu_3050_p3          |    select|   0|  0|   40|           1|          40|
    |e_200_fu_3074_p3          |    select|   0|  0|   40|           1|          40|
    |e_203_fu_3096_p3          |    select|   0|  0|   40|           1|          40|
    |e_206_fu_3120_p3          |    select|   0|  0|   40|           1|          40|
    |e_209_fu_3142_p3          |    select|   0|  0|   40|           1|          40|
    |e_20_fu_1694_p3           |    select|   0|  0|   40|           1|          40|
    |e_212_fu_3166_p3          |    select|   0|  0|   40|           1|          40|
    |e_215_fu_3188_p3          |    select|   0|  0|   40|           1|          40|
    |e_218_fu_3212_p3          |    select|   0|  0|   40|           1|          40|
    |e_221_fu_3234_p3          |    select|   0|  0|   40|           1|          40|
    |e_224_fu_3258_p3          |    select|   0|  0|   40|           1|          40|
    |e_227_fu_3280_p3          |    select|   0|  0|   40|           1|          40|
    |e_230_fu_3304_p3          |    select|   0|  0|   40|           1|          40|
    |e_233_fu_3326_p3          |    select|   0|  0|   40|           1|          40|
    |e_236_fu_3350_p3          |    select|   0|  0|   40|           1|          40|
    |e_239_fu_3372_p3          |    select|   0|  0|   40|           1|          40|
    |e_23_fu_1716_p3           |    select|   0|  0|   40|           1|          40|
    |e_242_fu_3396_p3          |    select|   0|  0|   40|           1|          40|
    |e_245_fu_3418_p3          |    select|   0|  0|   40|           1|          40|
    |e_248_fu_3442_p3          |    select|   0|  0|   40|           1|          40|
    |e_251_fu_3464_p3          |    select|   0|  0|   40|           1|          40|
    |e_254_fu_3488_p3          |    select|   0|  0|   40|           1|          40|
    |e_257_fu_3510_p3          |    select|   0|  0|   40|           1|          40|
    |e_260_fu_3534_p3          |    select|   0|  0|   40|           1|          40|
    |e_263_fu_3556_p3          |    select|   0|  0|   40|           1|          40|
    |e_266_fu_3580_p3          |    select|   0|  0|   40|           1|          40|
    |e_269_fu_3602_p3          |    select|   0|  0|   40|           1|          40|
    |e_26_fu_1740_p3           |    select|   0|  0|   40|           1|          40|
    |e_272_fu_3626_p3          |    select|   0|  0|   40|           1|          40|
    |e_275_fu_3648_p3          |    select|   0|  0|   40|           1|          40|
    |e_278_fu_3672_p3          |    select|   0|  0|   40|           1|          40|
    |e_281_fu_3694_p3          |    select|   0|  0|   40|           1|          40|
    |e_284_fu_3718_p3          |    select|   0|  0|   40|           1|          40|
    |e_287_fu_3740_p3          |    select|   0|  0|   40|           1|          40|
    |e_290_fu_3764_p3          |    select|   0|  0|   40|           1|          40|
    |e_293_fu_3786_p3          |    select|   0|  0|   40|           1|          40|
    |e_296_fu_3810_p3          |    select|   0|  0|   40|           1|          40|
    |e_299_fu_3832_p3          |    select|   0|  0|   40|           1|          40|
    |e_29_fu_1762_p3           |    select|   0|  0|   40|           1|          40|
    |e_2_fu_1556_p3            |    select|   0|  0|   40|           1|          40|
    |e_302_fu_3856_p3          |    select|   0|  0|   40|           1|          40|
    |e_305_fu_3878_p3          |    select|   0|  0|   40|           1|          40|
    |e_308_fu_3902_p3          |    select|   0|  0|   40|           1|          40|
    |e_311_fu_3924_p3          |    select|   0|  0|   40|           1|          40|
    |e_314_fu_3948_p3          |    select|   0|  0|   40|           1|          40|
    |e_317_fu_3970_p3          |    select|   0|  0|   40|           1|          40|
    |e_320_fu_3994_p3          |    select|   0|  0|   40|           1|          40|
    |e_323_fu_4016_p3          |    select|   0|  0|   40|           1|          40|
    |e_326_fu_4040_p3          |    select|   0|  0|   40|           1|          40|
    |e_329_fu_4062_p3          |    select|   0|  0|   40|           1|          40|
    |e_32_fu_1786_p3           |    select|   0|  0|   40|           1|          40|
    |e_332_fu_4086_p3          |    select|   0|  0|   40|           1|          40|
    |e_335_fu_4108_p3          |    select|   0|  0|   40|           1|          40|
    |e_338_fu_4132_p3          |    select|   0|  0|   40|           1|          40|
    |e_341_fu_4154_p3          |    select|   0|  0|   40|           1|          40|
    |e_344_fu_4178_p3          |    select|   0|  0|   40|           1|          40|
    |e_347_fu_4200_p3          |    select|   0|  0|   40|           1|          40|
    |e_350_fu_4224_p3          |    select|   0|  0|   40|           1|          40|
    |e_353_fu_4246_p3          |    select|   0|  0|   40|           1|          40|
    |e_356_fu_4270_p3          |    select|   0|  0|   40|           1|          40|
    |e_359_fu_4292_p3          |    select|   0|  0|   40|           1|          40|
    |e_35_fu_1808_p3           |    select|   0|  0|   40|           1|          40|
    |e_38_fu_1832_p3           |    select|   0|  0|   40|           1|          40|
    |e_41_fu_1854_p3           |    select|   0|  0|   40|           1|          40|
    |e_44_fu_1878_p3           |    select|   0|  0|   40|           1|          40|
    |e_47_fu_1900_p3           |    select|   0|  0|   40|           1|          40|
    |e_50_fu_1924_p3           |    select|   0|  0|   40|           1|          40|
    |e_53_fu_1946_p3           |    select|   0|  0|   40|           1|          40|
    |e_56_fu_1970_p3           |    select|   0|  0|   40|           1|          40|
    |e_59_fu_1992_p3           |    select|   0|  0|   40|           1|          40|
    |e_5_fu_1578_p3            |    select|   0|  0|   40|           1|          40|
    |e_62_fu_2016_p3           |    select|   0|  0|   40|           1|          40|
    |e_65_fu_2038_p3           |    select|   0|  0|   40|           1|          40|
    |e_68_fu_2062_p3           |    select|   0|  0|   40|           1|          40|
    |e_71_fu_2084_p3           |    select|   0|  0|   40|           1|          40|
    |e_74_fu_2108_p3           |    select|   0|  0|   40|           1|          40|
    |e_77_fu_2130_p3           |    select|   0|  0|   40|           1|          40|
    |e_80_fu_2154_p3           |    select|   0|  0|   40|           1|          40|
    |e_83_fu_2176_p3           |    select|   0|  0|   40|           1|          40|
    |e_86_fu_2200_p3           |    select|   0|  0|   40|           1|          40|
    |e_89_fu_2222_p3           |    select|   0|  0|   40|           1|          40|
    |e_8_fu_1602_p3            |    select|   0|  0|   40|           1|          40|
    |e_92_fu_2246_p3           |    select|   0|  0|   40|           1|          40|
    |e_95_fu_2268_p3           |    select|   0|  0|   40|           1|          40|
    |e_98_fu_2292_p3           |    select|   0|  0|   40|           1|          40|
    |term_10_fu_1348_p3        |    select|   0|  0|   40|           1|          40|
    |term_11_fu_1362_p3        |    select|   0|  0|   40|           1|          40|
    |term_12_fu_1376_p3        |    select|   0|  0|   40|           1|          40|
    |term_13_fu_1462_p3        |    select|   0|  0|   40|           1|          40|
    |term_14_fu_1476_p3        |    select|   0|  0|   40|           1|          40|
    |term_15_fu_1390_p3        |    select|   0|  0|   40|           1|          40|
    |term_1_fu_1250_p3         |    select|   0|  0|   40|           1|          40|
    |term_2_fu_1264_p3         |    select|   0|  0|   40|           1|          40|
    |term_3_fu_1278_p3         |    select|   0|  0|   40|           1|          40|
    |term_4_fu_1292_p3         |    select|   0|  0|   40|           1|          40|
    |term_5_fu_1306_p3         |    select|   0|  0|   40|           1|          40|
    |term_6_fu_1320_p3         |    select|   0|  0|   40|           1|          40|
    |term_7_fu_1434_p3         |    select|   0|  0|   40|           1|          40|
    |term_8_fu_1448_p3         |    select|   0|  0|   40|           1|          40|
    |term_9_fu_1334_p3         |    select|   0|  0|   40|           1|          40|
    |term_fu_1236_p3           |    select|   0|  0|   40|           1|          40|
    |xor_ln194_100_fu_3840_p2  |       xor|   0|  0|    2|           1|           1|
    |xor_ln194_101_fu_3864_p2  |       xor|   0|  0|    2|           1|           1|
    |xor_ln194_102_fu_3886_p2  |       xor|   0|  0|    2|           1|           1|
    |xor_ln194_103_fu_3910_p2  |       xor|   0|  0|    2|           1|           1|
    |xor_ln194_104_fu_3932_p2  |       xor|   0|  0|    2|           1|           1|
    |xor_ln194_105_fu_3956_p2  |       xor|   0|  0|    2|           1|           1|
    |xor_ln194_106_fu_3978_p2  |       xor|   0|  0|    2|           1|           1|
    |xor_ln194_107_fu_4002_p2  |       xor|   0|  0|    2|           1|           1|
    |xor_ln194_108_fu_4024_p2  |       xor|   0|  0|    2|           1|           1|
    |xor_ln194_109_fu_4048_p2  |       xor|   0|  0|    2|           1|           1|
    |xor_ln194_10_fu_1770_p2   |       xor|   0|  0|    2|           1|           1|
    |xor_ln194_110_fu_4070_p2  |       xor|   0|  0|    2|           1|           1|
    |xor_ln194_111_fu_4094_p2  |       xor|   0|  0|    2|           1|           1|
    |xor_ln194_112_fu_4116_p2  |       xor|   0|  0|    2|           1|           1|
    |xor_ln194_113_fu_4140_p2  |       xor|   0|  0|    2|           1|           1|
    |xor_ln194_114_fu_4162_p2  |       xor|   0|  0|    2|           1|           1|
    |xor_ln194_115_fu_4186_p2  |       xor|   0|  0|    2|           1|           1|
    |xor_ln194_116_fu_4208_p2  |       xor|   0|  0|    2|           1|           1|
    |xor_ln194_117_fu_4232_p2  |       xor|   0|  0|    2|           1|           1|
    |xor_ln194_118_fu_4254_p2  |       xor|   0|  0|    2|           1|           1|
    |xor_ln194_119_fu_4278_p2  |       xor|   0|  0|    2|           1|           1|
    |xor_ln194_11_fu_1794_p2   |       xor|   0|  0|    2|           1|           1|
    |xor_ln194_12_fu_1816_p2   |       xor|   0|  0|    2|           1|           1|
    |xor_ln194_13_fu_1840_p2   |       xor|   0|  0|    2|           1|           1|
    |xor_ln194_14_fu_1862_p2   |       xor|   0|  0|    2|           1|           1|
    |xor_ln194_15_fu_1886_p2   |       xor|   0|  0|    2|           1|           1|
    |xor_ln194_16_fu_1908_p2   |       xor|   0|  0|    2|           1|           1|
    |xor_ln194_17_fu_1932_p2   |       xor|   0|  0|    2|           1|           1|
    |xor_ln194_18_fu_1954_p2   |       xor|   0|  0|    2|           1|           1|
    |xor_ln194_19_fu_1978_p2   |       xor|   0|  0|    2|           1|           1|
    |xor_ln194_1_fu_1564_p2    |       xor|   0|  0|    2|           1|           1|
    |xor_ln194_20_fu_2000_p2   |       xor|   0|  0|    2|           1|           1|
    |xor_ln194_21_fu_2024_p2   |       xor|   0|  0|    2|           1|           1|
    |xor_ln194_22_fu_2046_p2   |       xor|   0|  0|    2|           1|           1|
    |xor_ln194_23_fu_2070_p2   |       xor|   0|  0|    2|           1|           1|
    |xor_ln194_24_fu_2092_p2   |       xor|   0|  0|    2|           1|           1|
    |xor_ln194_25_fu_2116_p2   |       xor|   0|  0|    2|           1|           1|
    |xor_ln194_26_fu_2138_p2   |       xor|   0|  0|    2|           1|           1|
    |xor_ln194_27_fu_2162_p2   |       xor|   0|  0|    2|           1|           1|
    |xor_ln194_28_fu_2184_p2   |       xor|   0|  0|    2|           1|           1|
    |xor_ln194_29_fu_2208_p2   |       xor|   0|  0|    2|           1|           1|
    |xor_ln194_2_fu_1586_p2    |       xor|   0|  0|    2|           1|           1|
    |xor_ln194_30_fu_2230_p2   |       xor|   0|  0|    2|           1|           1|
    |xor_ln194_31_fu_2254_p2   |       xor|   0|  0|    2|           1|           1|
    |xor_ln194_32_fu_2276_p2   |       xor|   0|  0|    2|           1|           1|
    |xor_ln194_33_fu_2300_p2   |       xor|   0|  0|    2|           1|           1|
    |xor_ln194_34_fu_2322_p2   |       xor|   0|  0|    2|           1|           1|
    |xor_ln194_35_fu_2346_p2   |       xor|   0|  0|    2|           1|           1|
    |xor_ln194_36_fu_2368_p2   |       xor|   0|  0|    2|           1|           1|
    |xor_ln194_37_fu_2392_p2   |       xor|   0|  0|    2|           1|           1|
    |xor_ln194_38_fu_2414_p2   |       xor|   0|  0|    2|           1|           1|
    |xor_ln194_39_fu_2438_p2   |       xor|   0|  0|    2|           1|           1|
    |xor_ln194_3_fu_1610_p2    |       xor|   0|  0|    2|           1|           1|
    |xor_ln194_40_fu_2460_p2   |       xor|   0|  0|    2|           1|           1|
    |xor_ln194_41_fu_2484_p2   |       xor|   0|  0|    2|           1|           1|
    |xor_ln194_42_fu_2506_p2   |       xor|   0|  0|    2|           1|           1|
    |xor_ln194_43_fu_2530_p2   |       xor|   0|  0|    2|           1|           1|
    |xor_ln194_44_fu_2552_p2   |       xor|   0|  0|    2|           1|           1|
    |xor_ln194_45_fu_2576_p2   |       xor|   0|  0|    2|           1|           1|
    |xor_ln194_46_fu_2598_p2   |       xor|   0|  0|    2|           1|           1|
    |xor_ln194_47_fu_2622_p2   |       xor|   0|  0|    2|           1|           1|
    |xor_ln194_48_fu_2644_p2   |       xor|   0|  0|    2|           1|           1|
    |xor_ln194_49_fu_2668_p2   |       xor|   0|  0|    2|           1|           1|
    |xor_ln194_4_fu_1632_p2    |       xor|   0|  0|    2|           1|           1|
    |xor_ln194_50_fu_2690_p2   |       xor|   0|  0|    2|           1|           1|
    |xor_ln194_51_fu_2714_p2   |       xor|   0|  0|    2|           1|           1|
    |xor_ln194_52_fu_2736_p2   |       xor|   0|  0|    2|           1|           1|
    |xor_ln194_53_fu_2760_p2   |       xor|   0|  0|    2|           1|           1|
    |xor_ln194_54_fu_2782_p2   |       xor|   0|  0|    2|           1|           1|
    |xor_ln194_55_fu_2806_p2   |       xor|   0|  0|    2|           1|           1|
    |xor_ln194_56_fu_2828_p2   |       xor|   0|  0|    2|           1|           1|
    |xor_ln194_57_fu_2852_p2   |       xor|   0|  0|    2|           1|           1|
    |xor_ln194_58_fu_2874_p2   |       xor|   0|  0|    2|           1|           1|
    |xor_ln194_59_fu_2898_p2   |       xor|   0|  0|    2|           1|           1|
    |xor_ln194_5_fu_1656_p2    |       xor|   0|  0|    2|           1|           1|
    |xor_ln194_60_fu_2920_p2   |       xor|   0|  0|    2|           1|           1|
    |xor_ln194_61_fu_2944_p2   |       xor|   0|  0|    2|           1|           1|
    |xor_ln194_62_fu_2966_p2   |       xor|   0|  0|    2|           1|           1|
    |xor_ln194_63_fu_2990_p2   |       xor|   0|  0|    2|           1|           1|
    |xor_ln194_64_fu_3012_p2   |       xor|   0|  0|    2|           1|           1|
    |xor_ln194_65_fu_3036_p2   |       xor|   0|  0|    2|           1|           1|
    |xor_ln194_66_fu_3058_p2   |       xor|   0|  0|    2|           1|           1|
    |xor_ln194_67_fu_3082_p2   |       xor|   0|  0|    2|           1|           1|
    |xor_ln194_68_fu_3104_p2   |       xor|   0|  0|    2|           1|           1|
    |xor_ln194_69_fu_3128_p2   |       xor|   0|  0|    2|           1|           1|
    |xor_ln194_6_fu_1678_p2    |       xor|   0|  0|    2|           1|           1|
    |xor_ln194_70_fu_3150_p2   |       xor|   0|  0|    2|           1|           1|
    |xor_ln194_71_fu_3174_p2   |       xor|   0|  0|    2|           1|           1|
    |xor_ln194_72_fu_3196_p2   |       xor|   0|  0|    2|           1|           1|
    |xor_ln194_73_fu_3220_p2   |       xor|   0|  0|    2|           1|           1|
    |xor_ln194_74_fu_3242_p2   |       xor|   0|  0|    2|           1|           1|
    |xor_ln194_75_fu_3266_p2   |       xor|   0|  0|    2|           1|           1|
    |xor_ln194_76_fu_3288_p2   |       xor|   0|  0|    2|           1|           1|
    |xor_ln194_77_fu_3312_p2   |       xor|   0|  0|    2|           1|           1|
    |xor_ln194_78_fu_3334_p2   |       xor|   0|  0|    2|           1|           1|
    |xor_ln194_79_fu_3358_p2   |       xor|   0|  0|    2|           1|           1|
    |xor_ln194_7_fu_1702_p2    |       xor|   0|  0|    2|           1|           1|
    |xor_ln194_80_fu_3380_p2   |       xor|   0|  0|    2|           1|           1|
    |xor_ln194_81_fu_3404_p2   |       xor|   0|  0|    2|           1|           1|
    |xor_ln194_82_fu_3426_p2   |       xor|   0|  0|    2|           1|           1|
    |xor_ln194_83_fu_3450_p2   |       xor|   0|  0|    2|           1|           1|
    |xor_ln194_84_fu_3472_p2   |       xor|   0|  0|    2|           1|           1|
    |xor_ln194_85_fu_3496_p2   |       xor|   0|  0|    2|           1|           1|
    |xor_ln194_86_fu_3518_p2   |       xor|   0|  0|    2|           1|           1|
    |xor_ln194_87_fu_3542_p2   |       xor|   0|  0|    2|           1|           1|
    |xor_ln194_88_fu_3564_p2   |       xor|   0|  0|    2|           1|           1|
    |xor_ln194_89_fu_3588_p2   |       xor|   0|  0|    2|           1|           1|
    |xor_ln194_8_fu_1724_p2    |       xor|   0|  0|    2|           1|           1|
    |xor_ln194_90_fu_3610_p2   |       xor|   0|  0|    2|           1|           1|
    |xor_ln194_91_fu_3634_p2   |       xor|   0|  0|    2|           1|           1|
    |xor_ln194_92_fu_3656_p2   |       xor|   0|  0|    2|           1|           1|
    |xor_ln194_93_fu_3680_p2   |       xor|   0|  0|    2|           1|           1|
    |xor_ln194_94_fu_3702_p2   |       xor|   0|  0|    2|           1|           1|
    |xor_ln194_95_fu_3726_p2   |       xor|   0|  0|    2|           1|           1|
    |xor_ln194_96_fu_3748_p2   |       xor|   0|  0|    2|           1|           1|
    |xor_ln194_97_fu_3772_p2   |       xor|   0|  0|    2|           1|           1|
    |xor_ln194_98_fu_3794_p2   |       xor|   0|  0|    2|           1|           1|
    |xor_ln194_99_fu_3818_p2   |       xor|   0|  0|    2|           1|           1|
    |xor_ln194_9_fu_1748_p2    |       xor|   0|  0|    2|           1|           1|
    |xor_ln194_fu_1534_p2      |       xor|   0|  0|    2|           1|           1|
    +--------------------------+----------+----+---+-----+------------+------------+
    |Total                     |          |   0|  0|18427|       10513|       16480|
    +--------------------------+----------+----+---+-----+------------+------------+

    * Multiplexer: 
    +-----------+-----+-----------+-----+-----------+
    |    Name   | LUT | Input Size| Bits| Total Bits|
    +-----------+-----+-----------+-----+-----------+
    |ap_NS_fsm  |  273|         64|    1|         64|
    |ap_return  |    9|          2|   40|         80|
    +-----------+-----+-----------+-----+-----------+
    |Total      |  282|         66|   41|        144|
    +-----------+-----+-----------+-----+-----------+

    * Register: 
    +-----------------------+----+----+-----+-----------+
    |          Name         | FF | LUT| Bits| Const Bits|
    +-----------------------+----+----+-----+-----------+
    |add_ln183_11_reg_4564  |  40|   0|   40|          0|
    |add_ln183_13_reg_4655  |  40|   0|   40|          0|
    |add_ln183_1_reg_4544   |  40|   0|   40|          0|
    |add_ln183_2_reg_4645   |  40|   0|   40|          0|
    |add_ln183_4_reg_4549   |  40|   0|   40|          0|
    |add_ln183_5_reg_4650   |  40|   0|   40|          0|
    |add_ln183_7_reg_4554   |  40|   0|   40|          0|
    |add_ln183_8_reg_4559   |  40|   0|   40|          0|
    |ap_CS_fsm              |  63|   0|   63|          0|
    |ap_return_preg         |  40|   0|   40|          0|
    |e_104_reg_4762         |  40|   0|   40|          0|
    |e_110_reg_4768         |  40|   0|   40|          0|
    |e_116_reg_4774         |  40|   0|   40|          0|
    |e_122_reg_4780         |  40|   0|   40|          0|
    |e_128_reg_4786         |  40|   0|   40|          0|
    |e_134_reg_4792         |  40|   0|   40|          0|
    |e_140_reg_4798         |  40|   0|   40|          0|
    |e_146_reg_4804         |  40|   0|   40|          0|
    |e_14_reg_4672          |  40|   0|   40|          0|
    |e_152_reg_4810         |  40|   0|   40|          0|
    |e_158_reg_4816         |  40|   0|   40|          0|
    |e_164_reg_4822         |  40|   0|   40|          0|
    |e_170_reg_4828         |  40|   0|   40|          0|
    |e_176_reg_4834         |  40|   0|   40|          0|
    |e_182_reg_4840         |  40|   0|   40|          0|
    |e_188_reg_4846         |  40|   0|   40|          0|
    |e_194_reg_4852         |  40|   0|   40|          0|
    |e_200_reg_4858         |  40|   0|   40|          0|
    |e_206_reg_4864         |  40|   0|   40|          0|
    |e_20_reg_4678          |  40|   0|   40|          0|
    |e_212_reg_4870         |  40|   0|   40|          0|
    |e_218_reg_4876         |  40|   0|   40|          0|
    |e_224_reg_4882         |  40|   0|   40|          0|
    |e_230_reg_4888         |  40|   0|   40|          0|
    |e_236_reg_4894         |  40|   0|   40|          0|
    |e_242_reg_4900         |  40|   0|   40|          0|
    |e_248_reg_4906         |  40|   0|   40|          0|
    |e_254_reg_4912         |  40|   0|   40|          0|
    |e_260_reg_4918         |  40|   0|   40|          0|
    |e_266_reg_4924         |  40|   0|   40|          0|
    |e_26_reg_4684          |  40|   0|   40|          0|
    |e_272_reg_4930         |  40|   0|   40|          0|
    |e_278_reg_4936         |  40|   0|   40|          0|
    |e_284_reg_4942         |  40|   0|   40|          0|
    |e_290_reg_4948         |  40|   0|   40|          0|
    |e_296_reg_4954         |  40|   0|   40|          0|
    |e_2_reg_4660           |  40|   0|   40|          0|
    |e_302_reg_4960         |  40|   0|   40|          0|
    |e_308_reg_4966         |  40|   0|   40|          0|
    |e_314_reg_4972         |  40|   0|   40|          0|
    |e_320_reg_4978         |  40|   0|   40|          0|
    |e_326_reg_4984         |  40|   0|   40|          0|
    |e_32_reg_4690          |  40|   0|   40|          0|
    |e_332_reg_4990         |  40|   0|   40|          0|
    |e_338_reg_4996         |  40|   0|   40|          0|
    |e_344_reg_5002         |  40|   0|   40|          0|
    |e_350_reg_5008         |  40|   0|   40|          0|
    |e_356_reg_5014         |  40|   0|   40|          0|
    |e_38_reg_4696          |  40|   0|   40|          0|
    |e_44_reg_4702          |  40|   0|   40|          0|
    |e_50_reg_4708          |  40|   0|   40|          0|
    |e_56_reg_4714          |  40|   0|   40|          0|
    |e_62_reg_4720          |  40|   0|   40|          0|
    |e_68_reg_4726          |  40|   0|   40|          0|
    |e_74_reg_4732          |  40|   0|   40|          0|
    |e_80_reg_4738          |  40|   0|   40|          0|
    |e_86_reg_4744          |  40|   0|   40|          0|
    |e_8_reg_4666           |  40|   0|   40|          0|
    |e_92_reg_4750          |  40|   0|   40|          0|
    |e_98_reg_4756          |  40|   0|   40|          0|
    |term_3_reg_4534        |  40|   0|   40|          0|
    |term_6_reg_4539        |  40|   0|   40|          0|
    +-----------------------+----+----+-----+-----------+
    |Total                  |2903|   0| 2903|          0|
    +-----------------------+----+----+-----+-----------+



================================================================
== Interface
================================================================
* Summary: 
+-------------+-----+-----+------------+----------------------+--------------+
|  RTL Ports  | Dir | Bits|  Protocol  |     Source Object    |    C Type    |
+-------------+-----+-----+------------+----------------------+--------------+
|ap_clk       |   in|    1|  ap_ctrl_hs|  uniform_delta_energy|  return value|
|ap_rst       |   in|    1|  ap_ctrl_hs|  uniform_delta_energy|  return value|
|ap_start     |   in|    1|  ap_ctrl_hs|  uniform_delta_energy|  return value|
|ap_done      |  out|    1|  ap_ctrl_hs|  uniform_delta_energy|  return value|
|ap_idle      |  out|    1|  ap_ctrl_hs|  uniform_delta_energy|  return value|
|ap_ready     |  out|    1|  ap_ctrl_hs|  uniform_delta_energy|  return value|
|ap_return    |  out|   40|  ap_ctrl_hs|  uniform_delta_energy|  return value|
|J_0_1_val    |   in|   40|     ap_none|             J_0_1_val|        scalar|
|J_0_2_val    |   in|   40|     ap_none|             J_0_2_val|        scalar|
|J_0_3_val    |   in|   40|     ap_none|             J_0_3_val|        scalar|
|J_0_4_val    |   in|   40|     ap_none|             J_0_4_val|        scalar|
|J_0_5_val    |   in|   40|     ap_none|             J_0_5_val|        scalar|
|J_0_6_val    |   in|   40|     ap_none|             J_0_6_val|        scalar|
|J_0_7_val    |   in|   40|     ap_none|             J_0_7_val|        scalar|
|J_0_8_val    |   in|   40|     ap_none|             J_0_8_val|        scalar|
|J_0_9_val    |   in|   40|     ap_none|             J_0_9_val|        scalar|
|J_0_10_val   |   in|   40|     ap_none|            J_0_10_val|        scalar|
|J_0_11_val   |   in|   40|     ap_none|            J_0_11_val|        scalar|
|J_0_12_val   |   in|   40|     ap_none|            J_0_12_val|        scalar|
|J_0_13_val   |   in|   40|     ap_none|            J_0_13_val|        scalar|
|J_0_14_val   |   in|   40|     ap_none|            J_0_14_val|        scalar|
|J_0_15_val   |   in|   40|     ap_none|            J_0_15_val|        scalar|
|J_1_2_val    |   in|   40|     ap_none|             J_1_2_val|        scalar|
|J_1_3_val    |   in|   40|     ap_none|             J_1_3_val|        scalar|
|J_1_4_val    |   in|   40|     ap_none|             J_1_4_val|        scalar|
|J_1_5_val    |   in|   40|     ap_none|             J_1_5_val|        scalar|
|J_1_6_val    |   in|   40|     ap_none|             J_1_6_val|        scalar|
|J_1_7_val    |   in|   40|     ap_none|             J_1_7_val|        scalar|
|J_1_8_val    |   in|   40|     ap_none|             J_1_8_val|        scalar|
|J_1_9_val    |   in|   40|     ap_none|             J_1_9_val|        scalar|
|J_1_10_val   |   in|   40|     ap_none|            J_1_10_val|        scalar|
|J_1_11_val   |   in|   40|     ap_none|            J_1_11_val|        scalar|
|J_1_12_val   |   in|   40|     ap_none|            J_1_12_val|        scalar|
|J_1_13_val   |   in|   40|     ap_none|            J_1_13_val|        scalar|
|J_1_14_val   |   in|   40|     ap_none|            J_1_14_val|        scalar|
|J_1_15_val   |   in|   40|     ap_none|            J_1_15_val|        scalar|
|J_2_3_val    |   in|   40|     ap_none|             J_2_3_val|        scalar|
|J_2_4_val    |   in|   40|     ap_none|             J_2_4_val|        scalar|
|J_2_5_val    |   in|   40|     ap_none|             J_2_5_val|        scalar|
|J_2_6_val    |   in|   40|     ap_none|             J_2_6_val|        scalar|
|J_2_7_val    |   in|   40|     ap_none|             J_2_7_val|        scalar|
|J_2_8_val    |   in|   40|     ap_none|             J_2_8_val|        scalar|
|J_2_9_val    |   in|   40|     ap_none|             J_2_9_val|        scalar|
|J_2_10_val   |   in|   40|     ap_none|            J_2_10_val|        scalar|
|J_2_11_val   |   in|   40|     ap_none|            J_2_11_val|        scalar|
|J_2_12_val   |   in|   40|     ap_none|            J_2_12_val|        scalar|
|J_2_13_val   |   in|   40|     ap_none|            J_2_13_val|        scalar|
|J_2_14_val   |   in|   40|     ap_none|            J_2_14_val|        scalar|
|J_2_15_val   |   in|   40|     ap_none|            J_2_15_val|        scalar|
|J_3_4_val    |   in|   40|     ap_none|             J_3_4_val|        scalar|
|J_3_5_val    |   in|   40|     ap_none|             J_3_5_val|        scalar|
|J_3_6_val    |   in|   40|     ap_none|             J_3_6_val|        scalar|
|J_3_7_val    |   in|   40|     ap_none|             J_3_7_val|        scalar|
|J_3_8_val    |   in|   40|     ap_none|             J_3_8_val|        scalar|
|J_3_9_val    |   in|   40|     ap_none|             J_3_9_val|        scalar|
|J_3_10_val   |   in|   40|     ap_none|            J_3_10_val|        scalar|
|J_3_11_val   |   in|   40|     ap_none|            J_3_11_val|        scalar|
|J_3_12_val   |   in|   40|     ap_none|            J_3_12_val|        scalar|
|J_3_13_val   |   in|   40|     ap_none|            J_3_13_val|        scalar|
|J_3_14_val   |   in|   40|     ap_none|            J_3_14_val|        scalar|
|J_3_15_val   |   in|   40|     ap_none|            J_3_15_val|        scalar|
|J_4_5_val    |   in|   40|     ap_none|             J_4_5_val|        scalar|
|J_4_6_val    |   in|   40|     ap_none|             J_4_6_val|        scalar|
|J_4_7_val    |   in|   40|     ap_none|             J_4_7_val|        scalar|
|J_4_8_val    |   in|   40|     ap_none|             J_4_8_val|        scalar|
|J_4_9_val    |   in|   40|     ap_none|             J_4_9_val|        scalar|
|J_4_10_val   |   in|   40|     ap_none|            J_4_10_val|        scalar|
|J_4_11_val   |   in|   40|     ap_none|            J_4_11_val|        scalar|
|J_4_12_val   |   in|   40|     ap_none|            J_4_12_val|        scalar|
|J_4_13_val   |   in|   40|     ap_none|            J_4_13_val|        scalar|
|J_4_14_val   |   in|   40|     ap_none|            J_4_14_val|        scalar|
|J_4_15_val   |   in|   40|     ap_none|            J_4_15_val|        scalar|
|J_5_6_val    |   in|   40|     ap_none|             J_5_6_val|        scalar|
|J_5_7_val    |   in|   40|     ap_none|             J_5_7_val|        scalar|
|J_5_8_val    |   in|   40|     ap_none|             J_5_8_val|        scalar|
|J_5_9_val    |   in|   40|     ap_none|             J_5_9_val|        scalar|
|J_5_10_val   |   in|   40|     ap_none|            J_5_10_val|        scalar|
|J_5_11_val   |   in|   40|     ap_none|            J_5_11_val|        scalar|
|J_5_12_val   |   in|   40|     ap_none|            J_5_12_val|        scalar|
|J_5_13_val   |   in|   40|     ap_none|            J_5_13_val|        scalar|
|J_5_14_val   |   in|   40|     ap_none|            J_5_14_val|        scalar|
|J_5_15_val   |   in|   40|     ap_none|            J_5_15_val|        scalar|
|J_6_7_val    |   in|   40|     ap_none|             J_6_7_val|        scalar|
|J_6_8_val    |   in|   40|     ap_none|             J_6_8_val|        scalar|
|J_6_9_val    |   in|   40|     ap_none|             J_6_9_val|        scalar|
|J_6_10_val   |   in|   40|     ap_none|            J_6_10_val|        scalar|
|J_6_11_val   |   in|   40|     ap_none|            J_6_11_val|        scalar|
|J_6_12_val   |   in|   40|     ap_none|            J_6_12_val|        scalar|
|J_6_13_val   |   in|   40|     ap_none|            J_6_13_val|        scalar|
|J_6_14_val   |   in|   40|     ap_none|            J_6_14_val|        scalar|
|J_6_15_val   |   in|   40|     ap_none|            J_6_15_val|        scalar|
|J_7_8_val    |   in|   40|     ap_none|             J_7_8_val|        scalar|
|J_7_9_val    |   in|   40|     ap_none|             J_7_9_val|        scalar|
|J_7_10_val   |   in|   40|     ap_none|            J_7_10_val|        scalar|
|J_7_11_val   |   in|   40|     ap_none|            J_7_11_val|        scalar|
|J_7_12_val   |   in|   40|     ap_none|            J_7_12_val|        scalar|
|J_7_13_val   |   in|   40|     ap_none|            J_7_13_val|        scalar|
|J_7_14_val   |   in|   40|     ap_none|            J_7_14_val|        scalar|
|J_7_15_val   |   in|   40|     ap_none|            J_7_15_val|        scalar|
|J_8_9_val    |   in|   40|     ap_none|             J_8_9_val|        scalar|
|J_8_10_val   |   in|   40|     ap_none|            J_8_10_val|        scalar|
|J_8_11_val   |   in|   40|     ap_none|            J_8_11_val|        scalar|
|J_8_12_val   |   in|   40|     ap_none|            J_8_12_val|        scalar|
|J_8_13_val   |   in|   40|     ap_none|            J_8_13_val|        scalar|
|J_8_14_val   |   in|   40|     ap_none|            J_8_14_val|        scalar|
|J_8_15_val   |   in|   40|     ap_none|            J_8_15_val|        scalar|
|J_9_10_val   |   in|   40|     ap_none|            J_9_10_val|        scalar|
|J_9_11_val   |   in|   40|     ap_none|            J_9_11_val|        scalar|
|J_9_12_val   |   in|   40|     ap_none|            J_9_12_val|        scalar|
|J_9_13_val   |   in|   40|     ap_none|            J_9_13_val|        scalar|
|J_9_14_val   |   in|   40|     ap_none|            J_9_14_val|        scalar|
|J_9_15_val   |   in|   40|     ap_none|            J_9_15_val|        scalar|
|J_10_11_val  |   in|   40|     ap_none|           J_10_11_val|        scalar|
|J_10_12_val  |   in|   40|     ap_none|           J_10_12_val|        scalar|
|J_10_13_val  |   in|   40|     ap_none|           J_10_13_val|        scalar|
|J_10_14_val  |   in|   40|     ap_none|           J_10_14_val|        scalar|
|J_10_15_val  |   in|   40|     ap_none|           J_10_15_val|        scalar|
|J_11_12_val  |   in|   40|     ap_none|           J_11_12_val|        scalar|
|J_11_13_val  |   in|   40|     ap_none|           J_11_13_val|        scalar|
|J_11_14_val  |   in|   40|     ap_none|           J_11_14_val|        scalar|
|J_11_15_val  |   in|   40|     ap_none|           J_11_15_val|        scalar|
|J_12_13_val  |   in|   40|     ap_none|           J_12_13_val|        scalar|
|J_12_14_val  |   in|   40|     ap_none|           J_12_14_val|        scalar|
|J_12_15_val  |   in|   40|     ap_none|           J_12_15_val|        scalar|
|J_13_14_val  |   in|   40|     ap_none|           J_13_14_val|        scalar|
|J_13_15_val  |   in|   40|     ap_none|           J_13_15_val|        scalar|
|J_14_15_val  |   in|   40|     ap_none|           J_14_15_val|        scalar|
|h_0_val      |   in|   40|     ap_none|               h_0_val|        scalar|
|h_1_val      |   in|   40|     ap_none|               h_1_val|        scalar|
|h_2_val      |   in|   40|     ap_none|               h_2_val|        scalar|
|h_3_val      |   in|   40|     ap_none|               h_3_val|        scalar|
|h_4_val      |   in|   40|     ap_none|               h_4_val|        scalar|
|h_5_val      |   in|   40|     ap_none|               h_5_val|        scalar|
|h_6_val      |   in|   40|     ap_none|               h_6_val|        scalar|
|h_7_val      |   in|   40|     ap_none|               h_7_val|        scalar|
|h_8_val      |   in|   40|     ap_none|               h_8_val|        scalar|
|h_9_val      |   in|   40|     ap_none|               h_9_val|        scalar|
|h_10_val     |   in|   40|     ap_none|              h_10_val|        scalar|
|h_11_val     |   in|   40|     ap_none|              h_11_val|        scalar|
|h_12_val     |   in|   40|     ap_none|              h_12_val|        scalar|
|h_13_val     |   in|   40|     ap_none|              h_13_val|        scalar|
|h_14_val     |   in|   40|     ap_none|              h_14_val|        scalar|
|h_15_val     |   in|   40|     ap_none|              h_15_val|        scalar|
|y_0_val      |   in|    1|     ap_none|               y_0_val|        scalar|
|y_1_val      |   in|    1|     ap_none|               y_1_val|        scalar|
|y_2_val      |   in|    1|     ap_none|               y_2_val|        scalar|
|y_3_val      |   in|    1|     ap_none|               y_3_val|        scalar|
|y_4_val      |   in|    1|     ap_none|               y_4_val|        scalar|
|y_5_val      |   in|    1|     ap_none|               y_5_val|        scalar|
|y_6_val      |   in|    1|     ap_none|               y_6_val|        scalar|
|y_7_val      |   in|    1|     ap_none|               y_7_val|        scalar|
|y_8_val      |   in|    1|     ap_none|               y_8_val|        scalar|
|y_9_val      |   in|    1|     ap_none|               y_9_val|        scalar|
|y_10_val     |   in|    1|     ap_none|              y_10_val|        scalar|
|y_11_val     |   in|    1|     ap_none|              y_11_val|        scalar|
|y_12_val     |   in|    1|     ap_none|              y_12_val|        scalar|
|y_13_val     |   in|    1|     ap_none|              y_13_val|        scalar|
|y_14_val     |   in|    1|     ap_none|              y_14_val|        scalar|
|y_15_val     |   in|    1|     ap_none|              y_15_val|        scalar|
|old_energy   |   in|   40|     ap_none|            old_energy|        scalar|
+-------------+-----+-----+------------+----------------------+--------------+

