

================================================================
== Vitis HLS Report for 'uniform_metropolis_step'
================================================================
* Date:           Tue May 19 20:36:24 2026

* Version:        2025.2 (Build 6295257 on Nov 14 2025)
* Project:        hls_uniform_metropolis_step_N16
* Solution:       hls (Vivado IP Flow Target)
* Product family: virtexuplus
* Target device:  xcvu19p-fsva3824-2-e


================================================================
== Performance Estimates
================================================================
+ Timing: 
    * Summary: 
    +--------+---------+----------+------------+
    |  Clock |  Target | Estimated| Uncertainty|
    +--------+---------+----------+------------+
    |ap_clk  |  3.33 ns|  2.388 ns|     0.90 ns|
    +--------+---------+----------+------------+

+ Latency: 
    * Summary: 
    +---------+---------+----------+----------+-----+-----+---------+
    |  Latency (cycles) |  Latency (absolute) |  Interval | Pipeline|
    |   min   |   max   |    min   |    max   | min | max |   Type  |
    +---------+---------+----------+----------+-----+-----+---------+
    |       65|       74|  0.217 us|  0.247 us|   66|   75|       no|
    +---------+---------+----------+----------+-----+-----+---------+

    + Detail: 
        * Instance: 
        +----------------------------------+----------------------+---------+---------+----------+----------+-----+-----+---------+
        |                                  |                      |  Latency (cycles) |  Latency (absolute) |  Interval | Pipeline|
        |             Instance             |        Module        |   min   |   max   |    min   |    max   | min | max |   Type  |
        +----------------------------------+----------------------+---------+---------+----------+----------+-----+-----+---------+
        |grp_uniform_delta_energy_fu_1703  |uniform_delta_energy  |       62|       62|  0.207 us|  0.207 us|   62|   62|       no|
        +----------------------------------+----------------------+---------+---------+----------+----------+-----+-----+---------+

        * Loop: 
        N/A



================================================================
== Utilization Estimates
================================================================
* Summary: 
+---------------------+---------+------+---------+---------+-----+
|         Name        | BRAM_18K|  DSP |    FF   |   LUT   | URAM|
+---------------------+---------+------+---------+---------+-----+
|DSP                  |        -|     -|        -|        -|    -|
|Expression           |        -|     -|        0|      703|    -|
|FIFO                 |        -|     -|        -|        -|    -|
|Instance             |        -|     7|     3302|    18882|    -|
|Memory               |        0|     -|        0|        0|    -|
|Multiplexer          |        -|     -|        0|       93|    -|
|Register             |        -|     -|     5968|        -|    -|
+---------------------+---------+------+---------+---------+-----+
|Total                |        0|     7|     9270|    19678|    0|
+---------------------+---------+------+---------+---------+-----+
|Available SLR        |     1080|   960|  2042880|  1021440|   80|
+---------------------+---------+------+---------+---------+-----+
|Utilization SLR (%)  |        0|    ~0|       ~0|        1|    0|
+---------------------+---------+------+---------+---------+-----+
|Available            |     4320|  3840|  8171520|  4085760|  320|
+---------------------+---------+------+---------+---------+-----+
|Utilization (%)      |        0|    ~0|       ~0|       ~0|    0|
+---------------------+---------+------+---------+---------+-----+

+ Detail: 
    * Instance: 
    +----------------------------------+----------------------+---------+----+------+-------+-----+
    |             Instance             |        Module        | BRAM_18K| DSP|  FF  |  LUT  | URAM|
    +----------------------------------+----------------------+---------+----+------+-------+-----+
    |mul_26s_36s_60_2_1_U154           |mul_26s_36s_60_2_1    |        0|   2|   202|     84|    0|
    |mul_40ns_40s_64_2_1_U155          |mul_40ns_40s_64_2_1   |        0|   5|   197|     80|    0|
    |sparsemux_7_2_40_1_1_U156         |sparsemux_7_2_40_1_1  |        0|   0|     0|      9|    0|
    |grp_uniform_delta_energy_fu_1703  |uniform_delta_energy  |        0|   0|  2903|  18709|    0|
    +----------------------------------+----------------------+---------+----+------+-------+-----+
    |Total                             |                      |        0|   7|  3302|  18882|    0|
    +----------------------------------+----------------------+---------+----+------+-------+-----+

    * DSP: 
    N/A

    * Memory: 
    +---------------+-------------------------+---------+---+----+-----+------+-----+------+-------------+
    |     Memory    |          Module         | BRAM_18K| FF| LUT| URAM| Words| Bits| Banks| W*Bits*Banks|
    +---------------+-------------------------+---------+---+----+-----+------+-----+------+-------------+
    |EXP_NEG_LUT_U  |EXP_NEG_LUT_ROM_AUTO_1R  |        0|  0|   0|    0|  1025|   40|     1|        41000|
    +---------------+-------------------------+---------+---+----+-----+------+-----+------+-------------+
    |Total          |                         |        0|  0|   0|    0|  1025|   40|     1|        41000|
    +---------------+-------------------------+---------+---+----+-----+------+-----+------+-------------+

    * FIFO: 
    N/A

    * Expression: 
    +------------------------+----------+----+---+-----+------------+------------+
    |      Variable Name     | Operation| DSP| FF| LUT | Bitwidth P0| Bitwidth P1|
    +------------------------+----------+----+---+-----+------------+------------+
    |add_ln280_fu_2357_p2    |         +|   0|  0|   47|          40|          40|
    |add_ln87_fu_2169_p2     |         +|   0|  0|   18|          11|           1|
    |add_ln89_fu_2241_p2     |         +|   0|  0|   68|          61|          61|
    |sub_ln75_1_fu_2106_p2   |         -|   0|  0|   66|           1|          59|
    |sub_ln75_fu_2085_p2     |         -|   0|  0|  107|           1|          88|
    |sub_ln84_fu_2159_p2     |         -|   0|  0|   34|          27|          27|
    |sub_ln89_fu_2205_p2     |         -|   0|  0|   33|          26|          26|
    |and_ln91_1_fu_2313_p2   |       and|   0|  0|    2|           1|           1|
    |and_ln91_fu_2308_p2     |       and|   0|  0|    2|           1|           1|
    |icmp_ln116_fu_2021_p2   |      icmp|   0|  0|   47|          40|           1|
    |icmp_ln123_fu_2345_p2   |      icmp|   0|  0|   47|          40|          40|
    |icmp_ln59_fu_2073_p2    |      icmp|   0|  0|   47|          40|           1|
    |icmp_ln63_fu_2101_p2    |      icmp|   0|  0|   18|          11|           1|
    |icmp_ln91_fu_2273_p2    |      icmp|   0|  0|   44|          37|           1|
    |icmp_ln95_fu_2267_p2    |      icmp|   0|  0|   20|          13|           1|
    |p_fu_2325_p4            |    select|   0|  0|   41|           1|          41|
    |select_ln75_fu_2118_p3  |    select|   0|  0|   58|           1|          59|
    |xor_ln123_fu_2350_p2    |       xor|   0|  0|    2|           1|           2|
    |xor_ln59_fu_2303_p2     |       xor|   0|  0|    2|           1|           2|
    +------------------------+----------+----+---+-----+------------+------------+
    |Total                   |          |   0|  0|  703|         354|         453|
    +------------------------+----------+----+---+-----+------------+------------+

    * Multiplexer: 
    +---------------------------------+----+-----------+-----+-----------+
    |               Name              | LUT| Input Size| Bits| Total Bits|
    +---------------------------------+----+-----------+-----+-----------+
    |accepted                         |  14|          3|    1|          3|
    |ap_NS_fsm                        |  65|         14|    1|         14|
    |ap_phi_mux_empty_phi_fu_1696_p4  |  14|          3|   40|        120|
    +---------------------------------+----+-----------+-----+-----------+
    |Total                            |  93|         20|   42|        137|
    +---------------------------------+----+-----------+-----+-----------+

    * Register: 
    +-----------------------------------------------+----+----+-----+-----------+
    |                      Name                     | FF | LUT| Bits| Const Bits|
    +-----------------------------------------------+----+----+-----+-----------+
    |J_0_10_read_reg_2414                           |  40|   0|   40|          0|
    |J_0_11_read_reg_2419                           |  40|   0|   40|          0|
    |J_0_12_read_reg_2424                           |  40|   0|   40|          0|
    |J_0_13_read_reg_2429                           |  40|   0|   40|          0|
    |J_0_14_read_reg_2434                           |  40|   0|   40|          0|
    |J_0_15_read_reg_2439                           |  40|   0|   40|          0|
    |J_0_1_read_reg_2369                            |  40|   0|   40|          0|
    |J_0_2_read_reg_2374                            |  40|   0|   40|          0|
    |J_0_3_read_reg_2379                            |  40|   0|   40|          0|
    |J_0_4_read_reg_2384                            |  40|   0|   40|          0|
    |J_0_5_read_reg_2389                            |  40|   0|   40|          0|
    |J_0_6_read_reg_2394                            |  40|   0|   40|          0|
    |J_0_7_read_reg_2399                            |  40|   0|   40|          0|
    |J_0_8_read_reg_2404                            |  40|   0|   40|          0|
    |J_0_9_read_reg_2409                            |  40|   0|   40|          0|
    |J_10_11_read_reg_2894                          |  40|   0|   40|          0|
    |J_10_12_read_reg_2899                          |  40|   0|   40|          0|
    |J_10_13_read_reg_2904                          |  40|   0|   40|          0|
    |J_10_14_read_reg_2909                          |  40|   0|   40|          0|
    |J_10_15_read_reg_2914                          |  40|   0|   40|          0|
    |J_11_12_read_reg_2919                          |  40|   0|   40|          0|
    |J_11_13_read_reg_2924                          |  40|   0|   40|          0|
    |J_11_14_read_reg_2929                          |  40|   0|   40|          0|
    |J_11_15_read_reg_2934                          |  40|   0|   40|          0|
    |J_12_13_read_reg_2939                          |  40|   0|   40|          0|
    |J_12_14_read_reg_2944                          |  40|   0|   40|          0|
    |J_12_15_read_reg_2949                          |  40|   0|   40|          0|
    |J_13_14_read_reg_2954                          |  40|   0|   40|          0|
    |J_13_15_read_reg_2959                          |  40|   0|   40|          0|
    |J_14_15_read_reg_2964                          |  40|   0|   40|          0|
    |J_1_10_read_reg_2484                           |  40|   0|   40|          0|
    |J_1_11_read_reg_2489                           |  40|   0|   40|          0|
    |J_1_12_read_reg_2494                           |  40|   0|   40|          0|
    |J_1_13_read_reg_2499                           |  40|   0|   40|          0|
    |J_1_14_read_reg_2504                           |  40|   0|   40|          0|
    |J_1_15_read_reg_2509                           |  40|   0|   40|          0|
    |J_1_2_read_reg_2444                            |  40|   0|   40|          0|
    |J_1_3_read_reg_2449                            |  40|   0|   40|          0|
    |J_1_4_read_reg_2454                            |  40|   0|   40|          0|
    |J_1_5_read_reg_2459                            |  40|   0|   40|          0|
    |J_1_6_read_reg_2464                            |  40|   0|   40|          0|
    |J_1_7_read_reg_2469                            |  40|   0|   40|          0|
    |J_1_8_read_reg_2474                            |  40|   0|   40|          0|
    |J_1_9_read_reg_2479                            |  40|   0|   40|          0|
    |J_2_10_read_reg_2549                           |  40|   0|   40|          0|
    |J_2_11_read_reg_2554                           |  40|   0|   40|          0|
    |J_2_12_read_reg_2559                           |  40|   0|   40|          0|
    |J_2_13_read_reg_2564                           |  40|   0|   40|          0|
    |J_2_14_read_reg_2569                           |  40|   0|   40|          0|
    |J_2_15_read_reg_2574                           |  40|   0|   40|          0|
    |J_2_3_read_reg_2514                            |  40|   0|   40|          0|
    |J_2_4_read_reg_2519                            |  40|   0|   40|          0|
    |J_2_5_read_reg_2524                            |  40|   0|   40|          0|
    |J_2_6_read_reg_2529                            |  40|   0|   40|          0|
    |J_2_7_read_reg_2534                            |  40|   0|   40|          0|
    |J_2_8_read_reg_2539                            |  40|   0|   40|          0|
    |J_2_9_read_reg_2544                            |  40|   0|   40|          0|
    |J_3_10_read_reg_2609                           |  40|   0|   40|          0|
    |J_3_11_read_reg_2614                           |  40|   0|   40|          0|
    |J_3_12_read_reg_2619                           |  40|   0|   40|          0|
    |J_3_13_read_reg_2624                           |  40|   0|   40|          0|
    |J_3_14_read_reg_2629                           |  40|   0|   40|          0|
    |J_3_15_read_reg_2634                           |  40|   0|   40|          0|
    |J_3_4_read_reg_2579                            |  40|   0|   40|          0|
    |J_3_5_read_reg_2584                            |  40|   0|   40|          0|
    |J_3_6_read_reg_2589                            |  40|   0|   40|          0|
    |J_3_7_read_reg_2594                            |  40|   0|   40|          0|
    |J_3_8_read_reg_2599                            |  40|   0|   40|          0|
    |J_3_9_read_reg_2604                            |  40|   0|   40|          0|
    |J_4_10_read_reg_2664                           |  40|   0|   40|          0|
    |J_4_11_read_reg_2669                           |  40|   0|   40|          0|
    |J_4_12_read_reg_2674                           |  40|   0|   40|          0|
    |J_4_13_read_reg_2679                           |  40|   0|   40|          0|
    |J_4_14_read_reg_2684                           |  40|   0|   40|          0|
    |J_4_15_read_reg_2689                           |  40|   0|   40|          0|
    |J_4_5_read_reg_2639                            |  40|   0|   40|          0|
    |J_4_6_read_reg_2644                            |  40|   0|   40|          0|
    |J_4_7_read_reg_2649                            |  40|   0|   40|          0|
    |J_4_8_read_reg_2654                            |  40|   0|   40|          0|
    |J_4_9_read_reg_2659                            |  40|   0|   40|          0|
    |J_5_10_read_reg_2714                           |  40|   0|   40|          0|
    |J_5_11_read_reg_2719                           |  40|   0|   40|          0|
    |J_5_12_read_reg_2724                           |  40|   0|   40|          0|
    |J_5_13_read_reg_2729                           |  40|   0|   40|          0|
    |J_5_14_read_reg_2734                           |  40|   0|   40|          0|
    |J_5_15_read_reg_2739                           |  40|   0|   40|          0|
    |J_5_6_read_reg_2694                            |  40|   0|   40|          0|
    |J_5_7_read_reg_2699                            |  40|   0|   40|          0|
    |J_5_8_read_reg_2704                            |  40|   0|   40|          0|
    |J_5_9_read_reg_2709                            |  40|   0|   40|          0|
    |J_6_10_read_reg_2759                           |  40|   0|   40|          0|
    |J_6_11_read_reg_2764                           |  40|   0|   40|          0|
    |J_6_12_read_reg_2769                           |  40|   0|   40|          0|
    |J_6_13_read_reg_2774                           |  40|   0|   40|          0|
    |J_6_14_read_reg_2779                           |  40|   0|   40|          0|
    |J_6_15_read_reg_2784                           |  40|   0|   40|          0|
    |J_6_7_read_reg_2744                            |  40|   0|   40|          0|
    |J_6_8_read_reg_2749                            |  40|   0|   40|          0|
    |J_6_9_read_reg_2754                            |  40|   0|   40|          0|
    |J_7_10_read_reg_2799                           |  40|   0|   40|          0|
    |J_7_11_read_reg_2804                           |  40|   0|   40|          0|
    |J_7_12_read_reg_2809                           |  40|   0|   40|          0|
    |J_7_13_read_reg_2814                           |  40|   0|   40|          0|
    |J_7_14_read_reg_2819                           |  40|   0|   40|          0|
    |J_7_15_read_reg_2824                           |  40|   0|   40|          0|
    |J_7_8_read_reg_2789                            |  40|   0|   40|          0|
    |J_7_9_read_reg_2794                            |  40|   0|   40|          0|
    |J_8_10_read_reg_2834                           |  40|   0|   40|          0|
    |J_8_11_read_reg_2839                           |  40|   0|   40|          0|
    |J_8_12_read_reg_2844                           |  40|   0|   40|          0|
    |J_8_13_read_reg_2849                           |  40|   0|   40|          0|
    |J_8_14_read_reg_2854                           |  40|   0|   40|          0|
    |J_8_15_read_reg_2859                           |  40|   0|   40|          0|
    |J_8_9_read_reg_2829                            |  40|   0|   40|          0|
    |J_9_10_read_reg_2864                           |  40|   0|   40|          0|
    |J_9_11_read_reg_2869                           |  40|   0|   40|          0|
    |J_9_12_read_reg_2874                           |  40|   0|   40|          0|
    |J_9_13_read_reg_2879                           |  40|   0|   40|          0|
    |J_9_14_read_reg_2884                           |  40|   0|   40|          0|
    |J_9_15_read_reg_2889                           |  40|   0|   40|          0|
    |add_ln89_reg_3251                              |  61|   0|   61|          0|
    |ap_CS_fsm                                      |  13|   0|   13|          0|
    |de_reg_3129                                    |  40|   0|   40|          0|
    |grp_uniform_delta_energy_fu_1703_ap_start_reg  |   1|   0|    1|          0|
    |h_0_read_reg_2969                              |  40|   0|   40|          0|
    |h_10_read_reg_3019                             |  40|   0|   40|          0|
    |h_11_read_reg_3024                             |  40|   0|   40|          0|
    |h_12_read_reg_3029                             |  40|   0|   40|          0|
    |h_13_read_reg_3034                             |  40|   0|   40|          0|
    |h_14_read_reg_3039                             |  40|   0|   40|          0|
    |h_15_read_reg_3044                             |  40|   0|   40|          0|
    |h_1_read_reg_2974                              |  40|   0|   40|          0|
    |h_2_read_reg_2979                              |  40|   0|   40|          0|
    |h_3_read_reg_2984                              |  40|   0|   40|          0|
    |h_4_read_reg_2989                              |  40|   0|   40|          0|
    |h_5_read_reg_2994                              |  40|   0|   40|          0|
    |h_6_read_reg_2999                              |  40|   0|   40|          0|
    |h_7_read_reg_3004                              |  40|   0|   40|          0|
    |h_8_read_reg_3009                              |  40|   0|   40|          0|
    |h_9_read_reg_3014                              |  40|   0|   40|          0|
    |icmp_ln116_reg_3142                            |   1|   0|    1|          0|
    |icmp_ln59_reg_3177                             |   1|   0|    1|          0|
    |icmp_ln63_reg_3188                             |   1|   0|    1|          0|
    |icmp_ln91_reg_3261                             |   1|   0|    1|          0|
    |icmp_ln95_reg_3256                             |   1|   0|    1|          0|
    |idx_reg_3193                                   |  11|   0|   11|          0|
    |mul_ln89_reg_3246                              |  60|   0|   60|          0|
    |old_energy_read_reg_2362                       |  40|   0|   40|          0|
    |sub_ln84_reg_3205                              |  27|   0|   27|          0|
    |sub_ln89_reg_3231                              |  26|   0|   26|          0|
    |tmp_1_reg_3167                                 |   1|   0|    1|          0|
    |tmp_3_reg_3200                                 |  26|   0|   26|          0|
    |tmp_4_reg_3220                                 |  25|   0|   25|          0|
    |tmp_5_reg_3226                                 |  25|   0|   25|          0|
    |tmp_6_reg_3172                                 |  11|   0|   11|          0|
    |tmp_reg_3161                                   |  30|   0|   30|          0|
    |trunc_ln75_1_reg_3183                          |  30|   0|   59|         29|
    |u_read_reg_3137                                |  40|   0|   40|          0|
    |x_reg_3156                                     |  40|   0|   40|          0|
    |y_0_read_reg_3049                              |   1|   0|    1|          0|
    |y_10_read_reg_3099                             |   1|   0|    1|          0|
    |y_11_read_reg_3104                             |   1|   0|    1|          0|
    |y_12_read_reg_3109                             |   1|   0|    1|          0|
    |y_13_read_reg_3114                             |   1|   0|    1|          0|
    |y_14_read_reg_3119                             |   1|   0|    1|          0|
    |y_15_read_reg_3124                             |   1|   0|    1|          0|
    |y_1_read_reg_3054                              |   1|   0|    1|          0|
    |y_2_read_reg_3059                              |   1|   0|    1|          0|
    |y_3_read_reg_3064                              |   1|   0|    1|          0|
    |y_4_read_reg_3069                              |   1|   0|    1|          0|
    |y_5_read_reg_3074                              |   1|   0|    1|          0|
    |y_6_read_reg_3079                              |   1|   0|    1|          0|
    |y_7_read_reg_3084                              |   1|   0|    1|          0|
    |y_8_read_reg_3089                              |   1|   0|    1|          0|
    |y_9_read_reg_3094                              |   1|   0|    1|          0|
    +-----------------------------------------------+----+----+-----+-----------+
    |Total                                          |5968|   0| 5997|         29|
    +-----------------------------------------------+----+----+-----+-----------+



================================================================
== Interface
================================================================
* Summary: 
+---------------------+-----+-----+------------+-------------------------+--------------+
|      RTL Ports      | Dir | Bits|  Protocol  |      Source Object      |    C Type    |
+---------------------+-----+-----+------------+-------------------------+--------------+
|ap_clk               |   in|    1|  ap_ctrl_hs|  uniform_metropolis_step|  return value|
|ap_rst               |   in|    1|  ap_ctrl_hs|  uniform_metropolis_step|  return value|
|ap_start             |   in|    1|  ap_ctrl_hs|  uniform_metropolis_step|  return value|
|ap_done              |  out|    1|  ap_ctrl_hs|  uniform_metropolis_step|  return value|
|ap_idle              |  out|    1|  ap_ctrl_hs|  uniform_metropolis_step|  return value|
|ap_ready             |  out|    1|  ap_ctrl_hs|  uniform_metropolis_step|  return value|
|J_0_0                |   in|   40|     ap_none|                    J_0_0|       pointer|
|J_0_1                |   in|   40|     ap_none|                    J_0_1|       pointer|
|J_0_2                |   in|   40|     ap_none|                    J_0_2|       pointer|
|J_0_3                |   in|   40|     ap_none|                    J_0_3|       pointer|
|J_0_4                |   in|   40|     ap_none|                    J_0_4|       pointer|
|J_0_5                |   in|   40|     ap_none|                    J_0_5|       pointer|
|J_0_6                |   in|   40|     ap_none|                    J_0_6|       pointer|
|J_0_7                |   in|   40|     ap_none|                    J_0_7|       pointer|
|J_0_8                |   in|   40|     ap_none|                    J_0_8|       pointer|
|J_0_9                |   in|   40|     ap_none|                    J_0_9|       pointer|
|J_0_10               |   in|   40|     ap_none|                   J_0_10|       pointer|
|J_0_11               |   in|   40|     ap_none|                   J_0_11|       pointer|
|J_0_12               |   in|   40|     ap_none|                   J_0_12|       pointer|
|J_0_13               |   in|   40|     ap_none|                   J_0_13|       pointer|
|J_0_14               |   in|   40|     ap_none|                   J_0_14|       pointer|
|J_0_15               |   in|   40|     ap_none|                   J_0_15|       pointer|
|J_1_0                |   in|   40|     ap_none|                    J_1_0|       pointer|
|J_1_1                |   in|   40|     ap_none|                    J_1_1|       pointer|
|J_1_2                |   in|   40|     ap_none|                    J_1_2|       pointer|
|J_1_3                |   in|   40|     ap_none|                    J_1_3|       pointer|
|J_1_4                |   in|   40|     ap_none|                    J_1_4|       pointer|
|J_1_5                |   in|   40|     ap_none|                    J_1_5|       pointer|
|J_1_6                |   in|   40|     ap_none|                    J_1_6|       pointer|
|J_1_7                |   in|   40|     ap_none|                    J_1_7|       pointer|
|J_1_8                |   in|   40|     ap_none|                    J_1_8|       pointer|
|J_1_9                |   in|   40|     ap_none|                    J_1_9|       pointer|
|J_1_10               |   in|   40|     ap_none|                   J_1_10|       pointer|
|J_1_11               |   in|   40|     ap_none|                   J_1_11|       pointer|
|J_1_12               |   in|   40|     ap_none|                   J_1_12|       pointer|
|J_1_13               |   in|   40|     ap_none|                   J_1_13|       pointer|
|J_1_14               |   in|   40|     ap_none|                   J_1_14|       pointer|
|J_1_15               |   in|   40|     ap_none|                   J_1_15|       pointer|
|J_2_0                |   in|   40|     ap_none|                    J_2_0|       pointer|
|J_2_1                |   in|   40|     ap_none|                    J_2_1|       pointer|
|J_2_2                |   in|   40|     ap_none|                    J_2_2|       pointer|
|J_2_3                |   in|   40|     ap_none|                    J_2_3|       pointer|
|J_2_4                |   in|   40|     ap_none|                    J_2_4|       pointer|
|J_2_5                |   in|   40|     ap_none|                    J_2_5|       pointer|
|J_2_6                |   in|   40|     ap_none|                    J_2_6|       pointer|
|J_2_7                |   in|   40|     ap_none|                    J_2_7|       pointer|
|J_2_8                |   in|   40|     ap_none|                    J_2_8|       pointer|
|J_2_9                |   in|   40|     ap_none|                    J_2_9|       pointer|
|J_2_10               |   in|   40|     ap_none|                   J_2_10|       pointer|
|J_2_11               |   in|   40|     ap_none|                   J_2_11|       pointer|
|J_2_12               |   in|   40|     ap_none|                   J_2_12|       pointer|
|J_2_13               |   in|   40|     ap_none|                   J_2_13|       pointer|
|J_2_14               |   in|   40|     ap_none|                   J_2_14|       pointer|
|J_2_15               |   in|   40|     ap_none|                   J_2_15|       pointer|
|J_3_0                |   in|   40|     ap_none|                    J_3_0|       pointer|
|J_3_1                |   in|   40|     ap_none|                    J_3_1|       pointer|
|J_3_2                |   in|   40|     ap_none|                    J_3_2|       pointer|
|J_3_3                |   in|   40|     ap_none|                    J_3_3|       pointer|
|J_3_4                |   in|   40|     ap_none|                    J_3_4|       pointer|
|J_3_5                |   in|   40|     ap_none|                    J_3_5|       pointer|
|J_3_6                |   in|   40|     ap_none|                    J_3_6|       pointer|
|J_3_7                |   in|   40|     ap_none|                    J_3_7|       pointer|
|J_3_8                |   in|   40|     ap_none|                    J_3_8|       pointer|
|J_3_9                |   in|   40|     ap_none|                    J_3_9|       pointer|
|J_3_10               |   in|   40|     ap_none|                   J_3_10|       pointer|
|J_3_11               |   in|   40|     ap_none|                   J_3_11|       pointer|
|J_3_12               |   in|   40|     ap_none|                   J_3_12|       pointer|
|J_3_13               |   in|   40|     ap_none|                   J_3_13|       pointer|
|J_3_14               |   in|   40|     ap_none|                   J_3_14|       pointer|
|J_3_15               |   in|   40|     ap_none|                   J_3_15|       pointer|
|J_4_0                |   in|   40|     ap_none|                    J_4_0|       pointer|
|J_4_1                |   in|   40|     ap_none|                    J_4_1|       pointer|
|J_4_2                |   in|   40|     ap_none|                    J_4_2|       pointer|
|J_4_3                |   in|   40|     ap_none|                    J_4_3|       pointer|
|J_4_4                |   in|   40|     ap_none|                    J_4_4|       pointer|
|J_4_5                |   in|   40|     ap_none|                    J_4_5|       pointer|
|J_4_6                |   in|   40|     ap_none|                    J_4_6|       pointer|
|J_4_7                |   in|   40|     ap_none|                    J_4_7|       pointer|
|J_4_8                |   in|   40|     ap_none|                    J_4_8|       pointer|
|J_4_9                |   in|   40|     ap_none|                    J_4_9|       pointer|
|J_4_10               |   in|   40|     ap_none|                   J_4_10|       pointer|
|J_4_11               |   in|   40|     ap_none|                   J_4_11|       pointer|
|J_4_12               |   in|   40|     ap_none|                   J_4_12|       pointer|
|J_4_13               |   in|   40|     ap_none|                   J_4_13|       pointer|
|J_4_14               |   in|   40|     ap_none|                   J_4_14|       pointer|
|J_4_15               |   in|   40|     ap_none|                   J_4_15|       pointer|
|J_5_0                |   in|   40|     ap_none|                    J_5_0|       pointer|
|J_5_1                |   in|   40|     ap_none|                    J_5_1|       pointer|
|J_5_2                |   in|   40|     ap_none|                    J_5_2|       pointer|
|J_5_3                |   in|   40|     ap_none|                    J_5_3|       pointer|
|J_5_4                |   in|   40|     ap_none|                    J_5_4|       pointer|
|J_5_5                |   in|   40|     ap_none|                    J_5_5|       pointer|
|J_5_6                |   in|   40|     ap_none|                    J_5_6|       pointer|
|J_5_7                |   in|   40|     ap_none|                    J_5_7|       pointer|
|J_5_8                |   in|   40|     ap_none|                    J_5_8|       pointer|
|J_5_9                |   in|   40|     ap_none|                    J_5_9|       pointer|
|J_5_10               |   in|   40|     ap_none|                   J_5_10|       pointer|
|J_5_11               |   in|   40|     ap_none|                   J_5_11|       pointer|
|J_5_12               |   in|   40|     ap_none|                   J_5_12|       pointer|
|J_5_13               |   in|   40|     ap_none|                   J_5_13|       pointer|
|J_5_14               |   in|   40|     ap_none|                   J_5_14|       pointer|
|J_5_15               |   in|   40|     ap_none|                   J_5_15|       pointer|
|J_6_0                |   in|   40|     ap_none|                    J_6_0|       pointer|
|J_6_1                |   in|   40|     ap_none|                    J_6_1|       pointer|
|J_6_2                |   in|   40|     ap_none|                    J_6_2|       pointer|
|J_6_3                |   in|   40|     ap_none|                    J_6_3|       pointer|
|J_6_4                |   in|   40|     ap_none|                    J_6_4|       pointer|
|J_6_5                |   in|   40|     ap_none|                    J_6_5|       pointer|
|J_6_6                |   in|   40|     ap_none|                    J_6_6|       pointer|
|J_6_7                |   in|   40|     ap_none|                    J_6_7|       pointer|
|J_6_8                |   in|   40|     ap_none|                    J_6_8|       pointer|
|J_6_9                |   in|   40|     ap_none|                    J_6_9|       pointer|
|J_6_10               |   in|   40|     ap_none|                   J_6_10|       pointer|
|J_6_11               |   in|   40|     ap_none|                   J_6_11|       pointer|
|J_6_12               |   in|   40|     ap_none|                   J_6_12|       pointer|
|J_6_13               |   in|   40|     ap_none|                   J_6_13|       pointer|
|J_6_14               |   in|   40|     ap_none|                   J_6_14|       pointer|
|J_6_15               |   in|   40|     ap_none|                   J_6_15|       pointer|
|J_7_0                |   in|   40|     ap_none|                    J_7_0|       pointer|
|J_7_1                |   in|   40|     ap_none|                    J_7_1|       pointer|
|J_7_2                |   in|   40|     ap_none|                    J_7_2|       pointer|
|J_7_3                |   in|   40|     ap_none|                    J_7_3|       pointer|
|J_7_4                |   in|   40|     ap_none|                    J_7_4|       pointer|
|J_7_5                |   in|   40|     ap_none|                    J_7_5|       pointer|
|J_7_6                |   in|   40|     ap_none|                    J_7_6|       pointer|
|J_7_7                |   in|   40|     ap_none|                    J_7_7|       pointer|
|J_7_8                |   in|   40|     ap_none|                    J_7_8|       pointer|
|J_7_9                |   in|   40|     ap_none|                    J_7_9|       pointer|
|J_7_10               |   in|   40|     ap_none|                   J_7_10|       pointer|
|J_7_11               |   in|   40|     ap_none|                   J_7_11|       pointer|
|J_7_12               |   in|   40|     ap_none|                   J_7_12|       pointer|
|J_7_13               |   in|   40|     ap_none|                   J_7_13|       pointer|
|J_7_14               |   in|   40|     ap_none|                   J_7_14|       pointer|
|J_7_15               |   in|   40|     ap_none|                   J_7_15|       pointer|
|J_8_0                |   in|   40|     ap_none|                    J_8_0|       pointer|
|J_8_1                |   in|   40|     ap_none|                    J_8_1|       pointer|
|J_8_2                |   in|   40|     ap_none|                    J_8_2|       pointer|
|J_8_3                |   in|   40|     ap_none|                    J_8_3|       pointer|
|J_8_4                |   in|   40|     ap_none|                    J_8_4|       pointer|
|J_8_5                |   in|   40|     ap_none|                    J_8_5|       pointer|
|J_8_6                |   in|   40|     ap_none|                    J_8_6|       pointer|
|J_8_7                |   in|   40|     ap_none|                    J_8_7|       pointer|
|J_8_8                |   in|   40|     ap_none|                    J_8_8|       pointer|
|J_8_9                |   in|   40|     ap_none|                    J_8_9|       pointer|
|J_8_10               |   in|   40|     ap_none|                   J_8_10|       pointer|
|J_8_11               |   in|   40|     ap_none|                   J_8_11|       pointer|
|J_8_12               |   in|   40|     ap_none|                   J_8_12|       pointer|
|J_8_13               |   in|   40|     ap_none|                   J_8_13|       pointer|
|J_8_14               |   in|   40|     ap_none|                   J_8_14|       pointer|
|J_8_15               |   in|   40|     ap_none|                   J_8_15|       pointer|
|J_9_0                |   in|   40|     ap_none|                    J_9_0|       pointer|
|J_9_1                |   in|   40|     ap_none|                    J_9_1|       pointer|
|J_9_2                |   in|   40|     ap_none|                    J_9_2|       pointer|
|J_9_3                |   in|   40|     ap_none|                    J_9_3|       pointer|
|J_9_4                |   in|   40|     ap_none|                    J_9_4|       pointer|
|J_9_5                |   in|   40|     ap_none|                    J_9_5|       pointer|
|J_9_6                |   in|   40|     ap_none|                    J_9_6|       pointer|
|J_9_7                |   in|   40|     ap_none|                    J_9_7|       pointer|
|J_9_8                |   in|   40|     ap_none|                    J_9_8|       pointer|
|J_9_9                |   in|   40|     ap_none|                    J_9_9|       pointer|
|J_9_10               |   in|   40|     ap_none|                   J_9_10|       pointer|
|J_9_11               |   in|   40|     ap_none|                   J_9_11|       pointer|
|J_9_12               |   in|   40|     ap_none|                   J_9_12|       pointer|
|J_9_13               |   in|   40|     ap_none|                   J_9_13|       pointer|
|J_9_14               |   in|   40|     ap_none|                   J_9_14|       pointer|
|J_9_15               |   in|   40|     ap_none|                   J_9_15|       pointer|
|J_10_0               |   in|   40|     ap_none|                   J_10_0|       pointer|
|J_10_1               |   in|   40|     ap_none|                   J_10_1|       pointer|
|J_10_2               |   in|   40|     ap_none|                   J_10_2|       pointer|
|J_10_3               |   in|   40|     ap_none|                   J_10_3|       pointer|
|J_10_4               |   in|   40|     ap_none|                   J_10_4|       pointer|
|J_10_5               |   in|   40|     ap_none|                   J_10_5|       pointer|
|J_10_6               |   in|   40|     ap_none|                   J_10_6|       pointer|
|J_10_7               |   in|   40|     ap_none|                   J_10_7|       pointer|
|J_10_8               |   in|   40|     ap_none|                   J_10_8|       pointer|
|J_10_9               |   in|   40|     ap_none|                   J_10_9|       pointer|
|J_10_10              |   in|   40|     ap_none|                  J_10_10|       pointer|
|J_10_11              |   in|   40|     ap_none|                  J_10_11|       pointer|
|J_10_12              |   in|   40|     ap_none|                  J_10_12|       pointer|
|J_10_13              |   in|   40|     ap_none|                  J_10_13|       pointer|
|J_10_14              |   in|   40|     ap_none|                  J_10_14|       pointer|
|J_10_15              |   in|   40|     ap_none|                  J_10_15|       pointer|
|J_11_0               |   in|   40|     ap_none|                   J_11_0|       pointer|
|J_11_1               |   in|   40|     ap_none|                   J_11_1|       pointer|
|J_11_2               |   in|   40|     ap_none|                   J_11_2|       pointer|
|J_11_3               |   in|   40|     ap_none|                   J_11_3|       pointer|
|J_11_4               |   in|   40|     ap_none|                   J_11_4|       pointer|
|J_11_5               |   in|   40|     ap_none|                   J_11_5|       pointer|
|J_11_6               |   in|   40|     ap_none|                   J_11_6|       pointer|
|J_11_7               |   in|   40|     ap_none|                   J_11_7|       pointer|
|J_11_8               |   in|   40|     ap_none|                   J_11_8|       pointer|
|J_11_9               |   in|   40|     ap_none|                   J_11_9|       pointer|
|J_11_10              |   in|   40|     ap_none|                  J_11_10|       pointer|
|J_11_11              |   in|   40|     ap_none|                  J_11_11|       pointer|
|J_11_12              |   in|   40|     ap_none|                  J_11_12|       pointer|
|J_11_13              |   in|   40|     ap_none|                  J_11_13|       pointer|
|J_11_14              |   in|   40|     ap_none|                  J_11_14|       pointer|
|J_11_15              |   in|   40|     ap_none|                  J_11_15|       pointer|
|J_12_0               |   in|   40|     ap_none|                   J_12_0|       pointer|
|J_12_1               |   in|   40|     ap_none|                   J_12_1|       pointer|
|J_12_2               |   in|   40|     ap_none|                   J_12_2|       pointer|
|J_12_3               |   in|   40|     ap_none|                   J_12_3|       pointer|
|J_12_4               |   in|   40|     ap_none|                   J_12_4|       pointer|
|J_12_5               |   in|   40|     ap_none|                   J_12_5|       pointer|
|J_12_6               |   in|   40|     ap_none|                   J_12_6|       pointer|
|J_12_7               |   in|   40|     ap_none|                   J_12_7|       pointer|
|J_12_8               |   in|   40|     ap_none|                   J_12_8|       pointer|
|J_12_9               |   in|   40|     ap_none|                   J_12_9|       pointer|
|J_12_10              |   in|   40|     ap_none|                  J_12_10|       pointer|
|J_12_11              |   in|   40|     ap_none|                  J_12_11|       pointer|
|J_12_12              |   in|   40|     ap_none|                  J_12_12|       pointer|
|J_12_13              |   in|   40|     ap_none|                  J_12_13|       pointer|
|J_12_14              |   in|   40|     ap_none|                  J_12_14|       pointer|
|J_12_15              |   in|   40|     ap_none|                  J_12_15|       pointer|
|J_13_0               |   in|   40|     ap_none|                   J_13_0|       pointer|
|J_13_1               |   in|   40|     ap_none|                   J_13_1|       pointer|
|J_13_2               |   in|   40|     ap_none|                   J_13_2|       pointer|
|J_13_3               |   in|   40|     ap_none|                   J_13_3|       pointer|
|J_13_4               |   in|   40|     ap_none|                   J_13_4|       pointer|
|J_13_5               |   in|   40|     ap_none|                   J_13_5|       pointer|
|J_13_6               |   in|   40|     ap_none|                   J_13_6|       pointer|
|J_13_7               |   in|   40|     ap_none|                   J_13_7|       pointer|
|J_13_8               |   in|   40|     ap_none|                   J_13_8|       pointer|
|J_13_9               |   in|   40|     ap_none|                   J_13_9|       pointer|
|J_13_10              |   in|   40|     ap_none|                  J_13_10|       pointer|
|J_13_11              |   in|   40|     ap_none|                  J_13_11|       pointer|
|J_13_12              |   in|   40|     ap_none|                  J_13_12|       pointer|
|J_13_13              |   in|   40|     ap_none|                  J_13_13|       pointer|
|J_13_14              |   in|   40|     ap_none|                  J_13_14|       pointer|
|J_13_15              |   in|   40|     ap_none|                  J_13_15|       pointer|
|J_14_0               |   in|   40|     ap_none|                   J_14_0|       pointer|
|J_14_1               |   in|   40|     ap_none|                   J_14_1|       pointer|
|J_14_2               |   in|   40|     ap_none|                   J_14_2|       pointer|
|J_14_3               |   in|   40|     ap_none|                   J_14_3|       pointer|
|J_14_4               |   in|   40|     ap_none|                   J_14_4|       pointer|
|J_14_5               |   in|   40|     ap_none|                   J_14_5|       pointer|
|J_14_6               |   in|   40|     ap_none|                   J_14_6|       pointer|
|J_14_7               |   in|   40|     ap_none|                   J_14_7|       pointer|
|J_14_8               |   in|   40|     ap_none|                   J_14_8|       pointer|
|J_14_9               |   in|   40|     ap_none|                   J_14_9|       pointer|
|J_14_10              |   in|   40|     ap_none|                  J_14_10|       pointer|
|J_14_11              |   in|   40|     ap_none|                  J_14_11|       pointer|
|J_14_12              |   in|   40|     ap_none|                  J_14_12|       pointer|
|J_14_13              |   in|   40|     ap_none|                  J_14_13|       pointer|
|J_14_14              |   in|   40|     ap_none|                  J_14_14|       pointer|
|J_14_15              |   in|   40|     ap_none|                  J_14_15|       pointer|
|J_15_0               |   in|   40|     ap_none|                   J_15_0|       pointer|
|J_15_1               |   in|   40|     ap_none|                   J_15_1|       pointer|
|J_15_2               |   in|   40|     ap_none|                   J_15_2|       pointer|
|J_15_3               |   in|   40|     ap_none|                   J_15_3|       pointer|
|J_15_4               |   in|   40|     ap_none|                   J_15_4|       pointer|
|J_15_5               |   in|   40|     ap_none|                   J_15_5|       pointer|
|J_15_6               |   in|   40|     ap_none|                   J_15_6|       pointer|
|J_15_7               |   in|   40|     ap_none|                   J_15_7|       pointer|
|J_15_8               |   in|   40|     ap_none|                   J_15_8|       pointer|
|J_15_9               |   in|   40|     ap_none|                   J_15_9|       pointer|
|J_15_10              |   in|   40|     ap_none|                  J_15_10|       pointer|
|J_15_11              |   in|   40|     ap_none|                  J_15_11|       pointer|
|J_15_12              |   in|   40|     ap_none|                  J_15_12|       pointer|
|J_15_13              |   in|   40|     ap_none|                  J_15_13|       pointer|
|J_15_14              |   in|   40|     ap_none|                  J_15_14|       pointer|
|J_15_15              |   in|   40|     ap_none|                  J_15_15|       pointer|
|h_0                  |   in|   40|     ap_none|                      h_0|       pointer|
|h_1                  |   in|   40|     ap_none|                      h_1|       pointer|
|h_2                  |   in|   40|     ap_none|                      h_2|       pointer|
|h_3                  |   in|   40|     ap_none|                      h_3|       pointer|
|h_4                  |   in|   40|     ap_none|                      h_4|       pointer|
|h_5                  |   in|   40|     ap_none|                      h_5|       pointer|
|h_6                  |   in|   40|     ap_none|                      h_6|       pointer|
|h_7                  |   in|   40|     ap_none|                      h_7|       pointer|
|h_8                  |   in|   40|     ap_none|                      h_8|       pointer|
|h_9                  |   in|   40|     ap_none|                      h_9|       pointer|
|h_10                 |   in|   40|     ap_none|                     h_10|       pointer|
|h_11                 |   in|   40|     ap_none|                     h_11|       pointer|
|h_12                 |   in|   40|     ap_none|                     h_12|       pointer|
|h_13                 |   in|   40|     ap_none|                     h_13|       pointer|
|h_14                 |   in|   40|     ap_none|                     h_14|       pointer|
|h_15                 |   in|   40|     ap_none|                     h_15|       pointer|
|y_0                  |   in|    1|     ap_none|                      y_0|       pointer|
|y_1                  |   in|    1|     ap_none|                      y_1|       pointer|
|y_2                  |   in|    1|     ap_none|                      y_2|       pointer|
|y_3                  |   in|    1|     ap_none|                      y_3|       pointer|
|y_4                  |   in|    1|     ap_none|                      y_4|       pointer|
|y_5                  |   in|    1|     ap_none|                      y_5|       pointer|
|y_6                  |   in|    1|     ap_none|                      y_6|       pointer|
|y_7                  |   in|    1|     ap_none|                      y_7|       pointer|
|y_8                  |   in|    1|     ap_none|                      y_8|       pointer|
|y_9                  |   in|    1|     ap_none|                      y_9|       pointer|
|y_10                 |   in|    1|     ap_none|                     y_10|       pointer|
|y_11                 |   in|    1|     ap_none|                     y_11|       pointer|
|y_12                 |   in|    1|     ap_none|                     y_12|       pointer|
|y_13                 |   in|    1|     ap_none|                     y_13|       pointer|
|y_14                 |   in|    1|     ap_none|                     y_14|       pointer|
|y_15                 |   in|    1|     ap_none|                     y_15|       pointer|
|old_energy           |   in|   40|     ap_none|               old_energy|        scalar|
|beta                 |   in|   40|     ap_none|                     beta|        scalar|
|u                    |   in|   40|     ap_none|                        u|        scalar|
|accepted             |  out|    1|      ap_vld|                 accepted|       pointer|
|accepted_ap_vld      |  out|    1|      ap_vld|                 accepted|       pointer|
|delta_energy         |  out|   40|      ap_vld|             delta_energy|       pointer|
|delta_energy_ap_vld  |  out|    1|      ap_vld|             delta_energy|       pointer|
|new_energy           |  out|   40|      ap_vld|               new_energy|       pointer|
|new_energy_ap_vld    |  out|    1|      ap_vld|               new_energy|       pointer|
+---------------------+-----+-----+------------+-------------------------+--------------+

