

================================================================
== Vitis HLS Report for 'uniform_delta_energy'
================================================================
* Date:           Tue May 19 20:37:55 2026

* Version:        2025.2 (Build 6295257 on Nov 14 2025)
* Project:        hls_uniform_metropolis_step_N18
* Solution:       hls (Vivado IP Flow Target)
* Product family: virtexuplus
* Target device:  xcvu19p-fsva3824-2-e


================================================================
== Performance Estimates
================================================================
+ Timing: 
    * Summary: 
    +--------+---------+----------+------------+
    |  Clock |  Target | Estimated| Uncertainty|
    +--------+---------+----------+------------+
    |ap_clk  |  3.33 ns|  2.388 ns|     0.90 ns|
    +--------+---------+----------+------------+

+ Latency: 
    * Summary: 
    +---------+---------+----------+----------+-----+-----+---------+
    |  Latency (cycles) |  Latency (absolute) |  Interval | Pipeline|
    |   min   |   max   |    min   |    max   | min | max |   Type  |
    +---------+---------+----------+----------+-----+-----+---------+
    |       78|       78|  0.260 us|  0.260 us|   78|   78|       no|
    +---------+---------+----------+----------+-----+-----+---------+

    + Detail: 
        * Instance: 
        N/A

        * Loop: 
        N/A



================================================================
== Utilization Estimates
================================================================
* Summary: 
+---------------------+---------+------+---------+---------+-----+
|         Name        | BRAM_18K|  DSP |    FF   |   LUT   | URAM|
+---------------------+---------+------+---------+---------+-----+
|DSP                  |        -|     -|        -|        -|    -|
|Expression           |        -|     -|        0|    23155|    -|
|FIFO                 |        -|     -|        -|        -|    -|
|Instance             |        -|     -|        -|        -|    -|
|Memory               |        -|     -|        -|        -|    -|
|Multiplexer          |        -|     -|        0|      386|    -|
|Register             |        -|     -|     3639|        -|    -|
+---------------------+---------+------+---------+---------+-----+
|Total                |        0|     0|     3639|    23541|    0|
+---------------------+---------+------+---------+---------+-----+
|Available SLR        |     1080|   960|  2042880|  1021440|   80|
+---------------------+---------+------+---------+---------+-----+
|Utilization SLR (%)  |        0|     0|       ~0|        2|    0|
+---------------------+---------+------+---------+---------+-----+
|Available            |     4320|  3840|  8171520|  4085760|  320|
+---------------------+---------+------+---------+---------+-----+
|Utilization (%)      |        0|     0|       ~0|       ~0|    0|
+---------------------+---------+------+---------+---------+-----+

+ Detail: 
    * Instance: 
    N/A

    * DSP: 
    N/A

    * Memory: 
    N/A

    * FIFO: 
    N/A

    * Expression: 
    +--------------------------+----------+----+---+-----+------------+------------+
    |       Variable Name      | Operation| DSP| FF| LUT | Bitwidth P0| Bitwidth P1|
    +--------------------------+----------+----+---+-----+------------+------------+
    |add_ln183_10_fu_1844_p2   |         +|   0|  0|   40|          40|          40|
    |add_ln183_11_fu_1848_p2   |         +|   0|  0|   40|          40|          40|
    |add_ln183_12_fu_1808_p2   |         +|   0|  0|   40|          40|          40|
    |add_ln183_13_fu_1814_p2   |         +|   0|  0|   40|          40|          40|
    |add_ln183_14_fu_1852_p2   |         +|   0|  0|   40|          40|          40|
    |add_ln183_15_fu_1857_p2   |         +|   0|  0|   40|          40|          40|
    |add_ln183_16_fu_1863_p2   |         +|   0|  0|   40|          40|          40|
    |add_ln183_1_fu_1778_p2    |         +|   0|  0|   47|          40|          40|
    |add_ln183_2_fu_1824_p2    |         +|   0|  0|   40|          40|          40|
    |add_ln183_3_fu_1829_p2    |         +|   0|  0|   40|          40|          40|
    |add_ln183_4_fu_1784_p2    |         +|   0|  0|   40|          40|          40|
    |add_ln183_5_fu_1790_p2    |         +|   0|  0|   40|          40|          40|
    |add_ln183_6_fu_1833_p2    |         +|   0|  0|   40|          40|          40|
    |add_ln183_7_fu_1838_p2    |         +|   0|  0|   40|          40|          40|
    |add_ln183_8_fu_1796_p2    |         +|   0|  0|   47|          40|          40|
    |add_ln183_9_fu_1802_p2    |         +|   0|  0|   47|          40|          40|
    |add_ln183_fu_1820_p2      |         +|   0|  0|   40|          40|          40|
    |add_ln195_fu_1873_p2      |         +|   0|  0|   40|          40|          40|
    |e_100_fu_2643_p2          |         +|   0|  0|   47|          40|          40|
    |e_103_fu_2666_p2          |         +|   0|  0|   47|          40|          40|
    |e_106_fu_2689_p2          |         +|   0|  0|   47|          40|          40|
    |e_109_fu_2712_p2          |         +|   0|  0|   47|          40|          40|
    |e_10_fu_1953_p2           |         +|   0|  0|   47|          40|          40|
    |e_112_fu_2735_p2          |         +|   0|  0|   47|          40|          40|
    |e_115_fu_2758_p2          |         +|   0|  0|   47|          40|          40|
    |e_118_fu_2781_p2          |         +|   0|  0|   47|          40|          40|
    |e_121_fu_2804_p2          |         +|   0|  0|   47|          40|          40|
    |e_124_fu_2827_p2          |         +|   0|  0|   47|          40|          40|
    |e_127_fu_2850_p2          |         +|   0|  0|   47|          40|          40|
    |e_130_fu_2873_p2          |         +|   0|  0|   47|          40|          40|
    |e_133_fu_2896_p2          |         +|   0|  0|   47|          40|          40|
    |e_136_fu_2919_p2          |         +|   0|  0|   47|          40|          40|
    |e_139_fu_2942_p2          |         +|   0|  0|   47|          40|          40|
    |e_13_fu_1976_p2           |         +|   0|  0|   47|          40|          40|
    |e_142_fu_2965_p2          |         +|   0|  0|   47|          40|          40|
    |e_145_fu_2988_p2          |         +|   0|  0|   47|          40|          40|
    |e_148_fu_3011_p2          |         +|   0|  0|   47|          40|          40|
    |e_151_fu_3034_p2          |         +|   0|  0|   47|          40|          40|
    |e_154_fu_3057_p2          |         +|   0|  0|   47|          40|          40|
    |e_157_fu_3080_p2          |         +|   0|  0|   47|          40|          40|
    |e_160_fu_3103_p2          |         +|   0|  0|   47|          40|          40|
    |e_163_fu_3126_p2          |         +|   0|  0|   47|          40|          40|
    |e_166_fu_3149_p2          |         +|   0|  0|   47|          40|          40|
    |e_169_fu_3172_p2          |         +|   0|  0|   47|          40|          40|
    |e_16_fu_1999_p2           |         +|   0|  0|   47|          40|          40|
    |e_172_fu_3195_p2          |         +|   0|  0|   47|          40|          40|
    |e_175_fu_3218_p2          |         +|   0|  0|   47|          40|          40|
    |e_178_fu_3241_p2          |         +|   0|  0|   47|          40|          40|
    |e_181_fu_3264_p2          |         +|   0|  0|   47|          40|          40|
    |e_184_fu_3287_p2          |         +|   0|  0|   47|          40|          40|
    |e_187_fu_3310_p2          |         +|   0|  0|   47|          40|          40|
    |e_190_fu_3333_p2          |         +|   0|  0|   47|          40|          40|
    |e_193_fu_3356_p2          |         +|   0|  0|   47|          40|          40|
    |e_196_fu_3379_p2          |         +|   0|  0|   47|          40|          40|
    |e_199_fu_3402_p2          |         +|   0|  0|   47|          40|          40|
    |e_19_fu_2022_p2           |         +|   0|  0|   47|          40|          40|
    |e_202_fu_3425_p2          |         +|   0|  0|   47|          40|          40|
    |e_205_fu_3448_p2          |         +|   0|  0|   47|          40|          40|
    |e_208_fu_3471_p2          |         +|   0|  0|   47|          40|          40|
    |e_211_fu_3494_p2          |         +|   0|  0|   47|          40|          40|
    |e_214_fu_3517_p2          |         +|   0|  0|   47|          40|          40|
    |e_217_fu_3540_p2          |         +|   0|  0|   47|          40|          40|
    |e_220_fu_3563_p2          |         +|   0|  0|   47|          40|          40|
    |e_223_fu_3586_p2          |         +|   0|  0|   47|          40|          40|
    |e_226_fu_3609_p2          |         +|   0|  0|   47|          40|          40|
    |e_229_fu_3632_p2          |         +|   0|  0|   47|          40|          40|
    |e_22_fu_2045_p2           |         +|   0|  0|   47|          40|          40|
    |e_232_fu_3655_p2          |         +|   0|  0|   47|          40|          40|
    |e_235_fu_3678_p2          |         +|   0|  0|   47|          40|          40|
    |e_238_fu_3701_p2          |         +|   0|  0|   47|          40|          40|
    |e_241_fu_3724_p2          |         +|   0|  0|   47|          40|          40|
    |e_244_fu_3747_p2          |         +|   0|  0|   47|          40|          40|
    |e_247_fu_3770_p2          |         +|   0|  0|   47|          40|          40|
    |e_250_fu_3793_p2          |         +|   0|  0|   47|          40|          40|
    |e_253_fu_3816_p2          |         +|   0|  0|   47|          40|          40|
    |e_256_fu_3839_p2          |         +|   0|  0|   47|          40|          40|
    |e_259_fu_3862_p2          |         +|   0|  0|   47|          40|          40|
    |e_25_fu_2068_p2           |         +|   0|  0|   47|          40|          40|
    |e_262_fu_3885_p2          |         +|   0|  0|   47|          40|          40|
    |e_265_fu_3908_p2          |         +|   0|  0|   47|          40|          40|
    |e_268_fu_3931_p2          |         +|   0|  0|   47|          40|          40|
    |e_271_fu_3954_p2          |         +|   0|  0|   47|          40|          40|
    |e_274_fu_3977_p2          |         +|   0|  0|   47|          40|          40|
    |e_277_fu_4000_p2          |         +|   0|  0|   47|          40|          40|
    |e_280_fu_4023_p2          |         +|   0|  0|   47|          40|          40|
    |e_283_fu_4046_p2          |         +|   0|  0|   47|          40|          40|
    |e_286_fu_4069_p2          |         +|   0|  0|   47|          40|          40|
    |e_289_fu_4092_p2          |         +|   0|  0|   47|          40|          40|
    |e_28_fu_2091_p2           |         +|   0|  0|   47|          40|          40|
    |e_292_fu_4115_p2          |         +|   0|  0|   47|          40|          40|
    |e_295_fu_4138_p2          |         +|   0|  0|   47|          40|          40|
    |e_298_fu_4161_p2          |         +|   0|  0|   47|          40|          40|
    |e_301_fu_4184_p2          |         +|   0|  0|   47|          40|          40|
    |e_304_fu_4207_p2          |         +|   0|  0|   47|          40|          40|
    |e_307_fu_4230_p2          |         +|   0|  0|   47|          40|          40|
    |e_310_fu_4253_p2          |         +|   0|  0|   47|          40|          40|
    |e_313_fu_4276_p2          |         +|   0|  0|   47|          40|          40|
    |e_316_fu_4299_p2          |         +|   0|  0|   47|          40|          40|
    |e_319_fu_4322_p2          |         +|   0|  0|   47|          40|          40|
    |e_31_fu_2114_p2           |         +|   0|  0|   47|          40|          40|
    |e_322_fu_4345_p2          |         +|   0|  0|   47|          40|          40|
    |e_325_fu_4368_p2          |         +|   0|  0|   47|          40|          40|
    |e_328_fu_4391_p2          |         +|   0|  0|   47|          40|          40|
    |e_331_fu_4414_p2          |         +|   0|  0|   47|          40|          40|
    |e_334_fu_4437_p2          |         +|   0|  0|   47|          40|          40|
    |e_337_fu_4460_p2          |         +|   0|  0|   47|          40|          40|
    |e_340_fu_4483_p2          |         +|   0|  0|   47|          40|          40|
    |e_343_fu_4506_p2          |         +|   0|  0|   47|          40|          40|
    |e_346_fu_4529_p2          |         +|   0|  0|   47|          40|          40|
    |e_349_fu_4552_p2          |         +|   0|  0|   47|          40|          40|
    |e_34_fu_2137_p2           |         +|   0|  0|   47|          40|          40|
    |e_352_fu_4575_p2          |         +|   0|  0|   47|          40|          40|
    |e_355_fu_4598_p2          |         +|   0|  0|   47|          40|          40|
    |e_358_fu_4621_p2          |         +|   0|  0|   47|          40|          40|
    |e_361_fu_4644_p2          |         +|   0|  0|   47|          40|          40|
    |e_364_fu_4667_p2          |         +|   0|  0|   47|          40|          40|
    |e_367_fu_4690_p2          |         +|   0|  0|   47|          40|          40|
    |e_370_fu_4713_p2          |         +|   0|  0|   47|          40|          40|
    |e_373_fu_4736_p2          |         +|   0|  0|   47|          40|          40|
    |e_376_fu_4759_p2          |         +|   0|  0|   47|          40|          40|
    |e_379_fu_4782_p2          |         +|   0|  0|   47|          40|          40|
    |e_37_fu_2160_p2           |         +|   0|  0|   47|          40|          40|
    |e_382_fu_4805_p2          |         +|   0|  0|   47|          40|          40|
    |e_385_fu_4828_p2          |         +|   0|  0|   47|          40|          40|
    |e_388_fu_4851_p2          |         +|   0|  0|   47|          40|          40|
    |e_391_fu_4874_p2          |         +|   0|  0|   47|          40|          40|
    |e_394_fu_4897_p2          |         +|   0|  0|   47|          40|          40|
    |e_397_fu_4920_p2          |         +|   0|  0|   47|          40|          40|
    |e_400_fu_4943_p2          |         +|   0|  0|   47|          40|          40|
    |e_403_fu_4966_p2          |         +|   0|  0|   47|          40|          40|
    |e_406_fu_4989_p2          |         +|   0|  0|   47|          40|          40|
    |e_409_fu_5012_p2          |         +|   0|  0|   47|          40|          40|
    |e_40_fu_2183_p2           |         +|   0|  0|   47|          40|          40|
    |e_412_fu_5035_p2          |         +|   0|  0|   47|          40|          40|
    |e_415_fu_5058_p2          |         +|   0|  0|   47|          40|          40|
    |e_418_fu_5081_p2          |         +|   0|  0|   47|          40|          40|
    |e_421_fu_5104_p2          |         +|   0|  0|   47|          40|          40|
    |e_424_fu_5127_p2          |         +|   0|  0|   47|          40|          40|
    |e_427_fu_5150_p2          |         +|   0|  0|   47|          40|          40|
    |e_430_fu_5173_p2          |         +|   0|  0|   47|          40|          40|
    |e_433_fu_5196_p2          |         +|   0|  0|   47|          40|          40|
    |e_436_fu_5219_p2          |         +|   0|  0|   47|          40|          40|
    |e_439_fu_5242_p2          |         +|   0|  0|   47|          40|          40|
    |e_43_fu_2206_p2           |         +|   0|  0|   47|          40|          40|
    |e_442_fu_5265_p2          |         +|   0|  0|   47|          40|          40|
    |e_445_fu_5288_p2          |         +|   0|  0|   47|          40|          40|
    |e_448_fu_5311_p2          |         +|   0|  0|   47|          40|          40|
    |e_451_fu_5334_p2          |         +|   0|  0|   47|          40|          40|
    |e_454_fu_5357_p2          |         +|   0|  0|   47|          40|          40|
    |e_457_fu_5380_p2          |         +|   0|  0|   47|          40|          40|
    |e_46_fu_2229_p2           |         +|   0|  0|   47|          40|          40|
    |e_49_fu_2252_p2           |         +|   0|  0|   47|          40|          40|
    |e_4_fu_1907_p2            |         +|   0|  0|   47|          40|          40|
    |e_52_fu_2275_p2           |         +|   0|  0|   47|          40|          40|
    |e_55_fu_2298_p2           |         +|   0|  0|   47|          40|          40|
    |e_58_fu_2321_p2           |         +|   0|  0|   47|          40|          40|
    |e_61_fu_2344_p2           |         +|   0|  0|   47|          40|          40|
    |e_64_fu_2367_p2           |         +|   0|  0|   47|          40|          40|
    |e_67_fu_2390_p2           |         +|   0|  0|   47|          40|          40|
    |e_70_fu_2413_p2           |         +|   0|  0|   47|          40|          40|
    |e_73_fu_2436_p2           |         +|   0|  0|   47|          40|          40|
    |e_76_fu_2459_p2           |         +|   0|  0|   47|          40|          40|
    |e_79_fu_2482_p2           |         +|   0|  0|   47|          40|          40|
    |e_7_fu_1930_p2            |         +|   0|  0|   47|          40|          40|
    |e_82_fu_2505_p2           |         +|   0|  0|   47|          40|          40|
    |e_85_fu_2528_p2           |         +|   0|  0|   47|          40|          40|
    |e_88_fu_2551_p2           |         +|   0|  0|   47|          40|          40|
    |e_91_fu_2574_p2           |         +|   0|  0|   47|          40|          40|
    |e_94_fu_2597_p2           |         +|   0|  0|   47|          40|          40|
    |e_97_fu_2620_p2           |         +|   0|  0|   47|          40|          40|
    |e_102_fu_2661_p2          |         -|   0|  0|   47|          40|          40|
    |e_105_fu_2683_p2          |         -|   0|  0|   47|          40|          40|
    |e_108_fu_2707_p2          |         -|   0|  0|   47|          40|          40|
    |e_111_fu_2729_p2          |         -|   0|  0|   47|          40|          40|
    |e_114_fu_2753_p2          |         -|   0|  0|   47|          40|          40|
    |e_117_fu_2775_p2          |         -|   0|  0|   47|          40|          40|
    |e_120_fu_2799_p2          |         -|   0|  0|   47|          40|          40|
    |e_123_fu_2821_p2          |         -|   0|  0|   47|          40|          40|
    |e_126_fu_2845_p2          |         -|   0|  0|   47|          40|          40|
    |e_129_fu_2867_p2          |         -|   0|  0|   47|          40|          40|
    |e_12_fu_1971_p2           |         -|   0|  0|   47|          40|          40|
    |e_132_fu_2891_p2          |         -|   0|  0|   47|          40|          40|
    |e_135_fu_2913_p2          |         -|   0|  0|   47|          40|          40|
    |e_138_fu_2937_p2          |         -|   0|  0|   47|          40|          40|
    |e_141_fu_2959_p2          |         -|   0|  0|   47|          40|          40|
    |e_144_fu_2983_p2          |         -|   0|  0|   47|          40|          40|
    |e_147_fu_3005_p2          |         -|   0|  0|   47|          40|          40|
    |e_150_fu_3029_p2          |         -|   0|  0|   47|          40|          40|
    |e_153_fu_3051_p2          |         -|   0|  0|   47|          40|          40|
    |e_156_fu_3075_p2          |         -|   0|  0|   47|          40|          40|
    |e_159_fu_3097_p2          |         -|   0|  0|   47|          40|          40|
    |e_15_fu_1993_p2           |         -|   0|  0|   47|          40|          40|
    |e_162_fu_3121_p2          |         -|   0|  0|   47|          40|          40|
    |e_165_fu_3143_p2          |         -|   0|  0|   47|          40|          40|
    |e_168_fu_3167_p2          |         -|   0|  0|   47|          40|          40|
    |e_171_fu_3189_p2          |         -|   0|  0|   47|          40|          40|
    |e_174_fu_3213_p2          |         -|   0|  0|   47|          40|          40|
    |e_177_fu_3235_p2          |         -|   0|  0|   47|          40|          40|
    |e_180_fu_3259_p2          |         -|   0|  0|   47|          40|          40|
    |e_183_fu_3281_p2          |         -|   0|  0|   47|          40|          40|
    |e_186_fu_3305_p2          |         -|   0|  0|   47|          40|          40|
    |e_189_fu_3327_p2          |         -|   0|  0|   47|          40|          40|
    |e_18_fu_2017_p2           |         -|   0|  0|   47|          40|          40|
    |e_192_fu_3351_p2          |         -|   0|  0|   47|          40|          40|
    |e_195_fu_3373_p2          |         -|   0|  0|   47|          40|          40|
    |e_198_fu_3397_p2          |         -|   0|  0|   47|          40|          40|
    |e_1_fu_1884_p2            |         -|   0|  0|   47|          40|          40|
    |e_201_fu_3419_p2          |         -|   0|  0|   47|          40|          40|
    |e_204_fu_3443_p2          |         -|   0|  0|   47|          40|          40|
    |e_207_fu_3465_p2          |         -|   0|  0|   47|          40|          40|
    |e_210_fu_3489_p2          |         -|   0|  0|   47|          40|          40|
    |e_213_fu_3511_p2          |         -|   0|  0|   47|          40|          40|
    |e_216_fu_3535_p2          |         -|   0|  0|   47|          40|          40|
    |e_219_fu_3557_p2          |         -|   0|  0|   47|          40|          40|
    |e_21_fu_2039_p2           |         -|   0|  0|   47|          40|          40|
    |e_222_fu_3581_p2          |         -|   0|  0|   47|          40|          40|
    |e_225_fu_3603_p2          |         -|   0|  0|   47|          40|          40|
    |e_228_fu_3627_p2          |         -|   0|  0|   47|          40|          40|
    |e_231_fu_3649_p2          |         -|   0|  0|   47|          40|          40|
    |e_234_fu_3673_p2          |         -|   0|  0|   47|          40|          40|
    |e_237_fu_3695_p2          |         -|   0|  0|   47|          40|          40|
    |e_240_fu_3719_p2          |         -|   0|  0|   47|          40|          40|
    |e_243_fu_3741_p2          |         -|   0|  0|   47|          40|          40|
    |e_246_fu_3765_p2          |         -|   0|  0|   47|          40|          40|
    |e_249_fu_3787_p2          |         -|   0|  0|   47|          40|          40|
    |e_24_fu_2063_p2           |         -|   0|  0|   47|          40|          40|
    |e_252_fu_3811_p2          |         -|   0|  0|   47|          40|          40|
    |e_255_fu_3833_p2          |         -|   0|  0|   47|          40|          40|
    |e_258_fu_3857_p2          |         -|   0|  0|   47|          40|          40|
    |e_261_fu_3879_p2          |         -|   0|  0|   47|          40|          40|
    |e_264_fu_3903_p2          |         -|   0|  0|   47|          40|          40|
    |e_267_fu_3925_p2          |         -|   0|  0|   47|          40|          40|
    |e_270_fu_3949_p2          |         -|   0|  0|   47|          40|          40|
    |e_273_fu_3971_p2          |         -|   0|  0|   47|          40|          40|
    |e_276_fu_3995_p2          |         -|   0|  0|   47|          40|          40|
    |e_279_fu_4017_p2          |         -|   0|  0|   47|          40|          40|
    |e_27_fu_2085_p2           |         -|   0|  0|   47|          40|          40|
    |e_282_fu_4041_p2          |         -|   0|  0|   47|          40|          40|
    |e_285_fu_4063_p2          |         -|   0|  0|   47|          40|          40|
    |e_288_fu_4087_p2          |         -|   0|  0|   47|          40|          40|
    |e_291_fu_4109_p2          |         -|   0|  0|   47|          40|          40|
    |e_294_fu_4133_p2          |         -|   0|  0|   47|          40|          40|
    |e_297_fu_4155_p2          |         -|   0|  0|   47|          40|          40|
    |e_300_fu_4179_p2          |         -|   0|  0|   47|          40|          40|
    |e_303_fu_4201_p2          |         -|   0|  0|   47|          40|          40|
    |e_306_fu_4225_p2          |         -|   0|  0|   47|          40|          40|
    |e_309_fu_4247_p2          |         -|   0|  0|   47|          40|          40|
    |e_30_fu_2109_p2           |         -|   0|  0|   47|          40|          40|
    |e_312_fu_4271_p2          |         -|   0|  0|   47|          40|          40|
    |e_315_fu_4293_p2          |         -|   0|  0|   47|          40|          40|
    |e_318_fu_4317_p2          |         -|   0|  0|   47|          40|          40|
    |e_321_fu_4339_p2          |         -|   0|  0|   47|          40|          40|
    |e_324_fu_4363_p2          |         -|   0|  0|   47|          40|          40|
    |e_327_fu_4385_p2          |         -|   0|  0|   47|          40|          40|
    |e_330_fu_4409_p2          |         -|   0|  0|   47|          40|          40|
    |e_333_fu_4431_p2          |         -|   0|  0|   47|          40|          40|
    |e_336_fu_4455_p2          |         -|   0|  0|   47|          40|          40|
    |e_339_fu_4477_p2          |         -|   0|  0|   47|          40|          40|
    |e_33_fu_2131_p2           |         -|   0|  0|   47|          40|          40|
    |e_342_fu_4501_p2          |         -|   0|  0|   47|          40|          40|
    |e_345_fu_4523_p2          |         -|   0|  0|   47|          40|          40|
    |e_348_fu_4547_p2          |         -|   0|  0|   47|          40|          40|
    |e_351_fu_4569_p2          |         -|   0|  0|   47|          40|          40|
    |e_354_fu_4593_p2          |         -|   0|  0|   47|          40|          40|
    |e_357_fu_4615_p2          |         -|   0|  0|   47|          40|          40|
    |e_360_fu_4639_p2          |         -|   0|  0|   47|          40|          40|
    |e_363_fu_4661_p2          |         -|   0|  0|   47|          40|          40|
    |e_366_fu_4685_p2          |         -|   0|  0|   47|          40|          40|
    |e_369_fu_4707_p2          |         -|   0|  0|   47|          40|          40|
    |e_36_fu_2155_p2           |         -|   0|  0|   47|          40|          40|
    |e_372_fu_4731_p2          |         -|   0|  0|   47|          40|          40|
    |e_375_fu_4753_p2          |         -|   0|  0|   47|          40|          40|
    |e_378_fu_4777_p2          |         -|   0|  0|   47|          40|          40|
    |e_381_fu_4799_p2          |         -|   0|  0|   47|          40|          40|
    |e_384_fu_4823_p2          |         -|   0|  0|   47|          40|          40|
    |e_387_fu_4845_p2          |         -|   0|  0|   47|          40|          40|
    |e_390_fu_4869_p2          |         -|   0|  0|   47|          40|          40|
    |e_393_fu_4891_p2          |         -|   0|  0|   47|          40|          40|
    |e_396_fu_4915_p2          |         -|   0|  0|   47|          40|          40|
    |e_399_fu_4937_p2          |         -|   0|  0|   47|          40|          40|
    |e_39_fu_2177_p2           |         -|   0|  0|   47|          40|          40|
    |e_3_fu_1901_p2            |         -|   0|  0|   47|          40|          40|
    |e_402_fu_4961_p2          |         -|   0|  0|   47|          40|          40|
    |e_405_fu_4983_p2          |         -|   0|  0|   47|          40|          40|
    |e_408_fu_5007_p2          |         -|   0|  0|   47|          40|          40|
    |e_411_fu_5029_p2          |         -|   0|  0|   47|          40|          40|
    |e_414_fu_5053_p2          |         -|   0|  0|   47|          40|          40|
    |e_417_fu_5075_p2          |         -|   0|  0|   47|          40|          40|
    |e_420_fu_5099_p2          |         -|   0|  0|   47|          40|          40|
    |e_423_fu_5121_p2          |         -|   0|  0|   47|          40|          40|
    |e_426_fu_5145_p2          |         -|   0|  0|   47|          40|          40|
    |e_429_fu_5167_p2          |         -|   0|  0|   47|          40|          40|
    |e_42_fu_2201_p2           |         -|   0|  0|   47|          40|          40|
    |e_432_fu_5191_p2          |         -|   0|  0|   47|          40|          40|
    |e_435_fu_5213_p2          |         -|   0|  0|   47|          40|          40|
    |e_438_fu_5237_p2          |         -|   0|  0|   47|          40|          40|
    |e_441_fu_5259_p2          |         -|   0|  0|   47|          40|          40|
    |e_444_fu_5283_p2          |         -|   0|  0|   47|          40|          40|
    |e_447_fu_5305_p2          |         -|   0|  0|   47|          40|          40|
    |e_450_fu_5329_p2          |         -|   0|  0|   47|          40|          40|
    |e_453_fu_5351_p2          |         -|   0|  0|   47|          40|          40|
    |e_456_fu_5375_p2          |         -|   0|  0|   47|          40|          40|
    |e_45_fu_2223_p2           |         -|   0|  0|   47|          40|          40|
    |e_48_fu_2247_p2           |         -|   0|  0|   47|          40|          40|
    |e_51_fu_2269_p2           |         -|   0|  0|   47|          40|          40|
    |e_54_fu_2293_p2           |         -|   0|  0|   47|          40|          40|
    |e_57_fu_2315_p2           |         -|   0|  0|   47|          40|          40|
    |e_60_fu_2339_p2           |         -|   0|  0|   47|          40|          40|
    |e_63_fu_2361_p2           |         -|   0|  0|   47|          40|          40|
    |e_66_fu_2385_p2           |         -|   0|  0|   47|          40|          40|
    |e_69_fu_2407_p2           |         -|   0|  0|   47|          40|          40|
    |e_6_fu_1925_p2            |         -|   0|  0|   47|          40|          40|
    |e_72_fu_2431_p2           |         -|   0|  0|   47|          40|          40|
    |e_75_fu_2453_p2           |         -|   0|  0|   47|          40|          40|
    |e_78_fu_2477_p2           |         -|   0|  0|   47|          40|          40|
    |e_81_fu_2499_p2           |         -|   0|  0|   47|          40|          40|
    |e_84_fu_2523_p2           |         -|   0|  0|   47|          40|          40|
    |e_87_fu_2545_p2           |         -|   0|  0|   47|          40|          40|
    |e_90_fu_2569_p2           |         -|   0|  0|   47|          40|          40|
    |e_93_fu_2591_p2           |         -|   0|  0|   47|          40|          40|
    |e_96_fu_2615_p2           |         -|   0|  0|   47|          40|          40|
    |e_99_fu_2637_p2           |         -|   0|  0|   47|          40|          40|
    |e_9_fu_1947_p2            |         -|   0|  0|   47|          40|          40|
    |e_fu_1878_p2              |         -|   0|  0|   40|           1|          40|
    |out_fu_5393_p2            |         -|   0|  0|   47|          40|          40|
    |sub_ln42_10_fu_1666_p2    |         -|   0|  0|   47|           1|          40|
    |sub_ln42_11_fu_1680_p2    |         -|   0|  0|   47|           1|          40|
    |sub_ln42_12_fu_1694_p2    |         -|   0|  0|   47|           1|          40|
    |sub_ln42_13_fu_1708_p2    |         -|   0|  0|   47|           1|          40|
    |sub_ln42_14_fu_1722_p2    |         -|   0|  0|   47|           1|          40|
    |sub_ln42_15_fu_1736_p2    |         -|   0|  0|   47|           1|          40|
    |sub_ln42_16_fu_1750_p2    |         -|   0|  0|   47|           1|          40|
    |sub_ln42_17_fu_1764_p2    |         -|   0|  0|   47|           1|          40|
    |sub_ln42_1_fu_1540_p2     |         -|   0|  0|   47|           1|          40|
    |sub_ln42_2_fu_1554_p2     |         -|   0|  0|   47|           1|          40|
    |sub_ln42_3_fu_1568_p2     |         -|   0|  0|   47|           1|          40|
    |sub_ln42_4_fu_1582_p2     |         -|   0|  0|   47|           1|          40|
    |sub_ln42_5_fu_1596_p2     |         -|   0|  0|   47|           1|          40|
    |sub_ln42_6_fu_1610_p2     |         -|   0|  0|   47|           1|          40|
    |sub_ln42_7_fu_1624_p2     |         -|   0|  0|   47|           1|          40|
    |sub_ln42_8_fu_1638_p2     |         -|   0|  0|   47|           1|          40|
    |sub_ln42_9_fu_1652_p2     |         -|   0|  0|   47|           1|          40|
    |sub_ln42_fu_1526_p2       |         -|   0|  0|   47|           1|          40|
    |e_101_fu_2649_p3          |    select|   0|  0|   40|           1|          40|
    |e_104_fu_2671_p3          |    select|   0|  0|   40|           1|          40|
    |e_107_fu_2695_p3          |    select|   0|  0|   40|           1|          40|
    |e_110_fu_2717_p3          |    select|   0|  0|   40|           1|          40|
    |e_113_fu_2741_p3          |    select|   0|  0|   40|           1|          40|
    |e_116_fu_2763_p3          |    select|   0|  0|   40|           1|          40|
    |e_119_fu_2787_p3          |    select|   0|  0|   40|           1|          40|
    |e_11_fu_1959_p3           |    select|   0|  0|   40|           1|          40|
    |e_122_fu_2809_p3          |    select|   0|  0|   40|           1|          40|
    |e_125_fu_2833_p3          |    select|   0|  0|   40|           1|          40|
    |e_128_fu_2855_p3          |    select|   0|  0|   40|           1|          40|
    |e_131_fu_2879_p3          |    select|   0|  0|   40|           1|          40|
    |e_134_fu_2901_p3          |    select|   0|  0|   40|           1|          40|
    |e_137_fu_2925_p3          |    select|   0|  0|   40|           1|          40|
    |e_140_fu_2947_p3          |    select|   0|  0|   40|           1|          40|
    |e_143_fu_2971_p3          |    select|   0|  0|   40|           1|          40|
    |e_146_fu_2993_p3          |    select|   0|  0|   40|           1|          40|
    |e_149_fu_3017_p3          |    select|   0|  0|   40|           1|          40|
    |e_14_fu_1981_p3           |    select|   0|  0|   40|           1|          40|
    |e_152_fu_3039_p3          |    select|   0|  0|   40|           1|          40|
    |e_155_fu_3063_p3          |    select|   0|  0|   40|           1|          40|
    |e_158_fu_3085_p3          |    select|   0|  0|   40|           1|          40|
    |e_161_fu_3109_p3          |    select|   0|  0|   40|           1|          40|
    |e_164_fu_3131_p3          |    select|   0|  0|   40|           1|          40|
    |e_167_fu_3155_p3          |    select|   0|  0|   40|           1|          40|
    |e_170_fu_3177_p3          |    select|   0|  0|   40|           1|          40|
    |e_173_fu_3201_p3          |    select|   0|  0|   40|           1|          40|
    |e_176_fu_3223_p3          |    select|   0|  0|   40|           1|          40|
    |e_179_fu_3247_p3          |    select|   0|  0|   40|           1|          40|
    |e_17_fu_2005_p3           |    select|   0|  0|   40|           1|          40|
    |e_182_fu_3269_p3          |    select|   0|  0|   40|           1|          40|
    |e_185_fu_3293_p3          |    select|   0|  0|   40|           1|          40|
    |e_188_fu_3315_p3          |    select|   0|  0|   40|           1|          40|
    |e_191_fu_3339_p3          |    select|   0|  0|   40|           1|          40|
    |e_194_fu_3361_p3          |    select|   0|  0|   40|           1|          40|
    |e_197_fu_3385_p3          |    select|   0|  0|   40|           1|          40|
    |e_200_fu_3407_p3          |    select|   0|  0|   40|           1|          40|
    |e_203_fu_3431_p3          |    select|   0|  0|   40|           1|          40|
    |e_206_fu_3453_p3          |    select|   0|  0|   40|           1|          40|
    |e_209_fu_3477_p3          |    select|   0|  0|   40|           1|          40|
    |e_20_fu_2027_p3           |    select|   0|  0|   40|           1|          40|
    |e_212_fu_3499_p3          |    select|   0|  0|   40|           1|          40|
    |e_215_fu_3523_p3          |    select|   0|  0|   40|           1|          40|
    |e_218_fu_3545_p3          |    select|   0|  0|   40|           1|          40|
    |e_221_fu_3569_p3          |    select|   0|  0|   40|           1|          40|
    |e_224_fu_3591_p3          |    select|   0|  0|   40|           1|          40|
    |e_227_fu_3615_p3          |    select|   0|  0|   40|           1|          40|
    |e_230_fu_3637_p3          |    select|   0|  0|   40|           1|          40|
    |e_233_fu_3661_p3          |    select|   0|  0|   40|           1|          40|
    |e_236_fu_3683_p3          |    select|   0|  0|   40|           1|          40|
    |e_239_fu_3707_p3          |    select|   0|  0|   40|           1|          40|
    |e_23_fu_2051_p3           |    select|   0|  0|   40|           1|          40|
    |e_242_fu_3729_p3          |    select|   0|  0|   40|           1|          40|
    |e_245_fu_3753_p3          |    select|   0|  0|   40|           1|          40|
    |e_248_fu_3775_p3          |    select|   0|  0|   40|           1|          40|
    |e_251_fu_3799_p3          |    select|   0|  0|   40|           1|          40|
    |e_254_fu_3821_p3          |    select|   0|  0|   40|           1|          40|
    |e_257_fu_3845_p3          |    select|   0|  0|   40|           1|          40|
    |e_260_fu_3867_p3          |    select|   0|  0|   40|           1|          40|
    |e_263_fu_3891_p3          |    select|   0|  0|   40|           1|          40|
    |e_266_fu_3913_p3          |    select|   0|  0|   40|           1|          40|
    |e_269_fu_3937_p3          |    select|   0|  0|   40|           1|          40|
    |e_26_fu_2073_p3           |    select|   0|  0|   40|           1|          40|
    |e_272_fu_3959_p3          |    select|   0|  0|   40|           1|          40|
    |e_275_fu_3983_p3          |    select|   0|  0|   40|           1|          40|
    |e_278_fu_4005_p3          |    select|   0|  0|   40|           1|          40|
    |e_281_fu_4029_p3          |    select|   0|  0|   40|           1|          40|
    |e_284_fu_4051_p3          |    select|   0|  0|   40|           1|          40|
    |e_287_fu_4075_p3          |    select|   0|  0|   40|           1|          40|
    |e_290_fu_4097_p3          |    select|   0|  0|   40|           1|          40|
    |e_293_fu_4121_p3          |    select|   0|  0|   40|           1|          40|
    |e_296_fu_4143_p3          |    select|   0|  0|   40|           1|          40|
    |e_299_fu_4167_p3          |    select|   0|  0|   40|           1|          40|
    |e_29_fu_2097_p3           |    select|   0|  0|   40|           1|          40|
    |e_2_fu_1889_p3            |    select|   0|  0|   40|           1|          40|
    |e_302_fu_4189_p3          |    select|   0|  0|   40|           1|          40|
    |e_305_fu_4213_p3          |    select|   0|  0|   40|           1|          40|
    |e_308_fu_4235_p3          |    select|   0|  0|   40|           1|          40|
    |e_311_fu_4259_p3          |    select|   0|  0|   40|           1|          40|
    |e_314_fu_4281_p3          |    select|   0|  0|   40|           1|          40|
    |e_317_fu_4305_p3          |    select|   0|  0|   40|           1|          40|
    |e_320_fu_4327_p3          |    select|   0|  0|   40|           1|          40|
    |e_323_fu_4351_p3          |    select|   0|  0|   40|           1|          40|
    |e_326_fu_4373_p3          |    select|   0|  0|   40|           1|          40|
    |e_329_fu_4397_p3          |    select|   0|  0|   40|           1|          40|
    |e_32_fu_2119_p3           |    select|   0|  0|   40|           1|          40|
    |e_332_fu_4419_p3          |    select|   0|  0|   40|           1|          40|
    |e_335_fu_4443_p3          |    select|   0|  0|   40|           1|          40|
    |e_338_fu_4465_p3          |    select|   0|  0|   40|           1|          40|
    |e_341_fu_4489_p3          |    select|   0|  0|   40|           1|          40|
    |e_344_fu_4511_p3          |    select|   0|  0|   40|           1|          40|
    |e_347_fu_4535_p3          |    select|   0|  0|   40|           1|          40|
    |e_350_fu_4557_p3          |    select|   0|  0|   40|           1|          40|
    |e_353_fu_4581_p3          |    select|   0|  0|   40|           1|          40|
    |e_356_fu_4603_p3          |    select|   0|  0|   40|           1|          40|
    |e_359_fu_4627_p3          |    select|   0|  0|   40|           1|          40|
    |e_35_fu_2143_p3           |    select|   0|  0|   40|           1|          40|
    |e_362_fu_4649_p3          |    select|   0|  0|   40|           1|          40|
    |e_365_fu_4673_p3          |    select|   0|  0|   40|           1|          40|
    |e_368_fu_4695_p3          |    select|   0|  0|   40|           1|          40|
    |e_371_fu_4719_p3          |    select|   0|  0|   40|           1|          40|
    |e_374_fu_4741_p3          |    select|   0|  0|   40|           1|          40|
    |e_377_fu_4765_p3          |    select|   0|  0|   40|           1|          40|
    |e_380_fu_4787_p3          |    select|   0|  0|   40|           1|          40|
    |e_383_fu_4811_p3          |    select|   0|  0|   40|           1|          40|
    |e_386_fu_4833_p3          |    select|   0|  0|   40|           1|          40|
    |e_389_fu_4857_p3          |    select|   0|  0|   40|           1|          40|
    |e_38_fu_2165_p3           |    select|   0|  0|   40|           1|          40|
    |e_392_fu_4879_p3          |    select|   0|  0|   40|           1|          40|
    |e_395_fu_4903_p3          |    select|   0|  0|   40|           1|          40|
    |e_398_fu_4925_p3          |    select|   0|  0|   40|           1|          40|
    |e_401_fu_4949_p3          |    select|   0|  0|   40|           1|          40|
    |e_404_fu_4971_p3          |    select|   0|  0|   40|           1|          40|
    |e_407_fu_4995_p3          |    select|   0|  0|   40|           1|          40|
    |e_410_fu_5017_p3          |    select|   0|  0|   40|           1|          40|
    |e_413_fu_5041_p3          |    select|   0|  0|   40|           1|          40|
    |e_416_fu_5063_p3          |    select|   0|  0|   40|           1|          40|
    |e_419_fu_5087_p3          |    select|   0|  0|   40|           1|          40|
    |e_41_fu_2189_p3           |    select|   0|  0|   40|           1|          40|
    |e_422_fu_5109_p3          |    select|   0|  0|   40|           1|          40|
    |e_425_fu_5133_p3          |    select|   0|  0|   40|           1|          40|
    |e_428_fu_5155_p3          |    select|   0|  0|   40|           1|          40|
    |e_431_fu_5179_p3          |    select|   0|  0|   40|           1|          40|
    |e_434_fu_5201_p3          |    select|   0|  0|   40|           1|          40|
    |e_437_fu_5225_p3          |    select|   0|  0|   40|           1|          40|
    |e_440_fu_5247_p3          |    select|   0|  0|   40|           1|          40|
    |e_443_fu_5271_p3          |    select|   0|  0|   40|           1|          40|
    |e_446_fu_5293_p3          |    select|   0|  0|   40|           1|          40|
    |e_449_fu_5317_p3          |    select|   0|  0|   40|           1|          40|
    |e_44_fu_2211_p3           |    select|   0|  0|   40|           1|          40|
    |e_452_fu_5339_p3          |    select|   0|  0|   40|           1|          40|
    |e_455_fu_5363_p3          |    select|   0|  0|   40|           1|          40|
    |e_458_fu_5385_p3          |    select|   0|  0|   40|           1|          40|
    |e_47_fu_2235_p3           |    select|   0|  0|   40|           1|          40|
    |e_50_fu_2257_p3           |    select|   0|  0|   40|           1|          40|
    |e_53_fu_2281_p3           |    select|   0|  0|   40|           1|          40|
    |e_56_fu_2303_p3           |    select|   0|  0|   40|           1|          40|
    |e_59_fu_2327_p3           |    select|   0|  0|   40|           1|          40|
    |e_5_fu_1913_p3            |    select|   0|  0|   40|           1|          40|
    |e_62_fu_2349_p3           |    select|   0|  0|   40|           1|          40|
    |e_65_fu_2373_p3           |    select|   0|  0|   40|           1|          40|
    |e_68_fu_2395_p3           |    select|   0|  0|   40|           1|          40|
    |e_71_fu_2419_p3           |    select|   0|  0|   40|           1|          40|
    |e_74_fu_2441_p3           |    select|   0|  0|   40|           1|          40|
    |e_77_fu_2465_p3           |    select|   0|  0|   40|           1|          40|
    |e_80_fu_2487_p3           |    select|   0|  0|   40|           1|          40|
    |e_83_fu_2511_p3           |    select|   0|  0|   40|           1|          40|
    |e_86_fu_2533_p3           |    select|   0|  0|   40|           1|          40|
    |e_89_fu_2557_p3           |    select|   0|  0|   40|           1|          40|
    |e_8_fu_1935_p3            |    select|   0|  0|   40|           1|          40|
    |e_92_fu_2579_p3           |    select|   0|  0|   40|           1|          40|
    |e_95_fu_2603_p3           |    select|   0|  0|   40|           1|          40|
    |e_98_fu_2625_p3           |    select|   0|  0|   40|           1|          40|
    |term_10_fu_1672_p3        |    select|   0|  0|   40|           1|          40|
    |term_11_fu_1686_p3        |    select|   0|  0|   40|           1|          40|
    |term_12_fu_1700_p3        |    select|   0|  0|   40|           1|          40|
    |term_13_fu_1714_p3        |    select|   0|  0|   40|           1|          40|
    |term_14_fu_1728_p3        |    select|   0|  0|   40|           1|          40|
    |term_15_fu_1742_p3        |    select|   0|  0|   40|           1|          40|
    |term_16_fu_1756_p3        |    select|   0|  0|   40|           1|          40|
    |term_17_fu_1770_p3        |    select|   0|  0|   40|           1|          40|
    |term_1_fu_1546_p3         |    select|   0|  0|   40|           1|          40|
    |term_2_fu_1560_p3         |    select|   0|  0|   40|           1|          40|
    |term_3_fu_1574_p3         |    select|   0|  0|   40|           1|          40|
    |term_4_fu_1588_p3         |    select|   0|  0|   40|           1|          40|
    |term_5_fu_1602_p3         |    select|   0|  0|   40|           1|          40|
    |term_6_fu_1616_p3         |    select|   0|  0|   40|           1|          40|
    |term_7_fu_1630_p3         |    select|   0|  0|   40|           1|          40|
    |term_8_fu_1644_p3         |    select|   0|  0|   40|           1|          40|
    |term_9_fu_1658_p3         |    select|   0|  0|   40|           1|          40|
    |term_fu_1532_p3           |    select|   0|  0|   40|           1|          40|
    |xor_ln194_100_fu_4175_p2  |       xor|   0|  0|    2|           1|           1|
    |xor_ln194_101_fu_4197_p2  |       xor|   0|  0|    2|           1|           1|
    |xor_ln194_102_fu_4221_p2  |       xor|   0|  0|    2|           1|           1|
    |xor_ln194_103_fu_4243_p2  |       xor|   0|  0|    2|           1|           1|
    |xor_ln194_104_fu_4267_p2  |       xor|   0|  0|    2|           1|           1|
    |xor_ln194_105_fu_4289_p2  |       xor|   0|  0|    2|           1|           1|
    |xor_ln194_106_fu_4313_p2  |       xor|   0|  0|    2|           1|           1|
    |xor_ln194_107_fu_4335_p2  |       xor|   0|  0|    2|           1|           1|
    |xor_ln194_108_fu_4359_p2  |       xor|   0|  0|    2|           1|           1|
    |xor_ln194_109_fu_4381_p2  |       xor|   0|  0|    2|           1|           1|
    |xor_ln194_10_fu_2105_p2   |       xor|   0|  0|    2|           1|           1|
    |xor_ln194_110_fu_4405_p2  |       xor|   0|  0|    2|           1|           1|
    |xor_ln194_111_fu_4427_p2  |       xor|   0|  0|    2|           1|           1|
    |xor_ln194_112_fu_4451_p2  |       xor|   0|  0|    2|           1|           1|
    |xor_ln194_113_fu_4473_p2  |       xor|   0|  0|    2|           1|           1|
    |xor_ln194_114_fu_4497_p2  |       xor|   0|  0|    2|           1|           1|
    |xor_ln194_115_fu_4519_p2  |       xor|   0|  0|    2|           1|           1|
    |xor_ln194_116_fu_4543_p2  |       xor|   0|  0|    2|           1|           1|
    |xor_ln194_117_fu_4565_p2  |       xor|   0|  0|    2|           1|           1|
    |xor_ln194_118_fu_4589_p2  |       xor|   0|  0|    2|           1|           1|
    |xor_ln194_119_fu_4611_p2  |       xor|   0|  0|    2|           1|           1|
    |xor_ln194_11_fu_2127_p2   |       xor|   0|  0|    2|           1|           1|
    |xor_ln194_120_fu_4635_p2  |       xor|   0|  0|    2|           1|           1|
    |xor_ln194_121_fu_4657_p2  |       xor|   0|  0|    2|           1|           1|
    |xor_ln194_122_fu_4681_p2  |       xor|   0|  0|    2|           1|           1|
    |xor_ln194_123_fu_4703_p2  |       xor|   0|  0|    2|           1|           1|
    |xor_ln194_124_fu_4727_p2  |       xor|   0|  0|    2|           1|           1|
    |xor_ln194_125_fu_4749_p2  |       xor|   0|  0|    2|           1|           1|
    |xor_ln194_126_fu_4773_p2  |       xor|   0|  0|    2|           1|           1|
    |xor_ln194_127_fu_4795_p2  |       xor|   0|  0|    2|           1|           1|
    |xor_ln194_128_fu_4819_p2  |       xor|   0|  0|    2|           1|           1|
    |xor_ln194_129_fu_4841_p2  |       xor|   0|  0|    2|           1|           1|
    |xor_ln194_12_fu_2151_p2   |       xor|   0|  0|    2|           1|           1|
    |xor_ln194_130_fu_4865_p2  |       xor|   0|  0|    2|           1|           1|
    |xor_ln194_131_fu_4887_p2  |       xor|   0|  0|    2|           1|           1|
    |xor_ln194_132_fu_4911_p2  |       xor|   0|  0|    2|           1|           1|
    |xor_ln194_133_fu_4933_p2  |       xor|   0|  0|    2|           1|           1|
    |xor_ln194_134_fu_4957_p2  |       xor|   0|  0|    2|           1|           1|
    |xor_ln194_135_fu_4979_p2  |       xor|   0|  0|    2|           1|           1|
    |xor_ln194_136_fu_5003_p2  |       xor|   0|  0|    2|           1|           1|
    |xor_ln194_137_fu_5025_p2  |       xor|   0|  0|    2|           1|           1|
    |xor_ln194_138_fu_5049_p2  |       xor|   0|  0|    2|           1|           1|
    |xor_ln194_139_fu_5071_p2  |       xor|   0|  0|    2|           1|           1|
    |xor_ln194_13_fu_2173_p2   |       xor|   0|  0|    2|           1|           1|
    |xor_ln194_140_fu_5095_p2  |       xor|   0|  0|    2|           1|           1|
    |xor_ln194_141_fu_5117_p2  |       xor|   0|  0|    2|           1|           1|
    |xor_ln194_142_fu_5141_p2  |       xor|   0|  0|    2|           1|           1|
    |xor_ln194_143_fu_5163_p2  |       xor|   0|  0|    2|           1|           1|
    |xor_ln194_144_fu_5187_p2  |       xor|   0|  0|    2|           1|           1|
    |xor_ln194_145_fu_5209_p2  |       xor|   0|  0|    2|           1|           1|
    |xor_ln194_146_fu_5233_p2  |       xor|   0|  0|    2|           1|           1|
    |xor_ln194_147_fu_5255_p2  |       xor|   0|  0|    2|           1|           1|
    |xor_ln194_148_fu_5279_p2  |       xor|   0|  0|    2|           1|           1|
    |xor_ln194_149_fu_5301_p2  |       xor|   0|  0|    2|           1|           1|
    |xor_ln194_14_fu_2197_p2   |       xor|   0|  0|    2|           1|           1|
    |xor_ln194_150_fu_5325_p2  |       xor|   0|  0|    2|           1|           1|
    |xor_ln194_151_fu_5347_p2  |       xor|   0|  0|    2|           1|           1|
    |xor_ln194_152_fu_5371_p2  |       xor|   0|  0|    2|           1|           1|
    |xor_ln194_15_fu_2219_p2   |       xor|   0|  0|    2|           1|           1|
    |xor_ln194_16_fu_2243_p2   |       xor|   0|  0|    2|           1|           1|
    |xor_ln194_17_fu_2265_p2   |       xor|   0|  0|    2|           1|           1|
    |xor_ln194_18_fu_2289_p2   |       xor|   0|  0|    2|           1|           1|
    |xor_ln194_19_fu_2311_p2   |       xor|   0|  0|    2|           1|           1|
    |xor_ln194_1_fu_1897_p2    |       xor|   0|  0|    2|           1|           1|
    |xor_ln194_20_fu_2335_p2   |       xor|   0|  0|    2|           1|           1|
    |xor_ln194_21_fu_2357_p2   |       xor|   0|  0|    2|           1|           1|
    |xor_ln194_22_fu_2381_p2   |       xor|   0|  0|    2|           1|           1|
    |xor_ln194_23_fu_2403_p2   |       xor|   0|  0|    2|           1|           1|
    |xor_ln194_24_fu_2427_p2   |       xor|   0|  0|    2|           1|           1|
    |xor_ln194_25_fu_2449_p2   |       xor|   0|  0|    2|           1|           1|
    |xor_ln194_26_fu_2473_p2   |       xor|   0|  0|    2|           1|           1|
    |xor_ln194_27_fu_2495_p2   |       xor|   0|  0|    2|           1|           1|
    |xor_ln194_28_fu_2519_p2   |       xor|   0|  0|    2|           1|           1|
    |xor_ln194_29_fu_2541_p2   |       xor|   0|  0|    2|           1|           1|
    |xor_ln194_2_fu_1921_p2    |       xor|   0|  0|    2|           1|           1|
    |xor_ln194_30_fu_2565_p2   |       xor|   0|  0|    2|           1|           1|
    |xor_ln194_31_fu_2587_p2   |       xor|   0|  0|    2|           1|           1|
    |xor_ln194_32_fu_2611_p2   |       xor|   0|  0|    2|           1|           1|
    |xor_ln194_33_fu_2633_p2   |       xor|   0|  0|    2|           1|           1|
    |xor_ln194_34_fu_2657_p2   |       xor|   0|  0|    2|           1|           1|
    |xor_ln194_35_fu_2679_p2   |       xor|   0|  0|    2|           1|           1|
    |xor_ln194_36_fu_2703_p2   |       xor|   0|  0|    2|           1|           1|
    |xor_ln194_37_fu_2725_p2   |       xor|   0|  0|    2|           1|           1|
    |xor_ln194_38_fu_2749_p2   |       xor|   0|  0|    2|           1|           1|
    |xor_ln194_39_fu_2771_p2   |       xor|   0|  0|    2|           1|           1|
    |xor_ln194_3_fu_1943_p2    |       xor|   0|  0|    2|           1|           1|
    |xor_ln194_40_fu_2795_p2   |       xor|   0|  0|    2|           1|           1|
    |xor_ln194_41_fu_2817_p2   |       xor|   0|  0|    2|           1|           1|
    |xor_ln194_42_fu_2841_p2   |       xor|   0|  0|    2|           1|           1|
    |xor_ln194_43_fu_2863_p2   |       xor|   0|  0|    2|           1|           1|
    |xor_ln194_44_fu_2887_p2   |       xor|   0|  0|    2|           1|           1|
    |xor_ln194_45_fu_2909_p2   |       xor|   0|  0|    2|           1|           1|
    |xor_ln194_46_fu_2933_p2   |       xor|   0|  0|    2|           1|           1|
    |xor_ln194_47_fu_2955_p2   |       xor|   0|  0|    2|           1|           1|
    |xor_ln194_48_fu_2979_p2   |       xor|   0|  0|    2|           1|           1|
    |xor_ln194_49_fu_3001_p2   |       xor|   0|  0|    2|           1|           1|
    |xor_ln194_4_fu_1967_p2    |       xor|   0|  0|    2|           1|           1|
    |xor_ln194_50_fu_3025_p2   |       xor|   0|  0|    2|           1|           1|
    |xor_ln194_51_fu_3047_p2   |       xor|   0|  0|    2|           1|           1|
    |xor_ln194_52_fu_3071_p2   |       xor|   0|  0|    2|           1|           1|
    |xor_ln194_53_fu_3093_p2   |       xor|   0|  0|    2|           1|           1|
    |xor_ln194_54_fu_3117_p2   |       xor|   0|  0|    2|           1|           1|
    |xor_ln194_55_fu_3139_p2   |       xor|   0|  0|    2|           1|           1|
    |xor_ln194_56_fu_3163_p2   |       xor|   0|  0|    2|           1|           1|
    |xor_ln194_57_fu_3185_p2   |       xor|   0|  0|    2|           1|           1|
    |xor_ln194_58_fu_3209_p2   |       xor|   0|  0|    2|           1|           1|
    |xor_ln194_59_fu_3231_p2   |       xor|   0|  0|    2|           1|           1|
    |xor_ln194_5_fu_1989_p2    |       xor|   0|  0|    2|           1|           1|
    |xor_ln194_60_fu_3255_p2   |       xor|   0|  0|    2|           1|           1|
    |xor_ln194_61_fu_3277_p2   |       xor|   0|  0|    2|           1|           1|
    |xor_ln194_62_fu_3301_p2   |       xor|   0|  0|    2|           1|           1|
    |xor_ln194_63_fu_3323_p2   |       xor|   0|  0|    2|           1|           1|
    |xor_ln194_64_fu_3347_p2   |       xor|   0|  0|    2|           1|           1|
    |xor_ln194_65_fu_3369_p2   |       xor|   0|  0|    2|           1|           1|
    |xor_ln194_66_fu_3393_p2   |       xor|   0|  0|    2|           1|           1|
    |xor_ln194_67_fu_3415_p2   |       xor|   0|  0|    2|           1|           1|
    |xor_ln194_68_fu_3439_p2   |       xor|   0|  0|    2|           1|           1|
    |xor_ln194_69_fu_3461_p2   |       xor|   0|  0|    2|           1|           1|
    |xor_ln194_6_fu_2013_p2    |       xor|   0|  0|    2|           1|           1|
    |xor_ln194_70_fu_3485_p2   |       xor|   0|  0|    2|           1|           1|
    |xor_ln194_71_fu_3507_p2   |       xor|   0|  0|    2|           1|           1|
    |xor_ln194_72_fu_3531_p2   |       xor|   0|  0|    2|           1|           1|
    |xor_ln194_73_fu_3553_p2   |       xor|   0|  0|    2|           1|           1|
    |xor_ln194_74_fu_3577_p2   |       xor|   0|  0|    2|           1|           1|
    |xor_ln194_75_fu_3599_p2   |       xor|   0|  0|    2|           1|           1|
    |xor_ln194_76_fu_3623_p2   |       xor|   0|  0|    2|           1|           1|
    |xor_ln194_77_fu_3645_p2   |       xor|   0|  0|    2|           1|           1|
    |xor_ln194_78_fu_3669_p2   |       xor|   0|  0|    2|           1|           1|
    |xor_ln194_79_fu_3691_p2   |       xor|   0|  0|    2|           1|           1|
    |xor_ln194_7_fu_2035_p2    |       xor|   0|  0|    2|           1|           1|
    |xor_ln194_80_fu_3715_p2   |       xor|   0|  0|    2|           1|           1|
    |xor_ln194_81_fu_3737_p2   |       xor|   0|  0|    2|           1|           1|
    |xor_ln194_82_fu_3761_p2   |       xor|   0|  0|    2|           1|           1|
    |xor_ln194_83_fu_3783_p2   |       xor|   0|  0|    2|           1|           1|
    |xor_ln194_84_fu_3807_p2   |       xor|   0|  0|    2|           1|           1|
    |xor_ln194_85_fu_3829_p2   |       xor|   0|  0|    2|           1|           1|
    |xor_ln194_86_fu_3853_p2   |       xor|   0|  0|    2|           1|           1|
    |xor_ln194_87_fu_3875_p2   |       xor|   0|  0|    2|           1|           1|
    |xor_ln194_88_fu_3899_p2   |       xor|   0|  0|    2|           1|           1|
    |xor_ln194_89_fu_3921_p2   |       xor|   0|  0|    2|           1|           1|
    |xor_ln194_8_fu_2059_p2    |       xor|   0|  0|    2|           1|           1|
    |xor_ln194_90_fu_3945_p2   |       xor|   0|  0|    2|           1|           1|
    |xor_ln194_91_fu_3967_p2   |       xor|   0|  0|    2|           1|           1|
    |xor_ln194_92_fu_3991_p2   |       xor|   0|  0|    2|           1|           1|
    |xor_ln194_93_fu_4013_p2   |       xor|   0|  0|    2|           1|           1|
    |xor_ln194_94_fu_4037_p2   |       xor|   0|  0|    2|           1|           1|
    |xor_ln194_95_fu_4059_p2   |       xor|   0|  0|    2|           1|           1|
    |xor_ln194_96_fu_4083_p2   |       xor|   0|  0|    2|           1|           1|
    |xor_ln194_97_fu_4105_p2   |       xor|   0|  0|    2|           1|           1|
    |xor_ln194_98_fu_4129_p2   |       xor|   0|  0|    2|           1|           1|
    |xor_ln194_99_fu_4151_p2   |       xor|   0|  0|    2|           1|           1|
    |xor_ln194_9_fu_2081_p2    |       xor|   0|  0|    2|           1|           1|
    |xor_ln194_fu_1869_p2      |       xor|   0|  0|    2|           1|           1|
    +--------------------------+----------+----+---+-----+------------+------------+
    |Total                     |          |   0|  0|23155|       13303|       20713|
    +--------------------------+----------+----+---+-----+------------+------------+

    * Multiplexer: 
    +-----------+-----+-----------+-----+-----------+
    |    Name   | LUT | Input Size| Bits| Total Bits|
    +-----------+-----+-----------+-----+-----------+
    |ap_NS_fsm  |  377|         80|    1|         80|
    |ap_return  |    9|          2|   40|         80|
    +-----------+-----+-----------+-----+-----------+
    |Total      |  386|         82|   41|        160|
    +-----------+-----+-----------+-----+-----------+

    * Register: 
    +-----------------------+----+----+-----+-----------+
    |          Name         | FF | LUT| Bits| Const Bits|
    +-----------------------+----+----+-----+-----------+
    |add_ln183_13_reg_5827  |  40|   0|   40|          0|
    |add_ln183_16_reg_5832  |  40|   0|   40|          0|
    |add_ln183_1_reg_5807   |  40|   0|   40|          0|
    |add_ln183_5_reg_5812   |  40|   0|   40|          0|
    |add_ln183_8_reg_5817   |  40|   0|   40|          0|
    |add_ln183_9_reg_5822   |  40|   0|   40|          0|
    |ap_CS_fsm              |  79|   0|   79|          0|
    |ap_return_preg         |  40|   0|   40|          0|
    |e_101_reg_5934         |  40|   0|   40|          0|
    |e_107_reg_5940         |  40|   0|   40|          0|
    |e_113_reg_5946         |  40|   0|   40|          0|
    |e_119_reg_5952         |  40|   0|   40|          0|
    |e_11_reg_5844          |  40|   0|   40|          0|
    |e_125_reg_5958         |  40|   0|   40|          0|
    |e_131_reg_5964         |  40|   0|   40|          0|
    |e_137_reg_5970         |  40|   0|   40|          0|
    |e_143_reg_5976         |  40|   0|   40|          0|
    |e_149_reg_5982         |  40|   0|   40|          0|
    |e_155_reg_5988         |  40|   0|   40|          0|
    |e_161_reg_5994         |  40|   0|   40|          0|
    |e_167_reg_6000         |  40|   0|   40|          0|
    |e_173_reg_6006         |  40|   0|   40|          0|
    |e_179_reg_6012         |  40|   0|   40|          0|
    |e_17_reg_5850          |  40|   0|   40|          0|
    |e_185_reg_6018         |  40|   0|   40|          0|
    |e_191_reg_6024         |  40|   0|   40|          0|
    |e_197_reg_6030         |  40|   0|   40|          0|
    |e_203_reg_6036         |  40|   0|   40|          0|
    |e_209_reg_6042         |  40|   0|   40|          0|
    |e_215_reg_6048         |  40|   0|   40|          0|
    |e_221_reg_6054         |  40|   0|   40|          0|
    |e_227_reg_6060         |  40|   0|   40|          0|
    |e_233_reg_6066         |  40|   0|   40|          0|
    |e_239_reg_6072         |  40|   0|   40|          0|
    |e_23_reg_5856          |  40|   0|   40|          0|
    |e_245_reg_6078         |  40|   0|   40|          0|
    |e_251_reg_6084         |  40|   0|   40|          0|
    |e_257_reg_6090         |  40|   0|   40|          0|
    |e_263_reg_6096         |  40|   0|   40|          0|
    |e_269_reg_6102         |  40|   0|   40|          0|
    |e_275_reg_6108         |  40|   0|   40|          0|
    |e_281_reg_6114         |  40|   0|   40|          0|
    |e_287_reg_6120         |  40|   0|   40|          0|
    |e_293_reg_6126         |  40|   0|   40|          0|
    |e_299_reg_6132         |  40|   0|   40|          0|
    |e_29_reg_5862          |  40|   0|   40|          0|
    |e_305_reg_6138         |  40|   0|   40|          0|
    |e_311_reg_6144         |  40|   0|   40|          0|
    |e_317_reg_6150         |  40|   0|   40|          0|
    |e_323_reg_6156         |  40|   0|   40|          0|
    |e_329_reg_6162         |  40|   0|   40|          0|
    |e_335_reg_6168         |  40|   0|   40|          0|
    |e_341_reg_6174         |  40|   0|   40|          0|
    |e_347_reg_6180         |  40|   0|   40|          0|
    |e_353_reg_6186         |  40|   0|   40|          0|
    |e_359_reg_6192         |  40|   0|   40|          0|
    |e_35_reg_5868          |  40|   0|   40|          0|
    |e_365_reg_6198         |  40|   0|   40|          0|
    |e_371_reg_6204         |  40|   0|   40|          0|
    |e_377_reg_6210         |  40|   0|   40|          0|
    |e_383_reg_6216         |  40|   0|   40|          0|
    |e_389_reg_6222         |  40|   0|   40|          0|
    |e_395_reg_6228         |  40|   0|   40|          0|
    |e_401_reg_6234         |  40|   0|   40|          0|
    |e_407_reg_6240         |  40|   0|   40|          0|
    |e_413_reg_6246         |  40|   0|   40|          0|
    |e_419_reg_6252         |  40|   0|   40|          0|
    |e_41_reg_5874          |  40|   0|   40|          0|
    |e_425_reg_6258         |  40|   0|   40|          0|
    |e_431_reg_6264         |  40|   0|   40|          0|
    |e_437_reg_6270         |  40|   0|   40|          0|
    |e_443_reg_6276         |  40|   0|   40|          0|
    |e_449_reg_6282         |  40|   0|   40|          0|
    |e_455_reg_6288         |  40|   0|   40|          0|
    |e_47_reg_5880          |  40|   0|   40|          0|
    |e_53_reg_5886          |  40|   0|   40|          0|
    |e_59_reg_5892          |  40|   0|   40|          0|
    |e_5_reg_5838           |  40|   0|   40|          0|
    |e_65_reg_5898          |  40|   0|   40|          0|
    |e_71_reg_5904          |  40|   0|   40|          0|
    |e_77_reg_5910          |  40|   0|   40|          0|
    |e_83_reg_5916          |  40|   0|   40|          0|
    |e_89_reg_5922          |  40|   0|   40|          0|
    |e_95_reg_5928          |  40|   0|   40|          0|
    |term_12_reg_5792       |  40|   0|   40|          0|
    |term_15_reg_5797       |  40|   0|   40|          0|
    |term_16_reg_5802       |  40|   0|   40|          0|
    |term_4_reg_5777        |  40|   0|   40|          0|
    |term_5_reg_5782        |  40|   0|   40|          0|
    |term_9_reg_5787        |  40|   0|   40|          0|
    +-----------------------+----+----+-----+-----------+
    |Total                  |3639|   0| 3639|          0|
    +-----------------------+----+----+-----+-----------+



================================================================
== Interface
================================================================
* Summary: 
+-------------+-----+-----+------------+----------------------+--------------+
|  RTL Ports  | Dir | Bits|  Protocol  |     Source Object    |    C Type    |
+-------------+-----+-----+------------+----------------------+--------------+
|ap_clk       |   in|    1|  ap_ctrl_hs|  uniform_delta_energy|  return value|
|ap_rst       |   in|    1|  ap_ctrl_hs|  uniform_delta_energy|  return value|
|ap_start     |   in|    1|  ap_ctrl_hs|  uniform_delta_energy|  return value|
|ap_done      |  out|    1|  ap_ctrl_hs|  uniform_delta_energy|  return value|
|ap_idle      |  out|    1|  ap_ctrl_hs|  uniform_delta_energy|  return value|
|ap_ready     |  out|    1|  ap_ctrl_hs|  uniform_delta_energy|  return value|
|ap_return    |  out|   40|  ap_ctrl_hs|  uniform_delta_energy|  return value|
|J_0_1_val    |   in|   40|     ap_none|             J_0_1_val|        scalar|
|J_0_2_val    |   in|   40|     ap_none|             J_0_2_val|        scalar|
|J_0_3_val    |   in|   40|     ap_none|             J_0_3_val|        scalar|
|J_0_4_val    |   in|   40|     ap_none|             J_0_4_val|        scalar|
|J_0_5_val    |   in|   40|     ap_none|             J_0_5_val|        scalar|
|J_0_6_val    |   in|   40|     ap_none|             J_0_6_val|        scalar|
|J_0_7_val    |   in|   40|     ap_none|             J_0_7_val|        scalar|
|J_0_8_val    |   in|   40|     ap_none|             J_0_8_val|        scalar|
|J_0_9_val    |   in|   40|     ap_none|             J_0_9_val|        scalar|
|J_0_10_val   |   in|   40|     ap_none|            J_0_10_val|        scalar|
|J_0_11_val   |   in|   40|     ap_none|            J_0_11_val|        scalar|
|J_0_12_val   |   in|   40|     ap_none|            J_0_12_val|        scalar|
|J_0_13_val   |   in|   40|     ap_none|            J_0_13_val|        scalar|
|J_0_14_val   |   in|   40|     ap_none|            J_0_14_val|        scalar|
|J_0_15_val   |   in|   40|     ap_none|            J_0_15_val|        scalar|
|J_0_16_val   |   in|   40|     ap_none|            J_0_16_val|        scalar|
|J_0_17_val   |   in|   40|     ap_none|            J_0_17_val|        scalar|
|J_1_2_val    |   in|   40|     ap_none|             J_1_2_val|        scalar|
|J_1_3_val    |   in|   40|     ap_none|             J_1_3_val|        scalar|
|J_1_4_val    |   in|   40|     ap_none|             J_1_4_val|        scalar|
|J_1_5_val    |   in|   40|     ap_none|             J_1_5_val|        scalar|
|J_1_6_val    |   in|   40|     ap_none|             J_1_6_val|        scalar|
|J_1_7_val    |   in|   40|     ap_none|             J_1_7_val|        scalar|
|J_1_8_val    |   in|   40|     ap_none|             J_1_8_val|        scalar|
|J_1_9_val    |   in|   40|     ap_none|             J_1_9_val|        scalar|
|J_1_10_val   |   in|   40|     ap_none|            J_1_10_val|        scalar|
|J_1_11_val   |   in|   40|     ap_none|            J_1_11_val|        scalar|
|J_1_12_val   |   in|   40|     ap_none|            J_1_12_val|        scalar|
|J_1_13_val   |   in|   40|     ap_none|            J_1_13_val|        scalar|
|J_1_14_val   |   in|   40|     ap_none|            J_1_14_val|        scalar|
|J_1_15_val   |   in|   40|     ap_none|            J_1_15_val|        scalar|
|J_1_16_val   |   in|   40|     ap_none|            J_1_16_val|        scalar|
|J_1_17_val   |   in|   40|     ap_none|            J_1_17_val|        scalar|
|J_2_3_val    |   in|   40|     ap_none|             J_2_3_val|        scalar|
|J_2_4_val    |   in|   40|     ap_none|             J_2_4_val|        scalar|
|J_2_5_val    |   in|   40|     ap_none|             J_2_5_val|        scalar|
|J_2_6_val    |   in|   40|     ap_none|             J_2_6_val|        scalar|
|J_2_7_val    |   in|   40|     ap_none|             J_2_7_val|        scalar|
|J_2_8_val    |   in|   40|     ap_none|             J_2_8_val|        scalar|
|J_2_9_val    |   in|   40|     ap_none|             J_2_9_val|        scalar|
|J_2_10_val   |   in|   40|     ap_none|            J_2_10_val|        scalar|
|J_2_11_val   |   in|   40|     ap_none|            J_2_11_val|        scalar|
|J_2_12_val   |   in|   40|     ap_none|            J_2_12_val|        scalar|
|J_2_13_val   |   in|   40|     ap_none|            J_2_13_val|        scalar|
|J_2_14_val   |   in|   40|     ap_none|            J_2_14_val|        scalar|
|J_2_15_val   |   in|   40|     ap_none|            J_2_15_val|        scalar|
|J_2_16_val   |   in|   40|     ap_none|            J_2_16_val|        scalar|
|J_2_17_val   |   in|   40|     ap_none|            J_2_17_val|        scalar|
|J_3_4_val    |   in|   40|     ap_none|             J_3_4_val|        scalar|
|J_3_5_val    |   in|   40|     ap_none|             J_3_5_val|        scalar|
|J_3_6_val    |   in|   40|     ap_none|             J_3_6_val|        scalar|
|J_3_7_val    |   in|   40|     ap_none|             J_3_7_val|        scalar|
|J_3_8_val    |   in|   40|     ap_none|             J_3_8_val|        scalar|
|J_3_9_val    |   in|   40|     ap_none|             J_3_9_val|        scalar|
|J_3_10_val   |   in|   40|     ap_none|            J_3_10_val|        scalar|
|J_3_11_val   |   in|   40|     ap_none|            J_3_11_val|        scalar|
|J_3_12_val   |   in|   40|     ap_none|            J_3_12_val|        scalar|
|J_3_13_val   |   in|   40|     ap_none|            J_3_13_val|        scalar|
|J_3_14_val   |   in|   40|     ap_none|            J_3_14_val|        scalar|
|J_3_15_val   |   in|   40|     ap_none|            J_3_15_val|        scalar|
|J_3_16_val   |   in|   40|     ap_none|            J_3_16_val|        scalar|
|J_3_17_val   |   in|   40|     ap_none|            J_3_17_val|        scalar|
|J_4_5_val    |   in|   40|     ap_none|             J_4_5_val|        scalar|
|J_4_6_val    |   in|   40|     ap_none|             J_4_6_val|        scalar|
|J_4_7_val    |   in|   40|     ap_none|             J_4_7_val|        scalar|
|J_4_8_val    |   in|   40|     ap_none|             J_4_8_val|        scalar|
|J_4_9_val    |   in|   40|     ap_none|             J_4_9_val|        scalar|
|J_4_10_val   |   in|   40|     ap_none|            J_4_10_val|        scalar|
|J_4_11_val   |   in|   40|     ap_none|            J_4_11_val|        scalar|
|J_4_12_val   |   in|   40|     ap_none|            J_4_12_val|        scalar|
|J_4_13_val   |   in|   40|     ap_none|            J_4_13_val|        scalar|
|J_4_14_val   |   in|   40|     ap_none|            J_4_14_val|        scalar|
|J_4_15_val   |   in|   40|     ap_none|            J_4_15_val|        scalar|
|J_4_16_val   |   in|   40|     ap_none|            J_4_16_val|        scalar|
|J_4_17_val   |   in|   40|     ap_none|            J_4_17_val|        scalar|
|J_5_6_val    |   in|   40|     ap_none|             J_5_6_val|        scalar|
|J_5_7_val    |   in|   40|     ap_none|             J_5_7_val|        scalar|
|J_5_8_val    |   in|   40|     ap_none|             J_5_8_val|        scalar|
|J_5_9_val    |   in|   40|     ap_none|             J_5_9_val|        scalar|
|J_5_10_val   |   in|   40|     ap_none|            J_5_10_val|        scalar|
|J_5_11_val   |   in|   40|     ap_none|            J_5_11_val|        scalar|
|J_5_12_val   |   in|   40|     ap_none|            J_5_12_val|        scalar|
|J_5_13_val   |   in|   40|     ap_none|            J_5_13_val|        scalar|
|J_5_14_val   |   in|   40|     ap_none|            J_5_14_val|        scalar|
|J_5_15_val   |   in|   40|     ap_none|            J_5_15_val|        scalar|
|J_5_16_val   |   in|   40|     ap_none|            J_5_16_val|        scalar|
|J_5_17_val   |   in|   40|     ap_none|            J_5_17_val|        scalar|
|J_6_7_val    |   in|   40|     ap_none|             J_6_7_val|        scalar|
|J_6_8_val    |   in|   40|     ap_none|             J_6_8_val|        scalar|
|J_6_9_val    |   in|   40|     ap_none|             J_6_9_val|        scalar|
|J_6_10_val   |   in|   40|     ap_none|            J_6_10_val|        scalar|
|J_6_11_val   |   in|   40|     ap_none|            J_6_11_val|        scalar|
|J_6_12_val   |   in|   40|     ap_none|            J_6_12_val|        scalar|
|J_6_13_val   |   in|   40|     ap_none|            J_6_13_val|        scalar|
|J_6_14_val   |   in|   40|     ap_none|            J_6_14_val|        scalar|
|J_6_15_val   |   in|   40|     ap_none|            J_6_15_val|        scalar|
|J_6_16_val   |   in|   40|     ap_none|            J_6_16_val|        scalar|
|J_6_17_val   |   in|   40|     ap_none|            J_6_17_val|        scalar|
|J_7_8_val    |   in|   40|     ap_none|             J_7_8_val|        scalar|
|J_7_9_val    |   in|   40|     ap_none|             J_7_9_val|        scalar|
|J_7_10_val   |   in|   40|     ap_none|            J_7_10_val|        scalar|
|J_7_11_val   |   in|   40|     ap_none|            J_7_11_val|        scalar|
|J_7_12_val   |   in|   40|     ap_none|            J_7_12_val|        scalar|
|J_7_13_val   |   in|   40|     ap_none|            J_7_13_val|        scalar|
|J_7_14_val   |   in|   40|     ap_none|            J_7_14_val|        scalar|
|J_7_15_val   |   in|   40|     ap_none|            J_7_15_val|        scalar|
|J_7_16_val   |   in|   40|     ap_none|            J_7_16_val|        scalar|
|J_7_17_val   |   in|   40|     ap_none|            J_7_17_val|        scalar|
|J_8_9_val    |   in|   40|     ap_none|             J_8_9_val|        scalar|
|J_8_10_val   |   in|   40|     ap_none|            J_8_10_val|        scalar|
|J_8_11_val   |   in|   40|     ap_none|            J_8_11_val|        scalar|
|J_8_12_val   |   in|   40|     ap_none|            J_8_12_val|        scalar|
|J_8_13_val   |   in|   40|     ap_none|            J_8_13_val|        scalar|
|J_8_14_val   |   in|   40|     ap_none|            J_8_14_val|        scalar|
|J_8_15_val   |   in|   40|     ap_none|            J_8_15_val|        scalar|
|J_8_16_val   |   in|   40|     ap_none|            J_8_16_val|        scalar|
|J_8_17_val   |   in|   40|     ap_none|            J_8_17_val|        scalar|
|J_9_10_val   |   in|   40|     ap_none|            J_9_10_val|        scalar|
|J_9_11_val   |   in|   40|     ap_none|            J_9_11_val|        scalar|
|J_9_12_val   |   in|   40|     ap_none|            J_9_12_val|        scalar|
|J_9_13_val   |   in|   40|     ap_none|            J_9_13_val|        scalar|
|J_9_14_val   |   in|   40|     ap_none|            J_9_14_val|        scalar|
|J_9_15_val   |   in|   40|     ap_none|            J_9_15_val|        scalar|
|J_9_16_val   |   in|   40|     ap_none|            J_9_16_val|        scalar|
|J_9_17_val   |   in|   40|     ap_none|            J_9_17_val|        scalar|
|J_10_11_val  |   in|   40|     ap_none|           J_10_11_val|        scalar|
|J_10_12_val  |   in|   40|     ap_none|           J_10_12_val|        scalar|
|J_10_13_val  |   in|   40|     ap_none|           J_10_13_val|        scalar|
|J_10_14_val  |   in|   40|     ap_none|           J_10_14_val|        scalar|
|J_10_15_val  |   in|   40|     ap_none|           J_10_15_val|        scalar|
|J_10_16_val  |   in|   40|     ap_none|           J_10_16_val|        scalar|
|J_10_17_val  |   in|   40|     ap_none|           J_10_17_val|        scalar|
|J_11_12_val  |   in|   40|     ap_none|           J_11_12_val|        scalar|
|J_11_13_val  |   in|   40|     ap_none|           J_11_13_val|        scalar|
|J_11_14_val  |   in|   40|     ap_none|           J_11_14_val|        scalar|
|J_11_15_val  |   in|   40|     ap_none|           J_11_15_val|        scalar|
|J_11_16_val  |   in|   40|     ap_none|           J_11_16_val|        scalar|
|J_11_17_val  |   in|   40|     ap_none|           J_11_17_val|        scalar|
|J_12_13_val  |   in|   40|     ap_none|           J_12_13_val|        scalar|
|J_12_14_val  |   in|   40|     ap_none|           J_12_14_val|        scalar|
|J_12_15_val  |   in|   40|     ap_none|           J_12_15_val|        scalar|
|J_12_16_val  |   in|   40|     ap_none|           J_12_16_val|        scalar|
|J_12_17_val  |   in|   40|     ap_none|           J_12_17_val|        scalar|
|J_13_14_val  |   in|   40|     ap_none|           J_13_14_val|        scalar|
|J_13_15_val  |   in|   40|     ap_none|           J_13_15_val|        scalar|
|J_13_16_val  |   in|   40|     ap_none|           J_13_16_val|        scalar|
|J_13_17_val  |   in|   40|     ap_none|           J_13_17_val|        scalar|
|J_14_15_val  |   in|   40|     ap_none|           J_14_15_val|        scalar|
|J_14_16_val  |   in|   40|     ap_none|           J_14_16_val|        scalar|
|J_14_17_val  |   in|   40|     ap_none|           J_14_17_val|        scalar|
|J_15_16_val  |   in|   40|     ap_none|           J_15_16_val|        scalar|
|J_15_17_val  |   in|   40|     ap_none|           J_15_17_val|        scalar|
|J_16_17_val  |   in|   40|     ap_none|           J_16_17_val|        scalar|
|h_0_val      |   in|   40|     ap_none|               h_0_val|        scalar|
|h_1_val      |   in|   40|     ap_none|               h_1_val|        scalar|
|h_2_val      |   in|   40|     ap_none|               h_2_val|        scalar|
|h_3_val      |   in|   40|     ap_none|               h_3_val|        scalar|
|h_4_val      |   in|   40|     ap_none|               h_4_val|        scalar|
|h_5_val      |   in|   40|     ap_none|               h_5_val|        scalar|
|h_6_val      |   in|   40|     ap_none|               h_6_val|        scalar|
|h_7_val      |   in|   40|     ap_none|               h_7_val|        scalar|
|h_8_val      |   in|   40|     ap_none|               h_8_val|        scalar|
|h_9_val      |   in|   40|     ap_none|               h_9_val|        scalar|
|h_10_val     |   in|   40|     ap_none|              h_10_val|        scalar|
|h_11_val     |   in|   40|     ap_none|              h_11_val|        scalar|
|h_12_val     |   in|   40|     ap_none|              h_12_val|        scalar|
|h_13_val     |   in|   40|     ap_none|              h_13_val|        scalar|
|h_14_val     |   in|   40|     ap_none|              h_14_val|        scalar|
|h_15_val     |   in|   40|     ap_none|              h_15_val|        scalar|
|h_16_val     |   in|   40|     ap_none|              h_16_val|        scalar|
|h_17_val     |   in|   40|     ap_none|              h_17_val|        scalar|
|y_0_val      |   in|    1|     ap_none|               y_0_val|        scalar|
|y_1_val      |   in|    1|     ap_none|               y_1_val|        scalar|
|y_2_val      |   in|    1|     ap_none|               y_2_val|        scalar|
|y_3_val      |   in|    1|     ap_none|               y_3_val|        scalar|
|y_4_val      |   in|    1|     ap_none|               y_4_val|        scalar|
|y_5_val      |   in|    1|     ap_none|               y_5_val|        scalar|
|y_6_val      |   in|    1|     ap_none|               y_6_val|        scalar|
|y_7_val      |   in|    1|     ap_none|               y_7_val|        scalar|
|y_8_val      |   in|    1|     ap_none|               y_8_val|        scalar|
|y_9_val      |   in|    1|     ap_none|               y_9_val|        scalar|
|y_10_val     |   in|    1|     ap_none|              y_10_val|        scalar|
|y_11_val     |   in|    1|     ap_none|              y_11_val|        scalar|
|y_12_val     |   in|    1|     ap_none|              y_12_val|        scalar|
|y_13_val     |   in|    1|     ap_none|              y_13_val|        scalar|
|y_14_val     |   in|    1|     ap_none|              y_14_val|        scalar|
|y_15_val     |   in|    1|     ap_none|              y_15_val|        scalar|
|y_16_val     |   in|    1|     ap_none|              y_16_val|        scalar|
|y_17_val     |   in|    1|     ap_none|              y_17_val|        scalar|
|old_energy   |   in|   40|     ap_none|            old_energy|        scalar|
+-------------+-----+-----+------------+----------------------+--------------+

