

================================================================
== Vitis HLS Report for 'uniform_metropolis_step'
================================================================
* Date:           Tue May 19 20:37:55 2026

* Version:        2025.2 (Build 6295257 on Nov 14 2025)
* Project:        hls_uniform_metropolis_step_N18
* Solution:       hls (Vivado IP Flow Target)
* Product family: virtexuplus
* Target device:  xcvu19p-fsva3824-2-e


================================================================
== Performance Estimates
================================================================
+ Timing: 
    * Summary: 
    +--------+---------+----------+------------+
    |  Clock |  Target | Estimated| Uncertainty|
    +--------+---------+----------+------------+
    |ap_clk  |  3.33 ns|  2.388 ns|     0.90 ns|
    +--------+---------+----------+------------+

+ Latency: 
    * Summary: 
    +---------+---------+----------+----------+-----+-----+---------+
    |  Latency (cycles) |  Latency (absolute) |  Interval | Pipeline|
    |   min   |   max   |    min   |    max   | min | max |   Type  |
    +---------+---------+----------+----------+-----+-----+---------+
    |       81|       90|  0.270 us|  0.300 us|   82|   91|       no|
    +---------+---------+----------+----------+-----+-----+---------+

    + Detail: 
        * Instance: 
        +----------------------------------+----------------------+---------+---------+----------+----------+-----+-----+---------+
        |                                  |                      |  Latency (cycles) |  Latency (absolute) |  Interval | Pipeline|
        |             Instance             |        Module        |   min   |   max   |    min   |    max   | min | max |   Type  |
        +----------------------------------+----------------------+---------+---------+----------+----------+-----+-----+---------+
        |grp_uniform_delta_energy_fu_2069  |uniform_delta_energy  |       78|       78|  0.260 us|  0.260 us|   78|   78|       no|
        +----------------------------------+----------------------+---------+---------+----------+----------+-----+-----+---------+

        * Loop: 
        N/A



================================================================
== Utilization Estimates
================================================================
* Summary: 
+---------------------+---------+------+---------+---------+-----+
|         Name        | BRAM_18K|  DSP |    FF   |   LUT   | URAM|
+---------------------+---------+------+---------+---------+-----+
|DSP                  |        -|     -|        -|        -|    -|
|Expression           |        -|     -|        0|      703|    -|
|FIFO                 |        -|     -|        -|        -|    -|
|Instance             |        -|     7|     4038|    23714|    -|
|Memory               |        0|     -|        0|        0|    -|
|Multiplexer          |        -|     -|        0|       93|    -|
|Register             |        -|     -|     7370|        -|    -|
+---------------------+---------+------+---------+---------+-----+
|Total                |        0|     7|    11408|    24510|    0|
+---------------------+---------+------+---------+---------+-----+
|Available SLR        |     1080|   960|  2042880|  1021440|   80|
+---------------------+---------+------+---------+---------+-----+
|Utilization SLR (%)  |        0|    ~0|       ~0|        2|    0|
+---------------------+---------+------+---------+---------+-----+
|Available            |     4320|  3840|  8171520|  4085760|  320|
+---------------------+---------+------+---------+---------+-----+
|Utilization (%)      |        0|    ~0|       ~0|       ~0|    0|
+---------------------+---------+------+---------+---------+-----+

+ Detail: 
    * Instance: 
    +----------------------------------+----------------------+---------+----+------+-------+-----+
    |             Instance             |        Module        | BRAM_18K| DSP|  FF  |  LUT  | URAM|
    +----------------------------------+----------------------+---------+----+------+-------+-----+
    |mul_26s_36s_60_2_1_U191           |mul_26s_36s_60_2_1    |        0|   2|   202|     84|    0|
    |mul_40ns_40s_64_2_1_U192          |mul_40ns_40s_64_2_1   |        0|   5|   197|     80|    0|
    |sparsemux_7_2_40_1_1_U193         |sparsemux_7_2_40_1_1  |        0|   0|     0|      9|    0|
    |grp_uniform_delta_energy_fu_2069  |uniform_delta_energy  |        0|   0|  3639|  23541|    0|
    +----------------------------------+----------------------+---------+----+------+-------+-----+
    |Total                             |                      |        0|   7|  4038|  23714|    0|
    +----------------------------------+----------------------+---------+----+------+-------+-----+

    * DSP: 
    N/A

    * Memory: 
    +---------------+-------------------------+---------+---+----+-----+------+-----+------+-------------+
    |     Memory    |          Module         | BRAM_18K| FF| LUT| URAM| Words| Bits| Banks| W*Bits*Banks|
    +---------------+-------------------------+---------+---+----+-----+------+-----+------+-------------+
    |EXP_NEG_LUT_U  |EXP_NEG_LUT_ROM_AUTO_1R  |        0|  0|   0|    0|  1025|   40|     1|        41000|
    +---------------+-------------------------+---------+---+----+-----+------+-----+------+-------------+
    |Total          |                         |        0|  0|   0|    0|  1025|   40|     1|        41000|
    +---------------+-------------------------+---------+---+----+-----+------+-----+------+-------------+

    * FIFO: 
    N/A

    * Expression: 
    +------------------------+----------+----+---+-----+------------+------------+
    |      Variable Name     | Operation| DSP| FF| LUT | Bitwidth P0| Bitwidth P1|
    +------------------------+----------+----+---+-----+------------+------------+
    |add_ln280_fu_2797_p2    |         +|   0|  0|   47|          40|          40|
    |add_ln87_fu_2609_p2     |         +|   0|  0|   18|          11|           1|
    |add_ln89_fu_2681_p2     |         +|   0|  0|   68|          61|          61|
    |sub_ln75_1_fu_2546_p2   |         -|   0|  0|   66|           1|          59|
    |sub_ln75_fu_2525_p2     |         -|   0|  0|  107|           1|          88|
    |sub_ln84_fu_2599_p2     |         -|   0|  0|   34|          27|          27|
    |sub_ln89_fu_2645_p2     |         -|   0|  0|   33|          26|          26|
    |and_ln91_1_fu_2753_p2   |       and|   0|  0|    2|           1|           1|
    |and_ln91_fu_2748_p2     |       and|   0|  0|    2|           1|           1|
    |icmp_ln116_fu_2461_p2   |      icmp|   0|  0|   47|          40|           1|
    |icmp_ln123_fu_2785_p2   |      icmp|   0|  0|   47|          40|          40|
    |icmp_ln59_fu_2513_p2    |      icmp|   0|  0|   47|          40|           1|
    |icmp_ln63_fu_2541_p2    |      icmp|   0|  0|   18|          11|           1|
    |icmp_ln91_fu_2713_p2    |      icmp|   0|  0|   44|          37|           1|
    |icmp_ln95_fu_2707_p2    |      icmp|   0|  0|   20|          13|           1|
    |p_fu_2765_p4            |    select|   0|  0|   41|           1|          41|
    |select_ln75_fu_2558_p3  |    select|   0|  0|   58|           1|          59|
    |xor_ln123_fu_2790_p2    |       xor|   0|  0|    2|           1|           2|
    |xor_ln59_fu_2743_p2     |       xor|   0|  0|    2|           1|           2|
    +------------------------+----------+----+---+-----+------------+------------+
    |Total                   |          |   0|  0|  703|         354|         453|
    +------------------------+----------+----+---+-----+------------+------------+

    * Multiplexer: 
    +---------------------------------+----+-----------+-----+-----------+
    |               Name              | LUT| Input Size| Bits| Total Bits|
    +---------------------------------+----+-----------+-----+-----------+
    |accepted                         |  14|          3|    1|          3|
    |ap_NS_fsm                        |  65|         14|    1|         14|
    |ap_phi_mux_empty_phi_fu_2062_p4  |  14|          3|   40|        120|
    +---------------------------------+----+-----------+-----+-----------+
    |Total                            |  93|         20|   42|        137|
    +---------------------------------+----+-----------+-----+-----------+

    * Register: 
    +-----------------------------------------------+----+----+-----+-----------+
    |                      Name                     | FF | LUT| Bits| Const Bits|
    +-----------------------------------------------+----+----+-----+-----------+
    |J_0_10_read_reg_2854                           |  40|   0|   40|          0|
    |J_0_11_read_reg_2859                           |  40|   0|   40|          0|
    |J_0_12_read_reg_2864                           |  40|   0|   40|          0|
    |J_0_13_read_reg_2869                           |  40|   0|   40|          0|
    |J_0_14_read_reg_2874                           |  40|   0|   40|          0|
    |J_0_15_read_reg_2879                           |  40|   0|   40|          0|
    |J_0_16_read_reg_2884                           |  40|   0|   40|          0|
    |J_0_17_read_reg_2889                           |  40|   0|   40|          0|
    |J_0_1_read_reg_2809                            |  40|   0|   40|          0|
    |J_0_2_read_reg_2814                            |  40|   0|   40|          0|
    |J_0_3_read_reg_2819                            |  40|   0|   40|          0|
    |J_0_4_read_reg_2824                            |  40|   0|   40|          0|
    |J_0_5_read_reg_2829                            |  40|   0|   40|          0|
    |J_0_6_read_reg_2834                            |  40|   0|   40|          0|
    |J_0_7_read_reg_2839                            |  40|   0|   40|          0|
    |J_0_8_read_reg_2844                            |  40|   0|   40|          0|
    |J_0_9_read_reg_2849                            |  40|   0|   40|          0|
    |J_10_11_read_reg_3434                          |  40|   0|   40|          0|
    |J_10_12_read_reg_3439                          |  40|   0|   40|          0|
    |J_10_13_read_reg_3444                          |  40|   0|   40|          0|
    |J_10_14_read_reg_3449                          |  40|   0|   40|          0|
    |J_10_15_read_reg_3454                          |  40|   0|   40|          0|
    |J_10_16_read_reg_3459                          |  40|   0|   40|          0|
    |J_10_17_read_reg_3464                          |  40|   0|   40|          0|
    |J_11_12_read_reg_3469                          |  40|   0|   40|          0|
    |J_11_13_read_reg_3474                          |  40|   0|   40|          0|
    |J_11_14_read_reg_3479                          |  40|   0|   40|          0|
    |J_11_15_read_reg_3484                          |  40|   0|   40|          0|
    |J_11_16_read_reg_3489                          |  40|   0|   40|          0|
    |J_11_17_read_reg_3494                          |  40|   0|   40|          0|
    |J_12_13_read_reg_3499                          |  40|   0|   40|          0|
    |J_12_14_read_reg_3504                          |  40|   0|   40|          0|
    |J_12_15_read_reg_3509                          |  40|   0|   40|          0|
    |J_12_16_read_reg_3514                          |  40|   0|   40|          0|
    |J_12_17_read_reg_3519                          |  40|   0|   40|          0|
    |J_13_14_read_reg_3524                          |  40|   0|   40|          0|
    |J_13_15_read_reg_3529                          |  40|   0|   40|          0|
    |J_13_16_read_reg_3534                          |  40|   0|   40|          0|
    |J_13_17_read_reg_3539                          |  40|   0|   40|          0|
    |J_14_15_read_reg_3544                          |  40|   0|   40|          0|
    |J_14_16_read_reg_3549                          |  40|   0|   40|          0|
    |J_14_17_read_reg_3554                          |  40|   0|   40|          0|
    |J_15_16_read_reg_3559                          |  40|   0|   40|          0|
    |J_15_17_read_reg_3564                          |  40|   0|   40|          0|
    |J_16_17_read_reg_3569                          |  40|   0|   40|          0|
    |J_1_10_read_reg_2934                           |  40|   0|   40|          0|
    |J_1_11_read_reg_2939                           |  40|   0|   40|          0|
    |J_1_12_read_reg_2944                           |  40|   0|   40|          0|
    |J_1_13_read_reg_2949                           |  40|   0|   40|          0|
    |J_1_14_read_reg_2954                           |  40|   0|   40|          0|
    |J_1_15_read_reg_2959                           |  40|   0|   40|          0|
    |J_1_16_read_reg_2964                           |  40|   0|   40|          0|
    |J_1_17_read_reg_2969                           |  40|   0|   40|          0|
    |J_1_2_read_reg_2894                            |  40|   0|   40|          0|
    |J_1_3_read_reg_2899                            |  40|   0|   40|          0|
    |J_1_4_read_reg_2904                            |  40|   0|   40|          0|
    |J_1_5_read_reg_2909                            |  40|   0|   40|          0|
    |J_1_6_read_reg_2914                            |  40|   0|   40|          0|
    |J_1_7_read_reg_2919                            |  40|   0|   40|          0|
    |J_1_8_read_reg_2924                            |  40|   0|   40|          0|
    |J_1_9_read_reg_2929                            |  40|   0|   40|          0|
    |J_2_10_read_reg_3009                           |  40|   0|   40|          0|
    |J_2_11_read_reg_3014                           |  40|   0|   40|          0|
    |J_2_12_read_reg_3019                           |  40|   0|   40|          0|
    |J_2_13_read_reg_3024                           |  40|   0|   40|          0|
    |J_2_14_read_reg_3029                           |  40|   0|   40|          0|
    |J_2_15_read_reg_3034                           |  40|   0|   40|          0|
    |J_2_16_read_reg_3039                           |  40|   0|   40|          0|
    |J_2_17_read_reg_3044                           |  40|   0|   40|          0|
    |J_2_3_read_reg_2974                            |  40|   0|   40|          0|
    |J_2_4_read_reg_2979                            |  40|   0|   40|          0|
    |J_2_5_read_reg_2984                            |  40|   0|   40|          0|
    |J_2_6_read_reg_2989                            |  40|   0|   40|          0|
    |J_2_7_read_reg_2994                            |  40|   0|   40|          0|
    |J_2_8_read_reg_2999                            |  40|   0|   40|          0|
    |J_2_9_read_reg_3004                            |  40|   0|   40|          0|
    |J_3_10_read_reg_3079                           |  40|   0|   40|          0|
    |J_3_11_read_reg_3084                           |  40|   0|   40|          0|
    |J_3_12_read_reg_3089                           |  40|   0|   40|          0|
    |J_3_13_read_reg_3094                           |  40|   0|   40|          0|
    |J_3_14_read_reg_3099                           |  40|   0|   40|          0|
    |J_3_15_read_reg_3104                           |  40|   0|   40|          0|
    |J_3_16_read_reg_3109                           |  40|   0|   40|          0|
    |J_3_17_read_reg_3114                           |  40|   0|   40|          0|
    |J_3_4_read_reg_3049                            |  40|   0|   40|          0|
    |J_3_5_read_reg_3054                            |  40|   0|   40|          0|
    |J_3_6_read_reg_3059                            |  40|   0|   40|          0|
    |J_3_7_read_reg_3064                            |  40|   0|   40|          0|
    |J_3_8_read_reg_3069                            |  40|   0|   40|          0|
    |J_3_9_read_reg_3074                            |  40|   0|   40|          0|
    |J_4_10_read_reg_3144                           |  40|   0|   40|          0|
    |J_4_11_read_reg_3149                           |  40|   0|   40|          0|
    |J_4_12_read_reg_3154                           |  40|   0|   40|          0|
    |J_4_13_read_reg_3159                           |  40|   0|   40|          0|
    |J_4_14_read_reg_3164                           |  40|   0|   40|          0|
    |J_4_15_read_reg_3169                           |  40|   0|   40|          0|
    |J_4_16_read_reg_3174                           |  40|   0|   40|          0|
    |J_4_17_read_reg_3179                           |  40|   0|   40|          0|
    |J_4_5_read_reg_3119                            |  40|   0|   40|          0|
    |J_4_6_read_reg_3124                            |  40|   0|   40|          0|
    |J_4_7_read_reg_3129                            |  40|   0|   40|          0|
    |J_4_8_read_reg_3134                            |  40|   0|   40|          0|
    |J_4_9_read_reg_3139                            |  40|   0|   40|          0|
    |J_5_10_read_reg_3204                           |  40|   0|   40|          0|
    |J_5_11_read_reg_3209                           |  40|   0|   40|          0|
    |J_5_12_read_reg_3214                           |  40|   0|   40|          0|
    |J_5_13_read_reg_3219                           |  40|   0|   40|          0|
    |J_5_14_read_reg_3224                           |  40|   0|   40|          0|
    |J_5_15_read_reg_3229                           |  40|   0|   40|          0|
    |J_5_16_read_reg_3234                           |  40|   0|   40|          0|
    |J_5_17_read_reg_3239                           |  40|   0|   40|          0|
    |J_5_6_read_reg_3184                            |  40|   0|   40|          0|
    |J_5_7_read_reg_3189                            |  40|   0|   40|          0|
    |J_5_8_read_reg_3194                            |  40|   0|   40|          0|
    |J_5_9_read_reg_3199                            |  40|   0|   40|          0|
    |J_6_10_read_reg_3259                           |  40|   0|   40|          0|
    |J_6_11_read_reg_3264                           |  40|   0|   40|          0|
    |J_6_12_read_reg_3269                           |  40|   0|   40|          0|
    |J_6_13_read_reg_3274                           |  40|   0|   40|          0|
    |J_6_14_read_reg_3279                           |  40|   0|   40|          0|
    |J_6_15_read_reg_3284                           |  40|   0|   40|          0|
    |J_6_16_read_reg_3289                           |  40|   0|   40|          0|
    |J_6_17_read_reg_3294                           |  40|   0|   40|          0|
    |J_6_7_read_reg_3244                            |  40|   0|   40|          0|
    |J_6_8_read_reg_3249                            |  40|   0|   40|          0|
    |J_6_9_read_reg_3254                            |  40|   0|   40|          0|
    |J_7_10_read_reg_3309                           |  40|   0|   40|          0|
    |J_7_11_read_reg_3314                           |  40|   0|   40|          0|
    |J_7_12_read_reg_3319                           |  40|   0|   40|          0|
    |J_7_13_read_reg_3324                           |  40|   0|   40|          0|
    |J_7_14_read_reg_3329                           |  40|   0|   40|          0|
    |J_7_15_read_reg_3334                           |  40|   0|   40|          0|
    |J_7_16_read_reg_3339                           |  40|   0|   40|          0|
    |J_7_17_read_reg_3344                           |  40|   0|   40|          0|
    |J_7_8_read_reg_3299                            |  40|   0|   40|          0|
    |J_7_9_read_reg_3304                            |  40|   0|   40|          0|
    |J_8_10_read_reg_3354                           |  40|   0|   40|          0|
    |J_8_11_read_reg_3359                           |  40|   0|   40|          0|
    |J_8_12_read_reg_3364                           |  40|   0|   40|          0|
    |J_8_13_read_reg_3369                           |  40|   0|   40|          0|
    |J_8_14_read_reg_3374                           |  40|   0|   40|          0|
    |J_8_15_read_reg_3379                           |  40|   0|   40|          0|
    |J_8_16_read_reg_3384                           |  40|   0|   40|          0|
    |J_8_17_read_reg_3389                           |  40|   0|   40|          0|
    |J_8_9_read_reg_3349                            |  40|   0|   40|          0|
    |J_9_10_read_reg_3394                           |  40|   0|   40|          0|
    |J_9_11_read_reg_3399                           |  40|   0|   40|          0|
    |J_9_12_read_reg_3404                           |  40|   0|   40|          0|
    |J_9_13_read_reg_3409                           |  40|   0|   40|          0|
    |J_9_14_read_reg_3414                           |  40|   0|   40|          0|
    |J_9_15_read_reg_3419                           |  40|   0|   40|          0|
    |J_9_16_read_reg_3424                           |  40|   0|   40|          0|
    |J_9_17_read_reg_3429                           |  40|   0|   40|          0|
    |add_ln89_reg_3876                              |  61|   0|   61|          0|
    |ap_CS_fsm                                      |  13|   0|   13|          0|
    |de_reg_3754                                    |  40|   0|   40|          0|
    |grp_uniform_delta_energy_fu_2069_ap_start_reg  |   1|   0|    1|          0|
    |h_0_read_reg_3574                              |  40|   0|   40|          0|
    |h_10_read_reg_3624                             |  40|   0|   40|          0|
    |h_11_read_reg_3629                             |  40|   0|   40|          0|
    |h_12_read_reg_3634                             |  40|   0|   40|          0|
    |h_13_read_reg_3639                             |  40|   0|   40|          0|
    |h_14_read_reg_3644                             |  40|   0|   40|          0|
    |h_15_read_reg_3649                             |  40|   0|   40|          0|
    |h_16_read_reg_3654                             |  40|   0|   40|          0|
    |h_17_read_reg_3659                             |  40|   0|   40|          0|
    |h_1_read_reg_3579                              |  40|   0|   40|          0|
    |h_2_read_reg_3584                              |  40|   0|   40|          0|
    |h_3_read_reg_3589                              |  40|   0|   40|          0|
    |h_4_read_reg_3594                              |  40|   0|   40|          0|
    |h_5_read_reg_3599                              |  40|   0|   40|          0|
    |h_6_read_reg_3604                              |  40|   0|   40|          0|
    |h_7_read_reg_3609                              |  40|   0|   40|          0|
    |h_8_read_reg_3614                              |  40|   0|   40|          0|
    |h_9_read_reg_3619                              |  40|   0|   40|          0|
    |icmp_ln116_reg_3767                            |   1|   0|    1|          0|
    |icmp_ln59_reg_3802                             |   1|   0|    1|          0|
    |icmp_ln63_reg_3813                             |   1|   0|    1|          0|
    |icmp_ln91_reg_3886                             |   1|   0|    1|          0|
    |icmp_ln95_reg_3881                             |   1|   0|    1|          0|
    |idx_reg_3818                                   |  11|   0|   11|          0|
    |mul_ln89_reg_3871                              |  60|   0|   60|          0|
    |old_energy_read_reg_2802                       |  40|   0|   40|          0|
    |sub_ln84_reg_3830                              |  27|   0|   27|          0|
    |sub_ln89_reg_3856                              |  26|   0|   26|          0|
    |tmp_1_reg_3792                                 |   1|   0|    1|          0|
    |tmp_3_reg_3825                                 |  26|   0|   26|          0|
    |tmp_4_reg_3845                                 |  25|   0|   25|          0|
    |tmp_5_reg_3851                                 |  25|   0|   25|          0|
    |tmp_6_reg_3797                                 |  11|   0|   11|          0|
    |tmp_reg_3786                                   |  30|   0|   30|          0|
    |trunc_ln75_1_reg_3808                          |  30|   0|   59|         29|
    |u_read_reg_3762                                |  40|   0|   40|          0|
    |x_reg_3781                                     |  40|   0|   40|          0|
    |y_0_read_reg_3664                              |   1|   0|    1|          0|
    |y_10_read_reg_3714                             |   1|   0|    1|          0|
    |y_11_read_reg_3719                             |   1|   0|    1|          0|
    |y_12_read_reg_3724                             |   1|   0|    1|          0|
    |y_13_read_reg_3729                             |   1|   0|    1|          0|
    |y_14_read_reg_3734                             |   1|   0|    1|          0|
    |y_15_read_reg_3739                             |   1|   0|    1|          0|
    |y_16_read_reg_3744                             |   1|   0|    1|          0|
    |y_17_read_reg_3749                             |   1|   0|    1|          0|
    |y_1_read_reg_3669                              |   1|   0|    1|          0|
    |y_2_read_reg_3674                              |   1|   0|    1|          0|
    |y_3_read_reg_3679                              |   1|   0|    1|          0|
    |y_4_read_reg_3684                              |   1|   0|    1|          0|
    |y_5_read_reg_3689                              |   1|   0|    1|          0|
    |y_6_read_reg_3694                              |   1|   0|    1|          0|
    |y_7_read_reg_3699                              |   1|   0|    1|          0|
    |y_8_read_reg_3704                              |   1|   0|    1|          0|
    |y_9_read_reg_3709                              |   1|   0|    1|          0|
    +-----------------------------------------------+----+----+-----+-----------+
    |Total                                          |7370|   0| 7399|         29|
    +-----------------------------------------------+----+----+-----+-----------+



================================================================
== Interface
================================================================
* Summary: 
+---------------------+-----+-----+------------+-------------------------+--------------+
|      RTL Ports      | Dir | Bits|  Protocol  |      Source Object      |    C Type    |
+---------------------+-----+-----+------------+-------------------------+--------------+
|ap_clk               |   in|    1|  ap_ctrl_hs|  uniform_metropolis_step|  return value|
|ap_rst               |   in|    1|  ap_ctrl_hs|  uniform_metropolis_step|  return value|
|ap_start             |   in|    1|  ap_ctrl_hs|  uniform_metropolis_step|  return value|
|ap_done              |  out|    1|  ap_ctrl_hs|  uniform_metropolis_step|  return value|
|ap_idle              |  out|    1|  ap_ctrl_hs|  uniform_metropolis_step|  return value|
|ap_ready             |  out|    1|  ap_ctrl_hs|  uniform_metropolis_step|  return value|
|J_0_0                |   in|   40|     ap_none|                    J_0_0|       pointer|
|J_0_1                |   in|   40|     ap_none|                    J_0_1|       pointer|
|J_0_2                |   in|   40|     ap_none|                    J_0_2|       pointer|
|J_0_3                |   in|   40|     ap_none|                    J_0_3|       pointer|
|J_0_4                |   in|   40|     ap_none|                    J_0_4|       pointer|
|J_0_5                |   in|   40|     ap_none|                    J_0_5|       pointer|
|J_0_6                |   in|   40|     ap_none|                    J_0_6|       pointer|
|J_0_7                |   in|   40|     ap_none|                    J_0_7|       pointer|
|J_0_8                |   in|   40|     ap_none|                    J_0_8|       pointer|
|J_0_9                |   in|   40|     ap_none|                    J_0_9|       pointer|
|J_0_10               |   in|   40|     ap_none|                   J_0_10|       pointer|
|J_0_11               |   in|   40|     ap_none|                   J_0_11|       pointer|
|J_0_12               |   in|   40|     ap_none|                   J_0_12|       pointer|
|J_0_13               |   in|   40|     ap_none|                   J_0_13|       pointer|
|J_0_14               |   in|   40|     ap_none|                   J_0_14|       pointer|
|J_0_15               |   in|   40|     ap_none|                   J_0_15|       pointer|
|J_0_16               |   in|   40|     ap_none|                   J_0_16|       pointer|
|J_0_17               |   in|   40|     ap_none|                   J_0_17|       pointer|
|J_1_0                |   in|   40|     ap_none|                    J_1_0|       pointer|
|J_1_1                |   in|   40|     ap_none|                    J_1_1|       pointer|
|J_1_2                |   in|   40|     ap_none|                    J_1_2|       pointer|
|J_1_3                |   in|   40|     ap_none|                    J_1_3|       pointer|
|J_1_4                |   in|   40|     ap_none|                    J_1_4|       pointer|
|J_1_5                |   in|   40|     ap_none|                    J_1_5|       pointer|
|J_1_6                |   in|   40|     ap_none|                    J_1_6|       pointer|
|J_1_7                |   in|   40|     ap_none|                    J_1_7|       pointer|
|J_1_8                |   in|   40|     ap_none|                    J_1_8|       pointer|
|J_1_9                |   in|   40|     ap_none|                    J_1_9|       pointer|
|J_1_10               |   in|   40|     ap_none|                   J_1_10|       pointer|
|J_1_11               |   in|   40|     ap_none|                   J_1_11|       pointer|
|J_1_12               |   in|   40|     ap_none|                   J_1_12|       pointer|
|J_1_13               |   in|   40|     ap_none|                   J_1_13|       pointer|
|J_1_14               |   in|   40|     ap_none|                   J_1_14|       pointer|
|J_1_15               |   in|   40|     ap_none|                   J_1_15|       pointer|
|J_1_16               |   in|   40|     ap_none|                   J_1_16|       pointer|
|J_1_17               |   in|   40|     ap_none|                   J_1_17|       pointer|
|J_2_0                |   in|   40|     ap_none|                    J_2_0|       pointer|
|J_2_1                |   in|   40|     ap_none|                    J_2_1|       pointer|
|J_2_2                |   in|   40|     ap_none|                    J_2_2|       pointer|
|J_2_3                |   in|   40|     ap_none|                    J_2_3|       pointer|
|J_2_4                |   in|   40|     ap_none|                    J_2_4|       pointer|
|J_2_5                |   in|   40|     ap_none|                    J_2_5|       pointer|
|J_2_6                |   in|   40|     ap_none|                    J_2_6|       pointer|
|J_2_7                |   in|   40|     ap_none|                    J_2_7|       pointer|
|J_2_8                |   in|   40|     ap_none|                    J_2_8|       pointer|
|J_2_9                |   in|   40|     ap_none|                    J_2_9|       pointer|
|J_2_10               |   in|   40|     ap_none|                   J_2_10|       pointer|
|J_2_11               |   in|   40|     ap_none|                   J_2_11|       pointer|
|J_2_12               |   in|   40|     ap_none|                   J_2_12|       pointer|
|J_2_13               |   in|   40|     ap_none|                   J_2_13|       pointer|
|J_2_14               |   in|   40|     ap_none|                   J_2_14|       pointer|
|J_2_15               |   in|   40|     ap_none|                   J_2_15|       pointer|
|J_2_16               |   in|   40|     ap_none|                   J_2_16|       pointer|
|J_2_17               |   in|   40|     ap_none|                   J_2_17|       pointer|
|J_3_0                |   in|   40|     ap_none|                    J_3_0|       pointer|
|J_3_1                |   in|   40|     ap_none|                    J_3_1|       pointer|
|J_3_2                |   in|   40|     ap_none|                    J_3_2|       pointer|
|J_3_3                |   in|   40|     ap_none|                    J_3_3|       pointer|
|J_3_4                |   in|   40|     ap_none|                    J_3_4|       pointer|
|J_3_5                |   in|   40|     ap_none|                    J_3_5|       pointer|
|J_3_6                |   in|   40|     ap_none|                    J_3_6|       pointer|
|J_3_7                |   in|   40|     ap_none|                    J_3_7|       pointer|
|J_3_8                |   in|   40|     ap_none|                    J_3_8|       pointer|
|J_3_9                |   in|   40|     ap_none|                    J_3_9|       pointer|
|J_3_10               |   in|   40|     ap_none|                   J_3_10|       pointer|
|J_3_11               |   in|   40|     ap_none|                   J_3_11|       pointer|
|J_3_12               |   in|   40|     ap_none|                   J_3_12|       pointer|
|J_3_13               |   in|   40|     ap_none|                   J_3_13|       pointer|
|J_3_14               |   in|   40|     ap_none|                   J_3_14|       pointer|
|J_3_15               |   in|   40|     ap_none|                   J_3_15|       pointer|
|J_3_16               |   in|   40|     ap_none|                   J_3_16|       pointer|
|J_3_17               |   in|   40|     ap_none|                   J_3_17|       pointer|
|J_4_0                |   in|   40|     ap_none|                    J_4_0|       pointer|
|J_4_1                |   in|   40|     ap_none|                    J_4_1|       pointer|
|J_4_2                |   in|   40|     ap_none|                    J_4_2|       pointer|
|J_4_3                |   in|   40|     ap_none|                    J_4_3|       pointer|
|J_4_4                |   in|   40|     ap_none|                    J_4_4|       pointer|
|J_4_5                |   in|   40|     ap_none|                    J_4_5|       pointer|
|J_4_6                |   in|   40|     ap_none|                    J_4_6|       pointer|
|J_4_7                |   in|   40|     ap_none|                    J_4_7|       pointer|
|J_4_8                |   in|   40|     ap_none|                    J_4_8|       pointer|
|J_4_9                |   in|   40|     ap_none|                    J_4_9|       pointer|
|J_4_10               |   in|   40|     ap_none|                   J_4_10|       pointer|
|J_4_11               |   in|   40|     ap_none|                   J_4_11|       pointer|
|J_4_12               |   in|   40|     ap_none|                   J_4_12|       pointer|
|J_4_13               |   in|   40|     ap_none|                   J_4_13|       pointer|
|J_4_14               |   in|   40|     ap_none|                   J_4_14|       pointer|
|J_4_15               |   in|   40|     ap_none|                   J_4_15|       pointer|
|J_4_16               |   in|   40|     ap_none|                   J_4_16|       pointer|
|J_4_17               |   in|   40|     ap_none|                   J_4_17|       pointer|
|J_5_0                |   in|   40|     ap_none|                    J_5_0|       pointer|
|J_5_1                |   in|   40|     ap_none|                    J_5_1|       pointer|
|J_5_2                |   in|   40|     ap_none|                    J_5_2|       pointer|
|J_5_3                |   in|   40|     ap_none|                    J_5_3|       pointer|
|J_5_4                |   in|   40|     ap_none|                    J_5_4|       pointer|
|J_5_5                |   in|   40|     ap_none|                    J_5_5|       pointer|
|J_5_6                |   in|   40|     ap_none|                    J_5_6|       pointer|
|J_5_7                |   in|   40|     ap_none|                    J_5_7|       pointer|
|J_5_8                |   in|   40|     ap_none|                    J_5_8|       pointer|
|J_5_9                |   in|   40|     ap_none|                    J_5_9|       pointer|
|J_5_10               |   in|   40|     ap_none|                   J_5_10|       pointer|
|J_5_11               |   in|   40|     ap_none|                   J_5_11|       pointer|
|J_5_12               |   in|   40|     ap_none|                   J_5_12|       pointer|
|J_5_13               |   in|   40|     ap_none|                   J_5_13|       pointer|
|J_5_14               |   in|   40|     ap_none|                   J_5_14|       pointer|
|J_5_15               |   in|   40|     ap_none|                   J_5_15|       pointer|
|J_5_16               |   in|   40|     ap_none|                   J_5_16|       pointer|
|J_5_17               |   in|   40|     ap_none|                   J_5_17|       pointer|
|J_6_0                |   in|   40|     ap_none|                    J_6_0|       pointer|
|J_6_1                |   in|   40|     ap_none|                    J_6_1|       pointer|
|J_6_2                |   in|   40|     ap_none|                    J_6_2|       pointer|
|J_6_3                |   in|   40|     ap_none|                    J_6_3|       pointer|
|J_6_4                |   in|   40|     ap_none|                    J_6_4|       pointer|
|J_6_5                |   in|   40|     ap_none|                    J_6_5|       pointer|
|J_6_6                |   in|   40|     ap_none|                    J_6_6|       pointer|
|J_6_7                |   in|   40|     ap_none|                    J_6_7|       pointer|
|J_6_8                |   in|   40|     ap_none|                    J_6_8|       pointer|
|J_6_9                |   in|   40|     ap_none|                    J_6_9|       pointer|
|J_6_10               |   in|   40|     ap_none|                   J_6_10|       pointer|
|J_6_11               |   in|   40|     ap_none|                   J_6_11|       pointer|
|J_6_12               |   in|   40|     ap_none|                   J_6_12|       pointer|
|J_6_13               |   in|   40|     ap_none|                   J_6_13|       pointer|
|J_6_14               |   in|   40|     ap_none|                   J_6_14|       pointer|
|J_6_15               |   in|   40|     ap_none|                   J_6_15|       pointer|
|J_6_16               |   in|   40|     ap_none|                   J_6_16|       pointer|
|J_6_17               |   in|   40|     ap_none|                   J_6_17|       pointer|
|J_7_0                |   in|   40|     ap_none|                    J_7_0|       pointer|
|J_7_1                |   in|   40|     ap_none|                    J_7_1|       pointer|
|J_7_2                |   in|   40|     ap_none|                    J_7_2|       pointer|
|J_7_3                |   in|   40|     ap_none|                    J_7_3|       pointer|
|J_7_4                |   in|   40|     ap_none|                    J_7_4|       pointer|
|J_7_5                |   in|   40|     ap_none|                    J_7_5|       pointer|
|J_7_6                |   in|   40|     ap_none|                    J_7_6|       pointer|
|J_7_7                |   in|   40|     ap_none|                    J_7_7|       pointer|
|J_7_8                |   in|   40|     ap_none|                    J_7_8|       pointer|
|J_7_9                |   in|   40|     ap_none|                    J_7_9|       pointer|
|J_7_10               |   in|   40|     ap_none|                   J_7_10|       pointer|
|J_7_11               |   in|   40|     ap_none|                   J_7_11|       pointer|
|J_7_12               |   in|   40|     ap_none|                   J_7_12|       pointer|
|J_7_13               |   in|   40|     ap_none|                   J_7_13|       pointer|
|J_7_14               |   in|   40|     ap_none|                   J_7_14|       pointer|
|J_7_15               |   in|   40|     ap_none|                   J_7_15|       pointer|
|J_7_16               |   in|   40|     ap_none|                   J_7_16|       pointer|
|J_7_17               |   in|   40|     ap_none|                   J_7_17|       pointer|
|J_8_0                |   in|   40|     ap_none|                    J_8_0|       pointer|
|J_8_1                |   in|   40|     ap_none|                    J_8_1|       pointer|
|J_8_2                |   in|   40|     ap_none|                    J_8_2|       pointer|
|J_8_3                |   in|   40|     ap_none|                    J_8_3|       pointer|
|J_8_4                |   in|   40|     ap_none|                    J_8_4|       pointer|
|J_8_5                |   in|   40|     ap_none|                    J_8_5|       pointer|
|J_8_6                |   in|   40|     ap_none|                    J_8_6|       pointer|
|J_8_7                |   in|   40|     ap_none|                    J_8_7|       pointer|
|J_8_8                |   in|   40|     ap_none|                    J_8_8|       pointer|
|J_8_9                |   in|   40|     ap_none|                    J_8_9|       pointer|
|J_8_10               |   in|   40|     ap_none|                   J_8_10|       pointer|
|J_8_11               |   in|   40|     ap_none|                   J_8_11|       pointer|
|J_8_12               |   in|   40|     ap_none|                   J_8_12|       pointer|
|J_8_13               |   in|   40|     ap_none|                   J_8_13|       pointer|
|J_8_14               |   in|   40|     ap_none|                   J_8_14|       pointer|
|J_8_15               |   in|   40|     ap_none|                   J_8_15|       pointer|
|J_8_16               |   in|   40|     ap_none|                   J_8_16|       pointer|
|J_8_17               |   in|   40|     ap_none|                   J_8_17|       pointer|
|J_9_0                |   in|   40|     ap_none|                    J_9_0|       pointer|
|J_9_1                |   in|   40|     ap_none|                    J_9_1|       pointer|
|J_9_2                |   in|   40|     ap_none|                    J_9_2|       pointer|
|J_9_3                |   in|   40|     ap_none|                    J_9_3|       pointer|
|J_9_4                |   in|   40|     ap_none|                    J_9_4|       pointer|
|J_9_5                |   in|   40|     ap_none|                    J_9_5|       pointer|
|J_9_6                |   in|   40|     ap_none|                    J_9_6|       pointer|
|J_9_7                |   in|   40|     ap_none|                    J_9_7|       pointer|
|J_9_8                |   in|   40|     ap_none|                    J_9_8|       pointer|
|J_9_9                |   in|   40|     ap_none|                    J_9_9|       pointer|
|J_9_10               |   in|   40|     ap_none|                   J_9_10|       pointer|
|J_9_11               |   in|   40|     ap_none|                   J_9_11|       pointer|
|J_9_12               |   in|   40|     ap_none|                   J_9_12|       pointer|
|J_9_13               |   in|   40|     ap_none|                   J_9_13|       pointer|
|J_9_14               |   in|   40|     ap_none|                   J_9_14|       pointer|
|J_9_15               |   in|   40|     ap_none|                   J_9_15|       pointer|
|J_9_16               |   in|   40|     ap_none|                   J_9_16|       pointer|
|J_9_17               |   in|   40|     ap_none|                   J_9_17|       pointer|
|J_10_0               |   in|   40|     ap_none|                   J_10_0|       pointer|
|J_10_1               |   in|   40|     ap_none|                   J_10_1|       pointer|
|J_10_2               |   in|   40|     ap_none|                   J_10_2|       pointer|
|J_10_3               |   in|   40|     ap_none|                   J_10_3|       pointer|
|J_10_4               |   in|   40|     ap_none|                   J_10_4|       pointer|
|J_10_5               |   in|   40|     ap_none|                   J_10_5|       pointer|
|J_10_6               |   in|   40|     ap_none|                   J_10_6|       pointer|
|J_10_7               |   in|   40|     ap_none|                   J_10_7|       pointer|
|J_10_8               |   in|   40|     ap_none|                   J_10_8|       pointer|
|J_10_9               |   in|   40|     ap_none|                   J_10_9|       pointer|
|J_10_10              |   in|   40|     ap_none|                  J_10_10|       pointer|
|J_10_11              |   in|   40|     ap_none|                  J_10_11|       pointer|
|J_10_12              |   in|   40|     ap_none|                  J_10_12|       pointer|
|J_10_13              |   in|   40|     ap_none|                  J_10_13|       pointer|
|J_10_14              |   in|   40|     ap_none|                  J_10_14|       pointer|
|J_10_15              |   in|   40|     ap_none|                  J_10_15|       pointer|
|J_10_16              |   in|   40|     ap_none|                  J_10_16|       pointer|
|J_10_17              |   in|   40|     ap_none|                  J_10_17|       pointer|
|J_11_0               |   in|   40|     ap_none|                   J_11_0|       pointer|
|J_11_1               |   in|   40|     ap_none|                   J_11_1|       pointer|
|J_11_2               |   in|   40|     ap_none|                   J_11_2|       pointer|
|J_11_3               |   in|   40|     ap_none|                   J_11_3|       pointer|
|J_11_4               |   in|   40|     ap_none|                   J_11_4|       pointer|
|J_11_5               |   in|   40|     ap_none|                   J_11_5|       pointer|
|J_11_6               |   in|   40|     ap_none|                   J_11_6|       pointer|
|J_11_7               |   in|   40|     ap_none|                   J_11_7|       pointer|
|J_11_8               |   in|   40|     ap_none|                   J_11_8|       pointer|
|J_11_9               |   in|   40|     ap_none|                   J_11_9|       pointer|
|J_11_10              |   in|   40|     ap_none|                  J_11_10|       pointer|
|J_11_11              |   in|   40|     ap_none|                  J_11_11|       pointer|
|J_11_12              |   in|   40|     ap_none|                  J_11_12|       pointer|
|J_11_13              |   in|   40|     ap_none|                  J_11_13|       pointer|
|J_11_14              |   in|   40|     ap_none|                  J_11_14|       pointer|
|J_11_15              |   in|   40|     ap_none|                  J_11_15|       pointer|
|J_11_16              |   in|   40|     ap_none|                  J_11_16|       pointer|
|J_11_17              |   in|   40|     ap_none|                  J_11_17|       pointer|
|J_12_0               |   in|   40|     ap_none|                   J_12_0|       pointer|
|J_12_1               |   in|   40|     ap_none|                   J_12_1|       pointer|
|J_12_2               |   in|   40|     ap_none|                   J_12_2|       pointer|
|J_12_3               |   in|   40|     ap_none|                   J_12_3|       pointer|
|J_12_4               |   in|   40|     ap_none|                   J_12_4|       pointer|
|J_12_5               |   in|   40|     ap_none|                   J_12_5|       pointer|
|J_12_6               |   in|   40|     ap_none|                   J_12_6|       pointer|
|J_12_7               |   in|   40|     ap_none|                   J_12_7|       pointer|
|J_12_8               |   in|   40|     ap_none|                   J_12_8|       pointer|
|J_12_9               |   in|   40|     ap_none|                   J_12_9|       pointer|
|J_12_10              |   in|   40|     ap_none|                  J_12_10|       pointer|
|J_12_11              |   in|   40|     ap_none|                  J_12_11|       pointer|
|J_12_12              |   in|   40|     ap_none|                  J_12_12|       pointer|
|J_12_13              |   in|   40|     ap_none|                  J_12_13|       pointer|
|J_12_14              |   in|   40|     ap_none|                  J_12_14|       pointer|
|J_12_15              |   in|   40|     ap_none|                  J_12_15|       pointer|
|J_12_16              |   in|   40|     ap_none|                  J_12_16|       pointer|
|J_12_17              |   in|   40|     ap_none|                  J_12_17|       pointer|
|J_13_0               |   in|   40|     ap_none|                   J_13_0|       pointer|
|J_13_1               |   in|   40|     ap_none|                   J_13_1|       pointer|
|J_13_2               |   in|   40|     ap_none|                   J_13_2|       pointer|
|J_13_3               |   in|   40|     ap_none|                   J_13_3|       pointer|
|J_13_4               |   in|   40|     ap_none|                   J_13_4|       pointer|
|J_13_5               |   in|   40|     ap_none|                   J_13_5|       pointer|
|J_13_6               |   in|   40|     ap_none|                   J_13_6|       pointer|
|J_13_7               |   in|   40|     ap_none|                   J_13_7|       pointer|
|J_13_8               |   in|   40|     ap_none|                   J_13_8|       pointer|
|J_13_9               |   in|   40|     ap_none|                   J_13_9|       pointer|
|J_13_10              |   in|   40|     ap_none|                  J_13_10|       pointer|
|J_13_11              |   in|   40|     ap_none|                  J_13_11|       pointer|
|J_13_12              |   in|   40|     ap_none|                  J_13_12|       pointer|
|J_13_13              |   in|   40|     ap_none|                  J_13_13|       pointer|
|J_13_14              |   in|   40|     ap_none|                  J_13_14|       pointer|
|J_13_15              |   in|   40|     ap_none|                  J_13_15|       pointer|
|J_13_16              |   in|   40|     ap_none|                  J_13_16|       pointer|
|J_13_17              |   in|   40|     ap_none|                  J_13_17|       pointer|
|J_14_0               |   in|   40|     ap_none|                   J_14_0|       pointer|
|J_14_1               |   in|   40|     ap_none|                   J_14_1|       pointer|
|J_14_2               |   in|   40|     ap_none|                   J_14_2|       pointer|
|J_14_3               |   in|   40|     ap_none|                   J_14_3|       pointer|
|J_14_4               |   in|   40|     ap_none|                   J_14_4|       pointer|
|J_14_5               |   in|   40|     ap_none|                   J_14_5|       pointer|
|J_14_6               |   in|   40|     ap_none|                   J_14_6|       pointer|
|J_14_7               |   in|   40|     ap_none|                   J_14_7|       pointer|
|J_14_8               |   in|   40|     ap_none|                   J_14_8|       pointer|
|J_14_9               |   in|   40|     ap_none|                   J_14_9|       pointer|
|J_14_10              |   in|   40|     ap_none|                  J_14_10|       pointer|
|J_14_11              |   in|   40|     ap_none|                  J_14_11|       pointer|
|J_14_12              |   in|   40|     ap_none|                  J_14_12|       pointer|
|J_14_13              |   in|   40|     ap_none|                  J_14_13|       pointer|
|J_14_14              |   in|   40|     ap_none|                  J_14_14|       pointer|
|J_14_15              |   in|   40|     ap_none|                  J_14_15|       pointer|
|J_14_16              |   in|   40|     ap_none|                  J_14_16|       pointer|
|J_14_17              |   in|   40|     ap_none|                  J_14_17|       pointer|
|J_15_0               |   in|   40|     ap_none|                   J_15_0|       pointer|
|J_15_1               |   in|   40|     ap_none|                   J_15_1|       pointer|
|J_15_2               |   in|   40|     ap_none|                   J_15_2|       pointer|
|J_15_3               |   in|   40|     ap_none|                   J_15_3|       pointer|
|J_15_4               |   in|   40|     ap_none|                   J_15_4|       pointer|
|J_15_5               |   in|   40|     ap_none|                   J_15_5|       pointer|
|J_15_6               |   in|   40|     ap_none|                   J_15_6|       pointer|
|J_15_7               |   in|   40|     ap_none|                   J_15_7|       pointer|
|J_15_8               |   in|   40|     ap_none|                   J_15_8|       pointer|
|J_15_9               |   in|   40|     ap_none|                   J_15_9|       pointer|
|J_15_10              |   in|   40|     ap_none|                  J_15_10|       pointer|
|J_15_11              |   in|   40|     ap_none|                  J_15_11|       pointer|
|J_15_12              |   in|   40|     ap_none|                  J_15_12|       pointer|
|J_15_13              |   in|   40|     ap_none|                  J_15_13|       pointer|
|J_15_14              |   in|   40|     ap_none|                  J_15_14|       pointer|
|J_15_15              |   in|   40|     ap_none|                  J_15_15|       pointer|
|J_15_16              |   in|   40|     ap_none|                  J_15_16|       pointer|
|J_15_17              |   in|   40|     ap_none|                  J_15_17|       pointer|
|J_16_0               |   in|   40|     ap_none|                   J_16_0|       pointer|
|J_16_1               |   in|   40|     ap_none|                   J_16_1|       pointer|
|J_16_2               |   in|   40|     ap_none|                   J_16_2|       pointer|
|J_16_3               |   in|   40|     ap_none|                   J_16_3|       pointer|
|J_16_4               |   in|   40|     ap_none|                   J_16_4|       pointer|
|J_16_5               |   in|   40|     ap_none|                   J_16_5|       pointer|
|J_16_6               |   in|   40|     ap_none|                   J_16_6|       pointer|
|J_16_7               |   in|   40|     ap_none|                   J_16_7|       pointer|
|J_16_8               |   in|   40|     ap_none|                   J_16_8|       pointer|
|J_16_9               |   in|   40|     ap_none|                   J_16_9|       pointer|
|J_16_10              |   in|   40|     ap_none|                  J_16_10|       pointer|
|J_16_11              |   in|   40|     ap_none|                  J_16_11|       pointer|
|J_16_12              |   in|   40|     ap_none|                  J_16_12|       pointer|
|J_16_13              |   in|   40|     ap_none|                  J_16_13|       pointer|
|J_16_14              |   in|   40|     ap_none|                  J_16_14|       pointer|
|J_16_15              |   in|   40|     ap_none|                  J_16_15|       pointer|
|J_16_16              |   in|   40|     ap_none|                  J_16_16|       pointer|
|J_16_17              |   in|   40|     ap_none|                  J_16_17|       pointer|
|J_17_0               |   in|   40|     ap_none|                   J_17_0|       pointer|
|J_17_1               |   in|   40|     ap_none|                   J_17_1|       pointer|
|J_17_2               |   in|   40|     ap_none|                   J_17_2|       pointer|
|J_17_3               |   in|   40|     ap_none|                   J_17_3|       pointer|
|J_17_4               |   in|   40|     ap_none|                   J_17_4|       pointer|
|J_17_5               |   in|   40|     ap_none|                   J_17_5|       pointer|
|J_17_6               |   in|   40|     ap_none|                   J_17_6|       pointer|
|J_17_7               |   in|   40|     ap_none|                   J_17_7|       pointer|
|J_17_8               |   in|   40|     ap_none|                   J_17_8|       pointer|
|J_17_9               |   in|   40|     ap_none|                   J_17_9|       pointer|
|J_17_10              |   in|   40|     ap_none|                  J_17_10|       pointer|
|J_17_11              |   in|   40|     ap_none|                  J_17_11|       pointer|
|J_17_12              |   in|   40|     ap_none|                  J_17_12|       pointer|
|J_17_13              |   in|   40|     ap_none|                  J_17_13|       pointer|
|J_17_14              |   in|   40|     ap_none|                  J_17_14|       pointer|
|J_17_15              |   in|   40|     ap_none|                  J_17_15|       pointer|
|J_17_16              |   in|   40|     ap_none|                  J_17_16|       pointer|
|J_17_17              |   in|   40|     ap_none|                  J_17_17|       pointer|
|h_0                  |   in|   40|     ap_none|                      h_0|       pointer|
|h_1                  |   in|   40|     ap_none|                      h_1|       pointer|
|h_2                  |   in|   40|     ap_none|                      h_2|       pointer|
|h_3                  |   in|   40|     ap_none|                      h_3|       pointer|
|h_4                  |   in|   40|     ap_none|                      h_4|       pointer|
|h_5                  |   in|   40|     ap_none|                      h_5|       pointer|
|h_6                  |   in|   40|     ap_none|                      h_6|       pointer|
|h_7                  |   in|   40|     ap_none|                      h_7|       pointer|
|h_8                  |   in|   40|     ap_none|                      h_8|       pointer|
|h_9                  |   in|   40|     ap_none|                      h_9|       pointer|
|h_10                 |   in|   40|     ap_none|                     h_10|       pointer|
|h_11                 |   in|   40|     ap_none|                     h_11|       pointer|
|h_12                 |   in|   40|     ap_none|                     h_12|       pointer|
|h_13                 |   in|   40|     ap_none|                     h_13|       pointer|
|h_14                 |   in|   40|     ap_none|                     h_14|       pointer|
|h_15                 |   in|   40|     ap_none|                     h_15|       pointer|
|h_16                 |   in|   40|     ap_none|                     h_16|       pointer|
|h_17                 |   in|   40|     ap_none|                     h_17|       pointer|
|y_0                  |   in|    1|     ap_none|                      y_0|       pointer|
|y_1                  |   in|    1|     ap_none|                      y_1|       pointer|
|y_2                  |   in|    1|     ap_none|                      y_2|       pointer|
|y_3                  |   in|    1|     ap_none|                      y_3|       pointer|
|y_4                  |   in|    1|     ap_none|                      y_4|       pointer|
|y_5                  |   in|    1|     ap_none|                      y_5|       pointer|
|y_6                  |   in|    1|     ap_none|                      y_6|       pointer|
|y_7                  |   in|    1|     ap_none|                      y_7|       pointer|
|y_8                  |   in|    1|     ap_none|                      y_8|       pointer|
|y_9                  |   in|    1|     ap_none|                      y_9|       pointer|
|y_10                 |   in|    1|     ap_none|                     y_10|       pointer|
|y_11                 |   in|    1|     ap_none|                     y_11|       pointer|
|y_12                 |   in|    1|     ap_none|                     y_12|       pointer|
|y_13                 |   in|    1|     ap_none|                     y_13|       pointer|
|y_14                 |   in|    1|     ap_none|                     y_14|       pointer|
|y_15                 |   in|    1|     ap_none|                     y_15|       pointer|
|y_16                 |   in|    1|     ap_none|                     y_16|       pointer|
|y_17                 |   in|    1|     ap_none|                     y_17|       pointer|
|old_energy           |   in|   40|     ap_none|               old_energy|        scalar|
|beta                 |   in|   40|     ap_none|                     beta|        scalar|
|u                    |   in|   40|     ap_none|                        u|        scalar|
|accepted             |  out|    1|      ap_vld|                 accepted|       pointer|
|accepted_ap_vld      |  out|    1|      ap_vld|                 accepted|       pointer|
|delta_energy         |  out|   40|      ap_vld|             delta_energy|       pointer|
|delta_energy_ap_vld  |  out|    1|      ap_vld|             delta_energy|       pointer|
|new_energy           |  out|   40|      ap_vld|               new_energy|       pointer|
|new_energy_ap_vld    |  out|    1|      ap_vld|               new_energy|       pointer|
+---------------------+-----+-----+------------+-------------------------+--------------+

