

================================================================
== Vitis HLS Report for 'local_spin_flip_operation'
================================================================
* Date:           Thu May 28 14:36:58 2026

* Version:        2025.2 (Build 6295257 on Nov 14 2025)
* Project:        hls_local_spin_flip_operation_N8_FRAC58
* Solution:       hls (Vivado IP Flow Target)
* Product family: virtexuplus
* Target device:  xcvu19p-fsva3824-2-e


================================================================
== Performance Estimates
================================================================
+ Timing: 
    * Summary: 
    +--------+---------+----------+------------+
    |  Clock |  Target | Estimated| Uncertainty|
    +--------+---------+----------+------------+
    |ap_clk  |  3.33 ns|  2.393 ns|     0.90 ns|
    +--------+---------+----------+------------+

+ Latency: 
    * Summary: 
    +---------+---------+----------+----------+-----+-----+---------+
    |  Latency (cycles) |  Latency (absolute) |  Interval | Pipeline|
    |   min   |   max   |    min   |    max   | min | max |   Type  |
    +---------+---------+----------+----------+-----+-----+---------+
    |       92|       92|  0.307 us|  0.307 us|   93|   93|       no|
    +---------+---------+----------+----------+-----+-----+---------+

    + Detail: 
        * Instance: 
        N/A

        * Loop: 
        N/A



================================================================
== Utilization Estimates
================================================================
* Summary: 
+---------------------+---------+------+---------+---------+-----+
|         Name        | BRAM_18K|  DSP |    FF   |   LUT   | URAM|
+---------------------+---------+------+---------+---------+-----+
|DSP                  |        -|     -|        -|        -|    -|
|Expression           |        -|     -|        0|    14982|    -|
|FIFO                 |        -|     -|        -|        -|    -|
|Instance             |        -|   178|     6190|     2149|    -|
|Memory               |        -|     -|        -|        -|    -|
|Multiplexer          |        -|     -|        0|      541|    -|
|Register             |        -|     -|     5029|        -|    -|
+---------------------+---------+------+---------+---------+-----+
|Total                |        0|   178|    11219|    17672|    0|
+---------------------+---------+------+---------+---------+-----+
|Available SLR        |     1080|   960|  2042880|  1021440|   80|
+---------------------+---------+------+---------+---------+-----+
|Utilization SLR (%)  |        0|    18|       ~0|        1|    0|
+---------------------+---------+------+---------+---------+-----+
|Available            |     4320|  3840|  8171520|  4085760|  320|
+---------------------+---------+------+---------+---------+-----+
|Utilization (%)      |        0|     4|       ~0|       ~0|    0|
+---------------------+---------+------+---------+---------+-----+

+ Detail: 
    * Instance: 
    +--------------------------+----------------------+---------+----+-----+-----+-----+
    |         Instance         |        Module        | BRAM_18K| DSP|  FF | LUT | URAM|
    +--------------------------+----------------------+---------+----+-----+-----+-----+
    |mul_33ns_37ns_68_2_1_U1   |mul_33ns_37ns_68_2_1  |        0|   4|  208|  126|    0|
    |mul_40s_40s_80_2_1_U2     |mul_40s_40s_80_2_1    |        0|   5|  197|   80|    0|
    |mul_59s_59ns_118_5_1_U3   |mul_59s_59ns_118_5_1  |        0|  10|  334|  105|    0|
    |mul_59s_59ns_118_5_1_U4   |mul_59s_59ns_118_5_1  |        0|  10|  334|  105|    0|
    |mul_59s_59ns_118_5_1_U5   |mul_59s_59ns_118_5_1  |        0|  10|  334|  105|    0|
    |mul_59s_59ns_118_5_1_U6   |mul_59s_59ns_118_5_1  |        0|  10|  334|  105|    0|
    |mul_59s_59ns_118_5_1_U7   |mul_59s_59ns_118_5_1  |        0|  10|  334|  105|    0|
    |mul_59s_59ns_118_5_1_U8   |mul_59s_59ns_118_5_1  |        0|  10|  334|  105|    0|
    |mul_59s_59ns_118_5_1_U9   |mul_59s_59ns_118_5_1  |        0|  10|  334|  105|    0|
    |mul_59s_59ns_118_5_1_U10  |mul_59s_59ns_118_5_1  |        0|  10|  334|  105|    0|
    |mul_59s_59s_118_5_1_U11   |mul_59s_59s_118_5_1   |        0|  10|  334|  105|    0|
    |mul_59s_59s_118_5_1_U12   |mul_59s_59s_118_5_1   |        0|  10|  334|  105|    0|
    |mul_59s_59s_118_5_1_U13   |mul_59s_59s_118_5_1   |        0|  10|  334|  105|    0|
    |mul_59s_59s_118_5_1_U14   |mul_59s_59s_118_5_1   |        0|  10|  334|  105|    0|
    |mul_59s_59s_118_5_1_U15   |mul_59s_59s_118_5_1   |        0|  10|  334|  105|    0|
    |mul_59s_59s_118_5_1_U16   |mul_59s_59s_118_5_1   |        0|  10|  334|  105|    0|
    |mul_59s_59s_118_5_1_U17   |mul_59s_59s_118_5_1   |        0|  10|  334|  105|    0|
    |mul_59s_59s_118_5_1_U18   |mul_59s_59s_118_5_1   |        0|  10|  334|  105|    0|
    |mul_77s_40s_117_5_1_U19   |mul_77s_40s_117_5_1   |        0|   9|  441|  249|    0|
    |sparsemux_9_3_32_1_1_U20  |sparsemux_9_3_32_1_1  |        0|   0|    0|   14|    0|
    +--------------------------+----------------------+---------+----+-----+-----+-----+
    |Total                     |                      |        0| 178| 6190| 2149|    0|
    +--------------------------+----------------------+---------+----+-----+-----+-----+

    * DSP: 
    N/A

    * Memory: 
    N/A

    * FIFO: 
    N/A

    * Expression: 
    +-------------------------------+----------+----+---+-----+------------+------------+
    |         Variable Name         | Operation| DSP| FF| LUT | Bitwidth P0| Bitwidth P1|
    +-------------------------------+----------+----+---+-----+------------+------------+
    |add_ln104_10_fu_2853_p2        |         +|   0|  0|   66|          59|          59|
    |add_ln104_11_fu_2919_p2        |         +|   0|  0|   66|          59|          59|
    |add_ln104_12_fu_3015_p2        |         +|   0|  0|   66|          59|          59|
    |add_ln104_13_fu_3082_p2        |         +|   0|  0|   66|          59|          59|
    |add_ln104_14_fu_3148_p2        |         +|   0|  0|   66|          59|          59|
    |add_ln104_15_fu_3214_p2        |         +|   0|  0|   66|          59|          59|
    |add_ln104_1_fu_2791_p2         |         +|   0|  0|   67|          60|          60|
    |add_ln104_2_fu_2857_p2         |         +|   0|  0|   67|          60|          60|
    |add_ln104_3_fu_2923_p2         |         +|   0|  0|   67|          60|          60|
    |add_ln104_4_fu_3020_p2         |         +|   0|  0|   67|          60|          60|
    |add_ln104_5_fu_3086_p2         |         +|   0|  0|   67|          60|          60|
    |add_ln104_6_fu_3152_p2         |         +|   0|  0|   67|          60|          60|
    |add_ln104_7_fu_3218_p2         |         +|   0|  0|   67|          60|          60|
    |add_ln104_8_fu_2754_p2         |         +|   0|  0|   66|          59|          59|
    |add_ln104_9_fu_2787_p2         |         +|   0|  0|   66|          59|          59|
    |add_ln104_fu_2759_p2           |         +|   0|  0|   67|          60|          60|
    |add_ln204_1_fu_1607_p2         |         +|   0|  0|   66|          59|          59|
    |add_ln204_2_fu_1768_p2         |         +|   0|  0|   66|          59|          59|
    |add_ln204_3_fu_1929_p2         |         +|   0|  0|   66|          59|          59|
    |add_ln204_4_fu_2090_p2         |         +|   0|  0|   66|          59|          59|
    |add_ln204_5_fu_2251_p2         |         +|   0|  0|   66|          59|          59|
    |add_ln204_6_fu_2412_p2         |         +|   0|  0|   66|          59|          59|
    |add_ln204_7_fu_2573_p2         |         +|   0|  0|   66|          59|          59|
    |add_ln204_fu_1446_p2           |         +|   0|  0|   66|          59|          59|
    |add_ln250_fu_3492_p2           |         +|   0|  0|   40|          33|          33|
    |add_ln253_fu_3568_p2           |         +|   0|  0|   98|          77|          74|
    |add_ln263_10_fu_4907_p2        |         +|   0|  0|  117|         117|         102|
    |add_ln263_12_fu_5141_p2        |         +|   0|  0|  117|         117|         104|
    |add_ln263_14_fu_5375_p2        |         +|   0|  0|  117|         117|         105|
    |add_ln263_16_fu_5609_p2        |         +|   0|  0|  117|         117|         107|
    |add_ln263_18_fu_5843_p2        |         +|   0|  0|  117|         117|         106|
    |add_ln263_1_fu_3698_p2         |         +|   0|  0|   95|          95|          95|
    |add_ln263_20_fu_6077_p2        |         +|   0|  0|  117|         117|         108|
    |add_ln263_2_fu_3975_p2         |         +|   0|  0|  124|         117|          94|
    |add_ln263_3_fu_3716_p2         |         +|   0|  0|   95|          95|          95|
    |add_ln263_4_fu_4205_p2         |         +|   0|  0|  117|         117|          98|
    |add_ln263_5_fu_3752_p2         |         +|   0|  0|   95|          95|          95|
    |add_ln263_6_fu_4439_p2         |         +|   0|  0|  117|         117|          98|
    |add_ln263_7_fu_3802_p2         |         +|   0|  0|   95|          95|          95|
    |add_ln263_8_fu_4673_p2         |         +|   0|  0|  117|         117|         101|
    |add_ln263_fu_3808_p2           |         +|   0|  0|   95|          95|          93|
    |add_ln269_fu_6298_p2           |         +|   0|  0|   80|          80|          70|
    |b0_10_fu_4483_p2               |         +|   0|  0|   47|          40|          40|
    |b0_13_fu_4717_p2               |         +|   0|  0|   47|          40|          40|
    |b0_16_fu_4951_p2               |         +|   0|  0|   47|          40|          40|
    |b0_19_fu_5185_p2               |         +|   0|  0|   47|          40|          40|
    |b0_1_fu_3846_p2                |         +|   0|  0|   31|          24|          24|
    |b0_22_fu_5419_p2               |         +|   0|  0|   47|          40|          40|
    |b0_25_fu_5653_p2               |         +|   0|  0|   47|          40|          40|
    |b0_28_fu_5887_p2               |         +|   0|  0|   47|          40|          40|
    |b0_31_fu_6121_p2               |         +|   0|  0|   47|          40|          40|
    |b0_4_fu_4055_p2                |         +|   0|  0|   47|          40|          40|
    |b0_7_fu_4249_p2                |         +|   0|  0|   47|          40|          40|
    |p_1_fu_6358_p2                 |         +|   0|  0|   47|          40|          40|
    |p_4_fu_6591_p2                 |         +|   0|  0|   39|          32|          32|
    |z_fu_3523_p2                   |         +|   0|  0|   43|          36|          36|
    |sub_ln209_fu_3277_p2           |         -|   0|  0|   67|           1|          60|
    |sub_ln263_10_fu_3769_p2        |         -|   0|  0|   95|          95|          95|
    |sub_ln263_11_fu_3785_p2        |         -|   0|  0|   95|          95|          95|
    |sub_ln263_1_fu_4433_p2         |         -|   0|  0|  117|         117|         117|
    |sub_ln263_2_fu_4667_p2         |         -|   0|  0|  117|         117|         117|
    |sub_ln263_3_fu_4901_p2         |         -|   0|  0|  117|         117|         117|
    |sub_ln263_4_fu_5135_p2         |         -|   0|  0|  117|         117|         117|
    |sub_ln263_5_fu_5369_p2         |         -|   0|  0|  117|         117|         117|
    |sub_ln263_6_fu_5603_p2         |         -|   0|  0|  117|         117|         117|
    |sub_ln263_7_fu_5837_p2         |         -|   0|  0|  117|         117|         117|
    |sub_ln263_8_fu_6071_p2         |         -|   0|  0|  117|         117|         117|
    |sub_ln263_9_fu_3734_p2         |         -|   0|  0|   95|          95|          95|
    |sub_ln263_fu_4199_p2           |         -|   0|  0|  117|         117|         117|
    |sub_ln269_fu_6314_p2           |         -|   0|  0|   80|          80|          80|
    |and_ln104_1_fu_2819_p2         |       and|   0|  0|    2|           1|           1|
    |and_ln104_2_fu_2885_p2         |       and|   0|  0|    2|           1|           1|
    |and_ln104_3_fu_2951_p2         |       and|   0|  0|    2|           1|           1|
    |and_ln104_4_fu_3048_p2         |       and|   0|  0|    2|           1|           1|
    |and_ln104_5_fu_3114_p2         |       and|   0|  0|    2|           1|           1|
    |and_ln104_6_fu_3180_p2         |       and|   0|  0|    2|           1|           1|
    |and_ln104_7_fu_3246_p2         |       and|   0|  0|    2|           1|           1|
    |and_ln104_fu_2984_p2           |       and|   0|  0|    2|           1|           1|
    |and_ln204_10_fu_1846_p2        |       and|   0|  0|    2|           1|           1|
    |and_ln204_11_fu_1858_p2        |       and|   0|  0|    2|           1|           1|
    |and_ln204_12_fu_1949_p2        |       and|   0|  0|    2|           1|           1|
    |and_ln204_13_fu_2001_p2        |       and|   0|  0|    2|           1|           1|
    |and_ln204_14_fu_2007_p2        |       and|   0|  0|    2|           1|           1|
    |and_ln204_15_fu_2019_p2        |       and|   0|  0|    2|           1|           1|
    |and_ln204_16_fu_2110_p2        |       and|   0|  0|    2|           1|           1|
    |and_ln204_17_fu_2162_p2        |       and|   0|  0|    2|           1|           1|
    |and_ln204_18_fu_2168_p2        |       and|   0|  0|    2|           1|           1|
    |and_ln204_19_fu_2180_p2        |       and|   0|  0|    2|           1|           1|
    |and_ln204_1_fu_1518_p2         |       and|   0|  0|    2|           1|           1|
    |and_ln204_20_fu_2271_p2        |       and|   0|  0|    2|           1|           1|
    |and_ln204_21_fu_2323_p2        |       and|   0|  0|    2|           1|           1|
    |and_ln204_22_fu_2329_p2        |       and|   0|  0|    2|           1|           1|
    |and_ln204_23_fu_2341_p2        |       and|   0|  0|    2|           1|           1|
    |and_ln204_24_fu_2432_p2        |       and|   0|  0|    2|           1|           1|
    |and_ln204_25_fu_2484_p2        |       and|   0|  0|    2|           1|           1|
    |and_ln204_26_fu_2490_p2        |       and|   0|  0|    2|           1|           1|
    |and_ln204_27_fu_2502_p2        |       and|   0|  0|    2|           1|           1|
    |and_ln204_28_fu_2593_p2        |       and|   0|  0|    2|           1|           1|
    |and_ln204_29_fu_2645_p2        |       and|   0|  0|    2|           1|           1|
    |and_ln204_2_fu_1524_p2         |       and|   0|  0|    2|           1|           1|
    |and_ln204_30_fu_2651_p2        |       and|   0|  0|    2|           1|           1|
    |and_ln204_31_fu_2663_p2        |       and|   0|  0|    2|           1|           1|
    |and_ln204_3_fu_1536_p2         |       and|   0|  0|    2|           1|           1|
    |and_ln204_4_fu_1627_p2         |       and|   0|  0|    2|           1|           1|
    |and_ln204_5_fu_1679_p2         |       and|   0|  0|    2|           1|           1|
    |and_ln204_6_fu_1685_p2         |       and|   0|  0|    2|           1|           1|
    |and_ln204_7_fu_1697_p2         |       and|   0|  0|    2|           1|           1|
    |and_ln204_8_fu_1788_p2         |       and|   0|  0|    2|           1|           1|
    |and_ln204_9_fu_1840_p2         |       and|   0|  0|    2|           1|           1|
    |and_ln204_fu_1466_p2           |       and|   0|  0|    2|           1|           1|
    |and_ln209_1_fu_3321_p2         |       and|   0|  0|    2|           1|           1|
    |and_ln209_fu_3309_p2           |       and|   0|  0|    2|           1|           1|
    |and_ln212_fu_1351_p2           |       and|   0|  0|    8|           8|           8|
    |and_ln214_fu_3403_p2           |       and|   0|  0|    2|           1|           1|
    |and_ln253_1_fu_3635_p2         |       and|   0|  0|    2|           1|           1|
    |and_ln253_2_fu_3646_p2         |       and|   0|  0|    2|           1|           1|
    |and_ln253_fu_3629_p2           |       and|   0|  0|    2|           1|           1|
    |and_ln263_10_fu_4269_p2        |       and|   0|  0|    2|           1|           1|
    |and_ln263_11_fu_4335_p2        |       and|   0|  0|    2|           1|           1|
    |and_ln263_12_fu_4379_p2        |       and|   0|  0|    2|           1|           1|
    |and_ln263_13_fu_4367_p2        |       and|   0|  0|    2|           1|           1|
    |and_ln263_14_fu_4373_p2        |       and|   0|  0|    2|           1|           1|
    |and_ln263_15_fu_4394_p2        |       and|   0|  0|    2|           1|           1|
    |and_ln263_16_fu_4503_p2        |       and|   0|  0|    2|           1|           1|
    |and_ln263_17_fu_4569_p2        |       and|   0|  0|    2|           1|           1|
    |and_ln263_18_fu_4613_p2        |       and|   0|  0|    2|           1|           1|
    |and_ln263_19_fu_4601_p2        |       and|   0|  0|    2|           1|           1|
    |and_ln263_1_fu_3908_p2         |       and|   0|  0|    2|           1|           1|
    |and_ln263_20_fu_4607_p2        |       and|   0|  0|    2|           1|           1|
    |and_ln263_21_fu_4628_p2        |       and|   0|  0|    2|           1|           1|
    |and_ln263_22_fu_4737_p2        |       and|   0|  0|    2|           1|           1|
    |and_ln263_23_fu_4803_p2        |       and|   0|  0|    2|           1|           1|
    |and_ln263_24_fu_4847_p2        |       and|   0|  0|    2|           1|           1|
    |and_ln263_25_fu_4835_p2        |       and|   0|  0|    2|           1|           1|
    |and_ln263_26_fu_4841_p2        |       and|   0|  0|    2|           1|           1|
    |and_ln263_27_fu_4862_p2        |       and|   0|  0|    2|           1|           1|
    |and_ln263_28_fu_4971_p2        |       and|   0|  0|    2|           1|           1|
    |and_ln263_29_fu_5037_p2        |       and|   0|  0|    2|           1|           1|
    |and_ln263_2_fu_3914_p2         |       and|   0|  0|    2|           1|           1|
    |and_ln263_30_fu_5081_p2        |       and|   0|  0|    2|           1|           1|
    |and_ln263_31_fu_5069_p2        |       and|   0|  0|    2|           1|           1|
    |and_ln263_32_fu_5075_p2        |       and|   0|  0|    2|           1|           1|
    |and_ln263_33_fu_5096_p2        |       and|   0|  0|    2|           1|           1|
    |and_ln263_34_fu_5205_p2        |       and|   0|  0|    2|           1|           1|
    |and_ln263_35_fu_5271_p2        |       and|   0|  0|    2|           1|           1|
    |and_ln263_36_fu_5315_p2        |       and|   0|  0|    2|           1|           1|
    |and_ln263_37_fu_5303_p2        |       and|   0|  0|    2|           1|           1|
    |and_ln263_38_fu_5309_p2        |       and|   0|  0|    2|           1|           1|
    |and_ln263_39_fu_5330_p2        |       and|   0|  0|    2|           1|           1|
    |and_ln263_3_fu_3932_p2         |       and|   0|  0|    2|           1|           1|
    |and_ln263_40_fu_5439_p2        |       and|   0|  0|    2|           1|           1|
    |and_ln263_41_fu_5505_p2        |       and|   0|  0|    2|           1|           1|
    |and_ln263_42_fu_5549_p2        |       and|   0|  0|    2|           1|           1|
    |and_ln263_43_fu_5537_p2        |       and|   0|  0|    2|           1|           1|
    |and_ln263_44_fu_5543_p2        |       and|   0|  0|    2|           1|           1|
    |and_ln263_45_fu_5564_p2        |       and|   0|  0|    2|           1|           1|
    |and_ln263_46_fu_5673_p2        |       and|   0|  0|    2|           1|           1|
    |and_ln263_47_fu_5739_p2        |       and|   0|  0|    2|           1|           1|
    |and_ln263_48_fu_5783_p2        |       and|   0|  0|    2|           1|           1|
    |and_ln263_49_fu_5771_p2        |       and|   0|  0|    2|           1|           1|
    |and_ln263_4_fu_4074_p2         |       and|   0|  0|    2|           1|           1|
    |and_ln263_50_fu_5777_p2        |       and|   0|  0|    2|           1|           1|
    |and_ln263_51_fu_5798_p2        |       and|   0|  0|    2|           1|           1|
    |and_ln263_52_fu_5907_p2        |       and|   0|  0|    2|           1|           1|
    |and_ln263_53_fu_5973_p2        |       and|   0|  0|    2|           1|           1|
    |and_ln263_54_fu_6017_p2        |       and|   0|  0|    2|           1|           1|
    |and_ln263_55_fu_6005_p2        |       and|   0|  0|    2|           1|           1|
    |and_ln263_56_fu_6011_p2        |       and|   0|  0|    2|           1|           1|
    |and_ln263_57_fu_6032_p2        |       and|   0|  0|    2|           1|           1|
    |and_ln263_58_fu_6141_p2        |       and|   0|  0|    2|           1|           1|
    |and_ln263_59_fu_6207_p2        |       and|   0|  0|    2|           1|           1|
    |and_ln263_5_fu_4099_p2         |       and|   0|  0|    2|           1|           1|
    |and_ln263_60_fu_6251_p2        |       and|   0|  0|    2|           1|           1|
    |and_ln263_61_fu_6239_p2        |       and|   0|  0|    2|           1|           1|
    |and_ln263_62_fu_6245_p2        |       and|   0|  0|    2|           1|           1|
    |and_ln263_63_fu_6266_p2        |       and|   0|  0|    2|           1|           1|
    |and_ln263_6_fu_4111_p2         |       and|   0|  0|    2|           1|           1|
    |and_ln263_7_fu_4133_p2         |       and|   0|  0|    2|           1|           1|
    |and_ln263_8_fu_4139_p2         |       and|   0|  0|    2|           1|           1|
    |and_ln263_9_fu_4157_p2         |       and|   0|  0|    2|           1|           1|
    |and_ln263_fu_3870_p2           |       and|   0|  0|    2|           1|           1|
    |and_ln269_1_fu_6444_p2         |       and|   0|  0|    2|           1|           1|
    |and_ln269_2_fu_6458_p2         |       and|   0|  0|    2|           1|           1|
    |and_ln269_3_fu_6482_p2         |       and|   0|  0|    2|           1|           1|
    |and_ln269_4_fu_6488_p2         |       and|   0|  0|    2|           1|           1|
    |and_ln269_5_fu_6506_p2         |       and|   0|  0|    2|           1|           1|
    |and_ln269_fu_6378_p2           |       and|   0|  0|    2|           1|           1|
    |and_ln272_fu_6684_p2           |       and|   0|  0|    2|           1|           1|
    |and_ln276_fu_6668_p2           |       and|   0|  0|    2|           1|           1|
    |and_ln280_1_fu_6712_p2         |       and|   0|  0|    2|           1|           1|
    |and_ln280_fu_6629_p2           |       and|   0|  0|    2|           1|           1|
    |icmp_ln238_fu_3454_p2          |      icmp|   0|  0|   65|          58|           1|
    |icmp_ln244_fu_3460_p2          |      icmp|   0|  0|   65|          58|          55|
    |icmp_ln263_10_fu_4777_p2       |      icmp|   0|  0|   12|           5|           2|
    |icmp_ln263_11_fu_4783_p2       |      icmp|   0|  0|   12|           5|           1|
    |icmp_ln263_12_fu_4995_p2       |      icmp|   0|  0|   12|           4|           2|
    |icmp_ln263_13_fu_5011_p2       |      icmp|   0|  0|   12|           5|           2|
    |icmp_ln263_14_fu_5017_p2       |      icmp|   0|  0|   12|           5|           1|
    |icmp_ln263_15_fu_5229_p2       |      icmp|   0|  0|   12|           4|           2|
    |icmp_ln263_16_fu_5245_p2       |      icmp|   0|  0|   12|           5|           2|
    |icmp_ln263_17_fu_5251_p2       |      icmp|   0|  0|   12|           5|           1|
    |icmp_ln263_18_fu_5463_p2       |      icmp|   0|  0|   12|           4|           2|
    |icmp_ln263_19_fu_5479_p2       |      icmp|   0|  0|   12|           5|           2|
    |icmp_ln263_1_fu_4033_p2        |      icmp|   0|  0|   12|           5|           2|
    |icmp_ln263_20_fu_5485_p2       |      icmp|   0|  0|   12|           5|           1|
    |icmp_ln263_21_fu_5697_p2       |      icmp|   0|  0|   12|           4|           2|
    |icmp_ln263_22_fu_5713_p2       |      icmp|   0|  0|   12|           5|           2|
    |icmp_ln263_23_fu_5719_p2       |      icmp|   0|  0|   12|           5|           1|
    |icmp_ln263_24_fu_5931_p2       |      icmp|   0|  0|   12|           4|           2|
    |icmp_ln263_25_fu_5947_p2       |      icmp|   0|  0|   12|           5|           2|
    |icmp_ln263_26_fu_5953_p2       |      icmp|   0|  0|   12|           5|           1|
    |icmp_ln263_27_fu_6165_p2       |      icmp|   0|  0|   12|           4|           2|
    |icmp_ln263_28_fu_6181_p2       |      icmp|   0|  0|   12|           5|           2|
    |icmp_ln263_29_fu_6187_p2       |      icmp|   0|  0|   12|           5|           1|
    |icmp_ln263_2_fu_4039_p2        |      icmp|   0|  0|   12|           5|           1|
    |icmp_ln263_3_fu_4293_p2        |      icmp|   0|  0|   12|           4|           2|
    |icmp_ln263_4_fu_4309_p2        |      icmp|   0|  0|   12|           5|           2|
    |icmp_ln263_5_fu_4315_p2        |      icmp|   0|  0|   12|           5|           1|
    |icmp_ln263_6_fu_4527_p2        |      icmp|   0|  0|   12|           4|           2|
    |icmp_ln263_7_fu_4543_p2        |      icmp|   0|  0|   12|           5|           2|
    |icmp_ln263_8_fu_4549_p2        |      icmp|   0|  0|   12|           5|           1|
    |icmp_ln263_9_fu_4761_p2        |      icmp|   0|  0|   12|           4|           2|
    |icmp_ln263_fu_4017_p2          |      icmp|   0|  0|   12|           4|           2|
    |icmp_ln269_1_fu_6418_p2        |      icmp|   0|  0|   12|           4|           2|
    |icmp_ln269_2_fu_6424_p2        |      icmp|   0|  0|   12|           4|           1|
    |icmp_ln269_fu_6402_p2          |      icmp|   0|  0|   10|           3|           2|
    |icmp_ln272_fu_6531_p2          |      icmp|   0|  0|   47|          40|           1|
    |icmp_ln276_fu_6547_p2          |      icmp|   0|  0|   12|           4|           1|
    |selected_bit_fu_1357_p2        |      icmp|   0|  0|   15|           8|           1|
    |empty_fu_6611_p2               |        or|   0|  0|    2|           1|           1|
    |or_ln157_10_fu_1207_p2         |        or|   0|  0|    2|           1|           1|
    |or_ln157_11_fu_1245_p2         |        or|   0|  0|    2|           1|           1|
    |or_ln157_12_fu_1283_p2         |        or|   0|  0|    2|           1|           1|
    |or_ln157_13_fu_1321_p2         |        or|   0|  0|    2|           1|           1|
    |or_ln157_1_fu_781_p2           |        or|   0|  0|    2|           1|           1|
    |or_ln157_2_fu_795_p2           |        or|   0|  0|    2|           1|           1|
    |or_ln157_3_fu_817_p2           |        or|   0|  0|    2|           1|           1|
    |or_ln157_4_fu_931_p2           |        or|   0|  0|    2|           1|           1|
    |or_ln157_5_fu_1001_p2          |        or|   0|  0|    2|           1|           1|
    |or_ln157_6_fu_1063_p2          |        or|   0|  0|    2|           1|           1|
    |or_ln157_7_fu_1093_p2          |        or|   0|  0|    2|           1|           1|
    |or_ln157_8_fu_1139_p2          |        or|   0|  0|    2|           1|           1|
    |or_ln157_9_fu_1169_p2          |        or|   0|  0|    2|           1|           1|
    |or_ln157_fu_767_p2             |        or|   0|  0|    2|           1|           1|
    |or_ln204_10_fu_1995_p2         |        or|   0|  0|    2|           1|           1|
    |or_ln204_11_fu_2033_p2         |        or|   0|  0|    2|           1|           1|
    |or_ln204_12_fu_2144_p2         |        or|   0|  0|    2|           1|           1|
    |or_ln204_13_fu_2156_p2         |        or|   0|  0|    2|           1|           1|
    |or_ln204_14_fu_2194_p2         |        or|   0|  0|    2|           1|           1|
    |or_ln204_15_fu_2305_p2         |        or|   0|  0|    2|           1|           1|
    |or_ln204_16_fu_2317_p2         |        or|   0|  0|    2|           1|           1|
    |or_ln204_17_fu_2355_p2         |        or|   0|  0|    2|           1|           1|
    |or_ln204_18_fu_2466_p2         |        or|   0|  0|    2|           1|           1|
    |or_ln204_19_fu_2478_p2         |        or|   0|  0|    2|           1|           1|
    |or_ln204_1_fu_1512_p2          |        or|   0|  0|    2|           1|           1|
    |or_ln204_20_fu_2516_p2         |        or|   0|  0|    2|           1|           1|
    |or_ln204_21_fu_2627_p2         |        or|   0|  0|    2|           1|           1|
    |or_ln204_22_fu_2639_p2         |        or|   0|  0|    2|           1|           1|
    |or_ln204_23_fu_2677_p2         |        or|   0|  0|    2|           1|           1|
    |or_ln204_2_fu_1550_p2          |        or|   0|  0|    2|           1|           1|
    |or_ln204_3_fu_1661_p2          |        or|   0|  0|    2|           1|           1|
    |or_ln204_4_fu_1673_p2          |        or|   0|  0|    2|           1|           1|
    |or_ln204_5_fu_1711_p2          |        or|   0|  0|    2|           1|           1|
    |or_ln204_6_fu_1822_p2          |        or|   0|  0|    2|           1|           1|
    |or_ln204_7_fu_1834_p2          |        or|   0|  0|    2|           1|           1|
    |or_ln204_8_fu_1872_p2          |        or|   0|  0|    2|           1|           1|
    |or_ln204_9_fu_1983_p2          |        or|   0|  0|    2|           1|           1|
    |or_ln204_fu_1500_p2            |        or|   0|  0|    2|           1|           1|
    |or_ln209_fu_3339_p2            |        or|   0|  0|    2|           1|           1|
    |or_ln253_1_fu_3660_p2          |        or|   0|  0|    2|           1|           1|
    |or_ln253_fu_3618_p2            |        or|   0|  0|    2|           1|           1|
    |or_ln263_10_fu_5057_p2         |        or|   0|  0|    2|           1|           1|
    |or_ln263_11_fu_5108_p2         |        or|   0|  0|    2|           1|           1|
    |or_ln263_12_fu_5291_p2         |        or|   0|  0|    2|           1|           1|
    |or_ln263_13_fu_5342_p2         |        or|   0|  0|    2|           1|           1|
    |or_ln263_14_fu_5525_p2         |        or|   0|  0|    2|           1|           1|
    |or_ln263_15_fu_5576_p2         |        or|   0|  0|    2|           1|           1|
    |or_ln263_16_fu_5759_p2         |        or|   0|  0|    2|           1|           1|
    |or_ln263_17_fu_5810_p2         |        or|   0|  0|    2|           1|           1|
    |or_ln263_18_fu_5993_p2         |        or|   0|  0|    2|           1|           1|
    |or_ln263_19_fu_6044_p2         |        or|   0|  0|    2|           1|           1|
    |or_ln263_1_fu_3945_p2          |        or|   0|  0|    2|           1|           1|
    |or_ln263_20_fu_6227_p2         |        or|   0|  0|    2|           1|           1|
    |or_ln263_21_fu_6278_p2         |        or|   0|  0|    2|           1|           1|
    |or_ln263_22_fu_3880_p2         |        or|   0|  0|    2|           1|           1|
    |or_ln263_23_fu_3920_p2         |        or|   0|  0|    2|           1|           1|
    |or_ln263_24_fu_4145_p2         |        or|   0|  0|    2|           1|           1|
    |or_ln263_25_fu_4383_p2         |        or|   0|  0|    2|           1|           1|
    |or_ln263_26_fu_4617_p2         |        or|   0|  0|    2|           1|           1|
    |or_ln263_27_fu_4851_p2         |        or|   0|  0|    2|           1|           1|
    |or_ln263_28_fu_5085_p2         |        or|   0|  0|    2|           1|           1|
    |or_ln263_29_fu_5319_p2         |        or|   0|  0|    2|           1|           1|
    |or_ln263_2_fu_4122_p2          |        or|   0|  0|    2|           1|           1|
    |or_ln263_30_fu_5553_p2         |        or|   0|  0|    2|           1|           1|
    |or_ln263_31_fu_5787_p2         |        or|   0|  0|    2|           1|           1|
    |or_ln263_32_fu_6021_p2         |        or|   0|  0|    2|           1|           1|
    |or_ln263_33_fu_6255_p2         |        or|   0|  0|    2|           1|           1|
    |or_ln263_3_fu_4170_p2          |        or|   0|  0|    2|           1|           1|
    |or_ln263_4_fu_4355_p2          |        or|   0|  0|    2|           1|           1|
    |or_ln263_5_fu_4406_p2          |        or|   0|  0|    2|           1|           1|
    |or_ln263_6_fu_4589_p2          |        or|   0|  0|    2|           1|           1|
    |or_ln263_7_fu_4640_p2          |        or|   0|  0|    2|           1|           1|
    |or_ln263_8_fu_4823_p2          |        or|   0|  0|    2|           1|           1|
    |or_ln263_9_fu_4874_p2          |        or|   0|  0|    2|           1|           1|
    |or_ln263_fu_3902_p2            |        or|   0|  0|    2|           1|           1|
    |or_ln269_1_fu_6512_p2          |        or|   0|  0|    2|           1|           1|
    |or_ln269_2_fu_6494_p2          |        or|   0|  0|    2|           1|           1|
    |or_ln269_fu_6470_p2            |        or|   0|  0|    2|           1|           1|
    |or_ln272_fu_6657_p2            |        or|   0|  0|    2|           1|           1|
    |or_ln276_1_fu_6690_p2          |        or|   0|  0|    2|           1|           1|
    |or_ln276_2_fu_6694_p2          |        or|   0|  0|    2|           1|           1|
    |or_ln276_3_fu_6700_p2          |        or|   0|  0|    2|           1|           1|
    |or_ln276_fu_6674_p2            |        or|   0|  0|    2|           1|           1|
    |or_ln280_1_fu_6635_p2          |        or|   0|  0|    2|           1|           1|
    |or_ln280_fu_6617_p2            |        or|   0|  0|    2|           1|           1|
    |b0_33_fu_3951_p3               |    select|   0|  0|   40|           1|          40|
    |b0_34_fu_4176_p3               |    select|   0|  0|   40|           1|          40|
    |b0_35_fu_4411_p3               |    select|   0|  0|   40|           1|          40|
    |b0_36_fu_4645_p3               |    select|   0|  0|   40|           1|          40|
    |b0_37_fu_4879_p3               |    select|   0|  0|   40|           1|          40|
    |b0_38_fu_5113_p3               |    select|   0|  0|   40|           1|          40|
    |b0_39_fu_5347_p3               |    select|   0|  0|   40|           1|          40|
    |b0_40_fu_5581_p3               |    select|   0|  0|   40|           1|          40|
    |b0_41_fu_5815_p3               |    select|   0|  0|   40|           1|          40|
    |b0_42_fu_6049_p3               |    select|   0|  0|   40|           1|          40|
    |b0_43_fu_6283_p3               |    select|   0|  0|   40|           1|          40|
    |delta_over_alpha_1_fu_3423_p3  |    select|   0|  0|   58|           1|          59|
    |field_over_alpha_fu_3266_p3    |    select|   0|  0|   58|           1|          59|
    |out_11_fu_2726_p3              |    select|   0|  0|   58|           1|          59|
    |out_13_fu_2733_p3              |    select|   0|  0|   58|           1|          59|
    |out_15_fu_2740_p3              |    select|   0|  0|   58|           1|          59|
    |out_1_fu_2691_p3               |    select|   0|  0|   58|           1|          59|
    |out_3_fu_2698_p3               |    select|   0|  0|   58|           1|          59|
    |out_5_fu_2705_p3               |    select|   0|  0|   58|           1|          59|
    |out_7_fu_2712_p3               |    select|   0|  0|   58|           1|          59|
    |out_9_fu_2719_p3               |    select|   0|  0|   58|           1|          59|
    |p_2_fu_6525_p3                 |    select|   0|  0|   40|           1|          40|
    |p_5_fu_6728_p6                 |    select|   0|  0|   32|           1|          32|
    |select_ln104_10_fu_3126_p3     |    select|   0|  0|   59|           1|          58|
    |select_ln104_11_fu_3134_p3     |    select|   0|  0|   58|           1|          59|
    |select_ln104_12_fu_3192_p3     |    select|   0|  0|   59|           1|          58|
    |select_ln104_13_fu_3200_p3     |    select|   0|  0|   58|           1|          59|
    |select_ln104_14_fu_3258_p3     |    select|   0|  0|   59|           1|          58|
    |select_ln104_1_fu_3001_p3      |    select|   0|  0|   58|           1|          59|
    |select_ln104_2_fu_2831_p3      |    select|   0|  0|   59|           1|          58|
    |select_ln104_3_fu_2839_p3      |    select|   0|  0|   58|           1|          59|
    |select_ln104_4_fu_2897_p3      |    select|   0|  0|   59|           1|          58|
    |select_ln104_5_fu_2905_p3      |    select|   0|  0|   58|           1|          59|
    |select_ln104_6_fu_2963_p3      |    select|   0|  0|   59|           1|          58|
    |select_ln104_7_fu_2971_p3      |    select|   0|  0|   58|           1|          59|
    |select_ln104_8_fu_3060_p3      |    select|   0|  0|   59|           1|          58|
    |select_ln104_9_fu_3068_p3      |    select|   0|  0|   58|           1|          59|
    |select_ln104_fu_2993_p3        |    select|   0|  0|   59|           1|          58|
    |select_ln157_10_fu_867_p3      |    select|   0|  0|   58|           1|          59|
    |select_ln157_11_fu_875_p3      |    select|   0|  0|   58|           1|          59|
    |select_ln157_12_fu_883_p3      |    select|   0|  0|   58|           1|          59|
    |select_ln157_14_fu_907_p3      |    select|   0|  0|   58|           1|          59|
    |select_ln157_15_fu_915_p3      |    select|   0|  0|   58|           1|          59|
    |select_ln157_16_fu_923_p3      |    select|   0|  0|   58|           1|          59|
    |select_ln157_17_fu_937_p3      |    select|   0|  0|   58|           1|          59|
    |select_ln157_18_fu_945_p3      |    select|   0|  0|   58|           1|          59|
    |select_ln157_19_fu_953_p3      |    select|   0|  0|   58|           1|          59|
    |select_ln157_1_fu_773_p3       |    select|   0|  0|   58|           1|          59|
    |select_ln157_21_fu_977_p3      |    select|   0|  0|   58|           1|          59|
    |select_ln157_22_fu_985_p3      |    select|   0|  0|   58|           1|          59|
    |select_ln157_23_fu_993_p3      |    select|   0|  0|   58|           1|          59|
    |select_ln157_24_fu_1007_p3     |    select|   0|  0|   58|           1|          59|
    |select_ln157_25_fu_1015_p3     |    select|   0|  0|   58|           1|          59|
    |select_ln157_26_fu_1023_p3     |    select|   0|  0|   58|           1|          59|
    |select_ln157_28_fu_1047_p3     |    select|   0|  0|   58|           1|          59|
    |select_ln157_29_fu_1055_p3     |    select|   0|  0|   58|           1|          59|
    |select_ln157_2_fu_787_p3       |    select|   0|  0|   58|           1|          59|
    |select_ln157_30_fu_1069_p3     |    select|   0|  0|   58|           1|          59|
    |select_ln157_31_fu_1077_p3     |    select|   0|  0|   58|           1|          59|
    |select_ln157_32_fu_1085_p3     |    select|   0|  0|   58|           1|          59|
    |select_ln157_33_fu_1099_p3     |    select|   0|  0|   58|           1|          59|
    |select_ln157_35_fu_1123_p3     |    select|   0|  0|   58|           1|          59|
    |select_ln157_36_fu_1131_p3     |    select|   0|  0|   58|           1|          59|
    |select_ln157_37_fu_1145_p3     |    select|   0|  0|   58|           1|          59|
    |select_ln157_38_fu_1153_p3     |    select|   0|  0|   58|           1|          59|
    |select_ln157_39_fu_1161_p3     |    select|   0|  0|   58|           1|          59|
    |select_ln157_3_fu_801_p3       |    select|   0|  0|   58|           1|          59|
    |select_ln157_40_fu_1175_p3     |    select|   0|  0|   58|           1|          59|
    |select_ln157_42_fu_1199_p3     |    select|   0|  0|   58|           1|          59|
    |select_ln157_43_fu_1213_p3     |    select|   0|  0|   58|           1|          59|
    |select_ln157_44_fu_1221_p3     |    select|   0|  0|   58|           1|          59|
    |select_ln157_45_fu_1229_p3     |    select|   0|  0|   58|           1|          59|
    |select_ln157_46_fu_1237_p3     |    select|   0|  0|   58|           1|          59|
    |select_ln157_47_fu_1251_p3     |    select|   0|  0|   58|           1|          59|
    |select_ln157_49_fu_1275_p3     |    select|   0|  0|   58|           1|          59|
    |select_ln157_4_fu_809_p3       |    select|   0|  0|   58|           1|          59|
    |select_ln157_50_fu_1289_p3     |    select|   0|  0|   58|           1|          59|
    |select_ln157_51_fu_1297_p3     |    select|   0|  0|   58|           1|          59|
    |select_ln157_52_fu_1305_p3     |    select|   0|  0|   58|           1|          59|
    |select_ln157_53_fu_1313_p3     |    select|   0|  0|   58|           1|          59|
    |select_ln157_54_fu_1327_p3     |    select|   0|  0|   58|           1|          59|
    |select_ln157_5_fu_823_p3       |    select|   0|  0|   58|           1|          59|
    |select_ln157_7_fu_843_p3       |    select|   0|  0|   58|           1|          59|
    |select_ln157_8_fu_851_p3       |    select|   0|  0|   58|           1|          59|
    |select_ln157_9_fu_859_p3       |    select|   0|  0|   58|           1|          59|
    |select_ln157_fu_759_p3         |    select|   0|  0|   58|           1|          59|
    |select_ln204_10_fu_1725_p3     |    select|   0|  0|  113|           1|         118|
    |select_ln204_11_fu_1800_p3     |    select|   0|  0|    2|           1|           1|
    |select_ln204_12_fu_1808_p3     |    select|   0|  0|    2|           1|           1|
    |select_ln204_13_fu_1864_p3     |    select|   0|  0|   59|           1|          58|
    |select_ln204_14_fu_1878_p3     |    select|   0|  0|   58|           1|          59|
    |select_ln204_15_fu_1886_p3     |    select|   0|  0|  113|           1|         118|
    |select_ln204_16_fu_1961_p3     |    select|   0|  0|    2|           1|           1|
    |select_ln204_17_fu_1969_p3     |    select|   0|  0|    2|           1|           1|
    |select_ln204_18_fu_2025_p3     |    select|   0|  0|   59|           1|          58|
    |select_ln204_19_fu_2039_p3     |    select|   0|  0|   58|           1|          59|
    |select_ln204_1_fu_1478_p3      |    select|   0|  0|    2|           1|           1|
    |select_ln204_20_fu_2047_p3     |    select|   0|  0|  113|           1|         118|
    |select_ln204_21_fu_2122_p3     |    select|   0|  0|    2|           1|           1|
    |select_ln204_22_fu_2130_p3     |    select|   0|  0|    2|           1|           1|
    |select_ln204_23_fu_2186_p3     |    select|   0|  0|   59|           1|          58|
    |select_ln204_24_fu_2200_p3     |    select|   0|  0|   58|           1|          59|
    |select_ln204_25_fu_2208_p3     |    select|   0|  0|  113|           1|         118|
    |select_ln204_26_fu_2283_p3     |    select|   0|  0|    2|           1|           1|
    |select_ln204_27_fu_2291_p3     |    select|   0|  0|    2|           1|           1|
    |select_ln204_28_fu_2347_p3     |    select|   0|  0|   59|           1|          58|
    |select_ln204_29_fu_2361_p3     |    select|   0|  0|   58|           1|          59|
    |select_ln204_2_fu_1486_p3      |    select|   0|  0|    2|           1|           1|
    |select_ln204_30_fu_2369_p3     |    select|   0|  0|  113|           1|         118|
    |select_ln204_31_fu_2444_p3     |    select|   0|  0|    2|           1|           1|
    |select_ln204_32_fu_2452_p3     |    select|   0|  0|    2|           1|           1|
    |select_ln204_33_fu_2508_p3     |    select|   0|  0|   59|           1|          58|
    |select_ln204_34_fu_2522_p3     |    select|   0|  0|   58|           1|          59|
    |select_ln204_35_fu_2530_p3     |    select|   0|  0|  113|           1|         118|
    |select_ln204_36_fu_2605_p3     |    select|   0|  0|    2|           1|           1|
    |select_ln204_37_fu_2613_p3     |    select|   0|  0|    2|           1|           1|
    |select_ln204_38_fu_2669_p3     |    select|   0|  0|   59|           1|          58|
    |select_ln204_39_fu_2683_p3     |    select|   0|  0|   58|           1|          59|
    |select_ln204_3_fu_1542_p3      |    select|   0|  0|   59|           1|          58|
    |select_ln204_4_fu_1556_p3      |    select|   0|  0|   58|           1|          59|
    |select_ln204_5_fu_1564_p3      |    select|   0|  0|  113|           1|         118|
    |select_ln204_6_fu_1639_p3      |    select|   0|  0|    2|           1|           1|
    |select_ln204_7_fu_1647_p3      |    select|   0|  0|    2|           1|           1|
    |select_ln204_8_fu_1703_p3      |    select|   0|  0|   59|           1|          58|
    |select_ln204_9_fu_1717_p3      |    select|   0|  0|   58|           1|          59|
    |select_ln204_fu_1403_p3        |    select|   0|  0|  113|           1|         118|
    |select_ln209_1_fu_3353_p3      |    select|   0|  0|   59|           1|          60|
    |select_ln209_2_fu_3361_p3      |    select|   0|  0|   58|           1|          59|
    |select_ln209_fu_3345_p3        |    select|   0|  0|   58|           1|          58|
    |select_ln214_fu_3415_p3        |    select|   0|  0|   59|           1|          58|
    |select_ln253_1_fu_3652_p3      |    select|   0|  0|   41|           1|          39|
    |select_ln253_fu_3548_p3        |    select|   0|  0|   39|           1|           2|
    |select_ln263_10_fu_4555_p3     |    select|   0|  0|    2|           1|           1|
    |select_ln263_11_fu_4575_p3     |    select|   0|  0|    2|           1|           1|
    |select_ln263_12_fu_4633_p3     |    select|   0|  0|   41|           1|          39|
    |select_ln263_14_fu_4789_p3     |    select|   0|  0|    2|           1|           1|
    |select_ln263_15_fu_4809_p3     |    select|   0|  0|    2|           1|           1|
    |select_ln263_16_fu_4867_p3     |    select|   0|  0|   41|           1|          39|
    |select_ln263_18_fu_5023_p3     |    select|   0|  0|    2|           1|           1|
    |select_ln263_19_fu_5043_p3     |    select|   0|  0|    2|           1|           1|
    |select_ln263_20_fu_5101_p3     |    select|   0|  0|   41|           1|          39|
    |select_ln263_22_fu_5257_p3     |    select|   0|  0|    2|           1|           1|
    |select_ln263_23_fu_5277_p3     |    select|   0|  0|    2|           1|           1|
    |select_ln263_24_fu_5335_p3     |    select|   0|  0|   41|           1|          39|
    |select_ln263_26_fu_5491_p3     |    select|   0|  0|    2|           1|           1|
    |select_ln263_27_fu_5511_p3     |    select|   0|  0|    2|           1|           1|
    |select_ln263_28_fu_5569_p3     |    select|   0|  0|   41|           1|          39|
    |select_ln263_2_fu_4087_p3      |    select|   0|  0|    2|           1|           1|
    |select_ln263_30_fu_5725_p3     |    select|   0|  0|    2|           1|           1|
    |select_ln263_31_fu_5745_p3     |    select|   0|  0|    2|           1|           1|
    |select_ln263_32_fu_5803_p3     |    select|   0|  0|   41|           1|          39|
    |select_ln263_34_fu_5959_p3     |    select|   0|  0|    2|           1|           1|
    |select_ln263_35_fu_5979_p3     |    select|   0|  0|    2|           1|           1|
    |select_ln263_36_fu_6037_p3     |    select|   0|  0|   41|           1|          39|
    |select_ln263_38_fu_6193_p3     |    select|   0|  0|    2|           1|           1|
    |select_ln263_39_fu_6213_p3     |    select|   0|  0|    2|           1|           1|
    |select_ln263_3_fu_4104_p3      |    select|   0|  0|    2|           1|           1|
    |select_ln263_40_fu_6271_p3     |    select|   0|  0|   41|           1|          39|
    |select_ln263_4_fu_4162_p3      |    select|   0|  0|   41|           1|          39|
    |select_ln263_6_fu_4321_p3      |    select|   0|  0|    2|           1|           1|
    |select_ln263_7_fu_4341_p3      |    select|   0|  0|    2|           1|           1|
    |select_ln263_8_fu_4399_p3      |    select|   0|  0|   41|           1|          39|
    |select_ln263_fu_3937_p3        |    select|   0|  0|   41|           1|          39|
    |select_ln269_1_fu_6450_p3      |    select|   0|  0|    2|           1|           1|
    |select_ln269_2_fu_6518_p3      |    select|   0|  0|   41|           1|          39|
    |select_ln269_fu_6430_p3        |    select|   0|  0|    2|           1|           1|
    |select_ln280_fu_6641_p3        |    select|   0|  0|   32|           1|           1|
    |selected_Jij_34_fu_831_p3      |    select|   0|  0|   58|           1|          59|
    |selected_Jij_35_fu_891_p3      |    select|   0|  0|   58|           1|          59|
    |selected_Jij_36_fu_1031_p3     |    select|   0|  0|   58|           1|          59|
    |selected_Jij_37_fu_1107_p3     |    select|   0|  0|   58|           1|          59|
    |selected_Jij_38_fu_1183_p3     |    select|   0|  0|   58|           1|          59|
    |selected_Jij_39_fu_1259_p3     |    select|   0|  0|   58|           1|          59|
    |selected_Jij_40_fu_1335_p3     |    select|   0|  0|   58|           1|          59|
    |selected_Jij_fu_961_p3         |    select|   0|  0|   58|           1|          59|
    |signed_field_fu_3369_p3        |    select|   0|  0|   58|           1|          59|
    |x_fu_3443_p3                   |    select|   0|  0|   57|           1|           1|
    |y_1_fu_3666_p3                 |    select|   0|  0|   40|           1|          40|
    |not_tmp_157_fu_6605_p2         |       xor|   0|  0|    2|           1|           2|
    |xor_ln104_10_fu_3108_p2        |       xor|   0|  0|    2|           1|           2|
    |xor_ln104_11_fu_3120_p2        |       xor|   0|  0|    2|           1|           1|
    |xor_ln104_12_fu_3174_p2        |       xor|   0|  0|    2|           1|           2|
    |xor_ln104_13_fu_3186_p2        |       xor|   0|  0|    2|           1|           1|
    |xor_ln104_14_fu_3240_p2        |       xor|   0|  0|    2|           1|           2|
    |xor_ln104_15_fu_3252_p2        |       xor|   0|  0|    2|           1|           1|
    |xor_ln104_1_fu_2989_p2         |       xor|   0|  0|    2|           1|           1|
    |xor_ln104_2_fu_2813_p2         |       xor|   0|  0|    2|           1|           2|
    |xor_ln104_3_fu_2825_p2         |       xor|   0|  0|    2|           1|           1|
    |xor_ln104_4_fu_2879_p2         |       xor|   0|  0|    2|           1|           2|
    |xor_ln104_5_fu_2891_p2         |       xor|   0|  0|    2|           1|           1|
    |xor_ln104_6_fu_2945_p2         |       xor|   0|  0|    2|           1|           2|
    |xor_ln104_7_fu_2957_p2         |       xor|   0|  0|    2|           1|           1|
    |xor_ln104_8_fu_3042_p2         |       xor|   0|  0|    2|           1|           2|
    |xor_ln104_9_fu_3054_p2         |       xor|   0|  0|    2|           1|           1|
    |xor_ln104_fu_2979_p2           |       xor|   0|  0|    2|           1|           2|
    |xor_ln204_10_fu_1782_p2        |       xor|   0|  0|    2|           1|           2|
    |xor_ln204_11_fu_1794_p2        |       xor|   0|  0|    2|           1|           2|
    |xor_ln204_12_fu_1816_p2        |       xor|   0|  0|    2|           1|           2|
    |xor_ln204_13_fu_1828_p2        |       xor|   0|  0|    2|           1|           2|
    |xor_ln204_14_fu_1852_p2        |       xor|   0|  0|    2|           1|           1|
    |xor_ln204_15_fu_1943_p2        |       xor|   0|  0|    2|           1|           2|
    |xor_ln204_16_fu_1955_p2        |       xor|   0|  0|    2|           1|           2|
    |xor_ln204_17_fu_1977_p2        |       xor|   0|  0|    2|           1|           2|
    |xor_ln204_18_fu_1989_p2        |       xor|   0|  0|    2|           1|           2|
    |xor_ln204_19_fu_2013_p2        |       xor|   0|  0|    2|           1|           1|
    |xor_ln204_1_fu_1472_p2         |       xor|   0|  0|    2|           1|           2|
    |xor_ln204_20_fu_2104_p2        |       xor|   0|  0|    2|           1|           2|
    |xor_ln204_21_fu_2116_p2        |       xor|   0|  0|    2|           1|           2|
    |xor_ln204_22_fu_2138_p2        |       xor|   0|  0|    2|           1|           2|
    |xor_ln204_23_fu_2150_p2        |       xor|   0|  0|    2|           1|           2|
    |xor_ln204_24_fu_2174_p2        |       xor|   0|  0|    2|           1|           1|
    |xor_ln204_25_fu_2265_p2        |       xor|   0|  0|    2|           1|           2|
    |xor_ln204_26_fu_2277_p2        |       xor|   0|  0|    2|           1|           2|
    |xor_ln204_27_fu_2299_p2        |       xor|   0|  0|    2|           1|           2|
    |xor_ln204_28_fu_2311_p2        |       xor|   0|  0|    2|           1|           2|
    |xor_ln204_29_fu_2335_p2        |       xor|   0|  0|    2|           1|           1|
    |xor_ln204_2_fu_1494_p2         |       xor|   0|  0|    2|           1|           2|
    |xor_ln204_30_fu_2426_p2        |       xor|   0|  0|    2|           1|           2|
    |xor_ln204_31_fu_2438_p2        |       xor|   0|  0|    2|           1|           2|
    |xor_ln204_32_fu_2460_p2        |       xor|   0|  0|    2|           1|           2|
    |xor_ln204_33_fu_2472_p2        |       xor|   0|  0|    2|           1|           2|
    |xor_ln204_34_fu_2496_p2        |       xor|   0|  0|    2|           1|           1|
    |xor_ln204_35_fu_2587_p2        |       xor|   0|  0|    2|           1|           2|
    |xor_ln204_36_fu_2599_p2        |       xor|   0|  0|    2|           1|           2|
    |xor_ln204_37_fu_2621_p2        |       xor|   0|  0|    2|           1|           2|
    |xor_ln204_38_fu_2633_p2        |       xor|   0|  0|    2|           1|           2|
    |xor_ln204_39_fu_2657_p2        |       xor|   0|  0|    2|           1|           1|
    |xor_ln204_3_fu_1506_p2         |       xor|   0|  0|    2|           1|           2|
    |xor_ln204_4_fu_1530_p2         |       xor|   0|  0|    2|           1|           1|
    |xor_ln204_5_fu_1621_p2         |       xor|   0|  0|    2|           1|           2|
    |xor_ln204_6_fu_1633_p2         |       xor|   0|  0|    2|           1|           2|
    |xor_ln204_7_fu_1655_p2         |       xor|   0|  0|    2|           1|           2|
    |xor_ln204_8_fu_1667_p2         |       xor|   0|  0|    2|           1|           2|
    |xor_ln204_9_fu_1691_p2         |       xor|   0|  0|    2|           1|           1|
    |xor_ln204_fu_1460_p2           |       xor|   0|  0|    2|           1|           2|
    |xor_ln209_1_fu_3315_p2         |       xor|   0|  0|    2|           1|           2|
    |xor_ln209_2_fu_3327_p2         |       xor|   0|  0|    2|           1|           1|
    |xor_ln209_3_fu_3333_p2         |       xor|   0|  0|    2|           1|           2|
    |xor_ln209_fu_3303_p2           |       xor|   0|  0|    2|           1|           2|
    |xor_ln214_1_fu_3409_p2         |       xor|   0|  0|    2|           1|           1|
    |xor_ln214_fu_3397_p2           |       xor|   0|  0|    2|           1|           2|
    |xor_ln238_fu_6679_p2           |       xor|   0|  0|    2|           1|           2|
    |xor_ln253_1_fu_3640_p2         |       xor|   0|  0|    2|           2|           1|
    |xor_ln253_fu_3623_p2           |       xor|   0|  0|    2|           1|           2|
    |xor_ln263_10_fu_4151_p2        |       xor|   0|  0|    2|           1|           2|
    |xor_ln263_11_fu_4263_p2        |       xor|   0|  0|    2|           1|           2|
    |xor_ln263_12_fu_4329_p2        |       xor|   0|  0|    2|           1|           2|
    |xor_ln263_13_fu_4349_p2        |       xor|   0|  0|    2|           1|           2|
    |xor_ln263_14_fu_4361_p2        |       xor|   0|  0|    2|           1|           2|
    |xor_ln263_15_fu_4388_p2        |       xor|   0|  0|    2|           1|           2|
    |xor_ln263_16_fu_4497_p2        |       xor|   0|  0|    2|           1|           2|
    |xor_ln263_17_fu_4563_p2        |       xor|   0|  0|    2|           1|           2|
    |xor_ln263_18_fu_4583_p2        |       xor|   0|  0|    2|           1|           2|
    |xor_ln263_19_fu_4595_p2        |       xor|   0|  0|    2|           1|           2|
    |xor_ln263_1_fu_3875_p2         |       xor|   0|  0|    2|           1|           2|
    |xor_ln263_20_fu_4622_p2        |       xor|   0|  0|    2|           1|           2|
    |xor_ln263_21_fu_4731_p2        |       xor|   0|  0|    2|           1|           2|
    |xor_ln263_22_fu_4797_p2        |       xor|   0|  0|    2|           1|           2|
    |xor_ln263_23_fu_4817_p2        |       xor|   0|  0|    2|           1|           2|
    |xor_ln263_24_fu_4829_p2        |       xor|   0|  0|    2|           1|           2|
    |xor_ln263_25_fu_4856_p2        |       xor|   0|  0|    2|           1|           2|
    |xor_ln263_26_fu_4965_p2        |       xor|   0|  0|    2|           1|           2|
    |xor_ln263_27_fu_5031_p2        |       xor|   0|  0|    2|           1|           2|
    |xor_ln263_28_fu_5051_p2        |       xor|   0|  0|    2|           1|           2|
    |xor_ln263_29_fu_5063_p2        |       xor|   0|  0|    2|           1|           2|
    |xor_ln263_2_fu_3886_p2         |       xor|   0|  0|    2|           1|           1|
    |xor_ln263_30_fu_5090_p2        |       xor|   0|  0|    2|           1|           2|
    |xor_ln263_31_fu_5199_p2        |       xor|   0|  0|    2|           1|           2|
    |xor_ln263_32_fu_5265_p2        |       xor|   0|  0|    2|           1|           2|
    |xor_ln263_33_fu_5285_p2        |       xor|   0|  0|    2|           1|           2|
    |xor_ln263_34_fu_5297_p2        |       xor|   0|  0|    2|           1|           2|
    |xor_ln263_35_fu_5324_p2        |       xor|   0|  0|    2|           1|           2|
    |xor_ln263_36_fu_5433_p2        |       xor|   0|  0|    2|           1|           2|
    |xor_ln263_37_fu_5499_p2        |       xor|   0|  0|    2|           1|           2|
    |xor_ln263_38_fu_5519_p2        |       xor|   0|  0|    2|           1|           2|
    |xor_ln263_39_fu_5531_p2        |       xor|   0|  0|    2|           1|           2|
    |xor_ln263_3_fu_3896_p2         |       xor|   0|  0|    2|           1|           2|
    |xor_ln263_40_fu_5558_p2        |       xor|   0|  0|    2|           1|           2|
    |xor_ln263_41_fu_5667_p2        |       xor|   0|  0|    2|           1|           2|
    |xor_ln263_42_fu_5733_p2        |       xor|   0|  0|    2|           1|           2|
    |xor_ln263_43_fu_5753_p2        |       xor|   0|  0|    2|           1|           2|
    |xor_ln263_44_fu_5765_p2        |       xor|   0|  0|    2|           1|           2|
    |xor_ln263_45_fu_5792_p2        |       xor|   0|  0|    2|           1|           2|
    |xor_ln263_46_fu_5901_p2        |       xor|   0|  0|    2|           1|           2|
    |xor_ln263_47_fu_5967_p2        |       xor|   0|  0|    2|           1|           2|
    |xor_ln263_48_fu_5987_p2        |       xor|   0|  0|    2|           1|           2|
    |xor_ln263_49_fu_5999_p2        |       xor|   0|  0|    2|           1|           2|
    |xor_ln263_4_fu_3891_p2         |       xor|   0|  0|    2|           1|           1|
    |xor_ln263_50_fu_6026_p2        |       xor|   0|  0|    2|           1|           2|
    |xor_ln263_51_fu_6135_p2        |       xor|   0|  0|    2|           1|           2|
    |xor_ln263_52_fu_6201_p2        |       xor|   0|  0|    2|           1|           2|
    |xor_ln263_53_fu_6221_p2        |       xor|   0|  0|    2|           1|           2|
    |xor_ln263_54_fu_6233_p2        |       xor|   0|  0|    2|           1|           2|
    |xor_ln263_55_fu_6260_p2        |       xor|   0|  0|    2|           1|           2|
    |xor_ln263_5_fu_3926_p2         |       xor|   0|  0|    2|           1|           2|
    |xor_ln263_6_fu_4068_p2         |       xor|   0|  0|    2|           1|           2|
    |xor_ln263_7_fu_4093_p2         |       xor|   0|  0|    2|           1|           2|
    |xor_ln263_8_fu_4116_p2         |       xor|   0|  0|    2|           1|           2|
    |xor_ln263_9_fu_4128_p2         |       xor|   0|  0|    2|           1|           2|
    |xor_ln263_fu_3864_p2           |       xor|   0|  0|    2|           1|           2|
    |xor_ln269_1_fu_6438_p2         |       xor|   0|  0|    2|           1|           2|
    |xor_ln269_2_fu_6464_p2         |       xor|   0|  0|    2|           1|           2|
    |xor_ln269_3_fu_6476_p2         |       xor|   0|  0|    2|           1|           2|
    |xor_ln269_4_fu_6500_p2         |       xor|   0|  0|    2|           1|           2|
    |xor_ln269_fu_6372_p2           |       xor|   0|  0|    2|           1|           2|
    |xor_ln272_fu_6662_p2           |       xor|   0|  0|    2|           1|           2|
    |xor_ln276_fu_6706_p2           |       xor|   0|  0|    2|           1|           2|
    |xor_ln280_fu_6623_p2           |       xor|   0|  0|    2|           1|           2|
    +-------------------------------+----------+----+---+-----+------------+------------+
    |Total                          |          |   0|  0|14982|        6052|       13720|
    +-------------------------------+----------+----+---+-----+------------+------------+

    * Multiplexer: 
    +---------------+-----+-----------+-----+-----------+
    |      Name     | LUT | Input Size| Bits| Total Bits|
    +---------------+-----+-----------+-----+-----------+
    |ap_NS_fsm      |  468|         94|    1|         94|
    |grp_fu_691_p0  |   14|          3|   77|        231|
    |grp_fu_691_p1  |   59|         11|   40|        440|
    +---------------+-----+-----------+-----+-----------+
    |Total          |  541|        108|  118|        765|
    +---------------+-----+-----------+-----+-----------+

    * Register: 
    +---------------------------+-----+----+-----+-----------+
    |            Name           |  FF | LUT| Bits| Const Bits|
    +---------------------------+-----+----+-----+-----------+
    |add_ln104_8_reg_7054       |   59|   0|   59|          0|
    |add_ln250_reg_7136         |   33|   0|   33|          0|
    |add_ln253_reg_7156         |   40|   0|   77|         37|
    |add_ln263_2_reg_7217       |  117|   0|  117|          0|
    |add_ln263_5_reg_7177       |   50|   0|   95|         45|
    |and_ln263_10_reg_7277      |    1|   0|    1|          0|
    |and_ln263_13_reg_7287      |    1|   0|    1|          0|
    |and_ln263_14_reg_7293      |    1|   0|    1|          0|
    |and_ln263_16_reg_7319      |    1|   0|    1|          0|
    |and_ln263_19_reg_7329      |    1|   0|    1|          0|
    |and_ln263_20_reg_7335      |    1|   0|    1|          0|
    |and_ln263_22_reg_7361      |    1|   0|    1|          0|
    |and_ln263_25_reg_7371      |    1|   0|    1|          0|
    |and_ln263_26_reg_7377      |    1|   0|    1|          0|
    |and_ln263_28_reg_7403      |    1|   0|    1|          0|
    |and_ln263_31_reg_7413      |    1|   0|    1|          0|
    |and_ln263_32_reg_7419      |    1|   0|    1|          0|
    |and_ln263_34_reg_7445      |    1|   0|    1|          0|
    |and_ln263_37_reg_7455      |    1|   0|    1|          0|
    |and_ln263_38_reg_7461      |    1|   0|    1|          0|
    |and_ln263_40_reg_7487      |    1|   0|    1|          0|
    |and_ln263_43_reg_7497      |    1|   0|    1|          0|
    |and_ln263_44_reg_7503      |    1|   0|    1|          0|
    |and_ln263_46_reg_7529      |    1|   0|    1|          0|
    |and_ln263_49_reg_7539      |    1|   0|    1|          0|
    |and_ln263_50_reg_7545      |    1|   0|    1|          0|
    |and_ln263_52_reg_7571      |    1|   0|    1|          0|
    |and_ln263_55_reg_7581      |    1|   0|    1|          0|
    |and_ln263_56_reg_7587      |    1|   0|    1|          0|
    |and_ln263_58_reg_7613      |    1|   0|    1|          0|
    |and_ln263_61_reg_7623      |    1|   0|    1|          0|
    |and_ln263_62_reg_7629      |    1|   0|    1|          0|
    |and_ln269_3_reg_7659       |    1|   0|    1|          0|
    |ap_CS_fsm                  |   93|   0|   93|          0|
    |b0_10_reg_7314             |   40|   0|   40|          0|
    |b0_13_reg_7356             |   40|   0|   40|          0|
    |b0_16_reg_7398             |   40|   0|   40|          0|
    |b0_19_reg_7440             |   40|   0|   40|          0|
    |b0_22_reg_7482             |   40|   0|   40|          0|
    |b0_25_reg_7524             |   40|   0|   40|          0|
    |b0_28_reg_7566             |   40|   0|   40|          0|
    |b0_31_reg_7608             |   40|   0|   40|          0|
    |b0_33_reg_7201             |   40|   0|   40|          0|
    |b0_34_reg_7256             |   40|   0|   40|          0|
    |b0_35_reg_7298             |   40|   0|   40|          0|
    |b0_36_reg_7340             |   40|   0|   40|          0|
    |b0_37_reg_7382             |   40|   0|   40|          0|
    |b0_38_reg_7424             |   40|   0|   40|          0|
    |b0_39_reg_7466             |   40|   0|   40|          0|
    |b0_3_reg_7229              |   40|   0|   40|          0|
    |b0_40_reg_7508             |   40|   0|   40|          0|
    |b0_41_reg_7550             |   40|   0|   40|          0|
    |b0_42_reg_7592             |   40|   0|   40|          0|
    |b0_43_reg_7634             |   40|   0|   40|          0|
    |b0_7_reg_7272              |   40|   0|   40|          0|
    |b0_reg_7191                |   23|   0|   23|          0|
    |field_over_alpha_reg_7107  |   59|   0|   59|          0|
    |icmp_ln238_reg_7123        |    1|   0|    1|          0|
    |icmp_ln244_reg_7130        |    1|   0|    1|          0|
    |icmp_ln263_10_reg_7366     |    1|   0|    1|          0|
    |icmp_ln263_13_reg_7408     |    1|   0|    1|          0|
    |icmp_ln263_16_reg_7450     |    1|   0|    1|          0|
    |icmp_ln263_19_reg_7492     |    1|   0|    1|          0|
    |icmp_ln263_1_reg_7244      |    1|   0|    1|          0|
    |icmp_ln263_22_reg_7534     |    1|   0|    1|          0|
    |icmp_ln263_25_reg_7576     |    1|   0|    1|          0|
    |icmp_ln263_28_reg_7618     |    1|   0|    1|          0|
    |icmp_ln263_2_reg_7251      |    1|   0|    1|          0|
    |icmp_ln263_4_reg_7282      |    1|   0|    1|          0|
    |icmp_ln263_7_reg_7324      |    1|   0|    1|          0|
    |icmp_ln263_reg_7239        |    1|   0|    1|          0|
    |mul_ln204_10_reg_6941      |  118|   0|  118|          0|
    |mul_ln204_11_reg_6946      |  118|   0|  118|          0|
    |mul_ln204_12_reg_6951      |  118|   0|  118|          0|
    |mul_ln204_13_reg_6956      |  118|   0|  118|          0|
    |mul_ln204_14_reg_6961      |  118|   0|  118|          0|
    |mul_ln204_15_reg_6966      |  118|   0|  118|          0|
    |mul_ln204_16_reg_6971      |  118|   0|  118|          0|
    |mul_ln204_17_reg_6976      |  118|   0|  118|          0|
    |mul_ln204_18_reg_6981      |  118|   0|  118|          0|
    |mul_ln204_19_reg_6986      |  118|   0|  118|          0|
    |mul_ln204_20_reg_6991      |  118|   0|  118|          0|
    |mul_ln204_21_reg_6996      |  118|   0|  118|          0|
    |mul_ln204_22_reg_7001      |  118|   0|  118|          0|
    |mul_ln204_8_reg_6926       |  118|   0|  118|          0|
    |mul_ln204_9_reg_6931       |  118|   0|  118|          0|
    |mul_ln204_reg_6936         |  118|   0|  118|          0|
    |mul_ln269_reg_7649         |   80|   0|   80|          0|
    |or_ln269_1_reg_7664        |    1|   0|    1|          0|
    |p_1_reg_7654               |   40|   0|   40|          0|
    |reg_695                    |  117|   0|  117|          0|
    |select_ln104_11_reg_7095   |   59|   0|   59|          0|
    |select_ln104_13_reg_7101   |   59|   0|   59|          0|
    |select_ln104_3_reg_7071    |   59|   0|   59|          0|
    |select_ln104_5_reg_7077    |   59|   0|   59|          0|
    |select_ln104_7_reg_7083    |   59|   0|   59|          0|
    |select_ln104_9_reg_7089    |   59|   0|   59|          0|
    |select_ln204_14_reg_7018   |   59|   0|   59|          0|
    |select_ln204_19_reg_7024   |   59|   0|   59|          0|
    |select_ln204_24_reg_7030   |   59|   0|   59|          0|
    |select_ln204_29_reg_7036   |   59|   0|   59|          0|
    |select_ln204_34_reg_7042   |   59|   0|   59|          0|
    |select_ln204_39_reg_7048   |   59|   0|   59|          0|
    |select_ln204_4_reg_7006    |   59|   0|   59|          0|
    |select_ln204_9_reg_7012    |   59|   0|   59|          0|
    |selected_Jij_34_reg_6793   |   59|   0|   59|          0|
    |selected_Jij_35_reg_6803   |   59|   0|   59|          0|
    |selected_Jij_36_reg_6823   |   59|   0|   59|          0|
    |selected_Jij_37_reg_6833   |   59|   0|   59|          0|
    |selected_Jij_38_reg_6843   |   59|   0|   59|          0|
    |selected_Jij_39_reg_6853   |   59|   0|   59|          0|
    |selected_Jij_40_reg_6863   |   59|   0|   59|          0|
    |selected_Jij_reg_6813      |   59|   0|   59|          0|
    |selected_bit_reg_6873      |    1|   0|    1|          0|
    |sext_ln263_1_reg_7207      |   80|   0|  117|         37|
    |tmp_103_reg_7309           |    1|   0|    1|          0|
    |tmp_110_reg_7351           |    1|   0|    1|          0|
    |tmp_117_reg_7393           |    1|   0|    1|          0|
    |tmp_11_reg_6808            |    1|   0|    1|          0|
    |tmp_124_reg_7435           |    1|   0|    1|          0|
    |tmp_131_reg_7477           |    1|   0|    1|          0|
    |tmp_138_reg_7519           |    1|   0|    1|          0|
    |tmp_145_reg_7561           |    1|   0|    1|          0|
    |tmp_152_reg_7603           |    1|   0|    1|          0|
    |tmp_16_reg_6818            |    1|   0|    1|          0|
    |tmp_1_reg_6763             |    1|   0|    1|          0|
    |tmp_21_reg_6828            |    1|   0|    1|          0|
    |tmp_26_reg_6838            |    1|   0|    1|          0|
    |tmp_2_reg_6768             |    1|   0|    1|          0|
    |tmp_31_reg_6848            |    1|   0|    1|          0|
    |tmp_36_reg_6858            |    1|   0|    1|          0|
    |tmp_3_reg_6773             |    1|   0|    1|          0|
    |tmp_41_reg_6868            |    1|   0|    1|          0|
    |tmp_46_reg_7059            |    1|   0|    1|          0|
    |tmp_47_reg_7065            |    1|   0|    1|          0|
    |tmp_4_reg_6778             |    1|   0|    1|          0|
    |tmp_5_reg_6783             |    1|   0|    1|          0|
    |tmp_67_reg_7118            |    1|   0|    1|          0|
    |tmp_69_reg_7151            |    1|   0|    1|          0|
    |tmp_6_reg_6788             |    1|   0|    1|          0|
    |tmp_73_reg_7162            |    1|   0|    1|          0|
    |tmp_86_reg_7182            |    1|   0|    1|          0|
    |tmp_87_reg_7196            |    1|   0|    1|          0|
    |tmp_89_reg_7223            |    1|   0|    1|          0|
    |tmp_92_reg_7234            |    1|   0|    1|          0|
    |tmp_96_reg_7267            |    1|   0|    1|          0|
    |tmp_reg_6758               |    1|   0|    1|          0|
    |trunc_ln135_reg_6753       |    1|   0|    1|          0|
    |trunc_ln204_reg_6798       |    1|   0|    1|          0|
    |trunc_ln250_1_reg_7146     |   36|   0|   36|          0|
    |trunc_ln333_reg_7113       |   58|   0|   58|          0|
    |y_1_reg_7168               |   40|   0|   40|          0|
    +---------------------------+-----+----+-----+-----------+
    |Total                      | 5029|   0| 5148|        119|
    +---------------------------+-----+----+-----+-----------+



================================================================
== Interface
================================================================
* Summary: 
+-------------+-----+-----+--------------+---------------------------+--------------+
|  RTL Ports  | Dir | Bits|   Protocol   |       Source Object       |    C Type    |
+-------------+-----+-----+--------------+---------------------------+--------------+
|ap_clk       |   in|    1|  ap_ctrl_none|  local_spin_flip_operation|  return value|
|ap_rst       |   in|    1|  ap_ctrl_none|  local_spin_flip_operation|  return value|
|h_0          |   in|   59|       ap_none|                        h_0|       pointer|
|h_1          |   in|   59|       ap_none|                        h_1|       pointer|
|h_2          |   in|   59|       ap_none|                        h_2|       pointer|
|h_3          |   in|   59|       ap_none|                        h_3|       pointer|
|h_4          |   in|   59|       ap_none|                        h_4|       pointer|
|h_5          |   in|   59|       ap_none|                        h_5|       pointer|
|h_6          |   in|   59|       ap_none|                        h_6|       pointer|
|h_7          |   in|   59|       ap_none|                        h_7|       pointer|
|J_edges_0    |   in|   59|       ap_none|                  J_edges_0|       pointer|
|J_edges_1    |   in|   59|       ap_none|                  J_edges_1|       pointer|
|J_edges_2    |   in|   59|       ap_none|                  J_edges_2|       pointer|
|J_edges_3    |   in|   59|       ap_none|                  J_edges_3|       pointer|
|J_edges_4    |   in|   59|       ap_none|                  J_edges_4|       pointer|
|J_edges_5    |   in|   59|       ap_none|                  J_edges_5|       pointer|
|J_edges_6    |   in|   59|       ap_none|                  J_edges_6|       pointer|
|J_edges_7    |   in|   59|       ap_none|                  J_edges_7|       pointer|
|J_edges_8    |   in|   59|       ap_none|                  J_edges_8|       pointer|
|J_edges_9    |   in|   59|       ap_none|                  J_edges_9|       pointer|
|J_edges_10   |   in|   59|       ap_none|                 J_edges_10|       pointer|
|J_edges_11   |   in|   59|       ap_none|                 J_edges_11|       pointer|
|J_edges_12   |   in|   59|       ap_none|                 J_edges_12|       pointer|
|J_edges_13   |   in|   59|       ap_none|                 J_edges_13|       pointer|
|J_edges_14   |   in|   59|       ap_none|                 J_edges_14|       pointer|
|J_edges_15   |   in|   59|       ap_none|                 J_edges_15|       pointer|
|J_edges_16   |   in|   59|       ap_none|                 J_edges_16|       pointer|
|J_edges_17   |   in|   59|       ap_none|                 J_edges_17|       pointer|
|J_edges_18   |   in|   59|       ap_none|                 J_edges_18|       pointer|
|J_edges_19   |   in|   59|       ap_none|                 J_edges_19|       pointer|
|J_edges_20   |   in|   59|       ap_none|                 J_edges_20|       pointer|
|J_edges_21   |   in|   59|       ap_none|                 J_edges_21|       pointer|
|J_edges_22   |   in|   59|       ap_none|                 J_edges_22|       pointer|
|J_edges_23   |   in|   59|       ap_none|                 J_edges_23|       pointer|
|J_edges_24   |   in|   59|       ap_none|                 J_edges_24|       pointer|
|J_edges_25   |   in|   59|       ap_none|                 J_edges_25|       pointer|
|J_edges_26   |   in|   59|       ap_none|                 J_edges_26|       pointer|
|J_edges_27   |   in|   59|       ap_none|                 J_edges_27|       pointer|
|spins        |   in|    8|       ap_none|                      spins|        scalar|
|flip_mask    |   in|    8|       ap_none|                  flip_mask|        scalar|
|delta_x      |  out|   59|       ap_none|                    delta_x|       pointer|
|accept_prob  |  out|   32|       ap_none|                accept_prob|       pointer|
+-------------+-----+-----+--------------+---------------------------+--------------+

