================================================================
== Design Size Report
================================================================

* Total Instructions per Compilation Phase
+---------------+----------------------------+--------------+----------------------------------------------------------------------------------------+
| Phase         | Step                       | Instructions | Description                                                                            |
+---------------+----------------------------+--------------+----------------------------------------------------------------------------------------+
| Compile/Link  |                            | 13,255       | After all functions are compiled and linked into a single design                       |
|               |                            |              |                                                                                        |
| Unroll/Inline |                            |              | After user unroll and inline pragmas are applied                                       |
|               | (1) unroll                 | 33,655       | user unroll pragmas are applied                                                        |
|               | (2) simplification         |  7,792       | simplification of applied user unroll pragmas                                          |
|               | (3) inline                 |  7,712       | user inline pragmas are applied                                                        |
|               | (4) simplification         |  7,576       | simplification of applied user inline pragmas                                          |
|               |                            |              |                                                                                        |
| Array/Struct  |                            |              | After user array partition and struct aggregate/disaggregate pragmas are applied       |
|               | (1) array partition        |  4,044       | user array partition pragmas are applied                                               |
|               | (2) simplification         |  3,863       | simplification of applied user array partition & struct aggregate/disaggregate pragmas |
|               | (3) aggregate/disaggregate |  3,863       | user struct aggregate/disaggregate pragmas are applied                                 |
|               | (4) array reshape          |  3,863       | apply array reshape pragmas                                                            |
|               | (5) access patterns        |  3,863       | array access pattern optmizations                                                      |
|               |                            |              |                                                                                        |
| Performance   |                            |              | After transformations are applied to meet performance pragma targets                   |
|               | (1) loop simplification    |  3,863       | loop and instruction simplification                                                    |
|               | (2) parallelization        |  3,863       | loops are unrolled or pipelined to meet performance targets                            |
|               | (3) array partition        |  3,863       | arrays are partitioned to meet performance targets                                     |
|               | (4) simplification         |  3,863       | simplification of design after performance transformations                             |
|               |                            |              |                                                                                        |
| HW Transforms |                            |              | After hardware transfomations                                                          |
|               | (1) lowering               |  4,921       | initial conversion to HW specific instructions                                         |
|               | (2) optimizations          |  4,923       | high level synthesis optimizations                                                     |
+---------------+----------------------------+--------------+----------------------------------------------------------------------------------------+

* Instructions per Function for each Compilation Phase
+-----------------------------+------------------------+--------------+---------------+--------------+-------------+---------------+
| Function                    | Location               | Compile/Link | Unroll/Inline | Array/Struct | Performance | HW Transforms |
+-----------------------------+------------------------+--------------+---------------+--------------+-------------+---------------+
| + local_spin_flip_operation | local_move_hls.cpp:311 | 13,255       | 7,576         | 3,863        | 3,863       | 4,923         |
|  + local_delta_over_alpha   | local_move_hls.cpp:173 | 4,928        |               |              |             |               |
|     selected_field          | local_move_hls.cpp:127 |   345        |               |              |             |               |
|   + selected_coupling_for_j | local_move_hls.cpp:145 |   368        |               |              |             |               |
|      edge_index             | local_move_hls.cpp:66  |    18        |               |              |             |               |
|     spin_value              | local_move_hls.cpp:56  |   608        |               |              |             |               |
|   + tree_sum<33>            | local_move_hls.cpp:78  | 2,159        |               |              |             |               |
|    + tree_sum<17>           | local_move_hls.cpp:78  | 1,800        |               |              |             |               |
|     + tree_sum<9>           | local_move_hls.cpp:78  | 1,441        |               |              |             |               |
|      + tree_sum<5>          | local_move_hls.cpp:78  | 1,082        |               |              |             |               |
|       + tree_sum<3>         | local_move_hls.cpp:78  |   723        |               |              |             |               |
|        + tree_sum<2>        | local_move_hls.cpp:78  |   364        |               |              |             |               |
|           tree_sum<1>       | local_move_hls.cpp:78  |     5        |               |              |             |               |
|    positive_part            | local_move_hls.cpp:220 |   626        |               |              |             |               |
|    chebyshev_g              | local_move_hls.cpp:233 | 7,662        |               |              |             |               |
+-----------------------------+------------------------+--------------+---------------+--------------+-------------+---------------+

* Design Size Message Settings
+---------------------------------------------+--------+------------------------------------------------------------------+
| Message Setting                             | Value  | Description                                                      |
+---------------------------------------------+--------+------------------------------------------------------------------+
| config_compile -design_size_maximum_warning | 100000 | Show a warning when total design instructions exceeds this value |
+---------------------------------------------+--------+------------------------------------------------------------------+


