

================================================================
== Vitis HLS Report for 'local_metropolis_step'
================================================================
* Date:           Tue May 19 20:35:19 2026

* Version:        2025.2 (Build 6295257 on Nov 14 2025)
* Project:        hls_local_metropolis_step_N15
* Solution:       hls (Vivado IP Flow Target)
* Product family: virtexuplus
* Target device:  xcvu19p-fsva3824-2-e


================================================================
== Performance Estimates
================================================================
+ Timing: 
    * Summary: 
    +--------+---------+----------+------------+
    |  Clock |  Target | Estimated| Uncertainty|
    +--------+---------+----------+------------+
    |ap_clk  |  3.33 ns|  2.388 ns|     0.90 ns|
    +--------+---------+----------+------------+

+ Latency: 
    * Summary: 
    +---------+---------+-----------+-----------+-----+-----+---------+
    |  Latency (cycles) |   Latency (absolute)  |  Interval | Pipeline|
    |   min   |   max   |    min    |    max    | min | max |   Type  |
    +---------+---------+-----------+-----------+-----+-----+---------+
    |       15|       24|  49.995 ns|  79.992 ns|   16|   25|       no|
    +---------+---------+-----------+-----------+-----+-----+---------+

    + Detail: 
        * Instance: 
        N/A

        * Loop: 
        N/A



================================================================
== Utilization Estimates
================================================================
* Summary: 
+---------------------+---------+------+---------+---------+-----+
|         Name        | BRAM_18K|  DSP |    FF   |   LUT   | URAM|
+---------------------+---------+------+---------+---------+-----+
|DSP                  |        -|     -|        -|        -|    -|
|Expression           |        -|     -|        0|     3938|    -|
|FIFO                 |        -|     -|        -|        -|    -|
|Instance             |        -|    13|      739|     1364|    -|
|Memory               |        0|     -|        0|        0|    -|
|Multiplexer          |        -|     -|        0|      157|    -|
|Register             |        -|     -|     1756|        -|    -|
+---------------------+---------+------+---------+---------+-----+
|Total                |        0|    13|     2495|     5459|    0|
+---------------------+---------+------+---------+---------+-----+
|Available SLR        |     1080|   960|  2042880|  1021440|   80|
+---------------------+---------+------+---------+---------+-----+
|Utilization SLR (%)  |        0|     1|       ~0|       ~0|    0|
+---------------------+---------+------+---------+---------+-----+
|Available            |     4320|  3840|  8171520|  4085760|  320|
+---------------------+---------+------+---------+---------+-----+
|Utilization (%)      |        0|    ~0|       ~0|       ~0|    0|
+---------------------+---------+------+---------+---------+-----+

+ Detail: 
    * Instance: 
    +---------------------------+-----------------------+---------+----+-----+----+-----+
    |          Instance         |         Module        | BRAM_18K| DSP|  FF | LUT| URAM|
    +---------------------------+-----------------------+---------+----+-----+----+-----+
    |mul_26s_36s_60_2_1_U1      |mul_26s_36s_60_2_1     |        0|   2|  202|  84|    0|
    |mul_40ns_40s_64_2_1_U2     |mul_40ns_40s_64_2_1    |        0|   5|  197|  80|    0|
    |mul_40s_50s_88_5_1_U3      |mul_40s_50s_88_5_1     |        0|   6|  340|  86|    0|
    |sparsemux_29_4_40_1_1_U4   |sparsemux_29_4_40_1_1  |        0|   0|    0|  65|    0|
    |sparsemux_29_4_40_1_1_U6   |sparsemux_29_4_40_1_1  |        0|   0|    0|  65|    0|
    |sparsemux_29_4_40_1_1_U7   |sparsemux_29_4_40_1_1  |        0|   0|    0|  65|    0|
    |sparsemux_29_4_40_1_1_U8   |sparsemux_29_4_40_1_1  |        0|   0|    0|  65|    0|
    |sparsemux_29_4_40_1_1_U9   |sparsemux_29_4_40_1_1  |        0|   0|    0|  65|    0|
    |sparsemux_29_4_40_1_1_U10  |sparsemux_29_4_40_1_1  |        0|   0|    0|  65|    0|
    |sparsemux_29_4_40_1_1_U11  |sparsemux_29_4_40_1_1  |        0|   0|    0|  65|    0|
    |sparsemux_29_4_40_1_1_U12  |sparsemux_29_4_40_1_1  |        0|   0|    0|  65|    0|
    |sparsemux_29_4_40_1_1_U13  |sparsemux_29_4_40_1_1  |        0|   0|    0|  65|    0|
    |sparsemux_29_4_40_1_1_U14  |sparsemux_29_4_40_1_1  |        0|   0|    0|  65|    0|
    |sparsemux_29_4_40_1_1_U15  |sparsemux_29_4_40_1_1  |        0|   0|    0|  65|    0|
    |sparsemux_29_4_40_1_1_U17  |sparsemux_29_4_40_1_1  |        0|   0|    0|  65|    0|
    |sparsemux_29_4_40_1_1_U18  |sparsemux_29_4_40_1_1  |        0|   0|    0|  65|    0|
    |sparsemux_29_4_40_1_1_U19  |sparsemux_29_4_40_1_1  |        0|   0|    0|  65|    0|
    |sparsemux_29_4_40_1_1_U20  |sparsemux_29_4_40_1_1  |        0|   0|    0|  65|    0|
    |sparsemux_31_4_1_1_1_U16   |sparsemux_31_4_1_1_1   |        0|   0|    0|  65|    0|
    |sparsemux_31_4_40_1_1_U5   |sparsemux_31_4_40_1_1  |        0|   0|    0|  65|    0|
    |sparsemux_7_2_40_1_1_U21   |sparsemux_7_2_40_1_1   |        0|   0|    0|   9|    0|
    +---------------------------+-----------------------+---------+----+-----+----+-----+
    |Total                      |                       |        0|  13|  739|1364|    0|
    +---------------------------+-----------------------+---------+----+-----+----+-----+

    * DSP: 
    N/A

    * Memory: 
    +---------------+-------------------------+---------+---+----+-----+------+-----+------+-------------+
    |     Memory    |          Module         | BRAM_18K| FF| LUT| URAM| Words| Bits| Banks| W*Bits*Banks|
    +---------------+-------------------------+---------+---+----+-----+------+-----+------+-------------+
    |EXP_NEG_LUT_U  |EXP_NEG_LUT_ROM_AUTO_1R  |        0|  0|   0|    0|  1025|   40|     1|        41000|
    +---------------+-------------------------+---------+---+----+-----+------+-----+------+-------------+
    |Total          |                         |        0|  0|   0|    0|  1025|   40|     1|        41000|
    +---------------+-------------------------+---------+---+----+-----+------+-----+------+-------------+

    * FIFO: 
    N/A

    * Expression: 
    +--------------------------+----------+----+---+-----+------------+------------+
    |       Variable Name      | Operation| DSP| FF| LUT | Bitwidth P0| Bitwidth P1|
    +--------------------------+----------+----+---+-----+------------+------------+
    |add_ln240_fu_4140_p2      |         +|   0|  0|   47|          40|          40|
    |add_ln87_fu_3952_p2       |         +|   0|  0|   18|          11|           1|
    |add_ln89_fu_4024_p2       |         +|   0|  0|   68|          61|          61|
    |field_11_fu_2992_p2       |         +|   0|  0|   47|          40|          40|
    |field_13_fu_3015_p2       |         +|   0|  0|   47|          40|          40|
    |field_15_fu_3166_p2       |         +|   0|  0|   47|          40|          40|
    |field_17_fu_3189_p2       |         +|   0|  0|   47|          40|          40|
    |field_19_fu_3399_p2       |         +|   0|  0|   47|          40|          40|
    |field_1_fu_2493_p2        |         +|   0|  0|   47|          40|          40|
    |field_21_fu_3421_p2       |         +|   0|  0|   47|          40|          40|
    |field_23_fu_3571_p2       |         +|   0|  0|   47|          40|          40|
    |field_25_fu_3593_p2       |         +|   0|  0|   47|          40|          40|
    |field_27_fu_3743_p2       |         +|   0|  0|   47|          40|          40|
    |field_29_fu_3765_p2       |         +|   0|  0|   47|          40|          40|
    |field_3_fu_2644_p2        |         +|   0|  0|   47|          40|          40|
    |field_5_fu_2667_p2        |         +|   0|  0|   47|          40|          40|
    |field_7_fu_2818_p2        |         +|   0|  0|   47|          40|          40|
    |field_9_fu_2841_p2        |         +|   0|  0|   47|          40|          40|
    |sub_ln42_10_fu_3410_p2    |         -|   0|  0|   47|           1|          40|
    |sub_ln42_11_fu_3497_p2    |         -|   0|  0|   47|           1|          40|
    |sub_ln42_12_fu_3582_p2    |         -|   0|  0|   47|           1|          40|
    |sub_ln42_13_fu_3669_p2    |         -|   0|  0|   47|           1|          40|
    |sub_ln42_14_fu_3754_p2    |         -|   0|  0|   47|           1|          40|
    |sub_ln42_1_fu_2569_p2     |         -|   0|  0|   47|           1|          40|
    |sub_ln42_2_fu_2655_p2     |         -|   0|  0|   47|           1|          40|
    |sub_ln42_3_fu_2743_p2     |         -|   0|  0|   47|           1|          40|
    |sub_ln42_4_fu_2829_p2     |         -|   0|  0|   47|           1|          40|
    |sub_ln42_5_fu_2917_p2     |         -|   0|  0|   47|           1|          40|
    |sub_ln42_6_fu_3003_p2     |         -|   0|  0|   47|           1|          40|
    |sub_ln42_7_fu_3091_p2     |         -|   0|  0|   47|           1|          40|
    |sub_ln42_8_fu_3177_p2     |         -|   0|  0|   47|           1|          40|
    |sub_ln42_9_fu_3265_p2     |         -|   0|  0|   47|           1|          40|
    |sub_ln42_fu_2481_p2       |         -|   0|  0|   47|           1|          40|
    |sub_ln75_1_fu_3889_p2     |         -|   0|  0|   66|           1|          59|
    |sub_ln75_fu_3868_p2       |         -|   0|  0|  107|           1|          88|
    |sub_ln84_fu_3942_p2       |         -|   0|  0|   34|          27|          27|
    |sub_ln89_fu_3988_p2       |         -|   0|  0|   33|          26|          26|
    |and_ln91_1_fu_4096_p2     |       and|   0|  0|    2|           1|           1|
    |and_ln91_fu_4091_p2       |       and|   0|  0|    2|           1|           1|
    |icmp_ln116_fu_3804_p2     |      icmp|   0|  0|   47|          40|           1|
    |icmp_ln123_fu_4128_p2     |      icmp|   0|  0|   47|          40|          40|
    |icmp_ln147_10_fu_2384_p2  |      icmp|   0|  0|   39|          32|           4|
    |icmp_ln147_11_fu_2390_p2  |      icmp|   0|  0|   39|          32|           4|
    |icmp_ln147_12_fu_2396_p2  |      icmp|   0|  0|   39|          32|           4|
    |icmp_ln147_13_fu_2402_p2  |      icmp|   0|  0|   39|          32|           4|
    |icmp_ln147_14_fu_2408_p2  |      icmp|   0|  0|   39|          32|           4|
    |icmp_ln147_1_fu_2330_p2   |      icmp|   0|  0|   39|          32|           1|
    |icmp_ln147_2_fu_2336_p2   |      icmp|   0|  0|   39|          32|           2|
    |icmp_ln147_3_fu_2342_p2   |      icmp|   0|  0|   39|          32|           2|
    |icmp_ln147_4_fu_2348_p2   |      icmp|   0|  0|   39|          32|           3|
    |icmp_ln147_5_fu_2354_p2   |      icmp|   0|  0|   39|          32|           3|
    |icmp_ln147_6_fu_2360_p2   |      icmp|   0|  0|   39|          32|           3|
    |icmp_ln147_7_fu_2366_p2   |      icmp|   0|  0|   39|          32|           3|
    |icmp_ln147_8_fu_2372_p2   |      icmp|   0|  0|   39|          32|           4|
    |icmp_ln147_9_fu_2378_p2   |      icmp|   0|  0|   39|          32|           4|
    |icmp_ln147_fu_2260_p2     |      icmp|   0|  0|   39|          32|           1|
    |icmp_ln59_fu_3856_p2      |      icmp|   0|  0|   47|          40|           1|
    |icmp_ln63_fu_3884_p2      |      icmp|   0|  0|   18|          11|           1|
    |icmp_ln91_fu_4056_p2      |      icmp|   0|  0|   44|          37|           1|
    |icmp_ln95_fu_4050_p2      |      icmp|   0|  0|   20|          13|           1|
    |field_10_fu_2847_p3       |    select|   0|  0|   40|           1|          40|
    |field_12_fu_2997_p3       |    select|   0|  0|   40|           1|          40|
    |field_14_fu_3021_p3       |    select|   0|  0|   40|           1|          40|
    |field_16_fu_3171_p3       |    select|   0|  0|   40|           1|          40|
    |field_18_fu_3195_p3       |    select|   0|  0|   40|           1|          40|
    |field_20_fu_3404_p3       |    select|   0|  0|   40|           1|          40|
    |field_22_fu_3427_p3       |    select|   0|  0|   40|           1|          40|
    |field_24_fu_3576_p3       |    select|   0|  0|   40|           1|          40|
    |field_26_fu_3599_p3       |    select|   0|  0|   40|           1|          40|
    |field_28_fu_3748_p3       |    select|   0|  0|   40|           1|          40|
    |field_2_fu_2499_p3        |    select|   0|  0|   40|           1|          40|
    |field_30_fu_3771_p3       |    select|   0|  0|   40|           1|          40|
    |field_4_fu_2649_p3        |    select|   0|  0|   40|           1|          40|
    |field_6_fu_2673_p3        |    select|   0|  0|   40|           1|          40|
    |field_8_fu_2823_p3        |    select|   0|  0|   40|           1|          40|
    |out_fu_3797_p3            |    select|   0|  0|   40|           1|          40|
    |p_fu_4108_p4              |    select|   0|  0|   41|           1|          41|
    |select_ln75_fu_3901_p3    |    select|   0|  0|   58|           1|          59|
    |term_10_fu_3415_p3        |    select|   0|  0|   40|           1|          40|
    |term_11_fu_3566_p3        |    select|   0|  0|   40|           1|          40|
    |term_12_fu_3587_p3        |    select|   0|  0|   40|           1|          40|
    |term_13_fu_3738_p3        |    select|   0|  0|   40|           1|          40|
    |term_14_fu_3759_p3        |    select|   0|  0|   40|           1|          40|
    |term_1_fu_2638_p3         |    select|   0|  0|   40|           1|          40|
    |term_2_fu_2660_p3         |    select|   0|  0|   40|           1|          40|
    |term_3_fu_2812_p3         |    select|   0|  0|   40|           1|          40|
    |term_4_fu_2834_p3         |    select|   0|  0|   40|           1|          40|
    |term_5_fu_2986_p3         |    select|   0|  0|   40|           1|          40|
    |term_6_fu_3008_p3         |    select|   0|  0|   40|           1|          40|
    |term_7_fu_3160_p3         |    select|   0|  0|   40|           1|          40|
    |term_8_fu_3182_p3         |    select|   0|  0|   40|           1|          40|
    |term_9_fu_3394_p3         |    select|   0|  0|   40|           1|          40|
    |term_fu_2486_p3           |    select|   0|  0|   40|           1|          40|
    |xor_ln123_fu_4133_p2      |       xor|   0|  0|    2|           1|           2|
    |xor_ln59_fu_4086_p2       |       xor|   0|  0|    2|           1|           2|
    +--------------------------+----------+----+---+-----+------------+------------+
    |Total                     |          |   0|  0| 3938|        1480|        2939|
    +--------------------------+----------+----+---+-----+------------+------------+

    * Multiplexer: 
    +---------------------------------+-----+-----------+-----+-----------+
    |               Name              | LUT | Input Size| Bits| Total Bits|
    +---------------------------------+-----+-----------+-----+-----------+
    |accepted                         |   14|          3|    1|          3|
    |ap_NS_fsm                        |  129|         26|    1|         26|
    |ap_phi_mux_empty_phi_fu_2236_p4  |   14|          3|   40|        120|
    +---------------------------------+-----+-----------+-----+-----------+
    |Total                            |  157|         32|   42|        149|
    +---------------------------------+-----+-----------+-----+-----------+

    * Register: 
    +--------------------------+----+----+-----+-----------+
    |           Name           | FF | LUT| Bits| Const Bits|
    +--------------------------+----+----+-----+-----------+
    |a_10_reg_4415             |  40|   0|   40|          0|
    |a_11_reg_4432             |  40|   0|   40|          0|
    |a_12_reg_4442             |  40|   0|   40|          0|
    |a_13_reg_4454             |  40|   0|   40|          0|
    |a_14_reg_4464             |  40|   0|   40|          0|
    |a_1_reg_4257              |  40|   0|   40|          0|
    |a_2_reg_4267              |  40|   0|   40|          0|
    |a_3_reg_4289              |  40|   0|   40|          0|
    |a_4_reg_4299              |  40|   0|   40|          0|
    |a_5_reg_4321              |  40|   0|   40|          0|
    |a_6_reg_4331              |  40|   0|   40|          0|
    |a_7_reg_4353              |  40|   0|   40|          0|
    |a_8_reg_4363              |  40|   0|   40|          0|
    |a_9_reg_4405              |  40|   0|   40|          0|
    |a_reg_4170                |  40|   0|   40|          0|
    |add_ln89_reg_4609         |  61|   0|   61|          0|
    |ap_CS_fsm                 |  25|   0|   25|          0|
    |b_reg_4421                |   1|   0|    1|          0|
    |field_10_reg_4315         |  40|   0|   40|          0|
    |field_14_reg_4347         |  40|   0|   40|          0|
    |field_18_reg_4399         |  40|   0|   40|          0|
    |field_22_reg_4426         |  40|   0|   40|          0|
    |field_26_reg_4448         |  40|   0|   40|          0|
    |field_2_reg_4251          |  40|   0|   40|          0|
    |field_30_reg_4470         |  40|   0|   40|          0|
    |field_6_reg_4283          |  40|   0|   40|          0|
    |icmp_ln116_reg_4500       |   1|   0|    1|          0|
    |icmp_ln147_10_reg_4221    |   1|   0|    1|          0|
    |icmp_ln147_11_reg_4226    |   1|   0|    1|          0|
    |icmp_ln147_12_reg_4231    |   1|   0|    1|          0|
    |icmp_ln147_13_reg_4236    |   1|   0|    1|          0|
    |icmp_ln147_14_reg_4241    |   1|   0|    1|          0|
    |icmp_ln147_1_reg_4176     |   1|   0|    1|          0|
    |icmp_ln147_2_reg_4181     |   1|   0|    1|          0|
    |icmp_ln147_3_reg_4186     |   1|   0|    1|          0|
    |icmp_ln147_4_reg_4191     |   1|   0|    1|          0|
    |icmp_ln147_5_reg_4196     |   1|   0|    1|          0|
    |icmp_ln147_6_reg_4201     |   1|   0|    1|          0|
    |icmp_ln147_7_reg_4206     |   1|   0|    1|          0|
    |icmp_ln147_8_reg_4211     |   1|   0|    1|          0|
    |icmp_ln147_9_reg_4216     |   1|   0|    1|          0|
    |icmp_ln147_reg_4165       |   1|   0|    1|          0|
    |icmp_ln59_reg_4535        |   1|   0|    1|          0|
    |icmp_ln63_reg_4546        |   1|   0|    1|          0|
    |icmp_ln91_reg_4619        |   1|   0|    1|          0|
    |icmp_ln95_reg_4614        |   1|   0|    1|          0|
    |idx_reg_4551              |  11|   0|   11|          0|
    |mul_ln89_reg_4604         |  60|   0|   60|          0|
    |old_energy_read_reg_4494  |  40|   0|   40|          0|
    |out_reg_4481              |  40|   0|   40|          0|
    |spin_bit_10_reg_4374      |   1|   0|    1|          0|
    |spin_bit_11_reg_4379      |   1|   0|    1|          0|
    |spin_bit_12_reg_4384      |   1|   0|    1|          0|
    |spin_bit_13_reg_4389      |   1|   0|    1|          0|
    |spin_bit_14_reg_4394      |   1|   0|    1|          0|
    |spin_bit_1_reg_4273       |   1|   0|    1|          0|
    |spin_bit_2_reg_4278       |   1|   0|    1|          0|
    |spin_bit_3_reg_4305       |   1|   0|    1|          0|
    |spin_bit_4_reg_4310       |   1|   0|    1|          0|
    |spin_bit_5_reg_4337       |   1|   0|    1|          0|
    |spin_bit_6_reg_4342       |   1|   0|    1|          0|
    |spin_bit_9_reg_4369       |   1|   0|    1|          0|
    |spin_bit_reg_4246         |   1|   0|    1|          0|
    |sub_ln42_11_reg_4437      |  40|   0|   40|          0|
    |sub_ln42_13_reg_4459      |  40|   0|   40|          0|
    |sub_ln42_1_reg_4262       |  40|   0|   40|          0|
    |sub_ln42_3_reg_4294       |  40|   0|   40|          0|
    |sub_ln42_5_reg_4326       |  40|   0|   40|          0|
    |sub_ln42_7_reg_4358       |  40|   0|   40|          0|
    |sub_ln42_9_reg_4410       |  40|   0|   40|          0|
    |sub_ln84_reg_4563         |  27|   0|   27|          0|
    |sub_ln89_reg_4589         |  26|   0|   26|          0|
    |tmp_3_reg_4519            |  30|   0|   30|          0|
    |tmp_4_reg_4530            |  11|   0|   11|          0|
    |tmp_6_reg_4558            |  26|   0|   26|          0|
    |tmp_7_reg_4578            |  25|   0|   25|          0|
    |tmp_8_reg_4584            |  25|   0|   25|          0|
    |tmp_reg_4525              |   1|   0|    1|          0|
    |trunc_ln217_reg_4145      |   4|   0|    4|          0|
    |trunc_ln75_1_reg_4541     |  30|   0|   59|         29|
    |u_read_reg_4489           |  40|   0|   40|          0|
    |x_reg_4514                |  40|   0|   40|          0|
    +--------------------------+----+----+-----+-----------+
    |Total                     |1756|   0| 1785|         29|
    +--------------------------+----+----+-----+-----------+



================================================================
== Interface
================================================================
* Summary: 
+---------------------+-----+-----+------------+-----------------------+--------------+
|      RTL Ports      | Dir | Bits|  Protocol  |     Source Object     |    C Type    |
+---------------------+-----+-----+------------+-----------------------+--------------+
|ap_clk               |   in|    1|  ap_ctrl_hs|  local_metropolis_step|  return value|
|ap_rst               |   in|    1|  ap_ctrl_hs|  local_metropolis_step|  return value|
|ap_start             |   in|    1|  ap_ctrl_hs|  local_metropolis_step|  return value|
|ap_done              |  out|    1|  ap_ctrl_hs|  local_metropolis_step|  return value|
|ap_idle              |  out|    1|  ap_ctrl_hs|  local_metropolis_step|  return value|
|ap_ready             |  out|    1|  ap_ctrl_hs|  local_metropolis_step|  return value|
|J_0_0                |   in|   40|     ap_none|                  J_0_0|       pointer|
|J_0_1                |   in|   40|     ap_none|                  J_0_1|       pointer|
|J_0_2                |   in|   40|     ap_none|                  J_0_2|       pointer|
|J_0_3                |   in|   40|     ap_none|                  J_0_3|       pointer|
|J_0_4                |   in|   40|     ap_none|                  J_0_4|       pointer|
|J_0_5                |   in|   40|     ap_none|                  J_0_5|       pointer|
|J_0_6                |   in|   40|     ap_none|                  J_0_6|       pointer|
|J_0_7                |   in|   40|     ap_none|                  J_0_7|       pointer|
|J_0_8                |   in|   40|     ap_none|                  J_0_8|       pointer|
|J_0_9                |   in|   40|     ap_none|                  J_0_9|       pointer|
|J_0_10               |   in|   40|     ap_none|                 J_0_10|       pointer|
|J_0_11               |   in|   40|     ap_none|                 J_0_11|       pointer|
|J_0_12               |   in|   40|     ap_none|                 J_0_12|       pointer|
|J_0_13               |   in|   40|     ap_none|                 J_0_13|       pointer|
|J_0_14               |   in|   40|     ap_none|                 J_0_14|       pointer|
|J_1_0                |   in|   40|     ap_none|                  J_1_0|       pointer|
|J_1_1                |   in|   40|     ap_none|                  J_1_1|       pointer|
|J_1_2                |   in|   40|     ap_none|                  J_1_2|       pointer|
|J_1_3                |   in|   40|     ap_none|                  J_1_3|       pointer|
|J_1_4                |   in|   40|     ap_none|                  J_1_4|       pointer|
|J_1_5                |   in|   40|     ap_none|                  J_1_5|       pointer|
|J_1_6                |   in|   40|     ap_none|                  J_1_6|       pointer|
|J_1_7                |   in|   40|     ap_none|                  J_1_7|       pointer|
|J_1_8                |   in|   40|     ap_none|                  J_1_8|       pointer|
|J_1_9                |   in|   40|     ap_none|                  J_1_9|       pointer|
|J_1_10               |   in|   40|     ap_none|                 J_1_10|       pointer|
|J_1_11               |   in|   40|     ap_none|                 J_1_11|       pointer|
|J_1_12               |   in|   40|     ap_none|                 J_1_12|       pointer|
|J_1_13               |   in|   40|     ap_none|                 J_1_13|       pointer|
|J_1_14               |   in|   40|     ap_none|                 J_1_14|       pointer|
|J_2_0                |   in|   40|     ap_none|                  J_2_0|       pointer|
|J_2_1                |   in|   40|     ap_none|                  J_2_1|       pointer|
|J_2_2                |   in|   40|     ap_none|                  J_2_2|       pointer|
|J_2_3                |   in|   40|     ap_none|                  J_2_3|       pointer|
|J_2_4                |   in|   40|     ap_none|                  J_2_4|       pointer|
|J_2_5                |   in|   40|     ap_none|                  J_2_5|       pointer|
|J_2_6                |   in|   40|     ap_none|                  J_2_6|       pointer|
|J_2_7                |   in|   40|     ap_none|                  J_2_7|       pointer|
|J_2_8                |   in|   40|     ap_none|                  J_2_8|       pointer|
|J_2_9                |   in|   40|     ap_none|                  J_2_9|       pointer|
|J_2_10               |   in|   40|     ap_none|                 J_2_10|       pointer|
|J_2_11               |   in|   40|     ap_none|                 J_2_11|       pointer|
|J_2_12               |   in|   40|     ap_none|                 J_2_12|       pointer|
|J_2_13               |   in|   40|     ap_none|                 J_2_13|       pointer|
|J_2_14               |   in|   40|     ap_none|                 J_2_14|       pointer|
|J_3_0                |   in|   40|     ap_none|                  J_3_0|       pointer|
|J_3_1                |   in|   40|     ap_none|                  J_3_1|       pointer|
|J_3_2                |   in|   40|     ap_none|                  J_3_2|       pointer|
|J_3_3                |   in|   40|     ap_none|                  J_3_3|       pointer|
|J_3_4                |   in|   40|     ap_none|                  J_3_4|       pointer|
|J_3_5                |   in|   40|     ap_none|                  J_3_5|       pointer|
|J_3_6                |   in|   40|     ap_none|                  J_3_6|       pointer|
|J_3_7                |   in|   40|     ap_none|                  J_3_7|       pointer|
|J_3_8                |   in|   40|     ap_none|                  J_3_8|       pointer|
|J_3_9                |   in|   40|     ap_none|                  J_3_9|       pointer|
|J_3_10               |   in|   40|     ap_none|                 J_3_10|       pointer|
|J_3_11               |   in|   40|     ap_none|                 J_3_11|       pointer|
|J_3_12               |   in|   40|     ap_none|                 J_3_12|       pointer|
|J_3_13               |   in|   40|     ap_none|                 J_3_13|       pointer|
|J_3_14               |   in|   40|     ap_none|                 J_3_14|       pointer|
|J_4_0                |   in|   40|     ap_none|                  J_4_0|       pointer|
|J_4_1                |   in|   40|     ap_none|                  J_4_1|       pointer|
|J_4_2                |   in|   40|     ap_none|                  J_4_2|       pointer|
|J_4_3                |   in|   40|     ap_none|                  J_4_3|       pointer|
|J_4_4                |   in|   40|     ap_none|                  J_4_4|       pointer|
|J_4_5                |   in|   40|     ap_none|                  J_4_5|       pointer|
|J_4_6                |   in|   40|     ap_none|                  J_4_6|       pointer|
|J_4_7                |   in|   40|     ap_none|                  J_4_7|       pointer|
|J_4_8                |   in|   40|     ap_none|                  J_4_8|       pointer|
|J_4_9                |   in|   40|     ap_none|                  J_4_9|       pointer|
|J_4_10               |   in|   40|     ap_none|                 J_4_10|       pointer|
|J_4_11               |   in|   40|     ap_none|                 J_4_11|       pointer|
|J_4_12               |   in|   40|     ap_none|                 J_4_12|       pointer|
|J_4_13               |   in|   40|     ap_none|                 J_4_13|       pointer|
|J_4_14               |   in|   40|     ap_none|                 J_4_14|       pointer|
|J_5_0                |   in|   40|     ap_none|                  J_5_0|       pointer|
|J_5_1                |   in|   40|     ap_none|                  J_5_1|       pointer|
|J_5_2                |   in|   40|     ap_none|                  J_5_2|       pointer|
|J_5_3                |   in|   40|     ap_none|                  J_5_3|       pointer|
|J_5_4                |   in|   40|     ap_none|                  J_5_4|       pointer|
|J_5_5                |   in|   40|     ap_none|                  J_5_5|       pointer|
|J_5_6                |   in|   40|     ap_none|                  J_5_6|       pointer|
|J_5_7                |   in|   40|     ap_none|                  J_5_7|       pointer|
|J_5_8                |   in|   40|     ap_none|                  J_5_8|       pointer|
|J_5_9                |   in|   40|     ap_none|                  J_5_9|       pointer|
|J_5_10               |   in|   40|     ap_none|                 J_5_10|       pointer|
|J_5_11               |   in|   40|     ap_none|                 J_5_11|       pointer|
|J_5_12               |   in|   40|     ap_none|                 J_5_12|       pointer|
|J_5_13               |   in|   40|     ap_none|                 J_5_13|       pointer|
|J_5_14               |   in|   40|     ap_none|                 J_5_14|       pointer|
|J_6_0                |   in|   40|     ap_none|                  J_6_0|       pointer|
|J_6_1                |   in|   40|     ap_none|                  J_6_1|       pointer|
|J_6_2                |   in|   40|     ap_none|                  J_6_2|       pointer|
|J_6_3                |   in|   40|     ap_none|                  J_6_3|       pointer|
|J_6_4                |   in|   40|     ap_none|                  J_6_4|       pointer|
|J_6_5                |   in|   40|     ap_none|                  J_6_5|       pointer|
|J_6_6                |   in|   40|     ap_none|                  J_6_6|       pointer|
|J_6_7                |   in|   40|     ap_none|                  J_6_7|       pointer|
|J_6_8                |   in|   40|     ap_none|                  J_6_8|       pointer|
|J_6_9                |   in|   40|     ap_none|                  J_6_9|       pointer|
|J_6_10               |   in|   40|     ap_none|                 J_6_10|       pointer|
|J_6_11               |   in|   40|     ap_none|                 J_6_11|       pointer|
|J_6_12               |   in|   40|     ap_none|                 J_6_12|       pointer|
|J_6_13               |   in|   40|     ap_none|                 J_6_13|       pointer|
|J_6_14               |   in|   40|     ap_none|                 J_6_14|       pointer|
|J_7_0                |   in|   40|     ap_none|                  J_7_0|       pointer|
|J_7_1                |   in|   40|     ap_none|                  J_7_1|       pointer|
|J_7_2                |   in|   40|     ap_none|                  J_7_2|       pointer|
|J_7_3                |   in|   40|     ap_none|                  J_7_3|       pointer|
|J_7_4                |   in|   40|     ap_none|                  J_7_4|       pointer|
|J_7_5                |   in|   40|     ap_none|                  J_7_5|       pointer|
|J_7_6                |   in|   40|     ap_none|                  J_7_6|       pointer|
|J_7_7                |   in|   40|     ap_none|                  J_7_7|       pointer|
|J_7_8                |   in|   40|     ap_none|                  J_7_8|       pointer|
|J_7_9                |   in|   40|     ap_none|                  J_7_9|       pointer|
|J_7_10               |   in|   40|     ap_none|                 J_7_10|       pointer|
|J_7_11               |   in|   40|     ap_none|                 J_7_11|       pointer|
|J_7_12               |   in|   40|     ap_none|                 J_7_12|       pointer|
|J_7_13               |   in|   40|     ap_none|                 J_7_13|       pointer|
|J_7_14               |   in|   40|     ap_none|                 J_7_14|       pointer|
|J_8_0                |   in|   40|     ap_none|                  J_8_0|       pointer|
|J_8_1                |   in|   40|     ap_none|                  J_8_1|       pointer|
|J_8_2                |   in|   40|     ap_none|                  J_8_2|       pointer|
|J_8_3                |   in|   40|     ap_none|                  J_8_3|       pointer|
|J_8_4                |   in|   40|     ap_none|                  J_8_4|       pointer|
|J_8_5                |   in|   40|     ap_none|                  J_8_5|       pointer|
|J_8_6                |   in|   40|     ap_none|                  J_8_6|       pointer|
|J_8_7                |   in|   40|     ap_none|                  J_8_7|       pointer|
|J_8_8                |   in|   40|     ap_none|                  J_8_8|       pointer|
|J_8_9                |   in|   40|     ap_none|                  J_8_9|       pointer|
|J_8_10               |   in|   40|     ap_none|                 J_8_10|       pointer|
|J_8_11               |   in|   40|     ap_none|                 J_8_11|       pointer|
|J_8_12               |   in|   40|     ap_none|                 J_8_12|       pointer|
|J_8_13               |   in|   40|     ap_none|                 J_8_13|       pointer|
|J_8_14               |   in|   40|     ap_none|                 J_8_14|       pointer|
|J_9_0                |   in|   40|     ap_none|                  J_9_0|       pointer|
|J_9_1                |   in|   40|     ap_none|                  J_9_1|       pointer|
|J_9_2                |   in|   40|     ap_none|                  J_9_2|       pointer|
|J_9_3                |   in|   40|     ap_none|                  J_9_3|       pointer|
|J_9_4                |   in|   40|     ap_none|                  J_9_4|       pointer|
|J_9_5                |   in|   40|     ap_none|                  J_9_5|       pointer|
|J_9_6                |   in|   40|     ap_none|                  J_9_6|       pointer|
|J_9_7                |   in|   40|     ap_none|                  J_9_7|       pointer|
|J_9_8                |   in|   40|     ap_none|                  J_9_8|       pointer|
|J_9_9                |   in|   40|     ap_none|                  J_9_9|       pointer|
|J_9_10               |   in|   40|     ap_none|                 J_9_10|       pointer|
|J_9_11               |   in|   40|     ap_none|                 J_9_11|       pointer|
|J_9_12               |   in|   40|     ap_none|                 J_9_12|       pointer|
|J_9_13               |   in|   40|     ap_none|                 J_9_13|       pointer|
|J_9_14               |   in|   40|     ap_none|                 J_9_14|       pointer|
|J_10_0               |   in|   40|     ap_none|                 J_10_0|       pointer|
|J_10_1               |   in|   40|     ap_none|                 J_10_1|       pointer|
|J_10_2               |   in|   40|     ap_none|                 J_10_2|       pointer|
|J_10_3               |   in|   40|     ap_none|                 J_10_3|       pointer|
|J_10_4               |   in|   40|     ap_none|                 J_10_4|       pointer|
|J_10_5               |   in|   40|     ap_none|                 J_10_5|       pointer|
|J_10_6               |   in|   40|     ap_none|                 J_10_6|       pointer|
|J_10_7               |   in|   40|     ap_none|                 J_10_7|       pointer|
|J_10_8               |   in|   40|     ap_none|                 J_10_8|       pointer|
|J_10_9               |   in|   40|     ap_none|                 J_10_9|       pointer|
|J_10_10              |   in|   40|     ap_none|                J_10_10|       pointer|
|J_10_11              |   in|   40|     ap_none|                J_10_11|       pointer|
|J_10_12              |   in|   40|     ap_none|                J_10_12|       pointer|
|J_10_13              |   in|   40|     ap_none|                J_10_13|       pointer|
|J_10_14              |   in|   40|     ap_none|                J_10_14|       pointer|
|J_11_0               |   in|   40|     ap_none|                 J_11_0|       pointer|
|J_11_1               |   in|   40|     ap_none|                 J_11_1|       pointer|
|J_11_2               |   in|   40|     ap_none|                 J_11_2|       pointer|
|J_11_3               |   in|   40|     ap_none|                 J_11_3|       pointer|
|J_11_4               |   in|   40|     ap_none|                 J_11_4|       pointer|
|J_11_5               |   in|   40|     ap_none|                 J_11_5|       pointer|
|J_11_6               |   in|   40|     ap_none|                 J_11_6|       pointer|
|J_11_7               |   in|   40|     ap_none|                 J_11_7|       pointer|
|J_11_8               |   in|   40|     ap_none|                 J_11_8|       pointer|
|J_11_9               |   in|   40|     ap_none|                 J_11_9|       pointer|
|J_11_10              |   in|   40|     ap_none|                J_11_10|       pointer|
|J_11_11              |   in|   40|     ap_none|                J_11_11|       pointer|
|J_11_12              |   in|   40|     ap_none|                J_11_12|       pointer|
|J_11_13              |   in|   40|     ap_none|                J_11_13|       pointer|
|J_11_14              |   in|   40|     ap_none|                J_11_14|       pointer|
|J_12_0               |   in|   40|     ap_none|                 J_12_0|       pointer|
|J_12_1               |   in|   40|     ap_none|                 J_12_1|       pointer|
|J_12_2               |   in|   40|     ap_none|                 J_12_2|       pointer|
|J_12_3               |   in|   40|     ap_none|                 J_12_3|       pointer|
|J_12_4               |   in|   40|     ap_none|                 J_12_4|       pointer|
|J_12_5               |   in|   40|     ap_none|                 J_12_5|       pointer|
|J_12_6               |   in|   40|     ap_none|                 J_12_6|       pointer|
|J_12_7               |   in|   40|     ap_none|                 J_12_7|       pointer|
|J_12_8               |   in|   40|     ap_none|                 J_12_8|       pointer|
|J_12_9               |   in|   40|     ap_none|                 J_12_9|       pointer|
|J_12_10              |   in|   40|     ap_none|                J_12_10|       pointer|
|J_12_11              |   in|   40|     ap_none|                J_12_11|       pointer|
|J_12_12              |   in|   40|     ap_none|                J_12_12|       pointer|
|J_12_13              |   in|   40|     ap_none|                J_12_13|       pointer|
|J_12_14              |   in|   40|     ap_none|                J_12_14|       pointer|
|J_13_0               |   in|   40|     ap_none|                 J_13_0|       pointer|
|J_13_1               |   in|   40|     ap_none|                 J_13_1|       pointer|
|J_13_2               |   in|   40|     ap_none|                 J_13_2|       pointer|
|J_13_3               |   in|   40|     ap_none|                 J_13_3|       pointer|
|J_13_4               |   in|   40|     ap_none|                 J_13_4|       pointer|
|J_13_5               |   in|   40|     ap_none|                 J_13_5|       pointer|
|J_13_6               |   in|   40|     ap_none|                 J_13_6|       pointer|
|J_13_7               |   in|   40|     ap_none|                 J_13_7|       pointer|
|J_13_8               |   in|   40|     ap_none|                 J_13_8|       pointer|
|J_13_9               |   in|   40|     ap_none|                 J_13_9|       pointer|
|J_13_10              |   in|   40|     ap_none|                J_13_10|       pointer|
|J_13_11              |   in|   40|     ap_none|                J_13_11|       pointer|
|J_13_12              |   in|   40|     ap_none|                J_13_12|       pointer|
|J_13_13              |   in|   40|     ap_none|                J_13_13|       pointer|
|J_13_14              |   in|   40|     ap_none|                J_13_14|       pointer|
|J_14_0               |   in|   40|     ap_none|                 J_14_0|       pointer|
|J_14_1               |   in|   40|     ap_none|                 J_14_1|       pointer|
|J_14_2               |   in|   40|     ap_none|                 J_14_2|       pointer|
|J_14_3               |   in|   40|     ap_none|                 J_14_3|       pointer|
|J_14_4               |   in|   40|     ap_none|                 J_14_4|       pointer|
|J_14_5               |   in|   40|     ap_none|                 J_14_5|       pointer|
|J_14_6               |   in|   40|     ap_none|                 J_14_6|       pointer|
|J_14_7               |   in|   40|     ap_none|                 J_14_7|       pointer|
|J_14_8               |   in|   40|     ap_none|                 J_14_8|       pointer|
|J_14_9               |   in|   40|     ap_none|                 J_14_9|       pointer|
|J_14_10              |   in|   40|     ap_none|                J_14_10|       pointer|
|J_14_11              |   in|   40|     ap_none|                J_14_11|       pointer|
|J_14_12              |   in|   40|     ap_none|                J_14_12|       pointer|
|J_14_13              |   in|   40|     ap_none|                J_14_13|       pointer|
|J_14_14              |   in|   40|     ap_none|                J_14_14|       pointer|
|h_0                  |   in|   40|     ap_none|                    h_0|       pointer|
|h_1                  |   in|   40|     ap_none|                    h_1|       pointer|
|h_2                  |   in|   40|     ap_none|                    h_2|       pointer|
|h_3                  |   in|   40|     ap_none|                    h_3|       pointer|
|h_4                  |   in|   40|     ap_none|                    h_4|       pointer|
|h_5                  |   in|   40|     ap_none|                    h_5|       pointer|
|h_6                  |   in|   40|     ap_none|                    h_6|       pointer|
|h_7                  |   in|   40|     ap_none|                    h_7|       pointer|
|h_8                  |   in|   40|     ap_none|                    h_8|       pointer|
|h_9                  |   in|   40|     ap_none|                    h_9|       pointer|
|h_10                 |   in|   40|     ap_none|                   h_10|       pointer|
|h_11                 |   in|   40|     ap_none|                   h_11|       pointer|
|h_12                 |   in|   40|     ap_none|                   h_12|       pointer|
|h_13                 |   in|   40|     ap_none|                   h_13|       pointer|
|h_14                 |   in|   40|     ap_none|                   h_14|       pointer|
|s_0                  |   in|    1|     ap_none|                    s_0|       pointer|
|s_1                  |   in|    1|     ap_none|                    s_1|       pointer|
|s_2                  |   in|    1|     ap_none|                    s_2|       pointer|
|s_3                  |   in|    1|     ap_none|                    s_3|       pointer|
|s_4                  |   in|    1|     ap_none|                    s_4|       pointer|
|s_5                  |   in|    1|     ap_none|                    s_5|       pointer|
|s_6                  |   in|    1|     ap_none|                    s_6|       pointer|
|s_7                  |   in|    1|     ap_none|                    s_7|       pointer|
|s_8                  |   in|    1|     ap_none|                    s_8|       pointer|
|s_9                  |   in|    1|     ap_none|                    s_9|       pointer|
|s_10                 |   in|    1|     ap_none|                   s_10|       pointer|
|s_11                 |   in|    1|     ap_none|                   s_11|       pointer|
|s_12                 |   in|    1|     ap_none|                   s_12|       pointer|
|s_13                 |   in|    1|     ap_none|                   s_13|       pointer|
|s_14                 |   in|    1|     ap_none|                   s_14|       pointer|
|i                    |   in|   32|     ap_none|                      i|        scalar|
|old_energy           |   in|   40|     ap_none|             old_energy|        scalar|
|beta                 |   in|   40|     ap_none|                   beta|        scalar|
|u                    |   in|   40|     ap_none|                      u|        scalar|
|accepted             |  out|    1|      ap_vld|               accepted|       pointer|
|accepted_ap_vld      |  out|    1|      ap_vld|               accepted|       pointer|
|delta_energy         |  out|   40|      ap_vld|           delta_energy|       pointer|
|delta_energy_ap_vld  |  out|    1|      ap_vld|           delta_energy|       pointer|
|new_energy           |  out|   40|      ap_vld|             new_energy|       pointer|
|new_energy_ap_vld    |  out|    1|      ap_vld|             new_energy|       pointer|
+---------------------+-----+-----+------------+-----------------------+--------------+

