

================================================================
== Synthesis Summary Report of 'local_metropolis_step'
================================================================
+ General Information: 
    * Date:           Tue May 19 20:32:36 2026
    * Version:        2025.2 (Build 6295257 on Nov 14 2025)
    * Project:        hls_local_metropolis_step_N11
    * Solution:       hls (Vivado IP Flow Target)
    * Product family: virtexuplus
    * Target device:  xcvu19p-fsva3824-2-e
    

* Performance & Resource Estimates: 
+-------------------------+------+---------------+----------+---------+------+----------+---------+--------+------+------+----------+------------+------------+-----+
|         Modules         | Issue|               | Iteration|         | Trip |          |      Latency     |      |      |          |            |            |     |
|         & Loops         | Type | Violation Type|  Latency | Interval| Count| Pipelined| (cycles)|  (ns)  | Slack| BRAM |    DSP   |     FF     |     LUT    | URAM|
+-------------------------+------+---------------+----------+---------+------+----------+---------+--------+------+------+----------+------------+------------+-----+
|+ local_metropolis_step  |     -|              -|         -|       23|     -|        no|       22|  73.326|  0.04|     -|  13 (~0%)|  2165 (~0%)|  4203 (~0%)|    -|
+-------------------------+------+---------------+----------+---------+------+----------+---------+--------+------+------+----------+------------+------------+-----+
    Name Prefix: '+' for module, 'o' for loop, '*' for dataflow


================================================================
== HW Interfaces
================================================================
* Other Ports
+--------------+---------+-----------+----------+
| Port         | Mode    | Direction | Bitwidth |
+--------------+---------+-----------+----------+
| J_0_0        | ap_none | in        | 40       |
| J_0_1        | ap_none | in        | 40       |
| J_0_10       | ap_none | in        | 40       |
| J_0_2        | ap_none | in        | 40       |
| J_0_3        | ap_none | in        | 40       |
| J_0_4        | ap_none | in        | 40       |
| J_0_5        | ap_none | in        | 40       |
| J_0_6        | ap_none | in        | 40       |
| J_0_7        | ap_none | in        | 40       |
| J_0_8        | ap_none | in        | 40       |
| J_0_9        | ap_none | in        | 40       |
| J_10_0       | ap_none | in        | 40       |
| J_10_1       | ap_none | in        | 40       |
| J_10_10      | ap_none | in        | 40       |
| J_10_2       | ap_none | in        | 40       |
| J_10_3       | ap_none | in        | 40       |
| J_10_4       | ap_none | in        | 40       |
| J_10_5       | ap_none | in        | 40       |
| J_10_6       | ap_none | in        | 40       |
| J_10_7       | ap_none | in        | 40       |
| J_10_8       | ap_none | in        | 40       |
| J_10_9       | ap_none | in        | 40       |
| J_1_0        | ap_none | in        | 40       |
| J_1_1        | ap_none | in        | 40       |
| J_1_10       | ap_none | in        | 40       |
| J_1_2        | ap_none | in        | 40       |
| J_1_3        | ap_none | in        | 40       |
| J_1_4        | ap_none | in        | 40       |
| J_1_5        | ap_none | in        | 40       |
| J_1_6        | ap_none | in        | 40       |
| J_1_7        | ap_none | in        | 40       |
| J_1_8        | ap_none | in        | 40       |
| J_1_9        | ap_none | in        | 40       |
| J_2_0        | ap_none | in        | 40       |
| J_2_1        | ap_none | in        | 40       |
| J_2_10       | ap_none | in        | 40       |
| J_2_2        | ap_none | in        | 40       |
| J_2_3        | ap_none | in        | 40       |
| J_2_4        | ap_none | in        | 40       |
| J_2_5        | ap_none | in        | 40       |
| J_2_6        | ap_none | in        | 40       |
| J_2_7        | ap_none | in        | 40       |
| J_2_8        | ap_none | in        | 40       |
| J_2_9        | ap_none | in        | 40       |
| J_3_0        | ap_none | in        | 40       |
| J_3_1        | ap_none | in        | 40       |
| J_3_10       | ap_none | in        | 40       |
| J_3_2        | ap_none | in        | 40       |
| J_3_3        | ap_none | in        | 40       |
| J_3_4        | ap_none | in        | 40       |
| J_3_5        | ap_none | in        | 40       |
| J_3_6        | ap_none | in        | 40       |
| J_3_7        | ap_none | in        | 40       |
| J_3_8        | ap_none | in        | 40       |
| J_3_9        | ap_none | in        | 40       |
| J_4_0        | ap_none | in        | 40       |
| J_4_1        | ap_none | in        | 40       |
| J_4_10       | ap_none | in        | 40       |
| J_4_2        | ap_none | in        | 40       |
| J_4_3        | ap_none | in        | 40       |
| J_4_4        | ap_none | in        | 40       |
| J_4_5        | ap_none | in        | 40       |
| J_4_6        | ap_none | in        | 40       |
| J_4_7        | ap_none | in        | 40       |
| J_4_8        | ap_none | in        | 40       |
| J_4_9        | ap_none | in        | 40       |
| J_5_0        | ap_none | in        | 40       |
| J_5_1        | ap_none | in        | 40       |
| J_5_10       | ap_none | in        | 40       |
| J_5_2        | ap_none | in        | 40       |
| J_5_3        | ap_none | in        | 40       |
| J_5_4        | ap_none | in        | 40       |
| J_5_5        | ap_none | in        | 40       |
| J_5_6        | ap_none | in        | 40       |
| J_5_7        | ap_none | in        | 40       |
| J_5_8        | ap_none | in        | 40       |
| J_5_9        | ap_none | in        | 40       |
| J_6_0        | ap_none | in        | 40       |
| J_6_1        | ap_none | in        | 40       |
| J_6_10       | ap_none | in        | 40       |
| J_6_2        | ap_none | in        | 40       |
| J_6_3        | ap_none | in        | 40       |
| J_6_4        | ap_none | in        | 40       |
| J_6_5        | ap_none | in        | 40       |
| J_6_6        | ap_none | in        | 40       |
| J_6_7        | ap_none | in        | 40       |
| J_6_8        | ap_none | in        | 40       |
| J_6_9        | ap_none | in        | 40       |
| J_7_0        | ap_none | in        | 40       |
| J_7_1        | ap_none | in        | 40       |
| J_7_10       | ap_none | in        | 40       |
| J_7_2        | ap_none | in        | 40       |
| J_7_3        | ap_none | in        | 40       |
| J_7_4        | ap_none | in        | 40       |
| J_7_5        | ap_none | in        | 40       |
| J_7_6        | ap_none | in        | 40       |
| J_7_7        | ap_none | in        | 40       |
| J_7_8        | ap_none | in        | 40       |
| J_7_9        | ap_none | in        | 40       |
| J_8_0        | ap_none | in        | 40       |
| J_8_1        | ap_none | in        | 40       |
| J_8_10       | ap_none | in        | 40       |
| J_8_2        | ap_none | in        | 40       |
| J_8_3        | ap_none | in        | 40       |
| J_8_4        | ap_none | in        | 40       |
| J_8_5        | ap_none | in        | 40       |
| J_8_6        | ap_none | in        | 40       |
| J_8_7        | ap_none | in        | 40       |
| J_8_8        | ap_none | in        | 40       |
| J_8_9        | ap_none | in        | 40       |
| J_9_0        | ap_none | in        | 40       |
| J_9_1        | ap_none | in        | 40       |
| J_9_10       | ap_none | in        | 40       |
| J_9_2        | ap_none | in        | 40       |
| J_9_3        | ap_none | in        | 40       |
| J_9_4        | ap_none | in        | 40       |
| J_9_5        | ap_none | in        | 40       |
| J_9_6        | ap_none | in        | 40       |
| J_9_7        | ap_none | in        | 40       |
| J_9_8        | ap_none | in        | 40       |
| J_9_9        | ap_none | in        | 40       |
| accepted     | ap_vld  | out       | 1        |
| beta         | ap_none | in        | 40       |
| delta_energy | ap_vld  | out       | 40       |
| h_0          | ap_none | in        | 40       |
| h_1          | ap_none | in        | 40       |
| h_10         | ap_none | in        | 40       |
| h_2          | ap_none | in        | 40       |
| h_3          | ap_none | in        | 40       |
| h_4          | ap_none | in        | 40       |
| h_5          | ap_none | in        | 40       |
| h_6          | ap_none | in        | 40       |
| h_7          | ap_none | in        | 40       |
| h_8          | ap_none | in        | 40       |
| h_9          | ap_none | in        | 40       |
| i            | ap_none | in        | 32       |
| new_energy   | ap_vld  | out       | 40       |
| old_energy   | ap_none | in        | 40       |
| s_0          | ap_none | in        | 1        |
| s_1          | ap_none | in        | 1        |
| s_10         | ap_none | in        | 1        |
| s_2          | ap_none | in        | 1        |
| s_3          | ap_none | in        | 1        |
| s_4          | ap_none | in        | 1        |
| s_5          | ap_none | in        | 1        |
| s_6          | ap_none | in        | 1        |
| s_7          | ap_none | in        | 1        |
| s_8          | ap_none | in        | 1        |
| s_9          | ap_none | in        | 1        |
| u            | ap_none | in        | 40       |
+--------------+---------+-----------+----------+

* TOP LEVEL CONTROL
+-----------+------------+-----------------------------------+
| Interface | Type       | Ports                             |
+-----------+------------+-----------------------------------+
| ap_clk    | clock      | ap_clk                            |
| ap_rst    | reset      | ap_rst                            |
| ap_ctrl   | ap_ctrl_hs | ap_done ap_idle ap_ready ap_start |
+-----------+------------+-----------------------------------+


================================================================
== SW I/O Information
================================================================
* Top Function Arguments
+--------------+-----------+---------------------------------------------------------+
| Argument     | Direction | Datatype                                                |
+--------------+-----------+---------------------------------------------------------+
| J            | in        | ap_fixed<40, 16, (ap_q_mode)5, (ap_o_mode)3, 0> const * |
| h            | in        | ap_fixed<40, 16, (ap_q_mode)5, (ap_o_mode)3, 0> const * |
| s            | in        | bool const *                                            |
| i            | in        | int                                                     |
| old_energy   | in        | ap_fixed<40, 16, (ap_q_mode)5, (ap_o_mode)3, 0>         |
| beta         | in        | ap_fixed<40, 16, (ap_q_mode)5, (ap_o_mode)3, 0>         |
| u            | in        | ap_ufixed<40, 1, (ap_q_mode)5, (ap_o_mode)3, 0>         |
| accepted     | out       | bool*                                                   |
| delta_energy | out       | ap_fixed<40, 16, (ap_q_mode)5, (ap_o_mode)3, 0>*        |
| new_energy   | out       | ap_fixed<40, 16, (ap_q_mode)5, (ap_o_mode)3, 0>*        |
+--------------+-----------+---------------------------------------------------------+

* SW-to-HW Mapping
+--------------+---------------------+---------+
| Argument     | HW Interface        | HW Type |
+--------------+---------------------+---------+
| J            | J_0_0               | port    |
| J            | J_0_1               | port    |
| J            | J_0_2               | port    |
| J            | J_0_3               | port    |
| J            | J_0_4               | port    |
| J            | J_0_5               | port    |
| J            | J_0_6               | port    |
| J            | J_0_7               | port    |
| J            | J_0_8               | port    |
| J            | J_0_9               | port    |
| J            | J_0_10              | port    |
| J            | J_1_0               | port    |
| J            | J_1_1               | port    |
| J            | J_1_2               | port    |
| J            | J_1_3               | port    |
| J            | J_1_4               | port    |
| J            | J_1_5               | port    |
| J            | J_1_6               | port    |
| J            | J_1_7               | port    |
| J            | J_1_8               | port    |
| J            | J_1_9               | port    |
| J            | J_1_10              | port    |
| J            | J_2_0               | port    |
| J            | J_2_1               | port    |
| J            | J_2_2               | port    |
| J            | J_2_3               | port    |
| J            | J_2_4               | port    |
| J            | J_2_5               | port    |
| J            | J_2_6               | port    |
| J            | J_2_7               | port    |
| J            | J_2_8               | port    |
| J            | J_2_9               | port    |
| J            | J_2_10              | port    |
| J            | J_3_0               | port    |
| J            | J_3_1               | port    |
| J            | J_3_2               | port    |
| J            | J_3_3               | port    |
| J            | J_3_4               | port    |
| J            | J_3_5               | port    |
| J            | J_3_6               | port    |
| J            | J_3_7               | port    |
| J            | J_3_8               | port    |
| J            | J_3_9               | port    |
| J            | J_3_10              | port    |
| J            | J_4_0               | port    |
| J            | J_4_1               | port    |
| J            | J_4_2               | port    |
| J            | J_4_3               | port    |
| J            | J_4_4               | port    |
| J            | J_4_5               | port    |
| J            | J_4_6               | port    |
| J            | J_4_7               | port    |
| J            | J_4_8               | port    |
| J            | J_4_9               | port    |
| J            | J_4_10              | port    |
| J            | J_5_0               | port    |
| J            | J_5_1               | port    |
| J            | J_5_2               | port    |
| J            | J_5_3               | port    |
| J            | J_5_4               | port    |
| J            | J_5_5               | port    |
| J            | J_5_6               | port    |
| J            | J_5_7               | port    |
| J            | J_5_8               | port    |
| J            | J_5_9               | port    |
| J            | J_5_10              | port    |
| J            | J_6_0               | port    |
| J            | J_6_1               | port    |
| J            | J_6_2               | port    |
| J            | J_6_3               | port    |
| J            | J_6_4               | port    |
| J            | J_6_5               | port    |
| J            | J_6_6               | port    |
| J            | J_6_7               | port    |
| J            | J_6_8               | port    |
| J            | J_6_9               | port    |
| J            | J_6_10              | port    |
| J            | J_7_0               | port    |
| J            | J_7_1               | port    |
| J            | J_7_2               | port    |
| J            | J_7_3               | port    |
| J            | J_7_4               | port    |
| J            | J_7_5               | port    |
| J            | J_7_6               | port    |
| J            | J_7_7               | port    |
| J            | J_7_8               | port    |
| J            | J_7_9               | port    |
| J            | J_7_10              | port    |
| J            | J_8_0               | port    |
| J            | J_8_1               | port    |
| J            | J_8_2               | port    |
| J            | J_8_3               | port    |
| J            | J_8_4               | port    |
| J            | J_8_5               | port    |
| J            | J_8_6               | port    |
| J            | J_8_7               | port    |
| J            | J_8_8               | port    |
| J            | J_8_9               | port    |
| J            | J_8_10              | port    |
| J            | J_9_0               | port    |
| J            | J_9_1               | port    |
| J            | J_9_2               | port    |
| J            | J_9_3               | port    |
| J            | J_9_4               | port    |
| J            | J_9_5               | port    |
| J            | J_9_6               | port    |
| J            | J_9_7               | port    |
| J            | J_9_8               | port    |
| J            | J_9_9               | port    |
| J            | J_9_10              | port    |
| J            | J_10_0              | port    |
| J            | J_10_1              | port    |
| J            | J_10_2              | port    |
| J            | J_10_3              | port    |
| J            | J_10_4              | port    |
| J            | J_10_5              | port    |
| J            | J_10_6              | port    |
| J            | J_10_7              | port    |
| J            | J_10_8              | port    |
| J            | J_10_9              | port    |
| J            | J_10_10             | port    |
| h            | h_0                 | port    |
| h            | h_1                 | port    |
| h            | h_2                 | port    |
| h            | h_3                 | port    |
| h            | h_4                 | port    |
| h            | h_5                 | port    |
| h            | h_6                 | port    |
| h            | h_7                 | port    |
| h            | h_8                 | port    |
| h            | h_9                 | port    |
| h            | h_10                | port    |
| s            | s_0                 | port    |
| s            | s_1                 | port    |
| s            | s_2                 | port    |
| s            | s_3                 | port    |
| s            | s_4                 | port    |
| s            | s_5                 | port    |
| s            | s_6                 | port    |
| s            | s_7                 | port    |
| s            | s_8                 | port    |
| s            | s_9                 | port    |
| s            | s_10                | port    |
| i            | i                   | port    |
| old_energy   | old_energy          | port    |
| beta         | beta                | port    |
| u            | u                   | port    |
| accepted     | accepted            | port    |
| accepted     | accepted_ap_vld     | port    |
| delta_energy | delta_energy        | port    |
| delta_energy | delta_energy_ap_vld | port    |
| new_energy   | new_energy          | port    |
| new_energy   | new_energy_ap_vld   | port    |
+--------------+---------------------+---------+


================================================================
== Bind Op Report
================================================================
+-----------------------------+-----+--------+---------------+-----------+--------------------------+---------+
| Name                        | DSP | Pragma | Variable      | Op        | Impl                     | Latency |
+-----------------------------+-----+--------+---------------+-----------+--------------------------+---------+
| + local_metropolis_step     | 13  |        |               |           |                          |         |
|   sparsemux_23_4_40_1_1_U5  |     |        | field         | sparsemux | compactencoding_dontcare | 0       |
|   icmp_ln147_fu_1372_p2     |     |        | icmp_ln147    | seteq     | auto                     | 0       |
|   sparsemux_21_4_40_1_1_U4  |     |        | a             | sparsemux | compactencoding_dontcare | 0       |
|   sub_ln42_fu_1537_p2       |     |        | sub_ln42      | sub       | fabric                   | 0       |
|   out_fu_1542_p3            |     |        | out           | select    | auto_sel                 | 0       |
|   field_1_fu_1549_p2        |     |        | field_1       | add       | fabric                   | 0       |
|   field_2_fu_1555_p3        |     |        | field_2       | select    | auto_sel                 | 0       |
|   icmp_ln147_1_fu_1426_p2   |     |        | icmp_ln147_1  | seteq     | auto                     | 0       |
|   sparsemux_21_4_40_1_1_U6  |     |        | a_1           | sparsemux | compactencoding_dontcare | 0       |
|   sub_ln42_1_fu_1609_p2     |     |        | sub_ln42_1    | sub       | fabric                   | 0       |
|   out_1_fu_1662_p3          |     |        | out_1         | select    | auto_sel                 | 0       |
|   field_3_fu_1668_p2        |     |        | field_3       | add       | fabric                   | 0       |
|   field_4_fu_1673_p3        |     |        | field_4       | select    | auto_sel                 | 0       |
|   icmp_ln147_2_fu_1432_p2   |     |        | icmp_ln147_2  | seteq     | auto                     | 0       |
|   sparsemux_21_4_40_1_1_U7  |     |        | a_2           | sparsemux | compactencoding_dontcare | 0       |
|   sub_ln42_2_fu_1679_p2     |     |        | sub_ln42_2    | sub       | fabric                   | 0       |
|   out_2_fu_1684_p3          |     |        | out_2         | select    | auto_sel                 | 0       |
|   field_5_fu_1691_p2        |     |        | field_5       | add       | fabric                   | 0       |
|   field_6_fu_1697_p3        |     |        | field_6       | select    | auto_sel                 | 0       |
|   icmp_ln147_3_fu_1438_p2   |     |        | icmp_ln147_3  | seteq     | auto                     | 0       |
|   sparsemux_21_4_40_1_1_U8  |     |        | a_3           | sparsemux | compactencoding_dontcare | 0       |
|   sub_ln42_3_fu_1751_p2     |     |        | sub_ln42_3    | sub       | fabric                   | 0       |
|   out_3_fu_1804_p3          |     |        | out_3         | select    | auto_sel                 | 0       |
|   field_7_fu_1810_p2        |     |        | field_7       | add       | fabric                   | 0       |
|   field_8_fu_1815_p3        |     |        | field_8       | select    | auto_sel                 | 0       |
|   icmp_ln147_4_fu_1444_p2   |     |        | icmp_ln147_4  | seteq     | auto                     | 0       |
|   sparsemux_21_4_40_1_1_U9  |     |        | a_4           | sparsemux | compactencoding_dontcare | 0       |
|   sub_ln42_4_fu_1821_p2     |     |        | sub_ln42_4    | sub       | fabric                   | 0       |
|   out_4_fu_1826_p3          |     |        | out_4         | select    | auto_sel                 | 0       |
|   field_9_fu_1833_p2        |     |        | field_9       | add       | fabric                   | 0       |
|   field_10_fu_1839_p3       |     |        | field_10      | select    | auto_sel                 | 0       |
|   icmp_ln147_5_fu_1450_p2   |     |        | icmp_ln147_5  | seteq     | auto                     | 0       |
|   sparsemux_21_4_40_1_1_U10 |     |        | a_5           | sparsemux | compactencoding_dontcare | 0       |
|   sub_ln42_5_fu_1893_p2     |     |        | sub_ln42_5    | sub       | fabric                   | 0       |
|   out_5_fu_1946_p3          |     |        | out_5         | select    | auto_sel                 | 0       |
|   field_11_fu_1952_p2       |     |        | field_11      | add       | fabric                   | 0       |
|   field_12_fu_1957_p3       |     |        | field_12      | select    | auto_sel                 | 0       |
|   icmp_ln147_6_fu_1456_p2   |     |        | icmp_ln147_6  | seteq     | auto                     | 0       |
|   sparsemux_21_4_40_1_1_U11 |     |        | a_6           | sparsemux | compactencoding_dontcare | 0       |
|   sub_ln42_6_fu_1963_p2     |     |        | sub_ln42_6    | sub       | fabric                   | 0       |
|   out_6_fu_1968_p3          |     |        | out_6         | select    | auto_sel                 | 0       |
|   field_13_fu_1975_p2       |     |        | field_13      | add       | fabric                   | 0       |
|   field_14_fu_1981_p3       |     |        | field_14      | select    | auto_sel                 | 0       |
|   icmp_ln147_7_fu_1462_p2   |     |        | icmp_ln147_7  | seteq     | auto                     | 0       |
|   sparsemux_21_4_40_1_1_U12 |     |        | a_7           | sparsemux | compactencoding_dontcare | 0       |
|   sub_ln42_7_fu_2035_p2     |     |        | sub_ln42_7    | sub       | fabric                   | 0       |
|   out_7_fu_2134_p3          |     |        | out_7         | select    | auto_sel                 | 0       |
|   field_15_fu_2139_p2       |     |        | field_15      | add       | fabric                   | 0       |
|   field_16_fu_2144_p3       |     |        | field_16      | select    | auto_sel                 | 0       |
|   icmp_ln147_8_fu_1468_p2   |     |        | icmp_ln147_8  | seteq     | auto                     | 0       |
|   sparsemux_21_4_40_1_1_U13 |     |        | a_8           | sparsemux | compactencoding_dontcare | 0       |
|   sub_ln42_8_fu_2150_p2     |     |        | sub_ln42_8    | sub       | fabric                   | 0       |
|   out_8_fu_2155_p3          |     |        | out_8         | select    | auto_sel                 | 0       |
|   field_17_fu_2161_p2       |     |        | field_17      | add       | fabric                   | 0       |
|   field_18_fu_2167_p3       |     |        | field_18      | select    | auto_sel                 | 0       |
|   icmp_ln147_9_fu_1474_p2   |     |        | icmp_ln147_9  | seteq     | auto                     | 0       |
|   sparsemux_21_4_40_1_1_U15 |     |        | a_9           | sparsemux | compactencoding_dontcare | 0       |
|   sub_ln42_9_fu_2221_p2     |     |        | sub_ln42_9    | sub       | fabric                   | 0       |
|   out_9_fu_2274_p3          |     |        | out_9         | select    | auto_sel                 | 0       |
|   field_19_fu_2279_p2       |     |        | field_19      | add       | fabric                   | 0       |
|   field_20_fu_2284_p3       |     |        | field_20      | select    | auto_sel                 | 0       |
|   icmp_ln147_10_fu_1480_p2  |     |        | icmp_ln147_10 | seteq     | auto                     | 0       |
|   sparsemux_21_4_40_1_1_U16 |     |        | a_10          | sparsemux | compactencoding_dontcare | 0       |
|   sub_ln42_10_fu_2290_p2    |     |        | sub_ln42_10   | sub       | fabric                   | 0       |
|   out_10_fu_2295_p3         |     |        | out_10        | select    | auto_sel                 | 0       |
|   field_21_fu_2301_p2       |     |        | field_21      | add       | fabric                   | 0       |
|   field_22_fu_2307_p3       |     |        | field_22      | select    | auto_sel                 | 0       |
|   sparsemux_23_4_1_1_1_U14  |     |        | b             | sparsemux | compactencoding_dontcare | 0       |
|   mul_40s_50s_88_5_1_U3     | 6   |        | mul_ln153     | mul       | auto                     | 4       |
|   out_11_fu_2333_p3         |     |        | out_11        | select    | auto_sel                 | 0       |
|   icmp_ln116_fu_2340_p2     |     |        | icmp_ln116    | setlt     | auto                     | 0       |
|   mul_40ns_40s_64_2_1_U2    | 5   |        | mul_ln120     | mul       | auto                     | 1       |
|   icmp_ln59_fu_2392_p2      |     |        | icmp_ln59     | setlt     | auto                     | 0       |
|   sub_ln75_fu_2404_p2       |     |        | sub_ln75      | sub       | fabric                   | 0       |
|   sub_ln75_1_fu_2425_p2     |     |        | sub_ln75_1    | sub       | fabric                   | 0       |
|   select_ln75_fu_2437_p3    |     |        | select_ln75   | select    | auto_sel                 | 0       |
|   sub_ln84_fu_2478_p2       |     |        | sub_ln84      | sub       | fabric                   | 0       |
|   add_ln87_fu_2488_p2       |     |        | add_ln87      | add       | fabric                   | 0       |
|   sub_ln89_fu_2524_p2       |     |        | sub_ln89      | sub       | fabric                   | 0       |
|   mul_26s_36s_60_2_1_U1     | 2   |        | mul_ln89      | mul       | auto                     | 1       |
|   add_ln89_fu_2560_p2       |     |        | add_ln89      | add       | fabric                   | 0       |
|   icmp_ln95_fu_2586_p2      |     |        | icmp_ln95     | setgt     | auto                     | 0       |
|   p_fu_2644_p4              |     |        | select_ln95   | select    | auto_sel                 | 0       |
|   xor_ln59_fu_2622_p2       |     |        | xor_ln59      | xor       | auto                     | 0       |
|   icmp_ln63_fu_2420_p2      |     |        | icmp_ln63     | setlt     | auto                     | 0       |
|   icmp_ln91_fu_2592_p2      |     |        | icmp_ln91     | setgt     | auto                     | 0       |
|   and_ln91_fu_2627_p2       |     |        | and_ln91      | and       | auto                     | 0       |
|   and_ln91_1_fu_2632_p2     |     |        | and_ln91_1    | and       | auto                     | 0       |
|   sparsemux_7_2_40_1_1_U17  |     |        | p             | sparsemux | onehotencoding_realdef   | 0       |
|   icmp_ln123_fu_2664_p2     |     |        | icmp_ln123    | setlt     | auto                     | 0       |
|   xor_ln123_fu_2669_p2      |     |        | xor_ln123     | xor       | auto                     | 0       |
|   add_ln240_fu_2676_p2      |     |        | add_ln240     | add       | fabric                   | 0       |
+-----------------------------+-----+--------+---------------+-----------+--------------------------+---------+


================================================================
== Storage Report
================================================================
+-------------------------+--------+------+------+------+--------+-------------+------+---------+------------------+
| Name                    | Usage  | Type | BRAM | URAM | Pragma | Variable    | Impl | Latency | Bitwidth, Depth, |
|                         |        |      |      |      |        |             |      |         | Banks            |
+-------------------------+--------+------+------+------+--------+-------------+------+---------+------------------+
| + local_metropolis_step |        |      | 0    | 0    |        |             |      |         |                  |
|   EXP_NEG_LUT_U         | rom_2p |      |      |      |        | EXP_NEG_LUT | auto | 1       | 40, 1025, 1      |
+-------------------------+--------+------+------+------+--------+-------------+------+---------+------------------+


================================================================
== Pragma Report
================================================================
* Valid Pragma Syntax
+-----------------+---------------------------+--------------------------------------------------+
| Type            | Options                   | Location                                         |
+-----------------+---------------------------+--------------------------------------------------+
| ARRAY_PARTITION | variable=J complete dim=0 | in local_delta_energy (src/sk_step.cpp:139)      |
| ARRAY_PARTITION | variable=h complete dim=1 | in local_delta_energy (src/sk_step.cpp:140)      |
| ARRAY_PARTITION | variable=s complete dim=1 | in local_delta_energy (src/sk_step.cpp:141)      |
| UNROLL          |                           | in local_delta_energy (src/sk_step.cpp:146)      |
| ARRAY_PARTITION | variable=J complete dim=0 | in uniform_delta_energy (src/sk_step.cpp:174)    |
| ARRAY_PARTITION | variable=h complete dim=1 | in uniform_delta_energy (src/sk_step.cpp:175)    |
| ARRAY_PARTITION | variable=y complete dim=1 | in uniform_delta_energy (src/sk_step.cpp:176)    |
| UNROLL          |                           | in uniform_delta_energy (src/sk_step.cpp:181)    |
| UNROLL          |                           | in uniform_delta_energy (src/sk_step.cpp:187)    |
| UNROLL          |                           | in uniform_delta_energy (src/sk_step.cpp:189)    |
| ARRAY_PARTITION | variable=J complete dim=0 | in local_metropolis_step (src/sk_step.cpp:229)   |
| ARRAY_PARTITION | variable=h complete dim=1 | in local_metropolis_step (src/sk_step.cpp:230)   |
| ARRAY_PARTITION | variable=s complete dim=1 | in local_metropolis_step (src/sk_step.cpp:231)   |
| ARRAY_PARTITION | variable=J complete dim=0 | in uniform_metropolis_step (src/sk_step.cpp:269) |
| ARRAY_PARTITION | variable=h complete dim=1 | in uniform_metropolis_step (src/sk_step.cpp:270) |
| ARRAY_PARTITION | variable=y complete dim=1 | in uniform_metropolis_step (src/sk_step.cpp:271) |
+-----------------+---------------------------+--------------------------------------------------+


