===== JOB INFO =====
Tue May 19 11:10:58 CEST 2026
hostname: lrdn4992.leonardo.local
SLURM_JOB_ID: 41891950
SLURM_JOB_NODELIST: lrdn4992
SLURMD_NODENAME: lrdn4992
SLURM_CPUS_PER_TASK: 1
SLURM_CPU_BIND: NA

===== CPU INFO =====
Architecture:        x86_64
CPU op-mode(s):      32-bit, 64-bit
Byte Order:          Little Endian
CPU(s):              112
On-line CPU(s) list: 0-111
Thread(s) per core:  1
Core(s) per socket:  56
Socket(s):           2
NUMA node(s):        8
Vendor ID:           GenuineIntel
CPU family:          6
Model:               143
Model name:          Intel(R) Xeon(R) Platinum 8480+
Stepping:            8
CPU MHz:             3565.076
CPU max MHz:         2001.0000
CPU min MHz:         800.0000
BogoMIPS:            4000.00
Virtualization:      VT-x
L1d cache:           48K
L1i cache:           32K
L2 cache:            2048K
L3 cache:            107520K
NUMA node0 CPU(s):   0-13
NUMA node1 CPU(s):   14-27
NUMA node2 CPU(s):   28-41
NUMA node3 CPU(s):   42-55
NUMA node4 CPU(s):   56-69
NUMA node5 CPU(s):   70-83
NUMA node6 CPU(s):   84-97
NUMA node7 CPU(s):   98-111
Flags:               fpu vme de pse tsc msr pae mce cx8 apic sep mtrr pge mca cmov pat pse36 clflush dts acpi mmx fxsr sse sse2 ss ht tm pbe syscall nx pdpe1gb rdtscp lm constant_tsc art arch_perfmon pebs bts rep_good nopl xtopology nonstop_tsc cpuid aperfmperf tsc_known_freq pni pclmulqdq dtes64 monitor ds_cpl vmx smx est tm2 ssse3 sdbg fma cx16 xtpr pdcm pcid dca sse4_1 sse4_2 x2apic movbe popcnt tsc_deadline_timer aes xsave avx f16c rdrand lahf_lm abm 3dnowprefetch cpuid_fault epb cat_l3 cat_l2 cdp_l3 invpcid_single intel_ppin cdp_l2 ssbd mba ibrs ibpb stibp ibrs_enhanced tpr_shadow vnmi flexpriority ept vpid ept_ad fsgsbase tsc_adjust bmi1 avx2 smep bmi2 erms invpcid cqm rdt_a avx512f avx512dq rdseed adx avx512ifma clflushopt clwb intel_pt avx512cd sha_ni avx512bw avx512vl xsaveopt xsavec xgetbv1 xsaves cqm_llc cqm_occup_llc cqm_mbm_total cqm_mbm_local split_lock_detect avx_vnni avx512_bf16 wbnoinvd dtherm ida arat pln pts hwp hwp_act_window hwp_epp hwp_pkg_req avx512vbmi umip pku ospke waitpkg avx512_vbmi2 gfni vaes vpclmulqdq avx512_vnni avx512_bitalg tme avx512_vpopcntdq la57 rdpid bus_lock_detect cldemote movdiri movdir64b enqcmd fsrm md_clear serialize tsxldtrk pconfig arch_lbr amx_bf16 avx512_fp16 amx_tile amx_int8 flush_l1d arch_capabilities

===== CPU TOPOLOGY =====

===== NUMA INFO =====
available: 8 nodes (0-7)
node 0 cpus: 0 1 2 3 4 5 6 7 8 9 10 11 12 13
node 0 size: 63565 MB
node 0 free: 56572 MB
node 1 cpus: 14 15 16 17 18 19 20 21 22 23 24 25 26 27
node 1 size: 64508 MB
node 1 free: 55413 MB
node 2 cpus: 28 29 30 31 32 33 34 35 36 37 38 39 40 41
node 2 size: 64508 MB
node 2 free: 56181 MB
node 3 cpus: 42 43 44 45 46 47 48 49 50 51 52 53 54 55
node 3 size: 64464 MB
node 3 free: 60366 MB
node 4 cpus: 56 57 58 59 60 61 62 63 64 65 66 67 68 69
node 4 size: 64508 MB
node 4 free: 49450 MB
node 5 cpus: 70 71 72 73 74 75 76 77 78 79 80 81 82 83
node 5 size: 64508 MB
node 5 free: 44861 MB
node 6 cpus: 84 85 86 87 88 89 90 91 92 93 94 95 96 97
node 6 size: 64508 MB
node 6 free: 53268 MB
node 7 cpus: 98 99 100 101 102 103 104 105 106 107 108 109 110 111
node 7 size: 64505 MB
node 7 free: 58724 MB
node distances:
node   0   1   2   3   4   5   6   7 
  0:  10  12  12  12  21  21  21  21 
  1:  12  10  12  12  21  21  21  21 
  2:  12  12  10  12  21  21  21  21 
  3:  12  12  12  10  21  21  21  21 
  4:  21  21  21  21  10  12  12  12 
  5:  21  21  21  21  12  10  12  12 
  6:  21  21  21  21  12  12  10  12 
  7:  21  21  21  21  12  12  12  10 

===== FREQUENCY GOVERNOR =====
/sys/devices/system/cpu/cpu0/cpufreq/scaling_governor: performance
/sys/devices/system/cpu/cpu1/cpufreq/scaling_governor: performance
/sys/devices/system/cpu/cpu2/cpufreq/scaling_governor: performance
/sys/devices/system/cpu/cpu3/cpufreq/scaling_governor: performance
/sys/devices/system/cpu/cpu4/cpufreq/scaling_governor: performance
/sys/devices/system/cpu/cpu5/cpufreq/scaling_governor: performance
/sys/devices/system/cpu/cpu6/cpufreq/scaling_governor: performance
/sys/devices/system/cpu/cpu7/cpufreq/scaling_governor: performance
/sys/devices/system/cpu/cpu8/cpufreq/scaling_governor: performance
/sys/devices/system/cpu/cpu9/cpufreq/scaling_governor: performance
/sys/devices/system/cpu/cpu10/cpufreq/scaling_governor: performance
/sys/devices/system/cpu/cpu11/cpufreq/scaling_governor: performance
/sys/devices/system/cpu/cpu12/cpufreq/scaling_governor: performance
/sys/devices/system/cpu/cpu13/cpufreq/scaling_governor: performance
/sys/devices/system/cpu/cpu14/cpufreq/scaling_governor: performance
/sys/devices/system/cpu/cpu15/cpufreq/scaling_governor: performance
/sys/devices/system/cpu/cpu16/cpufreq/scaling_governor: performance
/sys/devices/system/cpu/cpu17/cpufreq/scaling_governor: performance
/sys/devices/system/cpu/cpu18/cpufreq/scaling_governor: performance
/sys/devices/system/cpu/cpu19/cpufreq/scaling_governor: performance

===== CURRENT FREQUENCIES, FIRST 20 CORES =====
/sys/devices/system/cpu/cpu0/cpufreq/scaling_cur_freq: 3767586
/sys/devices/system/cpu/cpu1/cpufreq/scaling_cur_freq: 3765099
/sys/devices/system/cpu/cpu2/cpufreq/scaling_cur_freq: 3732626
/sys/devices/system/cpu/cpu3/cpufreq/scaling_cur_freq: 3752305
/sys/devices/system/cpu/cpu4/cpufreq/scaling_cur_freq: 3758382
/sys/devices/system/cpu/cpu5/cpufreq/scaling_cur_freq: 3758526
/sys/devices/system/cpu/cpu6/cpufreq/scaling_cur_freq: 3755336
/sys/devices/system/cpu/cpu7/cpufreq/scaling_cur_freq: 3758955
/sys/devices/system/cpu/cpu8/cpufreq/scaling_cur_freq: 3758745
/sys/devices/system/cpu/cpu9/cpufreq/scaling_cur_freq: 3800000
/sys/devices/system/cpu/cpu10/cpufreq/scaling_cur_freq: 3775124
/sys/devices/system/cpu/cpu11/cpufreq/scaling_cur_freq: 3770201
/sys/devices/system/cpu/cpu12/cpufreq/scaling_cur_freq: 3774926
/sys/devices/system/cpu/cpu13/cpufreq/scaling_cur_freq: 3770865
/sys/devices/system/cpu/cpu14/cpufreq/scaling_cur_freq: 3772859
/sys/devices/system/cpu/cpu15/cpufreq/scaling_cur_freq: 3774510
/sys/devices/system/cpu/cpu16/cpufreq/scaling_cur_freq: 3771532
/sys/devices/system/cpu/cpu17/cpufreq/scaling_cur_freq: 3776307
/sys/devices/system/cpu/cpu18/cpufreq/scaling_cur_freq: 3774266
/sys/devices/system/cpu/cpu19/cpufreq/scaling_cur_freq: 3771874

===== COMPILER =====
/leonardo/prod/spack/06/install/0.22/linux-rhel8-icelake/gcc-8.5.0/gcc-12.2.0-lkcazt4letxjj4s7nlhzryoyivevsatz/bin/g++
g++ (Spack GCC) 12.2.0
Copyright (C) 2022 Free Software Foundation, Inc.
This is free software; see the source for copying conditions.  There is NO
warranty; not even for MERCHANTABILITY or FITNESS FOR A PARTICULAR PURPOSE.


===== MODULES =====
Currently Loaded Modulefiles:
 1) profile/base(default)        3) zstd/1.5.6-uq5yyux <aL>   5) gcc/12.2.0  
 2) zlib-ng/2.1.6-jkgunjc <aL>   4) binutils/2.42 <aL>       

Key:
(symbolic-version)  <module-tag>  <aL>=auto-loaded  

Loading gcc/12.2.0
  Loading requirement: zlib-ng/2.1.6-jkgunjc zstd/1.5.6-uq5yyux binutils/2.42
===== COMPILE SK_N=10 =====
===== RUN SK_N=10 =====
Instances 100 | Steps 10000000 | Seed 123456789 | beta 1.0
===== COMPILE SK_N=11 =====
===== RUN SK_N=11 =====
Instances 100 | Steps 10000000 | Seed 123456789 | beta 1.0
===== COMPILE SK_N=12 =====
===== RUN SK_N=12 =====
Instances 100 | Steps 10000000 | Seed 123456789 | beta 1.0
===== COMPILE SK_N=13 =====
===== RUN SK_N=13 =====
Instances 100 | Steps 10000000 | Seed 123456789 | beta 1.0
===== COMPILE SK_N=14 =====
===== RUN SK_N=14 =====
Instances 100 | Steps 10000000 | Seed 123456789 | beta 1.0
===== COMPILE SK_N=15 =====
===== RUN SK_N=15 =====
Instances 100 | Steps 10000000 | Seed 123456789 | beta 1.0
===== COMPILE SK_N=16 =====
===== RUN SK_N=16 =====
Instances 100 | Steps 10000000 | Seed 123456789 | beta 1.0
===== COMPILE SK_N=17 =====
===== RUN SK_N=17 =====
Instances 100 | Steps 10000000 | Seed 123456789 | beta 1.0
===== COMPILE SK_N=18 =====
===== RUN SK_N=18 =====
Instances 100 | Steps 10000000 | Seed 123456789 | beta 1.0
===== COMPILE SK_N=19 =====
===== RUN SK_N=19 =====
Instances 100 | Steps 10000000 | Seed 123456789 | beta 1.0
===== COMPILE SK_N=20 =====
===== RUN SK_N=20 =====
Instances 100 | Steps 10000000 | Seed 123456789 | beta 1.0
===== COMPILE SK_N=21 =====
===== RUN SK_N=21 =====
Instances 100 | Steps 10000000 | Seed 123456789 | beta 1.0
===== COMPILE SK_N=22 =====
===== RUN SK_N=22 =====
Instances 100 | Steps 10000000 | Seed 123456789 | beta 1.0
===== COMPILE SK_N=23 =====
===== RUN SK_N=23 =====
Instances 100 | Steps 10000000 | Seed 123456789 | beta 1.0
===== COMPILE SK_N=24 =====
===== RUN SK_N=24 =====
Instances 100 | Steps 10000000 | Seed 123456789 | beta 1.0
