Loading gcc/12.2.0
  Loading requirement: zlib-ng/2.1.6-jkgunjc zstd/1.5.6-uq5yyux binutils/2.42
===== JOB INFO =====
Mon May 25 16:19:15 CEST 2026
host: login13.leonardo.local
job: 42515080
Ns: 64 128 256 512 | N_MODELS=10 | N_STEPS=100000 | SEED=123456789 | BETA=1.0

===== CPU INFO =====
Architecture:        x86_64
CPU(s):              128
On-line CPU(s) list: 0-127
Thread(s) per core:  2
Core(s) per socket:  32
Socket(s):           2
NUMA node(s):        2
Model name:          Intel(R) Xeon(R) Platinum 8358 CPU @ 2.60GHz
NUMA node0 CPU(s):   0-31,64-95
NUMA node1 CPU(s):   32-63,96-127
Flags:               fpu vme de pse tsc msr pae mce cx8 apic sep mtrr pge mca cmov pat pse36 clflush dts acpi mmx fxsr sse sse2 ss ht tm pbe syscall nx pdpe1gb rdtscp lm constant_tsc art arch_perfmon pebs bts rep_good nopl xtopology nonstop_tsc cpuid aperfmperf pni pclmulqdq dtes64 monitor ds_cpl vmx smx est tm2 ssse3 sdbg fma cx16 xtpr pdcm pcid dca sse4_1 sse4_2 x2apic movbe popcnt tsc_deadline_timer aes xsave avx f16c rdrand lahf_lm abm 3dnowprefetch cpuid_fault epb cat_l3 invpcid_single intel_ppin ssbd mba ibrs ibpb stibp ibrs_enhanced tpr_shadow vnmi flexpriority ept vpid ept_ad fsgsbase tsc_adjust bmi1 avx2 smep bmi2 erms invpcid cqm rdt_a avx512f avx512dq rdseed adx smap avx512ifma clflushopt clwb intel_pt avx512cd sha_ni avx512bw avx512vl xsaveopt xsavec xgetbv1 xsaves cqm_llc cqm_occup_llc cqm_mbm_total cqm_mbm_local split_lock_detect wbnoinvd dtherm ida arat pln pts hwp hwp_act_window hwp_epp hwp_pkg_req avx512vbmi umip pku ospke avx512_vbmi2 gfni vaes vpclmulqdq avx512_vnni avx512_bitalg tme avx512_vpopcntdq la57 rdpid fsrm md_clear pconfig flush_l1d arch_capabilities

===== COMPILER =====
/leonardo/prod/spack/06/install/0.22/linux-rhel8-icelake/gcc-8.5.0/gcc-12.2.0-lkcazt4letxjj4s7nlhzryoyivevsatz/bin/g++
g++ (Spack GCC) 12.2.0
-std=c++20 -O3 -march=sapphirerapids -mprefer-vector-width=512 -ffast-math -fno-math-errno -funroll-loops -DNDEBUG

===== N=64 =====
SK_N 64
N_MODELS 10
N_STEPS 100000
local_seconds  0.0183836
uniform_seconds 0.785426

===== N=128 =====
SK_N 128
N_MODELS 10
N_STEPS 100000
local_seconds  0.0221172
uniform_seconds 2.81768

===== N=256 =====
SK_N 256
N_MODELS 10
N_STEPS 100000
local_seconds  0.0399847
uniform_seconds 7.54626

===== N=512 =====
SK_N 512
N_MODELS 10
N_STEPS 100000
local_seconds  0.0805035
uniform_seconds 24.2614

