================================================================
== Design Size Report
================================================================

* Total Instructions per Compilation Phase
+---------------+----------------------------+--------------+----------------------------------------------------------------------------------------+
| Phase         | Step                       | Instructions | Description                                                                            |
+---------------+----------------------------+--------------+----------------------------------------------------------------------------------------+
| Compile/Link  |                            | 12,288       | After all functions are compiled and linked into a single design                       |
|               |                            |              |                                                                                        |
| Unroll/Inline |                            |              | After user unroll and inline pragmas are applied                                       |
|               | (1) unroll                 |  8,626       | user unroll pragmas are applied                                                        |
|               | (2) simplification         |  2,767       | simplification of applied user unroll pragmas                                          |
|               | (3) inline                 |  2,681       | user inline pragmas are applied                                                        |
|               | (4) simplification         |  2,642       | simplification of applied user inline pragmas                                          |
|               |                            |              |                                                                                        |
| Array/Struct  |                            |              | After user array partition and struct aggregate/disaggregate pragmas are applied       |
|               | (1) array partition        |  2,081       | user array partition pragmas are applied                                               |
|               | (2) simplification         |  2,081       | simplification of applied user array partition & struct aggregate/disaggregate pragmas |
|               | (3) aggregate/disaggregate |  2,081       | user struct aggregate/disaggregate pragmas are applied                                 |
|               | (4) array reshape          |  2,081       | apply array reshape pragmas                                                            |
|               | (5) access patterns        |  2,081       | array access pattern optmizations                                                      |
|               |                            |              |                                                                                        |
| Performance   |                            |              | After transformations are applied to meet performance pragma targets                   |
|               | (1) loop simplification    |  2,081       | loop and instruction simplification                                                    |
|               | (2) parallelization        |  2,081       | loops are unrolled or pipelined to meet performance targets                            |
|               | (3) array partition        |  2,081       | arrays are partitioned to meet performance targets                                     |
|               | (4) simplification         |  2,081       | simplification of design after performance transformations                             |
|               |                            |              |                                                                                        |
| HW Transforms |                            |              | After hardware transfomations                                                          |
|               | (1) lowering               |  2,156       | initial conversion to HW specific instructions                                         |
|               | (2) optimizations          |  2,158       | high level synthesis optimizations                                                     |
+---------------+----------------------------+--------------+----------------------------------------------------------------------------------------+

* Instructions per Function for each Compilation Phase
+----------------------------+--------------------------+--------------+---------------+--------------+-------------+---------------+
| Function                   | Location                 | Compile/Link | Unroll/Inline | Array/Struct | Performance | HW Transforms |
+----------------------------+--------------------------+--------------+---------------+--------------+-------------+---------------+
| + uniform_move_operation   | uniform_move_hls.cpp:237 | 12,288       | 2,642         | 2,081        | 2,081       | 2,158         |
|  + dense_energy_over_alpha | uniform_move_hls.cpp:121 | 3,627        |               |              |             |               |
|     field_delta_term       | uniform_move_hls.cpp:102 |   640        |               |              |             |               |
|     edge_index             | uniform_move_hls.cpp:64  |    18        |               |              |             |               |
|     pair_delta_term        | uniform_move_hls.cpp:111 |   643        |               |              |             |               |
|   + tree_sum<36>           | uniform_move_hls.cpp:76  | 2,177        |               |              |             |               |
|    + tree_sum<18>          | uniform_move_hls.cpp:76  | 1,815        |               |              |             |               |
|     + tree_sum<9>          | uniform_move_hls.cpp:76  | 1,453        |               |              |             |               |
|      + tree_sum<5>         | uniform_move_hls.cpp:76  | 1,091        |               |              |             |               |
|       + tree_sum<3>        | uniform_move_hls.cpp:76  |   729        |               |              |             |               |
|        + tree_sum<2>       | uniform_move_hls.cpp:76  |   367        |               |              |             |               |
|           tree_sum<1>      | uniform_move_hls.cpp:76  |     5        |               |              |             |               |
|    positive_part           | uniform_move_hls.cpp:157 |   626        |               |              |             |               |
|    chebyshev_g             | uniform_move_hls.cpp:169 | 7,663        |               |              |             |               |
+----------------------------+--------------------------+--------------+---------------+--------------+-------------+---------------+

* Design Size Message Settings
+---------------------------------------------+--------+------------------------------------------------------------------+
| Message Setting                             | Value  | Description                                                      |
+---------------------------------------------+--------+------------------------------------------------------------------+
| config_compile -design_size_maximum_warning | 100000 | Show a warning when total design instructions exceeds this value |
+---------------------------------------------+--------+------------------------------------------------------------------+


