

================================================================
== Vitis HLS Report for 'local_spin_flip_operation'
================================================================
* Date:           Fri May 29 18:02:40 2026

* Version:        2025.2 (Build 6295257 on Nov 14 2025)
* Project:        hls_local_spin_flip_operation_N8_FRAC24
* Solution:       hls (Vivado IP Flow Target)
* Product family: virtexuplus
* Target device:  xcvu19p-fsva3824-2-e


================================================================
== Performance Estimates
================================================================
+ Timing: 
    * Summary: 
    +--------+---------+----------+------------+
    |  Clock |  Target | Estimated| Uncertainty|
    +--------+---------+----------+------------+
    |ap_clk  |  3.00 ns|  2.389 ns|     0.81 ns|
    +--------+---------+----------+------------+

+ Latency: 
    * Summary: 
    +---------+---------+----------+----------+-----+-----+---------+
    |  Latency (cycles) |  Latency (absolute) |  Interval | Pipeline|
    |   min   |   max   |    min   |    max   | min | max |   Type  |
    +---------+---------+----------+----------+-----+-----+---------+
    |       91|       91|  0.273 us|  0.273 us|   92|   92|       no|
    +---------+---------+----------+----------+-----+-----+---------+

    + Detail: 
        * Instance: 
        N/A

        * Loop: 
        N/A



================================================================
== Utilization Estimates
================================================================
* Summary: 
+---------------------+---------+------+---------+---------+-----+
|         Name        | BRAM_18K|  DSP |    FF   |   LUT   | URAM|
+---------------------+---------+------+---------+---------+-----+
|DSP                  |        -|     -|        -|        -|    -|
|Expression           |        -|     -|        0|    10121|    -|
|FIFO                 |        -|     -|        -|        -|    -|
|Instance             |        -|    50|     2807|      477|    -|
|Memory               |        -|     -|        -|        -|    -|
|Multiplexer          |        -|     -|        0|      534|    -|
|Register             |        -|     -|     4156|        -|    -|
+---------------------+---------+------+---------+---------+-----+
|Total                |        0|    50|     6963|    11132|    0|
+---------------------+---------+------+---------+---------+-----+
|Available SLR        |     1080|   960|  2042880|  1021440|   80|
+---------------------+---------+------+---------+---------+-----+
|Utilization SLR (%)  |        0|     5|       ~0|        1|    0|
+---------------------+---------+------+---------+---------+-----+
|Available            |     4320|  3840|  8171520|  4085760|  320|
+---------------------+---------+------+---------+---------+-----+
|Utilization (%)      |        0|     1|       ~0|       ~0|    0|
+---------------------+---------+------+---------+---------+-----+

+ Detail: 
    * Instance: 
    +--------------------------+----------------------+---------+----+-----+-----+-----+
    |         Instance         |        Module        | BRAM_18K| DSP|  FF | LUT | URAM|
    +--------------------------+----------------------+---------+----+-----+-----+-----+
    |mul_25s_25ns_50_3_1_U1    |mul_25s_25ns_50_3_1   |        0|   2|  121|    1|    0|
    |mul_25s_25ns_50_3_1_U2    |mul_25s_25ns_50_3_1   |        0|   2|  121|    1|    0|
    |mul_25s_25ns_50_3_1_U3    |mul_25s_25ns_50_3_1   |        0|   2|  121|    1|    0|
    |mul_25s_25ns_50_3_1_U4    |mul_25s_25ns_50_3_1   |        0|   2|  121|    1|    0|
    |mul_25s_25ns_50_3_1_U5    |mul_25s_25ns_50_3_1   |        0|   2|  121|    1|    0|
    |mul_25s_25ns_50_3_1_U6    |mul_25s_25ns_50_3_1   |        0|   2|  121|    1|    0|
    |mul_25s_25ns_50_3_1_U7    |mul_25s_25ns_50_3_1   |        0|   2|  121|    1|    0|
    |mul_25s_25ns_50_3_1_U8    |mul_25s_25ns_50_3_1   |        0|   2|  121|    1|    0|
    |mul_25s_25s_50_3_1_U9     |mul_25s_25s_50_3_1    |        0|   2|  121|    1|    0|
    |mul_25s_25s_50_3_1_U10    |mul_25s_25s_50_3_1    |        0|   2|  121|    1|    0|
    |mul_25s_25s_50_3_1_U11    |mul_25s_25s_50_3_1    |        0|   2|  121|    1|    0|
    |mul_25s_25s_50_3_1_U12    |mul_25s_25s_50_3_1    |        0|   2|  121|    1|    0|
    |mul_25s_25s_50_3_1_U13    |mul_25s_25s_50_3_1    |        0|   2|  121|    1|    0|
    |mul_25s_25s_50_3_1_U14    |mul_25s_25s_50_3_1    |        0|   2|  121|    1|    0|
    |mul_25s_25s_50_3_1_U15    |mul_25s_25s_50_3_1    |        0|   2|  121|    1|    0|
    |mul_25s_25s_50_3_1_U16    |mul_25s_25s_50_3_1    |        0|   2|  121|    1|    0|
    |mul_32ns_37ns_68_3_1_U17  |mul_32ns_37ns_68_3_1  |        0|   4|  232|  118|    0|
    |mul_40s_40s_80_3_1_U18    |mul_40s_40s_80_3_1    |        0|   5|  198|   80|    0|
    |mul_77s_40s_117_5_1_U19   |mul_77s_40s_117_5_1   |        0|   9|  441|  249|    0|
    |sparsemux_9_3_32_1_1_U20  |sparsemux_9_3_32_1_1  |        0|   0|    0|   14|    0|
    +--------------------------+----------------------+---------+----+-----+-----+-----+
    |Total                     |                      |        0|  50| 2807|  477|    0|
    +--------------------------+----------------------+---------+----+-----+-----+-----+

    * DSP: 
    N/A

    * Memory: 
    N/A

    * FIFO: 
    N/A

    * Expression: 
    +-------------------------------+----------+----+---+-----+------------+------------+
    |         Variable Name         | Operation| DSP| FF| LUT | Bitwidth P0| Bitwidth P1|
    +-------------------------------+----------+----+---+-----+------------+------------+
    |add_ln104_10_fu_3051_p2        |         +|   0|  0|   32|          25|          25|
    |add_ln104_11_fu_3057_p2        |         +|   0|  0|   33|          26|          26|
    |add_ln104_12_fu_3145_p2        |         +|   0|  0|   32|          25|          25|
    |add_ln104_13_fu_3151_p2        |         +|   0|  0|   33|          26|          26|
    |add_ln104_14_fu_3213_p2        |         +|   0|  0|   32|          25|          25|
    |add_ln104_15_fu_3217_p2        |         +|   0|  0|   33|          26|          26|
    |add_ln104_1_fu_2753_p2         |         +|   0|  0|   33|          26|          26|
    |add_ln104_2_fu_2815_p2         |         +|   0|  0|   32|          25|          25|
    |add_ln104_3_fu_2819_p2         |         +|   0|  0|   33|          26|          26|
    |add_ln104_4_fu_2881_p2         |         +|   0|  0|   32|          25|          25|
    |add_ln104_5_fu_2885_p2         |         +|   0|  0|   33|          26|          26|
    |add_ln104_6_fu_2947_p2         |         +|   0|  0|   32|          25|          25|
    |add_ln104_7_fu_2951_p2         |         +|   0|  0|   33|          26|          26|
    |add_ln104_8_fu_3015_p2         |         +|   0|  0|   32|          25|          25|
    |add_ln104_9_fu_3021_p2         |         +|   0|  0|   33|          26|          26|
    |add_ln104_fu_2749_p2           |         +|   0|  0|   32|          25|          25|
    |add_ln204_1_fu_1659_p2         |         +|   0|  0|   32|          25|          25|
    |add_ln204_2_fu_1820_p2         |         +|   0|  0|   32|          25|          25|
    |add_ln204_3_fu_1981_p2         |         +|   0|  0|   32|          25|          25|
    |add_ln204_4_fu_2142_p2         |         +|   0|  0|   32|          25|          25|
    |add_ln204_5_fu_2303_p2         |         +|   0|  0|   32|          25|          25|
    |add_ln204_6_fu_2464_p2         |         +|   0|  0|   32|          25|          25|
    |add_ln204_7_fu_2625_p2         |         +|   0|  0|   32|          25|          25|
    |add_ln204_fu_1498_p2           |         +|   0|  0|   32|          25|          25|
    |add_ln253_fu_3536_p2           |         +|   0|  0|   98|          77|          74|
    |add_ln263_10_fu_4849_p2        |         +|   0|  0|  117|         117|         102|
    |add_ln263_12_fu_5076_p2        |         +|   0|  0|  117|         117|         104|
    |add_ln263_14_fu_5303_p2        |         +|   0|  0|  117|         117|         105|
    |add_ln263_16_fu_5530_p2        |         +|   0|  0|  117|         117|         107|
    |add_ln263_18_fu_5757_p2        |         +|   0|  0|  117|         117|         106|
    |add_ln263_1_fu_3664_p2         |         +|   0|  0|   95|          95|          95|
    |add_ln263_20_fu_5984_p2        |         +|   0|  0|  117|         117|         108|
    |add_ln263_2_fu_3938_p2         |         +|   0|  0|  124|         117|          94|
    |add_ln263_3_fu_3681_p2         |         +|   0|  0|   95|          95|          95|
    |add_ln263_4_fu_4168_p2         |         +|   0|  0|  117|         117|          98|
    |add_ln263_5_fu_3715_p2         |         +|   0|  0|   95|          95|          95|
    |add_ln263_6_fu_4395_p2         |         +|   0|  0|  117|         117|          98|
    |add_ln263_7_fu_3765_p2         |         +|   0|  0|   95|          95|          95|
    |add_ln263_8_fu_4622_p2         |         +|   0|  0|  117|         117|         101|
    |add_ln263_fu_3771_p2           |         +|   0|  0|   95|          95|          93|
    |add_ln269_fu_6198_p2           |         +|   0|  0|   80|          80|          70|
    |b0_10_fu_4439_p2               |         +|   0|  0|   47|          40|          40|
    |b0_13_fu_4666_p2               |         +|   0|  0|   47|          40|          40|
    |b0_16_fu_4893_p2               |         +|   0|  0|   47|          40|          40|
    |b0_19_fu_5120_p2               |         +|   0|  0|   47|          40|          40|
    |b0_1_fu_3809_p2                |         +|   0|  0|   31|          24|          24|
    |b0_22_fu_5347_p2               |         +|   0|  0|   47|          40|          40|
    |b0_25_fu_5574_p2               |         +|   0|  0|   47|          40|          40|
    |b0_28_fu_5801_p2               |         +|   0|  0|   47|          40|          40|
    |b0_31_fu_6028_p2               |         +|   0|  0|   47|          40|          40|
    |b0_4_fu_4018_p2                |         +|   0|  0|   47|          40|          40|
    |b0_7_fu_4212_p2                |         +|   0|  0|   47|          40|          40|
    |p_1_fu_6258_p2                 |         +|   0|  0|   47|          40|          40|
    |p_4_fu_6480_p2                 |         +|   0|  0|   39|          32|          32|
    |z_fu_3491_p2                   |         +|   0|  0|   43|          36|          36|
    |sub_ln209_fu_3277_p2           |         -|   0|  0|   33|           1|          26|
    |sub_ln263_10_fu_3732_p2        |         -|   0|  0|   95|          95|          95|
    |sub_ln263_11_fu_3748_p2        |         -|   0|  0|   95|          95|          95|
    |sub_ln263_1_fu_4389_p2         |         -|   0|  0|  117|         117|         117|
    |sub_ln263_2_fu_4616_p2         |         -|   0|  0|  117|         117|         117|
    |sub_ln263_3_fu_4843_p2         |         -|   0|  0|  117|         117|         117|
    |sub_ln263_4_fu_5070_p2         |         -|   0|  0|  117|         117|         117|
    |sub_ln263_5_fu_5297_p2         |         -|   0|  0|  117|         117|         117|
    |sub_ln263_6_fu_5524_p2         |         -|   0|  0|  117|         117|         117|
    |sub_ln263_7_fu_5751_p2         |         -|   0|  0|  117|         117|         117|
    |sub_ln263_8_fu_5978_p2         |         -|   0|  0|  117|         117|         117|
    |sub_ln263_9_fu_3698_p2         |         -|   0|  0|   95|          95|          95|
    |sub_ln263_fu_4162_p2           |         -|   0|  0|  117|         117|         117|
    |sub_ln269_fu_6214_p2           |         -|   0|  0|   80|          80|          80|
    |and_ln104_1_fu_2847_p2         |       and|   0|  0|    2|           1|           1|
    |and_ln104_2_fu_2913_p2         |       and|   0|  0|    2|           1|           1|
    |and_ln104_3_fu_2979_p2         |       and|   0|  0|    2|           1|           1|
    |and_ln104_4_fu_3084_p2         |       and|   0|  0|    2|           1|           1|
    |and_ln104_5_fu_3113_p2         |       and|   0|  0|    2|           1|           1|
    |and_ln104_6_fu_3179_p2         |       and|   0|  0|    2|           1|           1|
    |and_ln104_7_fu_3245_p2         |       and|   0|  0|    2|           1|           1|
    |and_ln104_fu_2781_p2           |       and|   0|  0|    2|           1|           1|
    |and_ln204_10_fu_1898_p2        |       and|   0|  0|    2|           1|           1|
    |and_ln204_11_fu_1910_p2        |       and|   0|  0|    2|           1|           1|
    |and_ln204_12_fu_2001_p2        |       and|   0|  0|    2|           1|           1|
    |and_ln204_13_fu_2053_p2        |       and|   0|  0|    2|           1|           1|
    |and_ln204_14_fu_2059_p2        |       and|   0|  0|    2|           1|           1|
    |and_ln204_15_fu_2071_p2        |       and|   0|  0|    2|           1|           1|
    |and_ln204_16_fu_2162_p2        |       and|   0|  0|    2|           1|           1|
    |and_ln204_17_fu_2214_p2        |       and|   0|  0|    2|           1|           1|
    |and_ln204_18_fu_2220_p2        |       and|   0|  0|    2|           1|           1|
    |and_ln204_19_fu_2232_p2        |       and|   0|  0|    2|           1|           1|
    |and_ln204_1_fu_1570_p2         |       and|   0|  0|    2|           1|           1|
    |and_ln204_20_fu_2323_p2        |       and|   0|  0|    2|           1|           1|
    |and_ln204_21_fu_2375_p2        |       and|   0|  0|    2|           1|           1|
    |and_ln204_22_fu_2381_p2        |       and|   0|  0|    2|           1|           1|
    |and_ln204_23_fu_2393_p2        |       and|   0|  0|    2|           1|           1|
    |and_ln204_24_fu_2484_p2        |       and|   0|  0|    2|           1|           1|
    |and_ln204_25_fu_2536_p2        |       and|   0|  0|    2|           1|           1|
    |and_ln204_26_fu_2542_p2        |       and|   0|  0|    2|           1|           1|
    |and_ln204_27_fu_2554_p2        |       and|   0|  0|    2|           1|           1|
    |and_ln204_28_fu_2645_p2        |       and|   0|  0|    2|           1|           1|
    |and_ln204_29_fu_2697_p2        |       and|   0|  0|    2|           1|           1|
    |and_ln204_2_fu_1576_p2         |       and|   0|  0|    2|           1|           1|
    |and_ln204_30_fu_2703_p2        |       and|   0|  0|    2|           1|           1|
    |and_ln204_31_fu_2715_p2        |       and|   0|  0|    2|           1|           1|
    |and_ln204_3_fu_1588_p2         |       and|   0|  0|    2|           1|           1|
    |and_ln204_4_fu_1679_p2         |       and|   0|  0|    2|           1|           1|
    |and_ln204_5_fu_1731_p2         |       and|   0|  0|    2|           1|           1|
    |and_ln204_6_fu_1737_p2         |       and|   0|  0|    2|           1|           1|
    |and_ln204_7_fu_1749_p2         |       and|   0|  0|    2|           1|           1|
    |and_ln204_8_fu_1840_p2         |       and|   0|  0|    2|           1|           1|
    |and_ln204_9_fu_1892_p2         |       and|   0|  0|    2|           1|           1|
    |and_ln204_fu_1518_p2           |       and|   0|  0|    2|           1|           1|
    |and_ln209_1_fu_3318_p2         |       and|   0|  0|    2|           1|           1|
    |and_ln209_fu_3308_p2           |       and|   0|  0|    2|           1|           1|
    |and_ln212_fu_1347_p2           |       and|   0|  0|    8|           8|           8|
    |and_ln214_fu_3395_p2           |       and|   0|  0|    2|           1|           1|
    |and_ln253_1_fu_3603_p2         |       and|   0|  0|    2|           1|           1|
    |and_ln253_2_fu_3614_p2         |       and|   0|  0|    2|           1|           1|
    |and_ln253_fu_3597_p2           |       and|   0|  0|    2|           1|           1|
    |and_ln263_10_fu_4232_p2        |       and|   0|  0|    2|           1|           1|
    |and_ln263_11_fu_4294_p2        |       and|   0|  0|    2|           1|           1|
    |and_ln263_12_fu_4305_p2        |       and|   0|  0|    2|           1|           1|
    |and_ln263_13_fu_4325_p2        |       and|   0|  0|    2|           1|           1|
    |and_ln263_14_fu_4331_p2        |       and|   0|  0|    2|           1|           1|
    |and_ln263_15_fu_4348_p2        |       and|   0|  0|    2|           1|           1|
    |and_ln263_16_fu_4459_p2        |       and|   0|  0|    2|           1|           1|
    |and_ln263_17_fu_4521_p2        |       and|   0|  0|    2|           1|           1|
    |and_ln263_18_fu_4532_p2        |       and|   0|  0|    2|           1|           1|
    |and_ln263_19_fu_4552_p2        |       and|   0|  0|    2|           1|           1|
    |and_ln263_1_fu_3871_p2         |       and|   0|  0|    2|           1|           1|
    |and_ln263_20_fu_4558_p2        |       and|   0|  0|    2|           1|           1|
    |and_ln263_21_fu_4575_p2        |       and|   0|  0|    2|           1|           1|
    |and_ln263_22_fu_4686_p2        |       and|   0|  0|    2|           1|           1|
    |and_ln263_23_fu_4748_p2        |       and|   0|  0|    2|           1|           1|
    |and_ln263_24_fu_4759_p2        |       and|   0|  0|    2|           1|           1|
    |and_ln263_25_fu_4779_p2        |       and|   0|  0|    2|           1|           1|
    |and_ln263_26_fu_4785_p2        |       and|   0|  0|    2|           1|           1|
    |and_ln263_27_fu_4802_p2        |       and|   0|  0|    2|           1|           1|
    |and_ln263_28_fu_4913_p2        |       and|   0|  0|    2|           1|           1|
    |and_ln263_29_fu_4975_p2        |       and|   0|  0|    2|           1|           1|
    |and_ln263_2_fu_3877_p2         |       and|   0|  0|    2|           1|           1|
    |and_ln263_30_fu_4986_p2        |       and|   0|  0|    2|           1|           1|
    |and_ln263_31_fu_5006_p2        |       and|   0|  0|    2|           1|           1|
    |and_ln263_32_fu_5012_p2        |       and|   0|  0|    2|           1|           1|
    |and_ln263_33_fu_5029_p2        |       and|   0|  0|    2|           1|           1|
    |and_ln263_34_fu_5140_p2        |       and|   0|  0|    2|           1|           1|
    |and_ln263_35_fu_5202_p2        |       and|   0|  0|    2|           1|           1|
    |and_ln263_36_fu_5213_p2        |       and|   0|  0|    2|           1|           1|
    |and_ln263_37_fu_5233_p2        |       and|   0|  0|    2|           1|           1|
    |and_ln263_38_fu_5239_p2        |       and|   0|  0|    2|           1|           1|
    |and_ln263_39_fu_5256_p2        |       and|   0|  0|    2|           1|           1|
    |and_ln263_3_fu_3895_p2         |       and|   0|  0|    2|           1|           1|
    |and_ln263_40_fu_5367_p2        |       and|   0|  0|    2|           1|           1|
    |and_ln263_41_fu_5429_p2        |       and|   0|  0|    2|           1|           1|
    |and_ln263_42_fu_5440_p2        |       and|   0|  0|    2|           1|           1|
    |and_ln263_43_fu_5460_p2        |       and|   0|  0|    2|           1|           1|
    |and_ln263_44_fu_5466_p2        |       and|   0|  0|    2|           1|           1|
    |and_ln263_45_fu_5483_p2        |       and|   0|  0|    2|           1|           1|
    |and_ln263_46_fu_5594_p2        |       and|   0|  0|    2|           1|           1|
    |and_ln263_47_fu_5656_p2        |       and|   0|  0|    2|           1|           1|
    |and_ln263_48_fu_5667_p2        |       and|   0|  0|    2|           1|           1|
    |and_ln263_49_fu_5687_p2        |       and|   0|  0|    2|           1|           1|
    |and_ln263_4_fu_4037_p2         |       and|   0|  0|    2|           1|           1|
    |and_ln263_50_fu_5693_p2        |       and|   0|  0|    2|           1|           1|
    |and_ln263_51_fu_5710_p2        |       and|   0|  0|    2|           1|           1|
    |and_ln263_52_fu_5821_p2        |       and|   0|  0|    2|           1|           1|
    |and_ln263_53_fu_5883_p2        |       and|   0|  0|    2|           1|           1|
    |and_ln263_54_fu_5894_p2        |       and|   0|  0|    2|           1|           1|
    |and_ln263_55_fu_5914_p2        |       and|   0|  0|    2|           1|           1|
    |and_ln263_56_fu_5920_p2        |       and|   0|  0|    2|           1|           1|
    |and_ln263_57_fu_5937_p2        |       and|   0|  0|    2|           1|           1|
    |and_ln263_58_fu_6048_p2        |       and|   0|  0|    2|           1|           1|
    |and_ln263_59_fu_6110_p2        |       and|   0|  0|    2|           1|           1|
    |and_ln263_5_fu_4062_p2         |       and|   0|  0|    2|           1|           1|
    |and_ln263_60_fu_6121_p2        |       and|   0|  0|    2|           1|           1|
    |and_ln263_61_fu_6141_p2        |       and|   0|  0|    2|           1|           1|
    |and_ln263_62_fu_6147_p2        |       and|   0|  0|    2|           1|           1|
    |and_ln263_63_fu_6164_p2        |       and|   0|  0|    2|           1|           1|
    |and_ln263_6_fu_4074_p2         |       and|   0|  0|    2|           1|           1|
    |and_ln263_7_fu_4096_p2         |       and|   0|  0|    2|           1|           1|
    |and_ln263_8_fu_4102_p2         |       and|   0|  0|    2|           1|           1|
    |and_ln263_9_fu_4120_p2         |       and|   0|  0|    2|           1|           1|
    |and_ln263_fu_3833_p2           |       and|   0|  0|    2|           1|           1|
    |and_ln269_1_fu_6340_p2         |       and|   0|  0|    2|           1|           1|
    |and_ln269_2_fu_6351_p2         |       and|   0|  0|    2|           1|           1|
    |and_ln269_3_fu_6371_p2         |       and|   0|  0|    2|           1|           1|
    |and_ln269_4_fu_6377_p2         |       and|   0|  0|    2|           1|           1|
    |and_ln269_5_fu_6394_p2         |       and|   0|  0|    2|           1|           1|
    |and_ln269_fu_6278_p2           |       and|   0|  0|    2|           1|           1|
    |and_ln272_fu_6573_p2           |       and|   0|  0|    2|           1|           1|
    |and_ln276_fu_6557_p2           |       and|   0|  0|    2|           1|           1|
    |and_ln280_1_fu_6601_p2         |       and|   0|  0|    2|           1|           1|
    |and_ln280_fu_6518_p2           |       and|   0|  0|    2|           1|           1|
    |icmp_ln238_fu_3448_p2          |      icmp|   0|  0|   31|          24|           1|
    |icmp_ln244_fu_3453_p2          |      icmp|   0|  0|   31|          24|          21|
    |icmp_ln263_10_fu_4718_p2       |      icmp|   0|  0|   12|           5|           2|
    |icmp_ln263_11_fu_4724_p2       |      icmp|   0|  0|   12|           5|           1|
    |icmp_ln263_12_fu_4929_p2       |      icmp|   0|  0|   12|           4|           2|
    |icmp_ln263_13_fu_4945_p2       |      icmp|   0|  0|   12|           5|           2|
    |icmp_ln263_14_fu_4951_p2       |      icmp|   0|  0|   12|           5|           1|
    |icmp_ln263_15_fu_5156_p2       |      icmp|   0|  0|   12|           4|           2|
    |icmp_ln263_16_fu_5172_p2       |      icmp|   0|  0|   12|           5|           2|
    |icmp_ln263_17_fu_5178_p2       |      icmp|   0|  0|   12|           5|           1|
    |icmp_ln263_18_fu_5383_p2       |      icmp|   0|  0|   12|           4|           2|
    |icmp_ln263_19_fu_5399_p2       |      icmp|   0|  0|   12|           5|           2|
    |icmp_ln263_1_fu_3996_p2        |      icmp|   0|  0|   12|           5|           2|
    |icmp_ln263_20_fu_5405_p2       |      icmp|   0|  0|   12|           5|           1|
    |icmp_ln263_21_fu_5610_p2       |      icmp|   0|  0|   12|           4|           2|
    |icmp_ln263_22_fu_5626_p2       |      icmp|   0|  0|   12|           5|           2|
    |icmp_ln263_23_fu_5632_p2       |      icmp|   0|  0|   12|           5|           1|
    |icmp_ln263_24_fu_5837_p2       |      icmp|   0|  0|   12|           4|           2|
    |icmp_ln263_25_fu_5853_p2       |      icmp|   0|  0|   12|           5|           2|
    |icmp_ln263_26_fu_5859_p2       |      icmp|   0|  0|   12|           5|           1|
    |icmp_ln263_27_fu_6064_p2       |      icmp|   0|  0|   12|           4|           2|
    |icmp_ln263_28_fu_6080_p2       |      icmp|   0|  0|   12|           5|           2|
    |icmp_ln263_29_fu_6086_p2       |      icmp|   0|  0|   12|           5|           1|
    |icmp_ln263_2_fu_4002_p2        |      icmp|   0|  0|   12|           5|           1|
    |icmp_ln263_3_fu_4248_p2        |      icmp|   0|  0|   12|           4|           2|
    |icmp_ln263_4_fu_4264_p2        |      icmp|   0|  0|   12|           5|           2|
    |icmp_ln263_5_fu_4270_p2        |      icmp|   0|  0|   12|           5|           1|
    |icmp_ln263_6_fu_4475_p2        |      icmp|   0|  0|   12|           4|           2|
    |icmp_ln263_7_fu_4491_p2        |      icmp|   0|  0|   12|           5|           2|
    |icmp_ln263_8_fu_4497_p2        |      icmp|   0|  0|   12|           5|           1|
    |icmp_ln263_9_fu_4702_p2        |      icmp|   0|  0|   12|           4|           2|
    |icmp_ln263_fu_3980_p2          |      icmp|   0|  0|   12|           4|           2|
    |icmp_ln269_1_fu_6310_p2        |      icmp|   0|  0|   12|           4|           2|
    |icmp_ln269_2_fu_6316_p2        |      icmp|   0|  0|   12|           4|           1|
    |icmp_ln269_fu_6294_p2          |      icmp|   0|  0|   10|           3|           2|
    |icmp_ln272_fu_6420_p2          |      icmp|   0|  0|   47|          40|           1|
    |icmp_ln276_fu_6436_p2          |      icmp|   0|  0|   12|           4|           1|
    |selected_bit_fu_1353_p2        |      icmp|   0|  0|   15|           8|           1|
    |empty_fu_6500_p2               |        or|   0|  0|    2|           1|           1|
    |or_ln157_10_fu_1203_p2         |        or|   0|  0|    2|           1|           1|
    |or_ln157_11_fu_1241_p2         |        or|   0|  0|    2|           1|           1|
    |or_ln157_12_fu_1279_p2         |        or|   0|  0|    2|           1|           1|
    |or_ln157_13_fu_1317_p2         |        or|   0|  0|    2|           1|           1|
    |or_ln157_1_fu_777_p2           |        or|   0|  0|    2|           1|           1|
    |or_ln157_2_fu_791_p2           |        or|   0|  0|    2|           1|           1|
    |or_ln157_3_fu_813_p2           |        or|   0|  0|    2|           1|           1|
    |or_ln157_4_fu_927_p2           |        or|   0|  0|    2|           1|           1|
    |or_ln157_5_fu_997_p2           |        or|   0|  0|    2|           1|           1|
    |or_ln157_6_fu_1059_p2          |        or|   0|  0|    2|           1|           1|
    |or_ln157_7_fu_1089_p2          |        or|   0|  0|    2|           1|           1|
    |or_ln157_8_fu_1135_p2          |        or|   0|  0|    2|           1|           1|
    |or_ln157_9_fu_1165_p2          |        or|   0|  0|    2|           1|           1|
    |or_ln157_fu_763_p2             |        or|   0|  0|    2|           1|           1|
    |or_ln204_10_fu_2047_p2         |        or|   0|  0|    2|           1|           1|
    |or_ln204_11_fu_2085_p2         |        or|   0|  0|    2|           1|           1|
    |or_ln204_12_fu_2196_p2         |        or|   0|  0|    2|           1|           1|
    |or_ln204_13_fu_2208_p2         |        or|   0|  0|    2|           1|           1|
    |or_ln204_14_fu_2246_p2         |        or|   0|  0|    2|           1|           1|
    |or_ln204_15_fu_2357_p2         |        or|   0|  0|    2|           1|           1|
    |or_ln204_16_fu_2369_p2         |        or|   0|  0|    2|           1|           1|
    |or_ln204_17_fu_2407_p2         |        or|   0|  0|    2|           1|           1|
    |or_ln204_18_fu_2518_p2         |        or|   0|  0|    2|           1|           1|
    |or_ln204_19_fu_2530_p2         |        or|   0|  0|    2|           1|           1|
    |or_ln204_1_fu_1564_p2          |        or|   0|  0|    2|           1|           1|
    |or_ln204_20_fu_2568_p2         |        or|   0|  0|    2|           1|           1|
    |or_ln204_21_fu_2679_p2         |        or|   0|  0|    2|           1|           1|
    |or_ln204_22_fu_2691_p2         |        or|   0|  0|    2|           1|           1|
    |or_ln204_23_fu_2729_p2         |        or|   0|  0|    2|           1|           1|
    |or_ln204_2_fu_1602_p2          |        or|   0|  0|    2|           1|           1|
    |or_ln204_3_fu_1713_p2          |        or|   0|  0|    2|           1|           1|
    |or_ln204_4_fu_1725_p2          |        or|   0|  0|    2|           1|           1|
    |or_ln204_5_fu_1763_p2          |        or|   0|  0|    2|           1|           1|
    |or_ln204_6_fu_1874_p2          |        or|   0|  0|    2|           1|           1|
    |or_ln204_7_fu_1886_p2          |        or|   0|  0|    2|           1|           1|
    |or_ln204_8_fu_1924_p2          |        or|   0|  0|    2|           1|           1|
    |or_ln204_9_fu_2035_p2          |        or|   0|  0|    2|           1|           1|
    |or_ln204_fu_1552_p2            |        or|   0|  0|    2|           1|           1|
    |or_ln209_fu_3333_p2            |        or|   0|  0|    2|           1|           1|
    |or_ln253_1_fu_3628_p2          |        or|   0|  0|    2|           1|           1|
    |or_ln253_fu_3586_p2            |        or|   0|  0|    2|           1|           1|
    |or_ln263_10_fu_4996_p2         |        or|   0|  0|    2|           1|           1|
    |or_ln263_11_fu_5042_p2         |        or|   0|  0|    2|           1|           1|
    |or_ln263_12_fu_5223_p2         |        or|   0|  0|    2|           1|           1|
    |or_ln263_13_fu_5269_p2         |        or|   0|  0|    2|           1|           1|
    |or_ln263_14_fu_5450_p2         |        or|   0|  0|    2|           1|           1|
    |or_ln263_15_fu_5496_p2         |        or|   0|  0|    2|           1|           1|
    |or_ln263_16_fu_5677_p2         |        or|   0|  0|    2|           1|           1|
    |or_ln263_17_fu_5723_p2         |        or|   0|  0|    2|           1|           1|
    |or_ln263_18_fu_5904_p2         |        or|   0|  0|    2|           1|           1|
    |or_ln263_19_fu_5950_p2         |        or|   0|  0|    2|           1|           1|
    |or_ln263_1_fu_3908_p2          |        or|   0|  0|    2|           1|           1|
    |or_ln263_20_fu_6131_p2         |        or|   0|  0|    2|           1|           1|
    |or_ln263_21_fu_6177_p2         |        or|   0|  0|    2|           1|           1|
    |or_ln263_22_fu_3843_p2         |        or|   0|  0|    2|           1|           1|
    |or_ln263_23_fu_3883_p2         |        or|   0|  0|    2|           1|           1|
    |or_ln263_24_fu_4108_p2         |        or|   0|  0|    2|           1|           1|
    |or_ln263_25_fu_4336_p2         |        or|   0|  0|    2|           1|           1|
    |or_ln263_26_fu_4563_p2         |        or|   0|  0|    2|           1|           1|
    |or_ln263_27_fu_4790_p2         |        or|   0|  0|    2|           1|           1|
    |or_ln263_28_fu_5017_p2         |        or|   0|  0|    2|           1|           1|
    |or_ln263_29_fu_5244_p2         |        or|   0|  0|    2|           1|           1|
    |or_ln263_2_fu_4085_p2          |        or|   0|  0|    2|           1|           1|
    |or_ln263_30_fu_5471_p2         |        or|   0|  0|    2|           1|           1|
    |or_ln263_31_fu_5698_p2         |        or|   0|  0|    2|           1|           1|
    |or_ln263_32_fu_5925_p2         |        or|   0|  0|    2|           1|           1|
    |or_ln263_33_fu_6152_p2         |        or|   0|  0|    2|           1|           1|
    |or_ln263_3_fu_4133_p2          |        or|   0|  0|    2|           1|           1|
    |or_ln263_4_fu_4315_p2          |        or|   0|  0|    2|           1|           1|
    |or_ln263_5_fu_4361_p2          |        or|   0|  0|    2|           1|           1|
    |or_ln263_6_fu_4542_p2          |        or|   0|  0|    2|           1|           1|
    |or_ln263_7_fu_4588_p2          |        or|   0|  0|    2|           1|           1|
    |or_ln263_8_fu_4769_p2          |        or|   0|  0|    2|           1|           1|
    |or_ln263_9_fu_4815_p2          |        or|   0|  0|    2|           1|           1|
    |or_ln263_fu_3865_p2            |        or|   0|  0|    2|           1|           1|
    |or_ln269_1_fu_6407_p2          |        or|   0|  0|    2|           1|           1|
    |or_ln269_2_fu_6382_p2          |        or|   0|  0|    2|           1|           1|
    |or_ln269_fu_6361_p2            |        or|   0|  0|    2|           1|           1|
    |or_ln272_fu_6546_p2            |        or|   0|  0|    2|           1|           1|
    |or_ln276_1_fu_6579_p2          |        or|   0|  0|    2|           1|           1|
    |or_ln276_2_fu_6583_p2          |        or|   0|  0|    2|           1|           1|
    |or_ln276_3_fu_6589_p2          |        or|   0|  0|    2|           1|           1|
    |or_ln276_fu_6563_p2            |        or|   0|  0|    2|           1|           1|
    |or_ln280_1_fu_6524_p2          |        or|   0|  0|    2|           1|           1|
    |or_ln280_fu_6506_p2            |        or|   0|  0|    2|           1|           1|
    |b0_33_fu_3914_p3               |    select|   0|  0|   40|           1|          40|
    |b0_34_fu_4139_p3               |    select|   0|  0|   40|           1|          40|
    |b0_35_fu_4367_p3               |    select|   0|  0|   40|           1|          40|
    |b0_36_fu_4594_p3               |    select|   0|  0|   40|           1|          40|
    |b0_37_fu_4821_p3               |    select|   0|  0|   40|           1|          40|
    |b0_38_fu_5048_p3               |    select|   0|  0|   40|           1|          40|
    |b0_39_fu_5275_p3               |    select|   0|  0|   40|           1|          40|
    |b0_40_fu_5502_p3               |    select|   0|  0|   40|           1|          40|
    |b0_41_fu_5729_p3               |    select|   0|  0|   40|           1|          40|
    |b0_42_fu_5956_p3               |    select|   0|  0|   40|           1|          40|
    |b0_43_fu_6183_p3               |    select|   0|  0|   40|           1|          40|
    |delta_over_alpha_1_fu_3415_p3  |    select|   0|  0|   25|           1|          25|
    |field_over_alpha_fu_3265_p3    |    select|   0|  0|   25|           1|          25|
    |out_11_fu_1434_p3              |    select|   0|  0|   25|           1|          25|
    |out_13_fu_1441_p3              |    select|   0|  0|   25|           1|          25|
    |out_15_fu_1448_p3              |    select|   0|  0|   25|           1|          25|
    |out_1_fu_1399_p3               |    select|   0|  0|   25|           1|          25|
    |out_3_fu_1406_p3               |    select|   0|  0|   25|           1|          25|
    |out_5_fu_1413_p3               |    select|   0|  0|   25|           1|          25|
    |out_7_fu_1420_p3               |    select|   0|  0|   25|           1|          25|
    |out_9_fu_1427_p3               |    select|   0|  0|   25|           1|          25|
    |p_2_fu_6413_p3                 |    select|   0|  0|   40|           1|          40|
    |p_5_fu_6617_p6                 |    select|   0|  0|   32|           1|          32|
    |select_ln104_10_fu_3122_p3     |    select|   0|  0|   26|           1|          24|
    |select_ln104_11_fu_3130_p3     |    select|   0|  0|   25|           1|          25|
    |select_ln104_12_fu_3191_p3     |    select|   0|  0|   26|           1|          24|
    |select_ln104_13_fu_3199_p3     |    select|   0|  0|   25|           1|          25|
    |select_ln104_14_fu_3257_p3     |    select|   0|  0|   26|           1|          24|
    |select_ln104_1_fu_2801_p3      |    select|   0|  0|   25|           1|          25|
    |select_ln104_2_fu_2859_p3      |    select|   0|  0|   26|           1|          24|
    |select_ln104_3_fu_2867_p3      |    select|   0|  0|   25|           1|          25|
    |select_ln104_4_fu_2925_p3      |    select|   0|  0|   26|           1|          24|
    |select_ln104_5_fu_2933_p3      |    select|   0|  0|   25|           1|          25|
    |select_ln104_6_fu_2991_p3      |    select|   0|  0|   26|           1|          24|
    |select_ln104_7_fu_2999_p3      |    select|   0|  0|   25|           1|          25|
    |select_ln104_8_fu_3093_p3      |    select|   0|  0|   26|           1|          24|
    |select_ln104_9_fu_3101_p3      |    select|   0|  0|   25|           1|          25|
    |select_ln104_fu_2793_p3        |    select|   0|  0|   26|           1|          24|
    |select_ln157_10_fu_863_p3      |    select|   0|  0|   25|           1|          25|
    |select_ln157_11_fu_871_p3      |    select|   0|  0|   25|           1|          25|
    |select_ln157_12_fu_879_p3      |    select|   0|  0|   25|           1|          25|
    |select_ln157_14_fu_903_p3      |    select|   0|  0|   25|           1|          25|
    |select_ln157_15_fu_911_p3      |    select|   0|  0|   25|           1|          25|
    |select_ln157_16_fu_919_p3      |    select|   0|  0|   25|           1|          25|
    |select_ln157_17_fu_933_p3      |    select|   0|  0|   25|           1|          25|
    |select_ln157_18_fu_941_p3      |    select|   0|  0|   25|           1|          25|
    |select_ln157_19_fu_949_p3      |    select|   0|  0|   25|           1|          25|
    |select_ln157_1_fu_769_p3       |    select|   0|  0|   25|           1|          25|
    |select_ln157_21_fu_973_p3      |    select|   0|  0|   25|           1|          25|
    |select_ln157_22_fu_981_p3      |    select|   0|  0|   25|           1|          25|
    |select_ln157_23_fu_989_p3      |    select|   0|  0|   25|           1|          25|
    |select_ln157_24_fu_1003_p3     |    select|   0|  0|   25|           1|          25|
    |select_ln157_25_fu_1011_p3     |    select|   0|  0|   25|           1|          25|
    |select_ln157_26_fu_1019_p3     |    select|   0|  0|   25|           1|          25|
    |select_ln157_28_fu_1043_p3     |    select|   0|  0|   25|           1|          25|
    |select_ln157_29_fu_1051_p3     |    select|   0|  0|   25|           1|          25|
    |select_ln157_2_fu_783_p3       |    select|   0|  0|   25|           1|          25|
    |select_ln157_30_fu_1065_p3     |    select|   0|  0|   25|           1|          25|
    |select_ln157_31_fu_1073_p3     |    select|   0|  0|   25|           1|          25|
    |select_ln157_32_fu_1081_p3     |    select|   0|  0|   25|           1|          25|
    |select_ln157_33_fu_1095_p3     |    select|   0|  0|   25|           1|          25|
    |select_ln157_35_fu_1119_p3     |    select|   0|  0|   25|           1|          25|
    |select_ln157_36_fu_1127_p3     |    select|   0|  0|   25|           1|          25|
    |select_ln157_37_fu_1141_p3     |    select|   0|  0|   25|           1|          25|
    |select_ln157_38_fu_1149_p3     |    select|   0|  0|   25|           1|          25|
    |select_ln157_39_fu_1157_p3     |    select|   0|  0|   25|           1|          25|
    |select_ln157_3_fu_797_p3       |    select|   0|  0|   25|           1|          25|
    |select_ln157_40_fu_1171_p3     |    select|   0|  0|   25|           1|          25|
    |select_ln157_42_fu_1195_p3     |    select|   0|  0|   25|           1|          25|
    |select_ln157_43_fu_1209_p3     |    select|   0|  0|   25|           1|          25|
    |select_ln157_44_fu_1217_p3     |    select|   0|  0|   25|           1|          25|
    |select_ln157_45_fu_1225_p3     |    select|   0|  0|   25|           1|          25|
    |select_ln157_46_fu_1233_p3     |    select|   0|  0|   25|           1|          25|
    |select_ln157_47_fu_1247_p3     |    select|   0|  0|   25|           1|          25|
    |select_ln157_49_fu_1271_p3     |    select|   0|  0|   25|           1|          25|
    |select_ln157_4_fu_805_p3       |    select|   0|  0|   25|           1|          25|
    |select_ln157_50_fu_1285_p3     |    select|   0|  0|   25|           1|          25|
    |select_ln157_51_fu_1293_p3     |    select|   0|  0|   25|           1|          25|
    |select_ln157_52_fu_1301_p3     |    select|   0|  0|   25|           1|          25|
    |select_ln157_53_fu_1309_p3     |    select|   0|  0|   25|           1|          25|
    |select_ln157_54_fu_1323_p3     |    select|   0|  0|   25|           1|          25|
    |select_ln157_5_fu_819_p3       |    select|   0|  0|   25|           1|          25|
    |select_ln157_7_fu_839_p3       |    select|   0|  0|   25|           1|          25|
    |select_ln157_8_fu_847_p3       |    select|   0|  0|   25|           1|          25|
    |select_ln157_9_fu_855_p3       |    select|   0|  0|   25|           1|          25|
    |select_ln157_fu_755_p3         |    select|   0|  0|   25|           1|          25|
    |select_ln204_10_fu_1777_p3     |    select|   0|  0|   50|           1|          50|
    |select_ln204_11_fu_1852_p3     |    select|   0|  0|    2|           1|           1|
    |select_ln204_12_fu_1860_p3     |    select|   0|  0|    2|           1|           1|
    |select_ln204_13_fu_1916_p3     |    select|   0|  0|   26|           1|          24|
    |select_ln204_14_fu_1930_p3     |    select|   0|  0|   25|           1|          25|
    |select_ln204_15_fu_1938_p3     |    select|   0|  0|   50|           1|          50|
    |select_ln204_16_fu_2013_p3     |    select|   0|  0|    2|           1|           1|
    |select_ln204_17_fu_2021_p3     |    select|   0|  0|    2|           1|           1|
    |select_ln204_18_fu_2077_p3     |    select|   0|  0|   26|           1|          24|
    |select_ln204_19_fu_2091_p3     |    select|   0|  0|   25|           1|          25|
    |select_ln204_1_fu_1530_p3      |    select|   0|  0|    2|           1|           1|
    |select_ln204_20_fu_2099_p3     |    select|   0|  0|   50|           1|          50|
    |select_ln204_21_fu_2174_p3     |    select|   0|  0|    2|           1|           1|
    |select_ln204_22_fu_2182_p3     |    select|   0|  0|    2|           1|           1|
    |select_ln204_23_fu_2238_p3     |    select|   0|  0|   26|           1|          24|
    |select_ln204_24_fu_2252_p3     |    select|   0|  0|   25|           1|          25|
    |select_ln204_25_fu_2260_p3     |    select|   0|  0|   50|           1|          50|
    |select_ln204_26_fu_2335_p3     |    select|   0|  0|    2|           1|           1|
    |select_ln204_27_fu_2343_p3     |    select|   0|  0|    2|           1|           1|
    |select_ln204_28_fu_2399_p3     |    select|   0|  0|   26|           1|          24|
    |select_ln204_29_fu_2413_p3     |    select|   0|  0|   25|           1|          25|
    |select_ln204_2_fu_1538_p3      |    select|   0|  0|    2|           1|           1|
    |select_ln204_30_fu_2421_p3     |    select|   0|  0|   50|           1|          50|
    |select_ln204_31_fu_2496_p3     |    select|   0|  0|    2|           1|           1|
    |select_ln204_32_fu_2504_p3     |    select|   0|  0|    2|           1|           1|
    |select_ln204_33_fu_2560_p3     |    select|   0|  0|   26|           1|          24|
    |select_ln204_34_fu_2574_p3     |    select|   0|  0|   25|           1|          25|
    |select_ln204_35_fu_2582_p3     |    select|   0|  0|   50|           1|          50|
    |select_ln204_36_fu_2657_p3     |    select|   0|  0|    2|           1|           1|
    |select_ln204_37_fu_2665_p3     |    select|   0|  0|    2|           1|           1|
    |select_ln204_38_fu_2721_p3     |    select|   0|  0|   26|           1|          24|
    |select_ln204_39_fu_2735_p3     |    select|   0|  0|   25|           1|          25|
    |select_ln204_3_fu_1594_p3      |    select|   0|  0|   26|           1|          24|
    |select_ln204_4_fu_1608_p3      |    select|   0|  0|   25|           1|          25|
    |select_ln204_5_fu_1616_p3      |    select|   0|  0|   50|           1|          50|
    |select_ln204_6_fu_1691_p3      |    select|   0|  0|    2|           1|           1|
    |select_ln204_7_fu_1699_p3      |    select|   0|  0|    2|           1|           1|
    |select_ln204_8_fu_1755_p3      |    select|   0|  0|   26|           1|          24|
    |select_ln204_9_fu_1769_p3      |    select|   0|  0|   25|           1|          25|
    |select_ln204_fu_1455_p3        |    select|   0|  0|   50|           1|          50|
    |select_ln209_1_fu_3346_p3      |    select|   0|  0|   26|           1|          26|
    |select_ln209_2_fu_3353_p3      |    select|   0|  0|   25|           1|          25|
    |select_ln209_fu_3339_p3        |    select|   0|  0|   25|           1|          24|
    |select_ln214_fu_3407_p3        |    select|   0|  0|   26|           1|          24|
    |select_ln253_1_fu_3620_p3      |    select|   0|  0|   41|           1|          39|
    |select_ln253_fu_3516_p3        |    select|   0|  0|   39|           1|           2|
    |select_ln263_10_fu_4510_p3     |    select|   0|  0|    2|           1|           1|
    |select_ln263_11_fu_4526_p3     |    select|   0|  0|    2|           1|           1|
    |select_ln263_12_fu_4580_p3     |    select|   0|  0|   41|           1|          39|
    |select_ln263_14_fu_4737_p3     |    select|   0|  0|    2|           1|           1|
    |select_ln263_15_fu_4753_p3     |    select|   0|  0|    2|           1|           1|
    |select_ln263_16_fu_4807_p3     |    select|   0|  0|   41|           1|          39|
    |select_ln263_18_fu_4964_p3     |    select|   0|  0|    2|           1|           1|
    |select_ln263_19_fu_4980_p3     |    select|   0|  0|    2|           1|           1|
    |select_ln263_20_fu_5034_p3     |    select|   0|  0|   41|           1|          39|
    |select_ln263_22_fu_5191_p3     |    select|   0|  0|    2|           1|           1|
    |select_ln263_23_fu_5207_p3     |    select|   0|  0|    2|           1|           1|
    |select_ln263_24_fu_5261_p3     |    select|   0|  0|   41|           1|          39|
    |select_ln263_26_fu_5418_p3     |    select|   0|  0|    2|           1|           1|
    |select_ln263_27_fu_5434_p3     |    select|   0|  0|    2|           1|           1|
    |select_ln263_28_fu_5488_p3     |    select|   0|  0|   41|           1|          39|
    |select_ln263_2_fu_4050_p3      |    select|   0|  0|    2|           1|           1|
    |select_ln263_30_fu_5645_p3     |    select|   0|  0|    2|           1|           1|
    |select_ln263_31_fu_5661_p3     |    select|   0|  0|    2|           1|           1|
    |select_ln263_32_fu_5715_p3     |    select|   0|  0|   41|           1|          39|
    |select_ln263_34_fu_5872_p3     |    select|   0|  0|    2|           1|           1|
    |select_ln263_35_fu_5888_p3     |    select|   0|  0|    2|           1|           1|
    |select_ln263_36_fu_5942_p3     |    select|   0|  0|   41|           1|          39|
    |select_ln263_38_fu_6099_p3     |    select|   0|  0|    2|           1|           1|
    |select_ln263_39_fu_6115_p3     |    select|   0|  0|    2|           1|           1|
    |select_ln263_3_fu_4067_p3      |    select|   0|  0|    2|           1|           1|
    |select_ln263_40_fu_6169_p3     |    select|   0|  0|   41|           1|          39|
    |select_ln263_4_fu_4125_p3      |    select|   0|  0|   41|           1|          39|
    |select_ln263_6_fu_4283_p3      |    select|   0|  0|    2|           1|           1|
    |select_ln263_7_fu_4299_p3      |    select|   0|  0|    2|           1|           1|
    |select_ln263_8_fu_4353_p3      |    select|   0|  0|   41|           1|          39|
    |select_ln263_fu_3900_p3        |    select|   0|  0|   41|           1|          39|
    |select_ln269_1_fu_6345_p3      |    select|   0|  0|    2|           1|           1|
    |select_ln269_2_fu_6399_p3      |    select|   0|  0|   41|           1|          39|
    |select_ln269_fu_6329_p3        |    select|   0|  0|    2|           1|           1|
    |select_ln280_fu_6530_p3        |    select|   0|  0|   32|           1|           1|
    |selected_Jij_34_fu_827_p3      |    select|   0|  0|   25|           1|          25|
    |selected_Jij_35_fu_887_p3      |    select|   0|  0|   25|           1|          25|
    |selected_Jij_36_fu_1027_p3     |    select|   0|  0|   25|           1|          25|
    |selected_Jij_37_fu_1103_p3     |    select|   0|  0|   25|           1|          25|
    |selected_Jij_38_fu_1179_p3     |    select|   0|  0|   25|           1|          25|
    |selected_Jij_39_fu_1255_p3     |    select|   0|  0|   25|           1|          25|
    |selected_Jij_40_fu_1331_p3     |    select|   0|  0|   25|           1|          25|
    |selected_Jij_fu_957_p3         |    select|   0|  0|   25|           1|          25|
    |signed_field_fu_3361_p3        |    select|   0|  0|   25|           1|          25|
    |x_fu_3435_p3                   |    select|   0|  0|   24|           1|           1|
    |y_1_fu_3634_p3                 |    select|   0|  0|   40|           1|          40|
    |not_tmp_154_fu_6494_p2         |       xor|   0|  0|    2|           1|           2|
    |xor_ln104_10_fu_3108_p2        |       xor|   0|  0|    2|           1|           2|
    |xor_ln104_11_fu_3118_p2        |       xor|   0|  0|    2|           1|           1|
    |xor_ln104_12_fu_3173_p2        |       xor|   0|  0|    2|           1|           2|
    |xor_ln104_13_fu_3185_p2        |       xor|   0|  0|    2|           1|           1|
    |xor_ln104_14_fu_3239_p2        |       xor|   0|  0|    2|           1|           2|
    |xor_ln104_15_fu_3251_p2        |       xor|   0|  0|    2|           1|           1|
    |xor_ln104_1_fu_2787_p2         |       xor|   0|  0|    2|           1|           1|
    |xor_ln104_2_fu_2841_p2         |       xor|   0|  0|    2|           1|           2|
    |xor_ln104_3_fu_2853_p2         |       xor|   0|  0|    2|           1|           1|
    |xor_ln104_4_fu_2907_p2         |       xor|   0|  0|    2|           1|           2|
    |xor_ln104_5_fu_2919_p2         |       xor|   0|  0|    2|           1|           1|
    |xor_ln104_6_fu_2973_p2         |       xor|   0|  0|    2|           1|           2|
    |xor_ln104_7_fu_2985_p2         |       xor|   0|  0|    2|           1|           1|
    |xor_ln104_8_fu_3079_p2         |       xor|   0|  0|    2|           1|           2|
    |xor_ln104_9_fu_3089_p2         |       xor|   0|  0|    2|           1|           1|
    |xor_ln104_fu_2775_p2           |       xor|   0|  0|    2|           1|           2|
    |xor_ln204_10_fu_1834_p2        |       xor|   0|  0|    2|           1|           2|
    |xor_ln204_11_fu_1846_p2        |       xor|   0|  0|    2|           1|           2|
    |xor_ln204_12_fu_1868_p2        |       xor|   0|  0|    2|           1|           2|
    |xor_ln204_13_fu_1880_p2        |       xor|   0|  0|    2|           1|           2|
    |xor_ln204_14_fu_1904_p2        |       xor|   0|  0|    2|           1|           1|
    |xor_ln204_15_fu_1995_p2        |       xor|   0|  0|    2|           1|           2|
    |xor_ln204_16_fu_2007_p2        |       xor|   0|  0|    2|           1|           2|
    |xor_ln204_17_fu_2029_p2        |       xor|   0|  0|    2|           1|           2|
    |xor_ln204_18_fu_2041_p2        |       xor|   0|  0|    2|           1|           2|
    |xor_ln204_19_fu_2065_p2        |       xor|   0|  0|    2|           1|           1|
    |xor_ln204_1_fu_1524_p2         |       xor|   0|  0|    2|           1|           2|
    |xor_ln204_20_fu_2156_p2        |       xor|   0|  0|    2|           1|           2|
    |xor_ln204_21_fu_2168_p2        |       xor|   0|  0|    2|           1|           2|
    |xor_ln204_22_fu_2190_p2        |       xor|   0|  0|    2|           1|           2|
    |xor_ln204_23_fu_2202_p2        |       xor|   0|  0|    2|           1|           2|
    |xor_ln204_24_fu_2226_p2        |       xor|   0|  0|    2|           1|           1|
    |xor_ln204_25_fu_2317_p2        |       xor|   0|  0|    2|           1|           2|
    |xor_ln204_26_fu_2329_p2        |       xor|   0|  0|    2|           1|           2|
    |xor_ln204_27_fu_2351_p2        |       xor|   0|  0|    2|           1|           2|
    |xor_ln204_28_fu_2363_p2        |       xor|   0|  0|    2|           1|           2|
    |xor_ln204_29_fu_2387_p2        |       xor|   0|  0|    2|           1|           1|
    |xor_ln204_2_fu_1546_p2         |       xor|   0|  0|    2|           1|           2|
    |xor_ln204_30_fu_2478_p2        |       xor|   0|  0|    2|           1|           2|
    |xor_ln204_31_fu_2490_p2        |       xor|   0|  0|    2|           1|           2|
    |xor_ln204_32_fu_2512_p2        |       xor|   0|  0|    2|           1|           2|
    |xor_ln204_33_fu_2524_p2        |       xor|   0|  0|    2|           1|           2|
    |xor_ln204_34_fu_2548_p2        |       xor|   0|  0|    2|           1|           1|
    |xor_ln204_35_fu_2639_p2        |       xor|   0|  0|    2|           1|           2|
    |xor_ln204_36_fu_2651_p2        |       xor|   0|  0|    2|           1|           2|
    |xor_ln204_37_fu_2673_p2        |       xor|   0|  0|    2|           1|           2|
    |xor_ln204_38_fu_2685_p2        |       xor|   0|  0|    2|           1|           2|
    |xor_ln204_39_fu_2709_p2        |       xor|   0|  0|    2|           1|           1|
    |xor_ln204_3_fu_1558_p2         |       xor|   0|  0|    2|           1|           2|
    |xor_ln204_4_fu_1582_p2         |       xor|   0|  0|    2|           1|           1|
    |xor_ln204_5_fu_1673_p2         |       xor|   0|  0|    2|           1|           2|
    |xor_ln204_6_fu_1685_p2         |       xor|   0|  0|    2|           1|           2|
    |xor_ln204_7_fu_1707_p2         |       xor|   0|  0|    2|           1|           2|
    |xor_ln204_8_fu_1719_p2         |       xor|   0|  0|    2|           1|           2|
    |xor_ln204_9_fu_1743_p2         |       xor|   0|  0|    2|           1|           1|
    |xor_ln204_fu_1512_p2           |       xor|   0|  0|    2|           1|           2|
    |xor_ln209_1_fu_3313_p2         |       xor|   0|  0|    2|           1|           2|
    |xor_ln209_2_fu_3323_p2         |       xor|   0|  0|    2|           1|           1|
    |xor_ln209_3_fu_3327_p2         |       xor|   0|  0|    2|           1|           2|
    |xor_ln209_fu_3303_p2           |       xor|   0|  0|    2|           1|           2|
    |xor_ln214_1_fu_3401_p2         |       xor|   0|  0|    2|           1|           1|
    |xor_ln214_fu_3389_p2           |       xor|   0|  0|    2|           1|           2|
    |xor_ln238_fu_6568_p2           |       xor|   0|  0|    2|           1|           2|
    |xor_ln253_1_fu_3608_p2         |       xor|   0|  0|    2|           2|           1|
    |xor_ln253_fu_3591_p2           |       xor|   0|  0|    2|           1|           2|
    |xor_ln263_10_fu_4114_p2        |       xor|   0|  0|    2|           1|           2|
    |xor_ln263_11_fu_4226_p2        |       xor|   0|  0|    2|           1|           2|
    |xor_ln263_12_fu_4288_p2        |       xor|   0|  0|    2|           1|           2|
    |xor_ln263_13_fu_4309_p2        |       xor|   0|  0|    2|           1|           2|
    |xor_ln263_14_fu_4320_p2        |       xor|   0|  0|    2|           1|           2|
    |xor_ln263_15_fu_4342_p2        |       xor|   0|  0|    2|           1|           2|
    |xor_ln263_16_fu_4453_p2        |       xor|   0|  0|    2|           1|           2|
    |xor_ln263_17_fu_4515_p2        |       xor|   0|  0|    2|           1|           2|
    |xor_ln263_18_fu_4536_p2        |       xor|   0|  0|    2|           1|           2|
    |xor_ln263_19_fu_4547_p2        |       xor|   0|  0|    2|           1|           2|
    |xor_ln263_1_fu_3838_p2         |       xor|   0|  0|    2|           1|           2|
    |xor_ln263_20_fu_4569_p2        |       xor|   0|  0|    2|           1|           2|
    |xor_ln263_21_fu_4680_p2        |       xor|   0|  0|    2|           1|           2|
    |xor_ln263_22_fu_4742_p2        |       xor|   0|  0|    2|           1|           2|
    |xor_ln263_23_fu_4763_p2        |       xor|   0|  0|    2|           1|           2|
    |xor_ln263_24_fu_4774_p2        |       xor|   0|  0|    2|           1|           2|
    |xor_ln263_25_fu_4796_p2        |       xor|   0|  0|    2|           1|           2|
    |xor_ln263_26_fu_4907_p2        |       xor|   0|  0|    2|           1|           2|
    |xor_ln263_27_fu_4969_p2        |       xor|   0|  0|    2|           1|           2|
    |xor_ln263_28_fu_4990_p2        |       xor|   0|  0|    2|           1|           2|
    |xor_ln263_29_fu_5001_p2        |       xor|   0|  0|    2|           1|           2|
    |xor_ln263_2_fu_3849_p2         |       xor|   0|  0|    2|           1|           1|
    |xor_ln263_30_fu_5023_p2        |       xor|   0|  0|    2|           1|           2|
    |xor_ln263_31_fu_5134_p2        |       xor|   0|  0|    2|           1|           2|
    |xor_ln263_32_fu_5196_p2        |       xor|   0|  0|    2|           1|           2|
    |xor_ln263_33_fu_5217_p2        |       xor|   0|  0|    2|           1|           2|
    |xor_ln263_34_fu_5228_p2        |       xor|   0|  0|    2|           1|           2|
    |xor_ln263_35_fu_5250_p2        |       xor|   0|  0|    2|           1|           2|
    |xor_ln263_36_fu_5361_p2        |       xor|   0|  0|    2|           1|           2|
    |xor_ln263_37_fu_5423_p2        |       xor|   0|  0|    2|           1|           2|
    |xor_ln263_38_fu_5444_p2        |       xor|   0|  0|    2|           1|           2|
    |xor_ln263_39_fu_5455_p2        |       xor|   0|  0|    2|           1|           2|
    |xor_ln263_3_fu_3859_p2         |       xor|   0|  0|    2|           1|           2|
    |xor_ln263_40_fu_5477_p2        |       xor|   0|  0|    2|           1|           2|
    |xor_ln263_41_fu_5588_p2        |       xor|   0|  0|    2|           1|           2|
    |xor_ln263_42_fu_5650_p2        |       xor|   0|  0|    2|           1|           2|
    |xor_ln263_43_fu_5671_p2        |       xor|   0|  0|    2|           1|           2|
    |xor_ln263_44_fu_5682_p2        |       xor|   0|  0|    2|           1|           2|
    |xor_ln263_45_fu_5704_p2        |       xor|   0|  0|    2|           1|           2|
    |xor_ln263_46_fu_5815_p2        |       xor|   0|  0|    2|           1|           2|
    |xor_ln263_47_fu_5877_p2        |       xor|   0|  0|    2|           1|           2|
    |xor_ln263_48_fu_5898_p2        |       xor|   0|  0|    2|           1|           2|
    |xor_ln263_49_fu_5909_p2        |       xor|   0|  0|    2|           1|           2|
    |xor_ln263_4_fu_3854_p2         |       xor|   0|  0|    2|           1|           1|
    |xor_ln263_50_fu_5931_p2        |       xor|   0|  0|    2|           1|           2|
    |xor_ln263_51_fu_6042_p2        |       xor|   0|  0|    2|           1|           2|
    |xor_ln263_52_fu_6104_p2        |       xor|   0|  0|    2|           1|           2|
    |xor_ln263_53_fu_6125_p2        |       xor|   0|  0|    2|           1|           2|
    |xor_ln263_54_fu_6136_p2        |       xor|   0|  0|    2|           1|           2|
    |xor_ln263_55_fu_6158_p2        |       xor|   0|  0|    2|           1|           2|
    |xor_ln263_5_fu_3889_p2         |       xor|   0|  0|    2|           1|           2|
    |xor_ln263_6_fu_4031_p2         |       xor|   0|  0|    2|           1|           2|
    |xor_ln263_7_fu_4056_p2         |       xor|   0|  0|    2|           1|           2|
    |xor_ln263_8_fu_4079_p2         |       xor|   0|  0|    2|           1|           2|
    |xor_ln263_9_fu_4091_p2         |       xor|   0|  0|    2|           1|           2|
    |xor_ln263_fu_3827_p2           |       xor|   0|  0|    2|           1|           2|
    |xor_ln269_1_fu_6334_p2         |       xor|   0|  0|    2|           1|           2|
    |xor_ln269_2_fu_6355_p2         |       xor|   0|  0|    2|           1|           2|
    |xor_ln269_3_fu_6366_p2         |       xor|   0|  0|    2|           1|           2|
    |xor_ln269_4_fu_6388_p2         |       xor|   0|  0|    2|           1|           2|
    |xor_ln269_fu_6272_p2           |       xor|   0|  0|    2|           1|           2|
    |xor_ln272_fu_6551_p2           |       xor|   0|  0|    2|           1|           2|
    |xor_ln276_fu_6595_p2           |       xor|   0|  0|    2|           1|           2|
    |xor_ln280_fu_6512_p2           |       xor|   0|  0|    2|           1|           2|
    +-------------------------------+----------+----+---+-----+------------+------------+
    |Total                          |          |   0|  0|10121|        5135|        8791|
    +-------------------------------+----------+----+---+-----+------------+------------+

    * Multiplexer: 
    +---------------+-----+-----------+-----+-----------+
    |      Name     | LUT | Input Size| Bits| Total Bits|
    +---------------+-----+-----------+-----+-----------+
    |ap_NS_fsm      |  461|         93|    1|         93|
    |grp_fu_687_p0  |   14|          3|   77|        231|
    |grp_fu_687_p1  |   59|         11|   40|        440|
    +---------------+-----+-----------+-----+-----------+
    |Total          |  534|        107|  118|        764|
    +---------------+-----+-----------+-----+-----------+

    * Register: 
    +-------------------------------+-----+----+-----+-----------+
    |              Name             |  FF | LUT| Bits| Const Bits|
    +-------------------------------+-----+----+-----+-----------+
    |add_ln104_10_reg_6966          |   25|   0|   25|          0|
    |add_ln104_8_reg_6949           |   25|   0|   25|          0|
    |add_ln253_reg_7049             |   40|   0|   77|         37|
    |add_ln263_10_reg_7336          |  117|   0|  117|          0|
    |add_ln263_12_reg_7393          |  117|   0|  117|          0|
    |add_ln263_14_reg_7450          |  117|   0|  117|          0|
    |add_ln263_16_reg_7507          |  117|   0|  117|          0|
    |add_ln263_18_reg_7564          |  117|   0|  117|          0|
    |add_ln263_20_reg_7621          |  117|   0|  117|          0|
    |add_ln263_2_reg_7115           |  117|   0|  117|          0|
    |add_ln263_4_reg_7165           |  117|   0|  117|          0|
    |add_ln263_5_reg_7075           |   50|   0|   95|         45|
    |add_ln263_6_reg_7222           |  117|   0|  117|          0|
    |add_ln263_8_reg_7279           |  117|   0|  117|          0|
    |and_ln263_10_reg_7187          |    1|   0|    1|          0|
    |and_ln263_16_reg_7244          |    1|   0|    1|          0|
    |and_ln263_22_reg_7301          |    1|   0|    1|          0|
    |and_ln263_28_reg_7358          |    1|   0|    1|          0|
    |and_ln263_34_reg_7415          |    1|   0|    1|          0|
    |and_ln263_40_reg_7472          |    1|   0|    1|          0|
    |and_ln263_46_reg_7529          |    1|   0|    1|          0|
    |and_ln263_52_reg_7586          |    1|   0|    1|          0|
    |and_ln263_58_reg_7643          |    1|   0|    1|          0|
    |and_ln269_reg_7709             |    1|   0|    1|          0|
    |ap_CS_fsm                      |   92|   0|   92|          0|
    |b0_10_reg_7233                 |   40|   0|   40|          0|
    |b0_13_reg_7290                 |   40|   0|   40|          0|
    |b0_16_reg_7347                 |   40|   0|   40|          0|
    |b0_19_reg_7404                 |   40|   0|   40|          0|
    |b0_22_reg_7461                 |   40|   0|   40|          0|
    |b0_25_reg_7518                 |   40|   0|   40|          0|
    |b0_28_reg_7575                 |   40|   0|   40|          0|
    |b0_31_reg_7632                 |   40|   0|   40|          0|
    |b0_33_reg_7099                 |   40|   0|   40|          0|
    |b0_34_reg_7154                 |   40|   0|   40|          0|
    |b0_35_reg_7211                 |   40|   0|   40|          0|
    |b0_36_reg_7268                 |   40|   0|   40|          0|
    |b0_37_reg_7325                 |   40|   0|   40|          0|
    |b0_38_reg_7382                 |   40|   0|   40|          0|
    |b0_39_reg_7439                 |   40|   0|   40|          0|
    |b0_3_reg_7127                  |   40|   0|   40|          0|
    |b0_40_reg_7496                 |   40|   0|   40|          0|
    |b0_41_reg_7553                 |   40|   0|   40|          0|
    |b0_42_reg_7610                 |   40|   0|   40|          0|
    |b0_43_reg_7667                 |   40|   0|   40|          0|
    |b0_7_reg_7176                  |   40|   0|   40|          0|
    |b0_reg_7089                    |   23|   0|   23|          0|
    |field_over_alpha_reg_6989      |   25|   0|   25|          0|
    |icmp_ln238_reg_7021            |    1|   0|    1|          0|
    |icmp_ln244_reg_7028            |    1|   0|    1|          0|
    |icmp_ln263_10_reg_7313         |    1|   0|    1|          0|
    |icmp_ln263_11_reg_7320         |    1|   0|    1|          0|
    |icmp_ln263_12_reg_7365         |    1|   0|    1|          0|
    |icmp_ln263_13_reg_7370         |    1|   0|    1|          0|
    |icmp_ln263_14_reg_7377         |    1|   0|    1|          0|
    |icmp_ln263_15_reg_7422         |    1|   0|    1|          0|
    |icmp_ln263_16_reg_7427         |    1|   0|    1|          0|
    |icmp_ln263_17_reg_7434         |    1|   0|    1|          0|
    |icmp_ln263_18_reg_7479         |    1|   0|    1|          0|
    |icmp_ln263_19_reg_7484         |    1|   0|    1|          0|
    |icmp_ln263_1_reg_7142          |    1|   0|    1|          0|
    |icmp_ln263_20_reg_7491         |    1|   0|    1|          0|
    |icmp_ln263_21_reg_7536         |    1|   0|    1|          0|
    |icmp_ln263_22_reg_7541         |    1|   0|    1|          0|
    |icmp_ln263_23_reg_7548         |    1|   0|    1|          0|
    |icmp_ln263_24_reg_7593         |    1|   0|    1|          0|
    |icmp_ln263_25_reg_7598         |    1|   0|    1|          0|
    |icmp_ln263_26_reg_7605         |    1|   0|    1|          0|
    |icmp_ln263_27_reg_7650         |    1|   0|    1|          0|
    |icmp_ln263_28_reg_7655         |    1|   0|    1|          0|
    |icmp_ln263_29_reg_7662         |    1|   0|    1|          0|
    |icmp_ln263_2_reg_7149          |    1|   0|    1|          0|
    |icmp_ln263_3_reg_7194          |    1|   0|    1|          0|
    |icmp_ln263_4_reg_7199          |    1|   0|    1|          0|
    |icmp_ln263_5_reg_7206          |    1|   0|    1|          0|
    |icmp_ln263_6_reg_7251          |    1|   0|    1|          0|
    |icmp_ln263_7_reg_7256          |    1|   0|    1|          0|
    |icmp_ln263_8_reg_7263          |    1|   0|    1|          0|
    |icmp_ln263_9_reg_7308          |    1|   0|    1|          0|
    |icmp_ln263_reg_7137            |    1|   0|    1|          0|
    |icmp_ln269_1_reg_7721          |    1|   0|    1|          0|
    |icmp_ln269_2_reg_7728          |    1|   0|    1|          0|
    |icmp_ln269_reg_7716            |    1|   0|    1|          0|
    |mul_ln204_10_reg_6830          |   50|   0|   50|          0|
    |mul_ln204_11_reg_6835          |   50|   0|   50|          0|
    |mul_ln204_12_reg_6840          |   50|   0|   50|          0|
    |mul_ln204_13_reg_6845          |   50|   0|   50|          0|
    |mul_ln204_14_reg_6850          |   50|   0|   50|          0|
    |mul_ln204_15_reg_6855          |   50|   0|   50|          0|
    |mul_ln204_16_reg_6860          |   50|   0|   50|          0|
    |mul_ln204_17_reg_6865          |   50|   0|   50|          0|
    |mul_ln204_18_reg_6870          |   50|   0|   50|          0|
    |mul_ln204_19_reg_6875          |   50|   0|   50|          0|
    |mul_ln204_20_reg_6880          |   50|   0|   50|          0|
    |mul_ln204_21_reg_6885          |   50|   0|   50|          0|
    |mul_ln204_22_reg_6890          |   50|   0|   50|          0|
    |mul_ln204_8_reg_6815           |   50|   0|   50|          0|
    |mul_ln204_9_reg_6820           |   50|   0|   50|          0|
    |mul_ln204_reg_6825             |   50|   0|   50|          0|
    |mul_ln269_reg_7682             |   80|   0|   80|          0|
    |neg_field_over_alpha_reg_6994  |   25|   0|   25|          0|
    |out_15_reg_6895                |   25|   0|   25|          0|
    |p_1_reg_7698                   |   40|   0|   40|          0|
    |reg_691                        |  117|   0|  117|          0|
    |select_ln104_13_reg_6983       |   25|   0|   25|          0|
    |select_ln204_14_reg_6913       |   25|   0|   25|          0|
    |select_ln204_19_reg_6919       |   25|   0|   25|          0|
    |select_ln204_24_reg_6925       |   25|   0|   25|          0|
    |select_ln204_29_reg_6931       |   25|   0|   25|          0|
    |select_ln204_34_reg_6937       |   25|   0|   25|          0|
    |select_ln204_39_reg_6943       |   25|   0|   25|          0|
    |select_ln204_4_reg_6901        |   25|   0|   25|          0|
    |select_ln204_9_reg_6907        |   25|   0|   25|          0|
    |selected_Jij_34_reg_6682       |   25|   0|   25|          0|
    |selected_Jij_35_reg_6692       |   25|   0|   25|          0|
    |selected_Jij_36_reg_6712       |   25|   0|   25|          0|
    |selected_Jij_37_reg_6722       |   25|   0|   25|          0|
    |selected_Jij_38_reg_6732       |   25|   0|   25|          0|
    |selected_Jij_39_reg_6742       |   25|   0|   25|          0|
    |selected_Jij_40_reg_6752       |   25|   0|   25|          0|
    |selected_Jij_reg_6702          |   25|   0|   25|          0|
    |selected_bit_reg_6762          |    1|   0|    1|          0|
    |sext_ln263_1_reg_7105          |   80|   0|  117|         37|
    |sub_ln269_reg_7687             |   80|   0|   80|          0|
    |tmp_100_reg_7181               |    1|   0|    1|          0|
    |tmp_104_reg_7227               |    1|   0|    1|          0|
    |tmp_107_reg_7238               |    1|   0|    1|          0|
    |tmp_111_reg_7284               |    1|   0|    1|          0|
    |tmp_114_reg_7295               |    1|   0|    1|          0|
    |tmp_118_reg_7341               |    1|   0|    1|          0|
    |tmp_11_reg_6697                |    1|   0|    1|          0|
    |tmp_121_reg_7352               |    1|   0|    1|          0|
    |tmp_125_reg_7398               |    1|   0|    1|          0|
    |tmp_128_reg_7409               |    1|   0|    1|          0|
    |tmp_132_reg_7455               |    1|   0|    1|          0|
    |tmp_135_reg_7466               |    1|   0|    1|          0|
    |tmp_139_reg_7512               |    1|   0|    1|          0|
    |tmp_142_reg_7523               |    1|   0|    1|          0|
    |tmp_146_reg_7569               |    1|   0|    1|          0|
    |tmp_149_reg_7580               |    1|   0|    1|          0|
    |tmp_151_reg_7626               |    1|   0|    1|          0|
    |tmp_154_reg_7637               |    1|   0|    1|          0|
    |tmp_156_reg_7692               |    1|   0|    1|          0|
    |tmp_159_reg_7703               |    1|   0|    1|          0|
    |tmp_16_reg_6707                |    1|   0|    1|          0|
    |tmp_1_reg_6652                 |    1|   0|    1|          0|
    |tmp_21_reg_6717                |    1|   0|    1|          0|
    |tmp_26_reg_6727                |    1|   0|    1|          0|
    |tmp_2_reg_6657                 |    1|   0|    1|          0|
    |tmp_31_reg_6737                |    1|   0|    1|          0|
    |tmp_36_reg_6747                |    1|   0|    1|          0|
    |tmp_3_reg_6662                 |    1|   0|    1|          0|
    |tmp_41_reg_6757                |    1|   0|    1|          0|
    |tmp_4_reg_6667                 |    1|   0|    1|          0|
    |tmp_54_reg_6954                |    1|   0|    1|          0|
    |tmp_55_reg_6960                |    1|   0|    1|          0|
    |tmp_56_reg_6971                |    1|   0|    1|          0|
    |tmp_57_reg_6977                |    1|   0|    1|          0|
    |tmp_5_reg_6672                 |    1|   0|    1|          0|
    |tmp_62_reg_7000                |    1|   0|    1|          0|
    |tmp_64_reg_7007                |    1|   0|    1|          0|
    |tmp_68_reg_7044                |    1|   0|    1|          0|
    |tmp_6_reg_6677                 |    1|   0|    1|          0|
    |tmp_72_reg_7055                |    1|   0|    1|          0|
    |tmp_85_reg_7080                |    1|   0|    1|          0|
    |tmp_86_reg_7094                |    1|   0|    1|          0|
    |tmp_90_reg_7121                |    1|   0|    1|          0|
    |tmp_91_reg_7132                |    1|   0|    1|          0|
    |tmp_97_reg_7170                |    1|   0|    1|          0|
    |tmp_reg_6647                   |    1|   0|    1|          0|
    |trunc_ln135_reg_6642           |    1|   0|    1|          0|
    |trunc_ln204_reg_6687           |    1|   0|    1|          0|
    |trunc_ln2_reg_7039             |   36|   0|   36|          0|
    |x_reg_7014                     |   24|   0|   24|          0|
    |y_1_reg_7061                   |   40|   0|   40|          0|
    +-------------------------------+-----+----+-----+-----------+
    |Total                          | 4156|   0| 4275|        119|
    +-------------------------------+-----+----+-----+-----------+



================================================================
== Interface
================================================================
* Summary: 
+-------------+-----+-----+--------------+---------------------------+--------------+
|  RTL Ports  | Dir | Bits|   Protocol   |       Source Object       |    C Type    |
+-------------+-----+-----+--------------+---------------------------+--------------+
|ap_clk       |   in|    1|  ap_ctrl_none|  local_spin_flip_operation|  return value|
|ap_rst       |   in|    1|  ap_ctrl_none|  local_spin_flip_operation|  return value|
|h_0          |   in|   25|       ap_none|                        h_0|       pointer|
|h_1          |   in|   25|       ap_none|                        h_1|       pointer|
|h_2          |   in|   25|       ap_none|                        h_2|       pointer|
|h_3          |   in|   25|       ap_none|                        h_3|       pointer|
|h_4          |   in|   25|       ap_none|                        h_4|       pointer|
|h_5          |   in|   25|       ap_none|                        h_5|       pointer|
|h_6          |   in|   25|       ap_none|                        h_6|       pointer|
|h_7          |   in|   25|       ap_none|                        h_7|       pointer|
|J_edges_0    |   in|   25|       ap_none|                  J_edges_0|       pointer|
|J_edges_1    |   in|   25|       ap_none|                  J_edges_1|       pointer|
|J_edges_2    |   in|   25|       ap_none|                  J_edges_2|       pointer|
|J_edges_3    |   in|   25|       ap_none|                  J_edges_3|       pointer|
|J_edges_4    |   in|   25|       ap_none|                  J_edges_4|       pointer|
|J_edges_5    |   in|   25|       ap_none|                  J_edges_5|       pointer|
|J_edges_6    |   in|   25|       ap_none|                  J_edges_6|       pointer|
|J_edges_7    |   in|   25|       ap_none|                  J_edges_7|       pointer|
|J_edges_8    |   in|   25|       ap_none|                  J_edges_8|       pointer|
|J_edges_9    |   in|   25|       ap_none|                  J_edges_9|       pointer|
|J_edges_10   |   in|   25|       ap_none|                 J_edges_10|       pointer|
|J_edges_11   |   in|   25|       ap_none|                 J_edges_11|       pointer|
|J_edges_12   |   in|   25|       ap_none|                 J_edges_12|       pointer|
|J_edges_13   |   in|   25|       ap_none|                 J_edges_13|       pointer|
|J_edges_14   |   in|   25|       ap_none|                 J_edges_14|       pointer|
|J_edges_15   |   in|   25|       ap_none|                 J_edges_15|       pointer|
|J_edges_16   |   in|   25|       ap_none|                 J_edges_16|       pointer|
|J_edges_17   |   in|   25|       ap_none|                 J_edges_17|       pointer|
|J_edges_18   |   in|   25|       ap_none|                 J_edges_18|       pointer|
|J_edges_19   |   in|   25|       ap_none|                 J_edges_19|       pointer|
|J_edges_20   |   in|   25|       ap_none|                 J_edges_20|       pointer|
|J_edges_21   |   in|   25|       ap_none|                 J_edges_21|       pointer|
|J_edges_22   |   in|   25|       ap_none|                 J_edges_22|       pointer|
|J_edges_23   |   in|   25|       ap_none|                 J_edges_23|       pointer|
|J_edges_24   |   in|   25|       ap_none|                 J_edges_24|       pointer|
|J_edges_25   |   in|   25|       ap_none|                 J_edges_25|       pointer|
|J_edges_26   |   in|   25|       ap_none|                 J_edges_26|       pointer|
|J_edges_27   |   in|   25|       ap_none|                 J_edges_27|       pointer|
|spins        |   in|    8|       ap_none|                      spins|        scalar|
|flip_mask    |   in|    8|       ap_none|                  flip_mask|        scalar|
|delta_x      |  out|   25|       ap_none|                    delta_x|       pointer|
|accept_prob  |  out|   32|       ap_none|                accept_prob|       pointer|
+-------------+-----+-----+--------------+---------------------------+--------------+

