

================================================================
== Vitis HLS Report for 'local_delta_energy'
================================================================
* Date:           Tue May 19 20:46:12 2026

* Version:        2025.2 (Build 6295257 on Nov 14 2025)
* Project:        hls_local_metropolis_step_N27
* Solution:       hls (Vivado IP Flow Target)
* Product family: virtexuplus
* Target device:  xcvu19p-fsva3824-2-e


================================================================
== Performance Estimates
================================================================
+ Timing: 
    * Summary: 
    +--------+---------+----------+------------+
    |  Clock |  Target | Estimated| Uncertainty|
    +--------+---------+----------+------------+
    |ap_clk  |  3.33 ns|  2.388 ns|     0.90 ns|
    +--------+---------+----------+------------+

+ Latency: 
    * Summary: 
    +---------+---------+-----------+-----------+-----+-----+---------+
    |  Latency (cycles) |   Latency (absolute)  |  Interval | Pipeline|
    |   min   |   max   |    min    |    max    | min | max |   Type  |
    +---------+---------+-----------+-----------+-----+-----+---------+
    |       19|       19|  63.327 ns|  63.327 ns|   19|   19|       no|
    +---------+---------+-----------+-----------+-----+-----+---------+

    + Detail: 
        * Instance: 
        N/A

        * Loop: 
        N/A



================================================================
== Utilization Estimates
================================================================
* Summary: 
+---------------------+---------+------+---------+---------+-----+
|         Name        | BRAM_18K|  DSP |    FF   |   LUT   | URAM|
+---------------------+---------+------+---------+---------+-----+
|DSP                  |        -|     -|        -|        -|    -|
|Expression           |        -|     -|        0|     5791|    -|
|FIFO                 |        -|     -|        -|        -|    -|
|Instance             |        -|     6|      340|     3837|    -|
|Memory               |        -|     -|        -|        -|    -|
|Multiplexer          |        -|     -|        0|      111|    -|
|Register             |        -|     -|     2253|        -|    -|
+---------------------+---------+------+---------+---------+-----+
|Total                |        0|     6|     2593|     9739|    0|
+---------------------+---------+------+---------+---------+-----+
|Available SLR        |     1080|   960|  2042880|  1021440|   80|
+---------------------+---------+------+---------+---------+-----+
|Utilization SLR (%)  |        0|    ~0|       ~0|       ~0|    0|
+---------------------+---------+------+---------+---------+-----+
|Available            |     4320|  3840|  8171520|  4085760|  320|
+---------------------+---------+------+---------+---------+-----+
|Utilization (%)      |        0|    ~0|       ~0|       ~0|    0|
+---------------------+---------+------+---------+---------+-----+

+ Detail: 
    * Instance: 
    +---------------------------+-----------------------+---------+----+-----+-----+-----+
    |          Instance         |         Module        | BRAM_18K| DSP|  FF | LUT | URAM|
    +---------------------------+-----------------------+---------+----+-----+-----+-----+
    |mul_40s_50s_88_5_1_U1      |mul_40s_50s_88_5_1     |        0|   6|  340|   86|    0|
    |sparsemux_53_5_40_1_1_U2   |sparsemux_53_5_40_1_1  |        0|   0|    0|  129|    0|
    |sparsemux_53_5_40_1_1_U4   |sparsemux_53_5_40_1_1  |        0|   0|    0|  129|    0|
    |sparsemux_53_5_40_1_1_U5   |sparsemux_53_5_40_1_1  |        0|   0|    0|  129|    0|
    |sparsemux_53_5_40_1_1_U6   |sparsemux_53_5_40_1_1  |        0|   0|    0|  129|    0|
    |sparsemux_53_5_40_1_1_U7   |sparsemux_53_5_40_1_1  |        0|   0|    0|  129|    0|
    |sparsemux_53_5_40_1_1_U8   |sparsemux_53_5_40_1_1  |        0|   0|    0|  129|    0|
    |sparsemux_53_5_40_1_1_U9   |sparsemux_53_5_40_1_1  |        0|   0|    0|  129|    0|
    |sparsemux_53_5_40_1_1_U10  |sparsemux_53_5_40_1_1  |        0|   0|    0|  129|    0|
    |sparsemux_53_5_40_1_1_U11  |sparsemux_53_5_40_1_1  |        0|   0|    0|  129|    0|
    |sparsemux_53_5_40_1_1_U12  |sparsemux_53_5_40_1_1  |        0|   0|    0|  129|    0|
    |sparsemux_53_5_40_1_1_U13  |sparsemux_53_5_40_1_1  |        0|   0|    0|  129|    0|
    |sparsemux_53_5_40_1_1_U14  |sparsemux_53_5_40_1_1  |        0|   0|    0|  129|    0|
    |sparsemux_53_5_40_1_1_U15  |sparsemux_53_5_40_1_1  |        0|   0|    0|  129|    0|
    |sparsemux_53_5_40_1_1_U16  |sparsemux_53_5_40_1_1  |        0|   0|    0|  129|    0|
    |sparsemux_53_5_40_1_1_U17  |sparsemux_53_5_40_1_1  |        0|   0|    0|  129|    0|
    |sparsemux_53_5_40_1_1_U18  |sparsemux_53_5_40_1_1  |        0|   0|    0|  129|    0|
    |sparsemux_53_5_40_1_1_U19  |sparsemux_53_5_40_1_1  |        0|   0|    0|  129|    0|
    |sparsemux_53_5_40_1_1_U21  |sparsemux_53_5_40_1_1  |        0|   0|    0|  129|    0|
    |sparsemux_53_5_40_1_1_U22  |sparsemux_53_5_40_1_1  |        0|   0|    0|  129|    0|
    |sparsemux_53_5_40_1_1_U23  |sparsemux_53_5_40_1_1  |        0|   0|    0|  129|    0|
    |sparsemux_53_5_40_1_1_U24  |sparsemux_53_5_40_1_1  |        0|   0|    0|  129|    0|
    |sparsemux_53_5_40_1_1_U25  |sparsemux_53_5_40_1_1  |        0|   0|    0|  129|    0|
    |sparsemux_53_5_40_1_1_U26  |sparsemux_53_5_40_1_1  |        0|   0|    0|  129|    0|
    |sparsemux_53_5_40_1_1_U27  |sparsemux_53_5_40_1_1  |        0|   0|    0|  129|    0|
    |sparsemux_53_5_40_1_1_U28  |sparsemux_53_5_40_1_1  |        0|   0|    0|  129|    0|
    |sparsemux_53_5_40_1_1_U29  |sparsemux_53_5_40_1_1  |        0|   0|    0|  129|    0|
    |sparsemux_53_5_40_1_1_U30  |sparsemux_53_5_40_1_1  |        0|   0|    0|  129|    0|
    |sparsemux_55_5_1_1_1_U20   |sparsemux_55_5_1_1_1   |        0|   0|    0|  134|    0|
    |sparsemux_55_5_40_1_1_U3   |sparsemux_55_5_40_1_1  |        0|   0|    0|  134|    0|
    +---------------------------+-----------------------+---------+----+-----+-----+-----+
    |Total                      |                       |        0|   6|  340| 3837|    0|
    +---------------------------+-----------------------+---------+----+-----+-----+-----+

    * DSP: 
    N/A

    * Memory: 
    N/A

    * FIFO: 
    N/A

    * Expression: 
    +--------------------------+----------+----+---+----+------------+------------+
    |       Variable Name      | Operation| DSP| FF| LUT| Bitwidth P0| Bitwidth P1|
    +--------------------------+----------+----+---+----+------------+------------+
    |field_11_fu_7389_p2       |         +|   0|  0|  47|          40|          40|
    |field_13_fu_7412_p2       |         +|   0|  0|  47|          40|          40|
    |field_15_fu_7659_p2       |         +|   0|  0|  47|          40|          40|
    |field_17_fu_7682_p2       |         +|   0|  0|  47|          40|          40|
    |field_19_fu_7929_p2       |         +|   0|  0|  47|          40|          40|
    |field_21_fu_7952_p2       |         +|   0|  0|  47|          40|          40|
    |field_23_fu_8199_p2       |         +|   0|  0|  47|          40|          40|
    |field_25_fu_8222_p2       |         +|   0|  0|  47|          40|          40|
    |field_27_fu_8469_p2       |         +|   0|  0|  47|          40|          40|
    |field_29_fu_8492_p2       |         +|   0|  0|  47|          40|          40|
    |field_2_fu_6602_p2        |         +|   0|  0|  47|          40|          40|
    |field_31_fu_8840_p2       |         +|   0|  0|  47|          40|          40|
    |field_33_fu_8862_p2       |         +|   0|  0|  47|          40|          40|
    |field_35_fu_9108_p2       |         +|   0|  0|  47|          40|          40|
    |field_37_fu_9130_p2       |         +|   0|  0|  47|          40|          40|
    |field_39_fu_9376_p2       |         +|   0|  0|  47|          40|          40|
    |field_3_fu_6849_p2        |         +|   0|  0|  47|          40|          40|
    |field_41_fu_9398_p2       |         +|   0|  0|  47|          40|          40|
    |field_43_fu_9644_p2       |         +|   0|  0|  47|          40|          40|
    |field_45_fu_9666_p2       |         +|   0|  0|  47|          40|          40|
    |field_47_fu_9912_p2       |         +|   0|  0|  47|          40|          40|
    |field_49_fu_9934_p2       |         +|   0|  0|  47|          40|          40|
    |field_51_fu_10180_p2      |         +|   0|  0|  47|          40|          40|
    |field_53_fu_10202_p2      |         +|   0|  0|  47|          40|          40|
    |field_5_fu_6872_p2        |         +|   0|  0|  47|          40|          40|
    |field_7_fu_7119_p2        |         +|   0|  0|  47|          40|          40|
    |field_9_fu_7142_p2        |         +|   0|  0|  47|          40|          40|
    |sub_ln42_10_fu_7940_p2    |         -|   0|  0|  47|           1|          40|
    |sub_ln42_11_fu_8076_p2    |         -|   0|  0|  47|           1|          40|
    |sub_ln42_12_fu_8210_p2    |         -|   0|  0|  47|           1|          40|
    |sub_ln42_13_fu_8346_p2    |         -|   0|  0|  47|           1|          40|
    |sub_ln42_14_fu_8480_p2    |         -|   0|  0|  47|           1|          40|
    |sub_ln42_15_fu_8616_p2    |         -|   0|  0|  47|           1|          40|
    |sub_ln42_16_fu_8851_p2    |         -|   0|  0|  47|           1|          40|
    |sub_ln42_17_fu_8986_p2    |         -|   0|  0|  47|           1|          40|
    |sub_ln42_18_fu_9119_p2    |         -|   0|  0|  47|           1|          40|
    |sub_ln42_19_fu_9254_p2    |         -|   0|  0|  47|           1|          40|
    |sub_ln42_1_fu_6726_p2     |         -|   0|  0|  47|           1|          40|
    |sub_ln42_20_fu_9387_p2    |         -|   0|  0|  47|           1|          40|
    |sub_ln42_21_fu_9522_p2    |         -|   0|  0|  47|           1|          40|
    |sub_ln42_22_fu_9655_p2    |         -|   0|  0|  47|           1|          40|
    |sub_ln42_23_fu_9790_p2    |         -|   0|  0|  47|           1|          40|
    |sub_ln42_24_fu_9923_p2    |         -|   0|  0|  47|           1|          40|
    |sub_ln42_25_fu_10058_p2   |         -|   0|  0|  47|           1|          40|
    |sub_ln42_26_fu_10191_p2   |         -|   0|  0|  47|           1|          40|
    |sub_ln42_2_fu_6860_p2     |         -|   0|  0|  47|           1|          40|
    |sub_ln42_3_fu_6996_p2     |         -|   0|  0|  47|           1|          40|
    |sub_ln42_4_fu_7130_p2     |         -|   0|  0|  47|           1|          40|
    |sub_ln42_5_fu_7266_p2     |         -|   0|  0|  47|           1|          40|
    |sub_ln42_6_fu_7400_p2     |         -|   0|  0|  47|           1|          40|
    |sub_ln42_7_fu_7536_p2     |         -|   0|  0|  47|           1|          40|
    |sub_ln42_8_fu_7670_p2     |         -|   0|  0|  47|           1|          40|
    |sub_ln42_9_fu_7806_p2     |         -|   0|  0|  47|           1|          40|
    |sub_ln42_fu_6590_p2       |         -|   0|  0|  47|           1|          40|
    |icmp_ln147_10_fu_6373_p2  |      icmp|   0|  0|  39|          32|           4|
    |icmp_ln147_11_fu_6379_p2  |      icmp|   0|  0|  39|          32|           4|
    |icmp_ln147_12_fu_6385_p2  |      icmp|   0|  0|  39|          32|           4|
    |icmp_ln147_13_fu_6391_p2  |      icmp|   0|  0|  39|          32|           4|
    |icmp_ln147_14_fu_6397_p2  |      icmp|   0|  0|  39|          32|           4|
    |icmp_ln147_15_fu_6403_p2  |      icmp|   0|  0|  39|          32|           4|
    |icmp_ln147_16_fu_6409_p2  |      icmp|   0|  0|  39|          32|           5|
    |icmp_ln147_17_fu_6415_p2  |      icmp|   0|  0|  39|          32|           5|
    |icmp_ln147_18_fu_6421_p2  |      icmp|   0|  0|  39|          32|           5|
    |icmp_ln147_19_fu_6427_p2  |      icmp|   0|  0|  39|          32|           5|
    |icmp_ln147_1_fu_6319_p2   |      icmp|   0|  0|  39|          32|           1|
    |icmp_ln147_20_fu_6433_p2  |      icmp|   0|  0|  39|          32|           5|
    |icmp_ln147_21_fu_6439_p2  |      icmp|   0|  0|  39|          32|           5|
    |icmp_ln147_22_fu_6445_p2  |      icmp|   0|  0|  39|          32|           5|
    |icmp_ln147_23_fu_6451_p2  |      icmp|   0|  0|  39|          32|           5|
    |icmp_ln147_24_fu_6457_p2  |      icmp|   0|  0|  39|          32|           5|
    |icmp_ln147_25_fu_6463_p2  |      icmp|   0|  0|  39|          32|           5|
    |icmp_ln147_26_fu_6469_p2  |      icmp|   0|  0|  39|          32|           5|
    |icmp_ln147_2_fu_6325_p2   |      icmp|   0|  0|  39|          32|           2|
    |icmp_ln147_3_fu_6331_p2   |      icmp|   0|  0|  39|          32|           2|
    |icmp_ln147_4_fu_6337_p2   |      icmp|   0|  0|  39|          32|           3|
    |icmp_ln147_5_fu_6343_p2   |      icmp|   0|  0|  39|          32|           3|
    |icmp_ln147_6_fu_6349_p2   |      icmp|   0|  0|  39|          32|           3|
    |icmp_ln147_7_fu_6355_p2   |      icmp|   0|  0|  39|          32|           3|
    |icmp_ln147_8_fu_6361_p2   |      icmp|   0|  0|  39|          32|           4|
    |icmp_ln147_9_fu_6367_p2   |      icmp|   0|  0|  39|          32|           4|
    |icmp_ln147_fu_6201_p2     |      icmp|   0|  0|  39|          32|           1|
    |field_10_fu_7148_p3       |    select|   0|  0|  40|           1|          40|
    |field_12_fu_7394_p3       |    select|   0|  0|  40|           1|          40|
    |field_14_fu_7418_p3       |    select|   0|  0|  40|           1|          40|
    |field_16_fu_7664_p3       |    select|   0|  0|  40|           1|          40|
    |field_18_fu_7688_p3       |    select|   0|  0|  40|           1|          40|
    |field_1_fu_6608_p3        |    select|   0|  0|  40|           1|          40|
    |field_20_fu_7934_p3       |    select|   0|  0|  40|           1|          40|
    |field_22_fu_7958_p3       |    select|   0|  0|  40|           1|          40|
    |field_24_fu_8204_p3       |    select|   0|  0|  40|           1|          40|
    |field_26_fu_8228_p3       |    select|   0|  0|  40|           1|          40|
    |field_28_fu_8474_p3       |    select|   0|  0|  40|           1|          40|
    |field_30_fu_8498_p3       |    select|   0|  0|  40|           1|          40|
    |field_32_fu_8845_p3       |    select|   0|  0|  40|           1|          40|
    |field_34_fu_8868_p3       |    select|   0|  0|  40|           1|          40|
    |field_36_fu_9113_p3       |    select|   0|  0|  40|           1|          40|
    |field_38_fu_9136_p3       |    select|   0|  0|  40|           1|          40|
    |field_40_fu_9381_p3       |    select|   0|  0|  40|           1|          40|
    |field_42_fu_9404_p3       |    select|   0|  0|  40|           1|          40|
    |field_44_fu_9649_p3       |    select|   0|  0|  40|           1|          40|
    |field_46_fu_9672_p3       |    select|   0|  0|  40|           1|          40|
    |field_48_fu_9917_p3       |    select|   0|  0|  40|           1|          40|
    |field_4_fu_6854_p3        |    select|   0|  0|  40|           1|          40|
    |field_50_fu_9940_p3       |    select|   0|  0|  40|           1|          40|
    |field_52_fu_10185_p3      |    select|   0|  0|  40|           1|          40|
    |field_54_fu_10208_p3      |    select|   0|  0|  40|           1|          40|
    |field_6_fu_6878_p3        |    select|   0|  0|  40|           1|          40|
    |field_8_fu_7124_p3        |    select|   0|  0|  40|           1|          40|
    |out_fu_10234_p3           |    select|   0|  0|  40|           1|          40|
    |term_10_fu_7945_p3        |    select|   0|  0|  40|           1|          40|
    |term_11_fu_8193_p3        |    select|   0|  0|  40|           1|          40|
    |term_12_fu_8215_p3        |    select|   0|  0|  40|           1|          40|
    |term_13_fu_8463_p3        |    select|   0|  0|  40|           1|          40|
    |term_14_fu_8485_p3        |    select|   0|  0|  40|           1|          40|
    |term_15_fu_8835_p3        |    select|   0|  0|  40|           1|          40|
    |term_16_fu_8856_p3        |    select|   0|  0|  40|           1|          40|
    |term_17_fu_9103_p3        |    select|   0|  0|  40|           1|          40|
    |term_18_fu_9124_p3        |    select|   0|  0|  40|           1|          40|
    |term_19_fu_9371_p3        |    select|   0|  0|  40|           1|          40|
    |term_1_fu_6843_p3         |    select|   0|  0|  40|           1|          40|
    |term_20_fu_9392_p3        |    select|   0|  0|  40|           1|          40|
    |term_21_fu_9639_p3        |    select|   0|  0|  40|           1|          40|
    |term_22_fu_9660_p3        |    select|   0|  0|  40|           1|          40|
    |term_23_fu_9907_p3        |    select|   0|  0|  40|           1|          40|
    |term_24_fu_9928_p3        |    select|   0|  0|  40|           1|          40|
    |term_25_fu_10175_p3       |    select|   0|  0|  40|           1|          40|
    |term_26_fu_10196_p3       |    select|   0|  0|  40|           1|          40|
    |term_2_fu_6865_p3         |    select|   0|  0|  40|           1|          40|
    |term_3_fu_7113_p3         |    select|   0|  0|  40|           1|          40|
    |term_4_fu_7135_p3         |    select|   0|  0|  40|           1|          40|
    |term_5_fu_7383_p3         |    select|   0|  0|  40|           1|          40|
    |term_6_fu_7405_p3         |    select|   0|  0|  40|           1|          40|
    |term_7_fu_7653_p3         |    select|   0|  0|  40|           1|          40|
    |term_8_fu_7675_p3         |    select|   0|  0|  40|           1|          40|
    |term_9_fu_7923_p3         |    select|   0|  0|  40|           1|          40|
    |term_fu_6595_p3           |    select|   0|  0|  40|           1|          40|
    +--------------------------+----------+----+---+----+------------+------------+
    |Total                     |          |   0|  0|5791|        2026|        4465|
    +--------------------------+----------+----+---+----+------------+------------+

    * Multiplexer: 
    +-----------+-----+-----------+-----+-----------+
    |    Name   | LUT | Input Size| Bits| Total Bits|
    +-----------+-----+-----------+-----+-----------+
    |ap_NS_fsm  |  102|         21|    1|         21|
    |ap_return  |    9|          2|   40|         80|
    +-----------+-----+-----------+-----+-----------+
    |Total      |  111|         23|   41|        101|
    +-----------+-----+-----------+-----+-----------+

    * Register: 
    +-------------------------+----+----+-----+-----------+
    |           Name          | FF | LUT| Bits| Const Bits|
    +-------------------------+----+----+-----+-----------+
    |a_10_reg_10563           |  40|   0|   40|          0|
    |a_11_reg_10585           |  40|   0|   40|          0|
    |a_12_reg_10595           |  40|   0|   40|          0|
    |a_13_reg_10617           |  40|   0|   40|          0|
    |a_14_reg_10627           |  40|   0|   40|          0|
    |a_15_reg_10699           |  40|   0|   40|          0|
    |a_16_reg_10709           |  40|   0|   40|          0|
    |a_17_reg_10726           |  40|   0|   40|          0|
    |a_18_reg_10736           |  40|   0|   40|          0|
    |a_19_reg_10748           |  40|   0|   40|          0|
    |a_1_reg_10425            |  40|   0|   40|          0|
    |a_20_reg_10758           |  40|   0|   40|          0|
    |a_21_reg_10770           |  40|   0|   40|          0|
    |a_22_reg_10780           |  40|   0|   40|          0|
    |a_23_reg_10792           |  40|   0|   40|          0|
    |a_24_reg_10802           |  40|   0|   40|          0|
    |a_25_reg_10814           |  40|   0|   40|          0|
    |a_26_reg_10824           |  40|   0|   40|          0|
    |a_2_reg_10435            |  40|   0|   40|          0|
    |a_3_reg_10457            |  40|   0|   40|          0|
    |a_4_reg_10467            |  40|   0|   40|          0|
    |a_5_reg_10489            |  40|   0|   40|          0|
    |a_6_reg_10499            |  40|   0|   40|          0|
    |a_7_reg_10521            |  40|   0|   40|          0|
    |a_8_reg_10531            |  40|   0|   40|          0|
    |a_9_reg_10553            |  40|   0|   40|          0|
    |a_reg_10278              |  40|   0|   40|          0|
    |ap_CS_fsm                |  20|   0|   20|          0|
    |ap_return_preg           |  40|   0|   40|          0|
    |b_reg_10715              |   1|   0|    1|          0|
    |field_10_reg_10483       |  40|   0|   40|          0|
    |field_14_reg_10515       |  40|   0|   40|          0|
    |field_18_reg_10547       |  40|   0|   40|          0|
    |field_1_reg_10419        |  40|   0|   40|          0|
    |field_22_reg_10579       |  40|   0|   40|          0|
    |field_26_reg_10611       |  40|   0|   40|          0|
    |field_30_reg_10693       |  40|   0|   40|          0|
    |field_34_reg_10720       |  40|   0|   40|          0|
    |field_38_reg_10742       |  40|   0|   40|          0|
    |field_42_reg_10764       |  40|   0|   40|          0|
    |field_46_reg_10786       |  40|   0|   40|          0|
    |field_50_reg_10808       |  40|   0|   40|          0|
    |field_54_reg_10830       |  40|   0|   40|          0|
    |field_6_reg_10451        |  40|   0|   40|          0|
    |icmp_ln147_10_reg_10329  |   1|   0|    1|          0|
    |icmp_ln147_11_reg_10334  |   1|   0|    1|          0|
    |icmp_ln147_12_reg_10339  |   1|   0|    1|          0|
    |icmp_ln147_13_reg_10344  |   1|   0|    1|          0|
    |icmp_ln147_14_reg_10349  |   1|   0|    1|          0|
    |icmp_ln147_15_reg_10354  |   1|   0|    1|          0|
    |icmp_ln147_16_reg_10359  |   1|   0|    1|          0|
    |icmp_ln147_17_reg_10364  |   1|   0|    1|          0|
    |icmp_ln147_18_reg_10369  |   1|   0|    1|          0|
    |icmp_ln147_19_reg_10374  |   1|   0|    1|          0|
    |icmp_ln147_1_reg_10284   |   1|   0|    1|          0|
    |icmp_ln147_20_reg_10379  |   1|   0|    1|          0|
    |icmp_ln147_21_reg_10384  |   1|   0|    1|          0|
    |icmp_ln147_22_reg_10389  |   1|   0|    1|          0|
    |icmp_ln147_23_reg_10394  |   1|   0|    1|          0|
    |icmp_ln147_24_reg_10399  |   1|   0|    1|          0|
    |icmp_ln147_25_reg_10404  |   1|   0|    1|          0|
    |icmp_ln147_26_reg_10409  |   1|   0|    1|          0|
    |icmp_ln147_2_reg_10289   |   1|   0|    1|          0|
    |icmp_ln147_3_reg_10294   |   1|   0|    1|          0|
    |icmp_ln147_4_reg_10299   |   1|   0|    1|          0|
    |icmp_ln147_5_reg_10304   |   1|   0|    1|          0|
    |icmp_ln147_6_reg_10309   |   1|   0|    1|          0|
    |icmp_ln147_7_reg_10314   |   1|   0|    1|          0|
    |icmp_ln147_8_reg_10319   |   1|   0|    1|          0|
    |icmp_ln147_9_reg_10324   |   1|   0|    1|          0|
    |icmp_ln147_reg_10273     |   1|   0|    1|          0|
    |sub_ln42_11_reg_10590    |  40|   0|   40|          0|
    |sub_ln42_13_reg_10622    |  40|   0|   40|          0|
    |sub_ln42_15_reg_10704    |  40|   0|   40|          0|
    |sub_ln42_17_reg_10731    |  40|   0|   40|          0|
    |sub_ln42_19_reg_10753    |  40|   0|   40|          0|
    |sub_ln42_1_reg_10430     |  40|   0|   40|          0|
    |sub_ln42_21_reg_10775    |  40|   0|   40|          0|
    |sub_ln42_23_reg_10797    |  40|   0|   40|          0|
    |sub_ln42_25_reg_10819    |  40|   0|   40|          0|
    |sub_ln42_3_reg_10462     |  40|   0|   40|          0|
    |sub_ln42_5_reg_10494     |  40|   0|   40|          0|
    |sub_ln42_7_reg_10526     |  40|   0|   40|          0|
    |sub_ln42_9_reg_10558     |  40|   0|   40|          0|
    |trunc_ln137_reg_10241    |   5|   0|    5|          0|
    +-------------------------+----+----+-----+-----------+
    |Total                    |2253|   0| 2253|          0|
    +-------------------------+----+----+-----+-----------+



================================================================
== Interface
================================================================
* Summary: 
+-------------+-----+-----+------------+--------------------+--------------+
|  RTL Ports  | Dir | Bits|  Protocol  |    Source Object   |    C Type    |
+-------------+-----+-----+------------+--------------------+--------------+
|ap_clk       |   in|    1|  ap_ctrl_hs|  local_delta_energy|  return value|
|ap_rst       |   in|    1|  ap_ctrl_hs|  local_delta_energy|  return value|
|ap_start     |   in|    1|  ap_ctrl_hs|  local_delta_energy|  return value|
|ap_done      |  out|    1|  ap_ctrl_hs|  local_delta_energy|  return value|
|ap_idle      |  out|    1|  ap_ctrl_hs|  local_delta_energy|  return value|
|ap_ready     |  out|    1|  ap_ctrl_hs|  local_delta_energy|  return value|
|ap_return    |  out|   40|  ap_ctrl_hs|  local_delta_energy|  return value|
|J_0_1_val    |   in|   40|     ap_none|           J_0_1_val|        scalar|
|J_0_2_val    |   in|   40|     ap_none|           J_0_2_val|        scalar|
|J_0_3_val    |   in|   40|     ap_none|           J_0_3_val|        scalar|
|J_0_4_val    |   in|   40|     ap_none|           J_0_4_val|        scalar|
|J_0_5_val    |   in|   40|     ap_none|           J_0_5_val|        scalar|
|J_0_6_val    |   in|   40|     ap_none|           J_0_6_val|        scalar|
|J_0_7_val    |   in|   40|     ap_none|           J_0_7_val|        scalar|
|J_0_8_val    |   in|   40|     ap_none|           J_0_8_val|        scalar|
|J_0_9_val    |   in|   40|     ap_none|           J_0_9_val|        scalar|
|J_0_10_val   |   in|   40|     ap_none|          J_0_10_val|        scalar|
|J_0_11_val   |   in|   40|     ap_none|          J_0_11_val|        scalar|
|J_0_12_val   |   in|   40|     ap_none|          J_0_12_val|        scalar|
|J_0_13_val   |   in|   40|     ap_none|          J_0_13_val|        scalar|
|J_0_14_val   |   in|   40|     ap_none|          J_0_14_val|        scalar|
|J_0_15_val   |   in|   40|     ap_none|          J_0_15_val|        scalar|
|J_0_16_val   |   in|   40|     ap_none|          J_0_16_val|        scalar|
|J_0_17_val   |   in|   40|     ap_none|          J_0_17_val|        scalar|
|J_0_18_val   |   in|   40|     ap_none|          J_0_18_val|        scalar|
|J_0_19_val   |   in|   40|     ap_none|          J_0_19_val|        scalar|
|J_0_20_val   |   in|   40|     ap_none|          J_0_20_val|        scalar|
|J_0_21_val   |   in|   40|     ap_none|          J_0_21_val|        scalar|
|J_0_22_val   |   in|   40|     ap_none|          J_0_22_val|        scalar|
|J_0_23_val   |   in|   40|     ap_none|          J_0_23_val|        scalar|
|J_0_24_val   |   in|   40|     ap_none|          J_0_24_val|        scalar|
|J_0_25_val   |   in|   40|     ap_none|          J_0_25_val|        scalar|
|J_0_26_val   |   in|   40|     ap_none|          J_0_26_val|        scalar|
|J_1_0_val    |   in|   40|     ap_none|           J_1_0_val|        scalar|
|J_1_2_val    |   in|   40|     ap_none|           J_1_2_val|        scalar|
|J_1_3_val    |   in|   40|     ap_none|           J_1_3_val|        scalar|
|J_1_4_val    |   in|   40|     ap_none|           J_1_4_val|        scalar|
|J_1_5_val    |   in|   40|     ap_none|           J_1_5_val|        scalar|
|J_1_6_val    |   in|   40|     ap_none|           J_1_6_val|        scalar|
|J_1_7_val    |   in|   40|     ap_none|           J_1_7_val|        scalar|
|J_1_8_val    |   in|   40|     ap_none|           J_1_8_val|        scalar|
|J_1_9_val    |   in|   40|     ap_none|           J_1_9_val|        scalar|
|J_1_10_val   |   in|   40|     ap_none|          J_1_10_val|        scalar|
|J_1_11_val   |   in|   40|     ap_none|          J_1_11_val|        scalar|
|J_1_12_val   |   in|   40|     ap_none|          J_1_12_val|        scalar|
|J_1_13_val   |   in|   40|     ap_none|          J_1_13_val|        scalar|
|J_1_14_val   |   in|   40|     ap_none|          J_1_14_val|        scalar|
|J_1_15_val   |   in|   40|     ap_none|          J_1_15_val|        scalar|
|J_1_16_val   |   in|   40|     ap_none|          J_1_16_val|        scalar|
|J_1_17_val   |   in|   40|     ap_none|          J_1_17_val|        scalar|
|J_1_18_val   |   in|   40|     ap_none|          J_1_18_val|        scalar|
|J_1_19_val   |   in|   40|     ap_none|          J_1_19_val|        scalar|
|J_1_20_val   |   in|   40|     ap_none|          J_1_20_val|        scalar|
|J_1_21_val   |   in|   40|     ap_none|          J_1_21_val|        scalar|
|J_1_22_val   |   in|   40|     ap_none|          J_1_22_val|        scalar|
|J_1_23_val   |   in|   40|     ap_none|          J_1_23_val|        scalar|
|J_1_24_val   |   in|   40|     ap_none|          J_1_24_val|        scalar|
|J_1_25_val   |   in|   40|     ap_none|          J_1_25_val|        scalar|
|J_1_26_val   |   in|   40|     ap_none|          J_1_26_val|        scalar|
|J_2_0_val    |   in|   40|     ap_none|           J_2_0_val|        scalar|
|J_2_1_val    |   in|   40|     ap_none|           J_2_1_val|        scalar|
|J_2_3_val    |   in|   40|     ap_none|           J_2_3_val|        scalar|
|J_2_4_val    |   in|   40|     ap_none|           J_2_4_val|        scalar|
|J_2_5_val    |   in|   40|     ap_none|           J_2_5_val|        scalar|
|J_2_6_val    |   in|   40|     ap_none|           J_2_6_val|        scalar|
|J_2_7_val    |   in|   40|     ap_none|           J_2_7_val|        scalar|
|J_2_8_val    |   in|   40|     ap_none|           J_2_8_val|        scalar|
|J_2_9_val    |   in|   40|     ap_none|           J_2_9_val|        scalar|
|J_2_10_val   |   in|   40|     ap_none|          J_2_10_val|        scalar|
|J_2_11_val   |   in|   40|     ap_none|          J_2_11_val|        scalar|
|J_2_12_val   |   in|   40|     ap_none|          J_2_12_val|        scalar|
|J_2_13_val   |   in|   40|     ap_none|          J_2_13_val|        scalar|
|J_2_14_val   |   in|   40|     ap_none|          J_2_14_val|        scalar|
|J_2_15_val   |   in|   40|     ap_none|          J_2_15_val|        scalar|
|J_2_16_val   |   in|   40|     ap_none|          J_2_16_val|        scalar|
|J_2_17_val   |   in|   40|     ap_none|          J_2_17_val|        scalar|
|J_2_18_val   |   in|   40|     ap_none|          J_2_18_val|        scalar|
|J_2_19_val   |   in|   40|     ap_none|          J_2_19_val|        scalar|
|J_2_20_val   |   in|   40|     ap_none|          J_2_20_val|        scalar|
|J_2_21_val   |   in|   40|     ap_none|          J_2_21_val|        scalar|
|J_2_22_val   |   in|   40|     ap_none|          J_2_22_val|        scalar|
|J_2_23_val   |   in|   40|     ap_none|          J_2_23_val|        scalar|
|J_2_24_val   |   in|   40|     ap_none|          J_2_24_val|        scalar|
|J_2_25_val   |   in|   40|     ap_none|          J_2_25_val|        scalar|
|J_2_26_val   |   in|   40|     ap_none|          J_2_26_val|        scalar|
|J_3_0_val    |   in|   40|     ap_none|           J_3_0_val|        scalar|
|J_3_1_val    |   in|   40|     ap_none|           J_3_1_val|        scalar|
|J_3_2_val    |   in|   40|     ap_none|           J_3_2_val|        scalar|
|J_3_4_val    |   in|   40|     ap_none|           J_3_4_val|        scalar|
|J_3_5_val    |   in|   40|     ap_none|           J_3_5_val|        scalar|
|J_3_6_val    |   in|   40|     ap_none|           J_3_6_val|        scalar|
|J_3_7_val    |   in|   40|     ap_none|           J_3_7_val|        scalar|
|J_3_8_val    |   in|   40|     ap_none|           J_3_8_val|        scalar|
|J_3_9_val    |   in|   40|     ap_none|           J_3_9_val|        scalar|
|J_3_10_val   |   in|   40|     ap_none|          J_3_10_val|        scalar|
|J_3_11_val   |   in|   40|     ap_none|          J_3_11_val|        scalar|
|J_3_12_val   |   in|   40|     ap_none|          J_3_12_val|        scalar|
|J_3_13_val   |   in|   40|     ap_none|          J_3_13_val|        scalar|
|J_3_14_val   |   in|   40|     ap_none|          J_3_14_val|        scalar|
|J_3_15_val   |   in|   40|     ap_none|          J_3_15_val|        scalar|
|J_3_16_val   |   in|   40|     ap_none|          J_3_16_val|        scalar|
|J_3_17_val   |   in|   40|     ap_none|          J_3_17_val|        scalar|
|J_3_18_val   |   in|   40|     ap_none|          J_3_18_val|        scalar|
|J_3_19_val   |   in|   40|     ap_none|          J_3_19_val|        scalar|
|J_3_20_val   |   in|   40|     ap_none|          J_3_20_val|        scalar|
|J_3_21_val   |   in|   40|     ap_none|          J_3_21_val|        scalar|
|J_3_22_val   |   in|   40|     ap_none|          J_3_22_val|        scalar|
|J_3_23_val   |   in|   40|     ap_none|          J_3_23_val|        scalar|
|J_3_24_val   |   in|   40|     ap_none|          J_3_24_val|        scalar|
|J_3_25_val   |   in|   40|     ap_none|          J_3_25_val|        scalar|
|J_3_26_val   |   in|   40|     ap_none|          J_3_26_val|        scalar|
|J_4_0_val    |   in|   40|     ap_none|           J_4_0_val|        scalar|
|J_4_1_val    |   in|   40|     ap_none|           J_4_1_val|        scalar|
|J_4_2_val    |   in|   40|     ap_none|           J_4_2_val|        scalar|
|J_4_3_val    |   in|   40|     ap_none|           J_4_3_val|        scalar|
|J_4_5_val    |   in|   40|     ap_none|           J_4_5_val|        scalar|
|J_4_6_val    |   in|   40|     ap_none|           J_4_6_val|        scalar|
|J_4_7_val    |   in|   40|     ap_none|           J_4_7_val|        scalar|
|J_4_8_val    |   in|   40|     ap_none|           J_4_8_val|        scalar|
|J_4_9_val    |   in|   40|     ap_none|           J_4_9_val|        scalar|
|J_4_10_val   |   in|   40|     ap_none|          J_4_10_val|        scalar|
|J_4_11_val   |   in|   40|     ap_none|          J_4_11_val|        scalar|
|J_4_12_val   |   in|   40|     ap_none|          J_4_12_val|        scalar|
|J_4_13_val   |   in|   40|     ap_none|          J_4_13_val|        scalar|
|J_4_14_val   |   in|   40|     ap_none|          J_4_14_val|        scalar|
|J_4_15_val   |   in|   40|     ap_none|          J_4_15_val|        scalar|
|J_4_16_val   |   in|   40|     ap_none|          J_4_16_val|        scalar|
|J_4_17_val   |   in|   40|     ap_none|          J_4_17_val|        scalar|
|J_4_18_val   |   in|   40|     ap_none|          J_4_18_val|        scalar|
|J_4_19_val   |   in|   40|     ap_none|          J_4_19_val|        scalar|
|J_4_20_val   |   in|   40|     ap_none|          J_4_20_val|        scalar|
|J_4_21_val   |   in|   40|     ap_none|          J_4_21_val|        scalar|
|J_4_22_val   |   in|   40|     ap_none|          J_4_22_val|        scalar|
|J_4_23_val   |   in|   40|     ap_none|          J_4_23_val|        scalar|
|J_4_24_val   |   in|   40|     ap_none|          J_4_24_val|        scalar|
|J_4_25_val   |   in|   40|     ap_none|          J_4_25_val|        scalar|
|J_4_26_val   |   in|   40|     ap_none|          J_4_26_val|        scalar|
|J_5_0_val    |   in|   40|     ap_none|           J_5_0_val|        scalar|
|J_5_1_val    |   in|   40|     ap_none|           J_5_1_val|        scalar|
|J_5_2_val    |   in|   40|     ap_none|           J_5_2_val|        scalar|
|J_5_3_val    |   in|   40|     ap_none|           J_5_3_val|        scalar|
|J_5_4_val    |   in|   40|     ap_none|           J_5_4_val|        scalar|
|J_5_6_val    |   in|   40|     ap_none|           J_5_6_val|        scalar|
|J_5_7_val    |   in|   40|     ap_none|           J_5_7_val|        scalar|
|J_5_8_val    |   in|   40|     ap_none|           J_5_8_val|        scalar|
|J_5_9_val    |   in|   40|     ap_none|           J_5_9_val|        scalar|
|J_5_10_val   |   in|   40|     ap_none|          J_5_10_val|        scalar|
|J_5_11_val   |   in|   40|     ap_none|          J_5_11_val|        scalar|
|J_5_12_val   |   in|   40|     ap_none|          J_5_12_val|        scalar|
|J_5_13_val   |   in|   40|     ap_none|          J_5_13_val|        scalar|
|J_5_14_val   |   in|   40|     ap_none|          J_5_14_val|        scalar|
|J_5_15_val   |   in|   40|     ap_none|          J_5_15_val|        scalar|
|J_5_16_val   |   in|   40|     ap_none|          J_5_16_val|        scalar|
|J_5_17_val   |   in|   40|     ap_none|          J_5_17_val|        scalar|
|J_5_18_val   |   in|   40|     ap_none|          J_5_18_val|        scalar|
|J_5_19_val   |   in|   40|     ap_none|          J_5_19_val|        scalar|
|J_5_20_val   |   in|   40|     ap_none|          J_5_20_val|        scalar|
|J_5_21_val   |   in|   40|     ap_none|          J_5_21_val|        scalar|
|J_5_22_val   |   in|   40|     ap_none|          J_5_22_val|        scalar|
|J_5_23_val   |   in|   40|     ap_none|          J_5_23_val|        scalar|
|J_5_24_val   |   in|   40|     ap_none|          J_5_24_val|        scalar|
|J_5_25_val   |   in|   40|     ap_none|          J_5_25_val|        scalar|
|J_5_26_val   |   in|   40|     ap_none|          J_5_26_val|        scalar|
|J_6_0_val    |   in|   40|     ap_none|           J_6_0_val|        scalar|
|J_6_1_val    |   in|   40|     ap_none|           J_6_1_val|        scalar|
|J_6_2_val    |   in|   40|     ap_none|           J_6_2_val|        scalar|
|J_6_3_val    |   in|   40|     ap_none|           J_6_3_val|        scalar|
|J_6_4_val    |   in|   40|     ap_none|           J_6_4_val|        scalar|
|J_6_5_val    |   in|   40|     ap_none|           J_6_5_val|        scalar|
|J_6_7_val    |   in|   40|     ap_none|           J_6_7_val|        scalar|
|J_6_8_val    |   in|   40|     ap_none|           J_6_8_val|        scalar|
|J_6_9_val    |   in|   40|     ap_none|           J_6_9_val|        scalar|
|J_6_10_val   |   in|   40|     ap_none|          J_6_10_val|        scalar|
|J_6_11_val   |   in|   40|     ap_none|          J_6_11_val|        scalar|
|J_6_12_val   |   in|   40|     ap_none|          J_6_12_val|        scalar|
|J_6_13_val   |   in|   40|     ap_none|          J_6_13_val|        scalar|
|J_6_14_val   |   in|   40|     ap_none|          J_6_14_val|        scalar|
|J_6_15_val   |   in|   40|     ap_none|          J_6_15_val|        scalar|
|J_6_16_val   |   in|   40|     ap_none|          J_6_16_val|        scalar|
|J_6_17_val   |   in|   40|     ap_none|          J_6_17_val|        scalar|
|J_6_18_val   |   in|   40|     ap_none|          J_6_18_val|        scalar|
|J_6_19_val   |   in|   40|     ap_none|          J_6_19_val|        scalar|
|J_6_20_val   |   in|   40|     ap_none|          J_6_20_val|        scalar|
|J_6_21_val   |   in|   40|     ap_none|          J_6_21_val|        scalar|
|J_6_22_val   |   in|   40|     ap_none|          J_6_22_val|        scalar|
|J_6_23_val   |   in|   40|     ap_none|          J_6_23_val|        scalar|
|J_6_24_val   |   in|   40|     ap_none|          J_6_24_val|        scalar|
|J_6_25_val   |   in|   40|     ap_none|          J_6_25_val|        scalar|
|J_6_26_val   |   in|   40|     ap_none|          J_6_26_val|        scalar|
|J_7_0_val    |   in|   40|     ap_none|           J_7_0_val|        scalar|
|J_7_1_val    |   in|   40|     ap_none|           J_7_1_val|        scalar|
|J_7_2_val    |   in|   40|     ap_none|           J_7_2_val|        scalar|
|J_7_3_val    |   in|   40|     ap_none|           J_7_3_val|        scalar|
|J_7_4_val    |   in|   40|     ap_none|           J_7_4_val|        scalar|
|J_7_5_val    |   in|   40|     ap_none|           J_7_5_val|        scalar|
|J_7_6_val    |   in|   40|     ap_none|           J_7_6_val|        scalar|
|J_7_8_val    |   in|   40|     ap_none|           J_7_8_val|        scalar|
|J_7_9_val    |   in|   40|     ap_none|           J_7_9_val|        scalar|
|J_7_10_val   |   in|   40|     ap_none|          J_7_10_val|        scalar|
|J_7_11_val   |   in|   40|     ap_none|          J_7_11_val|        scalar|
|J_7_12_val   |   in|   40|     ap_none|          J_7_12_val|        scalar|
|J_7_13_val   |   in|   40|     ap_none|          J_7_13_val|        scalar|
|J_7_14_val   |   in|   40|     ap_none|          J_7_14_val|        scalar|
|J_7_15_val   |   in|   40|     ap_none|          J_7_15_val|        scalar|
|J_7_16_val   |   in|   40|     ap_none|          J_7_16_val|        scalar|
|J_7_17_val   |   in|   40|     ap_none|          J_7_17_val|        scalar|
|J_7_18_val   |   in|   40|     ap_none|          J_7_18_val|        scalar|
|J_7_19_val   |   in|   40|     ap_none|          J_7_19_val|        scalar|
|J_7_20_val   |   in|   40|     ap_none|          J_7_20_val|        scalar|
|J_7_21_val   |   in|   40|     ap_none|          J_7_21_val|        scalar|
|J_7_22_val   |   in|   40|     ap_none|          J_7_22_val|        scalar|
|J_7_23_val   |   in|   40|     ap_none|          J_7_23_val|        scalar|
|J_7_24_val   |   in|   40|     ap_none|          J_7_24_val|        scalar|
|J_7_25_val   |   in|   40|     ap_none|          J_7_25_val|        scalar|
|J_7_26_val   |   in|   40|     ap_none|          J_7_26_val|        scalar|
|J_8_0_val    |   in|   40|     ap_none|           J_8_0_val|        scalar|
|J_8_1_val    |   in|   40|     ap_none|           J_8_1_val|        scalar|
|J_8_2_val    |   in|   40|     ap_none|           J_8_2_val|        scalar|
|J_8_3_val    |   in|   40|     ap_none|           J_8_3_val|        scalar|
|J_8_4_val    |   in|   40|     ap_none|           J_8_4_val|        scalar|
|J_8_5_val    |   in|   40|     ap_none|           J_8_5_val|        scalar|
|J_8_6_val    |   in|   40|     ap_none|           J_8_6_val|        scalar|
|J_8_7_val    |   in|   40|     ap_none|           J_8_7_val|        scalar|
|J_8_9_val    |   in|   40|     ap_none|           J_8_9_val|        scalar|
|J_8_10_val   |   in|   40|     ap_none|          J_8_10_val|        scalar|
|J_8_11_val   |   in|   40|     ap_none|          J_8_11_val|        scalar|
|J_8_12_val   |   in|   40|     ap_none|          J_8_12_val|        scalar|
|J_8_13_val   |   in|   40|     ap_none|          J_8_13_val|        scalar|
|J_8_14_val   |   in|   40|     ap_none|          J_8_14_val|        scalar|
|J_8_15_val   |   in|   40|     ap_none|          J_8_15_val|        scalar|
|J_8_16_val   |   in|   40|     ap_none|          J_8_16_val|        scalar|
|J_8_17_val   |   in|   40|     ap_none|          J_8_17_val|        scalar|
|J_8_18_val   |   in|   40|     ap_none|          J_8_18_val|        scalar|
|J_8_19_val   |   in|   40|     ap_none|          J_8_19_val|        scalar|
|J_8_20_val   |   in|   40|     ap_none|          J_8_20_val|        scalar|
|J_8_21_val   |   in|   40|     ap_none|          J_8_21_val|        scalar|
|J_8_22_val   |   in|   40|     ap_none|          J_8_22_val|        scalar|
|J_8_23_val   |   in|   40|     ap_none|          J_8_23_val|        scalar|
|J_8_24_val   |   in|   40|     ap_none|          J_8_24_val|        scalar|
|J_8_25_val   |   in|   40|     ap_none|          J_8_25_val|        scalar|
|J_8_26_val   |   in|   40|     ap_none|          J_8_26_val|        scalar|
|J_9_0_val    |   in|   40|     ap_none|           J_9_0_val|        scalar|
|J_9_1_val    |   in|   40|     ap_none|           J_9_1_val|        scalar|
|J_9_2_val    |   in|   40|     ap_none|           J_9_2_val|        scalar|
|J_9_3_val    |   in|   40|     ap_none|           J_9_3_val|        scalar|
|J_9_4_val    |   in|   40|     ap_none|           J_9_4_val|        scalar|
|J_9_5_val    |   in|   40|     ap_none|           J_9_5_val|        scalar|
|J_9_6_val    |   in|   40|     ap_none|           J_9_6_val|        scalar|
|J_9_7_val    |   in|   40|     ap_none|           J_9_7_val|        scalar|
|J_9_8_val    |   in|   40|     ap_none|           J_9_8_val|        scalar|
|J_9_10_val   |   in|   40|     ap_none|          J_9_10_val|        scalar|
|J_9_11_val   |   in|   40|     ap_none|          J_9_11_val|        scalar|
|J_9_12_val   |   in|   40|     ap_none|          J_9_12_val|        scalar|
|J_9_13_val   |   in|   40|     ap_none|          J_9_13_val|        scalar|
|J_9_14_val   |   in|   40|     ap_none|          J_9_14_val|        scalar|
|J_9_15_val   |   in|   40|     ap_none|          J_9_15_val|        scalar|
|J_9_16_val   |   in|   40|     ap_none|          J_9_16_val|        scalar|
|J_9_17_val   |   in|   40|     ap_none|          J_9_17_val|        scalar|
|J_9_18_val   |   in|   40|     ap_none|          J_9_18_val|        scalar|
|J_9_19_val   |   in|   40|     ap_none|          J_9_19_val|        scalar|
|J_9_20_val   |   in|   40|     ap_none|          J_9_20_val|        scalar|
|J_9_21_val   |   in|   40|     ap_none|          J_9_21_val|        scalar|
|J_9_22_val   |   in|   40|     ap_none|          J_9_22_val|        scalar|
|J_9_23_val   |   in|   40|     ap_none|          J_9_23_val|        scalar|
|J_9_24_val   |   in|   40|     ap_none|          J_9_24_val|        scalar|
|J_9_25_val   |   in|   40|     ap_none|          J_9_25_val|        scalar|
|J_9_26_val   |   in|   40|     ap_none|          J_9_26_val|        scalar|
|J_10_0_val   |   in|   40|     ap_none|          J_10_0_val|        scalar|
|J_10_1_val   |   in|   40|     ap_none|          J_10_1_val|        scalar|
|J_10_2_val   |   in|   40|     ap_none|          J_10_2_val|        scalar|
|J_10_3_val   |   in|   40|     ap_none|          J_10_3_val|        scalar|
|J_10_4_val   |   in|   40|     ap_none|          J_10_4_val|        scalar|
|J_10_5_val   |   in|   40|     ap_none|          J_10_5_val|        scalar|
|J_10_6_val   |   in|   40|     ap_none|          J_10_6_val|        scalar|
|J_10_7_val   |   in|   40|     ap_none|          J_10_7_val|        scalar|
|J_10_8_val   |   in|   40|     ap_none|          J_10_8_val|        scalar|
|J_10_9_val   |   in|   40|     ap_none|          J_10_9_val|        scalar|
|J_10_11_val  |   in|   40|     ap_none|         J_10_11_val|        scalar|
|J_10_12_val  |   in|   40|     ap_none|         J_10_12_val|        scalar|
|J_10_13_val  |   in|   40|     ap_none|         J_10_13_val|        scalar|
|J_10_14_val  |   in|   40|     ap_none|         J_10_14_val|        scalar|
|J_10_15_val  |   in|   40|     ap_none|         J_10_15_val|        scalar|
|J_10_16_val  |   in|   40|     ap_none|         J_10_16_val|        scalar|
|J_10_17_val  |   in|   40|     ap_none|         J_10_17_val|        scalar|
|J_10_18_val  |   in|   40|     ap_none|         J_10_18_val|        scalar|
|J_10_19_val  |   in|   40|     ap_none|         J_10_19_val|        scalar|
|J_10_20_val  |   in|   40|     ap_none|         J_10_20_val|        scalar|
|J_10_21_val  |   in|   40|     ap_none|         J_10_21_val|        scalar|
|J_10_22_val  |   in|   40|     ap_none|         J_10_22_val|        scalar|
|J_10_23_val  |   in|   40|     ap_none|         J_10_23_val|        scalar|
|J_10_24_val  |   in|   40|     ap_none|         J_10_24_val|        scalar|
|J_10_25_val  |   in|   40|     ap_none|         J_10_25_val|        scalar|
|J_10_26_val  |   in|   40|     ap_none|         J_10_26_val|        scalar|
|J_11_0_val   |   in|   40|     ap_none|          J_11_0_val|        scalar|
|J_11_1_val   |   in|   40|     ap_none|          J_11_1_val|        scalar|
|J_11_2_val   |   in|   40|     ap_none|          J_11_2_val|        scalar|
|J_11_3_val   |   in|   40|     ap_none|          J_11_3_val|        scalar|
|J_11_4_val   |   in|   40|     ap_none|          J_11_4_val|        scalar|
|J_11_5_val   |   in|   40|     ap_none|          J_11_5_val|        scalar|
|J_11_6_val   |   in|   40|     ap_none|          J_11_6_val|        scalar|
|J_11_7_val   |   in|   40|     ap_none|          J_11_7_val|        scalar|
|J_11_8_val   |   in|   40|     ap_none|          J_11_8_val|        scalar|
|J_11_9_val   |   in|   40|     ap_none|          J_11_9_val|        scalar|
|J_11_10_val  |   in|   40|     ap_none|         J_11_10_val|        scalar|
|J_11_12_val  |   in|   40|     ap_none|         J_11_12_val|        scalar|
|J_11_13_val  |   in|   40|     ap_none|         J_11_13_val|        scalar|
|J_11_14_val  |   in|   40|     ap_none|         J_11_14_val|        scalar|
|J_11_15_val  |   in|   40|     ap_none|         J_11_15_val|        scalar|
|J_11_16_val  |   in|   40|     ap_none|         J_11_16_val|        scalar|
|J_11_17_val  |   in|   40|     ap_none|         J_11_17_val|        scalar|
|J_11_18_val  |   in|   40|     ap_none|         J_11_18_val|        scalar|
|J_11_19_val  |   in|   40|     ap_none|         J_11_19_val|        scalar|
|J_11_20_val  |   in|   40|     ap_none|         J_11_20_val|        scalar|
|J_11_21_val  |   in|   40|     ap_none|         J_11_21_val|        scalar|
|J_11_22_val  |   in|   40|     ap_none|         J_11_22_val|        scalar|
|J_11_23_val  |   in|   40|     ap_none|         J_11_23_val|        scalar|
|J_11_24_val  |   in|   40|     ap_none|         J_11_24_val|        scalar|
|J_11_25_val  |   in|   40|     ap_none|         J_11_25_val|        scalar|
|J_11_26_val  |   in|   40|     ap_none|         J_11_26_val|        scalar|
|J_12_0_val   |   in|   40|     ap_none|          J_12_0_val|        scalar|
|J_12_1_val   |   in|   40|     ap_none|          J_12_1_val|        scalar|
|J_12_2_val   |   in|   40|     ap_none|          J_12_2_val|        scalar|
|J_12_3_val   |   in|   40|     ap_none|          J_12_3_val|        scalar|
|J_12_4_val   |   in|   40|     ap_none|          J_12_4_val|        scalar|
|J_12_5_val   |   in|   40|     ap_none|          J_12_5_val|        scalar|
|J_12_6_val   |   in|   40|     ap_none|          J_12_6_val|        scalar|
|J_12_7_val   |   in|   40|     ap_none|          J_12_7_val|        scalar|
|J_12_8_val   |   in|   40|     ap_none|          J_12_8_val|        scalar|
|J_12_9_val   |   in|   40|     ap_none|          J_12_9_val|        scalar|
|J_12_10_val  |   in|   40|     ap_none|         J_12_10_val|        scalar|
|J_12_11_val  |   in|   40|     ap_none|         J_12_11_val|        scalar|
|J_12_13_val  |   in|   40|     ap_none|         J_12_13_val|        scalar|
|J_12_14_val  |   in|   40|     ap_none|         J_12_14_val|        scalar|
|J_12_15_val  |   in|   40|     ap_none|         J_12_15_val|        scalar|
|J_12_16_val  |   in|   40|     ap_none|         J_12_16_val|        scalar|
|J_12_17_val  |   in|   40|     ap_none|         J_12_17_val|        scalar|
|J_12_18_val  |   in|   40|     ap_none|         J_12_18_val|        scalar|
|J_12_19_val  |   in|   40|     ap_none|         J_12_19_val|        scalar|
|J_12_20_val  |   in|   40|     ap_none|         J_12_20_val|        scalar|
|J_12_21_val  |   in|   40|     ap_none|         J_12_21_val|        scalar|
|J_12_22_val  |   in|   40|     ap_none|         J_12_22_val|        scalar|
|J_12_23_val  |   in|   40|     ap_none|         J_12_23_val|        scalar|
|J_12_24_val  |   in|   40|     ap_none|         J_12_24_val|        scalar|
|J_12_25_val  |   in|   40|     ap_none|         J_12_25_val|        scalar|
|J_12_26_val  |   in|   40|     ap_none|         J_12_26_val|        scalar|
|J_13_0_val   |   in|   40|     ap_none|          J_13_0_val|        scalar|
|J_13_1_val   |   in|   40|     ap_none|          J_13_1_val|        scalar|
|J_13_2_val   |   in|   40|     ap_none|          J_13_2_val|        scalar|
|J_13_3_val   |   in|   40|     ap_none|          J_13_3_val|        scalar|
|J_13_4_val   |   in|   40|     ap_none|          J_13_4_val|        scalar|
|J_13_5_val   |   in|   40|     ap_none|          J_13_5_val|        scalar|
|J_13_6_val   |   in|   40|     ap_none|          J_13_6_val|        scalar|
|J_13_7_val   |   in|   40|     ap_none|          J_13_7_val|        scalar|
|J_13_8_val   |   in|   40|     ap_none|          J_13_8_val|        scalar|
|J_13_9_val   |   in|   40|     ap_none|          J_13_9_val|        scalar|
|J_13_10_val  |   in|   40|     ap_none|         J_13_10_val|        scalar|
|J_13_11_val  |   in|   40|     ap_none|         J_13_11_val|        scalar|
|J_13_12_val  |   in|   40|     ap_none|         J_13_12_val|        scalar|
|J_13_14_val  |   in|   40|     ap_none|         J_13_14_val|        scalar|
|J_13_15_val  |   in|   40|     ap_none|         J_13_15_val|        scalar|
|J_13_16_val  |   in|   40|     ap_none|         J_13_16_val|        scalar|
|J_13_17_val  |   in|   40|     ap_none|         J_13_17_val|        scalar|
|J_13_18_val  |   in|   40|     ap_none|         J_13_18_val|        scalar|
|J_13_19_val  |   in|   40|     ap_none|         J_13_19_val|        scalar|
|J_13_20_val  |   in|   40|     ap_none|         J_13_20_val|        scalar|
|J_13_21_val  |   in|   40|     ap_none|         J_13_21_val|        scalar|
|J_13_22_val  |   in|   40|     ap_none|         J_13_22_val|        scalar|
|J_13_23_val  |   in|   40|     ap_none|         J_13_23_val|        scalar|
|J_13_24_val  |   in|   40|     ap_none|         J_13_24_val|        scalar|
|J_13_25_val  |   in|   40|     ap_none|         J_13_25_val|        scalar|
|J_13_26_val  |   in|   40|     ap_none|         J_13_26_val|        scalar|
|J_14_0_val   |   in|   40|     ap_none|          J_14_0_val|        scalar|
|J_14_1_val   |   in|   40|     ap_none|          J_14_1_val|        scalar|
|J_14_2_val   |   in|   40|     ap_none|          J_14_2_val|        scalar|
|J_14_3_val   |   in|   40|     ap_none|          J_14_3_val|        scalar|
|J_14_4_val   |   in|   40|     ap_none|          J_14_4_val|        scalar|
|J_14_5_val   |   in|   40|     ap_none|          J_14_5_val|        scalar|
|J_14_6_val   |   in|   40|     ap_none|          J_14_6_val|        scalar|
|J_14_7_val   |   in|   40|     ap_none|          J_14_7_val|        scalar|
|J_14_8_val   |   in|   40|     ap_none|          J_14_8_val|        scalar|
|J_14_9_val   |   in|   40|     ap_none|          J_14_9_val|        scalar|
|J_14_10_val  |   in|   40|     ap_none|         J_14_10_val|        scalar|
|J_14_11_val  |   in|   40|     ap_none|         J_14_11_val|        scalar|
|J_14_12_val  |   in|   40|     ap_none|         J_14_12_val|        scalar|
|J_14_13_val  |   in|   40|     ap_none|         J_14_13_val|        scalar|
|J_14_15_val  |   in|   40|     ap_none|         J_14_15_val|        scalar|
|J_14_16_val  |   in|   40|     ap_none|         J_14_16_val|        scalar|
|J_14_17_val  |   in|   40|     ap_none|         J_14_17_val|        scalar|
|J_14_18_val  |   in|   40|     ap_none|         J_14_18_val|        scalar|
|J_14_19_val  |   in|   40|     ap_none|         J_14_19_val|        scalar|
|J_14_20_val  |   in|   40|     ap_none|         J_14_20_val|        scalar|
|J_14_21_val  |   in|   40|     ap_none|         J_14_21_val|        scalar|
|J_14_22_val  |   in|   40|     ap_none|         J_14_22_val|        scalar|
|J_14_23_val  |   in|   40|     ap_none|         J_14_23_val|        scalar|
|J_14_24_val  |   in|   40|     ap_none|         J_14_24_val|        scalar|
|J_14_25_val  |   in|   40|     ap_none|         J_14_25_val|        scalar|
|J_14_26_val  |   in|   40|     ap_none|         J_14_26_val|        scalar|
|J_15_0_val   |   in|   40|     ap_none|          J_15_0_val|        scalar|
|J_15_1_val   |   in|   40|     ap_none|          J_15_1_val|        scalar|
|J_15_2_val   |   in|   40|     ap_none|          J_15_2_val|        scalar|
|J_15_3_val   |   in|   40|     ap_none|          J_15_3_val|        scalar|
|J_15_4_val   |   in|   40|     ap_none|          J_15_4_val|        scalar|
|J_15_5_val   |   in|   40|     ap_none|          J_15_5_val|        scalar|
|J_15_6_val   |   in|   40|     ap_none|          J_15_6_val|        scalar|
|J_15_7_val   |   in|   40|     ap_none|          J_15_7_val|        scalar|
|J_15_8_val   |   in|   40|     ap_none|          J_15_8_val|        scalar|
|J_15_9_val   |   in|   40|     ap_none|          J_15_9_val|        scalar|
|J_15_10_val  |   in|   40|     ap_none|         J_15_10_val|        scalar|
|J_15_11_val  |   in|   40|     ap_none|         J_15_11_val|        scalar|
|J_15_12_val  |   in|   40|     ap_none|         J_15_12_val|        scalar|
|J_15_13_val  |   in|   40|     ap_none|         J_15_13_val|        scalar|
|J_15_14_val  |   in|   40|     ap_none|         J_15_14_val|        scalar|
|J_15_16_val  |   in|   40|     ap_none|         J_15_16_val|        scalar|
|J_15_17_val  |   in|   40|     ap_none|         J_15_17_val|        scalar|
|J_15_18_val  |   in|   40|     ap_none|         J_15_18_val|        scalar|
|J_15_19_val  |   in|   40|     ap_none|         J_15_19_val|        scalar|
|J_15_20_val  |   in|   40|     ap_none|         J_15_20_val|        scalar|
|J_15_21_val  |   in|   40|     ap_none|         J_15_21_val|        scalar|
|J_15_22_val  |   in|   40|     ap_none|         J_15_22_val|        scalar|
|J_15_23_val  |   in|   40|     ap_none|         J_15_23_val|        scalar|
|J_15_24_val  |   in|   40|     ap_none|         J_15_24_val|        scalar|
|J_15_25_val  |   in|   40|     ap_none|         J_15_25_val|        scalar|
|J_15_26_val  |   in|   40|     ap_none|         J_15_26_val|        scalar|
|J_16_0_val   |   in|   40|     ap_none|          J_16_0_val|        scalar|
|J_16_1_val   |   in|   40|     ap_none|          J_16_1_val|        scalar|
|J_16_2_val   |   in|   40|     ap_none|          J_16_2_val|        scalar|
|J_16_3_val   |   in|   40|     ap_none|          J_16_3_val|        scalar|
|J_16_4_val   |   in|   40|     ap_none|          J_16_4_val|        scalar|
|J_16_5_val   |   in|   40|     ap_none|          J_16_5_val|        scalar|
|J_16_6_val   |   in|   40|     ap_none|          J_16_6_val|        scalar|
|J_16_7_val   |   in|   40|     ap_none|          J_16_7_val|        scalar|
|J_16_8_val   |   in|   40|     ap_none|          J_16_8_val|        scalar|
|J_16_9_val   |   in|   40|     ap_none|          J_16_9_val|        scalar|
|J_16_10_val  |   in|   40|     ap_none|         J_16_10_val|        scalar|
|J_16_11_val  |   in|   40|     ap_none|         J_16_11_val|        scalar|
|J_16_12_val  |   in|   40|     ap_none|         J_16_12_val|        scalar|
|J_16_13_val  |   in|   40|     ap_none|         J_16_13_val|        scalar|
|J_16_14_val  |   in|   40|     ap_none|         J_16_14_val|        scalar|
|J_16_15_val  |   in|   40|     ap_none|         J_16_15_val|        scalar|
|J_16_17_val  |   in|   40|     ap_none|         J_16_17_val|        scalar|
|J_16_18_val  |   in|   40|     ap_none|         J_16_18_val|        scalar|
|J_16_19_val  |   in|   40|     ap_none|         J_16_19_val|        scalar|
|J_16_20_val  |   in|   40|     ap_none|         J_16_20_val|        scalar|
|J_16_21_val  |   in|   40|     ap_none|         J_16_21_val|        scalar|
|J_16_22_val  |   in|   40|     ap_none|         J_16_22_val|        scalar|
|J_16_23_val  |   in|   40|     ap_none|         J_16_23_val|        scalar|
|J_16_24_val  |   in|   40|     ap_none|         J_16_24_val|        scalar|
|J_16_25_val  |   in|   40|     ap_none|         J_16_25_val|        scalar|
|J_16_26_val  |   in|   40|     ap_none|         J_16_26_val|        scalar|
|J_17_0_val   |   in|   40|     ap_none|          J_17_0_val|        scalar|
|J_17_1_val   |   in|   40|     ap_none|          J_17_1_val|        scalar|
|J_17_2_val   |   in|   40|     ap_none|          J_17_2_val|        scalar|
|J_17_3_val   |   in|   40|     ap_none|          J_17_3_val|        scalar|
|J_17_4_val   |   in|   40|     ap_none|          J_17_4_val|        scalar|
|J_17_5_val   |   in|   40|     ap_none|          J_17_5_val|        scalar|
|J_17_6_val   |   in|   40|     ap_none|          J_17_6_val|        scalar|
|J_17_7_val   |   in|   40|     ap_none|          J_17_7_val|        scalar|
|J_17_8_val   |   in|   40|     ap_none|          J_17_8_val|        scalar|
|J_17_9_val   |   in|   40|     ap_none|          J_17_9_val|        scalar|
|J_17_10_val  |   in|   40|     ap_none|         J_17_10_val|        scalar|
|J_17_11_val  |   in|   40|     ap_none|         J_17_11_val|        scalar|
|J_17_12_val  |   in|   40|     ap_none|         J_17_12_val|        scalar|
|J_17_13_val  |   in|   40|     ap_none|         J_17_13_val|        scalar|
|J_17_14_val  |   in|   40|     ap_none|         J_17_14_val|        scalar|
|J_17_15_val  |   in|   40|     ap_none|         J_17_15_val|        scalar|
|J_17_16_val  |   in|   40|     ap_none|         J_17_16_val|        scalar|
|J_17_18_val  |   in|   40|     ap_none|         J_17_18_val|        scalar|
|J_17_19_val  |   in|   40|     ap_none|         J_17_19_val|        scalar|
|J_17_20_val  |   in|   40|     ap_none|         J_17_20_val|        scalar|
|J_17_21_val  |   in|   40|     ap_none|         J_17_21_val|        scalar|
|J_17_22_val  |   in|   40|     ap_none|         J_17_22_val|        scalar|
|J_17_23_val  |   in|   40|     ap_none|         J_17_23_val|        scalar|
|J_17_24_val  |   in|   40|     ap_none|         J_17_24_val|        scalar|
|J_17_25_val  |   in|   40|     ap_none|         J_17_25_val|        scalar|
|J_17_26_val  |   in|   40|     ap_none|         J_17_26_val|        scalar|
|J_18_0_val   |   in|   40|     ap_none|          J_18_0_val|        scalar|
|J_18_1_val   |   in|   40|     ap_none|          J_18_1_val|        scalar|
|J_18_2_val   |   in|   40|     ap_none|          J_18_2_val|        scalar|
|J_18_3_val   |   in|   40|     ap_none|          J_18_3_val|        scalar|
|J_18_4_val   |   in|   40|     ap_none|          J_18_4_val|        scalar|
|J_18_5_val   |   in|   40|     ap_none|          J_18_5_val|        scalar|
|J_18_6_val   |   in|   40|     ap_none|          J_18_6_val|        scalar|
|J_18_7_val   |   in|   40|     ap_none|          J_18_7_val|        scalar|
|J_18_8_val   |   in|   40|     ap_none|          J_18_8_val|        scalar|
|J_18_9_val   |   in|   40|     ap_none|          J_18_9_val|        scalar|
|J_18_10_val  |   in|   40|     ap_none|         J_18_10_val|        scalar|
|J_18_11_val  |   in|   40|     ap_none|         J_18_11_val|        scalar|
|J_18_12_val  |   in|   40|     ap_none|         J_18_12_val|        scalar|
|J_18_13_val  |   in|   40|     ap_none|         J_18_13_val|        scalar|
|J_18_14_val  |   in|   40|     ap_none|         J_18_14_val|        scalar|
|J_18_15_val  |   in|   40|     ap_none|         J_18_15_val|        scalar|
|J_18_16_val  |   in|   40|     ap_none|         J_18_16_val|        scalar|
|J_18_17_val  |   in|   40|     ap_none|         J_18_17_val|        scalar|
|J_18_19_val  |   in|   40|     ap_none|         J_18_19_val|        scalar|
|J_18_20_val  |   in|   40|     ap_none|         J_18_20_val|        scalar|
|J_18_21_val  |   in|   40|     ap_none|         J_18_21_val|        scalar|
|J_18_22_val  |   in|   40|     ap_none|         J_18_22_val|        scalar|
|J_18_23_val  |   in|   40|     ap_none|         J_18_23_val|        scalar|
|J_18_24_val  |   in|   40|     ap_none|         J_18_24_val|        scalar|
|J_18_25_val  |   in|   40|     ap_none|         J_18_25_val|        scalar|
|J_18_26_val  |   in|   40|     ap_none|         J_18_26_val|        scalar|
|J_19_0_val   |   in|   40|     ap_none|          J_19_0_val|        scalar|
|J_19_1_val   |   in|   40|     ap_none|          J_19_1_val|        scalar|
|J_19_2_val   |   in|   40|     ap_none|          J_19_2_val|        scalar|
|J_19_3_val   |   in|   40|     ap_none|          J_19_3_val|        scalar|
|J_19_4_val   |   in|   40|     ap_none|          J_19_4_val|        scalar|
|J_19_5_val   |   in|   40|     ap_none|          J_19_5_val|        scalar|
|J_19_6_val   |   in|   40|     ap_none|          J_19_6_val|        scalar|
|J_19_7_val   |   in|   40|     ap_none|          J_19_7_val|        scalar|
|J_19_8_val   |   in|   40|     ap_none|          J_19_8_val|        scalar|
|J_19_9_val   |   in|   40|     ap_none|          J_19_9_val|        scalar|
|J_19_10_val  |   in|   40|     ap_none|         J_19_10_val|        scalar|
|J_19_11_val  |   in|   40|     ap_none|         J_19_11_val|        scalar|
|J_19_12_val  |   in|   40|     ap_none|         J_19_12_val|        scalar|
|J_19_13_val  |   in|   40|     ap_none|         J_19_13_val|        scalar|
|J_19_14_val  |   in|   40|     ap_none|         J_19_14_val|        scalar|
|J_19_15_val  |   in|   40|     ap_none|         J_19_15_val|        scalar|
|J_19_16_val  |   in|   40|     ap_none|         J_19_16_val|        scalar|
|J_19_17_val  |   in|   40|     ap_none|         J_19_17_val|        scalar|
|J_19_18_val  |   in|   40|     ap_none|         J_19_18_val|        scalar|
|J_19_20_val  |   in|   40|     ap_none|         J_19_20_val|        scalar|
|J_19_21_val  |   in|   40|     ap_none|         J_19_21_val|        scalar|
|J_19_22_val  |   in|   40|     ap_none|         J_19_22_val|        scalar|
|J_19_23_val  |   in|   40|     ap_none|         J_19_23_val|        scalar|
|J_19_24_val  |   in|   40|     ap_none|         J_19_24_val|        scalar|
|J_19_25_val  |   in|   40|     ap_none|         J_19_25_val|        scalar|
|J_19_26_val  |   in|   40|     ap_none|         J_19_26_val|        scalar|
|J_20_0_val   |   in|   40|     ap_none|          J_20_0_val|        scalar|
|J_20_1_val   |   in|   40|     ap_none|          J_20_1_val|        scalar|
|J_20_2_val   |   in|   40|     ap_none|          J_20_2_val|        scalar|
|J_20_3_val   |   in|   40|     ap_none|          J_20_3_val|        scalar|
|J_20_4_val   |   in|   40|     ap_none|          J_20_4_val|        scalar|
|J_20_5_val   |   in|   40|     ap_none|          J_20_5_val|        scalar|
|J_20_6_val   |   in|   40|     ap_none|          J_20_6_val|        scalar|
|J_20_7_val   |   in|   40|     ap_none|          J_20_7_val|        scalar|
|J_20_8_val   |   in|   40|     ap_none|          J_20_8_val|        scalar|
|J_20_9_val   |   in|   40|     ap_none|          J_20_9_val|        scalar|
|J_20_10_val  |   in|   40|     ap_none|         J_20_10_val|        scalar|
|J_20_11_val  |   in|   40|     ap_none|         J_20_11_val|        scalar|
|J_20_12_val  |   in|   40|     ap_none|         J_20_12_val|        scalar|
|J_20_13_val  |   in|   40|     ap_none|         J_20_13_val|        scalar|
|J_20_14_val  |   in|   40|     ap_none|         J_20_14_val|        scalar|
|J_20_15_val  |   in|   40|     ap_none|         J_20_15_val|        scalar|
|J_20_16_val  |   in|   40|     ap_none|         J_20_16_val|        scalar|
|J_20_17_val  |   in|   40|     ap_none|         J_20_17_val|        scalar|
|J_20_18_val  |   in|   40|     ap_none|         J_20_18_val|        scalar|
|J_20_19_val  |   in|   40|     ap_none|         J_20_19_val|        scalar|
|J_20_21_val  |   in|   40|     ap_none|         J_20_21_val|        scalar|
|J_20_22_val  |   in|   40|     ap_none|         J_20_22_val|        scalar|
|J_20_23_val  |   in|   40|     ap_none|         J_20_23_val|        scalar|
|J_20_24_val  |   in|   40|     ap_none|         J_20_24_val|        scalar|
|J_20_25_val  |   in|   40|     ap_none|         J_20_25_val|        scalar|
|J_20_26_val  |   in|   40|     ap_none|         J_20_26_val|        scalar|
|J_21_0_val   |   in|   40|     ap_none|          J_21_0_val|        scalar|
|J_21_1_val   |   in|   40|     ap_none|          J_21_1_val|        scalar|
|J_21_2_val   |   in|   40|     ap_none|          J_21_2_val|        scalar|
|J_21_3_val   |   in|   40|     ap_none|          J_21_3_val|        scalar|
|J_21_4_val   |   in|   40|     ap_none|          J_21_4_val|        scalar|
|J_21_5_val   |   in|   40|     ap_none|          J_21_5_val|        scalar|
|J_21_6_val   |   in|   40|     ap_none|          J_21_6_val|        scalar|
|J_21_7_val   |   in|   40|     ap_none|          J_21_7_val|        scalar|
|J_21_8_val   |   in|   40|     ap_none|          J_21_8_val|        scalar|
|J_21_9_val   |   in|   40|     ap_none|          J_21_9_val|        scalar|
|J_21_10_val  |   in|   40|     ap_none|         J_21_10_val|        scalar|
|J_21_11_val  |   in|   40|     ap_none|         J_21_11_val|        scalar|
|J_21_12_val  |   in|   40|     ap_none|         J_21_12_val|        scalar|
|J_21_13_val  |   in|   40|     ap_none|         J_21_13_val|        scalar|
|J_21_14_val  |   in|   40|     ap_none|         J_21_14_val|        scalar|
|J_21_15_val  |   in|   40|     ap_none|         J_21_15_val|        scalar|
|J_21_16_val  |   in|   40|     ap_none|         J_21_16_val|        scalar|
|J_21_17_val  |   in|   40|     ap_none|         J_21_17_val|        scalar|
|J_21_18_val  |   in|   40|     ap_none|         J_21_18_val|        scalar|
|J_21_19_val  |   in|   40|     ap_none|         J_21_19_val|        scalar|
|J_21_20_val  |   in|   40|     ap_none|         J_21_20_val|        scalar|
|J_21_22_val  |   in|   40|     ap_none|         J_21_22_val|        scalar|
|J_21_23_val  |   in|   40|     ap_none|         J_21_23_val|        scalar|
|J_21_24_val  |   in|   40|     ap_none|         J_21_24_val|        scalar|
|J_21_25_val  |   in|   40|     ap_none|         J_21_25_val|        scalar|
|J_21_26_val  |   in|   40|     ap_none|         J_21_26_val|        scalar|
|J_22_0_val   |   in|   40|     ap_none|          J_22_0_val|        scalar|
|J_22_1_val   |   in|   40|     ap_none|          J_22_1_val|        scalar|
|J_22_2_val   |   in|   40|     ap_none|          J_22_2_val|        scalar|
|J_22_3_val   |   in|   40|     ap_none|          J_22_3_val|        scalar|
|J_22_4_val   |   in|   40|     ap_none|          J_22_4_val|        scalar|
|J_22_5_val   |   in|   40|     ap_none|          J_22_5_val|        scalar|
|J_22_6_val   |   in|   40|     ap_none|          J_22_6_val|        scalar|
|J_22_7_val   |   in|   40|     ap_none|          J_22_7_val|        scalar|
|J_22_8_val   |   in|   40|     ap_none|          J_22_8_val|        scalar|
|J_22_9_val   |   in|   40|     ap_none|          J_22_9_val|        scalar|
|J_22_10_val  |   in|   40|     ap_none|         J_22_10_val|        scalar|
|J_22_11_val  |   in|   40|     ap_none|         J_22_11_val|        scalar|
|J_22_12_val  |   in|   40|     ap_none|         J_22_12_val|        scalar|
|J_22_13_val  |   in|   40|     ap_none|         J_22_13_val|        scalar|
|J_22_14_val  |   in|   40|     ap_none|         J_22_14_val|        scalar|
|J_22_15_val  |   in|   40|     ap_none|         J_22_15_val|        scalar|
|J_22_16_val  |   in|   40|     ap_none|         J_22_16_val|        scalar|
|J_22_17_val  |   in|   40|     ap_none|         J_22_17_val|        scalar|
|J_22_18_val  |   in|   40|     ap_none|         J_22_18_val|        scalar|
|J_22_19_val  |   in|   40|     ap_none|         J_22_19_val|        scalar|
|J_22_20_val  |   in|   40|     ap_none|         J_22_20_val|        scalar|
|J_22_21_val  |   in|   40|     ap_none|         J_22_21_val|        scalar|
|J_22_23_val  |   in|   40|     ap_none|         J_22_23_val|        scalar|
|J_22_24_val  |   in|   40|     ap_none|         J_22_24_val|        scalar|
|J_22_25_val  |   in|   40|     ap_none|         J_22_25_val|        scalar|
|J_22_26_val  |   in|   40|     ap_none|         J_22_26_val|        scalar|
|J_23_0_val   |   in|   40|     ap_none|          J_23_0_val|        scalar|
|J_23_1_val   |   in|   40|     ap_none|          J_23_1_val|        scalar|
|J_23_2_val   |   in|   40|     ap_none|          J_23_2_val|        scalar|
|J_23_3_val   |   in|   40|     ap_none|          J_23_3_val|        scalar|
|J_23_4_val   |   in|   40|     ap_none|          J_23_4_val|        scalar|
|J_23_5_val   |   in|   40|     ap_none|          J_23_5_val|        scalar|
|J_23_6_val   |   in|   40|     ap_none|          J_23_6_val|        scalar|
|J_23_7_val   |   in|   40|     ap_none|          J_23_7_val|        scalar|
|J_23_8_val   |   in|   40|     ap_none|          J_23_8_val|        scalar|
|J_23_9_val   |   in|   40|     ap_none|          J_23_9_val|        scalar|
|J_23_10_val  |   in|   40|     ap_none|         J_23_10_val|        scalar|
|J_23_11_val  |   in|   40|     ap_none|         J_23_11_val|        scalar|
|J_23_12_val  |   in|   40|     ap_none|         J_23_12_val|        scalar|
|J_23_13_val  |   in|   40|     ap_none|         J_23_13_val|        scalar|
|J_23_14_val  |   in|   40|     ap_none|         J_23_14_val|        scalar|
|J_23_15_val  |   in|   40|     ap_none|         J_23_15_val|        scalar|
|J_23_16_val  |   in|   40|     ap_none|         J_23_16_val|        scalar|
|J_23_17_val  |   in|   40|     ap_none|         J_23_17_val|        scalar|
|J_23_18_val  |   in|   40|     ap_none|         J_23_18_val|        scalar|
|J_23_19_val  |   in|   40|     ap_none|         J_23_19_val|        scalar|
|J_23_20_val  |   in|   40|     ap_none|         J_23_20_val|        scalar|
|J_23_21_val  |   in|   40|     ap_none|         J_23_21_val|        scalar|
|J_23_22_val  |   in|   40|     ap_none|         J_23_22_val|        scalar|
|J_23_24_val  |   in|   40|     ap_none|         J_23_24_val|        scalar|
|J_23_25_val  |   in|   40|     ap_none|         J_23_25_val|        scalar|
|J_23_26_val  |   in|   40|     ap_none|         J_23_26_val|        scalar|
|J_24_0_val   |   in|   40|     ap_none|          J_24_0_val|        scalar|
|J_24_1_val   |   in|   40|     ap_none|          J_24_1_val|        scalar|
|J_24_2_val   |   in|   40|     ap_none|          J_24_2_val|        scalar|
|J_24_3_val   |   in|   40|     ap_none|          J_24_3_val|        scalar|
|J_24_4_val   |   in|   40|     ap_none|          J_24_4_val|        scalar|
|J_24_5_val   |   in|   40|     ap_none|          J_24_5_val|        scalar|
|J_24_6_val   |   in|   40|     ap_none|          J_24_6_val|        scalar|
|J_24_7_val   |   in|   40|     ap_none|          J_24_7_val|        scalar|
|J_24_8_val   |   in|   40|     ap_none|          J_24_8_val|        scalar|
|J_24_9_val   |   in|   40|     ap_none|          J_24_9_val|        scalar|
|J_24_10_val  |   in|   40|     ap_none|         J_24_10_val|        scalar|
|J_24_11_val  |   in|   40|     ap_none|         J_24_11_val|        scalar|
|J_24_12_val  |   in|   40|     ap_none|         J_24_12_val|        scalar|
|J_24_13_val  |   in|   40|     ap_none|         J_24_13_val|        scalar|
|J_24_14_val  |   in|   40|     ap_none|         J_24_14_val|        scalar|
|J_24_15_val  |   in|   40|     ap_none|         J_24_15_val|        scalar|
|J_24_16_val  |   in|   40|     ap_none|         J_24_16_val|        scalar|
|J_24_17_val  |   in|   40|     ap_none|         J_24_17_val|        scalar|
|J_24_18_val  |   in|   40|     ap_none|         J_24_18_val|        scalar|
|J_24_19_val  |   in|   40|     ap_none|         J_24_19_val|        scalar|
|J_24_20_val  |   in|   40|     ap_none|         J_24_20_val|        scalar|
|J_24_21_val  |   in|   40|     ap_none|         J_24_21_val|        scalar|
|J_24_22_val  |   in|   40|     ap_none|         J_24_22_val|        scalar|
|J_24_23_val  |   in|   40|     ap_none|         J_24_23_val|        scalar|
|J_24_25_val  |   in|   40|     ap_none|         J_24_25_val|        scalar|
|J_24_26_val  |   in|   40|     ap_none|         J_24_26_val|        scalar|
|J_25_0_val   |   in|   40|     ap_none|          J_25_0_val|        scalar|
|J_25_1_val   |   in|   40|     ap_none|          J_25_1_val|        scalar|
|J_25_2_val   |   in|   40|     ap_none|          J_25_2_val|        scalar|
|J_25_3_val   |   in|   40|     ap_none|          J_25_3_val|        scalar|
|J_25_4_val   |   in|   40|     ap_none|          J_25_4_val|        scalar|
|J_25_5_val   |   in|   40|     ap_none|          J_25_5_val|        scalar|
|J_25_6_val   |   in|   40|     ap_none|          J_25_6_val|        scalar|
|J_25_7_val   |   in|   40|     ap_none|          J_25_7_val|        scalar|
|J_25_8_val   |   in|   40|     ap_none|          J_25_8_val|        scalar|
|J_25_9_val   |   in|   40|     ap_none|          J_25_9_val|        scalar|
|J_25_10_val  |   in|   40|     ap_none|         J_25_10_val|        scalar|
|J_25_11_val  |   in|   40|     ap_none|         J_25_11_val|        scalar|
|J_25_12_val  |   in|   40|     ap_none|         J_25_12_val|        scalar|
|J_25_13_val  |   in|   40|     ap_none|         J_25_13_val|        scalar|
|J_25_14_val  |   in|   40|     ap_none|         J_25_14_val|        scalar|
|J_25_15_val  |   in|   40|     ap_none|         J_25_15_val|        scalar|
|J_25_16_val  |   in|   40|     ap_none|         J_25_16_val|        scalar|
|J_25_17_val  |   in|   40|     ap_none|         J_25_17_val|        scalar|
|J_25_18_val  |   in|   40|     ap_none|         J_25_18_val|        scalar|
|J_25_19_val  |   in|   40|     ap_none|         J_25_19_val|        scalar|
|J_25_20_val  |   in|   40|     ap_none|         J_25_20_val|        scalar|
|J_25_21_val  |   in|   40|     ap_none|         J_25_21_val|        scalar|
|J_25_22_val  |   in|   40|     ap_none|         J_25_22_val|        scalar|
|J_25_23_val  |   in|   40|     ap_none|         J_25_23_val|        scalar|
|J_25_24_val  |   in|   40|     ap_none|         J_25_24_val|        scalar|
|J_25_26_val  |   in|   40|     ap_none|         J_25_26_val|        scalar|
|J_26_0_val   |   in|   40|     ap_none|          J_26_0_val|        scalar|
|J_26_1_val   |   in|   40|     ap_none|          J_26_1_val|        scalar|
|J_26_2_val   |   in|   40|     ap_none|          J_26_2_val|        scalar|
|J_26_3_val   |   in|   40|     ap_none|          J_26_3_val|        scalar|
|J_26_4_val   |   in|   40|     ap_none|          J_26_4_val|        scalar|
|J_26_5_val   |   in|   40|     ap_none|          J_26_5_val|        scalar|
|J_26_6_val   |   in|   40|     ap_none|          J_26_6_val|        scalar|
|J_26_7_val   |   in|   40|     ap_none|          J_26_7_val|        scalar|
|J_26_8_val   |   in|   40|     ap_none|          J_26_8_val|        scalar|
|J_26_9_val   |   in|   40|     ap_none|          J_26_9_val|        scalar|
|J_26_10_val  |   in|   40|     ap_none|         J_26_10_val|        scalar|
|J_26_11_val  |   in|   40|     ap_none|         J_26_11_val|        scalar|
|J_26_12_val  |   in|   40|     ap_none|         J_26_12_val|        scalar|
|J_26_13_val  |   in|   40|     ap_none|         J_26_13_val|        scalar|
|J_26_14_val  |   in|   40|     ap_none|         J_26_14_val|        scalar|
|J_26_15_val  |   in|   40|     ap_none|         J_26_15_val|        scalar|
|J_26_16_val  |   in|   40|     ap_none|         J_26_16_val|        scalar|
|J_26_17_val  |   in|   40|     ap_none|         J_26_17_val|        scalar|
|J_26_18_val  |   in|   40|     ap_none|         J_26_18_val|        scalar|
|J_26_19_val  |   in|   40|     ap_none|         J_26_19_val|        scalar|
|J_26_20_val  |   in|   40|     ap_none|         J_26_20_val|        scalar|
|J_26_21_val  |   in|   40|     ap_none|         J_26_21_val|        scalar|
|J_26_22_val  |   in|   40|     ap_none|         J_26_22_val|        scalar|
|J_26_23_val  |   in|   40|     ap_none|         J_26_23_val|        scalar|
|J_26_24_val  |   in|   40|     ap_none|         J_26_24_val|        scalar|
|J_26_25_val  |   in|   40|     ap_none|         J_26_25_val|        scalar|
|h_0_val      |   in|   40|     ap_none|             h_0_val|        scalar|
|h_1_val      |   in|   40|     ap_none|             h_1_val|        scalar|
|h_2_val      |   in|   40|     ap_none|             h_2_val|        scalar|
|h_3_val      |   in|   40|     ap_none|             h_3_val|        scalar|
|h_4_val      |   in|   40|     ap_none|             h_4_val|        scalar|
|h_5_val      |   in|   40|     ap_none|             h_5_val|        scalar|
|h_6_val      |   in|   40|     ap_none|             h_6_val|        scalar|
|h_7_val      |   in|   40|     ap_none|             h_7_val|        scalar|
|h_8_val      |   in|   40|     ap_none|             h_8_val|        scalar|
|h_9_val      |   in|   40|     ap_none|             h_9_val|        scalar|
|h_10_val     |   in|   40|     ap_none|            h_10_val|        scalar|
|h_11_val     |   in|   40|     ap_none|            h_11_val|        scalar|
|h_12_val     |   in|   40|     ap_none|            h_12_val|        scalar|
|h_13_val     |   in|   40|     ap_none|            h_13_val|        scalar|
|h_14_val     |   in|   40|     ap_none|            h_14_val|        scalar|
|h_15_val     |   in|   40|     ap_none|            h_15_val|        scalar|
|h_16_val     |   in|   40|     ap_none|            h_16_val|        scalar|
|h_17_val     |   in|   40|     ap_none|            h_17_val|        scalar|
|h_18_val     |   in|   40|     ap_none|            h_18_val|        scalar|
|h_19_val     |   in|   40|     ap_none|            h_19_val|        scalar|
|h_20_val     |   in|   40|     ap_none|            h_20_val|        scalar|
|h_21_val     |   in|   40|     ap_none|            h_21_val|        scalar|
|h_22_val     |   in|   40|     ap_none|            h_22_val|        scalar|
|h_23_val     |   in|   40|     ap_none|            h_23_val|        scalar|
|h_24_val     |   in|   40|     ap_none|            h_24_val|        scalar|
|h_25_val     |   in|   40|     ap_none|            h_25_val|        scalar|
|h_26_val     |   in|   40|     ap_none|            h_26_val|        scalar|
|s_0_val      |   in|    1|     ap_none|             s_0_val|        scalar|
|s_1_val      |   in|    1|     ap_none|             s_1_val|        scalar|
|s_2_val      |   in|    1|     ap_none|             s_2_val|        scalar|
|s_3_val      |   in|    1|     ap_none|             s_3_val|        scalar|
|s_4_val      |   in|    1|     ap_none|             s_4_val|        scalar|
|s_5_val      |   in|    1|     ap_none|             s_5_val|        scalar|
|s_6_val      |   in|    1|     ap_none|             s_6_val|        scalar|
|s_7_val      |   in|    1|     ap_none|             s_7_val|        scalar|
|s_8_val      |   in|    1|     ap_none|             s_8_val|        scalar|
|s_9_val      |   in|    1|     ap_none|             s_9_val|        scalar|
|s_10_val     |   in|    1|     ap_none|            s_10_val|        scalar|
|s_11_val     |   in|    1|     ap_none|            s_11_val|        scalar|
|s_12_val     |   in|    1|     ap_none|            s_12_val|        scalar|
|s_13_val     |   in|    1|     ap_none|            s_13_val|        scalar|
|s_14_val     |   in|    1|     ap_none|            s_14_val|        scalar|
|s_15_val     |   in|    1|     ap_none|            s_15_val|        scalar|
|s_16_val     |   in|    1|     ap_none|            s_16_val|        scalar|
|s_17_val     |   in|    1|     ap_none|            s_17_val|        scalar|
|s_18_val     |   in|    1|     ap_none|            s_18_val|        scalar|
|s_19_val     |   in|    1|     ap_none|            s_19_val|        scalar|
|s_20_val     |   in|    1|     ap_none|            s_20_val|        scalar|
|s_21_val     |   in|    1|     ap_none|            s_21_val|        scalar|
|s_22_val     |   in|    1|     ap_none|            s_22_val|        scalar|
|s_23_val     |   in|    1|     ap_none|            s_23_val|        scalar|
|s_24_val     |   in|    1|     ap_none|            s_24_val|        scalar|
|s_25_val     |   in|    1|     ap_none|            s_25_val|        scalar|
|s_26_val     |   in|    1|     ap_none|            s_26_val|        scalar|
|i            |   in|   32|     ap_none|                   i|        scalar|
+-------------+-----+-----+------------+--------------------+--------------+

