================================================================
== Design Size Report
================================================================

* Total Instructions per Compilation Phase
+---------------+----------------------------+--------------+----------------------------------------------------------------------------------------+
| Phase         | Step                       | Instructions | Description                                                                            |
+---------------+----------------------------+--------------+----------------------------------------------------------------------------------------+
| Compile/Link  |                            | 3,652        | After all functions are compiled and linked into a single design                       |
|               |                            |              |                                                                                        |
| Unroll/Inline |                            |              | After user unroll and inline pragmas are applied                                       |
|               | (1) unroll                 | 1,771        | user unroll pragmas are applied                                                        |
|               | (2) simplification         |   627        | simplification of applied user unroll pragmas                                          |
|               | (3) inline                 |   512        | user inline pragmas are applied                                                        |
|               | (4) simplification         |   489        | simplification of applied user inline pragmas                                          |
|               |                            |              |                                                                                        |
| Array/Struct  |                            |              | After user array partition and struct aggregate/disaggregate pragmas are applied       |
|               | (1) array partition        | 8,893        | user array partition pragmas are applied                                               |
|               | (2) simplification         | 1,292        | simplification of applied user array partition & struct aggregate/disaggregate pragmas |
|               | (3) aggregate/disaggregate | 1,692        | user struct aggregate/disaggregate pragmas are applied                                 |
|               | (4) array reshape          | 1,692        | apply array reshape pragmas                                                            |
|               | (5) access patterns        | 1,692        | array access pattern optmizations                                                      |
|               |                            |              |                                                                                        |
| Performance   |                            |              | After transformations are applied to meet performance pragma targets                   |
|               | (1) loop simplification    |   872        | loop and instruction simplification                                                    |
|               | (2) parallelization        |   872        | loops are unrolled or pipelined to meet performance targets                            |
|               | (3) array partition        |   872        | arrays are partitioned to meet performance targets                                     |
|               | (4) simplification         |   872        | simplification of design after performance transformations                             |
|               |                            |              |                                                                                        |
| HW Transforms |                            |              | After hardware transfomations                                                          |
|               | (1) lowering               | 1,763        | initial conversion to HW specific instructions                                         |
|               | (2) optimizations          | 1,723        | high level synthesis optimizations                                                     |
+---------------+----------------------------+--------------+----------------------------------------------------------------------------------------+

* Instructions per Function for each Compilation Phase
+-------------------------+-----------------+--------------+----------------+-----------------+----------------+-----------------+
| Function                | Location        | Compile/Link | Unroll/Inline  | Array/Struct    | Performance    | HW Transforms   |
+-------------------------+-----------------+--------------+----------------+-----------------+----------------+-----------------+
| + local_metropolis_step | sk_step.cpp:217 | 3,652        | 489            | 1,692           | 872            | 1,723           |
|  + local_delta_energy   | sk_step.cpp:133 | 1,108        | 416            | 1,614           | 354            |  313            |
|     spin_mul            | sk_step.cpp:37  |  289         | 140 (20 calls) |  140 (20 calls) | 140 (20 calls) |  140 (20 calls) |
|     spin_value          | sk_step.cpp:28  |  116         |                |                 |                |                 |
|  + metropolis_accept    | sk_step.cpp:115 | 2,287        |                |                 |                |                 |
|     exp_neg_approx      | sk_step.cpp:58  | 1,975        |                |                 |                |                 |
+-------------------------+-----------------+--------------+----------------+-----------------+----------------+-----------------+

* Design Size Message Settings
+---------------------------------------------+--------+------------------------------------------------------------------+
| Message Setting                             | Value  | Description                                                      |
+---------------------------------------------+--------+------------------------------------------------------------------+
| config_compile -design_size_maximum_warning | 100000 | Show a warning when total design instructions exceeds this value |
+---------------------------------------------+--------+------------------------------------------------------------------+


