================================================================
== Design Size Report
================================================================

* Total Instructions per Compilation Phase
+---------------+----------------------------+--------------+----------------------------------------------------------------------------------------+
| Phase         | Step                       | Instructions | Description                                                                            |
+---------------+----------------------------+--------------+----------------------------------------------------------------------------------------+
| Compile/Link  |                            | 3,652        | After all functions are compiled and linked into a single design                       |
|               |                            |              |                                                                                        |
| Unroll/Inline |                            |              | After user unroll and inline pragmas are applied                                       |
|               | (1) unroll                 | 1,132        | user unroll pragmas are applied                                                        |
|               | (2) simplification         |   402        | simplification of applied user unroll pragmas                                          |
|               | (3) inline                 |   310        | user inline pragmas are applied                                                        |
|               | (4) simplification         |   208        | simplification of applied user inline pragmas                                          |
|               |                            |              |                                                                                        |
| Array/Struct  |                            |              | After user array partition and struct aggregate/disaggregate pragmas are applied       |
|               | (1) array partition        | 1,664        | user array partition pragmas are applied                                               |
|               | (2) simplification         |   452        | simplification of applied user array partition & struct aggregate/disaggregate pragmas |
|               | (3) aggregate/disaggregate |   573        | user struct aggregate/disaggregate pragmas are applied                                 |
|               | (4) array reshape          |   573        | apply array reshape pragmas                                                            |
|               | (5) access patterns        |   573        | array access pattern optmizations                                                      |
|               |                            |              |                                                                                        |
| Performance   |                            |              | After transformations are applied to meet performance pragma targets                   |
|               | (1) loop simplification    |   321        | loop and instruction simplification                                                    |
|               | (2) parallelization        |   321        | loops are unrolled or pipelined to meet performance targets                            |
|               | (3) array partition        |   321        | arrays are partitioned to meet performance targets                                     |
|               | (4) simplification         |   321        | simplification of design after performance transformations                             |
|               |                            |              |                                                                                        |
| HW Transforms |                            |              | After hardware transfomations                                                          |
|               | (1) lowering               |   618        | initial conversion to HW specific instructions                                         |
|               | (2) optimizations          |   619        | high level synthesis optimizations                                                     |
+---------------+----------------------------+--------------+----------------------------------------------------------------------------------------+

* Instructions per Function for each Compilation Phase
+-------------------------+-----------------+--------------+---------------+--------------+-------------+---------------+
| Function                | Location        | Compile/Link | Unroll/Inline | Array/Struct | Performance | HW Transforms |
+-------------------------+-----------------+--------------+---------------+--------------+-------------+---------------+
| + local_metropolis_step | sk_step.cpp:217 | 3,652        | 208           | 573          | 321         | 619           |
|  + local_delta_energy   | sk_step.cpp:133 | 1,108        | 135           | 495          | 100         | 100           |
|     spin_mul            | sk_step.cpp:37  |  289         |               |              |             |               |
|     spin_value          | sk_step.cpp:28  |  116         |               |              |             |               |
|  + metropolis_accept    | sk_step.cpp:115 | 2,287        |               |              |             |               |
|     exp_neg_approx      | sk_step.cpp:58  | 1,975        |               |              |             |               |
+-------------------------+-----------------+--------------+---------------+--------------+-------------+---------------+

* Design Size Message Settings
+---------------------------------------------+--------+------------------------------------------------------------------+
| Message Setting                             | Value  | Description                                                      |
+---------------------------------------------+--------+------------------------------------------------------------------+
| config_compile -design_size_maximum_warning | 100000 | Show a warning when total design instructions exceeds this value |
+---------------------------------------------+--------+------------------------------------------------------------------+


