================================================================
== Design Size Report
================================================================

* Total Instructions per Compilation Phase
+---------------+----------------------------+--------------+----------------------------------------------------------------------------------------+
| Phase         | Step                       | Instructions | Description                                                                            |
+---------------+----------------------------+--------------+----------------------------------------------------------------------------------------+
| Compile/Link  |                            |   3,872      | After all functions are compiled and linked into a single design                       |
|               |                            |              |                                                                                        |
| Unroll/Inline |                            |              | After user unroll and inline pragmas are applied                                       |
|               | (1) unroll                 |  19,023      | user unroll pragmas are applied                                                        |
|               | (2) simplification         |   4,824      | simplification of applied user unroll pragmas                                          |
|               | (3) inline                 |   3,244      | user inline pragmas are applied                                                        |
|               | (4) simplification         |   1,962      | simplification of applied user inline pragmas                                          |
|               |                            |              |                                                                                        |
| Array/Struct  |                            |              | After user array partition and struct aggregate/disaggregate pragmas are applied       |
|               | (1) array partition        | 135,507 *    | user array partition pragmas are applied                                               |
|               | (2) simplification         |   1,923      | simplification of applied user array partition & struct aggregate/disaggregate pragmas |
|               | (3) aggregate/disaggregate |   2,176      | user struct aggregate/disaggregate pragmas are applied                                 |
|               | (4) array reshape          |   2,176      | apply array reshape pragmas                                                            |
|               | (5) access patterns        |   2,176      | array access pattern optmizations                                                      |
|               |                            |              |                                                                                        |
| Performance   |                            |              | After transformations are applied to meet performance pragma targets                   |
|               | (1) loop simplification    |   1,670      | loop and instruction simplification                                                    |
|               | (2) parallelization        |   1,670      | loops are unrolled or pipelined to meet performance targets                            |
|               | (3) array partition        |   1,670      | arrays are partitioned to meet performance targets                                     |
|               | (4) simplification         |   1,670      | simplification of design after performance transformations                             |
|               |                            |              |                                                                                        |
| HW Transforms |                            |              | After hardware transfomations                                                          |
|               | (1) lowering               |   2,829      | initial conversion to HW specific instructions                                         |
|               | (2) optimizations          |   2,783      | high level synthesis optimizations                                                     |
+---------------+----------------------------+--------------+----------------------------------------------------------------------------------------+
    * - Exceeded design size warning message threshold

* Instructions per Function for each Compilation Phase
+---------------------------+-----------------+--------------+-----------------+-----------------+-----------------+-----------------+
| Function                  | Location        | Compile/Link | Unroll/Inline   | Array/Struct    | Performance     | HW Transforms   |
+---------------------------+-----------------+--------------+-----------------+-----------------+-----------------+-----------------+
| + uniform_metropolis_step | sk_step.cpp:258 | 3,872        | 1,962           | 2,176           | 1,670           | 2,783           |
|  + uniform_delta_energy   | sk_step.cpp:168 | 1,325        | 1,889           | 2,098           | 1,293           | 1,246           |
|     spin_mul              | sk_step.cpp:37  |  289         |  161 (23 calls) |  161 (23 calls) |  161 (23 calls) |  161 (23 calls) |
|  + metropolis_accept      | sk_step.cpp:115 | 2,287        |                 |                 |                 |                 |
|     exp_neg_approx        | sk_step.cpp:58  | 1,975        |                 |                 |                 |                 |
+---------------------------+-----------------+--------------+-----------------+-----------------+-----------------+-----------------+

* Design Size Message Settings
+---------------------------------------------+--------+------------------------------------------------------------------+
| Message Setting                             | Value  | Description                                                      |
+---------------------------------------------+--------+------------------------------------------------------------------+
| config_compile -design_size_maximum_warning | 100000 | Show a warning when total design instructions exceeds this value |
+---------------------------------------------+--------+------------------------------------------------------------------+


