================================================================
== Design Size Report
================================================================

* Total Instructions per Compilation Phase
+---------------+----------------------------+--------------+----------------------------------------------------------------------------------------+
| Phase         | Step                       | Instructions | Description                                                                            |
+---------------+----------------------------+--------------+----------------------------------------------------------------------------------------+
| Compile/Link  |                            |   3,872      | After all functions are compiled and linked into a single design                       |
|               |                            |              |                                                                                        |
| Unroll/Inline |                            |              | After user unroll and inline pragmas are applied                                       |
|               | (1) unroll                 |  17,476      | user unroll pragmas are applied                                                        |
|               | (2) simplification         |   4,432      | simplification of applied user unroll pragmas                                          |
|               | (3) inline                 |   2,986      | user inline pragmas are applied                                                        |
|               | (4) simplification         |   1,814      | simplification of applied user inline pragmas                                          |
|               |                            |              |                                                                                        |
| Array/Struct  |                            |              | After user array partition and struct aggregate/disaggregate pragmas are applied       |
|               | (1) array partition        | 113,350 *    | user array partition pragmas are applied                                               |
|               | (2) simplification         |   1,777      | simplification of applied user array partition & struct aggregate/disaggregate pragmas |
|               | (3) aggregate/disaggregate |   2,008      | user struct aggregate/disaggregate pragmas are applied                                 |
|               | (4) array reshape          |   2,008      | apply array reshape pragmas                                                            |
|               | (5) access patterns        |   2,008      | array access pattern optmizations                                                      |
|               |                            |              |                                                                                        |
| Performance   |                            |              | After transformations are applied to meet performance pragma targets                   |
|               | (1) loop simplification    |   1,546      | loop and instruction simplification                                                    |
|               | (2) parallelization        |   1,546      | loops are unrolled or pipelined to meet performance targets                            |
|               | (3) array partition        |   1,546      | arrays are partitioned to meet performance targets                                     |
|               | (4) simplification         |   1,546      | simplification of design after performance transformations                             |
|               |                            |              |                                                                                        |
| HW Transforms |                            |              | After hardware transfomations                                                          |
|               | (1) lowering               |   2,611      | initial conversion to HW specific instructions                                         |
|               | (2) optimizations          |   2,567      | high level synthesis optimizations                                                     |
+---------------+----------------------------+--------------+----------------------------------------------------------------------------------------+
    * - Exceeded design size warning message threshold

* Instructions per Function for each Compilation Phase
+---------------------------+-----------------+--------------+-----------------+-----------------+-----------------+-----------------+
| Function                  | Location        | Compile/Link | Unroll/Inline   | Array/Struct    | Performance     | HW Transforms   |
+---------------------------+-----------------+--------------+-----------------+-----------------+-----------------+-----------------+
| + uniform_metropolis_step | sk_step.cpp:258 | 3,872        | 1,814           | 2,008           | 1,546           | 2,567           |
|  + uniform_delta_energy   | sk_step.cpp:168 | 1,325        | 1,741           | 1,930           | 1,193           | 1,148           |
|     spin_mul              | sk_step.cpp:37  |  289         |  154 (22 calls) |  154 (22 calls) |  154 (22 calls) |  154 (22 calls) |
|  + metropolis_accept      | sk_step.cpp:115 | 2,287        |                 |                 |                 |                 |
|     exp_neg_approx        | sk_step.cpp:58  | 1,975        |                 |                 |                 |                 |
+---------------------------+-----------------+--------------+-----------------+-----------------+-----------------+-----------------+

* Design Size Message Settings
+---------------------------------------------+--------+------------------------------------------------------------------+
| Message Setting                             | Value  | Description                                                      |
+---------------------------------------------+--------+------------------------------------------------------------------+
| config_compile -design_size_maximum_warning | 100000 | Show a warning when total design instructions exceeds this value |
+---------------------------------------------+--------+------------------------------------------------------------------+


