================================================================
== Design Size Report
================================================================

* Total Instructions per Compilation Phase
+---------------+----------------------------+--------------+----------------------------------------------------------------------------------------+
| Phase         | Step                       | Instructions | Description                                                                            |
+---------------+----------------------------+--------------+----------------------------------------------------------------------------------------+
| Compile/Link  |                            |   3,872      | After all functions are compiled and linked into a single design                       |
|               |                            |              |                                                                                        |
| Unroll/Inline |                            |              | After user unroll and inline pragmas are applied                                       |
|               | (1) unroll                 |  20,637      | user unroll pragmas are applied                                                        |
|               | (2) simplification         |   5,233      | simplification of applied user unroll pragmas                                          |
|               | (3) inline                 |   3,513      | user inline pragmas are applied                                                        |
|               | (4) simplification         |   2,116      | simplification of applied user inline pragmas                                          |
|               |                            |              |                                                                                        |
| Array/Struct  |                            |              | After user array partition and struct aggregate/disaggregate pragmas are applied       |
|               | (1) array partition        | 160,775 *    | user array partition pragmas are applied                                               |
|               | (2) simplification         |   2,075      | simplification of applied user array partition & struct aggregate/disaggregate pragmas |
|               | (3) aggregate/disaggregate |   2,351      | user struct aggregate/disaggregate pragmas are applied                                 |
|               | (4) array reshape          |   2,351      | apply array reshape pragmas                                                            |
|               | (5) access patterns        |   2,351      | array access pattern optmizations                                                      |
|               |                            |              |                                                                                        |
| Performance   |                            |              | After transformations are applied to meet performance pragma targets                   |
|               | (1) loop simplification    |   1,799      | loop and instruction simplification                                                    |
|               | (2) parallelization        |   1,799      | loops are unrolled or pipelined to meet performance targets                            |
|               | (3) array partition        |   1,799      | arrays are partitioned to meet performance targets                                     |
|               | (4) simplification         |   1,799      | simplification of design after performance transformations                             |
|               |                            |              |                                                                                        |
| HW Transforms |                            |              | After hardware transfomations                                                          |
|               | (1) lowering               |   3,056      | initial conversion to HW specific instructions                                         |
|               | (2) optimizations          |   3,008      | high level synthesis optimizations                                                     |
+---------------+----------------------------+--------------+----------------------------------------------------------------------------------------+
    * - Exceeded design size warning message threshold

* Instructions per Function for each Compilation Phase
+---------------------------+-----------------+--------------+-----------------+-----------------+-----------------+-----------------+
| Function                  | Location        | Compile/Link | Unroll/Inline   | Array/Struct    | Performance     | HW Transforms   |
+---------------------------+-----------------+--------------+-----------------+-----------------+-----------------+-----------------+
| + uniform_metropolis_step | sk_step.cpp:258 | 3,872        | 2,116           | 2,351           | 1,799           | 3,008           |
|  + uniform_delta_energy   | sk_step.cpp:168 | 1,325        | 2,043           | 2,273           | 1,397           | 1,348           |
|     spin_mul              | sk_step.cpp:37  |  289         |  168 (24 calls) |  168 (24 calls) |  168 (24 calls) |  168 (24 calls) |
|  + metropolis_accept      | sk_step.cpp:115 | 2,287        |                 |                 |                 |                 |
|     exp_neg_approx        | sk_step.cpp:58  | 1,975        |                 |                 |                 |                 |
+---------------------------+-----------------+--------------+-----------------+-----------------+-----------------+-----------------+

* Design Size Message Settings
+---------------------------------------------+--------+------------------------------------------------------------------+
| Message Setting                             | Value  | Description                                                      |
+---------------------------------------------+--------+------------------------------------------------------------------+
| config_compile -design_size_maximum_warning | 100000 | Show a warning when total design instructions exceeds this value |
+---------------------------------------------+--------+------------------------------------------------------------------+


