================================================================
== Design Size Report
================================================================

* Total Instructions per Compilation Phase
+---------------+----------------------------+--------------+----------------------------------------------------------------------------------------+
| Phase         | Step                       | Instructions | Description                                                                            |
+---------------+----------------------------+--------------+----------------------------------------------------------------------------------------+
| Compile/Link  |                            |  3,872       | After all functions are compiled and linked into a single design                       |
|               |                            |              |                                                                                        |
| Unroll/Inline |                            |              | After user unroll and inline pragmas are applied                                       |
|               | (1) unroll                 |  9,601       | user unroll pragmas are applied                                                        |
|               | (2) simplification         |  2,437       | simplification of applied user unroll pragmas                                          |
|               | (3) inline                 |  1,669       | user inline pragmas are applied                                                        |
|               | (4) simplification         |  1,052       | simplification of applied user inline pragmas                                          |
|               |                            |              |                                                                                        |
| Array/Struct  |                            |              | After user array partition and struct aggregate/disaggregate pragmas are applied       |
|               | (1) array partition        | 31,627       | user array partition pragmas are applied                                               |
|               | (2) simplification         |  1,027       | simplification of applied user array partition & struct aggregate/disaggregate pragmas |
|               | (3) aggregate/disaggregate |  1,147       | user struct aggregate/disaggregate pragmas are applied                                 |
|               | (4) array reshape          |  1,147       | apply array reshape pragmas                                                            |
|               | (5) access patterns        |  1,147       | array access pattern optmizations                                                      |
|               |                            |              |                                                                                        |
| Performance   |                            |              | After transformations are applied to meet performance pragma targets                   |
|               | (1) loop simplification    |    907       | loop and instruction simplification                                                    |
|               | (2) parallelization        |    907       | loops are unrolled or pipelined to meet performance targets                            |
|               | (3) array partition        |    907       | arrays are partitioned to meet performance targets                                     |
|               | (4) simplification         |    907       | simplification of design after performance transformations                             |
|               |                            |              |                                                                                        |
| HW Transforms |                            |              | After hardware transfomations                                                          |
|               | (1) lowering               |  1,492       | initial conversion to HW specific instructions                                         |
|               | (2) optimizations          |  1,460       | high level synthesis optimizations                                                     |
+---------------+----------------------------+--------------+----------------------------------------------------------------------------------------+

* Instructions per Function for each Compilation Phase
+---------------------------+-----------------+--------------+-----------------+-----------------+----------------+-----------------+
| Function                  | Location        | Compile/Link | Unroll/Inline   | Array/Struct    | Performance    | HW Transforms   |
+---------------------------+-----------------+--------------+-----------------+-----------------+----------------+-----------------+
| + uniform_metropolis_step | sk_step.cpp:258 | 3,872        | 1,052           | 1,147           | 907            | 1,460           |
|  + uniform_delta_energy   | sk_step.cpp:168 | 1,325        |  979            | 1,069           | 677            |  644            |
|     spin_mul              | sk_step.cpp:37  |  289         |  112 (16 calls) |  112 (16 calls) | 112 (16 calls) |  112 (16 calls) |
|  + metropolis_accept      | sk_step.cpp:115 | 2,287        |                 |                 |                |                 |
|     exp_neg_approx        | sk_step.cpp:58  | 1,975        |                 |                 |                |                 |
+---------------------------+-----------------+--------------+-----------------+-----------------+----------------+-----------------+

* Design Size Message Settings
+---------------------------------------------+--------+------------------------------------------------------------------+
| Message Setting                             | Value  | Description                                                      |
+---------------------------------------------+--------+------------------------------------------------------------------+
| config_compile -design_size_maximum_warning | 100000 | Show a warning when total design instructions exceeds this value |
+---------------------------------------------+--------+------------------------------------------------------------------+


