================================================================
== Design Size Report
================================================================

* Total Instructions per Compilation Phase
+---------------+----------------------------+--------------+----------------------------------------------------------------------------------------+
| Phase         | Step                       | Instructions | Description                                                                            |
+---------------+----------------------------+--------------+----------------------------------------------------------------------------------------+
| Compile/Link  |                            |   3,872      | After all functions are compiled and linked into a single design                       |
|               |                            |              |                                                                                        |
| Unroll/Inline |                            |              | After user unroll and inline pragmas are applied                                       |
|               | (1) unroll                 |  29,712      | user unroll pragmas are applied                                                        |
|               | (2) simplification         |   7,545      | simplification of applied user unroll pragmas                                          |
|               | (3) inline                 |   5,035      | user inline pragmas are applied                                                        |
|               | (4) simplification         |   2,988      | simplification of applied user inline pragmas                                          |
|               |                            |              |                                                                                        |
| Array/Struct  |                            |              | After user array partition and struct aggregate/disaggregate pragmas are applied       |
|               | (1) array partition        | 343,965 *    | user array partition pragmas are applied                                               |
|               | (2) simplification         |   2,925      | simplification of applied user array partition & struct aggregate/disaggregate pragmas |
|               | (3) aggregate/disaggregate |   3,331      | user struct aggregate/disaggregate pragmas are applied                                 |
|               | (4) array reshape          |   3,331      | apply array reshape pragmas                                                            |
|               | (5) access patterns        |   3,331      | array access pattern optmizations                                                      |
|               |                            |              |                                                                                        |
| Performance   |                            |              | After transformations are applied to meet performance pragma targets                   |
|               | (1) loop simplification    |   2,519      | loop and instruction simplification                                                    |
|               | (2) parallelization        |   2,519      | loops are unrolled or pipelined to meet performance targets                            |
|               | (3) array partition        |   2,519      | arrays are partitioned to meet performance targets                                     |
|               | (4) simplification         |   2,519      | simplification of design after performance transformations                             |
|               |                            |              |                                                                                        |
| HW Transforms |                            |              | After hardware transfomations                                                          |
|               | (1) lowering               |   4,326      | initial conversion to HW specific instructions                                         |
|               | (2) optimizations          |   4,268      | high level synthesis optimizations                                                     |
+---------------+----------------------------+--------------+----------------------------------------------------------------------------------------+
    * - Exceeded design size warning message threshold

* Instructions per Function for each Compilation Phase
+---------------------------+-----------------+--------------+-----------------+-----------------+-----------------+-----------------+
| Function                  | Location        | Compile/Link | Unroll/Inline   | Array/Struct    | Performance     | HW Transforms   |
+---------------------------+-----------------+--------------+-----------------+-----------------+-----------------+-----------------+
| + uniform_metropolis_step | sk_step.cpp:258 | 3,872        | 2,988           | 3,331           | 2,519           | 4,268           |
|  + uniform_delta_energy   | sk_step.cpp:168 | 1,325        | 2,915           | 3,253           | 1,977           | 1,918           |
|     spin_mul              | sk_step.cpp:37  |  289         |  203 (29 calls) |  203 (29 calls) |  203 (29 calls) |  203 (29 calls) |
|  + metropolis_accept      | sk_step.cpp:115 | 2,287        |                 |                 |                 |                 |
|     exp_neg_approx        | sk_step.cpp:58  | 1,975        |                 |                 |                 |                 |
+---------------------------+-----------------+--------------+-----------------+-----------------+-----------------+-----------------+

* Design Size Message Settings
+---------------------------------------------+--------+------------------------------------------------------------------+
| Message Setting                             | Value  | Description                                                      |
+---------------------------------------------+--------+------------------------------------------------------------------+
| config_compile -design_size_maximum_warning | 100000 | Show a warning when total design instructions exceeds this value |
+---------------------------------------------+--------+------------------------------------------------------------------+


