

================================================================
== Vitis HLS Report for 'uniform_delta_energy'
================================================================
* Date:           Tue May 19 20:39:31 2026

* Version:        2025.2 (Build 6295257 on Nov 14 2025)
* Project:        hls_uniform_metropolis_step_N20
* Solution:       hls (Vivado IP Flow Target)
* Product family: virtexuplus
* Target device:  xcvu19p-fsva3824-2-e


================================================================
== Performance Estimates
================================================================
+ Timing: 
    * Summary: 
    +--------+---------+----------+------------+
    |  Clock |  Target | Estimated| Uncertainty|
    +--------+---------+----------+------------+
    |ap_clk  |  3.33 ns|  2.388 ns|     0.90 ns|
    +--------+---------+----------+------------+

+ Latency: 
    * Summary: 
    +---------+---------+----------+----------+-----+-----+---------+
    |  Latency (cycles) |  Latency (absolute) |  Interval | Pipeline|
    |   min   |   max   |    min   |    max   | min | max |   Type  |
    +---------+---------+----------+----------+-----+-----+---------+
    |       97|       97|  0.323 us|  0.323 us|   97|   97|       no|
    +---------+---------+----------+----------+-----+-----+---------+

    + Detail: 
        * Instance: 
        N/A

        * Loop: 
        N/A



================================================================
== Utilization Estimates
================================================================
* Summary: 
+---------------------+---------+------+---------+---------+-----+
|         Name        | BRAM_18K|  DSP |    FF   |   LUT   | URAM|
+---------------------+---------+------+---------+---------+-----+
|DSP                  |        -|     -|        -|        -|    -|
|Expression           |        -|     -|        0|    28427|    -|
|FIFO                 |        -|     -|        -|        -|    -|
|Instance             |        -|     -|        -|        -|    -|
|Memory               |        -|     -|        -|        -|    -|
|Multiplexer          |        -|     -|        0|      503|    -|
|Register             |        -|     -|     4338|        -|    -|
+---------------------+---------+------+---------+---------+-----+
|Total                |        0|     0|     4338|    28930|    0|
+---------------------+---------+------+---------+---------+-----+
|Available SLR        |     1080|   960|  2042880|  1021440|   80|
+---------------------+---------+------+---------+---------+-----+
|Utilization SLR (%)  |        0|     0|       ~0|        2|    0|
+---------------------+---------+------+---------+---------+-----+
|Available            |     4320|  3840|  8171520|  4085760|  320|
+---------------------+---------+------+---------+---------+-----+
|Utilization (%)      |        0|     0|       ~0|       ~0|    0|
+---------------------+---------+------+---------+---------+-----+

+ Detail: 
    * Instance: 
    N/A

    * DSP: 
    N/A

    * Memory: 
    N/A

    * FIFO: 
    N/A

    * Expression: 
    +--------------------------+----------+----+---+-----+------------+------------+
    |       Variable Name      | Operation| DSP| FF| LUT | Bitwidth P0| Bitwidth P1|
    +--------------------------+----------+----+---+-----+------------+------------+
    |add_ln183_10_fu_2108_p2   |         +|   0|  0|   40|          40|          40|
    |add_ln183_11_fu_2114_p2   |         +|   0|  0|   40|          40|          40|
    |add_ln183_12_fu_2210_p2   |         +|   0|  0|   40|          40|          40|
    |add_ln183_13_fu_2214_p2   |         +|   0|  0|   40|          40|          40|
    |add_ln183_14_fu_2120_p2   |         +|   0|  0|   40|          40|          40|
    |add_ln183_15_fu_2126_p2   |         +|   0|  0|   40|          40|          40|
    |add_ln183_16_fu_2218_p2   |         +|   0|  0|   40|          40|          40|
    |add_ln183_17_fu_2223_p2   |         +|   0|  0|   40|          40|          40|
    |add_ln183_18_fu_2233_p2   |         +|   0|  0|   40|          40|          40|
    |add_ln183_1_fu_2078_p2    |         +|   0|  0|   40|          40|          40|
    |add_ln183_2_fu_2084_p2    |         +|   0|  0|   40|          40|          40|
    |add_ln183_3_fu_2194_p2    |         +|   0|  0|   40|          40|          40|
    |add_ln183_4_fu_2199_p2    |         +|   0|  0|   40|          40|          40|
    |add_ln183_5_fu_2090_p2    |         +|   0|  0|   40|          40|          40|
    |add_ln183_6_fu_2096_p2    |         +|   0|  0|   40|          40|          40|
    |add_ln183_7_fu_2205_p2    |         +|   0|  0|   40|          40|          40|
    |add_ln183_8_fu_2229_p2    |         +|   0|  0|   40|          40|          40|
    |add_ln183_9_fu_2102_p2    |         +|   0|  0|   47|          40|          40|
    |add_ln183_fu_2188_p2      |         +|   0|  0|   40|          40|          40|
    |add_ln195_fu_2242_p2      |         +|   0|  0|   40|          40|          40|
    |e_100_fu_3013_p2          |         +|   0|  0|   47|          40|          40|
    |e_103_fu_3036_p2          |         +|   0|  0|   47|          40|          40|
    |e_106_fu_3059_p2          |         +|   0|  0|   47|          40|          40|
    |e_109_fu_3082_p2          |         +|   0|  0|   47|          40|          40|
    |e_10_fu_2323_p2           |         +|   0|  0|   47|          40|          40|
    |e_112_fu_3105_p2          |         +|   0|  0|   47|          40|          40|
    |e_115_fu_3128_p2          |         +|   0|  0|   47|          40|          40|
    |e_118_fu_3151_p2          |         +|   0|  0|   47|          40|          40|
    |e_121_fu_3174_p2          |         +|   0|  0|   47|          40|          40|
    |e_124_fu_3197_p2          |         +|   0|  0|   47|          40|          40|
    |e_127_fu_3220_p2          |         +|   0|  0|   47|          40|          40|
    |e_130_fu_3243_p2          |         +|   0|  0|   47|          40|          40|
    |e_133_fu_3266_p2          |         +|   0|  0|   47|          40|          40|
    |e_136_fu_3289_p2          |         +|   0|  0|   47|          40|          40|
    |e_139_fu_3312_p2          |         +|   0|  0|   47|          40|          40|
    |e_13_fu_2346_p2           |         +|   0|  0|   47|          40|          40|
    |e_142_fu_3335_p2          |         +|   0|  0|   47|          40|          40|
    |e_145_fu_3358_p2          |         +|   0|  0|   47|          40|          40|
    |e_148_fu_3381_p2          |         +|   0|  0|   47|          40|          40|
    |e_151_fu_3404_p2          |         +|   0|  0|   47|          40|          40|
    |e_154_fu_3427_p2          |         +|   0|  0|   47|          40|          40|
    |e_157_fu_3450_p2          |         +|   0|  0|   47|          40|          40|
    |e_160_fu_3473_p2          |         +|   0|  0|   47|          40|          40|
    |e_163_fu_3496_p2          |         +|   0|  0|   47|          40|          40|
    |e_166_fu_3519_p2          |         +|   0|  0|   47|          40|          40|
    |e_169_fu_3542_p2          |         +|   0|  0|   47|          40|          40|
    |e_16_fu_2369_p2           |         +|   0|  0|   47|          40|          40|
    |e_172_fu_3565_p2          |         +|   0|  0|   47|          40|          40|
    |e_175_fu_3588_p2          |         +|   0|  0|   47|          40|          40|
    |e_178_fu_3611_p2          |         +|   0|  0|   47|          40|          40|
    |e_181_fu_3634_p2          |         +|   0|  0|   47|          40|          40|
    |e_184_fu_3657_p2          |         +|   0|  0|   47|          40|          40|
    |e_187_fu_3680_p2          |         +|   0|  0|   47|          40|          40|
    |e_190_fu_3703_p2          |         +|   0|  0|   47|          40|          40|
    |e_193_fu_3726_p2          |         +|   0|  0|   47|          40|          40|
    |e_196_fu_3749_p2          |         +|   0|  0|   47|          40|          40|
    |e_199_fu_3772_p2          |         +|   0|  0|   47|          40|          40|
    |e_19_fu_2392_p2           |         +|   0|  0|   47|          40|          40|
    |e_202_fu_3795_p2          |         +|   0|  0|   47|          40|          40|
    |e_205_fu_3818_p2          |         +|   0|  0|   47|          40|          40|
    |e_208_fu_3841_p2          |         +|   0|  0|   47|          40|          40|
    |e_211_fu_3864_p2          |         +|   0|  0|   47|          40|          40|
    |e_214_fu_3887_p2          |         +|   0|  0|   47|          40|          40|
    |e_217_fu_3910_p2          |         +|   0|  0|   47|          40|          40|
    |e_220_fu_3933_p2          |         +|   0|  0|   47|          40|          40|
    |e_223_fu_3956_p2          |         +|   0|  0|   47|          40|          40|
    |e_226_fu_3979_p2          |         +|   0|  0|   47|          40|          40|
    |e_229_fu_4002_p2          |         +|   0|  0|   47|          40|          40|
    |e_22_fu_2415_p2           |         +|   0|  0|   47|          40|          40|
    |e_232_fu_4025_p2          |         +|   0|  0|   47|          40|          40|
    |e_235_fu_4048_p2          |         +|   0|  0|   47|          40|          40|
    |e_238_fu_4071_p2          |         +|   0|  0|   47|          40|          40|
    |e_241_fu_4094_p2          |         +|   0|  0|   47|          40|          40|
    |e_244_fu_4117_p2          |         +|   0|  0|   47|          40|          40|
    |e_247_fu_4140_p2          |         +|   0|  0|   47|          40|          40|
    |e_250_fu_4163_p2          |         +|   0|  0|   47|          40|          40|
    |e_253_fu_4186_p2          |         +|   0|  0|   47|          40|          40|
    |e_256_fu_4209_p2          |         +|   0|  0|   47|          40|          40|
    |e_259_fu_4232_p2          |         +|   0|  0|   47|          40|          40|
    |e_25_fu_2438_p2           |         +|   0|  0|   47|          40|          40|
    |e_262_fu_4255_p2          |         +|   0|  0|   47|          40|          40|
    |e_265_fu_4278_p2          |         +|   0|  0|   47|          40|          40|
    |e_268_fu_4301_p2          |         +|   0|  0|   47|          40|          40|
    |e_271_fu_4324_p2          |         +|   0|  0|   47|          40|          40|
    |e_274_fu_4347_p2          |         +|   0|  0|   47|          40|          40|
    |e_277_fu_4370_p2          |         +|   0|  0|   47|          40|          40|
    |e_280_fu_4393_p2          |         +|   0|  0|   47|          40|          40|
    |e_283_fu_4416_p2          |         +|   0|  0|   47|          40|          40|
    |e_286_fu_4439_p2          |         +|   0|  0|   47|          40|          40|
    |e_289_fu_4462_p2          |         +|   0|  0|   47|          40|          40|
    |e_28_fu_2461_p2           |         +|   0|  0|   47|          40|          40|
    |e_292_fu_4485_p2          |         +|   0|  0|   47|          40|          40|
    |e_295_fu_4508_p2          |         +|   0|  0|   47|          40|          40|
    |e_298_fu_4531_p2          |         +|   0|  0|   47|          40|          40|
    |e_301_fu_4554_p2          |         +|   0|  0|   47|          40|          40|
    |e_304_fu_4577_p2          |         +|   0|  0|   47|          40|          40|
    |e_307_fu_4600_p2          |         +|   0|  0|   47|          40|          40|
    |e_310_fu_4623_p2          |         +|   0|  0|   47|          40|          40|
    |e_313_fu_4646_p2          |         +|   0|  0|   47|          40|          40|
    |e_316_fu_4669_p2          |         +|   0|  0|   47|          40|          40|
    |e_319_fu_4692_p2          |         +|   0|  0|   47|          40|          40|
    |e_31_fu_2484_p2           |         +|   0|  0|   47|          40|          40|
    |e_322_fu_4715_p2          |         +|   0|  0|   47|          40|          40|
    |e_325_fu_4738_p2          |         +|   0|  0|   47|          40|          40|
    |e_328_fu_4761_p2          |         +|   0|  0|   47|          40|          40|
    |e_331_fu_4784_p2          |         +|   0|  0|   47|          40|          40|
    |e_334_fu_4807_p2          |         +|   0|  0|   47|          40|          40|
    |e_337_fu_4830_p2          |         +|   0|  0|   47|          40|          40|
    |e_340_fu_4853_p2          |         +|   0|  0|   47|          40|          40|
    |e_343_fu_4876_p2          |         +|   0|  0|   47|          40|          40|
    |e_346_fu_4899_p2          |         +|   0|  0|   47|          40|          40|
    |e_349_fu_4922_p2          |         +|   0|  0|   47|          40|          40|
    |e_34_fu_2507_p2           |         +|   0|  0|   47|          40|          40|
    |e_352_fu_4945_p2          |         +|   0|  0|   47|          40|          40|
    |e_355_fu_4968_p2          |         +|   0|  0|   47|          40|          40|
    |e_358_fu_4991_p2          |         +|   0|  0|   47|          40|          40|
    |e_361_fu_5014_p2          |         +|   0|  0|   47|          40|          40|
    |e_364_fu_5037_p2          |         +|   0|  0|   47|          40|          40|
    |e_367_fu_5060_p2          |         +|   0|  0|   47|          40|          40|
    |e_370_fu_5083_p2          |         +|   0|  0|   47|          40|          40|
    |e_373_fu_5106_p2          |         +|   0|  0|   47|          40|          40|
    |e_376_fu_5129_p2          |         +|   0|  0|   47|          40|          40|
    |e_379_fu_5152_p2          |         +|   0|  0|   47|          40|          40|
    |e_37_fu_2530_p2           |         +|   0|  0|   47|          40|          40|
    |e_382_fu_5175_p2          |         +|   0|  0|   47|          40|          40|
    |e_385_fu_5198_p2          |         +|   0|  0|   47|          40|          40|
    |e_388_fu_5221_p2          |         +|   0|  0|   47|          40|          40|
    |e_391_fu_5244_p2          |         +|   0|  0|   47|          40|          40|
    |e_394_fu_5267_p2          |         +|   0|  0|   47|          40|          40|
    |e_397_fu_5290_p2          |         +|   0|  0|   47|          40|          40|
    |e_400_fu_5313_p2          |         +|   0|  0|   47|          40|          40|
    |e_403_fu_5336_p2          |         +|   0|  0|   47|          40|          40|
    |e_406_fu_5359_p2          |         +|   0|  0|   47|          40|          40|
    |e_409_fu_5382_p2          |         +|   0|  0|   47|          40|          40|
    |e_40_fu_2553_p2           |         +|   0|  0|   47|          40|          40|
    |e_412_fu_5405_p2          |         +|   0|  0|   47|          40|          40|
    |e_415_fu_5428_p2          |         +|   0|  0|   47|          40|          40|
    |e_418_fu_5451_p2          |         +|   0|  0|   47|          40|          40|
    |e_421_fu_5474_p2          |         +|   0|  0|   47|          40|          40|
    |e_424_fu_5497_p2          |         +|   0|  0|   47|          40|          40|
    |e_427_fu_5520_p2          |         +|   0|  0|   47|          40|          40|
    |e_430_fu_5543_p2          |         +|   0|  0|   47|          40|          40|
    |e_433_fu_5566_p2          |         +|   0|  0|   47|          40|          40|
    |e_436_fu_5589_p2          |         +|   0|  0|   47|          40|          40|
    |e_439_fu_5612_p2          |         +|   0|  0|   47|          40|          40|
    |e_43_fu_2576_p2           |         +|   0|  0|   47|          40|          40|
    |e_442_fu_5635_p2          |         +|   0|  0|   47|          40|          40|
    |e_445_fu_5658_p2          |         +|   0|  0|   47|          40|          40|
    |e_448_fu_5681_p2          |         +|   0|  0|   47|          40|          40|
    |e_451_fu_5704_p2          |         +|   0|  0|   47|          40|          40|
    |e_454_fu_5727_p2          |         +|   0|  0|   47|          40|          40|
    |e_457_fu_5750_p2          |         +|   0|  0|   47|          40|          40|
    |e_460_fu_5773_p2          |         +|   0|  0|   47|          40|          40|
    |e_463_fu_5796_p2          |         +|   0|  0|   47|          40|          40|
    |e_466_fu_5819_p2          |         +|   0|  0|   47|          40|          40|
    |e_469_fu_5842_p2          |         +|   0|  0|   47|          40|          40|
    |e_46_fu_2599_p2           |         +|   0|  0|   47|          40|          40|
    |e_472_fu_5865_p2          |         +|   0|  0|   47|          40|          40|
    |e_475_fu_5888_p2          |         +|   0|  0|   47|          40|          40|
    |e_478_fu_5911_p2          |         +|   0|  0|   47|          40|          40|
    |e_481_fu_5934_p2          |         +|   0|  0|   47|          40|          40|
    |e_484_fu_5957_p2          |         +|   0|  0|   47|          40|          40|
    |e_487_fu_5980_p2          |         +|   0|  0|   47|          40|          40|
    |e_490_fu_6003_p2          |         +|   0|  0|   47|          40|          40|
    |e_493_fu_6026_p2          |         +|   0|  0|   47|          40|          40|
    |e_496_fu_6049_p2          |         +|   0|  0|   47|          40|          40|
    |e_499_fu_6072_p2          |         +|   0|  0|   47|          40|          40|
    |e_49_fu_2622_p2           |         +|   0|  0|   47|          40|          40|
    |e_4_fu_2277_p2            |         +|   0|  0|   47|          40|          40|
    |e_502_fu_6095_p2          |         +|   0|  0|   47|          40|          40|
    |e_505_fu_6118_p2          |         +|   0|  0|   47|          40|          40|
    |e_508_fu_6141_p2          |         +|   0|  0|   47|          40|          40|
    |e_511_fu_6164_p2          |         +|   0|  0|   47|          40|          40|
    |e_514_fu_6187_p2          |         +|   0|  0|   47|          40|          40|
    |e_517_fu_6210_p2          |         +|   0|  0|   47|          40|          40|
    |e_520_fu_6233_p2          |         +|   0|  0|   47|          40|          40|
    |e_523_fu_6256_p2          |         +|   0|  0|   47|          40|          40|
    |e_526_fu_6279_p2          |         +|   0|  0|   47|          40|          40|
    |e_529_fu_6302_p2          |         +|   0|  0|   47|          40|          40|
    |e_52_fu_2645_p2           |         +|   0|  0|   47|          40|          40|
    |e_532_fu_6325_p2          |         +|   0|  0|   47|          40|          40|
    |e_535_fu_6348_p2          |         +|   0|  0|   47|          40|          40|
    |e_538_fu_6371_p2          |         +|   0|  0|   47|          40|          40|
    |e_541_fu_6394_p2          |         +|   0|  0|   47|          40|          40|
    |e_544_fu_6417_p2          |         +|   0|  0|   47|          40|          40|
    |e_547_fu_6440_p2          |         +|   0|  0|   47|          40|          40|
    |e_550_fu_6463_p2          |         +|   0|  0|   47|          40|          40|
    |e_553_fu_6486_p2          |         +|   0|  0|   47|          40|          40|
    |e_556_fu_6509_p2          |         +|   0|  0|   47|          40|          40|
    |e_559_fu_6532_p2          |         +|   0|  0|   47|          40|          40|
    |e_55_fu_2668_p2           |         +|   0|  0|   47|          40|          40|
    |e_562_fu_6555_p2          |         +|   0|  0|   47|          40|          40|
    |e_565_fu_6578_p2          |         +|   0|  0|   47|          40|          40|
    |e_568_fu_6601_p2          |         +|   0|  0|   47|          40|          40|
    |e_58_fu_2691_p2           |         +|   0|  0|   47|          40|          40|
    |e_61_fu_2714_p2           |         +|   0|  0|   47|          40|          40|
    |e_64_fu_2737_p2           |         +|   0|  0|   47|          40|          40|
    |e_67_fu_2760_p2           |         +|   0|  0|   47|          40|          40|
    |e_70_fu_2783_p2           |         +|   0|  0|   47|          40|          40|
    |e_73_fu_2806_p2           |         +|   0|  0|   47|          40|          40|
    |e_76_fu_2829_p2           |         +|   0|  0|   47|          40|          40|
    |e_79_fu_2852_p2           |         +|   0|  0|   47|          40|          40|
    |e_7_fu_2300_p2            |         +|   0|  0|   47|          40|          40|
    |e_82_fu_2875_p2           |         +|   0|  0|   47|          40|          40|
    |e_85_fu_2898_p2           |         +|   0|  0|   47|          40|          40|
    |e_88_fu_2921_p2           |         +|   0|  0|   47|          40|          40|
    |e_91_fu_2944_p2           |         +|   0|  0|   47|          40|          40|
    |e_94_fu_2967_p2           |         +|   0|  0|   47|          40|          40|
    |e_97_fu_2990_p2           |         +|   0|  0|   47|          40|          40|
    |e_102_fu_3030_p2          |         -|   0|  0|   47|          40|          40|
    |e_105_fu_3054_p2          |         -|   0|  0|   47|          40|          40|
    |e_108_fu_3076_p2          |         -|   0|  0|   47|          40|          40|
    |e_111_fu_3100_p2          |         -|   0|  0|   47|          40|          40|
    |e_114_fu_3122_p2          |         -|   0|  0|   47|          40|          40|
    |e_117_fu_3146_p2          |         -|   0|  0|   47|          40|          40|
    |e_120_fu_3168_p2          |         -|   0|  0|   47|          40|          40|
    |e_123_fu_3192_p2          |         -|   0|  0|   47|          40|          40|
    |e_126_fu_3214_p2          |         -|   0|  0|   47|          40|          40|
    |e_129_fu_3238_p2          |         -|   0|  0|   47|          40|          40|
    |e_12_fu_2340_p2           |         -|   0|  0|   47|          40|          40|
    |e_132_fu_3260_p2          |         -|   0|  0|   47|          40|          40|
    |e_135_fu_3284_p2          |         -|   0|  0|   47|          40|          40|
    |e_138_fu_3306_p2          |         -|   0|  0|   47|          40|          40|
    |e_141_fu_3330_p2          |         -|   0|  0|   47|          40|          40|
    |e_144_fu_3352_p2          |         -|   0|  0|   47|          40|          40|
    |e_147_fu_3376_p2          |         -|   0|  0|   47|          40|          40|
    |e_150_fu_3398_p2          |         -|   0|  0|   47|          40|          40|
    |e_153_fu_3422_p2          |         -|   0|  0|   47|          40|          40|
    |e_156_fu_3444_p2          |         -|   0|  0|   47|          40|          40|
    |e_159_fu_3468_p2          |         -|   0|  0|   47|          40|          40|
    |e_15_fu_2364_p2           |         -|   0|  0|   47|          40|          40|
    |e_162_fu_3490_p2          |         -|   0|  0|   47|          40|          40|
    |e_165_fu_3514_p2          |         -|   0|  0|   47|          40|          40|
    |e_168_fu_3536_p2          |         -|   0|  0|   47|          40|          40|
    |e_171_fu_3560_p2          |         -|   0|  0|   47|          40|          40|
    |e_174_fu_3582_p2          |         -|   0|  0|   47|          40|          40|
    |e_177_fu_3606_p2          |         -|   0|  0|   47|          40|          40|
    |e_180_fu_3628_p2          |         -|   0|  0|   47|          40|          40|
    |e_183_fu_3652_p2          |         -|   0|  0|   47|          40|          40|
    |e_186_fu_3674_p2          |         -|   0|  0|   47|          40|          40|
    |e_189_fu_3698_p2          |         -|   0|  0|   47|          40|          40|
    |e_18_fu_2386_p2           |         -|   0|  0|   47|          40|          40|
    |e_192_fu_3720_p2          |         -|   0|  0|   47|          40|          40|
    |e_195_fu_3744_p2          |         -|   0|  0|   47|          40|          40|
    |e_198_fu_3766_p2          |         -|   0|  0|   47|          40|          40|
    |e_1_fu_2254_p2            |         -|   0|  0|   47|          40|          40|
    |e_201_fu_3790_p2          |         -|   0|  0|   47|          40|          40|
    |e_204_fu_3812_p2          |         -|   0|  0|   47|          40|          40|
    |e_207_fu_3836_p2          |         -|   0|  0|   47|          40|          40|
    |e_210_fu_3858_p2          |         -|   0|  0|   47|          40|          40|
    |e_213_fu_3882_p2          |         -|   0|  0|   47|          40|          40|
    |e_216_fu_3904_p2          |         -|   0|  0|   47|          40|          40|
    |e_219_fu_3928_p2          |         -|   0|  0|   47|          40|          40|
    |e_21_fu_2410_p2           |         -|   0|  0|   47|          40|          40|
    |e_222_fu_3950_p2          |         -|   0|  0|   47|          40|          40|
    |e_225_fu_3974_p2          |         -|   0|  0|   47|          40|          40|
    |e_228_fu_3996_p2          |         -|   0|  0|   47|          40|          40|
    |e_231_fu_4020_p2          |         -|   0|  0|   47|          40|          40|
    |e_234_fu_4042_p2          |         -|   0|  0|   47|          40|          40|
    |e_237_fu_4066_p2          |         -|   0|  0|   47|          40|          40|
    |e_240_fu_4088_p2          |         -|   0|  0|   47|          40|          40|
    |e_243_fu_4112_p2          |         -|   0|  0|   47|          40|          40|
    |e_246_fu_4134_p2          |         -|   0|  0|   47|          40|          40|
    |e_249_fu_4158_p2          |         -|   0|  0|   47|          40|          40|
    |e_24_fu_2432_p2           |         -|   0|  0|   47|          40|          40|
    |e_252_fu_4180_p2          |         -|   0|  0|   47|          40|          40|
    |e_255_fu_4204_p2          |         -|   0|  0|   47|          40|          40|
    |e_258_fu_4226_p2          |         -|   0|  0|   47|          40|          40|
    |e_261_fu_4250_p2          |         -|   0|  0|   47|          40|          40|
    |e_264_fu_4272_p2          |         -|   0|  0|   47|          40|          40|
    |e_267_fu_4296_p2          |         -|   0|  0|   47|          40|          40|
    |e_270_fu_4318_p2          |         -|   0|  0|   47|          40|          40|
    |e_273_fu_4342_p2          |         -|   0|  0|   47|          40|          40|
    |e_276_fu_4364_p2          |         -|   0|  0|   47|          40|          40|
    |e_279_fu_4388_p2          |         -|   0|  0|   47|          40|          40|
    |e_27_fu_2456_p2           |         -|   0|  0|   47|          40|          40|
    |e_282_fu_4410_p2          |         -|   0|  0|   47|          40|          40|
    |e_285_fu_4434_p2          |         -|   0|  0|   47|          40|          40|
    |e_288_fu_4456_p2          |         -|   0|  0|   47|          40|          40|
    |e_291_fu_4480_p2          |         -|   0|  0|   47|          40|          40|
    |e_294_fu_4502_p2          |         -|   0|  0|   47|          40|          40|
    |e_297_fu_4526_p2          |         -|   0|  0|   47|          40|          40|
    |e_300_fu_4548_p2          |         -|   0|  0|   47|          40|          40|
    |e_303_fu_4572_p2          |         -|   0|  0|   47|          40|          40|
    |e_306_fu_4594_p2          |         -|   0|  0|   47|          40|          40|
    |e_309_fu_4618_p2          |         -|   0|  0|   47|          40|          40|
    |e_30_fu_2478_p2           |         -|   0|  0|   47|          40|          40|
    |e_312_fu_4640_p2          |         -|   0|  0|   47|          40|          40|
    |e_315_fu_4664_p2          |         -|   0|  0|   47|          40|          40|
    |e_318_fu_4686_p2          |         -|   0|  0|   47|          40|          40|
    |e_321_fu_4710_p2          |         -|   0|  0|   47|          40|          40|
    |e_324_fu_4732_p2          |         -|   0|  0|   47|          40|          40|
    |e_327_fu_4756_p2          |         -|   0|  0|   47|          40|          40|
    |e_330_fu_4778_p2          |         -|   0|  0|   47|          40|          40|
    |e_333_fu_4802_p2          |         -|   0|  0|   47|          40|          40|
    |e_336_fu_4824_p2          |         -|   0|  0|   47|          40|          40|
    |e_339_fu_4848_p2          |         -|   0|  0|   47|          40|          40|
    |e_33_fu_2502_p2           |         -|   0|  0|   47|          40|          40|
    |e_342_fu_4870_p2          |         -|   0|  0|   47|          40|          40|
    |e_345_fu_4894_p2          |         -|   0|  0|   47|          40|          40|
    |e_348_fu_4916_p2          |         -|   0|  0|   47|          40|          40|
    |e_351_fu_4940_p2          |         -|   0|  0|   47|          40|          40|
    |e_354_fu_4962_p2          |         -|   0|  0|   47|          40|          40|
    |e_357_fu_4986_p2          |         -|   0|  0|   47|          40|          40|
    |e_360_fu_5008_p2          |         -|   0|  0|   47|          40|          40|
    |e_363_fu_5032_p2          |         -|   0|  0|   47|          40|          40|
    |e_366_fu_5054_p2          |         -|   0|  0|   47|          40|          40|
    |e_369_fu_5078_p2          |         -|   0|  0|   47|          40|          40|
    |e_36_fu_2524_p2           |         -|   0|  0|   47|          40|          40|
    |e_372_fu_5100_p2          |         -|   0|  0|   47|          40|          40|
    |e_375_fu_5124_p2          |         -|   0|  0|   47|          40|          40|
    |e_378_fu_5146_p2          |         -|   0|  0|   47|          40|          40|
    |e_381_fu_5170_p2          |         -|   0|  0|   47|          40|          40|
    |e_384_fu_5192_p2          |         -|   0|  0|   47|          40|          40|
    |e_387_fu_5216_p2          |         -|   0|  0|   47|          40|          40|
    |e_390_fu_5238_p2          |         -|   0|  0|   47|          40|          40|
    |e_393_fu_5262_p2          |         -|   0|  0|   47|          40|          40|
    |e_396_fu_5284_p2          |         -|   0|  0|   47|          40|          40|
    |e_399_fu_5308_p2          |         -|   0|  0|   47|          40|          40|
    |e_39_fu_2548_p2           |         -|   0|  0|   47|          40|          40|
    |e_3_fu_2272_p2            |         -|   0|  0|   47|          40|          40|
    |e_402_fu_5330_p2          |         -|   0|  0|   47|          40|          40|
    |e_405_fu_5354_p2          |         -|   0|  0|   47|          40|          40|
    |e_408_fu_5376_p2          |         -|   0|  0|   47|          40|          40|
    |e_411_fu_5400_p2          |         -|   0|  0|   47|          40|          40|
    |e_414_fu_5422_p2          |         -|   0|  0|   47|          40|          40|
    |e_417_fu_5446_p2          |         -|   0|  0|   47|          40|          40|
    |e_420_fu_5468_p2          |         -|   0|  0|   47|          40|          40|
    |e_423_fu_5492_p2          |         -|   0|  0|   47|          40|          40|
    |e_426_fu_5514_p2          |         -|   0|  0|   47|          40|          40|
    |e_429_fu_5538_p2          |         -|   0|  0|   47|          40|          40|
    |e_42_fu_2570_p2           |         -|   0|  0|   47|          40|          40|
    |e_432_fu_5560_p2          |         -|   0|  0|   47|          40|          40|
    |e_435_fu_5584_p2          |         -|   0|  0|   47|          40|          40|
    |e_438_fu_5606_p2          |         -|   0|  0|   47|          40|          40|
    |e_441_fu_5630_p2          |         -|   0|  0|   47|          40|          40|
    |e_444_fu_5652_p2          |         -|   0|  0|   47|          40|          40|
    |e_447_fu_5676_p2          |         -|   0|  0|   47|          40|          40|
    |e_450_fu_5698_p2          |         -|   0|  0|   47|          40|          40|
    |e_453_fu_5722_p2          |         -|   0|  0|   47|          40|          40|
    |e_456_fu_5744_p2          |         -|   0|  0|   47|          40|          40|
    |e_459_fu_5768_p2          |         -|   0|  0|   47|          40|          40|
    |e_45_fu_2594_p2           |         -|   0|  0|   47|          40|          40|
    |e_462_fu_5790_p2          |         -|   0|  0|   47|          40|          40|
    |e_465_fu_5814_p2          |         -|   0|  0|   47|          40|          40|
    |e_468_fu_5836_p2          |         -|   0|  0|   47|          40|          40|
    |e_471_fu_5860_p2          |         -|   0|  0|   47|          40|          40|
    |e_474_fu_5882_p2          |         -|   0|  0|   47|          40|          40|
    |e_477_fu_5906_p2          |         -|   0|  0|   47|          40|          40|
    |e_480_fu_5928_p2          |         -|   0|  0|   47|          40|          40|
    |e_483_fu_5952_p2          |         -|   0|  0|   47|          40|          40|
    |e_486_fu_5974_p2          |         -|   0|  0|   47|          40|          40|
    |e_489_fu_5998_p2          |         -|   0|  0|   47|          40|          40|
    |e_48_fu_2616_p2           |         -|   0|  0|   47|          40|          40|
    |e_492_fu_6020_p2          |         -|   0|  0|   47|          40|          40|
    |e_495_fu_6044_p2          |         -|   0|  0|   47|          40|          40|
    |e_498_fu_6066_p2          |         -|   0|  0|   47|          40|          40|
    |e_501_fu_6090_p2          |         -|   0|  0|   47|          40|          40|
    |e_504_fu_6112_p2          |         -|   0|  0|   47|          40|          40|
    |e_507_fu_6136_p2          |         -|   0|  0|   47|          40|          40|
    |e_510_fu_6158_p2          |         -|   0|  0|   47|          40|          40|
    |e_513_fu_6182_p2          |         -|   0|  0|   47|          40|          40|
    |e_516_fu_6204_p2          |         -|   0|  0|   47|          40|          40|
    |e_519_fu_6228_p2          |         -|   0|  0|   47|          40|          40|
    |e_51_fu_2640_p2           |         -|   0|  0|   47|          40|          40|
    |e_522_fu_6250_p2          |         -|   0|  0|   47|          40|          40|
    |e_525_fu_6274_p2          |         -|   0|  0|   47|          40|          40|
    |e_528_fu_6296_p2          |         -|   0|  0|   47|          40|          40|
    |e_531_fu_6320_p2          |         -|   0|  0|   47|          40|          40|
    |e_534_fu_6342_p2          |         -|   0|  0|   47|          40|          40|
    |e_537_fu_6366_p2          |         -|   0|  0|   47|          40|          40|
    |e_540_fu_6388_p2          |         -|   0|  0|   47|          40|          40|
    |e_543_fu_6412_p2          |         -|   0|  0|   47|          40|          40|
    |e_546_fu_6434_p2          |         -|   0|  0|   47|          40|          40|
    |e_549_fu_6458_p2          |         -|   0|  0|   47|          40|          40|
    |e_54_fu_2662_p2           |         -|   0|  0|   47|          40|          40|
    |e_552_fu_6480_p2          |         -|   0|  0|   47|          40|          40|
    |e_555_fu_6504_p2          |         -|   0|  0|   47|          40|          40|
    |e_558_fu_6526_p2          |         -|   0|  0|   47|          40|          40|
    |e_561_fu_6550_p2          |         -|   0|  0|   47|          40|          40|
    |e_564_fu_6572_p2          |         -|   0|  0|   47|          40|          40|
    |e_567_fu_6596_p2          |         -|   0|  0|   47|          40|          40|
    |e_57_fu_2686_p2           |         -|   0|  0|   47|          40|          40|
    |e_60_fu_2708_p2           |         -|   0|  0|   47|          40|          40|
    |e_63_fu_2732_p2           |         -|   0|  0|   47|          40|          40|
    |e_66_fu_2754_p2           |         -|   0|  0|   47|          40|          40|
    |e_69_fu_2778_p2           |         -|   0|  0|   47|          40|          40|
    |e_6_fu_2294_p2            |         -|   0|  0|   47|          40|          40|
    |e_72_fu_2800_p2           |         -|   0|  0|   47|          40|          40|
    |e_75_fu_2824_p2           |         -|   0|  0|   47|          40|          40|
    |e_78_fu_2846_p2           |         -|   0|  0|   47|          40|          40|
    |e_81_fu_2870_p2           |         -|   0|  0|   47|          40|          40|
    |e_84_fu_2892_p2           |         -|   0|  0|   47|          40|          40|
    |e_87_fu_2916_p2           |         -|   0|  0|   47|          40|          40|
    |e_90_fu_2938_p2           |         -|   0|  0|   47|          40|          40|
    |e_93_fu_2962_p2           |         -|   0|  0|   47|          40|          40|
    |e_96_fu_2984_p2           |         -|   0|  0|   47|          40|          40|
    |e_99_fu_3008_p2           |         -|   0|  0|   47|          40|          40|
    |e_9_fu_2318_p2            |         -|   0|  0|   47|          40|          40|
    |e_fu_2248_p2              |         -|   0|  0|   40|           1|          40|
    |out_fu_6614_p2            |         -|   0|  0|   47|          40|          40|
    |sub_ln42_10_fu_2146_p2    |         -|   0|  0|   47|           1|          40|
    |sub_ln42_11_fu_1980_p2    |         -|   0|  0|   47|           1|          40|
    |sub_ln42_12_fu_1994_p2    |         -|   0|  0|   47|           1|          40|
    |sub_ln42_13_fu_2008_p2    |         -|   0|  0|   47|           1|          40|
    |sub_ln42_14_fu_2022_p2    |         -|   0|  0|   47|           1|          40|
    |sub_ln42_15_fu_2036_p2    |         -|   0|  0|   47|           1|          40|
    |sub_ln42_16_fu_2050_p2    |         -|   0|  0|   47|           1|          40|
    |sub_ln42_17_fu_2160_p2    |         -|   0|  0|   47|           1|          40|
    |sub_ln42_18_fu_2174_p2    |         -|   0|  0|   47|           1|          40|
    |sub_ln42_19_fu_2064_p2    |         -|   0|  0|   47|           1|          40|
    |sub_ln42_1_fu_1868_p2     |         -|   0|  0|   47|           1|          40|
    |sub_ln42_2_fu_1882_p2     |         -|   0|  0|   47|           1|          40|
    |sub_ln42_3_fu_1896_p2     |         -|   0|  0|   47|           1|          40|
    |sub_ln42_4_fu_1910_p2     |         -|   0|  0|   47|           1|          40|
    |sub_ln42_5_fu_1924_p2     |         -|   0|  0|   47|           1|          40|
    |sub_ln42_6_fu_1938_p2     |         -|   0|  0|   47|           1|          40|
    |sub_ln42_7_fu_1952_p2     |         -|   0|  0|   47|           1|          40|
    |sub_ln42_8_fu_1966_p2     |         -|   0|  0|   47|           1|          40|
    |sub_ln42_9_fu_2132_p2     |         -|   0|  0|   47|           1|          40|
    |sub_ln42_fu_1854_p2       |         -|   0|  0|   47|           1|          40|
    |e_101_fu_3018_p3          |    select|   0|  0|   40|           1|          40|
    |e_104_fu_3042_p3          |    select|   0|  0|   40|           1|          40|
    |e_107_fu_3064_p3          |    select|   0|  0|   40|           1|          40|
    |e_110_fu_3088_p3          |    select|   0|  0|   40|           1|          40|
    |e_113_fu_3110_p3          |    select|   0|  0|   40|           1|          40|
    |e_116_fu_3134_p3          |    select|   0|  0|   40|           1|          40|
    |e_119_fu_3156_p3          |    select|   0|  0|   40|           1|          40|
    |e_11_fu_2328_p3           |    select|   0|  0|   40|           1|          40|
    |e_122_fu_3180_p3          |    select|   0|  0|   40|           1|          40|
    |e_125_fu_3202_p3          |    select|   0|  0|   40|           1|          40|
    |e_128_fu_3226_p3          |    select|   0|  0|   40|           1|          40|
    |e_131_fu_3248_p3          |    select|   0|  0|   40|           1|          40|
    |e_134_fu_3272_p3          |    select|   0|  0|   40|           1|          40|
    |e_137_fu_3294_p3          |    select|   0|  0|   40|           1|          40|
    |e_140_fu_3318_p3          |    select|   0|  0|   40|           1|          40|
    |e_143_fu_3340_p3          |    select|   0|  0|   40|           1|          40|
    |e_146_fu_3364_p3          |    select|   0|  0|   40|           1|          40|
    |e_149_fu_3386_p3          |    select|   0|  0|   40|           1|          40|
    |e_14_fu_2352_p3           |    select|   0|  0|   40|           1|          40|
    |e_152_fu_3410_p3          |    select|   0|  0|   40|           1|          40|
    |e_155_fu_3432_p3          |    select|   0|  0|   40|           1|          40|
    |e_158_fu_3456_p3          |    select|   0|  0|   40|           1|          40|
    |e_161_fu_3478_p3          |    select|   0|  0|   40|           1|          40|
    |e_164_fu_3502_p3          |    select|   0|  0|   40|           1|          40|
    |e_167_fu_3524_p3          |    select|   0|  0|   40|           1|          40|
    |e_170_fu_3548_p3          |    select|   0|  0|   40|           1|          40|
    |e_173_fu_3570_p3          |    select|   0|  0|   40|           1|          40|
    |e_176_fu_3594_p3          |    select|   0|  0|   40|           1|          40|
    |e_179_fu_3616_p3          |    select|   0|  0|   40|           1|          40|
    |e_17_fu_2374_p3           |    select|   0|  0|   40|           1|          40|
    |e_182_fu_3640_p3          |    select|   0|  0|   40|           1|          40|
    |e_185_fu_3662_p3          |    select|   0|  0|   40|           1|          40|
    |e_188_fu_3686_p3          |    select|   0|  0|   40|           1|          40|
    |e_191_fu_3708_p3          |    select|   0|  0|   40|           1|          40|
    |e_194_fu_3732_p3          |    select|   0|  0|   40|           1|          40|
    |e_197_fu_3754_p3          |    select|   0|  0|   40|           1|          40|
    |e_200_fu_3778_p3          |    select|   0|  0|   40|           1|          40|
    |e_203_fu_3800_p3          |    select|   0|  0|   40|           1|          40|
    |e_206_fu_3824_p3          |    select|   0|  0|   40|           1|          40|
    |e_209_fu_3846_p3          |    select|   0|  0|   40|           1|          40|
    |e_20_fu_2398_p3           |    select|   0|  0|   40|           1|          40|
    |e_212_fu_3870_p3          |    select|   0|  0|   40|           1|          40|
    |e_215_fu_3892_p3          |    select|   0|  0|   40|           1|          40|
    |e_218_fu_3916_p3          |    select|   0|  0|   40|           1|          40|
    |e_221_fu_3938_p3          |    select|   0|  0|   40|           1|          40|
    |e_224_fu_3962_p3          |    select|   0|  0|   40|           1|          40|
    |e_227_fu_3984_p3          |    select|   0|  0|   40|           1|          40|
    |e_230_fu_4008_p3          |    select|   0|  0|   40|           1|          40|
    |e_233_fu_4030_p3          |    select|   0|  0|   40|           1|          40|
    |e_236_fu_4054_p3          |    select|   0|  0|   40|           1|          40|
    |e_239_fu_4076_p3          |    select|   0|  0|   40|           1|          40|
    |e_23_fu_2420_p3           |    select|   0|  0|   40|           1|          40|
    |e_242_fu_4100_p3          |    select|   0|  0|   40|           1|          40|
    |e_245_fu_4122_p3          |    select|   0|  0|   40|           1|          40|
    |e_248_fu_4146_p3          |    select|   0|  0|   40|           1|          40|
    |e_251_fu_4168_p3          |    select|   0|  0|   40|           1|          40|
    |e_254_fu_4192_p3          |    select|   0|  0|   40|           1|          40|
    |e_257_fu_4214_p3          |    select|   0|  0|   40|           1|          40|
    |e_260_fu_4238_p3          |    select|   0|  0|   40|           1|          40|
    |e_263_fu_4260_p3          |    select|   0|  0|   40|           1|          40|
    |e_266_fu_4284_p3          |    select|   0|  0|   40|           1|          40|
    |e_269_fu_4306_p3          |    select|   0|  0|   40|           1|          40|
    |e_26_fu_2444_p3           |    select|   0|  0|   40|           1|          40|
    |e_272_fu_4330_p3          |    select|   0|  0|   40|           1|          40|
    |e_275_fu_4352_p3          |    select|   0|  0|   40|           1|          40|
    |e_278_fu_4376_p3          |    select|   0|  0|   40|           1|          40|
    |e_281_fu_4398_p3          |    select|   0|  0|   40|           1|          40|
    |e_284_fu_4422_p3          |    select|   0|  0|   40|           1|          40|
    |e_287_fu_4444_p3          |    select|   0|  0|   40|           1|          40|
    |e_290_fu_4468_p3          |    select|   0|  0|   40|           1|          40|
    |e_293_fu_4490_p3          |    select|   0|  0|   40|           1|          40|
    |e_296_fu_4514_p3          |    select|   0|  0|   40|           1|          40|
    |e_299_fu_4536_p3          |    select|   0|  0|   40|           1|          40|
    |e_29_fu_2466_p3           |    select|   0|  0|   40|           1|          40|
    |e_2_fu_2260_p3            |    select|   0|  0|   40|           1|          40|
    |e_302_fu_4560_p3          |    select|   0|  0|   40|           1|          40|
    |e_305_fu_4582_p3          |    select|   0|  0|   40|           1|          40|
    |e_308_fu_4606_p3          |    select|   0|  0|   40|           1|          40|
    |e_311_fu_4628_p3          |    select|   0|  0|   40|           1|          40|
    |e_314_fu_4652_p3          |    select|   0|  0|   40|           1|          40|
    |e_317_fu_4674_p3          |    select|   0|  0|   40|           1|          40|
    |e_320_fu_4698_p3          |    select|   0|  0|   40|           1|          40|
    |e_323_fu_4720_p3          |    select|   0|  0|   40|           1|          40|
    |e_326_fu_4744_p3          |    select|   0|  0|   40|           1|          40|
    |e_329_fu_4766_p3          |    select|   0|  0|   40|           1|          40|
    |e_32_fu_2490_p3           |    select|   0|  0|   40|           1|          40|
    |e_332_fu_4790_p3          |    select|   0|  0|   40|           1|          40|
    |e_335_fu_4812_p3          |    select|   0|  0|   40|           1|          40|
    |e_338_fu_4836_p3          |    select|   0|  0|   40|           1|          40|
    |e_341_fu_4858_p3          |    select|   0|  0|   40|           1|          40|
    |e_344_fu_4882_p3          |    select|   0|  0|   40|           1|          40|
    |e_347_fu_4904_p3          |    select|   0|  0|   40|           1|          40|
    |e_350_fu_4928_p3          |    select|   0|  0|   40|           1|          40|
    |e_353_fu_4950_p3          |    select|   0|  0|   40|           1|          40|
    |e_356_fu_4974_p3          |    select|   0|  0|   40|           1|          40|
    |e_359_fu_4996_p3          |    select|   0|  0|   40|           1|          40|
    |e_35_fu_2512_p3           |    select|   0|  0|   40|           1|          40|
    |e_362_fu_5020_p3          |    select|   0|  0|   40|           1|          40|
    |e_365_fu_5042_p3          |    select|   0|  0|   40|           1|          40|
    |e_368_fu_5066_p3          |    select|   0|  0|   40|           1|          40|
    |e_371_fu_5088_p3          |    select|   0|  0|   40|           1|          40|
    |e_374_fu_5112_p3          |    select|   0|  0|   40|           1|          40|
    |e_377_fu_5134_p3          |    select|   0|  0|   40|           1|          40|
    |e_380_fu_5158_p3          |    select|   0|  0|   40|           1|          40|
    |e_383_fu_5180_p3          |    select|   0|  0|   40|           1|          40|
    |e_386_fu_5204_p3          |    select|   0|  0|   40|           1|          40|
    |e_389_fu_5226_p3          |    select|   0|  0|   40|           1|          40|
    |e_38_fu_2536_p3           |    select|   0|  0|   40|           1|          40|
    |e_392_fu_5250_p3          |    select|   0|  0|   40|           1|          40|
    |e_395_fu_5272_p3          |    select|   0|  0|   40|           1|          40|
    |e_398_fu_5296_p3          |    select|   0|  0|   40|           1|          40|
    |e_401_fu_5318_p3          |    select|   0|  0|   40|           1|          40|
    |e_404_fu_5342_p3          |    select|   0|  0|   40|           1|          40|
    |e_407_fu_5364_p3          |    select|   0|  0|   40|           1|          40|
    |e_410_fu_5388_p3          |    select|   0|  0|   40|           1|          40|
    |e_413_fu_5410_p3          |    select|   0|  0|   40|           1|          40|
    |e_416_fu_5434_p3          |    select|   0|  0|   40|           1|          40|
    |e_419_fu_5456_p3          |    select|   0|  0|   40|           1|          40|
    |e_41_fu_2558_p3           |    select|   0|  0|   40|           1|          40|
    |e_422_fu_5480_p3          |    select|   0|  0|   40|           1|          40|
    |e_425_fu_5502_p3          |    select|   0|  0|   40|           1|          40|
    |e_428_fu_5526_p3          |    select|   0|  0|   40|           1|          40|
    |e_431_fu_5548_p3          |    select|   0|  0|   40|           1|          40|
    |e_434_fu_5572_p3          |    select|   0|  0|   40|           1|          40|
    |e_437_fu_5594_p3          |    select|   0|  0|   40|           1|          40|
    |e_440_fu_5618_p3          |    select|   0|  0|   40|           1|          40|
    |e_443_fu_5640_p3          |    select|   0|  0|   40|           1|          40|
    |e_446_fu_5664_p3          |    select|   0|  0|   40|           1|          40|
    |e_449_fu_5686_p3          |    select|   0|  0|   40|           1|          40|
    |e_44_fu_2582_p3           |    select|   0|  0|   40|           1|          40|
    |e_452_fu_5710_p3          |    select|   0|  0|   40|           1|          40|
    |e_455_fu_5732_p3          |    select|   0|  0|   40|           1|          40|
    |e_458_fu_5756_p3          |    select|   0|  0|   40|           1|          40|
    |e_461_fu_5778_p3          |    select|   0|  0|   40|           1|          40|
    |e_464_fu_5802_p3          |    select|   0|  0|   40|           1|          40|
    |e_467_fu_5824_p3          |    select|   0|  0|   40|           1|          40|
    |e_470_fu_5848_p3          |    select|   0|  0|   40|           1|          40|
    |e_473_fu_5870_p3          |    select|   0|  0|   40|           1|          40|
    |e_476_fu_5894_p3          |    select|   0|  0|   40|           1|          40|
    |e_479_fu_5916_p3          |    select|   0|  0|   40|           1|          40|
    |e_47_fu_2604_p3           |    select|   0|  0|   40|           1|          40|
    |e_482_fu_5940_p3          |    select|   0|  0|   40|           1|          40|
    |e_485_fu_5962_p3          |    select|   0|  0|   40|           1|          40|
    |e_488_fu_5986_p3          |    select|   0|  0|   40|           1|          40|
    |e_491_fu_6008_p3          |    select|   0|  0|   40|           1|          40|
    |e_494_fu_6032_p3          |    select|   0|  0|   40|           1|          40|
    |e_497_fu_6054_p3          |    select|   0|  0|   40|           1|          40|
    |e_500_fu_6078_p3          |    select|   0|  0|   40|           1|          40|
    |e_503_fu_6100_p3          |    select|   0|  0|   40|           1|          40|
    |e_506_fu_6124_p3          |    select|   0|  0|   40|           1|          40|
    |e_509_fu_6146_p3          |    select|   0|  0|   40|           1|          40|
    |e_50_fu_2628_p3           |    select|   0|  0|   40|           1|          40|
    |e_512_fu_6170_p3          |    select|   0|  0|   40|           1|          40|
    |e_515_fu_6192_p3          |    select|   0|  0|   40|           1|          40|
    |e_518_fu_6216_p3          |    select|   0|  0|   40|           1|          40|
    |e_521_fu_6238_p3          |    select|   0|  0|   40|           1|          40|
    |e_524_fu_6262_p3          |    select|   0|  0|   40|           1|          40|
    |e_527_fu_6284_p3          |    select|   0|  0|   40|           1|          40|
    |e_530_fu_6308_p3          |    select|   0|  0|   40|           1|          40|
    |e_533_fu_6330_p3          |    select|   0|  0|   40|           1|          40|
    |e_536_fu_6354_p3          |    select|   0|  0|   40|           1|          40|
    |e_539_fu_6376_p3          |    select|   0|  0|   40|           1|          40|
    |e_53_fu_2650_p3           |    select|   0|  0|   40|           1|          40|
    |e_542_fu_6400_p3          |    select|   0|  0|   40|           1|          40|
    |e_545_fu_6422_p3          |    select|   0|  0|   40|           1|          40|
    |e_548_fu_6446_p3          |    select|   0|  0|   40|           1|          40|
    |e_551_fu_6468_p3          |    select|   0|  0|   40|           1|          40|
    |e_554_fu_6492_p3          |    select|   0|  0|   40|           1|          40|
    |e_557_fu_6514_p3          |    select|   0|  0|   40|           1|          40|
    |e_560_fu_6538_p3          |    select|   0|  0|   40|           1|          40|
    |e_563_fu_6560_p3          |    select|   0|  0|   40|           1|          40|
    |e_566_fu_6584_p3          |    select|   0|  0|   40|           1|          40|
    |e_569_fu_6606_p3          |    select|   0|  0|   40|           1|          40|
    |e_56_fu_2674_p3           |    select|   0|  0|   40|           1|          40|
    |e_59_fu_2696_p3           |    select|   0|  0|   40|           1|          40|
    |e_5_fu_2282_p3            |    select|   0|  0|   40|           1|          40|
    |e_62_fu_2720_p3           |    select|   0|  0|   40|           1|          40|
    |e_65_fu_2742_p3           |    select|   0|  0|   40|           1|          40|
    |e_68_fu_2766_p3           |    select|   0|  0|   40|           1|          40|
    |e_71_fu_2788_p3           |    select|   0|  0|   40|           1|          40|
    |e_74_fu_2812_p3           |    select|   0|  0|   40|           1|          40|
    |e_77_fu_2834_p3           |    select|   0|  0|   40|           1|          40|
    |e_80_fu_2858_p3           |    select|   0|  0|   40|           1|          40|
    |e_83_fu_2880_p3           |    select|   0|  0|   40|           1|          40|
    |e_86_fu_2904_p3           |    select|   0|  0|   40|           1|          40|
    |e_89_fu_2926_p3           |    select|   0|  0|   40|           1|          40|
    |e_8_fu_2306_p3            |    select|   0|  0|   40|           1|          40|
    |e_92_fu_2950_p3           |    select|   0|  0|   40|           1|          40|
    |e_95_fu_2972_p3           |    select|   0|  0|   40|           1|          40|
    |e_98_fu_2996_p3           |    select|   0|  0|   40|           1|          40|
    |term_10_fu_2152_p3        |    select|   0|  0|   40|           1|          40|
    |term_11_fu_1986_p3        |    select|   0|  0|   40|           1|          40|
    |term_12_fu_2000_p3        |    select|   0|  0|   40|           1|          40|
    |term_13_fu_2014_p3        |    select|   0|  0|   40|           1|          40|
    |term_14_fu_2028_p3        |    select|   0|  0|   40|           1|          40|
    |term_15_fu_2042_p3        |    select|   0|  0|   40|           1|          40|
    |term_16_fu_2056_p3        |    select|   0|  0|   40|           1|          40|
    |term_17_fu_2166_p3        |    select|   0|  0|   40|           1|          40|
    |term_18_fu_2180_p3        |    select|   0|  0|   40|           1|          40|
    |term_19_fu_2070_p3        |    select|   0|  0|   40|           1|          40|
    |term_1_fu_1874_p3         |    select|   0|  0|   40|           1|          40|
    |term_2_fu_1888_p3         |    select|   0|  0|   40|           1|          40|
    |term_3_fu_1902_p3         |    select|   0|  0|   40|           1|          40|
    |term_4_fu_1916_p3         |    select|   0|  0|   40|           1|          40|
    |term_5_fu_1930_p3         |    select|   0|  0|   40|           1|          40|
    |term_6_fu_1944_p3         |    select|   0|  0|   40|           1|          40|
    |term_7_fu_1958_p3         |    select|   0|  0|   40|           1|          40|
    |term_8_fu_1972_p3         |    select|   0|  0|   40|           1|          40|
    |term_9_fu_2138_p3         |    select|   0|  0|   40|           1|          40|
    |term_fu_1860_p3           |    select|   0|  0|   40|           1|          40|
    |xor_ln194_100_fu_4544_p2  |       xor|   0|  0|    2|           1|           1|
    |xor_ln194_101_fu_4568_p2  |       xor|   0|  0|    2|           1|           1|
    |xor_ln194_102_fu_4590_p2  |       xor|   0|  0|    2|           1|           1|
    |xor_ln194_103_fu_4614_p2  |       xor|   0|  0|    2|           1|           1|
    |xor_ln194_104_fu_4636_p2  |       xor|   0|  0|    2|           1|           1|
    |xor_ln194_105_fu_4660_p2  |       xor|   0|  0|    2|           1|           1|
    |xor_ln194_106_fu_4682_p2  |       xor|   0|  0|    2|           1|           1|
    |xor_ln194_107_fu_4706_p2  |       xor|   0|  0|    2|           1|           1|
    |xor_ln194_108_fu_4728_p2  |       xor|   0|  0|    2|           1|           1|
    |xor_ln194_109_fu_4752_p2  |       xor|   0|  0|    2|           1|           1|
    |xor_ln194_10_fu_2474_p2   |       xor|   0|  0|    2|           1|           1|
    |xor_ln194_110_fu_4774_p2  |       xor|   0|  0|    2|           1|           1|
    |xor_ln194_111_fu_4798_p2  |       xor|   0|  0|    2|           1|           1|
    |xor_ln194_112_fu_4820_p2  |       xor|   0|  0|    2|           1|           1|
    |xor_ln194_113_fu_4844_p2  |       xor|   0|  0|    2|           1|           1|
    |xor_ln194_114_fu_4866_p2  |       xor|   0|  0|    2|           1|           1|
    |xor_ln194_115_fu_4890_p2  |       xor|   0|  0|    2|           1|           1|
    |xor_ln194_116_fu_4912_p2  |       xor|   0|  0|    2|           1|           1|
    |xor_ln194_117_fu_4936_p2  |       xor|   0|  0|    2|           1|           1|
    |xor_ln194_118_fu_4958_p2  |       xor|   0|  0|    2|           1|           1|
    |xor_ln194_119_fu_4982_p2  |       xor|   0|  0|    2|           1|           1|
    |xor_ln194_11_fu_2498_p2   |       xor|   0|  0|    2|           1|           1|
    |xor_ln194_120_fu_5004_p2  |       xor|   0|  0|    2|           1|           1|
    |xor_ln194_121_fu_5028_p2  |       xor|   0|  0|    2|           1|           1|
    |xor_ln194_122_fu_5050_p2  |       xor|   0|  0|    2|           1|           1|
    |xor_ln194_123_fu_5074_p2  |       xor|   0|  0|    2|           1|           1|
    |xor_ln194_124_fu_5096_p2  |       xor|   0|  0|    2|           1|           1|
    |xor_ln194_125_fu_5120_p2  |       xor|   0|  0|    2|           1|           1|
    |xor_ln194_126_fu_5142_p2  |       xor|   0|  0|    2|           1|           1|
    |xor_ln194_127_fu_5166_p2  |       xor|   0|  0|    2|           1|           1|
    |xor_ln194_128_fu_5188_p2  |       xor|   0|  0|    2|           1|           1|
    |xor_ln194_129_fu_5212_p2  |       xor|   0|  0|    2|           1|           1|
    |xor_ln194_12_fu_2520_p2   |       xor|   0|  0|    2|           1|           1|
    |xor_ln194_130_fu_5234_p2  |       xor|   0|  0|    2|           1|           1|
    |xor_ln194_131_fu_5258_p2  |       xor|   0|  0|    2|           1|           1|
    |xor_ln194_132_fu_5280_p2  |       xor|   0|  0|    2|           1|           1|
    |xor_ln194_133_fu_5304_p2  |       xor|   0|  0|    2|           1|           1|
    |xor_ln194_134_fu_5326_p2  |       xor|   0|  0|    2|           1|           1|
    |xor_ln194_135_fu_5350_p2  |       xor|   0|  0|    2|           1|           1|
    |xor_ln194_136_fu_5372_p2  |       xor|   0|  0|    2|           1|           1|
    |xor_ln194_137_fu_5396_p2  |       xor|   0|  0|    2|           1|           1|
    |xor_ln194_138_fu_5418_p2  |       xor|   0|  0|    2|           1|           1|
    |xor_ln194_139_fu_5442_p2  |       xor|   0|  0|    2|           1|           1|
    |xor_ln194_13_fu_2544_p2   |       xor|   0|  0|    2|           1|           1|
    |xor_ln194_140_fu_5464_p2  |       xor|   0|  0|    2|           1|           1|
    |xor_ln194_141_fu_5488_p2  |       xor|   0|  0|    2|           1|           1|
    |xor_ln194_142_fu_5510_p2  |       xor|   0|  0|    2|           1|           1|
    |xor_ln194_143_fu_5534_p2  |       xor|   0|  0|    2|           1|           1|
    |xor_ln194_144_fu_5556_p2  |       xor|   0|  0|    2|           1|           1|
    |xor_ln194_145_fu_5580_p2  |       xor|   0|  0|    2|           1|           1|
    |xor_ln194_146_fu_5602_p2  |       xor|   0|  0|    2|           1|           1|
    |xor_ln194_147_fu_5626_p2  |       xor|   0|  0|    2|           1|           1|
    |xor_ln194_148_fu_5648_p2  |       xor|   0|  0|    2|           1|           1|
    |xor_ln194_149_fu_5672_p2  |       xor|   0|  0|    2|           1|           1|
    |xor_ln194_14_fu_2566_p2   |       xor|   0|  0|    2|           1|           1|
    |xor_ln194_150_fu_5694_p2  |       xor|   0|  0|    2|           1|           1|
    |xor_ln194_151_fu_5718_p2  |       xor|   0|  0|    2|           1|           1|
    |xor_ln194_152_fu_5740_p2  |       xor|   0|  0|    2|           1|           1|
    |xor_ln194_153_fu_5764_p2  |       xor|   0|  0|    2|           1|           1|
    |xor_ln194_154_fu_5786_p2  |       xor|   0|  0|    2|           1|           1|
    |xor_ln194_155_fu_5810_p2  |       xor|   0|  0|    2|           1|           1|
    |xor_ln194_156_fu_5832_p2  |       xor|   0|  0|    2|           1|           1|
    |xor_ln194_157_fu_5856_p2  |       xor|   0|  0|    2|           1|           1|
    |xor_ln194_158_fu_5878_p2  |       xor|   0|  0|    2|           1|           1|
    |xor_ln194_159_fu_5902_p2  |       xor|   0|  0|    2|           1|           1|
    |xor_ln194_15_fu_2590_p2   |       xor|   0|  0|    2|           1|           1|
    |xor_ln194_160_fu_5924_p2  |       xor|   0|  0|    2|           1|           1|
    |xor_ln194_161_fu_5948_p2  |       xor|   0|  0|    2|           1|           1|
    |xor_ln194_162_fu_5970_p2  |       xor|   0|  0|    2|           1|           1|
    |xor_ln194_163_fu_5994_p2  |       xor|   0|  0|    2|           1|           1|
    |xor_ln194_164_fu_6016_p2  |       xor|   0|  0|    2|           1|           1|
    |xor_ln194_165_fu_6040_p2  |       xor|   0|  0|    2|           1|           1|
    |xor_ln194_166_fu_6062_p2  |       xor|   0|  0|    2|           1|           1|
    |xor_ln194_167_fu_6086_p2  |       xor|   0|  0|    2|           1|           1|
    |xor_ln194_168_fu_6108_p2  |       xor|   0|  0|    2|           1|           1|
    |xor_ln194_169_fu_6132_p2  |       xor|   0|  0|    2|           1|           1|
    |xor_ln194_16_fu_2612_p2   |       xor|   0|  0|    2|           1|           1|
    |xor_ln194_170_fu_6154_p2  |       xor|   0|  0|    2|           1|           1|
    |xor_ln194_171_fu_6178_p2  |       xor|   0|  0|    2|           1|           1|
    |xor_ln194_172_fu_6200_p2  |       xor|   0|  0|    2|           1|           1|
    |xor_ln194_173_fu_6224_p2  |       xor|   0|  0|    2|           1|           1|
    |xor_ln194_174_fu_6246_p2  |       xor|   0|  0|    2|           1|           1|
    |xor_ln194_175_fu_6270_p2  |       xor|   0|  0|    2|           1|           1|
    |xor_ln194_176_fu_6292_p2  |       xor|   0|  0|    2|           1|           1|
    |xor_ln194_177_fu_6316_p2  |       xor|   0|  0|    2|           1|           1|
    |xor_ln194_178_fu_6338_p2  |       xor|   0|  0|    2|           1|           1|
    |xor_ln194_179_fu_6362_p2  |       xor|   0|  0|    2|           1|           1|
    |xor_ln194_17_fu_2636_p2   |       xor|   0|  0|    2|           1|           1|
    |xor_ln194_180_fu_6384_p2  |       xor|   0|  0|    2|           1|           1|
    |xor_ln194_181_fu_6408_p2  |       xor|   0|  0|    2|           1|           1|
    |xor_ln194_182_fu_6430_p2  |       xor|   0|  0|    2|           1|           1|
    |xor_ln194_183_fu_6454_p2  |       xor|   0|  0|    2|           1|           1|
    |xor_ln194_184_fu_6476_p2  |       xor|   0|  0|    2|           1|           1|
    |xor_ln194_185_fu_6500_p2  |       xor|   0|  0|    2|           1|           1|
    |xor_ln194_186_fu_6522_p2  |       xor|   0|  0|    2|           1|           1|
    |xor_ln194_187_fu_6546_p2  |       xor|   0|  0|    2|           1|           1|
    |xor_ln194_188_fu_6568_p2  |       xor|   0|  0|    2|           1|           1|
    |xor_ln194_189_fu_6592_p2  |       xor|   0|  0|    2|           1|           1|
    |xor_ln194_18_fu_2658_p2   |       xor|   0|  0|    2|           1|           1|
    |xor_ln194_19_fu_2682_p2   |       xor|   0|  0|    2|           1|           1|
    |xor_ln194_1_fu_2268_p2    |       xor|   0|  0|    2|           1|           1|
    |xor_ln194_20_fu_2704_p2   |       xor|   0|  0|    2|           1|           1|
    |xor_ln194_21_fu_2728_p2   |       xor|   0|  0|    2|           1|           1|
    |xor_ln194_22_fu_2750_p2   |       xor|   0|  0|    2|           1|           1|
    |xor_ln194_23_fu_2774_p2   |       xor|   0|  0|    2|           1|           1|
    |xor_ln194_24_fu_2796_p2   |       xor|   0|  0|    2|           1|           1|
    |xor_ln194_25_fu_2820_p2   |       xor|   0|  0|    2|           1|           1|
    |xor_ln194_26_fu_2842_p2   |       xor|   0|  0|    2|           1|           1|
    |xor_ln194_27_fu_2866_p2   |       xor|   0|  0|    2|           1|           1|
    |xor_ln194_28_fu_2888_p2   |       xor|   0|  0|    2|           1|           1|
    |xor_ln194_29_fu_2912_p2   |       xor|   0|  0|    2|           1|           1|
    |xor_ln194_2_fu_2290_p2    |       xor|   0|  0|    2|           1|           1|
    |xor_ln194_30_fu_2934_p2   |       xor|   0|  0|    2|           1|           1|
    |xor_ln194_31_fu_2958_p2   |       xor|   0|  0|    2|           1|           1|
    |xor_ln194_32_fu_2980_p2   |       xor|   0|  0|    2|           1|           1|
    |xor_ln194_33_fu_3004_p2   |       xor|   0|  0|    2|           1|           1|
    |xor_ln194_34_fu_3026_p2   |       xor|   0|  0|    2|           1|           1|
    |xor_ln194_35_fu_3050_p2   |       xor|   0|  0|    2|           1|           1|
    |xor_ln194_36_fu_3072_p2   |       xor|   0|  0|    2|           1|           1|
    |xor_ln194_37_fu_3096_p2   |       xor|   0|  0|    2|           1|           1|
    |xor_ln194_38_fu_3118_p2   |       xor|   0|  0|    2|           1|           1|
    |xor_ln194_39_fu_3142_p2   |       xor|   0|  0|    2|           1|           1|
    |xor_ln194_3_fu_2314_p2    |       xor|   0|  0|    2|           1|           1|
    |xor_ln194_40_fu_3164_p2   |       xor|   0|  0|    2|           1|           1|
    |xor_ln194_41_fu_3188_p2   |       xor|   0|  0|    2|           1|           1|
    |xor_ln194_42_fu_3210_p2   |       xor|   0|  0|    2|           1|           1|
    |xor_ln194_43_fu_3234_p2   |       xor|   0|  0|    2|           1|           1|
    |xor_ln194_44_fu_3256_p2   |       xor|   0|  0|    2|           1|           1|
    |xor_ln194_45_fu_3280_p2   |       xor|   0|  0|    2|           1|           1|
    |xor_ln194_46_fu_3302_p2   |       xor|   0|  0|    2|           1|           1|
    |xor_ln194_47_fu_3326_p2   |       xor|   0|  0|    2|           1|           1|
    |xor_ln194_48_fu_3348_p2   |       xor|   0|  0|    2|           1|           1|
    |xor_ln194_49_fu_3372_p2   |       xor|   0|  0|    2|           1|           1|
    |xor_ln194_4_fu_2336_p2    |       xor|   0|  0|    2|           1|           1|
    |xor_ln194_50_fu_3394_p2   |       xor|   0|  0|    2|           1|           1|
    |xor_ln194_51_fu_3418_p2   |       xor|   0|  0|    2|           1|           1|
    |xor_ln194_52_fu_3440_p2   |       xor|   0|  0|    2|           1|           1|
    |xor_ln194_53_fu_3464_p2   |       xor|   0|  0|    2|           1|           1|
    |xor_ln194_54_fu_3486_p2   |       xor|   0|  0|    2|           1|           1|
    |xor_ln194_55_fu_3510_p2   |       xor|   0|  0|    2|           1|           1|
    |xor_ln194_56_fu_3532_p2   |       xor|   0|  0|    2|           1|           1|
    |xor_ln194_57_fu_3556_p2   |       xor|   0|  0|    2|           1|           1|
    |xor_ln194_58_fu_3578_p2   |       xor|   0|  0|    2|           1|           1|
    |xor_ln194_59_fu_3602_p2   |       xor|   0|  0|    2|           1|           1|
    |xor_ln194_5_fu_2360_p2    |       xor|   0|  0|    2|           1|           1|
    |xor_ln194_60_fu_3624_p2   |       xor|   0|  0|    2|           1|           1|
    |xor_ln194_61_fu_3648_p2   |       xor|   0|  0|    2|           1|           1|
    |xor_ln194_62_fu_3670_p2   |       xor|   0|  0|    2|           1|           1|
    |xor_ln194_63_fu_3694_p2   |       xor|   0|  0|    2|           1|           1|
    |xor_ln194_64_fu_3716_p2   |       xor|   0|  0|    2|           1|           1|
    |xor_ln194_65_fu_3740_p2   |       xor|   0|  0|    2|           1|           1|
    |xor_ln194_66_fu_3762_p2   |       xor|   0|  0|    2|           1|           1|
    |xor_ln194_67_fu_3786_p2   |       xor|   0|  0|    2|           1|           1|
    |xor_ln194_68_fu_3808_p2   |       xor|   0|  0|    2|           1|           1|
    |xor_ln194_69_fu_3832_p2   |       xor|   0|  0|    2|           1|           1|
    |xor_ln194_6_fu_2382_p2    |       xor|   0|  0|    2|           1|           1|
    |xor_ln194_70_fu_3854_p2   |       xor|   0|  0|    2|           1|           1|
    |xor_ln194_71_fu_3878_p2   |       xor|   0|  0|    2|           1|           1|
    |xor_ln194_72_fu_3900_p2   |       xor|   0|  0|    2|           1|           1|
    |xor_ln194_73_fu_3924_p2   |       xor|   0|  0|    2|           1|           1|
    |xor_ln194_74_fu_3946_p2   |       xor|   0|  0|    2|           1|           1|
    |xor_ln194_75_fu_3970_p2   |       xor|   0|  0|    2|           1|           1|
    |xor_ln194_76_fu_3992_p2   |       xor|   0|  0|    2|           1|           1|
    |xor_ln194_77_fu_4016_p2   |       xor|   0|  0|    2|           1|           1|
    |xor_ln194_78_fu_4038_p2   |       xor|   0|  0|    2|           1|           1|
    |xor_ln194_79_fu_4062_p2   |       xor|   0|  0|    2|           1|           1|
    |xor_ln194_7_fu_2406_p2    |       xor|   0|  0|    2|           1|           1|
    |xor_ln194_80_fu_4084_p2   |       xor|   0|  0|    2|           1|           1|
    |xor_ln194_81_fu_4108_p2   |       xor|   0|  0|    2|           1|           1|
    |xor_ln194_82_fu_4130_p2   |       xor|   0|  0|    2|           1|           1|
    |xor_ln194_83_fu_4154_p2   |       xor|   0|  0|    2|           1|           1|
    |xor_ln194_84_fu_4176_p2   |       xor|   0|  0|    2|           1|           1|
    |xor_ln194_85_fu_4200_p2   |       xor|   0|  0|    2|           1|           1|
    |xor_ln194_86_fu_4222_p2   |       xor|   0|  0|    2|           1|           1|
    |xor_ln194_87_fu_4246_p2   |       xor|   0|  0|    2|           1|           1|
    |xor_ln194_88_fu_4268_p2   |       xor|   0|  0|    2|           1|           1|
    |xor_ln194_89_fu_4292_p2   |       xor|   0|  0|    2|           1|           1|
    |xor_ln194_8_fu_2428_p2    |       xor|   0|  0|    2|           1|           1|
    |xor_ln194_90_fu_4314_p2   |       xor|   0|  0|    2|           1|           1|
    |xor_ln194_91_fu_4338_p2   |       xor|   0|  0|    2|           1|           1|
    |xor_ln194_92_fu_4360_p2   |       xor|   0|  0|    2|           1|           1|
    |xor_ln194_93_fu_4384_p2   |       xor|   0|  0|    2|           1|           1|
    |xor_ln194_94_fu_4406_p2   |       xor|   0|  0|    2|           1|           1|
    |xor_ln194_95_fu_4430_p2   |       xor|   0|  0|    2|           1|           1|
    |xor_ln194_96_fu_4452_p2   |       xor|   0|  0|    2|           1|           1|
    |xor_ln194_97_fu_4476_p2   |       xor|   0|  0|    2|           1|           1|
    |xor_ln194_98_fu_4498_p2   |       xor|   0|  0|    2|           1|           1|
    |xor_ln194_99_fu_4522_p2   |       xor|   0|  0|    2|           1|           1|
    |xor_ln194_9_fu_2452_p2    |       xor|   0|  0|    2|           1|           1|
    |xor_ln194_fu_2238_p2      |       xor|   0|  0|    2|           1|           1|
    +--------------------------+----------+----+---+-----+------------+------------+
    |Total                     |          |   0|  0|28427|       16421|       25430|
    +--------------------------+----------+----+---+-----+------------+------------+

    * Multiplexer: 
    +-----------+-----+-----------+-----+-----------+
    |    Name   | LUT | Input Size| Bits| Total Bits|
    +-----------+-----+-----------+-----+-----------+
    |ap_NS_fsm  |  494|         99|    1|         99|
    |ap_return  |    9|          2|   40|         80|
    +-----------+-----+-----------+-----+-----------+
    |Total      |  503|        101|   41|        179|
    +-----------+-----+-----------+-----+-----------+

    * Register: 
    +-----------------------+----+----+-----+-----------+
    |          Name         | FF | LUT| Bits| Const Bits|
    +-----------------------+----+----+-----+-----------+
    |add_ln183_11_reg_7013  |  40|   0|   40|          0|
    |add_ln183_15_reg_7018  |  40|   0|   40|          0|
    |add_ln183_17_reg_7125  |  40|   0|   40|          0|
    |add_ln183_2_reg_6998   |  40|   0|   40|          0|
    |add_ln183_3_reg_7115   |  40|   0|   40|          0|
    |add_ln183_6_reg_7003   |  40|   0|   40|          0|
    |add_ln183_7_reg_7120   |  40|   0|   40|          0|
    |add_ln183_9_reg_7008   |  40|   0|   40|          0|
    |ap_CS_fsm              |  98|   0|   98|          0|
    |ap_return_preg         |  40|   0|   40|          0|
    |e_104_reg_7232         |  40|   0|   40|          0|
    |e_110_reg_7238         |  40|   0|   40|          0|
    |e_116_reg_7244         |  40|   0|   40|          0|
    |e_122_reg_7250         |  40|   0|   40|          0|
    |e_128_reg_7256         |  40|   0|   40|          0|
    |e_134_reg_7262         |  40|   0|   40|          0|
    |e_140_reg_7268         |  40|   0|   40|          0|
    |e_146_reg_7274         |  40|   0|   40|          0|
    |e_14_reg_7142          |  40|   0|   40|          0|
    |e_152_reg_7280         |  40|   0|   40|          0|
    |e_158_reg_7286         |  40|   0|   40|          0|
    |e_164_reg_7292         |  40|   0|   40|          0|
    |e_170_reg_7298         |  40|   0|   40|          0|
    |e_176_reg_7304         |  40|   0|   40|          0|
    |e_182_reg_7310         |  40|   0|   40|          0|
    |e_188_reg_7316         |  40|   0|   40|          0|
    |e_194_reg_7322         |  40|   0|   40|          0|
    |e_200_reg_7328         |  40|   0|   40|          0|
    |e_206_reg_7334         |  40|   0|   40|          0|
    |e_20_reg_7148          |  40|   0|   40|          0|
    |e_212_reg_7340         |  40|   0|   40|          0|
    |e_218_reg_7346         |  40|   0|   40|          0|
    |e_224_reg_7352         |  40|   0|   40|          0|
    |e_230_reg_7358         |  40|   0|   40|          0|
    |e_236_reg_7364         |  40|   0|   40|          0|
    |e_242_reg_7370         |  40|   0|   40|          0|
    |e_248_reg_7376         |  40|   0|   40|          0|
    |e_254_reg_7382         |  40|   0|   40|          0|
    |e_260_reg_7388         |  40|   0|   40|          0|
    |e_266_reg_7394         |  40|   0|   40|          0|
    |e_26_reg_7154          |  40|   0|   40|          0|
    |e_272_reg_7400         |  40|   0|   40|          0|
    |e_278_reg_7406         |  40|   0|   40|          0|
    |e_284_reg_7412         |  40|   0|   40|          0|
    |e_290_reg_7418         |  40|   0|   40|          0|
    |e_296_reg_7424         |  40|   0|   40|          0|
    |e_2_reg_7130           |  40|   0|   40|          0|
    |e_302_reg_7430         |  40|   0|   40|          0|
    |e_308_reg_7436         |  40|   0|   40|          0|
    |e_314_reg_7442         |  40|   0|   40|          0|
    |e_320_reg_7448         |  40|   0|   40|          0|
    |e_326_reg_7454         |  40|   0|   40|          0|
    |e_32_reg_7160          |  40|   0|   40|          0|
    |e_332_reg_7460         |  40|   0|   40|          0|
    |e_338_reg_7466         |  40|   0|   40|          0|
    |e_344_reg_7472         |  40|   0|   40|          0|
    |e_350_reg_7478         |  40|   0|   40|          0|
    |e_356_reg_7484         |  40|   0|   40|          0|
    |e_362_reg_7490         |  40|   0|   40|          0|
    |e_368_reg_7496         |  40|   0|   40|          0|
    |e_374_reg_7502         |  40|   0|   40|          0|
    |e_380_reg_7508         |  40|   0|   40|          0|
    |e_386_reg_7514         |  40|   0|   40|          0|
    |e_38_reg_7166          |  40|   0|   40|          0|
    |e_392_reg_7520         |  40|   0|   40|          0|
    |e_398_reg_7526         |  40|   0|   40|          0|
    |e_404_reg_7532         |  40|   0|   40|          0|
    |e_410_reg_7538         |  40|   0|   40|          0|
    |e_416_reg_7544         |  40|   0|   40|          0|
    |e_422_reg_7550         |  40|   0|   40|          0|
    |e_428_reg_7556         |  40|   0|   40|          0|
    |e_434_reg_7562         |  40|   0|   40|          0|
    |e_440_reg_7568         |  40|   0|   40|          0|
    |e_446_reg_7574         |  40|   0|   40|          0|
    |e_44_reg_7172          |  40|   0|   40|          0|
    |e_452_reg_7580         |  40|   0|   40|          0|
    |e_458_reg_7586         |  40|   0|   40|          0|
    |e_464_reg_7592         |  40|   0|   40|          0|
    |e_470_reg_7598         |  40|   0|   40|          0|
    |e_476_reg_7604         |  40|   0|   40|          0|
    |e_482_reg_7610         |  40|   0|   40|          0|
    |e_488_reg_7616         |  40|   0|   40|          0|
    |e_494_reg_7622         |  40|   0|   40|          0|
    |e_500_reg_7628         |  40|   0|   40|          0|
    |e_506_reg_7634         |  40|   0|   40|          0|
    |e_50_reg_7178          |  40|   0|   40|          0|
    |e_512_reg_7640         |  40|   0|   40|          0|
    |e_518_reg_7646         |  40|   0|   40|          0|
    |e_524_reg_7652         |  40|   0|   40|          0|
    |e_530_reg_7658         |  40|   0|   40|          0|
    |e_536_reg_7664         |  40|   0|   40|          0|
    |e_542_reg_7670         |  40|   0|   40|          0|
    |e_548_reg_7676         |  40|   0|   40|          0|
    |e_554_reg_7682         |  40|   0|   40|          0|
    |e_560_reg_7688         |  40|   0|   40|          0|
    |e_566_reg_7694         |  40|   0|   40|          0|
    |e_56_reg_7184          |  40|   0|   40|          0|
    |e_62_reg_7190          |  40|   0|   40|          0|
    |e_68_reg_7196          |  40|   0|   40|          0|
    |e_74_reg_7202          |  40|   0|   40|          0|
    |e_80_reg_7208          |  40|   0|   40|          0|
    |e_86_reg_7214          |  40|   0|   40|          0|
    |e_8_reg_7136           |  40|   0|   40|          0|
    |e_92_reg_7220          |  40|   0|   40|          0|
    |e_98_reg_7226          |  40|   0|   40|          0|
    |term_4_reg_6988        |  40|   0|   40|          0|
    |term_6_reg_6993        |  40|   0|   40|          0|
    +-----------------------+----+----+-----+-----------+
    |Total                  |4338|   0| 4338|          0|
    +-----------------------+----+----+-----+-----------+



================================================================
== Interface
================================================================
* Summary: 
+-------------+-----+-----+------------+----------------------+--------------+
|  RTL Ports  | Dir | Bits|  Protocol  |     Source Object    |    C Type    |
+-------------+-----+-----+------------+----------------------+--------------+
|ap_clk       |   in|    1|  ap_ctrl_hs|  uniform_delta_energy|  return value|
|ap_rst       |   in|    1|  ap_ctrl_hs|  uniform_delta_energy|  return value|
|ap_start     |   in|    1|  ap_ctrl_hs|  uniform_delta_energy|  return value|
|ap_done      |  out|    1|  ap_ctrl_hs|  uniform_delta_energy|  return value|
|ap_idle      |  out|    1|  ap_ctrl_hs|  uniform_delta_energy|  return value|
|ap_ready     |  out|    1|  ap_ctrl_hs|  uniform_delta_energy|  return value|
|ap_return    |  out|   40|  ap_ctrl_hs|  uniform_delta_energy|  return value|
|J_0_1_val    |   in|   40|     ap_none|             J_0_1_val|        scalar|
|J_0_2_val    |   in|   40|     ap_none|             J_0_2_val|        scalar|
|J_0_3_val    |   in|   40|     ap_none|             J_0_3_val|        scalar|
|J_0_4_val    |   in|   40|     ap_none|             J_0_4_val|        scalar|
|J_0_5_val    |   in|   40|     ap_none|             J_0_5_val|        scalar|
|J_0_6_val    |   in|   40|     ap_none|             J_0_6_val|        scalar|
|J_0_7_val    |   in|   40|     ap_none|             J_0_7_val|        scalar|
|J_0_8_val    |   in|   40|     ap_none|             J_0_8_val|        scalar|
|J_0_9_val    |   in|   40|     ap_none|             J_0_9_val|        scalar|
|J_0_10_val   |   in|   40|     ap_none|            J_0_10_val|        scalar|
|J_0_11_val   |   in|   40|     ap_none|            J_0_11_val|        scalar|
|J_0_12_val   |   in|   40|     ap_none|            J_0_12_val|        scalar|
|J_0_13_val   |   in|   40|     ap_none|            J_0_13_val|        scalar|
|J_0_14_val   |   in|   40|     ap_none|            J_0_14_val|        scalar|
|J_0_15_val   |   in|   40|     ap_none|            J_0_15_val|        scalar|
|J_0_16_val   |   in|   40|     ap_none|            J_0_16_val|        scalar|
|J_0_17_val   |   in|   40|     ap_none|            J_0_17_val|        scalar|
|J_0_18_val   |   in|   40|     ap_none|            J_0_18_val|        scalar|
|J_0_19_val   |   in|   40|     ap_none|            J_0_19_val|        scalar|
|J_1_2_val    |   in|   40|     ap_none|             J_1_2_val|        scalar|
|J_1_3_val    |   in|   40|     ap_none|             J_1_3_val|        scalar|
|J_1_4_val    |   in|   40|     ap_none|             J_1_4_val|        scalar|
|J_1_5_val    |   in|   40|     ap_none|             J_1_5_val|        scalar|
|J_1_6_val    |   in|   40|     ap_none|             J_1_6_val|        scalar|
|J_1_7_val    |   in|   40|     ap_none|             J_1_7_val|        scalar|
|J_1_8_val    |   in|   40|     ap_none|             J_1_8_val|        scalar|
|J_1_9_val    |   in|   40|     ap_none|             J_1_9_val|        scalar|
|J_1_10_val   |   in|   40|     ap_none|            J_1_10_val|        scalar|
|J_1_11_val   |   in|   40|     ap_none|            J_1_11_val|        scalar|
|J_1_12_val   |   in|   40|     ap_none|            J_1_12_val|        scalar|
|J_1_13_val   |   in|   40|     ap_none|            J_1_13_val|        scalar|
|J_1_14_val   |   in|   40|     ap_none|            J_1_14_val|        scalar|
|J_1_15_val   |   in|   40|     ap_none|            J_1_15_val|        scalar|
|J_1_16_val   |   in|   40|     ap_none|            J_1_16_val|        scalar|
|J_1_17_val   |   in|   40|     ap_none|            J_1_17_val|        scalar|
|J_1_18_val   |   in|   40|     ap_none|            J_1_18_val|        scalar|
|J_1_19_val   |   in|   40|     ap_none|            J_1_19_val|        scalar|
|J_2_3_val    |   in|   40|     ap_none|             J_2_3_val|        scalar|
|J_2_4_val    |   in|   40|     ap_none|             J_2_4_val|        scalar|
|J_2_5_val    |   in|   40|     ap_none|             J_2_5_val|        scalar|
|J_2_6_val    |   in|   40|     ap_none|             J_2_6_val|        scalar|
|J_2_7_val    |   in|   40|     ap_none|             J_2_7_val|        scalar|
|J_2_8_val    |   in|   40|     ap_none|             J_2_8_val|        scalar|
|J_2_9_val    |   in|   40|     ap_none|             J_2_9_val|        scalar|
|J_2_10_val   |   in|   40|     ap_none|            J_2_10_val|        scalar|
|J_2_11_val   |   in|   40|     ap_none|            J_2_11_val|        scalar|
|J_2_12_val   |   in|   40|     ap_none|            J_2_12_val|        scalar|
|J_2_13_val   |   in|   40|     ap_none|            J_2_13_val|        scalar|
|J_2_14_val   |   in|   40|     ap_none|            J_2_14_val|        scalar|
|J_2_15_val   |   in|   40|     ap_none|            J_2_15_val|        scalar|
|J_2_16_val   |   in|   40|     ap_none|            J_2_16_val|        scalar|
|J_2_17_val   |   in|   40|     ap_none|            J_2_17_val|        scalar|
|J_2_18_val   |   in|   40|     ap_none|            J_2_18_val|        scalar|
|J_2_19_val   |   in|   40|     ap_none|            J_2_19_val|        scalar|
|J_3_4_val    |   in|   40|     ap_none|             J_3_4_val|        scalar|
|J_3_5_val    |   in|   40|     ap_none|             J_3_5_val|        scalar|
|J_3_6_val    |   in|   40|     ap_none|             J_3_6_val|        scalar|
|J_3_7_val    |   in|   40|     ap_none|             J_3_7_val|        scalar|
|J_3_8_val    |   in|   40|     ap_none|             J_3_8_val|        scalar|
|J_3_9_val    |   in|   40|     ap_none|             J_3_9_val|        scalar|
|J_3_10_val   |   in|   40|     ap_none|            J_3_10_val|        scalar|
|J_3_11_val   |   in|   40|     ap_none|            J_3_11_val|        scalar|
|J_3_12_val   |   in|   40|     ap_none|            J_3_12_val|        scalar|
|J_3_13_val   |   in|   40|     ap_none|            J_3_13_val|        scalar|
|J_3_14_val   |   in|   40|     ap_none|            J_3_14_val|        scalar|
|J_3_15_val   |   in|   40|     ap_none|            J_3_15_val|        scalar|
|J_3_16_val   |   in|   40|     ap_none|            J_3_16_val|        scalar|
|J_3_17_val   |   in|   40|     ap_none|            J_3_17_val|        scalar|
|J_3_18_val   |   in|   40|     ap_none|            J_3_18_val|        scalar|
|J_3_19_val   |   in|   40|     ap_none|            J_3_19_val|        scalar|
|J_4_5_val    |   in|   40|     ap_none|             J_4_5_val|        scalar|
|J_4_6_val    |   in|   40|     ap_none|             J_4_6_val|        scalar|
|J_4_7_val    |   in|   40|     ap_none|             J_4_7_val|        scalar|
|J_4_8_val    |   in|   40|     ap_none|             J_4_8_val|        scalar|
|J_4_9_val    |   in|   40|     ap_none|             J_4_9_val|        scalar|
|J_4_10_val   |   in|   40|     ap_none|            J_4_10_val|        scalar|
|J_4_11_val   |   in|   40|     ap_none|            J_4_11_val|        scalar|
|J_4_12_val   |   in|   40|     ap_none|            J_4_12_val|        scalar|
|J_4_13_val   |   in|   40|     ap_none|            J_4_13_val|        scalar|
|J_4_14_val   |   in|   40|     ap_none|            J_4_14_val|        scalar|
|J_4_15_val   |   in|   40|     ap_none|            J_4_15_val|        scalar|
|J_4_16_val   |   in|   40|     ap_none|            J_4_16_val|        scalar|
|J_4_17_val   |   in|   40|     ap_none|            J_4_17_val|        scalar|
|J_4_18_val   |   in|   40|     ap_none|            J_4_18_val|        scalar|
|J_4_19_val   |   in|   40|     ap_none|            J_4_19_val|        scalar|
|J_5_6_val    |   in|   40|     ap_none|             J_5_6_val|        scalar|
|J_5_7_val    |   in|   40|     ap_none|             J_5_7_val|        scalar|
|J_5_8_val    |   in|   40|     ap_none|             J_5_8_val|        scalar|
|J_5_9_val    |   in|   40|     ap_none|             J_5_9_val|        scalar|
|J_5_10_val   |   in|   40|     ap_none|            J_5_10_val|        scalar|
|J_5_11_val   |   in|   40|     ap_none|            J_5_11_val|        scalar|
|J_5_12_val   |   in|   40|     ap_none|            J_5_12_val|        scalar|
|J_5_13_val   |   in|   40|     ap_none|            J_5_13_val|        scalar|
|J_5_14_val   |   in|   40|     ap_none|            J_5_14_val|        scalar|
|J_5_15_val   |   in|   40|     ap_none|            J_5_15_val|        scalar|
|J_5_16_val   |   in|   40|     ap_none|            J_5_16_val|        scalar|
|J_5_17_val   |   in|   40|     ap_none|            J_5_17_val|        scalar|
|J_5_18_val   |   in|   40|     ap_none|            J_5_18_val|        scalar|
|J_5_19_val   |   in|   40|     ap_none|            J_5_19_val|        scalar|
|J_6_7_val    |   in|   40|     ap_none|             J_6_7_val|        scalar|
|J_6_8_val    |   in|   40|     ap_none|             J_6_8_val|        scalar|
|J_6_9_val    |   in|   40|     ap_none|             J_6_9_val|        scalar|
|J_6_10_val   |   in|   40|     ap_none|            J_6_10_val|        scalar|
|J_6_11_val   |   in|   40|     ap_none|            J_6_11_val|        scalar|
|J_6_12_val   |   in|   40|     ap_none|            J_6_12_val|        scalar|
|J_6_13_val   |   in|   40|     ap_none|            J_6_13_val|        scalar|
|J_6_14_val   |   in|   40|     ap_none|            J_6_14_val|        scalar|
|J_6_15_val   |   in|   40|     ap_none|            J_6_15_val|        scalar|
|J_6_16_val   |   in|   40|     ap_none|            J_6_16_val|        scalar|
|J_6_17_val   |   in|   40|     ap_none|            J_6_17_val|        scalar|
|J_6_18_val   |   in|   40|     ap_none|            J_6_18_val|        scalar|
|J_6_19_val   |   in|   40|     ap_none|            J_6_19_val|        scalar|
|J_7_8_val    |   in|   40|     ap_none|             J_7_8_val|        scalar|
|J_7_9_val    |   in|   40|     ap_none|             J_7_9_val|        scalar|
|J_7_10_val   |   in|   40|     ap_none|            J_7_10_val|        scalar|
|J_7_11_val   |   in|   40|     ap_none|            J_7_11_val|        scalar|
|J_7_12_val   |   in|   40|     ap_none|            J_7_12_val|        scalar|
|J_7_13_val   |   in|   40|     ap_none|            J_7_13_val|        scalar|
|J_7_14_val   |   in|   40|     ap_none|            J_7_14_val|        scalar|
|J_7_15_val   |   in|   40|     ap_none|            J_7_15_val|        scalar|
|J_7_16_val   |   in|   40|     ap_none|            J_7_16_val|        scalar|
|J_7_17_val   |   in|   40|     ap_none|            J_7_17_val|        scalar|
|J_7_18_val   |   in|   40|     ap_none|            J_7_18_val|        scalar|
|J_7_19_val   |   in|   40|     ap_none|            J_7_19_val|        scalar|
|J_8_9_val    |   in|   40|     ap_none|             J_8_9_val|        scalar|
|J_8_10_val   |   in|   40|     ap_none|            J_8_10_val|        scalar|
|J_8_11_val   |   in|   40|     ap_none|            J_8_11_val|        scalar|
|J_8_12_val   |   in|   40|     ap_none|            J_8_12_val|        scalar|
|J_8_13_val   |   in|   40|     ap_none|            J_8_13_val|        scalar|
|J_8_14_val   |   in|   40|     ap_none|            J_8_14_val|        scalar|
|J_8_15_val   |   in|   40|     ap_none|            J_8_15_val|        scalar|
|J_8_16_val   |   in|   40|     ap_none|            J_8_16_val|        scalar|
|J_8_17_val   |   in|   40|     ap_none|            J_8_17_val|        scalar|
|J_8_18_val   |   in|   40|     ap_none|            J_8_18_val|        scalar|
|J_8_19_val   |   in|   40|     ap_none|            J_8_19_val|        scalar|
|J_9_10_val   |   in|   40|     ap_none|            J_9_10_val|        scalar|
|J_9_11_val   |   in|   40|     ap_none|            J_9_11_val|        scalar|
|J_9_12_val   |   in|   40|     ap_none|            J_9_12_val|        scalar|
|J_9_13_val   |   in|   40|     ap_none|            J_9_13_val|        scalar|
|J_9_14_val   |   in|   40|     ap_none|            J_9_14_val|        scalar|
|J_9_15_val   |   in|   40|     ap_none|            J_9_15_val|        scalar|
|J_9_16_val   |   in|   40|     ap_none|            J_9_16_val|        scalar|
|J_9_17_val   |   in|   40|     ap_none|            J_9_17_val|        scalar|
|J_9_18_val   |   in|   40|     ap_none|            J_9_18_val|        scalar|
|J_9_19_val   |   in|   40|     ap_none|            J_9_19_val|        scalar|
|J_10_11_val  |   in|   40|     ap_none|           J_10_11_val|        scalar|
|J_10_12_val  |   in|   40|     ap_none|           J_10_12_val|        scalar|
|J_10_13_val  |   in|   40|     ap_none|           J_10_13_val|        scalar|
|J_10_14_val  |   in|   40|     ap_none|           J_10_14_val|        scalar|
|J_10_15_val  |   in|   40|     ap_none|           J_10_15_val|        scalar|
|J_10_16_val  |   in|   40|     ap_none|           J_10_16_val|        scalar|
|J_10_17_val  |   in|   40|     ap_none|           J_10_17_val|        scalar|
|J_10_18_val  |   in|   40|     ap_none|           J_10_18_val|        scalar|
|J_10_19_val  |   in|   40|     ap_none|           J_10_19_val|        scalar|
|J_11_12_val  |   in|   40|     ap_none|           J_11_12_val|        scalar|
|J_11_13_val  |   in|   40|     ap_none|           J_11_13_val|        scalar|
|J_11_14_val  |   in|   40|     ap_none|           J_11_14_val|        scalar|
|J_11_15_val  |   in|   40|     ap_none|           J_11_15_val|        scalar|
|J_11_16_val  |   in|   40|     ap_none|           J_11_16_val|        scalar|
|J_11_17_val  |   in|   40|     ap_none|           J_11_17_val|        scalar|
|J_11_18_val  |   in|   40|     ap_none|           J_11_18_val|        scalar|
|J_11_19_val  |   in|   40|     ap_none|           J_11_19_val|        scalar|
|J_12_13_val  |   in|   40|     ap_none|           J_12_13_val|        scalar|
|J_12_14_val  |   in|   40|     ap_none|           J_12_14_val|        scalar|
|J_12_15_val  |   in|   40|     ap_none|           J_12_15_val|        scalar|
|J_12_16_val  |   in|   40|     ap_none|           J_12_16_val|        scalar|
|J_12_17_val  |   in|   40|     ap_none|           J_12_17_val|        scalar|
|J_12_18_val  |   in|   40|     ap_none|           J_12_18_val|        scalar|
|J_12_19_val  |   in|   40|     ap_none|           J_12_19_val|        scalar|
|J_13_14_val  |   in|   40|     ap_none|           J_13_14_val|        scalar|
|J_13_15_val  |   in|   40|     ap_none|           J_13_15_val|        scalar|
|J_13_16_val  |   in|   40|     ap_none|           J_13_16_val|        scalar|
|J_13_17_val  |   in|   40|     ap_none|           J_13_17_val|        scalar|
|J_13_18_val  |   in|   40|     ap_none|           J_13_18_val|        scalar|
|J_13_19_val  |   in|   40|     ap_none|           J_13_19_val|        scalar|
|J_14_15_val  |   in|   40|     ap_none|           J_14_15_val|        scalar|
|J_14_16_val  |   in|   40|     ap_none|           J_14_16_val|        scalar|
|J_14_17_val  |   in|   40|     ap_none|           J_14_17_val|        scalar|
|J_14_18_val  |   in|   40|     ap_none|           J_14_18_val|        scalar|
|J_14_19_val  |   in|   40|     ap_none|           J_14_19_val|        scalar|
|J_15_16_val  |   in|   40|     ap_none|           J_15_16_val|        scalar|
|J_15_17_val  |   in|   40|     ap_none|           J_15_17_val|        scalar|
|J_15_18_val  |   in|   40|     ap_none|           J_15_18_val|        scalar|
|J_15_19_val  |   in|   40|     ap_none|           J_15_19_val|        scalar|
|J_16_17_val  |   in|   40|     ap_none|           J_16_17_val|        scalar|
|J_16_18_val  |   in|   40|     ap_none|           J_16_18_val|        scalar|
|J_16_19_val  |   in|   40|     ap_none|           J_16_19_val|        scalar|
|J_17_18_val  |   in|   40|     ap_none|           J_17_18_val|        scalar|
|J_17_19_val  |   in|   40|     ap_none|           J_17_19_val|        scalar|
|J_18_19_val  |   in|   40|     ap_none|           J_18_19_val|        scalar|
|h_0_val      |   in|   40|     ap_none|               h_0_val|        scalar|
|h_1_val      |   in|   40|     ap_none|               h_1_val|        scalar|
|h_2_val      |   in|   40|     ap_none|               h_2_val|        scalar|
|h_3_val      |   in|   40|     ap_none|               h_3_val|        scalar|
|h_4_val      |   in|   40|     ap_none|               h_4_val|        scalar|
|h_5_val      |   in|   40|     ap_none|               h_5_val|        scalar|
|h_6_val      |   in|   40|     ap_none|               h_6_val|        scalar|
|h_7_val      |   in|   40|     ap_none|               h_7_val|        scalar|
|h_8_val      |   in|   40|     ap_none|               h_8_val|        scalar|
|h_9_val      |   in|   40|     ap_none|               h_9_val|        scalar|
|h_10_val     |   in|   40|     ap_none|              h_10_val|        scalar|
|h_11_val     |   in|   40|     ap_none|              h_11_val|        scalar|
|h_12_val     |   in|   40|     ap_none|              h_12_val|        scalar|
|h_13_val     |   in|   40|     ap_none|              h_13_val|        scalar|
|h_14_val     |   in|   40|     ap_none|              h_14_val|        scalar|
|h_15_val     |   in|   40|     ap_none|              h_15_val|        scalar|
|h_16_val     |   in|   40|     ap_none|              h_16_val|        scalar|
|h_17_val     |   in|   40|     ap_none|              h_17_val|        scalar|
|h_18_val     |   in|   40|     ap_none|              h_18_val|        scalar|
|h_19_val     |   in|   40|     ap_none|              h_19_val|        scalar|
|y_0_val      |   in|    1|     ap_none|               y_0_val|        scalar|
|y_1_val      |   in|    1|     ap_none|               y_1_val|        scalar|
|y_2_val      |   in|    1|     ap_none|               y_2_val|        scalar|
|y_3_val      |   in|    1|     ap_none|               y_3_val|        scalar|
|y_4_val      |   in|    1|     ap_none|               y_4_val|        scalar|
|y_5_val      |   in|    1|     ap_none|               y_5_val|        scalar|
|y_6_val      |   in|    1|     ap_none|               y_6_val|        scalar|
|y_7_val      |   in|    1|     ap_none|               y_7_val|        scalar|
|y_8_val      |   in|    1|     ap_none|               y_8_val|        scalar|
|y_9_val      |   in|    1|     ap_none|               y_9_val|        scalar|
|y_10_val     |   in|    1|     ap_none|              y_10_val|        scalar|
|y_11_val     |   in|    1|     ap_none|              y_11_val|        scalar|
|y_12_val     |   in|    1|     ap_none|              y_12_val|        scalar|
|y_13_val     |   in|    1|     ap_none|              y_13_val|        scalar|
|y_14_val     |   in|    1|     ap_none|              y_14_val|        scalar|
|y_15_val     |   in|    1|     ap_none|              y_15_val|        scalar|
|y_16_val     |   in|    1|     ap_none|              y_16_val|        scalar|
|y_17_val     |   in|    1|     ap_none|              y_17_val|        scalar|
|y_18_val     |   in|    1|     ap_none|              y_18_val|        scalar|
|y_19_val     |   in|    1|     ap_none|              y_19_val|        scalar|
|old_energy   |   in|   40|     ap_none|            old_energy|        scalar|
+-------------+-----+-----+------------+----------------------+--------------+

