

================================================================
== Vitis HLS Report for 'uniform_metropolis_step'
================================================================
* Date:           Tue May 19 20:39:32 2026

* Version:        2025.2 (Build 6295257 on Nov 14 2025)
* Project:        hls_uniform_metropolis_step_N20
* Solution:       hls (Vivado IP Flow Target)
* Product family: virtexuplus
* Target device:  xcvu19p-fsva3824-2-e


================================================================
== Performance Estimates
================================================================
+ Timing: 
    * Summary: 
    +--------+---------+----------+------------+
    |  Clock |  Target | Estimated| Uncertainty|
    +--------+---------+----------+------------+
    |ap_clk  |  3.33 ns|  2.388 ns|     0.90 ns|
    +--------+---------+----------+------------+

+ Latency: 
    * Summary: 
    +---------+---------+----------+----------+-----+-----+---------+
    |  Latency (cycles) |  Latency (absolute) |  Interval | Pipeline|
    |   min   |   max   |    min   |    max   | min | max |   Type  |
    +---------+---------+----------+----------+-----+-----+---------+
    |      100|      109|  0.333 us|  0.363 us|  101|  110|       no|
    +---------+---------+----------+----------+-----+-----+---------+

    + Detail: 
        * Instance: 
        +----------------------------------+----------------------+---------+---------+----------+----------+-----+-----+---------+
        |                                  |                      |  Latency (cycles) |  Latency (absolute) |  Interval | Pipeline|
        |             Instance             |        Module        |   min   |   max   |    min   |    max   | min | max |   Type  |
        +----------------------------------+----------------------+---------+---------+----------+----------+-----+-----+---------+
        |grp_uniform_delta_energy_fu_2475  |uniform_delta_energy  |       97|       97|  0.323 us|  0.323 us|   97|   97|       no|
        +----------------------------------+----------------------+---------+---------+----------+----------+-----+-----+---------+

        * Loop: 
        N/A



================================================================
== Utilization Estimates
================================================================
* Summary: 
+---------------------+---------+------+---------+---------+-----+
|         Name        | BRAM_18K|  DSP |    FF   |   LUT   | URAM|
+---------------------+---------+------+---------+---------+-----+
|DSP                  |        -|     -|        -|        -|    -|
|Expression           |        -|     -|        0|      703|    -|
|FIFO                 |        -|     -|        -|        -|    -|
|Instance             |        -|     7|     4737|    29103|    -|
|Memory               |        0|     -|        0|        0|    -|
|Multiplexer          |        -|     -|        0|       93|    -|
|Register             |        -|     -|     8932|        -|    -|
+---------------------+---------+------+---------+---------+-----+
|Total                |        0|     7|    13669|    29899|    0|
+---------------------+---------+------+---------+---------+-----+
|Available SLR        |     1080|   960|  2042880|  1021440|   80|
+---------------------+---------+------+---------+---------+-----+
|Utilization SLR (%)  |        0|    ~0|       ~0|        2|    0|
+---------------------+---------+------+---------+---------+-----+
|Available            |     4320|  3840|  8171520|  4085760|  320|
+---------------------+---------+------+---------+---------+-----+
|Utilization (%)      |        0|    ~0|       ~0|       ~0|    0|
+---------------------+---------+------+---------+---------+-----+

+ Detail: 
    * Instance: 
    +----------------------------------+----------------------+---------+----+------+-------+-----+
    |             Instance             |        Module        | BRAM_18K| DSP|  FF  |  LUT  | URAM|
    +----------------------------------+----------------------+---------+----+------+-------+-----+
    |mul_26s_36s_60_2_1_U232           |mul_26s_36s_60_2_1    |        0|   2|   202|     84|    0|
    |mul_40ns_40s_64_2_1_U233          |mul_40ns_40s_64_2_1   |        0|   5|   197|     80|    0|
    |sparsemux_7_2_40_1_1_U234         |sparsemux_7_2_40_1_1  |        0|   0|     0|      9|    0|
    |grp_uniform_delta_energy_fu_2475  |uniform_delta_energy  |        0|   0|  4338|  28930|    0|
    +----------------------------------+----------------------+---------+----+------+-------+-----+
    |Total                             |                      |        0|   7|  4737|  29103|    0|
    +----------------------------------+----------------------+---------+----+------+-------+-----+

    * DSP: 
    N/A

    * Memory: 
    +---------------+-------------------------+---------+---+----+-----+------+-----+------+-------------+
    |     Memory    |          Module         | BRAM_18K| FF| LUT| URAM| Words| Bits| Banks| W*Bits*Banks|
    +---------------+-------------------------+---------+---+----+-----+------+-----+------+-------------+
    |EXP_NEG_LUT_U  |EXP_NEG_LUT_ROM_AUTO_1R  |        0|  0|   0|    0|  1025|   40|     1|        41000|
    +---------------+-------------------------+---------+---+----+-----+------+-----+------+-------------+
    |Total          |                         |        0|  0|   0|    0|  1025|   40|     1|        41000|
    +---------------+-------------------------+---------+---+----+-----+------+-----+------+-------------+

    * FIFO: 
    N/A

    * Expression: 
    +------------------------+----------+----+---+-----+------------+------------+
    |      Variable Name     | Operation| DSP| FF| LUT | Bitwidth P0| Bitwidth P1|
    +------------------------+----------+----+---+-----+------------+------------+
    |add_ln280_fu_3285_p2    |         +|   0|  0|   47|          40|          40|
    |add_ln87_fu_3097_p2     |         +|   0|  0|   18|          11|           1|
    |add_ln89_fu_3169_p2     |         +|   0|  0|   68|          61|          61|
    |sub_ln75_1_fu_3034_p2   |         -|   0|  0|   66|           1|          59|
    |sub_ln75_fu_3013_p2     |         -|   0|  0|  107|           1|          88|
    |sub_ln84_fu_3087_p2     |         -|   0|  0|   34|          27|          27|
    |sub_ln89_fu_3133_p2     |         -|   0|  0|   33|          26|          26|
    |and_ln91_1_fu_3241_p2   |       and|   0|  0|    2|           1|           1|
    |and_ln91_fu_3236_p2     |       and|   0|  0|    2|           1|           1|
    |icmp_ln116_fu_2949_p2   |      icmp|   0|  0|   47|          40|           1|
    |icmp_ln123_fu_3273_p2   |      icmp|   0|  0|   47|          40|          40|
    |icmp_ln59_fu_3001_p2    |      icmp|   0|  0|   47|          40|           1|
    |icmp_ln63_fu_3029_p2    |      icmp|   0|  0|   18|          11|           1|
    |icmp_ln91_fu_3201_p2    |      icmp|   0|  0|   44|          37|           1|
    |icmp_ln95_fu_3195_p2    |      icmp|   0|  0|   20|          13|           1|
    |p_fu_3253_p4            |    select|   0|  0|   41|           1|          41|
    |select_ln75_fu_3046_p3  |    select|   0|  0|   58|           1|          59|
    |xor_ln123_fu_3278_p2    |       xor|   0|  0|    2|           1|           2|
    |xor_ln59_fu_3231_p2     |       xor|   0|  0|    2|           1|           2|
    +------------------------+----------+----+---+-----+------------+------------+
    |Total                   |          |   0|  0|  703|         354|         453|
    +------------------------+----------+----+---+-----+------------+------------+

    * Multiplexer: 
    +---------------------------------+----+-----------+-----+-----------+
    |               Name              | LUT| Input Size| Bits| Total Bits|
    +---------------------------------+----+-----------+-----+-----------+
    |accepted                         |  14|          3|    1|          3|
    |ap_NS_fsm                        |  65|         14|    1|         14|
    |ap_phi_mux_empty_phi_fu_2468_p4  |  14|          3|   40|        120|
    +---------------------------------+----+-----------+-----+-----------+
    |Total                            |  93|         20|   42|        137|
    +---------------------------------+----+-----------+-----+-----------+

    * Register: 
    +-----------------------------------------------+----+----+-----+-----------+
    |                      Name                     | FF | LUT| Bits| Const Bits|
    +-----------------------------------------------+----+----+-----+-----------+
    |J_0_10_read_reg_3342                           |  40|   0|   40|          0|
    |J_0_11_read_reg_3347                           |  40|   0|   40|          0|
    |J_0_12_read_reg_3352                           |  40|   0|   40|          0|
    |J_0_13_read_reg_3357                           |  40|   0|   40|          0|
    |J_0_14_read_reg_3362                           |  40|   0|   40|          0|
    |J_0_15_read_reg_3367                           |  40|   0|   40|          0|
    |J_0_16_read_reg_3372                           |  40|   0|   40|          0|
    |J_0_17_read_reg_3377                           |  40|   0|   40|          0|
    |J_0_18_read_reg_3382                           |  40|   0|   40|          0|
    |J_0_19_read_reg_3387                           |  40|   0|   40|          0|
    |J_0_1_read_reg_3297                            |  40|   0|   40|          0|
    |J_0_2_read_reg_3302                            |  40|   0|   40|          0|
    |J_0_3_read_reg_3307                            |  40|   0|   40|          0|
    |J_0_4_read_reg_3312                            |  40|   0|   40|          0|
    |J_0_5_read_reg_3317                            |  40|   0|   40|          0|
    |J_0_6_read_reg_3322                            |  40|   0|   40|          0|
    |J_0_7_read_reg_3327                            |  40|   0|   40|          0|
    |J_0_8_read_reg_3332                            |  40|   0|   40|          0|
    |J_0_9_read_reg_3337                            |  40|   0|   40|          0|
    |J_10_11_read_reg_4022                          |  40|   0|   40|          0|
    |J_10_12_read_reg_4027                          |  40|   0|   40|          0|
    |J_10_13_read_reg_4032                          |  40|   0|   40|          0|
    |J_10_14_read_reg_4037                          |  40|   0|   40|          0|
    |J_10_15_read_reg_4042                          |  40|   0|   40|          0|
    |J_10_16_read_reg_4047                          |  40|   0|   40|          0|
    |J_10_17_read_reg_4052                          |  40|   0|   40|          0|
    |J_10_18_read_reg_4057                          |  40|   0|   40|          0|
    |J_10_19_read_reg_4062                          |  40|   0|   40|          0|
    |J_11_12_read_reg_4067                          |  40|   0|   40|          0|
    |J_11_13_read_reg_4072                          |  40|   0|   40|          0|
    |J_11_14_read_reg_4077                          |  40|   0|   40|          0|
    |J_11_15_read_reg_4082                          |  40|   0|   40|          0|
    |J_11_16_read_reg_4087                          |  40|   0|   40|          0|
    |J_11_17_read_reg_4092                          |  40|   0|   40|          0|
    |J_11_18_read_reg_4097                          |  40|   0|   40|          0|
    |J_11_19_read_reg_4102                          |  40|   0|   40|          0|
    |J_12_13_read_reg_4107                          |  40|   0|   40|          0|
    |J_12_14_read_reg_4112                          |  40|   0|   40|          0|
    |J_12_15_read_reg_4117                          |  40|   0|   40|          0|
    |J_12_16_read_reg_4122                          |  40|   0|   40|          0|
    |J_12_17_read_reg_4127                          |  40|   0|   40|          0|
    |J_12_18_read_reg_4132                          |  40|   0|   40|          0|
    |J_12_19_read_reg_4137                          |  40|   0|   40|          0|
    |J_13_14_read_reg_4142                          |  40|   0|   40|          0|
    |J_13_15_read_reg_4147                          |  40|   0|   40|          0|
    |J_13_16_read_reg_4152                          |  40|   0|   40|          0|
    |J_13_17_read_reg_4157                          |  40|   0|   40|          0|
    |J_13_18_read_reg_4162                          |  40|   0|   40|          0|
    |J_13_19_read_reg_4167                          |  40|   0|   40|          0|
    |J_14_15_read_reg_4172                          |  40|   0|   40|          0|
    |J_14_16_read_reg_4177                          |  40|   0|   40|          0|
    |J_14_17_read_reg_4182                          |  40|   0|   40|          0|
    |J_14_18_read_reg_4187                          |  40|   0|   40|          0|
    |J_14_19_read_reg_4192                          |  40|   0|   40|          0|
    |J_15_16_read_reg_4197                          |  40|   0|   40|          0|
    |J_15_17_read_reg_4202                          |  40|   0|   40|          0|
    |J_15_18_read_reg_4207                          |  40|   0|   40|          0|
    |J_15_19_read_reg_4212                          |  40|   0|   40|          0|
    |J_16_17_read_reg_4217                          |  40|   0|   40|          0|
    |J_16_18_read_reg_4222                          |  40|   0|   40|          0|
    |J_16_19_read_reg_4227                          |  40|   0|   40|          0|
    |J_17_18_read_reg_4232                          |  40|   0|   40|          0|
    |J_17_19_read_reg_4237                          |  40|   0|   40|          0|
    |J_18_19_read_reg_4242                          |  40|   0|   40|          0|
    |J_1_10_read_reg_3432                           |  40|   0|   40|          0|
    |J_1_11_read_reg_3437                           |  40|   0|   40|          0|
    |J_1_12_read_reg_3442                           |  40|   0|   40|          0|
    |J_1_13_read_reg_3447                           |  40|   0|   40|          0|
    |J_1_14_read_reg_3452                           |  40|   0|   40|          0|
    |J_1_15_read_reg_3457                           |  40|   0|   40|          0|
    |J_1_16_read_reg_3462                           |  40|   0|   40|          0|
    |J_1_17_read_reg_3467                           |  40|   0|   40|          0|
    |J_1_18_read_reg_3472                           |  40|   0|   40|          0|
    |J_1_19_read_reg_3477                           |  40|   0|   40|          0|
    |J_1_2_read_reg_3392                            |  40|   0|   40|          0|
    |J_1_3_read_reg_3397                            |  40|   0|   40|          0|
    |J_1_4_read_reg_3402                            |  40|   0|   40|          0|
    |J_1_5_read_reg_3407                            |  40|   0|   40|          0|
    |J_1_6_read_reg_3412                            |  40|   0|   40|          0|
    |J_1_7_read_reg_3417                            |  40|   0|   40|          0|
    |J_1_8_read_reg_3422                            |  40|   0|   40|          0|
    |J_1_9_read_reg_3427                            |  40|   0|   40|          0|
    |J_2_10_read_reg_3517                           |  40|   0|   40|          0|
    |J_2_11_read_reg_3522                           |  40|   0|   40|          0|
    |J_2_12_read_reg_3527                           |  40|   0|   40|          0|
    |J_2_13_read_reg_3532                           |  40|   0|   40|          0|
    |J_2_14_read_reg_3537                           |  40|   0|   40|          0|
    |J_2_15_read_reg_3542                           |  40|   0|   40|          0|
    |J_2_16_read_reg_3547                           |  40|   0|   40|          0|
    |J_2_17_read_reg_3552                           |  40|   0|   40|          0|
    |J_2_18_read_reg_3557                           |  40|   0|   40|          0|
    |J_2_19_read_reg_3562                           |  40|   0|   40|          0|
    |J_2_3_read_reg_3482                            |  40|   0|   40|          0|
    |J_2_4_read_reg_3487                            |  40|   0|   40|          0|
    |J_2_5_read_reg_3492                            |  40|   0|   40|          0|
    |J_2_6_read_reg_3497                            |  40|   0|   40|          0|
    |J_2_7_read_reg_3502                            |  40|   0|   40|          0|
    |J_2_8_read_reg_3507                            |  40|   0|   40|          0|
    |J_2_9_read_reg_3512                            |  40|   0|   40|          0|
    |J_3_10_read_reg_3597                           |  40|   0|   40|          0|
    |J_3_11_read_reg_3602                           |  40|   0|   40|          0|
    |J_3_12_read_reg_3607                           |  40|   0|   40|          0|
    |J_3_13_read_reg_3612                           |  40|   0|   40|          0|
    |J_3_14_read_reg_3617                           |  40|   0|   40|          0|
    |J_3_15_read_reg_3622                           |  40|   0|   40|          0|
    |J_3_16_read_reg_3627                           |  40|   0|   40|          0|
    |J_3_17_read_reg_3632                           |  40|   0|   40|          0|
    |J_3_18_read_reg_3637                           |  40|   0|   40|          0|
    |J_3_19_read_reg_3642                           |  40|   0|   40|          0|
    |J_3_4_read_reg_3567                            |  40|   0|   40|          0|
    |J_3_5_read_reg_3572                            |  40|   0|   40|          0|
    |J_3_6_read_reg_3577                            |  40|   0|   40|          0|
    |J_3_7_read_reg_3582                            |  40|   0|   40|          0|
    |J_3_8_read_reg_3587                            |  40|   0|   40|          0|
    |J_3_9_read_reg_3592                            |  40|   0|   40|          0|
    |J_4_10_read_reg_3672                           |  40|   0|   40|          0|
    |J_4_11_read_reg_3677                           |  40|   0|   40|          0|
    |J_4_12_read_reg_3682                           |  40|   0|   40|          0|
    |J_4_13_read_reg_3687                           |  40|   0|   40|          0|
    |J_4_14_read_reg_3692                           |  40|   0|   40|          0|
    |J_4_15_read_reg_3697                           |  40|   0|   40|          0|
    |J_4_16_read_reg_3702                           |  40|   0|   40|          0|
    |J_4_17_read_reg_3707                           |  40|   0|   40|          0|
    |J_4_18_read_reg_3712                           |  40|   0|   40|          0|
    |J_4_19_read_reg_3717                           |  40|   0|   40|          0|
    |J_4_5_read_reg_3647                            |  40|   0|   40|          0|
    |J_4_6_read_reg_3652                            |  40|   0|   40|          0|
    |J_4_7_read_reg_3657                            |  40|   0|   40|          0|
    |J_4_8_read_reg_3662                            |  40|   0|   40|          0|
    |J_4_9_read_reg_3667                            |  40|   0|   40|          0|
    |J_5_10_read_reg_3742                           |  40|   0|   40|          0|
    |J_5_11_read_reg_3747                           |  40|   0|   40|          0|
    |J_5_12_read_reg_3752                           |  40|   0|   40|          0|
    |J_5_13_read_reg_3757                           |  40|   0|   40|          0|
    |J_5_14_read_reg_3762                           |  40|   0|   40|          0|
    |J_5_15_read_reg_3767                           |  40|   0|   40|          0|
    |J_5_16_read_reg_3772                           |  40|   0|   40|          0|
    |J_5_17_read_reg_3777                           |  40|   0|   40|          0|
    |J_5_18_read_reg_3782                           |  40|   0|   40|          0|
    |J_5_19_read_reg_3787                           |  40|   0|   40|          0|
    |J_5_6_read_reg_3722                            |  40|   0|   40|          0|
    |J_5_7_read_reg_3727                            |  40|   0|   40|          0|
    |J_5_8_read_reg_3732                            |  40|   0|   40|          0|
    |J_5_9_read_reg_3737                            |  40|   0|   40|          0|
    |J_6_10_read_reg_3807                           |  40|   0|   40|          0|
    |J_6_11_read_reg_3812                           |  40|   0|   40|          0|
    |J_6_12_read_reg_3817                           |  40|   0|   40|          0|
    |J_6_13_read_reg_3822                           |  40|   0|   40|          0|
    |J_6_14_read_reg_3827                           |  40|   0|   40|          0|
    |J_6_15_read_reg_3832                           |  40|   0|   40|          0|
    |J_6_16_read_reg_3837                           |  40|   0|   40|          0|
    |J_6_17_read_reg_3842                           |  40|   0|   40|          0|
    |J_6_18_read_reg_3847                           |  40|   0|   40|          0|
    |J_6_19_read_reg_3852                           |  40|   0|   40|          0|
    |J_6_7_read_reg_3792                            |  40|   0|   40|          0|
    |J_6_8_read_reg_3797                            |  40|   0|   40|          0|
    |J_6_9_read_reg_3802                            |  40|   0|   40|          0|
    |J_7_10_read_reg_3867                           |  40|   0|   40|          0|
    |J_7_11_read_reg_3872                           |  40|   0|   40|          0|
    |J_7_12_read_reg_3877                           |  40|   0|   40|          0|
    |J_7_13_read_reg_3882                           |  40|   0|   40|          0|
    |J_7_14_read_reg_3887                           |  40|   0|   40|          0|
    |J_7_15_read_reg_3892                           |  40|   0|   40|          0|
    |J_7_16_read_reg_3897                           |  40|   0|   40|          0|
    |J_7_17_read_reg_3902                           |  40|   0|   40|          0|
    |J_7_18_read_reg_3907                           |  40|   0|   40|          0|
    |J_7_19_read_reg_3912                           |  40|   0|   40|          0|
    |J_7_8_read_reg_3857                            |  40|   0|   40|          0|
    |J_7_9_read_reg_3862                            |  40|   0|   40|          0|
    |J_8_10_read_reg_3922                           |  40|   0|   40|          0|
    |J_8_11_read_reg_3927                           |  40|   0|   40|          0|
    |J_8_12_read_reg_3932                           |  40|   0|   40|          0|
    |J_8_13_read_reg_3937                           |  40|   0|   40|          0|
    |J_8_14_read_reg_3942                           |  40|   0|   40|          0|
    |J_8_15_read_reg_3947                           |  40|   0|   40|          0|
    |J_8_16_read_reg_3952                           |  40|   0|   40|          0|
    |J_8_17_read_reg_3957                           |  40|   0|   40|          0|
    |J_8_18_read_reg_3962                           |  40|   0|   40|          0|
    |J_8_19_read_reg_3967                           |  40|   0|   40|          0|
    |J_8_9_read_reg_3917                            |  40|   0|   40|          0|
    |J_9_10_read_reg_3972                           |  40|   0|   40|          0|
    |J_9_11_read_reg_3977                           |  40|   0|   40|          0|
    |J_9_12_read_reg_3982                           |  40|   0|   40|          0|
    |J_9_13_read_reg_3987                           |  40|   0|   40|          0|
    |J_9_14_read_reg_3992                           |  40|   0|   40|          0|
    |J_9_15_read_reg_3997                           |  40|   0|   40|          0|
    |J_9_16_read_reg_4002                           |  40|   0|   40|          0|
    |J_9_17_read_reg_4007                           |  40|   0|   40|          0|
    |J_9_18_read_reg_4012                           |  40|   0|   40|          0|
    |J_9_19_read_reg_4017                           |  40|   0|   40|          0|
    |add_ln89_reg_4569                              |  61|   0|   61|          0|
    |ap_CS_fsm                                      |  13|   0|   13|          0|
    |de_reg_4447                                    |  40|   0|   40|          0|
    |grp_uniform_delta_energy_fu_2475_ap_start_reg  |   1|   0|    1|          0|
    |h_0_read_reg_4247                              |  40|   0|   40|          0|
    |h_10_read_reg_4297                             |  40|   0|   40|          0|
    |h_11_read_reg_4302                             |  40|   0|   40|          0|
    |h_12_read_reg_4307                             |  40|   0|   40|          0|
    |h_13_read_reg_4312                             |  40|   0|   40|          0|
    |h_14_read_reg_4317                             |  40|   0|   40|          0|
    |h_15_read_reg_4322                             |  40|   0|   40|          0|
    |h_16_read_reg_4327                             |  40|   0|   40|          0|
    |h_17_read_reg_4332                             |  40|   0|   40|          0|
    |h_18_read_reg_4337                             |  40|   0|   40|          0|
    |h_19_read_reg_4342                             |  40|   0|   40|          0|
    |h_1_read_reg_4252                              |  40|   0|   40|          0|
    |h_2_read_reg_4257                              |  40|   0|   40|          0|
    |h_3_read_reg_4262                              |  40|   0|   40|          0|
    |h_4_read_reg_4267                              |  40|   0|   40|          0|
    |h_5_read_reg_4272                              |  40|   0|   40|          0|
    |h_6_read_reg_4277                              |  40|   0|   40|          0|
    |h_7_read_reg_4282                              |  40|   0|   40|          0|
    |h_8_read_reg_4287                              |  40|   0|   40|          0|
    |h_9_read_reg_4292                              |  40|   0|   40|          0|
    |icmp_ln116_reg_4460                            |   1|   0|    1|          0|
    |icmp_ln59_reg_4495                             |   1|   0|    1|          0|
    |icmp_ln63_reg_4506                             |   1|   0|    1|          0|
    |icmp_ln91_reg_4579                             |   1|   0|    1|          0|
    |icmp_ln95_reg_4574                             |   1|   0|    1|          0|
    |idx_reg_4511                                   |  11|   0|   11|          0|
    |mul_ln89_reg_4564                              |  60|   0|   60|          0|
    |old_energy_read_reg_3290                       |  40|   0|   40|          0|
    |sub_ln84_reg_4523                              |  27|   0|   27|          0|
    |sub_ln89_reg_4549                              |  26|   0|   26|          0|
    |tmp_1_reg_4485                                 |   1|   0|    1|          0|
    |tmp_3_reg_4518                                 |  26|   0|   26|          0|
    |tmp_4_reg_4538                                 |  25|   0|   25|          0|
    |tmp_5_reg_4544                                 |  25|   0|   25|          0|
    |tmp_6_reg_4490                                 |  11|   0|   11|          0|
    |tmp_reg_4479                                   |  30|   0|   30|          0|
    |trunc_ln75_1_reg_4501                          |  30|   0|   59|         29|
    |u_read_reg_4455                                |  40|   0|   40|          0|
    |x_reg_4474                                     |  40|   0|   40|          0|
    |y_0_read_reg_4347                              |   1|   0|    1|          0|
    |y_10_read_reg_4397                             |   1|   0|    1|          0|
    |y_11_read_reg_4402                             |   1|   0|    1|          0|
    |y_12_read_reg_4407                             |   1|   0|    1|          0|
    |y_13_read_reg_4412                             |   1|   0|    1|          0|
    |y_14_read_reg_4417                             |   1|   0|    1|          0|
    |y_15_read_reg_4422                             |   1|   0|    1|          0|
    |y_16_read_reg_4427                             |   1|   0|    1|          0|
    |y_17_read_reg_4432                             |   1|   0|    1|          0|
    |y_18_read_reg_4437                             |   1|   0|    1|          0|
    |y_19_read_reg_4442                             |   1|   0|    1|          0|
    |y_1_read_reg_4352                              |   1|   0|    1|          0|
    |y_2_read_reg_4357                              |   1|   0|    1|          0|
    |y_3_read_reg_4362                              |   1|   0|    1|          0|
    |y_4_read_reg_4367                              |   1|   0|    1|          0|
    |y_5_read_reg_4372                              |   1|   0|    1|          0|
    |y_6_read_reg_4377                              |   1|   0|    1|          0|
    |y_7_read_reg_4382                              |   1|   0|    1|          0|
    |y_8_read_reg_4387                              |   1|   0|    1|          0|
    |y_9_read_reg_4392                              |   1|   0|    1|          0|
    +-----------------------------------------------+----+----+-----+-----------+
    |Total                                          |8932|   0| 8961|         29|
    +-----------------------------------------------+----+----+-----+-----------+



================================================================
== Interface
================================================================
* Summary: 
+---------------------+-----+-----+------------+-------------------------+--------------+
|      RTL Ports      | Dir | Bits|  Protocol  |      Source Object      |    C Type    |
+---------------------+-----+-----+------------+-------------------------+--------------+
|ap_clk               |   in|    1|  ap_ctrl_hs|  uniform_metropolis_step|  return value|
|ap_rst               |   in|    1|  ap_ctrl_hs|  uniform_metropolis_step|  return value|
|ap_start             |   in|    1|  ap_ctrl_hs|  uniform_metropolis_step|  return value|
|ap_done              |  out|    1|  ap_ctrl_hs|  uniform_metropolis_step|  return value|
|ap_idle              |  out|    1|  ap_ctrl_hs|  uniform_metropolis_step|  return value|
|ap_ready             |  out|    1|  ap_ctrl_hs|  uniform_metropolis_step|  return value|
|J_0_0                |   in|   40|     ap_none|                    J_0_0|       pointer|
|J_0_1                |   in|   40|     ap_none|                    J_0_1|       pointer|
|J_0_2                |   in|   40|     ap_none|                    J_0_2|       pointer|
|J_0_3                |   in|   40|     ap_none|                    J_0_3|       pointer|
|J_0_4                |   in|   40|     ap_none|                    J_0_4|       pointer|
|J_0_5                |   in|   40|     ap_none|                    J_0_5|       pointer|
|J_0_6                |   in|   40|     ap_none|                    J_0_6|       pointer|
|J_0_7                |   in|   40|     ap_none|                    J_0_7|       pointer|
|J_0_8                |   in|   40|     ap_none|                    J_0_8|       pointer|
|J_0_9                |   in|   40|     ap_none|                    J_0_9|       pointer|
|J_0_10               |   in|   40|     ap_none|                   J_0_10|       pointer|
|J_0_11               |   in|   40|     ap_none|                   J_0_11|       pointer|
|J_0_12               |   in|   40|     ap_none|                   J_0_12|       pointer|
|J_0_13               |   in|   40|     ap_none|                   J_0_13|       pointer|
|J_0_14               |   in|   40|     ap_none|                   J_0_14|       pointer|
|J_0_15               |   in|   40|     ap_none|                   J_0_15|       pointer|
|J_0_16               |   in|   40|     ap_none|                   J_0_16|       pointer|
|J_0_17               |   in|   40|     ap_none|                   J_0_17|       pointer|
|J_0_18               |   in|   40|     ap_none|                   J_0_18|       pointer|
|J_0_19               |   in|   40|     ap_none|                   J_0_19|       pointer|
|J_1_0                |   in|   40|     ap_none|                    J_1_0|       pointer|
|J_1_1                |   in|   40|     ap_none|                    J_1_1|       pointer|
|J_1_2                |   in|   40|     ap_none|                    J_1_2|       pointer|
|J_1_3                |   in|   40|     ap_none|                    J_1_3|       pointer|
|J_1_4                |   in|   40|     ap_none|                    J_1_4|       pointer|
|J_1_5                |   in|   40|     ap_none|                    J_1_5|       pointer|
|J_1_6                |   in|   40|     ap_none|                    J_1_6|       pointer|
|J_1_7                |   in|   40|     ap_none|                    J_1_7|       pointer|
|J_1_8                |   in|   40|     ap_none|                    J_1_8|       pointer|
|J_1_9                |   in|   40|     ap_none|                    J_1_9|       pointer|
|J_1_10               |   in|   40|     ap_none|                   J_1_10|       pointer|
|J_1_11               |   in|   40|     ap_none|                   J_1_11|       pointer|
|J_1_12               |   in|   40|     ap_none|                   J_1_12|       pointer|
|J_1_13               |   in|   40|     ap_none|                   J_1_13|       pointer|
|J_1_14               |   in|   40|     ap_none|                   J_1_14|       pointer|
|J_1_15               |   in|   40|     ap_none|                   J_1_15|       pointer|
|J_1_16               |   in|   40|     ap_none|                   J_1_16|       pointer|
|J_1_17               |   in|   40|     ap_none|                   J_1_17|       pointer|
|J_1_18               |   in|   40|     ap_none|                   J_1_18|       pointer|
|J_1_19               |   in|   40|     ap_none|                   J_1_19|       pointer|
|J_2_0                |   in|   40|     ap_none|                    J_2_0|       pointer|
|J_2_1                |   in|   40|     ap_none|                    J_2_1|       pointer|
|J_2_2                |   in|   40|     ap_none|                    J_2_2|       pointer|
|J_2_3                |   in|   40|     ap_none|                    J_2_3|       pointer|
|J_2_4                |   in|   40|     ap_none|                    J_2_4|       pointer|
|J_2_5                |   in|   40|     ap_none|                    J_2_5|       pointer|
|J_2_6                |   in|   40|     ap_none|                    J_2_6|       pointer|
|J_2_7                |   in|   40|     ap_none|                    J_2_7|       pointer|
|J_2_8                |   in|   40|     ap_none|                    J_2_8|       pointer|
|J_2_9                |   in|   40|     ap_none|                    J_2_9|       pointer|
|J_2_10               |   in|   40|     ap_none|                   J_2_10|       pointer|
|J_2_11               |   in|   40|     ap_none|                   J_2_11|       pointer|
|J_2_12               |   in|   40|     ap_none|                   J_2_12|       pointer|
|J_2_13               |   in|   40|     ap_none|                   J_2_13|       pointer|
|J_2_14               |   in|   40|     ap_none|                   J_2_14|       pointer|
|J_2_15               |   in|   40|     ap_none|                   J_2_15|       pointer|
|J_2_16               |   in|   40|     ap_none|                   J_2_16|       pointer|
|J_2_17               |   in|   40|     ap_none|                   J_2_17|       pointer|
|J_2_18               |   in|   40|     ap_none|                   J_2_18|       pointer|
|J_2_19               |   in|   40|     ap_none|                   J_2_19|       pointer|
|J_3_0                |   in|   40|     ap_none|                    J_3_0|       pointer|
|J_3_1                |   in|   40|     ap_none|                    J_3_1|       pointer|
|J_3_2                |   in|   40|     ap_none|                    J_3_2|       pointer|
|J_3_3                |   in|   40|     ap_none|                    J_3_3|       pointer|
|J_3_4                |   in|   40|     ap_none|                    J_3_4|       pointer|
|J_3_5                |   in|   40|     ap_none|                    J_3_5|       pointer|
|J_3_6                |   in|   40|     ap_none|                    J_3_6|       pointer|
|J_3_7                |   in|   40|     ap_none|                    J_3_7|       pointer|
|J_3_8                |   in|   40|     ap_none|                    J_3_8|       pointer|
|J_3_9                |   in|   40|     ap_none|                    J_3_9|       pointer|
|J_3_10               |   in|   40|     ap_none|                   J_3_10|       pointer|
|J_3_11               |   in|   40|     ap_none|                   J_3_11|       pointer|
|J_3_12               |   in|   40|     ap_none|                   J_3_12|       pointer|
|J_3_13               |   in|   40|     ap_none|                   J_3_13|       pointer|
|J_3_14               |   in|   40|     ap_none|                   J_3_14|       pointer|
|J_3_15               |   in|   40|     ap_none|                   J_3_15|       pointer|
|J_3_16               |   in|   40|     ap_none|                   J_3_16|       pointer|
|J_3_17               |   in|   40|     ap_none|                   J_3_17|       pointer|
|J_3_18               |   in|   40|     ap_none|                   J_3_18|       pointer|
|J_3_19               |   in|   40|     ap_none|                   J_3_19|       pointer|
|J_4_0                |   in|   40|     ap_none|                    J_4_0|       pointer|
|J_4_1                |   in|   40|     ap_none|                    J_4_1|       pointer|
|J_4_2                |   in|   40|     ap_none|                    J_4_2|       pointer|
|J_4_3                |   in|   40|     ap_none|                    J_4_3|       pointer|
|J_4_4                |   in|   40|     ap_none|                    J_4_4|       pointer|
|J_4_5                |   in|   40|     ap_none|                    J_4_5|       pointer|
|J_4_6                |   in|   40|     ap_none|                    J_4_6|       pointer|
|J_4_7                |   in|   40|     ap_none|                    J_4_7|       pointer|
|J_4_8                |   in|   40|     ap_none|                    J_4_8|       pointer|
|J_4_9                |   in|   40|     ap_none|                    J_4_9|       pointer|
|J_4_10               |   in|   40|     ap_none|                   J_4_10|       pointer|
|J_4_11               |   in|   40|     ap_none|                   J_4_11|       pointer|
|J_4_12               |   in|   40|     ap_none|                   J_4_12|       pointer|
|J_4_13               |   in|   40|     ap_none|                   J_4_13|       pointer|
|J_4_14               |   in|   40|     ap_none|                   J_4_14|       pointer|
|J_4_15               |   in|   40|     ap_none|                   J_4_15|       pointer|
|J_4_16               |   in|   40|     ap_none|                   J_4_16|       pointer|
|J_4_17               |   in|   40|     ap_none|                   J_4_17|       pointer|
|J_4_18               |   in|   40|     ap_none|                   J_4_18|       pointer|
|J_4_19               |   in|   40|     ap_none|                   J_4_19|       pointer|
|J_5_0                |   in|   40|     ap_none|                    J_5_0|       pointer|
|J_5_1                |   in|   40|     ap_none|                    J_5_1|       pointer|
|J_5_2                |   in|   40|     ap_none|                    J_5_2|       pointer|
|J_5_3                |   in|   40|     ap_none|                    J_5_3|       pointer|
|J_5_4                |   in|   40|     ap_none|                    J_5_4|       pointer|
|J_5_5                |   in|   40|     ap_none|                    J_5_5|       pointer|
|J_5_6                |   in|   40|     ap_none|                    J_5_6|       pointer|
|J_5_7                |   in|   40|     ap_none|                    J_5_7|       pointer|
|J_5_8                |   in|   40|     ap_none|                    J_5_8|       pointer|
|J_5_9                |   in|   40|     ap_none|                    J_5_9|       pointer|
|J_5_10               |   in|   40|     ap_none|                   J_5_10|       pointer|
|J_5_11               |   in|   40|     ap_none|                   J_5_11|       pointer|
|J_5_12               |   in|   40|     ap_none|                   J_5_12|       pointer|
|J_5_13               |   in|   40|     ap_none|                   J_5_13|       pointer|
|J_5_14               |   in|   40|     ap_none|                   J_5_14|       pointer|
|J_5_15               |   in|   40|     ap_none|                   J_5_15|       pointer|
|J_5_16               |   in|   40|     ap_none|                   J_5_16|       pointer|
|J_5_17               |   in|   40|     ap_none|                   J_5_17|       pointer|
|J_5_18               |   in|   40|     ap_none|                   J_5_18|       pointer|
|J_5_19               |   in|   40|     ap_none|                   J_5_19|       pointer|
|J_6_0                |   in|   40|     ap_none|                    J_6_0|       pointer|
|J_6_1                |   in|   40|     ap_none|                    J_6_1|       pointer|
|J_6_2                |   in|   40|     ap_none|                    J_6_2|       pointer|
|J_6_3                |   in|   40|     ap_none|                    J_6_3|       pointer|
|J_6_4                |   in|   40|     ap_none|                    J_6_4|       pointer|
|J_6_5                |   in|   40|     ap_none|                    J_6_5|       pointer|
|J_6_6                |   in|   40|     ap_none|                    J_6_6|       pointer|
|J_6_7                |   in|   40|     ap_none|                    J_6_7|       pointer|
|J_6_8                |   in|   40|     ap_none|                    J_6_8|       pointer|
|J_6_9                |   in|   40|     ap_none|                    J_6_9|       pointer|
|J_6_10               |   in|   40|     ap_none|                   J_6_10|       pointer|
|J_6_11               |   in|   40|     ap_none|                   J_6_11|       pointer|
|J_6_12               |   in|   40|     ap_none|                   J_6_12|       pointer|
|J_6_13               |   in|   40|     ap_none|                   J_6_13|       pointer|
|J_6_14               |   in|   40|     ap_none|                   J_6_14|       pointer|
|J_6_15               |   in|   40|     ap_none|                   J_6_15|       pointer|
|J_6_16               |   in|   40|     ap_none|                   J_6_16|       pointer|
|J_6_17               |   in|   40|     ap_none|                   J_6_17|       pointer|
|J_6_18               |   in|   40|     ap_none|                   J_6_18|       pointer|
|J_6_19               |   in|   40|     ap_none|                   J_6_19|       pointer|
|J_7_0                |   in|   40|     ap_none|                    J_7_0|       pointer|
|J_7_1                |   in|   40|     ap_none|                    J_7_1|       pointer|
|J_7_2                |   in|   40|     ap_none|                    J_7_2|       pointer|
|J_7_3                |   in|   40|     ap_none|                    J_7_3|       pointer|
|J_7_4                |   in|   40|     ap_none|                    J_7_4|       pointer|
|J_7_5                |   in|   40|     ap_none|                    J_7_5|       pointer|
|J_7_6                |   in|   40|     ap_none|                    J_7_6|       pointer|
|J_7_7                |   in|   40|     ap_none|                    J_7_7|       pointer|
|J_7_8                |   in|   40|     ap_none|                    J_7_8|       pointer|
|J_7_9                |   in|   40|     ap_none|                    J_7_9|       pointer|
|J_7_10               |   in|   40|     ap_none|                   J_7_10|       pointer|
|J_7_11               |   in|   40|     ap_none|                   J_7_11|       pointer|
|J_7_12               |   in|   40|     ap_none|                   J_7_12|       pointer|
|J_7_13               |   in|   40|     ap_none|                   J_7_13|       pointer|
|J_7_14               |   in|   40|     ap_none|                   J_7_14|       pointer|
|J_7_15               |   in|   40|     ap_none|                   J_7_15|       pointer|
|J_7_16               |   in|   40|     ap_none|                   J_7_16|       pointer|
|J_7_17               |   in|   40|     ap_none|                   J_7_17|       pointer|
|J_7_18               |   in|   40|     ap_none|                   J_7_18|       pointer|
|J_7_19               |   in|   40|     ap_none|                   J_7_19|       pointer|
|J_8_0                |   in|   40|     ap_none|                    J_8_0|       pointer|
|J_8_1                |   in|   40|     ap_none|                    J_8_1|       pointer|
|J_8_2                |   in|   40|     ap_none|                    J_8_2|       pointer|
|J_8_3                |   in|   40|     ap_none|                    J_8_3|       pointer|
|J_8_4                |   in|   40|     ap_none|                    J_8_4|       pointer|
|J_8_5                |   in|   40|     ap_none|                    J_8_5|       pointer|
|J_8_6                |   in|   40|     ap_none|                    J_8_6|       pointer|
|J_8_7                |   in|   40|     ap_none|                    J_8_7|       pointer|
|J_8_8                |   in|   40|     ap_none|                    J_8_8|       pointer|
|J_8_9                |   in|   40|     ap_none|                    J_8_9|       pointer|
|J_8_10               |   in|   40|     ap_none|                   J_8_10|       pointer|
|J_8_11               |   in|   40|     ap_none|                   J_8_11|       pointer|
|J_8_12               |   in|   40|     ap_none|                   J_8_12|       pointer|
|J_8_13               |   in|   40|     ap_none|                   J_8_13|       pointer|
|J_8_14               |   in|   40|     ap_none|                   J_8_14|       pointer|
|J_8_15               |   in|   40|     ap_none|                   J_8_15|       pointer|
|J_8_16               |   in|   40|     ap_none|                   J_8_16|       pointer|
|J_8_17               |   in|   40|     ap_none|                   J_8_17|       pointer|
|J_8_18               |   in|   40|     ap_none|                   J_8_18|       pointer|
|J_8_19               |   in|   40|     ap_none|                   J_8_19|       pointer|
|J_9_0                |   in|   40|     ap_none|                    J_9_0|       pointer|
|J_9_1                |   in|   40|     ap_none|                    J_9_1|       pointer|
|J_9_2                |   in|   40|     ap_none|                    J_9_2|       pointer|
|J_9_3                |   in|   40|     ap_none|                    J_9_3|       pointer|
|J_9_4                |   in|   40|     ap_none|                    J_9_4|       pointer|
|J_9_5                |   in|   40|     ap_none|                    J_9_5|       pointer|
|J_9_6                |   in|   40|     ap_none|                    J_9_6|       pointer|
|J_9_7                |   in|   40|     ap_none|                    J_9_7|       pointer|
|J_9_8                |   in|   40|     ap_none|                    J_9_8|       pointer|
|J_9_9                |   in|   40|     ap_none|                    J_9_9|       pointer|
|J_9_10               |   in|   40|     ap_none|                   J_9_10|       pointer|
|J_9_11               |   in|   40|     ap_none|                   J_9_11|       pointer|
|J_9_12               |   in|   40|     ap_none|                   J_9_12|       pointer|
|J_9_13               |   in|   40|     ap_none|                   J_9_13|       pointer|
|J_9_14               |   in|   40|     ap_none|                   J_9_14|       pointer|
|J_9_15               |   in|   40|     ap_none|                   J_9_15|       pointer|
|J_9_16               |   in|   40|     ap_none|                   J_9_16|       pointer|
|J_9_17               |   in|   40|     ap_none|                   J_9_17|       pointer|
|J_9_18               |   in|   40|     ap_none|                   J_9_18|       pointer|
|J_9_19               |   in|   40|     ap_none|                   J_9_19|       pointer|
|J_10_0               |   in|   40|     ap_none|                   J_10_0|       pointer|
|J_10_1               |   in|   40|     ap_none|                   J_10_1|       pointer|
|J_10_2               |   in|   40|     ap_none|                   J_10_2|       pointer|
|J_10_3               |   in|   40|     ap_none|                   J_10_3|       pointer|
|J_10_4               |   in|   40|     ap_none|                   J_10_4|       pointer|
|J_10_5               |   in|   40|     ap_none|                   J_10_5|       pointer|
|J_10_6               |   in|   40|     ap_none|                   J_10_6|       pointer|
|J_10_7               |   in|   40|     ap_none|                   J_10_7|       pointer|
|J_10_8               |   in|   40|     ap_none|                   J_10_8|       pointer|
|J_10_9               |   in|   40|     ap_none|                   J_10_9|       pointer|
|J_10_10              |   in|   40|     ap_none|                  J_10_10|       pointer|
|J_10_11              |   in|   40|     ap_none|                  J_10_11|       pointer|
|J_10_12              |   in|   40|     ap_none|                  J_10_12|       pointer|
|J_10_13              |   in|   40|     ap_none|                  J_10_13|       pointer|
|J_10_14              |   in|   40|     ap_none|                  J_10_14|       pointer|
|J_10_15              |   in|   40|     ap_none|                  J_10_15|       pointer|
|J_10_16              |   in|   40|     ap_none|                  J_10_16|       pointer|
|J_10_17              |   in|   40|     ap_none|                  J_10_17|       pointer|
|J_10_18              |   in|   40|     ap_none|                  J_10_18|       pointer|
|J_10_19              |   in|   40|     ap_none|                  J_10_19|       pointer|
|J_11_0               |   in|   40|     ap_none|                   J_11_0|       pointer|
|J_11_1               |   in|   40|     ap_none|                   J_11_1|       pointer|
|J_11_2               |   in|   40|     ap_none|                   J_11_2|       pointer|
|J_11_3               |   in|   40|     ap_none|                   J_11_3|       pointer|
|J_11_4               |   in|   40|     ap_none|                   J_11_4|       pointer|
|J_11_5               |   in|   40|     ap_none|                   J_11_5|       pointer|
|J_11_6               |   in|   40|     ap_none|                   J_11_6|       pointer|
|J_11_7               |   in|   40|     ap_none|                   J_11_7|       pointer|
|J_11_8               |   in|   40|     ap_none|                   J_11_8|       pointer|
|J_11_9               |   in|   40|     ap_none|                   J_11_9|       pointer|
|J_11_10              |   in|   40|     ap_none|                  J_11_10|       pointer|
|J_11_11              |   in|   40|     ap_none|                  J_11_11|       pointer|
|J_11_12              |   in|   40|     ap_none|                  J_11_12|       pointer|
|J_11_13              |   in|   40|     ap_none|                  J_11_13|       pointer|
|J_11_14              |   in|   40|     ap_none|                  J_11_14|       pointer|
|J_11_15              |   in|   40|     ap_none|                  J_11_15|       pointer|
|J_11_16              |   in|   40|     ap_none|                  J_11_16|       pointer|
|J_11_17              |   in|   40|     ap_none|                  J_11_17|       pointer|
|J_11_18              |   in|   40|     ap_none|                  J_11_18|       pointer|
|J_11_19              |   in|   40|     ap_none|                  J_11_19|       pointer|
|J_12_0               |   in|   40|     ap_none|                   J_12_0|       pointer|
|J_12_1               |   in|   40|     ap_none|                   J_12_1|       pointer|
|J_12_2               |   in|   40|     ap_none|                   J_12_2|       pointer|
|J_12_3               |   in|   40|     ap_none|                   J_12_3|       pointer|
|J_12_4               |   in|   40|     ap_none|                   J_12_4|       pointer|
|J_12_5               |   in|   40|     ap_none|                   J_12_5|       pointer|
|J_12_6               |   in|   40|     ap_none|                   J_12_6|       pointer|
|J_12_7               |   in|   40|     ap_none|                   J_12_7|       pointer|
|J_12_8               |   in|   40|     ap_none|                   J_12_8|       pointer|
|J_12_9               |   in|   40|     ap_none|                   J_12_9|       pointer|
|J_12_10              |   in|   40|     ap_none|                  J_12_10|       pointer|
|J_12_11              |   in|   40|     ap_none|                  J_12_11|       pointer|
|J_12_12              |   in|   40|     ap_none|                  J_12_12|       pointer|
|J_12_13              |   in|   40|     ap_none|                  J_12_13|       pointer|
|J_12_14              |   in|   40|     ap_none|                  J_12_14|       pointer|
|J_12_15              |   in|   40|     ap_none|                  J_12_15|       pointer|
|J_12_16              |   in|   40|     ap_none|                  J_12_16|       pointer|
|J_12_17              |   in|   40|     ap_none|                  J_12_17|       pointer|
|J_12_18              |   in|   40|     ap_none|                  J_12_18|       pointer|
|J_12_19              |   in|   40|     ap_none|                  J_12_19|       pointer|
|J_13_0               |   in|   40|     ap_none|                   J_13_0|       pointer|
|J_13_1               |   in|   40|     ap_none|                   J_13_1|       pointer|
|J_13_2               |   in|   40|     ap_none|                   J_13_2|       pointer|
|J_13_3               |   in|   40|     ap_none|                   J_13_3|       pointer|
|J_13_4               |   in|   40|     ap_none|                   J_13_4|       pointer|
|J_13_5               |   in|   40|     ap_none|                   J_13_5|       pointer|
|J_13_6               |   in|   40|     ap_none|                   J_13_6|       pointer|
|J_13_7               |   in|   40|     ap_none|                   J_13_7|       pointer|
|J_13_8               |   in|   40|     ap_none|                   J_13_8|       pointer|
|J_13_9               |   in|   40|     ap_none|                   J_13_9|       pointer|
|J_13_10              |   in|   40|     ap_none|                  J_13_10|       pointer|
|J_13_11              |   in|   40|     ap_none|                  J_13_11|       pointer|
|J_13_12              |   in|   40|     ap_none|                  J_13_12|       pointer|
|J_13_13              |   in|   40|     ap_none|                  J_13_13|       pointer|
|J_13_14              |   in|   40|     ap_none|                  J_13_14|       pointer|
|J_13_15              |   in|   40|     ap_none|                  J_13_15|       pointer|
|J_13_16              |   in|   40|     ap_none|                  J_13_16|       pointer|
|J_13_17              |   in|   40|     ap_none|                  J_13_17|       pointer|
|J_13_18              |   in|   40|     ap_none|                  J_13_18|       pointer|
|J_13_19              |   in|   40|     ap_none|                  J_13_19|       pointer|
|J_14_0               |   in|   40|     ap_none|                   J_14_0|       pointer|
|J_14_1               |   in|   40|     ap_none|                   J_14_1|       pointer|
|J_14_2               |   in|   40|     ap_none|                   J_14_2|       pointer|
|J_14_3               |   in|   40|     ap_none|                   J_14_3|       pointer|
|J_14_4               |   in|   40|     ap_none|                   J_14_4|       pointer|
|J_14_5               |   in|   40|     ap_none|                   J_14_5|       pointer|
|J_14_6               |   in|   40|     ap_none|                   J_14_6|       pointer|
|J_14_7               |   in|   40|     ap_none|                   J_14_7|       pointer|
|J_14_8               |   in|   40|     ap_none|                   J_14_8|       pointer|
|J_14_9               |   in|   40|     ap_none|                   J_14_9|       pointer|
|J_14_10              |   in|   40|     ap_none|                  J_14_10|       pointer|
|J_14_11              |   in|   40|     ap_none|                  J_14_11|       pointer|
|J_14_12              |   in|   40|     ap_none|                  J_14_12|       pointer|
|J_14_13              |   in|   40|     ap_none|                  J_14_13|       pointer|
|J_14_14              |   in|   40|     ap_none|                  J_14_14|       pointer|
|J_14_15              |   in|   40|     ap_none|                  J_14_15|       pointer|
|J_14_16              |   in|   40|     ap_none|                  J_14_16|       pointer|
|J_14_17              |   in|   40|     ap_none|                  J_14_17|       pointer|
|J_14_18              |   in|   40|     ap_none|                  J_14_18|       pointer|
|J_14_19              |   in|   40|     ap_none|                  J_14_19|       pointer|
|J_15_0               |   in|   40|     ap_none|                   J_15_0|       pointer|
|J_15_1               |   in|   40|     ap_none|                   J_15_1|       pointer|
|J_15_2               |   in|   40|     ap_none|                   J_15_2|       pointer|
|J_15_3               |   in|   40|     ap_none|                   J_15_3|       pointer|
|J_15_4               |   in|   40|     ap_none|                   J_15_4|       pointer|
|J_15_5               |   in|   40|     ap_none|                   J_15_5|       pointer|
|J_15_6               |   in|   40|     ap_none|                   J_15_6|       pointer|
|J_15_7               |   in|   40|     ap_none|                   J_15_7|       pointer|
|J_15_8               |   in|   40|     ap_none|                   J_15_8|       pointer|
|J_15_9               |   in|   40|     ap_none|                   J_15_9|       pointer|
|J_15_10              |   in|   40|     ap_none|                  J_15_10|       pointer|
|J_15_11              |   in|   40|     ap_none|                  J_15_11|       pointer|
|J_15_12              |   in|   40|     ap_none|                  J_15_12|       pointer|
|J_15_13              |   in|   40|     ap_none|                  J_15_13|       pointer|
|J_15_14              |   in|   40|     ap_none|                  J_15_14|       pointer|
|J_15_15              |   in|   40|     ap_none|                  J_15_15|       pointer|
|J_15_16              |   in|   40|     ap_none|                  J_15_16|       pointer|
|J_15_17              |   in|   40|     ap_none|                  J_15_17|       pointer|
|J_15_18              |   in|   40|     ap_none|                  J_15_18|       pointer|
|J_15_19              |   in|   40|     ap_none|                  J_15_19|       pointer|
|J_16_0               |   in|   40|     ap_none|                   J_16_0|       pointer|
|J_16_1               |   in|   40|     ap_none|                   J_16_1|       pointer|
|J_16_2               |   in|   40|     ap_none|                   J_16_2|       pointer|
|J_16_3               |   in|   40|     ap_none|                   J_16_3|       pointer|
|J_16_4               |   in|   40|     ap_none|                   J_16_4|       pointer|
|J_16_5               |   in|   40|     ap_none|                   J_16_5|       pointer|
|J_16_6               |   in|   40|     ap_none|                   J_16_6|       pointer|
|J_16_7               |   in|   40|     ap_none|                   J_16_7|       pointer|
|J_16_8               |   in|   40|     ap_none|                   J_16_8|       pointer|
|J_16_9               |   in|   40|     ap_none|                   J_16_9|       pointer|
|J_16_10              |   in|   40|     ap_none|                  J_16_10|       pointer|
|J_16_11              |   in|   40|     ap_none|                  J_16_11|       pointer|
|J_16_12              |   in|   40|     ap_none|                  J_16_12|       pointer|
|J_16_13              |   in|   40|     ap_none|                  J_16_13|       pointer|
|J_16_14              |   in|   40|     ap_none|                  J_16_14|       pointer|
|J_16_15              |   in|   40|     ap_none|                  J_16_15|       pointer|
|J_16_16              |   in|   40|     ap_none|                  J_16_16|       pointer|
|J_16_17              |   in|   40|     ap_none|                  J_16_17|       pointer|
|J_16_18              |   in|   40|     ap_none|                  J_16_18|       pointer|
|J_16_19              |   in|   40|     ap_none|                  J_16_19|       pointer|
|J_17_0               |   in|   40|     ap_none|                   J_17_0|       pointer|
|J_17_1               |   in|   40|     ap_none|                   J_17_1|       pointer|
|J_17_2               |   in|   40|     ap_none|                   J_17_2|       pointer|
|J_17_3               |   in|   40|     ap_none|                   J_17_3|       pointer|
|J_17_4               |   in|   40|     ap_none|                   J_17_4|       pointer|
|J_17_5               |   in|   40|     ap_none|                   J_17_5|       pointer|
|J_17_6               |   in|   40|     ap_none|                   J_17_6|       pointer|
|J_17_7               |   in|   40|     ap_none|                   J_17_7|       pointer|
|J_17_8               |   in|   40|     ap_none|                   J_17_8|       pointer|
|J_17_9               |   in|   40|     ap_none|                   J_17_9|       pointer|
|J_17_10              |   in|   40|     ap_none|                  J_17_10|       pointer|
|J_17_11              |   in|   40|     ap_none|                  J_17_11|       pointer|
|J_17_12              |   in|   40|     ap_none|                  J_17_12|       pointer|
|J_17_13              |   in|   40|     ap_none|                  J_17_13|       pointer|
|J_17_14              |   in|   40|     ap_none|                  J_17_14|       pointer|
|J_17_15              |   in|   40|     ap_none|                  J_17_15|       pointer|
|J_17_16              |   in|   40|     ap_none|                  J_17_16|       pointer|
|J_17_17              |   in|   40|     ap_none|                  J_17_17|       pointer|
|J_17_18              |   in|   40|     ap_none|                  J_17_18|       pointer|
|J_17_19              |   in|   40|     ap_none|                  J_17_19|       pointer|
|J_18_0               |   in|   40|     ap_none|                   J_18_0|       pointer|
|J_18_1               |   in|   40|     ap_none|                   J_18_1|       pointer|
|J_18_2               |   in|   40|     ap_none|                   J_18_2|       pointer|
|J_18_3               |   in|   40|     ap_none|                   J_18_3|       pointer|
|J_18_4               |   in|   40|     ap_none|                   J_18_4|       pointer|
|J_18_5               |   in|   40|     ap_none|                   J_18_5|       pointer|
|J_18_6               |   in|   40|     ap_none|                   J_18_6|       pointer|
|J_18_7               |   in|   40|     ap_none|                   J_18_7|       pointer|
|J_18_8               |   in|   40|     ap_none|                   J_18_8|       pointer|
|J_18_9               |   in|   40|     ap_none|                   J_18_9|       pointer|
|J_18_10              |   in|   40|     ap_none|                  J_18_10|       pointer|
|J_18_11              |   in|   40|     ap_none|                  J_18_11|       pointer|
|J_18_12              |   in|   40|     ap_none|                  J_18_12|       pointer|
|J_18_13              |   in|   40|     ap_none|                  J_18_13|       pointer|
|J_18_14              |   in|   40|     ap_none|                  J_18_14|       pointer|
|J_18_15              |   in|   40|     ap_none|                  J_18_15|       pointer|
|J_18_16              |   in|   40|     ap_none|                  J_18_16|       pointer|
|J_18_17              |   in|   40|     ap_none|                  J_18_17|       pointer|
|J_18_18              |   in|   40|     ap_none|                  J_18_18|       pointer|
|J_18_19              |   in|   40|     ap_none|                  J_18_19|       pointer|
|J_19_0               |   in|   40|     ap_none|                   J_19_0|       pointer|
|J_19_1               |   in|   40|     ap_none|                   J_19_1|       pointer|
|J_19_2               |   in|   40|     ap_none|                   J_19_2|       pointer|
|J_19_3               |   in|   40|     ap_none|                   J_19_3|       pointer|
|J_19_4               |   in|   40|     ap_none|                   J_19_4|       pointer|
|J_19_5               |   in|   40|     ap_none|                   J_19_5|       pointer|
|J_19_6               |   in|   40|     ap_none|                   J_19_6|       pointer|
|J_19_7               |   in|   40|     ap_none|                   J_19_7|       pointer|
|J_19_8               |   in|   40|     ap_none|                   J_19_8|       pointer|
|J_19_9               |   in|   40|     ap_none|                   J_19_9|       pointer|
|J_19_10              |   in|   40|     ap_none|                  J_19_10|       pointer|
|J_19_11              |   in|   40|     ap_none|                  J_19_11|       pointer|
|J_19_12              |   in|   40|     ap_none|                  J_19_12|       pointer|
|J_19_13              |   in|   40|     ap_none|                  J_19_13|       pointer|
|J_19_14              |   in|   40|     ap_none|                  J_19_14|       pointer|
|J_19_15              |   in|   40|     ap_none|                  J_19_15|       pointer|
|J_19_16              |   in|   40|     ap_none|                  J_19_16|       pointer|
|J_19_17              |   in|   40|     ap_none|                  J_19_17|       pointer|
|J_19_18              |   in|   40|     ap_none|                  J_19_18|       pointer|
|J_19_19              |   in|   40|     ap_none|                  J_19_19|       pointer|
|h_0                  |   in|   40|     ap_none|                      h_0|       pointer|
|h_1                  |   in|   40|     ap_none|                      h_1|       pointer|
|h_2                  |   in|   40|     ap_none|                      h_2|       pointer|
|h_3                  |   in|   40|     ap_none|                      h_3|       pointer|
|h_4                  |   in|   40|     ap_none|                      h_4|       pointer|
|h_5                  |   in|   40|     ap_none|                      h_5|       pointer|
|h_6                  |   in|   40|     ap_none|                      h_6|       pointer|
|h_7                  |   in|   40|     ap_none|                      h_7|       pointer|
|h_8                  |   in|   40|     ap_none|                      h_8|       pointer|
|h_9                  |   in|   40|     ap_none|                      h_9|       pointer|
|h_10                 |   in|   40|     ap_none|                     h_10|       pointer|
|h_11                 |   in|   40|     ap_none|                     h_11|       pointer|
|h_12                 |   in|   40|     ap_none|                     h_12|       pointer|
|h_13                 |   in|   40|     ap_none|                     h_13|       pointer|
|h_14                 |   in|   40|     ap_none|                     h_14|       pointer|
|h_15                 |   in|   40|     ap_none|                     h_15|       pointer|
|h_16                 |   in|   40|     ap_none|                     h_16|       pointer|
|h_17                 |   in|   40|     ap_none|                     h_17|       pointer|
|h_18                 |   in|   40|     ap_none|                     h_18|       pointer|
|h_19                 |   in|   40|     ap_none|                     h_19|       pointer|
|y_0                  |   in|    1|     ap_none|                      y_0|       pointer|
|y_1                  |   in|    1|     ap_none|                      y_1|       pointer|
|y_2                  |   in|    1|     ap_none|                      y_2|       pointer|
|y_3                  |   in|    1|     ap_none|                      y_3|       pointer|
|y_4                  |   in|    1|     ap_none|                      y_4|       pointer|
|y_5                  |   in|    1|     ap_none|                      y_5|       pointer|
|y_6                  |   in|    1|     ap_none|                      y_6|       pointer|
|y_7                  |   in|    1|     ap_none|                      y_7|       pointer|
|y_8                  |   in|    1|     ap_none|                      y_8|       pointer|
|y_9                  |   in|    1|     ap_none|                      y_9|       pointer|
|y_10                 |   in|    1|     ap_none|                     y_10|       pointer|
|y_11                 |   in|    1|     ap_none|                     y_11|       pointer|
|y_12                 |   in|    1|     ap_none|                     y_12|       pointer|
|y_13                 |   in|    1|     ap_none|                     y_13|       pointer|
|y_14                 |   in|    1|     ap_none|                     y_14|       pointer|
|y_15                 |   in|    1|     ap_none|                     y_15|       pointer|
|y_16                 |   in|    1|     ap_none|                     y_16|       pointer|
|y_17                 |   in|    1|     ap_none|                     y_17|       pointer|
|y_18                 |   in|    1|     ap_none|                     y_18|       pointer|
|y_19                 |   in|    1|     ap_none|                     y_19|       pointer|
|old_energy           |   in|   40|     ap_none|               old_energy|        scalar|
|beta                 |   in|   40|     ap_none|                     beta|        scalar|
|u                    |   in|   40|     ap_none|                        u|        scalar|
|accepted             |  out|    1|      ap_vld|                 accepted|       pointer|
|accepted_ap_vld      |  out|    1|      ap_vld|                 accepted|       pointer|
|delta_energy         |  out|   40|      ap_vld|             delta_energy|       pointer|
|delta_energy_ap_vld  |  out|    1|      ap_vld|             delta_energy|       pointer|
|new_energy           |  out|   40|      ap_vld|               new_energy|       pointer|
|new_energy_ap_vld    |  out|    1|      ap_vld|               new_energy|       pointer|
+---------------------+-----+-----+------------+-------------------------+--------------+

