

================================================================
== Vitis HLS Report for 'uniform_delta_energy'
================================================================
* Date:           Tue May 19 20:34:15 2026

* Version:        2025.2 (Build 6295257 on Nov 14 2025)
* Project:        hls_uniform_metropolis_step_N13
* Solution:       hls (Vivado IP Flow Target)
* Product family: virtexuplus
* Target device:  xcvu19p-fsva3824-2-e


================================================================
== Performance Estimates
================================================================
+ Timing: 
    * Summary: 
    +--------+---------+----------+------------+
    |  Clock |  Target | Estimated| Uncertainty|
    +--------+---------+----------+------------+
    |ap_clk  |  3.33 ns|  2.388 ns|     0.90 ns|
    +--------+---------+----------+------------+

+ Latency: 
    * Summary: 
    +---------+---------+----------+----------+-----+-----+---------+
    |  Latency (cycles) |  Latency (absolute) |  Interval | Pipeline|
    |   min   |   max   |    min   |    max   | min | max |   Type  |
    +---------+---------+----------+----------+-----+-----+---------+
    |       41|       41|  0.137 us|  0.137 us|   41|   41|       no|
    +---------+---------+----------+----------+-----+-----+---------+

    + Detail: 
        * Instance: 
        N/A

        * Loop: 
        N/A



================================================================
== Utilization Estimates
================================================================
* Summary: 
+---------------------+---------+------+---------+---------+-----+
|         Name        | BRAM_18K|  DSP |    FF   |   LUT   | URAM|
+---------------------+---------+------+---------+---------+-----+
|DSP                  |        -|     -|        -|        -|    -|
|Expression           |        -|     -|        0|    12313|    -|
|FIFO                 |        -|     -|        -|        -|    -|
|Instance             |        -|     -|        -|        -|    -|
|Memory               |        -|     -|        -|        -|    -|
|Multiplexer          |        -|     -|        0|      198|    -|
|Register             |        -|     -|     1922|        -|    -|
+---------------------+---------+------+---------+---------+-----+
|Total                |        0|     0|     1922|    12511|    0|
+---------------------+---------+------+---------+---------+-----+
|Available SLR        |     1080|   960|  2042880|  1021440|   80|
+---------------------+---------+------+---------+---------+-----+
|Utilization SLR (%)  |        0|     0|       ~0|        1|    0|
+---------------------+---------+------+---------+---------+-----+
|Available            |     4320|  3840|  8171520|  4085760|  320|
+---------------------+---------+------+---------+---------+-----+
|Utilization (%)      |        0|     0|       ~0|       ~0|    0|
+---------------------+---------+------+---------+---------+-----+

+ Detail: 
    * Instance: 
    N/A

    * DSP: 
    N/A

    * Memory: 
    N/A

    * FIFO: 
    N/A

    * Expression: 
    +-------------------------+----------+----+---+-----+------------+------------+
    |      Variable Name      | Operation| DSP| FF| LUT | Bitwidth P0| Bitwidth P1|
    +-------------------------+----------+----+---+-----+------------+------------+
    |add_ln183_10_fu_1078_p2  |         +|   0|  0|   40|          40|          40|
    |add_ln183_11_fu_1088_p2  |         +|   0|  0|   40|          40|          40|
    |add_ln183_1_fu_1046_p2   |         +|   0|  0|   40|          40|          40|
    |add_ln183_2_fu_1052_p2   |         +|   0|  0|   40|          40|          40|
    |add_ln183_3_fu_1058_p2   |         +|   0|  0|   40|          40|          40|
    |add_ln183_4_fu_1084_p2   |         +|   0|  0|   40|          40|          40|
    |add_ln183_5_fu_930_p2    |         +|   0|  0|   47|          40|          40|
    |add_ln183_6_fu_1064_p2   |         +|   0|  0|   40|          40|          40|
    |add_ln183_7_fu_1069_p2   |         +|   0|  0|   40|          40|          40|
    |add_ln183_8_fu_936_p2    |         +|   0|  0|   47|          40|          40|
    |add_ln183_9_fu_1073_p2   |         +|   0|  0|   40|          40|          40|
    |add_ln183_fu_1040_p2     |         +|   0|  0|   40|          40|          40|
    |add_ln195_fu_1097_p2     |         +|   0|  0|   40|          40|          40|
    |e_100_fu_1868_p2         |         +|   0|  0|   47|          40|          40|
    |e_103_fu_1891_p2         |         +|   0|  0|   47|          40|          40|
    |e_106_fu_1914_p2         |         +|   0|  0|   47|          40|          40|
    |e_109_fu_1937_p2         |         +|   0|  0|   47|          40|          40|
    |e_10_fu_1178_p2          |         +|   0|  0|   47|          40|          40|
    |e_112_fu_1960_p2         |         +|   0|  0|   47|          40|          40|
    |e_115_fu_1983_p2         |         +|   0|  0|   47|          40|          40|
    |e_118_fu_2006_p2         |         +|   0|  0|   47|          40|          40|
    |e_121_fu_2029_p2         |         +|   0|  0|   47|          40|          40|
    |e_124_fu_2052_p2         |         +|   0|  0|   47|          40|          40|
    |e_127_fu_2075_p2         |         +|   0|  0|   47|          40|          40|
    |e_130_fu_2098_p2         |         +|   0|  0|   47|          40|          40|
    |e_133_fu_2121_p2         |         +|   0|  0|   47|          40|          40|
    |e_136_fu_2144_p2         |         +|   0|  0|   47|          40|          40|
    |e_139_fu_2167_p2         |         +|   0|  0|   47|          40|          40|
    |e_13_fu_1201_p2          |         +|   0|  0|   47|          40|          40|
    |e_142_fu_2190_p2         |         +|   0|  0|   47|          40|          40|
    |e_145_fu_2213_p2         |         +|   0|  0|   47|          40|          40|
    |e_148_fu_2236_p2         |         +|   0|  0|   47|          40|          40|
    |e_151_fu_2259_p2         |         +|   0|  0|   47|          40|          40|
    |e_154_fu_2282_p2         |         +|   0|  0|   47|          40|          40|
    |e_157_fu_2305_p2         |         +|   0|  0|   47|          40|          40|
    |e_160_fu_2328_p2         |         +|   0|  0|   47|          40|          40|
    |e_163_fu_2351_p2         |         +|   0|  0|   47|          40|          40|
    |e_166_fu_2374_p2         |         +|   0|  0|   47|          40|          40|
    |e_169_fu_2397_p2         |         +|   0|  0|   47|          40|          40|
    |e_16_fu_1224_p2          |         +|   0|  0|   47|          40|          40|
    |e_172_fu_2420_p2         |         +|   0|  0|   47|          40|          40|
    |e_175_fu_2443_p2         |         +|   0|  0|   47|          40|          40|
    |e_178_fu_2466_p2         |         +|   0|  0|   47|          40|          40|
    |e_181_fu_2489_p2         |         +|   0|  0|   47|          40|          40|
    |e_184_fu_2512_p2         |         +|   0|  0|   47|          40|          40|
    |e_187_fu_2535_p2         |         +|   0|  0|   47|          40|          40|
    |e_190_fu_2558_p2         |         +|   0|  0|   47|          40|          40|
    |e_193_fu_2581_p2         |         +|   0|  0|   47|          40|          40|
    |e_196_fu_2604_p2         |         +|   0|  0|   47|          40|          40|
    |e_199_fu_2627_p2         |         +|   0|  0|   47|          40|          40|
    |e_19_fu_1247_p2          |         +|   0|  0|   47|          40|          40|
    |e_202_fu_2650_p2         |         +|   0|  0|   47|          40|          40|
    |e_205_fu_2673_p2         |         +|   0|  0|   47|          40|          40|
    |e_208_fu_2696_p2         |         +|   0|  0|   47|          40|          40|
    |e_211_fu_2719_p2         |         +|   0|  0|   47|          40|          40|
    |e_214_fu_2742_p2         |         +|   0|  0|   47|          40|          40|
    |e_217_fu_2765_p2         |         +|   0|  0|   47|          40|          40|
    |e_220_fu_2788_p2         |         +|   0|  0|   47|          40|          40|
    |e_223_fu_2811_p2         |         +|   0|  0|   47|          40|          40|
    |e_226_fu_2834_p2         |         +|   0|  0|   47|          40|          40|
    |e_229_fu_2857_p2         |         +|   0|  0|   47|          40|          40|
    |e_22_fu_1270_p2          |         +|   0|  0|   47|          40|          40|
    |e_232_fu_2880_p2         |         +|   0|  0|   47|          40|          40|
    |e_25_fu_1293_p2          |         +|   0|  0|   47|          40|          40|
    |e_28_fu_1316_p2          |         +|   0|  0|   47|          40|          40|
    |e_31_fu_1339_p2          |         +|   0|  0|   47|          40|          40|
    |e_34_fu_1362_p2          |         +|   0|  0|   47|          40|          40|
    |e_37_fu_1385_p2          |         +|   0|  0|   47|          40|          40|
    |e_40_fu_1408_p2          |         +|   0|  0|   47|          40|          40|
    |e_43_fu_1431_p2          |         +|   0|  0|   47|          40|          40|
    |e_46_fu_1454_p2          |         +|   0|  0|   47|          40|          40|
    |e_49_fu_1477_p2          |         +|   0|  0|   47|          40|          40|
    |e_4_fu_1132_p2           |         +|   0|  0|   47|          40|          40|
    |e_52_fu_1500_p2          |         +|   0|  0|   47|          40|          40|
    |e_55_fu_1523_p2          |         +|   0|  0|   47|          40|          40|
    |e_58_fu_1546_p2          |         +|   0|  0|   47|          40|          40|
    |e_61_fu_1569_p2          |         +|   0|  0|   47|          40|          40|
    |e_64_fu_1592_p2          |         +|   0|  0|   47|          40|          40|
    |e_67_fu_1615_p2          |         +|   0|  0|   47|          40|          40|
    |e_70_fu_1638_p2          |         +|   0|  0|   47|          40|          40|
    |e_73_fu_1661_p2          |         +|   0|  0|   47|          40|          40|
    |e_76_fu_1684_p2          |         +|   0|  0|   47|          40|          40|
    |e_79_fu_1707_p2          |         +|   0|  0|   47|          40|          40|
    |e_7_fu_1155_p2           |         +|   0|  0|   47|          40|          40|
    |e_82_fu_1730_p2          |         +|   0|  0|   47|          40|          40|
    |e_85_fu_1753_p2          |         +|   0|  0|   47|          40|          40|
    |e_88_fu_1776_p2          |         +|   0|  0|   47|          40|          40|
    |e_91_fu_1799_p2          |         +|   0|  0|   47|          40|          40|
    |e_94_fu_1822_p2          |         +|   0|  0|   47|          40|          40|
    |e_97_fu_1845_p2          |         +|   0|  0|   47|          40|          40|
    |e_102_fu_1885_p2         |         -|   0|  0|   47|          40|          40|
    |e_105_fu_1909_p2         |         -|   0|  0|   47|          40|          40|
    |e_108_fu_1931_p2         |         -|   0|  0|   47|          40|          40|
    |e_111_fu_1955_p2         |         -|   0|  0|   47|          40|          40|
    |e_114_fu_1977_p2         |         -|   0|  0|   47|          40|          40|
    |e_117_fu_2001_p2         |         -|   0|  0|   47|          40|          40|
    |e_120_fu_2023_p2         |         -|   0|  0|   47|          40|          40|
    |e_123_fu_2047_p2         |         -|   0|  0|   47|          40|          40|
    |e_126_fu_2069_p2         |         -|   0|  0|   47|          40|          40|
    |e_129_fu_2093_p2         |         -|   0|  0|   47|          40|          40|
    |e_12_fu_1195_p2          |         -|   0|  0|   47|          40|          40|
    |e_132_fu_2115_p2         |         -|   0|  0|   47|          40|          40|
    |e_135_fu_2139_p2         |         -|   0|  0|   47|          40|          40|
    |e_138_fu_2161_p2         |         -|   0|  0|   47|          40|          40|
    |e_141_fu_2185_p2         |         -|   0|  0|   47|          40|          40|
    |e_144_fu_2207_p2         |         -|   0|  0|   47|          40|          40|
    |e_147_fu_2231_p2         |         -|   0|  0|   47|          40|          40|
    |e_150_fu_2253_p2         |         -|   0|  0|   47|          40|          40|
    |e_153_fu_2277_p2         |         -|   0|  0|   47|          40|          40|
    |e_156_fu_2299_p2         |         -|   0|  0|   47|          40|          40|
    |e_159_fu_2323_p2         |         -|   0|  0|   47|          40|          40|
    |e_15_fu_1219_p2          |         -|   0|  0|   47|          40|          40|
    |e_162_fu_2345_p2         |         -|   0|  0|   47|          40|          40|
    |e_165_fu_2369_p2         |         -|   0|  0|   47|          40|          40|
    |e_168_fu_2391_p2         |         -|   0|  0|   47|          40|          40|
    |e_171_fu_2415_p2         |         -|   0|  0|   47|          40|          40|
    |e_174_fu_2437_p2         |         -|   0|  0|   47|          40|          40|
    |e_177_fu_2461_p2         |         -|   0|  0|   47|          40|          40|
    |e_180_fu_2483_p2         |         -|   0|  0|   47|          40|          40|
    |e_183_fu_2507_p2         |         -|   0|  0|   47|          40|          40|
    |e_186_fu_2529_p2         |         -|   0|  0|   47|          40|          40|
    |e_189_fu_2553_p2         |         -|   0|  0|   47|          40|          40|
    |e_18_fu_1241_p2          |         -|   0|  0|   47|          40|          40|
    |e_192_fu_2575_p2         |         -|   0|  0|   47|          40|          40|
    |e_195_fu_2599_p2         |         -|   0|  0|   47|          40|          40|
    |e_198_fu_2621_p2         |         -|   0|  0|   47|          40|          40|
    |e_1_fu_1109_p2           |         -|   0|  0|   47|          40|          40|
    |e_201_fu_2645_p2         |         -|   0|  0|   47|          40|          40|
    |e_204_fu_2667_p2         |         -|   0|  0|   47|          40|          40|
    |e_207_fu_2691_p2         |         -|   0|  0|   47|          40|          40|
    |e_210_fu_2713_p2         |         -|   0|  0|   47|          40|          40|
    |e_213_fu_2737_p2         |         -|   0|  0|   47|          40|          40|
    |e_216_fu_2759_p2         |         -|   0|  0|   47|          40|          40|
    |e_219_fu_2783_p2         |         -|   0|  0|   47|          40|          40|
    |e_21_fu_1265_p2          |         -|   0|  0|   47|          40|          40|
    |e_222_fu_2805_p2         |         -|   0|  0|   47|          40|          40|
    |e_225_fu_2829_p2         |         -|   0|  0|   47|          40|          40|
    |e_228_fu_2851_p2         |         -|   0|  0|   47|          40|          40|
    |e_231_fu_2875_p2         |         -|   0|  0|   47|          40|          40|
    |e_24_fu_1287_p2          |         -|   0|  0|   47|          40|          40|
    |e_27_fu_1311_p2          |         -|   0|  0|   47|          40|          40|
    |e_30_fu_1333_p2          |         -|   0|  0|   47|          40|          40|
    |e_33_fu_1357_p2          |         -|   0|  0|   47|          40|          40|
    |e_36_fu_1379_p2          |         -|   0|  0|   47|          40|          40|
    |e_39_fu_1403_p2          |         -|   0|  0|   47|          40|          40|
    |e_3_fu_1127_p2           |         -|   0|  0|   47|          40|          40|
    |e_42_fu_1425_p2          |         -|   0|  0|   47|          40|          40|
    |e_45_fu_1449_p2          |         -|   0|  0|   47|          40|          40|
    |e_48_fu_1471_p2          |         -|   0|  0|   47|          40|          40|
    |e_51_fu_1495_p2          |         -|   0|  0|   47|          40|          40|
    |e_54_fu_1517_p2          |         -|   0|  0|   47|          40|          40|
    |e_57_fu_1541_p2          |         -|   0|  0|   47|          40|          40|
    |e_60_fu_1563_p2          |         -|   0|  0|   47|          40|          40|
    |e_63_fu_1587_p2          |         -|   0|  0|   47|          40|          40|
    |e_66_fu_1609_p2          |         -|   0|  0|   47|          40|          40|
    |e_69_fu_1633_p2          |         -|   0|  0|   47|          40|          40|
    |e_6_fu_1149_p2           |         -|   0|  0|   47|          40|          40|
    |e_72_fu_1655_p2          |         -|   0|  0|   47|          40|          40|
    |e_75_fu_1679_p2          |         -|   0|  0|   47|          40|          40|
    |e_78_fu_1701_p2          |         -|   0|  0|   47|          40|          40|
    |e_81_fu_1725_p2          |         -|   0|  0|   47|          40|          40|
    |e_84_fu_1747_p2          |         -|   0|  0|   47|          40|          40|
    |e_87_fu_1771_p2          |         -|   0|  0|   47|          40|          40|
    |e_90_fu_1793_p2          |         -|   0|  0|   47|          40|          40|
    |e_93_fu_1817_p2          |         -|   0|  0|   47|          40|          40|
    |e_96_fu_1839_p2          |         -|   0|  0|   47|          40|          40|
    |e_99_fu_1863_p2          |         -|   0|  0|   47|          40|          40|
    |e_9_fu_1173_p2           |         -|   0|  0|   47|          40|          40|
    |e_fu_1103_p2             |         -|   0|  0|   40|           1|          40|
    |out_21_fu_942_p2         |         -|   0|  0|   47|           1|          40|
    |out_24_fu_874_p2         |         -|   0|  0|   47|           1|          40|
    |out_27_fu_902_p2         |         -|   0|  0|   47|           1|          40|
    |out_30_fu_970_p2         |         -|   0|  0|   47|           1|          40|
    |out_33_fu_998_p2         |         -|   0|  0|   47|           1|          40|
    |out_36_fu_1026_p2        |         -|   0|  0|   47|           1|          40|
    |out_fu_2893_p2           |         -|   0|  0|   47|          40|          40|
    |sub_ln42_10_fu_1012_p2   |         -|   0|  0|   47|           1|          40|
    |sub_ln42_12_fu_916_p2    |         -|   0|  0|   47|           1|          40|
    |sub_ln42_2_fu_860_p2     |         -|   0|  0|   47|           1|          40|
    |sub_ln42_4_fu_888_p2     |         -|   0|  0|   47|           1|          40|
    |sub_ln42_6_fu_956_p2     |         -|   0|  0|   47|           1|          40|
    |sub_ln42_8_fu_984_p2     |         -|   0|  0|   47|           1|          40|
    |sub_ln42_fu_846_p2       |         -|   0|  0|   47|           1|          40|
    |e_101_fu_1873_p3         |    select|   0|  0|   40|           1|          40|
    |e_104_fu_1897_p3         |    select|   0|  0|   40|           1|          40|
    |e_107_fu_1919_p3         |    select|   0|  0|   40|           1|          40|
    |e_110_fu_1943_p3         |    select|   0|  0|   40|           1|          40|
    |e_113_fu_1965_p3         |    select|   0|  0|   40|           1|          40|
    |e_116_fu_1989_p3         |    select|   0|  0|   40|           1|          40|
    |e_119_fu_2011_p3         |    select|   0|  0|   40|           1|          40|
    |e_11_fu_1183_p3          |    select|   0|  0|   40|           1|          40|
    |e_122_fu_2035_p3         |    select|   0|  0|   40|           1|          40|
    |e_125_fu_2057_p3         |    select|   0|  0|   40|           1|          40|
    |e_128_fu_2081_p3         |    select|   0|  0|   40|           1|          40|
    |e_131_fu_2103_p3         |    select|   0|  0|   40|           1|          40|
    |e_134_fu_2127_p3         |    select|   0|  0|   40|           1|          40|
    |e_137_fu_2149_p3         |    select|   0|  0|   40|           1|          40|
    |e_140_fu_2173_p3         |    select|   0|  0|   40|           1|          40|
    |e_143_fu_2195_p3         |    select|   0|  0|   40|           1|          40|
    |e_146_fu_2219_p3         |    select|   0|  0|   40|           1|          40|
    |e_149_fu_2241_p3         |    select|   0|  0|   40|           1|          40|
    |e_14_fu_1207_p3          |    select|   0|  0|   40|           1|          40|
    |e_152_fu_2265_p3         |    select|   0|  0|   40|           1|          40|
    |e_155_fu_2287_p3         |    select|   0|  0|   40|           1|          40|
    |e_158_fu_2311_p3         |    select|   0|  0|   40|           1|          40|
    |e_161_fu_2333_p3         |    select|   0|  0|   40|           1|          40|
    |e_164_fu_2357_p3         |    select|   0|  0|   40|           1|          40|
    |e_167_fu_2379_p3         |    select|   0|  0|   40|           1|          40|
    |e_170_fu_2403_p3         |    select|   0|  0|   40|           1|          40|
    |e_173_fu_2425_p3         |    select|   0|  0|   40|           1|          40|
    |e_176_fu_2449_p3         |    select|   0|  0|   40|           1|          40|
    |e_179_fu_2471_p3         |    select|   0|  0|   40|           1|          40|
    |e_17_fu_1229_p3          |    select|   0|  0|   40|           1|          40|
    |e_182_fu_2495_p3         |    select|   0|  0|   40|           1|          40|
    |e_185_fu_2517_p3         |    select|   0|  0|   40|           1|          40|
    |e_188_fu_2541_p3         |    select|   0|  0|   40|           1|          40|
    |e_191_fu_2563_p3         |    select|   0|  0|   40|           1|          40|
    |e_194_fu_2587_p3         |    select|   0|  0|   40|           1|          40|
    |e_197_fu_2609_p3         |    select|   0|  0|   40|           1|          40|
    |e_200_fu_2633_p3         |    select|   0|  0|   40|           1|          40|
    |e_203_fu_2655_p3         |    select|   0|  0|   40|           1|          40|
    |e_206_fu_2679_p3         |    select|   0|  0|   40|           1|          40|
    |e_209_fu_2701_p3         |    select|   0|  0|   40|           1|          40|
    |e_20_fu_1253_p3          |    select|   0|  0|   40|           1|          40|
    |e_212_fu_2725_p3         |    select|   0|  0|   40|           1|          40|
    |e_215_fu_2747_p3         |    select|   0|  0|   40|           1|          40|
    |e_218_fu_2771_p3         |    select|   0|  0|   40|           1|          40|
    |e_221_fu_2793_p3         |    select|   0|  0|   40|           1|          40|
    |e_224_fu_2817_p3         |    select|   0|  0|   40|           1|          40|
    |e_227_fu_2839_p3         |    select|   0|  0|   40|           1|          40|
    |e_230_fu_2863_p3         |    select|   0|  0|   40|           1|          40|
    |e_233_fu_2885_p3         |    select|   0|  0|   40|           1|          40|
    |e_23_fu_1275_p3          |    select|   0|  0|   40|           1|          40|
    |e_26_fu_1299_p3          |    select|   0|  0|   40|           1|          40|
    |e_29_fu_1321_p3          |    select|   0|  0|   40|           1|          40|
    |e_2_fu_1115_p3           |    select|   0|  0|   40|           1|          40|
    |e_32_fu_1345_p3          |    select|   0|  0|   40|           1|          40|
    |e_35_fu_1367_p3          |    select|   0|  0|   40|           1|          40|
    |e_38_fu_1391_p3          |    select|   0|  0|   40|           1|          40|
    |e_41_fu_1413_p3          |    select|   0|  0|   40|           1|          40|
    |e_44_fu_1437_p3          |    select|   0|  0|   40|           1|          40|
    |e_47_fu_1459_p3          |    select|   0|  0|   40|           1|          40|
    |e_50_fu_1483_p3          |    select|   0|  0|   40|           1|          40|
    |e_53_fu_1505_p3          |    select|   0|  0|   40|           1|          40|
    |e_56_fu_1529_p3          |    select|   0|  0|   40|           1|          40|
    |e_59_fu_1551_p3          |    select|   0|  0|   40|           1|          40|
    |e_5_fu_1137_p3           |    select|   0|  0|   40|           1|          40|
    |e_62_fu_1575_p3          |    select|   0|  0|   40|           1|          40|
    |e_65_fu_1597_p3          |    select|   0|  0|   40|           1|          40|
    |e_68_fu_1621_p3          |    select|   0|  0|   40|           1|          40|
    |e_71_fu_1643_p3          |    select|   0|  0|   40|           1|          40|
    |e_74_fu_1667_p3          |    select|   0|  0|   40|           1|          40|
    |e_77_fu_1689_p3          |    select|   0|  0|   40|           1|          40|
    |e_80_fu_1713_p3          |    select|   0|  0|   40|           1|          40|
    |e_83_fu_1735_p3          |    select|   0|  0|   40|           1|          40|
    |e_86_fu_1759_p3          |    select|   0|  0|   40|           1|          40|
    |e_89_fu_1781_p3          |    select|   0|  0|   40|           1|          40|
    |e_8_fu_1161_p3           |    select|   0|  0|   40|           1|          40|
    |e_92_fu_1805_p3          |    select|   0|  0|   40|           1|          40|
    |e_95_fu_1827_p3          |    select|   0|  0|   40|           1|          40|
    |e_98_fu_1851_p3          |    select|   0|  0|   40|           1|          40|
    |out_20_fu_852_p3         |    select|   0|  0|   40|           1|          40|
    |out_22_fu_948_p3         |    select|   0|  0|   40|           1|          40|
    |out_23_fu_866_p3         |    select|   0|  0|   40|           1|          40|
    |out_25_fu_880_p3         |    select|   0|  0|   40|           1|          40|
    |out_26_fu_894_p3         |    select|   0|  0|   40|           1|          40|
    |out_28_fu_908_p3         |    select|   0|  0|   40|           1|          40|
    |out_29_fu_962_p3         |    select|   0|  0|   40|           1|          40|
    |out_31_fu_976_p3         |    select|   0|  0|   40|           1|          40|
    |out_32_fu_990_p3         |    select|   0|  0|   40|           1|          40|
    |out_34_fu_1004_p3        |    select|   0|  0|   40|           1|          40|
    |out_35_fu_1018_p3        |    select|   0|  0|   40|           1|          40|
    |out_37_fu_1032_p3        |    select|   0|  0|   40|           1|          40|
    |out_38_fu_922_p3         |    select|   0|  0|   40|           1|          40|
    |xor_ln194_10_fu_1329_p2  |       xor|   0|  0|    2|           1|           1|
    |xor_ln194_11_fu_1353_p2  |       xor|   0|  0|    2|           1|           1|
    |xor_ln194_12_fu_1375_p2  |       xor|   0|  0|    2|           1|           1|
    |xor_ln194_13_fu_1399_p2  |       xor|   0|  0|    2|           1|           1|
    |xor_ln194_14_fu_1421_p2  |       xor|   0|  0|    2|           1|           1|
    |xor_ln194_15_fu_1445_p2  |       xor|   0|  0|    2|           1|           1|
    |xor_ln194_16_fu_1467_p2  |       xor|   0|  0|    2|           1|           1|
    |xor_ln194_17_fu_1491_p2  |       xor|   0|  0|    2|           1|           1|
    |xor_ln194_18_fu_1513_p2  |       xor|   0|  0|    2|           1|           1|
    |xor_ln194_19_fu_1537_p2  |       xor|   0|  0|    2|           1|           1|
    |xor_ln194_1_fu_1123_p2   |       xor|   0|  0|    2|           1|           1|
    |xor_ln194_20_fu_1559_p2  |       xor|   0|  0|    2|           1|           1|
    |xor_ln194_21_fu_1583_p2  |       xor|   0|  0|    2|           1|           1|
    |xor_ln194_22_fu_1605_p2  |       xor|   0|  0|    2|           1|           1|
    |xor_ln194_23_fu_1629_p2  |       xor|   0|  0|    2|           1|           1|
    |xor_ln194_24_fu_1651_p2  |       xor|   0|  0|    2|           1|           1|
    |xor_ln194_25_fu_1675_p2  |       xor|   0|  0|    2|           1|           1|
    |xor_ln194_26_fu_1697_p2  |       xor|   0|  0|    2|           1|           1|
    |xor_ln194_27_fu_1721_p2  |       xor|   0|  0|    2|           1|           1|
    |xor_ln194_28_fu_1743_p2  |       xor|   0|  0|    2|           1|           1|
    |xor_ln194_29_fu_1767_p2  |       xor|   0|  0|    2|           1|           1|
    |xor_ln194_2_fu_1145_p2   |       xor|   0|  0|    2|           1|           1|
    |xor_ln194_30_fu_1789_p2  |       xor|   0|  0|    2|           1|           1|
    |xor_ln194_31_fu_1813_p2  |       xor|   0|  0|    2|           1|           1|
    |xor_ln194_32_fu_1835_p2  |       xor|   0|  0|    2|           1|           1|
    |xor_ln194_33_fu_1859_p2  |       xor|   0|  0|    2|           1|           1|
    |xor_ln194_34_fu_1881_p2  |       xor|   0|  0|    2|           1|           1|
    |xor_ln194_35_fu_1905_p2  |       xor|   0|  0|    2|           1|           1|
    |xor_ln194_36_fu_1927_p2  |       xor|   0|  0|    2|           1|           1|
    |xor_ln194_37_fu_1951_p2  |       xor|   0|  0|    2|           1|           1|
    |xor_ln194_38_fu_1973_p2  |       xor|   0|  0|    2|           1|           1|
    |xor_ln194_39_fu_1997_p2  |       xor|   0|  0|    2|           1|           1|
    |xor_ln194_3_fu_1169_p2   |       xor|   0|  0|    2|           1|           1|
    |xor_ln194_40_fu_2019_p2  |       xor|   0|  0|    2|           1|           1|
    |xor_ln194_41_fu_2043_p2  |       xor|   0|  0|    2|           1|           1|
    |xor_ln194_42_fu_2065_p2  |       xor|   0|  0|    2|           1|           1|
    |xor_ln194_43_fu_2089_p2  |       xor|   0|  0|    2|           1|           1|
    |xor_ln194_44_fu_2111_p2  |       xor|   0|  0|    2|           1|           1|
    |xor_ln194_45_fu_2135_p2  |       xor|   0|  0|    2|           1|           1|
    |xor_ln194_46_fu_2157_p2  |       xor|   0|  0|    2|           1|           1|
    |xor_ln194_47_fu_2181_p2  |       xor|   0|  0|    2|           1|           1|
    |xor_ln194_48_fu_2203_p2  |       xor|   0|  0|    2|           1|           1|
    |xor_ln194_49_fu_2227_p2  |       xor|   0|  0|    2|           1|           1|
    |xor_ln194_4_fu_1191_p2   |       xor|   0|  0|    2|           1|           1|
    |xor_ln194_50_fu_2249_p2  |       xor|   0|  0|    2|           1|           1|
    |xor_ln194_51_fu_2273_p2  |       xor|   0|  0|    2|           1|           1|
    |xor_ln194_52_fu_2295_p2  |       xor|   0|  0|    2|           1|           1|
    |xor_ln194_53_fu_2319_p2  |       xor|   0|  0|    2|           1|           1|
    |xor_ln194_54_fu_2341_p2  |       xor|   0|  0|    2|           1|           1|
    |xor_ln194_55_fu_2365_p2  |       xor|   0|  0|    2|           1|           1|
    |xor_ln194_56_fu_2387_p2  |       xor|   0|  0|    2|           1|           1|
    |xor_ln194_57_fu_2411_p2  |       xor|   0|  0|    2|           1|           1|
    |xor_ln194_58_fu_2433_p2  |       xor|   0|  0|    2|           1|           1|
    |xor_ln194_59_fu_2457_p2  |       xor|   0|  0|    2|           1|           1|
    |xor_ln194_5_fu_1215_p2   |       xor|   0|  0|    2|           1|           1|
    |xor_ln194_60_fu_2479_p2  |       xor|   0|  0|    2|           1|           1|
    |xor_ln194_61_fu_2503_p2  |       xor|   0|  0|    2|           1|           1|
    |xor_ln194_62_fu_2525_p2  |       xor|   0|  0|    2|           1|           1|
    |xor_ln194_63_fu_2549_p2  |       xor|   0|  0|    2|           1|           1|
    |xor_ln194_64_fu_2571_p2  |       xor|   0|  0|    2|           1|           1|
    |xor_ln194_65_fu_2595_p2  |       xor|   0|  0|    2|           1|           1|
    |xor_ln194_66_fu_2617_p2  |       xor|   0|  0|    2|           1|           1|
    |xor_ln194_67_fu_2641_p2  |       xor|   0|  0|    2|           1|           1|
    |xor_ln194_68_fu_2663_p2  |       xor|   0|  0|    2|           1|           1|
    |xor_ln194_69_fu_2687_p2  |       xor|   0|  0|    2|           1|           1|
    |xor_ln194_6_fu_1237_p2   |       xor|   0|  0|    2|           1|           1|
    |xor_ln194_70_fu_2709_p2  |       xor|   0|  0|    2|           1|           1|
    |xor_ln194_71_fu_2733_p2  |       xor|   0|  0|    2|           1|           1|
    |xor_ln194_72_fu_2755_p2  |       xor|   0|  0|    2|           1|           1|
    |xor_ln194_73_fu_2779_p2  |       xor|   0|  0|    2|           1|           1|
    |xor_ln194_74_fu_2801_p2  |       xor|   0|  0|    2|           1|           1|
    |xor_ln194_75_fu_2825_p2  |       xor|   0|  0|    2|           1|           1|
    |xor_ln194_76_fu_2847_p2  |       xor|   0|  0|    2|           1|           1|
    |xor_ln194_77_fu_2871_p2  |       xor|   0|  0|    2|           1|           1|
    |xor_ln194_7_fu_1261_p2   |       xor|   0|  0|    2|           1|           1|
    |xor_ln194_8_fu_1283_p2   |       xor|   0|  0|    2|           1|           1|
    |xor_ln194_9_fu_1307_p2   |       xor|   0|  0|    2|           1|           1|
    |xor_ln194_fu_1093_p2     |       xor|   0|  0|    2|           1|           1|
    +-------------------------+----------+----+---+-----+------------+------------+
    |Total                    |          |   0|  0|12313|        6943|       11038|
    +-------------------------+----------+----+---+-----+------------+------------+

    * Multiplexer: 
    +-----------+-----+-----------+-----+-----------+
    |    Name   | LUT | Input Size| Bits| Total Bits|
    +-----------+-----+-----------+-----+-----------+
    |ap_NS_fsm  |  189|         43|    1|         43|
    |ap_return  |    9|          2|   40|         80|
    +-----------+-----+-----------+-----+-----------+
    |Total      |  198|         45|   41|        123|
    +-----------+-----+-----------+-----+-----------+

    * Register: 
    +-----------------------+----+----+-----+-----------+
    |          Name         | FF | LUT| Bits| Const Bits|
    +-----------------------+----+----+-----+-----------+
    |add_ln183_10_reg_3137  |  40|   0|   40|          0|
    |add_ln183_1_reg_3127   |  40|   0|   40|          0|
    |add_ln183_3_reg_3132   |  40|   0|   40|          0|
    |add_ln183_5_reg_3005   |  40|   0|   40|          0|
    |add_ln183_8_reg_3010   |  40|   0|   40|          0|
    |ap_CS_fsm              |  42|   0|   42|          0|
    |ap_return_preg         |  40|   0|   40|          0|
    |e_104_reg_3244         |  40|   0|   40|          0|
    |e_110_reg_3250         |  40|   0|   40|          0|
    |e_116_reg_3256         |  40|   0|   40|          0|
    |e_122_reg_3262         |  40|   0|   40|          0|
    |e_128_reg_3268         |  40|   0|   40|          0|
    |e_134_reg_3274         |  40|   0|   40|          0|
    |e_140_reg_3280         |  40|   0|   40|          0|
    |e_146_reg_3286         |  40|   0|   40|          0|
    |e_14_reg_3154          |  40|   0|   40|          0|
    |e_152_reg_3292         |  40|   0|   40|          0|
    |e_158_reg_3298         |  40|   0|   40|          0|
    |e_164_reg_3304         |  40|   0|   40|          0|
    |e_170_reg_3310         |  40|   0|   40|          0|
    |e_176_reg_3316         |  40|   0|   40|          0|
    |e_182_reg_3322         |  40|   0|   40|          0|
    |e_188_reg_3328         |  40|   0|   40|          0|
    |e_194_reg_3334         |  40|   0|   40|          0|
    |e_200_reg_3340         |  40|   0|   40|          0|
    |e_206_reg_3346         |  40|   0|   40|          0|
    |e_20_reg_3160          |  40|   0|   40|          0|
    |e_212_reg_3352         |  40|   0|   40|          0|
    |e_218_reg_3358         |  40|   0|   40|          0|
    |e_224_reg_3364         |  40|   0|   40|          0|
    |e_230_reg_3370         |  40|   0|   40|          0|
    |e_26_reg_3166          |  40|   0|   40|          0|
    |e_2_reg_3142           |  40|   0|   40|          0|
    |e_32_reg_3172          |  40|   0|   40|          0|
    |e_38_reg_3178          |  40|   0|   40|          0|
    |e_44_reg_3184          |  40|   0|   40|          0|
    |e_50_reg_3190          |  40|   0|   40|          0|
    |e_56_reg_3196          |  40|   0|   40|          0|
    |e_62_reg_3202          |  40|   0|   40|          0|
    |e_68_reg_3208          |  40|   0|   40|          0|
    |e_74_reg_3214          |  40|   0|   40|          0|
    |e_80_reg_3220          |  40|   0|   40|          0|
    |e_86_reg_3226          |  40|   0|   40|          0|
    |e_8_reg_3148           |  40|   0|   40|          0|
    |e_92_reg_3232          |  40|   0|   40|          0|
    |e_98_reg_3238          |  40|   0|   40|          0|
    |out_25_reg_2995        |  40|   0|   40|          0|
    |out_28_reg_3000        |  40|   0|   40|          0|
    +-----------------------+----+----+-----+-----------+
    |Total                  |1922|   0| 1922|          0|
    +-----------------------+----+----+-----+-----------+



================================================================
== Interface
================================================================
* Summary: 
+-------------+-----+-----+------------+----------------------+--------------+
|  RTL Ports  | Dir | Bits|  Protocol  |     Source Object    |    C Type    |
+-------------+-----+-----+------------+----------------------+--------------+
|ap_clk       |   in|    1|  ap_ctrl_hs|  uniform_delta_energy|  return value|
|ap_rst       |   in|    1|  ap_ctrl_hs|  uniform_delta_energy|  return value|
|ap_start     |   in|    1|  ap_ctrl_hs|  uniform_delta_energy|  return value|
|ap_done      |  out|    1|  ap_ctrl_hs|  uniform_delta_energy|  return value|
|ap_idle      |  out|    1|  ap_ctrl_hs|  uniform_delta_energy|  return value|
|ap_ready     |  out|    1|  ap_ctrl_hs|  uniform_delta_energy|  return value|
|ap_return    |  out|   40|  ap_ctrl_hs|  uniform_delta_energy|  return value|
|J_0_1_val    |   in|   40|     ap_none|             J_0_1_val|        scalar|
|J_0_2_val    |   in|   40|     ap_none|             J_0_2_val|        scalar|
|J_0_3_val    |   in|   40|     ap_none|             J_0_3_val|        scalar|
|J_0_4_val    |   in|   40|     ap_none|             J_0_4_val|        scalar|
|J_0_5_val    |   in|   40|     ap_none|             J_0_5_val|        scalar|
|J_0_6_val    |   in|   40|     ap_none|             J_0_6_val|        scalar|
|J_0_7_val    |   in|   40|     ap_none|             J_0_7_val|        scalar|
|J_0_8_val    |   in|   40|     ap_none|             J_0_8_val|        scalar|
|J_0_9_val    |   in|   40|     ap_none|             J_0_9_val|        scalar|
|J_0_10_val   |   in|   40|     ap_none|            J_0_10_val|        scalar|
|J_0_11_val   |   in|   40|     ap_none|            J_0_11_val|        scalar|
|J_0_12_val   |   in|   40|     ap_none|            J_0_12_val|        scalar|
|J_1_2_val    |   in|   40|     ap_none|             J_1_2_val|        scalar|
|J_1_3_val    |   in|   40|     ap_none|             J_1_3_val|        scalar|
|J_1_4_val    |   in|   40|     ap_none|             J_1_4_val|        scalar|
|J_1_5_val    |   in|   40|     ap_none|             J_1_5_val|        scalar|
|J_1_6_val    |   in|   40|     ap_none|             J_1_6_val|        scalar|
|J_1_7_val    |   in|   40|     ap_none|             J_1_7_val|        scalar|
|J_1_8_val    |   in|   40|     ap_none|             J_1_8_val|        scalar|
|J_1_9_val    |   in|   40|     ap_none|             J_1_9_val|        scalar|
|J_1_10_val   |   in|   40|     ap_none|            J_1_10_val|        scalar|
|J_1_11_val   |   in|   40|     ap_none|            J_1_11_val|        scalar|
|J_1_12_val   |   in|   40|     ap_none|            J_1_12_val|        scalar|
|J_2_3_val    |   in|   40|     ap_none|             J_2_3_val|        scalar|
|J_2_4_val    |   in|   40|     ap_none|             J_2_4_val|        scalar|
|J_2_5_val    |   in|   40|     ap_none|             J_2_5_val|        scalar|
|J_2_6_val    |   in|   40|     ap_none|             J_2_6_val|        scalar|
|J_2_7_val    |   in|   40|     ap_none|             J_2_7_val|        scalar|
|J_2_8_val    |   in|   40|     ap_none|             J_2_8_val|        scalar|
|J_2_9_val    |   in|   40|     ap_none|             J_2_9_val|        scalar|
|J_2_10_val   |   in|   40|     ap_none|            J_2_10_val|        scalar|
|J_2_11_val   |   in|   40|     ap_none|            J_2_11_val|        scalar|
|J_2_12_val   |   in|   40|     ap_none|            J_2_12_val|        scalar|
|J_3_4_val    |   in|   40|     ap_none|             J_3_4_val|        scalar|
|J_3_5_val    |   in|   40|     ap_none|             J_3_5_val|        scalar|
|J_3_6_val    |   in|   40|     ap_none|             J_3_6_val|        scalar|
|J_3_7_val    |   in|   40|     ap_none|             J_3_7_val|        scalar|
|J_3_8_val    |   in|   40|     ap_none|             J_3_8_val|        scalar|
|J_3_9_val    |   in|   40|     ap_none|             J_3_9_val|        scalar|
|J_3_10_val   |   in|   40|     ap_none|            J_3_10_val|        scalar|
|J_3_11_val   |   in|   40|     ap_none|            J_3_11_val|        scalar|
|J_3_12_val   |   in|   40|     ap_none|            J_3_12_val|        scalar|
|J_4_5_val    |   in|   40|     ap_none|             J_4_5_val|        scalar|
|J_4_6_val    |   in|   40|     ap_none|             J_4_6_val|        scalar|
|J_4_7_val    |   in|   40|     ap_none|             J_4_7_val|        scalar|
|J_4_8_val    |   in|   40|     ap_none|             J_4_8_val|        scalar|
|J_4_9_val    |   in|   40|     ap_none|             J_4_9_val|        scalar|
|J_4_10_val   |   in|   40|     ap_none|            J_4_10_val|        scalar|
|J_4_11_val   |   in|   40|     ap_none|            J_4_11_val|        scalar|
|J_4_12_val   |   in|   40|     ap_none|            J_4_12_val|        scalar|
|J_5_6_val    |   in|   40|     ap_none|             J_5_6_val|        scalar|
|J_5_7_val    |   in|   40|     ap_none|             J_5_7_val|        scalar|
|J_5_8_val    |   in|   40|     ap_none|             J_5_8_val|        scalar|
|J_5_9_val    |   in|   40|     ap_none|             J_5_9_val|        scalar|
|J_5_10_val   |   in|   40|     ap_none|            J_5_10_val|        scalar|
|J_5_11_val   |   in|   40|     ap_none|            J_5_11_val|        scalar|
|J_5_12_val   |   in|   40|     ap_none|            J_5_12_val|        scalar|
|J_6_7_val    |   in|   40|     ap_none|             J_6_7_val|        scalar|
|J_6_8_val    |   in|   40|     ap_none|             J_6_8_val|        scalar|
|J_6_9_val    |   in|   40|     ap_none|             J_6_9_val|        scalar|
|J_6_10_val   |   in|   40|     ap_none|            J_6_10_val|        scalar|
|J_6_11_val   |   in|   40|     ap_none|            J_6_11_val|        scalar|
|J_6_12_val   |   in|   40|     ap_none|            J_6_12_val|        scalar|
|J_7_8_val    |   in|   40|     ap_none|             J_7_8_val|        scalar|
|J_7_9_val    |   in|   40|     ap_none|             J_7_9_val|        scalar|
|J_7_10_val   |   in|   40|     ap_none|            J_7_10_val|        scalar|
|J_7_11_val   |   in|   40|     ap_none|            J_7_11_val|        scalar|
|J_7_12_val   |   in|   40|     ap_none|            J_7_12_val|        scalar|
|J_8_9_val    |   in|   40|     ap_none|             J_8_9_val|        scalar|
|J_8_10_val   |   in|   40|     ap_none|            J_8_10_val|        scalar|
|J_8_11_val   |   in|   40|     ap_none|            J_8_11_val|        scalar|
|J_8_12_val   |   in|   40|     ap_none|            J_8_12_val|        scalar|
|J_9_10_val   |   in|   40|     ap_none|            J_9_10_val|        scalar|
|J_9_11_val   |   in|   40|     ap_none|            J_9_11_val|        scalar|
|J_9_12_val   |   in|   40|     ap_none|            J_9_12_val|        scalar|
|J_10_11_val  |   in|   40|     ap_none|           J_10_11_val|        scalar|
|J_10_12_val  |   in|   40|     ap_none|           J_10_12_val|        scalar|
|J_11_12_val  |   in|   40|     ap_none|           J_11_12_val|        scalar|
|h_0_val      |   in|   40|     ap_none|               h_0_val|        scalar|
|h_1_val      |   in|   40|     ap_none|               h_1_val|        scalar|
|h_2_val      |   in|   40|     ap_none|               h_2_val|        scalar|
|h_3_val      |   in|   40|     ap_none|               h_3_val|        scalar|
|h_4_val      |   in|   40|     ap_none|               h_4_val|        scalar|
|h_5_val      |   in|   40|     ap_none|               h_5_val|        scalar|
|h_6_val      |   in|   40|     ap_none|               h_6_val|        scalar|
|h_7_val      |   in|   40|     ap_none|               h_7_val|        scalar|
|h_8_val      |   in|   40|     ap_none|               h_8_val|        scalar|
|h_9_val      |   in|   40|     ap_none|               h_9_val|        scalar|
|h_10_val     |   in|   40|     ap_none|              h_10_val|        scalar|
|h_11_val     |   in|   40|     ap_none|              h_11_val|        scalar|
|h_12_val     |   in|   40|     ap_none|              h_12_val|        scalar|
|y_0_val      |   in|    1|     ap_none|               y_0_val|        scalar|
|y_1_val      |   in|    1|     ap_none|               y_1_val|        scalar|
|y_2_val      |   in|    1|     ap_none|               y_2_val|        scalar|
|y_3_val      |   in|    1|     ap_none|               y_3_val|        scalar|
|y_4_val      |   in|    1|     ap_none|               y_4_val|        scalar|
|y_5_val      |   in|    1|     ap_none|               y_5_val|        scalar|
|y_6_val      |   in|    1|     ap_none|               y_6_val|        scalar|
|y_7_val      |   in|    1|     ap_none|               y_7_val|        scalar|
|y_8_val      |   in|    1|     ap_none|               y_8_val|        scalar|
|y_9_val      |   in|    1|     ap_none|               y_9_val|        scalar|
|y_10_val     |   in|    1|     ap_none|              y_10_val|        scalar|
|y_11_val     |   in|    1|     ap_none|              y_11_val|        scalar|
|y_12_val     |   in|    1|     ap_none|              y_12_val|        scalar|
|old_energy   |   in|   40|     ap_none|            old_energy|        scalar|
+-------------+-----+-----+------------+----------------------+--------------+

