

================================================================
== Vitis HLS Report for 'local_delta_energy'
================================================================
* Date:           Tue May 19 20:43:48 2026

* Version:        2025.2 (Build 6295257 on Nov 14 2025)
* Project:        hls_local_metropolis_step_N25
* Solution:       hls (Vivado IP Flow Target)
* Product family: virtexuplus
* Target device:  xcvu19p-fsva3824-2-e


================================================================
== Performance Estimates
================================================================
+ Timing: 
    * Summary: 
    +--------+---------+----------+------------+
    |  Clock |  Target | Estimated| Uncertainty|
    +--------+---------+----------+------------+
    |ap_clk  |  3.33 ns|  2.388 ns|     0.90 ns|
    +--------+---------+----------+------------+

+ Latency: 
    * Summary: 
    +---------+---------+-----------+-----------+-----+-----+---------+
    |  Latency (cycles) |   Latency (absolute)  |  Interval | Pipeline|
    |   min   |   max   |    min    |    max    | min | max |   Type  |
    +---------+---------+-----------+-----------+-----+-----+---------+
    |       18|       18|  59.994 ns|  59.994 ns|   18|   18|       no|
    +---------+---------+-----------+-----------+-----+-----+---------+

    + Detail: 
        * Instance: 
        N/A

        * Loop: 
        N/A



================================================================
== Utilization Estimates
================================================================
* Summary: 
+---------------------+---------+------+---------+---------+-----+
|         Name        | BRAM_18K|  DSP |    FF   |   LUT   | URAM|
+---------------------+---------+------+---------+---------+-----+
|DSP                  |        -|     -|        -|        -|    -|
|Expression           |        -|     -|        0|     5365|    -|
|FIFO                 |        -|     -|        -|        -|    -|
|Instance             |        -|     6|      340|     3282|    -|
|Memory               |        -|     -|        -|        -|    -|
|Multiplexer          |        -|     -|        0|      106|    -|
|Register             |        -|     -|     2090|        -|    -|
+---------------------+---------+------+---------+---------+-----+
|Total                |        0|     6|     2430|     8753|    0|
+---------------------+---------+------+---------+---------+-----+
|Available SLR        |     1080|   960|  2042880|  1021440|   80|
+---------------------+---------+------+---------+---------+-----+
|Utilization SLR (%)  |        0|    ~0|       ~0|       ~0|    0|
+---------------------+---------+------+---------+---------+-----+
|Available            |     4320|  3840|  8171520|  4085760|  320|
+---------------------+---------+------+---------+---------+-----+
|Utilization (%)      |        0|    ~0|       ~0|       ~0|    0|
+---------------------+---------+------+---------+---------+-----+

+ Detail: 
    * Instance: 
    +---------------------------+-----------------------+---------+----+-----+-----+-----+
    |          Instance         |         Module        | BRAM_18K| DSP|  FF | LUT | URAM|
    +---------------------------+-----------------------+---------+----+-----+-----+-----+
    |mul_40s_50s_88_5_1_U1      |mul_40s_50s_88_5_1     |        0|   6|  340|   86|    0|
    |sparsemux_49_5_40_1_1_U2   |sparsemux_49_5_40_1_1  |        0|   0|    0|  118|    0|
    |sparsemux_49_5_40_1_1_U4   |sparsemux_49_5_40_1_1  |        0|   0|    0|  118|    0|
    |sparsemux_49_5_40_1_1_U5   |sparsemux_49_5_40_1_1  |        0|   0|    0|  118|    0|
    |sparsemux_49_5_40_1_1_U6   |sparsemux_49_5_40_1_1  |        0|   0|    0|  118|    0|
    |sparsemux_49_5_40_1_1_U7   |sparsemux_49_5_40_1_1  |        0|   0|    0|  118|    0|
    |sparsemux_49_5_40_1_1_U8   |sparsemux_49_5_40_1_1  |        0|   0|    0|  118|    0|
    |sparsemux_49_5_40_1_1_U9   |sparsemux_49_5_40_1_1  |        0|   0|    0|  118|    0|
    |sparsemux_49_5_40_1_1_U10  |sparsemux_49_5_40_1_1  |        0|   0|    0|  118|    0|
    |sparsemux_49_5_40_1_1_U11  |sparsemux_49_5_40_1_1  |        0|   0|    0|  118|    0|
    |sparsemux_49_5_40_1_1_U12  |sparsemux_49_5_40_1_1  |        0|   0|    0|  118|    0|
    |sparsemux_49_5_40_1_1_U13  |sparsemux_49_5_40_1_1  |        0|   0|    0|  118|    0|
    |sparsemux_49_5_40_1_1_U14  |sparsemux_49_5_40_1_1  |        0|   0|    0|  118|    0|
    |sparsemux_49_5_40_1_1_U15  |sparsemux_49_5_40_1_1  |        0|   0|    0|  118|    0|
    |sparsemux_49_5_40_1_1_U16  |sparsemux_49_5_40_1_1  |        0|   0|    0|  118|    0|
    |sparsemux_49_5_40_1_1_U17  |sparsemux_49_5_40_1_1  |        0|   0|    0|  118|    0|
    |sparsemux_49_5_40_1_1_U19  |sparsemux_49_5_40_1_1  |        0|   0|    0|  118|    0|
    |sparsemux_49_5_40_1_1_U20  |sparsemux_49_5_40_1_1  |        0|   0|    0|  118|    0|
    |sparsemux_49_5_40_1_1_U21  |sparsemux_49_5_40_1_1  |        0|   0|    0|  118|    0|
    |sparsemux_49_5_40_1_1_U22  |sparsemux_49_5_40_1_1  |        0|   0|    0|  118|    0|
    |sparsemux_49_5_40_1_1_U23  |sparsemux_49_5_40_1_1  |        0|   0|    0|  118|    0|
    |sparsemux_49_5_40_1_1_U24  |sparsemux_49_5_40_1_1  |        0|   0|    0|  118|    0|
    |sparsemux_49_5_40_1_1_U25  |sparsemux_49_5_40_1_1  |        0|   0|    0|  118|    0|
    |sparsemux_49_5_40_1_1_U26  |sparsemux_49_5_40_1_1  |        0|   0|    0|  118|    0|
    |sparsemux_49_5_40_1_1_U27  |sparsemux_49_5_40_1_1  |        0|   0|    0|  118|    0|
    |sparsemux_49_5_40_1_1_U28  |sparsemux_49_5_40_1_1  |        0|   0|    0|  118|    0|
    |sparsemux_51_5_1_1_1_U18   |sparsemux_51_5_1_1_1   |        0|   0|    0|  123|    0|
    |sparsemux_51_5_40_1_1_U3   |sparsemux_51_5_40_1_1  |        0|   0|    0|  123|    0|
    +---------------------------+-----------------------+---------+----+-----+-----+-----+
    |Total                      |                       |        0|   6|  340| 3282|    0|
    +---------------------------+-----------------------+---------+----+-----+-----+-----+

    * DSP: 
    N/A

    * Memory: 
    N/A

    * FIFO: 
    N/A

    * Expression: 
    +--------------------------+----------+----+---+----+------------+------------+
    |       Variable Name      | Operation| DSP| FF| LUT| Bitwidth P0| Bitwidth P1|
    +--------------------------+----------+----+---+----+------------+------------+
    |field_11_fu_6457_p2       |         +|   0|  0|  47|          40|          40|
    |field_13_fu_6480_p2       |         +|   0|  0|  47|          40|          40|
    |field_15_fu_6711_p2       |         +|   0|  0|  47|          40|          40|
    |field_17_fu_6734_p2       |         +|   0|  0|  47|          40|          40|
    |field_19_fu_6965_p2       |         +|   0|  0|  47|          40|          40|
    |field_21_fu_6988_p2       |         +|   0|  0|  47|          40|          40|
    |field_23_fu_7219_p2       |         +|   0|  0|  47|          40|          40|
    |field_25_fu_7242_p2       |         +|   0|  0|  47|          40|          40|
    |field_27_fu_7568_p2       |         +|   0|  0|  47|          40|          40|
    |field_29_fu_7590_p2       |         +|   0|  0|  47|          40|          40|
    |field_2_fu_5718_p2        |         +|   0|  0|  47|          40|          40|
    |field_31_fu_7820_p2       |         +|   0|  0|  47|          40|          40|
    |field_33_fu_7842_p2       |         +|   0|  0|  47|          40|          40|
    |field_35_fu_8072_p2       |         +|   0|  0|  47|          40|          40|
    |field_37_fu_8094_p2       |         +|   0|  0|  47|          40|          40|
    |field_39_fu_8324_p2       |         +|   0|  0|  47|          40|          40|
    |field_3_fu_5949_p2        |         +|   0|  0|  47|          40|          40|
    |field_41_fu_8346_p2       |         +|   0|  0|  47|          40|          40|
    |field_43_fu_8576_p2       |         +|   0|  0|  47|          40|          40|
    |field_45_fu_8598_p2       |         +|   0|  0|  47|          40|          40|
    |field_47_fu_8828_p2       |         +|   0|  0|  47|          40|          40|
    |field_49_fu_8850_p2       |         +|   0|  0|  47|          40|          40|
    |field_5_fu_5972_p2        |         +|   0|  0|  47|          40|          40|
    |field_7_fu_6203_p2        |         +|   0|  0|  47|          40|          40|
    |field_9_fu_6226_p2        |         +|   0|  0|  47|          40|          40|
    |sub_ln42_10_fu_6976_p2    |         -|   0|  0|  47|           1|          40|
    |sub_ln42_11_fu_7104_p2    |         -|   0|  0|  47|           1|          40|
    |sub_ln42_12_fu_7230_p2    |         -|   0|  0|  47|           1|          40|
    |sub_ln42_13_fu_7358_p2    |         -|   0|  0|  47|           1|          40|
    |sub_ln42_14_fu_7579_p2    |         -|   0|  0|  47|           1|          40|
    |sub_ln42_15_fu_7706_p2    |         -|   0|  0|  47|           1|          40|
    |sub_ln42_16_fu_7831_p2    |         -|   0|  0|  47|           1|          40|
    |sub_ln42_17_fu_7958_p2    |         -|   0|  0|  47|           1|          40|
    |sub_ln42_18_fu_8083_p2    |         -|   0|  0|  47|           1|          40|
    |sub_ln42_19_fu_8210_p2    |         -|   0|  0|  47|           1|          40|
    |sub_ln42_1_fu_5834_p2     |         -|   0|  0|  47|           1|          40|
    |sub_ln42_20_fu_8335_p2    |         -|   0|  0|  47|           1|          40|
    |sub_ln42_21_fu_8462_p2    |         -|   0|  0|  47|           1|          40|
    |sub_ln42_22_fu_8587_p2    |         -|   0|  0|  47|           1|          40|
    |sub_ln42_23_fu_8714_p2    |         -|   0|  0|  47|           1|          40|
    |sub_ln42_24_fu_8839_p2    |         -|   0|  0|  47|           1|          40|
    |sub_ln42_2_fu_5960_p2     |         -|   0|  0|  47|           1|          40|
    |sub_ln42_3_fu_6088_p2     |         -|   0|  0|  47|           1|          40|
    |sub_ln42_4_fu_6214_p2     |         -|   0|  0|  47|           1|          40|
    |sub_ln42_5_fu_6342_p2     |         -|   0|  0|  47|           1|          40|
    |sub_ln42_6_fu_6468_p2     |         -|   0|  0|  47|           1|          40|
    |sub_ln42_7_fu_6596_p2     |         -|   0|  0|  47|           1|          40|
    |sub_ln42_8_fu_6722_p2     |         -|   0|  0|  47|           1|          40|
    |sub_ln42_9_fu_6850_p2     |         -|   0|  0|  47|           1|          40|
    |sub_ln42_fu_5706_p2       |         -|   0|  0|  47|           1|          40|
    |icmp_ln147_10_fu_5509_p2  |      icmp|   0|  0|  39|          32|           4|
    |icmp_ln147_11_fu_5515_p2  |      icmp|   0|  0|  39|          32|           4|
    |icmp_ln147_12_fu_5521_p2  |      icmp|   0|  0|  39|          32|           4|
    |icmp_ln147_13_fu_5527_p2  |      icmp|   0|  0|  39|          32|           4|
    |icmp_ln147_14_fu_5533_p2  |      icmp|   0|  0|  39|          32|           4|
    |icmp_ln147_15_fu_5539_p2  |      icmp|   0|  0|  39|          32|           4|
    |icmp_ln147_16_fu_5545_p2  |      icmp|   0|  0|  39|          32|           5|
    |icmp_ln147_17_fu_5551_p2  |      icmp|   0|  0|  39|          32|           5|
    |icmp_ln147_18_fu_5557_p2  |      icmp|   0|  0|  39|          32|           5|
    |icmp_ln147_19_fu_5563_p2  |      icmp|   0|  0|  39|          32|           5|
    |icmp_ln147_1_fu_5455_p2   |      icmp|   0|  0|  39|          32|           1|
    |icmp_ln147_20_fu_5569_p2  |      icmp|   0|  0|  39|          32|           5|
    |icmp_ln147_21_fu_5575_p2  |      icmp|   0|  0|  39|          32|           5|
    |icmp_ln147_22_fu_5581_p2  |      icmp|   0|  0|  39|          32|           5|
    |icmp_ln147_23_fu_5587_p2  |      icmp|   0|  0|  39|          32|           5|
    |icmp_ln147_24_fu_5593_p2  |      icmp|   0|  0|  39|          32|           5|
    |icmp_ln147_2_fu_5461_p2   |      icmp|   0|  0|  39|          32|           2|
    |icmp_ln147_3_fu_5467_p2   |      icmp|   0|  0|  39|          32|           2|
    |icmp_ln147_4_fu_5473_p2   |      icmp|   0|  0|  39|          32|           3|
    |icmp_ln147_5_fu_5479_p2   |      icmp|   0|  0|  39|          32|           3|
    |icmp_ln147_6_fu_5485_p2   |      icmp|   0|  0|  39|          32|           3|
    |icmp_ln147_7_fu_5491_p2   |      icmp|   0|  0|  39|          32|           3|
    |icmp_ln147_8_fu_5497_p2   |      icmp|   0|  0|  39|          32|           4|
    |icmp_ln147_9_fu_5503_p2   |      icmp|   0|  0|  39|          32|           4|
    |icmp_ln147_fu_5345_p2     |      icmp|   0|  0|  39|          32|           1|
    |field_10_fu_6232_p3       |    select|   0|  0|  40|           1|          40|
    |field_12_fu_6462_p3       |    select|   0|  0|  40|           1|          40|
    |field_14_fu_6486_p3       |    select|   0|  0|  40|           1|          40|
    |field_16_fu_6716_p3       |    select|   0|  0|  40|           1|          40|
    |field_18_fu_6740_p3       |    select|   0|  0|  40|           1|          40|
    |field_1_fu_5724_p3        |    select|   0|  0|  40|           1|          40|
    |field_20_fu_6970_p3       |    select|   0|  0|  40|           1|          40|
    |field_22_fu_6994_p3       |    select|   0|  0|  40|           1|          40|
    |field_24_fu_7224_p3       |    select|   0|  0|  40|           1|          40|
    |field_26_fu_7248_p3       |    select|   0|  0|  40|           1|          40|
    |field_28_fu_7573_p3       |    select|   0|  0|  40|           1|          40|
    |field_30_fu_7596_p3       |    select|   0|  0|  40|           1|          40|
    |field_32_fu_7825_p3       |    select|   0|  0|  40|           1|          40|
    |field_34_fu_7848_p3       |    select|   0|  0|  40|           1|          40|
    |field_36_fu_8077_p3       |    select|   0|  0|  40|           1|          40|
    |field_38_fu_8100_p3       |    select|   0|  0|  40|           1|          40|
    |field_40_fu_8329_p3       |    select|   0|  0|  40|           1|          40|
    |field_42_fu_8352_p3       |    select|   0|  0|  40|           1|          40|
    |field_44_fu_8581_p3       |    select|   0|  0|  40|           1|          40|
    |field_46_fu_8604_p3       |    select|   0|  0|  40|           1|          40|
    |field_48_fu_8833_p3       |    select|   0|  0|  40|           1|          40|
    |field_4_fu_5954_p3        |    select|   0|  0|  40|           1|          40|
    |field_50_fu_8856_p3       |    select|   0|  0|  40|           1|          40|
    |field_6_fu_5978_p3        |    select|   0|  0|  40|           1|          40|
    |field_8_fu_6208_p3        |    select|   0|  0|  40|           1|          40|
    |out_fu_8882_p3            |    select|   0|  0|  40|           1|          40|
    |term_10_fu_6981_p3        |    select|   0|  0|  40|           1|          40|
    |term_11_fu_7213_p3        |    select|   0|  0|  40|           1|          40|
    |term_12_fu_7235_p3        |    select|   0|  0|  40|           1|          40|
    |term_13_fu_7563_p3        |    select|   0|  0|  40|           1|          40|
    |term_14_fu_7584_p3        |    select|   0|  0|  40|           1|          40|
    |term_15_fu_7815_p3        |    select|   0|  0|  40|           1|          40|
    |term_16_fu_7836_p3        |    select|   0|  0|  40|           1|          40|
    |term_17_fu_8067_p3        |    select|   0|  0|  40|           1|          40|
    |term_18_fu_8088_p3        |    select|   0|  0|  40|           1|          40|
    |term_19_fu_8319_p3        |    select|   0|  0|  40|           1|          40|
    |term_1_fu_5943_p3         |    select|   0|  0|  40|           1|          40|
    |term_20_fu_8340_p3        |    select|   0|  0|  40|           1|          40|
    |term_21_fu_8571_p3        |    select|   0|  0|  40|           1|          40|
    |term_22_fu_8592_p3        |    select|   0|  0|  40|           1|          40|
    |term_23_fu_8823_p3        |    select|   0|  0|  40|           1|          40|
    |term_24_fu_8844_p3        |    select|   0|  0|  40|           1|          40|
    |term_2_fu_5965_p3         |    select|   0|  0|  40|           1|          40|
    |term_3_fu_6197_p3         |    select|   0|  0|  40|           1|          40|
    |term_4_fu_6219_p3         |    select|   0|  0|  40|           1|          40|
    |term_5_fu_6451_p3         |    select|   0|  0|  40|           1|          40|
    |term_6_fu_6473_p3         |    select|   0|  0|  40|           1|          40|
    |term_7_fu_6705_p3         |    select|   0|  0|  40|           1|          40|
    |term_8_fu_6727_p3         |    select|   0|  0|  40|           1|          40|
    |term_9_fu_6959_p3         |    select|   0|  0|  40|           1|          40|
    |term_fu_5711_p3           |    select|   0|  0|  40|           1|          40|
    +--------------------------+----------+----+---+----+------------+------------+
    |Total                     |          |   0|  0|5365|        1876|        4135|
    +--------------------------+----------+----+---+----+------------+------------+

    * Multiplexer: 
    +-----------+----+-----------+-----+-----------+
    |    Name   | LUT| Input Size| Bits| Total Bits|
    +-----------+----+-----------+-----+-----------+
    |ap_NS_fsm  |  97|         20|    1|         20|
    |ap_return  |   9|          2|   40|         80|
    +-----------+----+-----------+-----+-----------+
    |Total      | 106|         22|   41|        100|
    +-----------+----+-----------+-----+-----------+

    * Register: 
    +------------------------+----+----+-----+-----------+
    |          Name          | FF | LUT| Bits| Const Bits|
    +------------------------+----+----+-----+-----------+
    |a_10_reg_9199           |  40|   0|   40|          0|
    |a_11_reg_9221           |  40|   0|   40|          0|
    |a_12_reg_9231           |  40|   0|   40|          0|
    |a_13_reg_9303           |  40|   0|   40|          0|
    |a_14_reg_9313           |  40|   0|   40|          0|
    |a_15_reg_9330           |  40|   0|   40|          0|
    |a_16_reg_9340           |  40|   0|   40|          0|
    |a_17_reg_9352           |  40|   0|   40|          0|
    |a_18_reg_9362           |  40|   0|   40|          0|
    |a_19_reg_9374           |  40|   0|   40|          0|
    |a_1_reg_9061            |  40|   0|   40|          0|
    |a_20_reg_9384           |  40|   0|   40|          0|
    |a_21_reg_9396           |  40|   0|   40|          0|
    |a_22_reg_9406           |  40|   0|   40|          0|
    |a_23_reg_9418           |  40|   0|   40|          0|
    |a_24_reg_9428           |  40|   0|   40|          0|
    |a_2_reg_9071            |  40|   0|   40|          0|
    |a_3_reg_9093            |  40|   0|   40|          0|
    |a_4_reg_9103            |  40|   0|   40|          0|
    |a_5_reg_9125            |  40|   0|   40|          0|
    |a_6_reg_9135            |  40|   0|   40|          0|
    |a_7_reg_9157            |  40|   0|   40|          0|
    |a_8_reg_9167            |  40|   0|   40|          0|
    |a_9_reg_9189            |  40|   0|   40|          0|
    |a_reg_8924              |  40|   0|   40|          0|
    |ap_CS_fsm               |  19|   0|   19|          0|
    |ap_return_preg          |  40|   0|   40|          0|
    |b_reg_9319              |   1|   0|    1|          0|
    |field_10_reg_9119       |  40|   0|   40|          0|
    |field_14_reg_9151       |  40|   0|   40|          0|
    |field_18_reg_9183       |  40|   0|   40|          0|
    |field_1_reg_9055        |  40|   0|   40|          0|
    |field_22_reg_9215       |  40|   0|   40|          0|
    |field_26_reg_9297       |  40|   0|   40|          0|
    |field_30_reg_9324       |  40|   0|   40|          0|
    |field_34_reg_9346       |  40|   0|   40|          0|
    |field_38_reg_9368       |  40|   0|   40|          0|
    |field_42_reg_9390       |  40|   0|   40|          0|
    |field_46_reg_9412       |  40|   0|   40|          0|
    |field_50_reg_9434       |  40|   0|   40|          0|
    |field_6_reg_9087        |  40|   0|   40|          0|
    |icmp_ln147_10_reg_8975  |   1|   0|    1|          0|
    |icmp_ln147_11_reg_8980  |   1|   0|    1|          0|
    |icmp_ln147_12_reg_8985  |   1|   0|    1|          0|
    |icmp_ln147_13_reg_8990  |   1|   0|    1|          0|
    |icmp_ln147_14_reg_8995  |   1|   0|    1|          0|
    |icmp_ln147_15_reg_9000  |   1|   0|    1|          0|
    |icmp_ln147_16_reg_9005  |   1|   0|    1|          0|
    |icmp_ln147_17_reg_9010  |   1|   0|    1|          0|
    |icmp_ln147_18_reg_9015  |   1|   0|    1|          0|
    |icmp_ln147_19_reg_9020  |   1|   0|    1|          0|
    |icmp_ln147_1_reg_8930   |   1|   0|    1|          0|
    |icmp_ln147_20_reg_9025  |   1|   0|    1|          0|
    |icmp_ln147_21_reg_9030  |   1|   0|    1|          0|
    |icmp_ln147_22_reg_9035  |   1|   0|    1|          0|
    |icmp_ln147_23_reg_9040  |   1|   0|    1|          0|
    |icmp_ln147_24_reg_9045  |   1|   0|    1|          0|
    |icmp_ln147_2_reg_8935   |   1|   0|    1|          0|
    |icmp_ln147_3_reg_8940   |   1|   0|    1|          0|
    |icmp_ln147_4_reg_8945   |   1|   0|    1|          0|
    |icmp_ln147_5_reg_8950   |   1|   0|    1|          0|
    |icmp_ln147_6_reg_8955   |   1|   0|    1|          0|
    |icmp_ln147_7_reg_8960   |   1|   0|    1|          0|
    |icmp_ln147_8_reg_8965   |   1|   0|    1|          0|
    |icmp_ln147_9_reg_8970   |   1|   0|    1|          0|
    |icmp_ln147_reg_8919     |   1|   0|    1|          0|
    |sub_ln42_11_reg_9226    |  40|   0|   40|          0|
    |sub_ln42_13_reg_9308    |  40|   0|   40|          0|
    |sub_ln42_15_reg_9335    |  40|   0|   40|          0|
    |sub_ln42_17_reg_9357    |  40|   0|   40|          0|
    |sub_ln42_19_reg_9379    |  40|   0|   40|          0|
    |sub_ln42_1_reg_9066     |  40|   0|   40|          0|
    |sub_ln42_21_reg_9401    |  40|   0|   40|          0|
    |sub_ln42_23_reg_9423    |  40|   0|   40|          0|
    |sub_ln42_3_reg_9098     |  40|   0|   40|          0|
    |sub_ln42_5_reg_9130     |  40|   0|   40|          0|
    |sub_ln42_7_reg_9162     |  40|   0|   40|          0|
    |sub_ln42_9_reg_9194     |  40|   0|   40|          0|
    |trunc_ln137_reg_8889    |   5|   0|    5|          0|
    +------------------------+----+----+-----+-----------+
    |Total                   |2090|   0| 2090|          0|
    +------------------------+----+----+-----+-----------+



================================================================
== Interface
================================================================
* Summary: 
+-------------+-----+-----+------------+--------------------+--------------+
|  RTL Ports  | Dir | Bits|  Protocol  |    Source Object   |    C Type    |
+-------------+-----+-----+------------+--------------------+--------------+
|ap_clk       |   in|    1|  ap_ctrl_hs|  local_delta_energy|  return value|
|ap_rst       |   in|    1|  ap_ctrl_hs|  local_delta_energy|  return value|
|ap_start     |   in|    1|  ap_ctrl_hs|  local_delta_energy|  return value|
|ap_done      |  out|    1|  ap_ctrl_hs|  local_delta_energy|  return value|
|ap_idle      |  out|    1|  ap_ctrl_hs|  local_delta_energy|  return value|
|ap_ready     |  out|    1|  ap_ctrl_hs|  local_delta_energy|  return value|
|ap_return    |  out|   40|  ap_ctrl_hs|  local_delta_energy|  return value|
|J_0_1_val    |   in|   40|     ap_none|           J_0_1_val|        scalar|
|J_0_2_val    |   in|   40|     ap_none|           J_0_2_val|        scalar|
|J_0_3_val    |   in|   40|     ap_none|           J_0_3_val|        scalar|
|J_0_4_val    |   in|   40|     ap_none|           J_0_4_val|        scalar|
|J_0_5_val    |   in|   40|     ap_none|           J_0_5_val|        scalar|
|J_0_6_val    |   in|   40|     ap_none|           J_0_6_val|        scalar|
|J_0_7_val    |   in|   40|     ap_none|           J_0_7_val|        scalar|
|J_0_8_val    |   in|   40|     ap_none|           J_0_8_val|        scalar|
|J_0_9_val    |   in|   40|     ap_none|           J_0_9_val|        scalar|
|J_0_10_val   |   in|   40|     ap_none|          J_0_10_val|        scalar|
|J_0_11_val   |   in|   40|     ap_none|          J_0_11_val|        scalar|
|J_0_12_val   |   in|   40|     ap_none|          J_0_12_val|        scalar|
|J_0_13_val   |   in|   40|     ap_none|          J_0_13_val|        scalar|
|J_0_14_val   |   in|   40|     ap_none|          J_0_14_val|        scalar|
|J_0_15_val   |   in|   40|     ap_none|          J_0_15_val|        scalar|
|J_0_16_val   |   in|   40|     ap_none|          J_0_16_val|        scalar|
|J_0_17_val   |   in|   40|     ap_none|          J_0_17_val|        scalar|
|J_0_18_val   |   in|   40|     ap_none|          J_0_18_val|        scalar|
|J_0_19_val   |   in|   40|     ap_none|          J_0_19_val|        scalar|
|J_0_20_val   |   in|   40|     ap_none|          J_0_20_val|        scalar|
|J_0_21_val   |   in|   40|     ap_none|          J_0_21_val|        scalar|
|J_0_22_val   |   in|   40|     ap_none|          J_0_22_val|        scalar|
|J_0_23_val   |   in|   40|     ap_none|          J_0_23_val|        scalar|
|J_0_24_val   |   in|   40|     ap_none|          J_0_24_val|        scalar|
|J_1_0_val    |   in|   40|     ap_none|           J_1_0_val|        scalar|
|J_1_2_val    |   in|   40|     ap_none|           J_1_2_val|        scalar|
|J_1_3_val    |   in|   40|     ap_none|           J_1_3_val|        scalar|
|J_1_4_val    |   in|   40|     ap_none|           J_1_4_val|        scalar|
|J_1_5_val    |   in|   40|     ap_none|           J_1_5_val|        scalar|
|J_1_6_val    |   in|   40|     ap_none|           J_1_6_val|        scalar|
|J_1_7_val    |   in|   40|     ap_none|           J_1_7_val|        scalar|
|J_1_8_val    |   in|   40|     ap_none|           J_1_8_val|        scalar|
|J_1_9_val    |   in|   40|     ap_none|           J_1_9_val|        scalar|
|J_1_10_val   |   in|   40|     ap_none|          J_1_10_val|        scalar|
|J_1_11_val   |   in|   40|     ap_none|          J_1_11_val|        scalar|
|J_1_12_val   |   in|   40|     ap_none|          J_1_12_val|        scalar|
|J_1_13_val   |   in|   40|     ap_none|          J_1_13_val|        scalar|
|J_1_14_val   |   in|   40|     ap_none|          J_1_14_val|        scalar|
|J_1_15_val   |   in|   40|     ap_none|          J_1_15_val|        scalar|
|J_1_16_val   |   in|   40|     ap_none|          J_1_16_val|        scalar|
|J_1_17_val   |   in|   40|     ap_none|          J_1_17_val|        scalar|
|J_1_18_val   |   in|   40|     ap_none|          J_1_18_val|        scalar|
|J_1_19_val   |   in|   40|     ap_none|          J_1_19_val|        scalar|
|J_1_20_val   |   in|   40|     ap_none|          J_1_20_val|        scalar|
|J_1_21_val   |   in|   40|     ap_none|          J_1_21_val|        scalar|
|J_1_22_val   |   in|   40|     ap_none|          J_1_22_val|        scalar|
|J_1_23_val   |   in|   40|     ap_none|          J_1_23_val|        scalar|
|J_1_24_val   |   in|   40|     ap_none|          J_1_24_val|        scalar|
|J_2_0_val    |   in|   40|     ap_none|           J_2_0_val|        scalar|
|J_2_1_val    |   in|   40|     ap_none|           J_2_1_val|        scalar|
|J_2_3_val    |   in|   40|     ap_none|           J_2_3_val|        scalar|
|J_2_4_val    |   in|   40|     ap_none|           J_2_4_val|        scalar|
|J_2_5_val    |   in|   40|     ap_none|           J_2_5_val|        scalar|
|J_2_6_val    |   in|   40|     ap_none|           J_2_6_val|        scalar|
|J_2_7_val    |   in|   40|     ap_none|           J_2_7_val|        scalar|
|J_2_8_val    |   in|   40|     ap_none|           J_2_8_val|        scalar|
|J_2_9_val    |   in|   40|     ap_none|           J_2_9_val|        scalar|
|J_2_10_val   |   in|   40|     ap_none|          J_2_10_val|        scalar|
|J_2_11_val   |   in|   40|     ap_none|          J_2_11_val|        scalar|
|J_2_12_val   |   in|   40|     ap_none|          J_2_12_val|        scalar|
|J_2_13_val   |   in|   40|     ap_none|          J_2_13_val|        scalar|
|J_2_14_val   |   in|   40|     ap_none|          J_2_14_val|        scalar|
|J_2_15_val   |   in|   40|     ap_none|          J_2_15_val|        scalar|
|J_2_16_val   |   in|   40|     ap_none|          J_2_16_val|        scalar|
|J_2_17_val   |   in|   40|     ap_none|          J_2_17_val|        scalar|
|J_2_18_val   |   in|   40|     ap_none|          J_2_18_val|        scalar|
|J_2_19_val   |   in|   40|     ap_none|          J_2_19_val|        scalar|
|J_2_20_val   |   in|   40|     ap_none|          J_2_20_val|        scalar|
|J_2_21_val   |   in|   40|     ap_none|          J_2_21_val|        scalar|
|J_2_22_val   |   in|   40|     ap_none|          J_2_22_val|        scalar|
|J_2_23_val   |   in|   40|     ap_none|          J_2_23_val|        scalar|
|J_2_24_val   |   in|   40|     ap_none|          J_2_24_val|        scalar|
|J_3_0_val    |   in|   40|     ap_none|           J_3_0_val|        scalar|
|J_3_1_val    |   in|   40|     ap_none|           J_3_1_val|        scalar|
|J_3_2_val    |   in|   40|     ap_none|           J_3_2_val|        scalar|
|J_3_4_val    |   in|   40|     ap_none|           J_3_4_val|        scalar|
|J_3_5_val    |   in|   40|     ap_none|           J_3_5_val|        scalar|
|J_3_6_val    |   in|   40|     ap_none|           J_3_6_val|        scalar|
|J_3_7_val    |   in|   40|     ap_none|           J_3_7_val|        scalar|
|J_3_8_val    |   in|   40|     ap_none|           J_3_8_val|        scalar|
|J_3_9_val    |   in|   40|     ap_none|           J_3_9_val|        scalar|
|J_3_10_val   |   in|   40|     ap_none|          J_3_10_val|        scalar|
|J_3_11_val   |   in|   40|     ap_none|          J_3_11_val|        scalar|
|J_3_12_val   |   in|   40|     ap_none|          J_3_12_val|        scalar|
|J_3_13_val   |   in|   40|     ap_none|          J_3_13_val|        scalar|
|J_3_14_val   |   in|   40|     ap_none|          J_3_14_val|        scalar|
|J_3_15_val   |   in|   40|     ap_none|          J_3_15_val|        scalar|
|J_3_16_val   |   in|   40|     ap_none|          J_3_16_val|        scalar|
|J_3_17_val   |   in|   40|     ap_none|          J_3_17_val|        scalar|
|J_3_18_val   |   in|   40|     ap_none|          J_3_18_val|        scalar|
|J_3_19_val   |   in|   40|     ap_none|          J_3_19_val|        scalar|
|J_3_20_val   |   in|   40|     ap_none|          J_3_20_val|        scalar|
|J_3_21_val   |   in|   40|     ap_none|          J_3_21_val|        scalar|
|J_3_22_val   |   in|   40|     ap_none|          J_3_22_val|        scalar|
|J_3_23_val   |   in|   40|     ap_none|          J_3_23_val|        scalar|
|J_3_24_val   |   in|   40|     ap_none|          J_3_24_val|        scalar|
|J_4_0_val    |   in|   40|     ap_none|           J_4_0_val|        scalar|
|J_4_1_val    |   in|   40|     ap_none|           J_4_1_val|        scalar|
|J_4_2_val    |   in|   40|     ap_none|           J_4_2_val|        scalar|
|J_4_3_val    |   in|   40|     ap_none|           J_4_3_val|        scalar|
|J_4_5_val    |   in|   40|     ap_none|           J_4_5_val|        scalar|
|J_4_6_val    |   in|   40|     ap_none|           J_4_6_val|        scalar|
|J_4_7_val    |   in|   40|     ap_none|           J_4_7_val|        scalar|
|J_4_8_val    |   in|   40|     ap_none|           J_4_8_val|        scalar|
|J_4_9_val    |   in|   40|     ap_none|           J_4_9_val|        scalar|
|J_4_10_val   |   in|   40|     ap_none|          J_4_10_val|        scalar|
|J_4_11_val   |   in|   40|     ap_none|          J_4_11_val|        scalar|
|J_4_12_val   |   in|   40|     ap_none|          J_4_12_val|        scalar|
|J_4_13_val   |   in|   40|     ap_none|          J_4_13_val|        scalar|
|J_4_14_val   |   in|   40|     ap_none|          J_4_14_val|        scalar|
|J_4_15_val   |   in|   40|     ap_none|          J_4_15_val|        scalar|
|J_4_16_val   |   in|   40|     ap_none|          J_4_16_val|        scalar|
|J_4_17_val   |   in|   40|     ap_none|          J_4_17_val|        scalar|
|J_4_18_val   |   in|   40|     ap_none|          J_4_18_val|        scalar|
|J_4_19_val   |   in|   40|     ap_none|          J_4_19_val|        scalar|
|J_4_20_val   |   in|   40|     ap_none|          J_4_20_val|        scalar|
|J_4_21_val   |   in|   40|     ap_none|          J_4_21_val|        scalar|
|J_4_22_val   |   in|   40|     ap_none|          J_4_22_val|        scalar|
|J_4_23_val   |   in|   40|     ap_none|          J_4_23_val|        scalar|
|J_4_24_val   |   in|   40|     ap_none|          J_4_24_val|        scalar|
|J_5_0_val    |   in|   40|     ap_none|           J_5_0_val|        scalar|
|J_5_1_val    |   in|   40|     ap_none|           J_5_1_val|        scalar|
|J_5_2_val    |   in|   40|     ap_none|           J_5_2_val|        scalar|
|J_5_3_val    |   in|   40|     ap_none|           J_5_3_val|        scalar|
|J_5_4_val    |   in|   40|     ap_none|           J_5_4_val|        scalar|
|J_5_6_val    |   in|   40|     ap_none|           J_5_6_val|        scalar|
|J_5_7_val    |   in|   40|     ap_none|           J_5_7_val|        scalar|
|J_5_8_val    |   in|   40|     ap_none|           J_5_8_val|        scalar|
|J_5_9_val    |   in|   40|     ap_none|           J_5_9_val|        scalar|
|J_5_10_val   |   in|   40|     ap_none|          J_5_10_val|        scalar|
|J_5_11_val   |   in|   40|     ap_none|          J_5_11_val|        scalar|
|J_5_12_val   |   in|   40|     ap_none|          J_5_12_val|        scalar|
|J_5_13_val   |   in|   40|     ap_none|          J_5_13_val|        scalar|
|J_5_14_val   |   in|   40|     ap_none|          J_5_14_val|        scalar|
|J_5_15_val   |   in|   40|     ap_none|          J_5_15_val|        scalar|
|J_5_16_val   |   in|   40|     ap_none|          J_5_16_val|        scalar|
|J_5_17_val   |   in|   40|     ap_none|          J_5_17_val|        scalar|
|J_5_18_val   |   in|   40|     ap_none|          J_5_18_val|        scalar|
|J_5_19_val   |   in|   40|     ap_none|          J_5_19_val|        scalar|
|J_5_20_val   |   in|   40|     ap_none|          J_5_20_val|        scalar|
|J_5_21_val   |   in|   40|     ap_none|          J_5_21_val|        scalar|
|J_5_22_val   |   in|   40|     ap_none|          J_5_22_val|        scalar|
|J_5_23_val   |   in|   40|     ap_none|          J_5_23_val|        scalar|
|J_5_24_val   |   in|   40|     ap_none|          J_5_24_val|        scalar|
|J_6_0_val    |   in|   40|     ap_none|           J_6_0_val|        scalar|
|J_6_1_val    |   in|   40|     ap_none|           J_6_1_val|        scalar|
|J_6_2_val    |   in|   40|     ap_none|           J_6_2_val|        scalar|
|J_6_3_val    |   in|   40|     ap_none|           J_6_3_val|        scalar|
|J_6_4_val    |   in|   40|     ap_none|           J_6_4_val|        scalar|
|J_6_5_val    |   in|   40|     ap_none|           J_6_5_val|        scalar|
|J_6_7_val    |   in|   40|     ap_none|           J_6_7_val|        scalar|
|J_6_8_val    |   in|   40|     ap_none|           J_6_8_val|        scalar|
|J_6_9_val    |   in|   40|     ap_none|           J_6_9_val|        scalar|
|J_6_10_val   |   in|   40|     ap_none|          J_6_10_val|        scalar|
|J_6_11_val   |   in|   40|     ap_none|          J_6_11_val|        scalar|
|J_6_12_val   |   in|   40|     ap_none|          J_6_12_val|        scalar|
|J_6_13_val   |   in|   40|     ap_none|          J_6_13_val|        scalar|
|J_6_14_val   |   in|   40|     ap_none|          J_6_14_val|        scalar|
|J_6_15_val   |   in|   40|     ap_none|          J_6_15_val|        scalar|
|J_6_16_val   |   in|   40|     ap_none|          J_6_16_val|        scalar|
|J_6_17_val   |   in|   40|     ap_none|          J_6_17_val|        scalar|
|J_6_18_val   |   in|   40|     ap_none|          J_6_18_val|        scalar|
|J_6_19_val   |   in|   40|     ap_none|          J_6_19_val|        scalar|
|J_6_20_val   |   in|   40|     ap_none|          J_6_20_val|        scalar|
|J_6_21_val   |   in|   40|     ap_none|          J_6_21_val|        scalar|
|J_6_22_val   |   in|   40|     ap_none|          J_6_22_val|        scalar|
|J_6_23_val   |   in|   40|     ap_none|          J_6_23_val|        scalar|
|J_6_24_val   |   in|   40|     ap_none|          J_6_24_val|        scalar|
|J_7_0_val    |   in|   40|     ap_none|           J_7_0_val|        scalar|
|J_7_1_val    |   in|   40|     ap_none|           J_7_1_val|        scalar|
|J_7_2_val    |   in|   40|     ap_none|           J_7_2_val|        scalar|
|J_7_3_val    |   in|   40|     ap_none|           J_7_3_val|        scalar|
|J_7_4_val    |   in|   40|     ap_none|           J_7_4_val|        scalar|
|J_7_5_val    |   in|   40|     ap_none|           J_7_5_val|        scalar|
|J_7_6_val    |   in|   40|     ap_none|           J_7_6_val|        scalar|
|J_7_8_val    |   in|   40|     ap_none|           J_7_8_val|        scalar|
|J_7_9_val    |   in|   40|     ap_none|           J_7_9_val|        scalar|
|J_7_10_val   |   in|   40|     ap_none|          J_7_10_val|        scalar|
|J_7_11_val   |   in|   40|     ap_none|          J_7_11_val|        scalar|
|J_7_12_val   |   in|   40|     ap_none|          J_7_12_val|        scalar|
|J_7_13_val   |   in|   40|     ap_none|          J_7_13_val|        scalar|
|J_7_14_val   |   in|   40|     ap_none|          J_7_14_val|        scalar|
|J_7_15_val   |   in|   40|     ap_none|          J_7_15_val|        scalar|
|J_7_16_val   |   in|   40|     ap_none|          J_7_16_val|        scalar|
|J_7_17_val   |   in|   40|     ap_none|          J_7_17_val|        scalar|
|J_7_18_val   |   in|   40|     ap_none|          J_7_18_val|        scalar|
|J_7_19_val   |   in|   40|     ap_none|          J_7_19_val|        scalar|
|J_7_20_val   |   in|   40|     ap_none|          J_7_20_val|        scalar|
|J_7_21_val   |   in|   40|     ap_none|          J_7_21_val|        scalar|
|J_7_22_val   |   in|   40|     ap_none|          J_7_22_val|        scalar|
|J_7_23_val   |   in|   40|     ap_none|          J_7_23_val|        scalar|
|J_7_24_val   |   in|   40|     ap_none|          J_7_24_val|        scalar|
|J_8_0_val    |   in|   40|     ap_none|           J_8_0_val|        scalar|
|J_8_1_val    |   in|   40|     ap_none|           J_8_1_val|        scalar|
|J_8_2_val    |   in|   40|     ap_none|           J_8_2_val|        scalar|
|J_8_3_val    |   in|   40|     ap_none|           J_8_3_val|        scalar|
|J_8_4_val    |   in|   40|     ap_none|           J_8_4_val|        scalar|
|J_8_5_val    |   in|   40|     ap_none|           J_8_5_val|        scalar|
|J_8_6_val    |   in|   40|     ap_none|           J_8_6_val|        scalar|
|J_8_7_val    |   in|   40|     ap_none|           J_8_7_val|        scalar|
|J_8_9_val    |   in|   40|     ap_none|           J_8_9_val|        scalar|
|J_8_10_val   |   in|   40|     ap_none|          J_8_10_val|        scalar|
|J_8_11_val   |   in|   40|     ap_none|          J_8_11_val|        scalar|
|J_8_12_val   |   in|   40|     ap_none|          J_8_12_val|        scalar|
|J_8_13_val   |   in|   40|     ap_none|          J_8_13_val|        scalar|
|J_8_14_val   |   in|   40|     ap_none|          J_8_14_val|        scalar|
|J_8_15_val   |   in|   40|     ap_none|          J_8_15_val|        scalar|
|J_8_16_val   |   in|   40|     ap_none|          J_8_16_val|        scalar|
|J_8_17_val   |   in|   40|     ap_none|          J_8_17_val|        scalar|
|J_8_18_val   |   in|   40|     ap_none|          J_8_18_val|        scalar|
|J_8_19_val   |   in|   40|     ap_none|          J_8_19_val|        scalar|
|J_8_20_val   |   in|   40|     ap_none|          J_8_20_val|        scalar|
|J_8_21_val   |   in|   40|     ap_none|          J_8_21_val|        scalar|
|J_8_22_val   |   in|   40|     ap_none|          J_8_22_val|        scalar|
|J_8_23_val   |   in|   40|     ap_none|          J_8_23_val|        scalar|
|J_8_24_val   |   in|   40|     ap_none|          J_8_24_val|        scalar|
|J_9_0_val    |   in|   40|     ap_none|           J_9_0_val|        scalar|
|J_9_1_val    |   in|   40|     ap_none|           J_9_1_val|        scalar|
|J_9_2_val    |   in|   40|     ap_none|           J_9_2_val|        scalar|
|J_9_3_val    |   in|   40|     ap_none|           J_9_3_val|        scalar|
|J_9_4_val    |   in|   40|     ap_none|           J_9_4_val|        scalar|
|J_9_5_val    |   in|   40|     ap_none|           J_9_5_val|        scalar|
|J_9_6_val    |   in|   40|     ap_none|           J_9_6_val|        scalar|
|J_9_7_val    |   in|   40|     ap_none|           J_9_7_val|        scalar|
|J_9_8_val    |   in|   40|     ap_none|           J_9_8_val|        scalar|
|J_9_10_val   |   in|   40|     ap_none|          J_9_10_val|        scalar|
|J_9_11_val   |   in|   40|     ap_none|          J_9_11_val|        scalar|
|J_9_12_val   |   in|   40|     ap_none|          J_9_12_val|        scalar|
|J_9_13_val   |   in|   40|     ap_none|          J_9_13_val|        scalar|
|J_9_14_val   |   in|   40|     ap_none|          J_9_14_val|        scalar|
|J_9_15_val   |   in|   40|     ap_none|          J_9_15_val|        scalar|
|J_9_16_val   |   in|   40|     ap_none|          J_9_16_val|        scalar|
|J_9_17_val   |   in|   40|     ap_none|          J_9_17_val|        scalar|
|J_9_18_val   |   in|   40|     ap_none|          J_9_18_val|        scalar|
|J_9_19_val   |   in|   40|     ap_none|          J_9_19_val|        scalar|
|J_9_20_val   |   in|   40|     ap_none|          J_9_20_val|        scalar|
|J_9_21_val   |   in|   40|     ap_none|          J_9_21_val|        scalar|
|J_9_22_val   |   in|   40|     ap_none|          J_9_22_val|        scalar|
|J_9_23_val   |   in|   40|     ap_none|          J_9_23_val|        scalar|
|J_9_24_val   |   in|   40|     ap_none|          J_9_24_val|        scalar|
|J_10_0_val   |   in|   40|     ap_none|          J_10_0_val|        scalar|
|J_10_1_val   |   in|   40|     ap_none|          J_10_1_val|        scalar|
|J_10_2_val   |   in|   40|     ap_none|          J_10_2_val|        scalar|
|J_10_3_val   |   in|   40|     ap_none|          J_10_3_val|        scalar|
|J_10_4_val   |   in|   40|     ap_none|          J_10_4_val|        scalar|
|J_10_5_val   |   in|   40|     ap_none|          J_10_5_val|        scalar|
|J_10_6_val   |   in|   40|     ap_none|          J_10_6_val|        scalar|
|J_10_7_val   |   in|   40|     ap_none|          J_10_7_val|        scalar|
|J_10_8_val   |   in|   40|     ap_none|          J_10_8_val|        scalar|
|J_10_9_val   |   in|   40|     ap_none|          J_10_9_val|        scalar|
|J_10_11_val  |   in|   40|     ap_none|         J_10_11_val|        scalar|
|J_10_12_val  |   in|   40|     ap_none|         J_10_12_val|        scalar|
|J_10_13_val  |   in|   40|     ap_none|         J_10_13_val|        scalar|
|J_10_14_val  |   in|   40|     ap_none|         J_10_14_val|        scalar|
|J_10_15_val  |   in|   40|     ap_none|         J_10_15_val|        scalar|
|J_10_16_val  |   in|   40|     ap_none|         J_10_16_val|        scalar|
|J_10_17_val  |   in|   40|     ap_none|         J_10_17_val|        scalar|
|J_10_18_val  |   in|   40|     ap_none|         J_10_18_val|        scalar|
|J_10_19_val  |   in|   40|     ap_none|         J_10_19_val|        scalar|
|J_10_20_val  |   in|   40|     ap_none|         J_10_20_val|        scalar|
|J_10_21_val  |   in|   40|     ap_none|         J_10_21_val|        scalar|
|J_10_22_val  |   in|   40|     ap_none|         J_10_22_val|        scalar|
|J_10_23_val  |   in|   40|     ap_none|         J_10_23_val|        scalar|
|J_10_24_val  |   in|   40|     ap_none|         J_10_24_val|        scalar|
|J_11_0_val   |   in|   40|     ap_none|          J_11_0_val|        scalar|
|J_11_1_val   |   in|   40|     ap_none|          J_11_1_val|        scalar|
|J_11_2_val   |   in|   40|     ap_none|          J_11_2_val|        scalar|
|J_11_3_val   |   in|   40|     ap_none|          J_11_3_val|        scalar|
|J_11_4_val   |   in|   40|     ap_none|          J_11_4_val|        scalar|
|J_11_5_val   |   in|   40|     ap_none|          J_11_5_val|        scalar|
|J_11_6_val   |   in|   40|     ap_none|          J_11_6_val|        scalar|
|J_11_7_val   |   in|   40|     ap_none|          J_11_7_val|        scalar|
|J_11_8_val   |   in|   40|     ap_none|          J_11_8_val|        scalar|
|J_11_9_val   |   in|   40|     ap_none|          J_11_9_val|        scalar|
|J_11_10_val  |   in|   40|     ap_none|         J_11_10_val|        scalar|
|J_11_12_val  |   in|   40|     ap_none|         J_11_12_val|        scalar|
|J_11_13_val  |   in|   40|     ap_none|         J_11_13_val|        scalar|
|J_11_14_val  |   in|   40|     ap_none|         J_11_14_val|        scalar|
|J_11_15_val  |   in|   40|     ap_none|         J_11_15_val|        scalar|
|J_11_16_val  |   in|   40|     ap_none|         J_11_16_val|        scalar|
|J_11_17_val  |   in|   40|     ap_none|         J_11_17_val|        scalar|
|J_11_18_val  |   in|   40|     ap_none|         J_11_18_val|        scalar|
|J_11_19_val  |   in|   40|     ap_none|         J_11_19_val|        scalar|
|J_11_20_val  |   in|   40|     ap_none|         J_11_20_val|        scalar|
|J_11_21_val  |   in|   40|     ap_none|         J_11_21_val|        scalar|
|J_11_22_val  |   in|   40|     ap_none|         J_11_22_val|        scalar|
|J_11_23_val  |   in|   40|     ap_none|         J_11_23_val|        scalar|
|J_11_24_val  |   in|   40|     ap_none|         J_11_24_val|        scalar|
|J_12_0_val   |   in|   40|     ap_none|          J_12_0_val|        scalar|
|J_12_1_val   |   in|   40|     ap_none|          J_12_1_val|        scalar|
|J_12_2_val   |   in|   40|     ap_none|          J_12_2_val|        scalar|
|J_12_3_val   |   in|   40|     ap_none|          J_12_3_val|        scalar|
|J_12_4_val   |   in|   40|     ap_none|          J_12_4_val|        scalar|
|J_12_5_val   |   in|   40|     ap_none|          J_12_5_val|        scalar|
|J_12_6_val   |   in|   40|     ap_none|          J_12_6_val|        scalar|
|J_12_7_val   |   in|   40|     ap_none|          J_12_7_val|        scalar|
|J_12_8_val   |   in|   40|     ap_none|          J_12_8_val|        scalar|
|J_12_9_val   |   in|   40|     ap_none|          J_12_9_val|        scalar|
|J_12_10_val  |   in|   40|     ap_none|         J_12_10_val|        scalar|
|J_12_11_val  |   in|   40|     ap_none|         J_12_11_val|        scalar|
|J_12_13_val  |   in|   40|     ap_none|         J_12_13_val|        scalar|
|J_12_14_val  |   in|   40|     ap_none|         J_12_14_val|        scalar|
|J_12_15_val  |   in|   40|     ap_none|         J_12_15_val|        scalar|
|J_12_16_val  |   in|   40|     ap_none|         J_12_16_val|        scalar|
|J_12_17_val  |   in|   40|     ap_none|         J_12_17_val|        scalar|
|J_12_18_val  |   in|   40|     ap_none|         J_12_18_val|        scalar|
|J_12_19_val  |   in|   40|     ap_none|         J_12_19_val|        scalar|
|J_12_20_val  |   in|   40|     ap_none|         J_12_20_val|        scalar|
|J_12_21_val  |   in|   40|     ap_none|         J_12_21_val|        scalar|
|J_12_22_val  |   in|   40|     ap_none|         J_12_22_val|        scalar|
|J_12_23_val  |   in|   40|     ap_none|         J_12_23_val|        scalar|
|J_12_24_val  |   in|   40|     ap_none|         J_12_24_val|        scalar|
|J_13_0_val   |   in|   40|     ap_none|          J_13_0_val|        scalar|
|J_13_1_val   |   in|   40|     ap_none|          J_13_1_val|        scalar|
|J_13_2_val   |   in|   40|     ap_none|          J_13_2_val|        scalar|
|J_13_3_val   |   in|   40|     ap_none|          J_13_3_val|        scalar|
|J_13_4_val   |   in|   40|     ap_none|          J_13_4_val|        scalar|
|J_13_5_val   |   in|   40|     ap_none|          J_13_5_val|        scalar|
|J_13_6_val   |   in|   40|     ap_none|          J_13_6_val|        scalar|
|J_13_7_val   |   in|   40|     ap_none|          J_13_7_val|        scalar|
|J_13_8_val   |   in|   40|     ap_none|          J_13_8_val|        scalar|
|J_13_9_val   |   in|   40|     ap_none|          J_13_9_val|        scalar|
|J_13_10_val  |   in|   40|     ap_none|         J_13_10_val|        scalar|
|J_13_11_val  |   in|   40|     ap_none|         J_13_11_val|        scalar|
|J_13_12_val  |   in|   40|     ap_none|         J_13_12_val|        scalar|
|J_13_14_val  |   in|   40|     ap_none|         J_13_14_val|        scalar|
|J_13_15_val  |   in|   40|     ap_none|         J_13_15_val|        scalar|
|J_13_16_val  |   in|   40|     ap_none|         J_13_16_val|        scalar|
|J_13_17_val  |   in|   40|     ap_none|         J_13_17_val|        scalar|
|J_13_18_val  |   in|   40|     ap_none|         J_13_18_val|        scalar|
|J_13_19_val  |   in|   40|     ap_none|         J_13_19_val|        scalar|
|J_13_20_val  |   in|   40|     ap_none|         J_13_20_val|        scalar|
|J_13_21_val  |   in|   40|     ap_none|         J_13_21_val|        scalar|
|J_13_22_val  |   in|   40|     ap_none|         J_13_22_val|        scalar|
|J_13_23_val  |   in|   40|     ap_none|         J_13_23_val|        scalar|
|J_13_24_val  |   in|   40|     ap_none|         J_13_24_val|        scalar|
|J_14_0_val   |   in|   40|     ap_none|          J_14_0_val|        scalar|
|J_14_1_val   |   in|   40|     ap_none|          J_14_1_val|        scalar|
|J_14_2_val   |   in|   40|     ap_none|          J_14_2_val|        scalar|
|J_14_3_val   |   in|   40|     ap_none|          J_14_3_val|        scalar|
|J_14_4_val   |   in|   40|     ap_none|          J_14_4_val|        scalar|
|J_14_5_val   |   in|   40|     ap_none|          J_14_5_val|        scalar|
|J_14_6_val   |   in|   40|     ap_none|          J_14_6_val|        scalar|
|J_14_7_val   |   in|   40|     ap_none|          J_14_7_val|        scalar|
|J_14_8_val   |   in|   40|     ap_none|          J_14_8_val|        scalar|
|J_14_9_val   |   in|   40|     ap_none|          J_14_9_val|        scalar|
|J_14_10_val  |   in|   40|     ap_none|         J_14_10_val|        scalar|
|J_14_11_val  |   in|   40|     ap_none|         J_14_11_val|        scalar|
|J_14_12_val  |   in|   40|     ap_none|         J_14_12_val|        scalar|
|J_14_13_val  |   in|   40|     ap_none|         J_14_13_val|        scalar|
|J_14_15_val  |   in|   40|     ap_none|         J_14_15_val|        scalar|
|J_14_16_val  |   in|   40|     ap_none|         J_14_16_val|        scalar|
|J_14_17_val  |   in|   40|     ap_none|         J_14_17_val|        scalar|
|J_14_18_val  |   in|   40|     ap_none|         J_14_18_val|        scalar|
|J_14_19_val  |   in|   40|     ap_none|         J_14_19_val|        scalar|
|J_14_20_val  |   in|   40|     ap_none|         J_14_20_val|        scalar|
|J_14_21_val  |   in|   40|     ap_none|         J_14_21_val|        scalar|
|J_14_22_val  |   in|   40|     ap_none|         J_14_22_val|        scalar|
|J_14_23_val  |   in|   40|     ap_none|         J_14_23_val|        scalar|
|J_14_24_val  |   in|   40|     ap_none|         J_14_24_val|        scalar|
|J_15_0_val   |   in|   40|     ap_none|          J_15_0_val|        scalar|
|J_15_1_val   |   in|   40|     ap_none|          J_15_1_val|        scalar|
|J_15_2_val   |   in|   40|     ap_none|          J_15_2_val|        scalar|
|J_15_3_val   |   in|   40|     ap_none|          J_15_3_val|        scalar|
|J_15_4_val   |   in|   40|     ap_none|          J_15_4_val|        scalar|
|J_15_5_val   |   in|   40|     ap_none|          J_15_5_val|        scalar|
|J_15_6_val   |   in|   40|     ap_none|          J_15_6_val|        scalar|
|J_15_7_val   |   in|   40|     ap_none|          J_15_7_val|        scalar|
|J_15_8_val   |   in|   40|     ap_none|          J_15_8_val|        scalar|
|J_15_9_val   |   in|   40|     ap_none|          J_15_9_val|        scalar|
|J_15_10_val  |   in|   40|     ap_none|         J_15_10_val|        scalar|
|J_15_11_val  |   in|   40|     ap_none|         J_15_11_val|        scalar|
|J_15_12_val  |   in|   40|     ap_none|         J_15_12_val|        scalar|
|J_15_13_val  |   in|   40|     ap_none|         J_15_13_val|        scalar|
|J_15_14_val  |   in|   40|     ap_none|         J_15_14_val|        scalar|
|J_15_16_val  |   in|   40|     ap_none|         J_15_16_val|        scalar|
|J_15_17_val  |   in|   40|     ap_none|         J_15_17_val|        scalar|
|J_15_18_val  |   in|   40|     ap_none|         J_15_18_val|        scalar|
|J_15_19_val  |   in|   40|     ap_none|         J_15_19_val|        scalar|
|J_15_20_val  |   in|   40|     ap_none|         J_15_20_val|        scalar|
|J_15_21_val  |   in|   40|     ap_none|         J_15_21_val|        scalar|
|J_15_22_val  |   in|   40|     ap_none|         J_15_22_val|        scalar|
|J_15_23_val  |   in|   40|     ap_none|         J_15_23_val|        scalar|
|J_15_24_val  |   in|   40|     ap_none|         J_15_24_val|        scalar|
|J_16_0_val   |   in|   40|     ap_none|          J_16_0_val|        scalar|
|J_16_1_val   |   in|   40|     ap_none|          J_16_1_val|        scalar|
|J_16_2_val   |   in|   40|     ap_none|          J_16_2_val|        scalar|
|J_16_3_val   |   in|   40|     ap_none|          J_16_3_val|        scalar|
|J_16_4_val   |   in|   40|     ap_none|          J_16_4_val|        scalar|
|J_16_5_val   |   in|   40|     ap_none|          J_16_5_val|        scalar|
|J_16_6_val   |   in|   40|     ap_none|          J_16_6_val|        scalar|
|J_16_7_val   |   in|   40|     ap_none|          J_16_7_val|        scalar|
|J_16_8_val   |   in|   40|     ap_none|          J_16_8_val|        scalar|
|J_16_9_val   |   in|   40|     ap_none|          J_16_9_val|        scalar|
|J_16_10_val  |   in|   40|     ap_none|         J_16_10_val|        scalar|
|J_16_11_val  |   in|   40|     ap_none|         J_16_11_val|        scalar|
|J_16_12_val  |   in|   40|     ap_none|         J_16_12_val|        scalar|
|J_16_13_val  |   in|   40|     ap_none|         J_16_13_val|        scalar|
|J_16_14_val  |   in|   40|     ap_none|         J_16_14_val|        scalar|
|J_16_15_val  |   in|   40|     ap_none|         J_16_15_val|        scalar|
|J_16_17_val  |   in|   40|     ap_none|         J_16_17_val|        scalar|
|J_16_18_val  |   in|   40|     ap_none|         J_16_18_val|        scalar|
|J_16_19_val  |   in|   40|     ap_none|         J_16_19_val|        scalar|
|J_16_20_val  |   in|   40|     ap_none|         J_16_20_val|        scalar|
|J_16_21_val  |   in|   40|     ap_none|         J_16_21_val|        scalar|
|J_16_22_val  |   in|   40|     ap_none|         J_16_22_val|        scalar|
|J_16_23_val  |   in|   40|     ap_none|         J_16_23_val|        scalar|
|J_16_24_val  |   in|   40|     ap_none|         J_16_24_val|        scalar|
|J_17_0_val   |   in|   40|     ap_none|          J_17_0_val|        scalar|
|J_17_1_val   |   in|   40|     ap_none|          J_17_1_val|        scalar|
|J_17_2_val   |   in|   40|     ap_none|          J_17_2_val|        scalar|
|J_17_3_val   |   in|   40|     ap_none|          J_17_3_val|        scalar|
|J_17_4_val   |   in|   40|     ap_none|          J_17_4_val|        scalar|
|J_17_5_val   |   in|   40|     ap_none|          J_17_5_val|        scalar|
|J_17_6_val   |   in|   40|     ap_none|          J_17_6_val|        scalar|
|J_17_7_val   |   in|   40|     ap_none|          J_17_7_val|        scalar|
|J_17_8_val   |   in|   40|     ap_none|          J_17_8_val|        scalar|
|J_17_9_val   |   in|   40|     ap_none|          J_17_9_val|        scalar|
|J_17_10_val  |   in|   40|     ap_none|         J_17_10_val|        scalar|
|J_17_11_val  |   in|   40|     ap_none|         J_17_11_val|        scalar|
|J_17_12_val  |   in|   40|     ap_none|         J_17_12_val|        scalar|
|J_17_13_val  |   in|   40|     ap_none|         J_17_13_val|        scalar|
|J_17_14_val  |   in|   40|     ap_none|         J_17_14_val|        scalar|
|J_17_15_val  |   in|   40|     ap_none|         J_17_15_val|        scalar|
|J_17_16_val  |   in|   40|     ap_none|         J_17_16_val|        scalar|
|J_17_18_val  |   in|   40|     ap_none|         J_17_18_val|        scalar|
|J_17_19_val  |   in|   40|     ap_none|         J_17_19_val|        scalar|
|J_17_20_val  |   in|   40|     ap_none|         J_17_20_val|        scalar|
|J_17_21_val  |   in|   40|     ap_none|         J_17_21_val|        scalar|
|J_17_22_val  |   in|   40|     ap_none|         J_17_22_val|        scalar|
|J_17_23_val  |   in|   40|     ap_none|         J_17_23_val|        scalar|
|J_17_24_val  |   in|   40|     ap_none|         J_17_24_val|        scalar|
|J_18_0_val   |   in|   40|     ap_none|          J_18_0_val|        scalar|
|J_18_1_val   |   in|   40|     ap_none|          J_18_1_val|        scalar|
|J_18_2_val   |   in|   40|     ap_none|          J_18_2_val|        scalar|
|J_18_3_val   |   in|   40|     ap_none|          J_18_3_val|        scalar|
|J_18_4_val   |   in|   40|     ap_none|          J_18_4_val|        scalar|
|J_18_5_val   |   in|   40|     ap_none|          J_18_5_val|        scalar|
|J_18_6_val   |   in|   40|     ap_none|          J_18_6_val|        scalar|
|J_18_7_val   |   in|   40|     ap_none|          J_18_7_val|        scalar|
|J_18_8_val   |   in|   40|     ap_none|          J_18_8_val|        scalar|
|J_18_9_val   |   in|   40|     ap_none|          J_18_9_val|        scalar|
|J_18_10_val  |   in|   40|     ap_none|         J_18_10_val|        scalar|
|J_18_11_val  |   in|   40|     ap_none|         J_18_11_val|        scalar|
|J_18_12_val  |   in|   40|     ap_none|         J_18_12_val|        scalar|
|J_18_13_val  |   in|   40|     ap_none|         J_18_13_val|        scalar|
|J_18_14_val  |   in|   40|     ap_none|         J_18_14_val|        scalar|
|J_18_15_val  |   in|   40|     ap_none|         J_18_15_val|        scalar|
|J_18_16_val  |   in|   40|     ap_none|         J_18_16_val|        scalar|
|J_18_17_val  |   in|   40|     ap_none|         J_18_17_val|        scalar|
|J_18_19_val  |   in|   40|     ap_none|         J_18_19_val|        scalar|
|J_18_20_val  |   in|   40|     ap_none|         J_18_20_val|        scalar|
|J_18_21_val  |   in|   40|     ap_none|         J_18_21_val|        scalar|
|J_18_22_val  |   in|   40|     ap_none|         J_18_22_val|        scalar|
|J_18_23_val  |   in|   40|     ap_none|         J_18_23_val|        scalar|
|J_18_24_val  |   in|   40|     ap_none|         J_18_24_val|        scalar|
|J_19_0_val   |   in|   40|     ap_none|          J_19_0_val|        scalar|
|J_19_1_val   |   in|   40|     ap_none|          J_19_1_val|        scalar|
|J_19_2_val   |   in|   40|     ap_none|          J_19_2_val|        scalar|
|J_19_3_val   |   in|   40|     ap_none|          J_19_3_val|        scalar|
|J_19_4_val   |   in|   40|     ap_none|          J_19_4_val|        scalar|
|J_19_5_val   |   in|   40|     ap_none|          J_19_5_val|        scalar|
|J_19_6_val   |   in|   40|     ap_none|          J_19_6_val|        scalar|
|J_19_7_val   |   in|   40|     ap_none|          J_19_7_val|        scalar|
|J_19_8_val   |   in|   40|     ap_none|          J_19_8_val|        scalar|
|J_19_9_val   |   in|   40|     ap_none|          J_19_9_val|        scalar|
|J_19_10_val  |   in|   40|     ap_none|         J_19_10_val|        scalar|
|J_19_11_val  |   in|   40|     ap_none|         J_19_11_val|        scalar|
|J_19_12_val  |   in|   40|     ap_none|         J_19_12_val|        scalar|
|J_19_13_val  |   in|   40|     ap_none|         J_19_13_val|        scalar|
|J_19_14_val  |   in|   40|     ap_none|         J_19_14_val|        scalar|
|J_19_15_val  |   in|   40|     ap_none|         J_19_15_val|        scalar|
|J_19_16_val  |   in|   40|     ap_none|         J_19_16_val|        scalar|
|J_19_17_val  |   in|   40|     ap_none|         J_19_17_val|        scalar|
|J_19_18_val  |   in|   40|     ap_none|         J_19_18_val|        scalar|
|J_19_20_val  |   in|   40|     ap_none|         J_19_20_val|        scalar|
|J_19_21_val  |   in|   40|     ap_none|         J_19_21_val|        scalar|
|J_19_22_val  |   in|   40|     ap_none|         J_19_22_val|        scalar|
|J_19_23_val  |   in|   40|     ap_none|         J_19_23_val|        scalar|
|J_19_24_val  |   in|   40|     ap_none|         J_19_24_val|        scalar|
|J_20_0_val   |   in|   40|     ap_none|          J_20_0_val|        scalar|
|J_20_1_val   |   in|   40|     ap_none|          J_20_1_val|        scalar|
|J_20_2_val   |   in|   40|     ap_none|          J_20_2_val|        scalar|
|J_20_3_val   |   in|   40|     ap_none|          J_20_3_val|        scalar|
|J_20_4_val   |   in|   40|     ap_none|          J_20_4_val|        scalar|
|J_20_5_val   |   in|   40|     ap_none|          J_20_5_val|        scalar|
|J_20_6_val   |   in|   40|     ap_none|          J_20_6_val|        scalar|
|J_20_7_val   |   in|   40|     ap_none|          J_20_7_val|        scalar|
|J_20_8_val   |   in|   40|     ap_none|          J_20_8_val|        scalar|
|J_20_9_val   |   in|   40|     ap_none|          J_20_9_val|        scalar|
|J_20_10_val  |   in|   40|     ap_none|         J_20_10_val|        scalar|
|J_20_11_val  |   in|   40|     ap_none|         J_20_11_val|        scalar|
|J_20_12_val  |   in|   40|     ap_none|         J_20_12_val|        scalar|
|J_20_13_val  |   in|   40|     ap_none|         J_20_13_val|        scalar|
|J_20_14_val  |   in|   40|     ap_none|         J_20_14_val|        scalar|
|J_20_15_val  |   in|   40|     ap_none|         J_20_15_val|        scalar|
|J_20_16_val  |   in|   40|     ap_none|         J_20_16_val|        scalar|
|J_20_17_val  |   in|   40|     ap_none|         J_20_17_val|        scalar|
|J_20_18_val  |   in|   40|     ap_none|         J_20_18_val|        scalar|
|J_20_19_val  |   in|   40|     ap_none|         J_20_19_val|        scalar|
|J_20_21_val  |   in|   40|     ap_none|         J_20_21_val|        scalar|
|J_20_22_val  |   in|   40|     ap_none|         J_20_22_val|        scalar|
|J_20_23_val  |   in|   40|     ap_none|         J_20_23_val|        scalar|
|J_20_24_val  |   in|   40|     ap_none|         J_20_24_val|        scalar|
|J_21_0_val   |   in|   40|     ap_none|          J_21_0_val|        scalar|
|J_21_1_val   |   in|   40|     ap_none|          J_21_1_val|        scalar|
|J_21_2_val   |   in|   40|     ap_none|          J_21_2_val|        scalar|
|J_21_3_val   |   in|   40|     ap_none|          J_21_3_val|        scalar|
|J_21_4_val   |   in|   40|     ap_none|          J_21_4_val|        scalar|
|J_21_5_val   |   in|   40|     ap_none|          J_21_5_val|        scalar|
|J_21_6_val   |   in|   40|     ap_none|          J_21_6_val|        scalar|
|J_21_7_val   |   in|   40|     ap_none|          J_21_7_val|        scalar|
|J_21_8_val   |   in|   40|     ap_none|          J_21_8_val|        scalar|
|J_21_9_val   |   in|   40|     ap_none|          J_21_9_val|        scalar|
|J_21_10_val  |   in|   40|     ap_none|         J_21_10_val|        scalar|
|J_21_11_val  |   in|   40|     ap_none|         J_21_11_val|        scalar|
|J_21_12_val  |   in|   40|     ap_none|         J_21_12_val|        scalar|
|J_21_13_val  |   in|   40|     ap_none|         J_21_13_val|        scalar|
|J_21_14_val  |   in|   40|     ap_none|         J_21_14_val|        scalar|
|J_21_15_val  |   in|   40|     ap_none|         J_21_15_val|        scalar|
|J_21_16_val  |   in|   40|     ap_none|         J_21_16_val|        scalar|
|J_21_17_val  |   in|   40|     ap_none|         J_21_17_val|        scalar|
|J_21_18_val  |   in|   40|     ap_none|         J_21_18_val|        scalar|
|J_21_19_val  |   in|   40|     ap_none|         J_21_19_val|        scalar|
|J_21_20_val  |   in|   40|     ap_none|         J_21_20_val|        scalar|
|J_21_22_val  |   in|   40|     ap_none|         J_21_22_val|        scalar|
|J_21_23_val  |   in|   40|     ap_none|         J_21_23_val|        scalar|
|J_21_24_val  |   in|   40|     ap_none|         J_21_24_val|        scalar|
|J_22_0_val   |   in|   40|     ap_none|          J_22_0_val|        scalar|
|J_22_1_val   |   in|   40|     ap_none|          J_22_1_val|        scalar|
|J_22_2_val   |   in|   40|     ap_none|          J_22_2_val|        scalar|
|J_22_3_val   |   in|   40|     ap_none|          J_22_3_val|        scalar|
|J_22_4_val   |   in|   40|     ap_none|          J_22_4_val|        scalar|
|J_22_5_val   |   in|   40|     ap_none|          J_22_5_val|        scalar|
|J_22_6_val   |   in|   40|     ap_none|          J_22_6_val|        scalar|
|J_22_7_val   |   in|   40|     ap_none|          J_22_7_val|        scalar|
|J_22_8_val   |   in|   40|     ap_none|          J_22_8_val|        scalar|
|J_22_9_val   |   in|   40|     ap_none|          J_22_9_val|        scalar|
|J_22_10_val  |   in|   40|     ap_none|         J_22_10_val|        scalar|
|J_22_11_val  |   in|   40|     ap_none|         J_22_11_val|        scalar|
|J_22_12_val  |   in|   40|     ap_none|         J_22_12_val|        scalar|
|J_22_13_val  |   in|   40|     ap_none|         J_22_13_val|        scalar|
|J_22_14_val  |   in|   40|     ap_none|         J_22_14_val|        scalar|
|J_22_15_val  |   in|   40|     ap_none|         J_22_15_val|        scalar|
|J_22_16_val  |   in|   40|     ap_none|         J_22_16_val|        scalar|
|J_22_17_val  |   in|   40|     ap_none|         J_22_17_val|        scalar|
|J_22_18_val  |   in|   40|     ap_none|         J_22_18_val|        scalar|
|J_22_19_val  |   in|   40|     ap_none|         J_22_19_val|        scalar|
|J_22_20_val  |   in|   40|     ap_none|         J_22_20_val|        scalar|
|J_22_21_val  |   in|   40|     ap_none|         J_22_21_val|        scalar|
|J_22_23_val  |   in|   40|     ap_none|         J_22_23_val|        scalar|
|J_22_24_val  |   in|   40|     ap_none|         J_22_24_val|        scalar|
|J_23_0_val   |   in|   40|     ap_none|          J_23_0_val|        scalar|
|J_23_1_val   |   in|   40|     ap_none|          J_23_1_val|        scalar|
|J_23_2_val   |   in|   40|     ap_none|          J_23_2_val|        scalar|
|J_23_3_val   |   in|   40|     ap_none|          J_23_3_val|        scalar|
|J_23_4_val   |   in|   40|     ap_none|          J_23_4_val|        scalar|
|J_23_5_val   |   in|   40|     ap_none|          J_23_5_val|        scalar|
|J_23_6_val   |   in|   40|     ap_none|          J_23_6_val|        scalar|
|J_23_7_val   |   in|   40|     ap_none|          J_23_7_val|        scalar|
|J_23_8_val   |   in|   40|     ap_none|          J_23_8_val|        scalar|
|J_23_9_val   |   in|   40|     ap_none|          J_23_9_val|        scalar|
|J_23_10_val  |   in|   40|     ap_none|         J_23_10_val|        scalar|
|J_23_11_val  |   in|   40|     ap_none|         J_23_11_val|        scalar|
|J_23_12_val  |   in|   40|     ap_none|         J_23_12_val|        scalar|
|J_23_13_val  |   in|   40|     ap_none|         J_23_13_val|        scalar|
|J_23_14_val  |   in|   40|     ap_none|         J_23_14_val|        scalar|
|J_23_15_val  |   in|   40|     ap_none|         J_23_15_val|        scalar|
|J_23_16_val  |   in|   40|     ap_none|         J_23_16_val|        scalar|
|J_23_17_val  |   in|   40|     ap_none|         J_23_17_val|        scalar|
|J_23_18_val  |   in|   40|     ap_none|         J_23_18_val|        scalar|
|J_23_19_val  |   in|   40|     ap_none|         J_23_19_val|        scalar|
|J_23_20_val  |   in|   40|     ap_none|         J_23_20_val|        scalar|
|J_23_21_val  |   in|   40|     ap_none|         J_23_21_val|        scalar|
|J_23_22_val  |   in|   40|     ap_none|         J_23_22_val|        scalar|
|J_23_24_val  |   in|   40|     ap_none|         J_23_24_val|        scalar|
|J_24_0_val   |   in|   40|     ap_none|          J_24_0_val|        scalar|
|J_24_1_val   |   in|   40|     ap_none|          J_24_1_val|        scalar|
|J_24_2_val   |   in|   40|     ap_none|          J_24_2_val|        scalar|
|J_24_3_val   |   in|   40|     ap_none|          J_24_3_val|        scalar|
|J_24_4_val   |   in|   40|     ap_none|          J_24_4_val|        scalar|
|J_24_5_val   |   in|   40|     ap_none|          J_24_5_val|        scalar|
|J_24_6_val   |   in|   40|     ap_none|          J_24_6_val|        scalar|
|J_24_7_val   |   in|   40|     ap_none|          J_24_7_val|        scalar|
|J_24_8_val   |   in|   40|     ap_none|          J_24_8_val|        scalar|
|J_24_9_val   |   in|   40|     ap_none|          J_24_9_val|        scalar|
|J_24_10_val  |   in|   40|     ap_none|         J_24_10_val|        scalar|
|J_24_11_val  |   in|   40|     ap_none|         J_24_11_val|        scalar|
|J_24_12_val  |   in|   40|     ap_none|         J_24_12_val|        scalar|
|J_24_13_val  |   in|   40|     ap_none|         J_24_13_val|        scalar|
|J_24_14_val  |   in|   40|     ap_none|         J_24_14_val|        scalar|
|J_24_15_val  |   in|   40|     ap_none|         J_24_15_val|        scalar|
|J_24_16_val  |   in|   40|     ap_none|         J_24_16_val|        scalar|
|J_24_17_val  |   in|   40|     ap_none|         J_24_17_val|        scalar|
|J_24_18_val  |   in|   40|     ap_none|         J_24_18_val|        scalar|
|J_24_19_val  |   in|   40|     ap_none|         J_24_19_val|        scalar|
|J_24_20_val  |   in|   40|     ap_none|         J_24_20_val|        scalar|
|J_24_21_val  |   in|   40|     ap_none|         J_24_21_val|        scalar|
|J_24_22_val  |   in|   40|     ap_none|         J_24_22_val|        scalar|
|J_24_23_val  |   in|   40|     ap_none|         J_24_23_val|        scalar|
|h_0_val      |   in|   40|     ap_none|             h_0_val|        scalar|
|h_1_val      |   in|   40|     ap_none|             h_1_val|        scalar|
|h_2_val      |   in|   40|     ap_none|             h_2_val|        scalar|
|h_3_val      |   in|   40|     ap_none|             h_3_val|        scalar|
|h_4_val      |   in|   40|     ap_none|             h_4_val|        scalar|
|h_5_val      |   in|   40|     ap_none|             h_5_val|        scalar|
|h_6_val      |   in|   40|     ap_none|             h_6_val|        scalar|
|h_7_val      |   in|   40|     ap_none|             h_7_val|        scalar|
|h_8_val      |   in|   40|     ap_none|             h_8_val|        scalar|
|h_9_val      |   in|   40|     ap_none|             h_9_val|        scalar|
|h_10_val     |   in|   40|     ap_none|            h_10_val|        scalar|
|h_11_val     |   in|   40|     ap_none|            h_11_val|        scalar|
|h_12_val     |   in|   40|     ap_none|            h_12_val|        scalar|
|h_13_val     |   in|   40|     ap_none|            h_13_val|        scalar|
|h_14_val     |   in|   40|     ap_none|            h_14_val|        scalar|
|h_15_val     |   in|   40|     ap_none|            h_15_val|        scalar|
|h_16_val     |   in|   40|     ap_none|            h_16_val|        scalar|
|h_17_val     |   in|   40|     ap_none|            h_17_val|        scalar|
|h_18_val     |   in|   40|     ap_none|            h_18_val|        scalar|
|h_19_val     |   in|   40|     ap_none|            h_19_val|        scalar|
|h_20_val     |   in|   40|     ap_none|            h_20_val|        scalar|
|h_21_val     |   in|   40|     ap_none|            h_21_val|        scalar|
|h_22_val     |   in|   40|     ap_none|            h_22_val|        scalar|
|h_23_val     |   in|   40|     ap_none|            h_23_val|        scalar|
|h_24_val     |   in|   40|     ap_none|            h_24_val|        scalar|
|s_0_val      |   in|    1|     ap_none|             s_0_val|        scalar|
|s_1_val      |   in|    1|     ap_none|             s_1_val|        scalar|
|s_2_val      |   in|    1|     ap_none|             s_2_val|        scalar|
|s_3_val      |   in|    1|     ap_none|             s_3_val|        scalar|
|s_4_val      |   in|    1|     ap_none|             s_4_val|        scalar|
|s_5_val      |   in|    1|     ap_none|             s_5_val|        scalar|
|s_6_val      |   in|    1|     ap_none|             s_6_val|        scalar|
|s_7_val      |   in|    1|     ap_none|             s_7_val|        scalar|
|s_8_val      |   in|    1|     ap_none|             s_8_val|        scalar|
|s_9_val      |   in|    1|     ap_none|             s_9_val|        scalar|
|s_10_val     |   in|    1|     ap_none|            s_10_val|        scalar|
|s_11_val     |   in|    1|     ap_none|            s_11_val|        scalar|
|s_12_val     |   in|    1|     ap_none|            s_12_val|        scalar|
|s_13_val     |   in|    1|     ap_none|            s_13_val|        scalar|
|s_14_val     |   in|    1|     ap_none|            s_14_val|        scalar|
|s_15_val     |   in|    1|     ap_none|            s_15_val|        scalar|
|s_16_val     |   in|    1|     ap_none|            s_16_val|        scalar|
|s_17_val     |   in|    1|     ap_none|            s_17_val|        scalar|
|s_18_val     |   in|    1|     ap_none|            s_18_val|        scalar|
|s_19_val     |   in|    1|     ap_none|            s_19_val|        scalar|
|s_20_val     |   in|    1|     ap_none|            s_20_val|        scalar|
|s_21_val     |   in|    1|     ap_none|            s_21_val|        scalar|
|s_22_val     |   in|    1|     ap_none|            s_22_val|        scalar|
|s_23_val     |   in|    1|     ap_none|            s_23_val|        scalar|
|s_24_val     |   in|    1|     ap_none|            s_24_val|        scalar|
|i            |   in|   32|     ap_none|                   i|        scalar|
+-------------+-----+-----+------------+--------------------+--------------+

