

================================================================
== Vitis HLS Report for 'uniform_delta_energy'
================================================================
* Date:           Tue May 19 20:32:16 2026

* Version:        2025.2 (Build 6295257 on Nov 14 2025)
* Project:        hls_uniform_metropolis_step_N10
* Solution:       hls (Vivado IP Flow Target)
* Product family: virtexuplus
* Target device:  xcvu19p-fsva3824-2-e


================================================================
== Performance Estimates
================================================================
+ Timing: 
    * Summary: 
    +--------+---------+----------+------------+
    |  Clock |  Target | Estimated| Uncertainty|
    +--------+---------+----------+------------+
    |ap_clk  |  3.33 ns|  2.388 ns|     0.90 ns|
    +--------+---------+----------+------------+

+ Latency: 
    * Summary: 
    +---------+---------+-----------+-----------+-----+-----+---------+
    |  Latency (cycles) |   Latency (absolute)  |  Interval | Pipeline|
    |   min   |   max   |    min    |    max    | min | max |   Type  |
    +---------+---------+-----------+-----------+-----+-----+---------+
    |       24|       24|  79.992 ns|  79.992 ns|   24|   24|       no|
    +---------+---------+-----------+-----------+-----+-----+---------+

    + Detail: 
        * Instance: 
        N/A

        * Loop: 
        N/A



================================================================
== Utilization Estimates
================================================================
* Summary: 
+---------------------+---------+------+---------+---------+-----+
|         Name        | BRAM_18K|  DSP |    FF   |   LUT   | URAM|
+---------------------+---------+------+---------+---------+-----+
|DSP                  |        -|     -|        -|        -|    -|
|Expression           |        -|     -|        0|     7437|    -|
|FIFO                 |        -|     -|        -|        -|    -|
|Instance             |        -|     -|        -|        -|    -|
|Memory               |        -|     -|        -|        -|    -|
|Multiplexer          |        -|     -|        0|      138|    -|
|Register             |        -|     -|     1185|        -|    -|
+---------------------+---------+------+---------+---------+-----+
|Total                |        0|     0|     1185|     7575|    0|
+---------------------+---------+------+---------+---------+-----+
|Available SLR        |     1080|   960|  2042880|  1021440|   80|
+---------------------+---------+------+---------+---------+-----+
|Utilization SLR (%)  |        0|     0|       ~0|       ~0|    0|
+---------------------+---------+------+---------+---------+-----+
|Available            |     4320|  3840|  8171520|  4085760|  320|
+---------------------+---------+------+---------+---------+-----+
|Utilization (%)      |        0|     0|       ~0|       ~0|    0|
+---------------------+---------+------+---------+---------+-----+

+ Detail: 
    * Instance: 
    N/A

    * DSP: 
    N/A

    * Memory: 
    N/A

    * FIFO: 
    N/A

    * Expression: 
    +-------------------------+----------+----+---+----+------------+------------+
    |      Variable Name      | Operation| DSP| FF| LUT| Bitwidth P0| Bitwidth P1|
    +-------------------------+----------+----+---+----+------------+------------+
    |add_ln183_1_fu_680_p2    |         +|   0|  0|  40|          40|          40|
    |add_ln183_2_fu_686_p2    |         +|   0|  0|  40|          40|          40|
    |add_ln183_3_fu_704_p2    |         +|   0|  0|  40|          40|          40|
    |add_ln183_4_fu_708_p2    |         +|   0|  0|  40|          40|          40|
    |add_ln183_5_fu_692_p2    |         +|   0|  0|  40|          40|          40|
    |add_ln183_6_fu_698_p2    |         +|   0|  0|  40|          40|          40|
    |add_ln183_7_fu_712_p2    |         +|   0|  0|  40|          40|          40|
    |add_ln183_8_fu_717_p2    |         +|   0|  0|  40|          40|          40|
    |add_ln183_fu_674_p2      |         +|   0|  0|  47|          40|          40|
    |add_ln195_fu_727_p2      |         +|   0|  0|  40|          40|          40|
    |e_100_fu_1497_p2         |         +|   0|  0|  47|          40|          40|
    |e_103_fu_1520_p2         |         +|   0|  0|  47|          40|          40|
    |e_106_fu_1543_p2         |         +|   0|  0|  47|          40|          40|
    |e_109_fu_1566_p2         |         +|   0|  0|  47|          40|          40|
    |e_10_fu_807_p2           |         +|   0|  0|  47|          40|          40|
    |e_112_fu_1589_p2         |         +|   0|  0|  47|          40|          40|
    |e_115_fu_1612_p2         |         +|   0|  0|  47|          40|          40|
    |e_118_fu_1635_p2         |         +|   0|  0|  47|          40|          40|
    |e_121_fu_1658_p2         |         +|   0|  0|  47|          40|          40|
    |e_124_fu_1681_p2         |         +|   0|  0|  47|          40|          40|
    |e_127_fu_1704_p2         |         +|   0|  0|  47|          40|          40|
    |e_130_fu_1727_p2         |         +|   0|  0|  47|          40|          40|
    |e_133_fu_1750_p2         |         +|   0|  0|  47|          40|          40|
    |e_13_fu_830_p2           |         +|   0|  0|  47|          40|          40|
    |e_16_fu_853_p2           |         +|   0|  0|  47|          40|          40|
    |e_19_fu_876_p2           |         +|   0|  0|  47|          40|          40|
    |e_22_fu_899_p2           |         +|   0|  0|  47|          40|          40|
    |e_25_fu_922_p2           |         +|   0|  0|  47|          40|          40|
    |e_28_fu_945_p2           |         +|   0|  0|  47|          40|          40|
    |e_31_fu_968_p2           |         +|   0|  0|  47|          40|          40|
    |e_34_fu_991_p2           |         +|   0|  0|  47|          40|          40|
    |e_37_fu_1014_p2          |         +|   0|  0|  47|          40|          40|
    |e_40_fu_1037_p2          |         +|   0|  0|  47|          40|          40|
    |e_43_fu_1060_p2          |         +|   0|  0|  47|          40|          40|
    |e_46_fu_1083_p2          |         +|   0|  0|  47|          40|          40|
    |e_49_fu_1106_p2          |         +|   0|  0|  47|          40|          40|
    |e_4_fu_761_p2            |         +|   0|  0|  47|          40|          40|
    |e_52_fu_1129_p2          |         +|   0|  0|  47|          40|          40|
    |e_55_fu_1152_p2          |         +|   0|  0|  47|          40|          40|
    |e_58_fu_1175_p2          |         +|   0|  0|  47|          40|          40|
    |e_61_fu_1198_p2          |         +|   0|  0|  47|          40|          40|
    |e_64_fu_1221_p2          |         +|   0|  0|  47|          40|          40|
    |e_67_fu_1244_p2          |         +|   0|  0|  47|          40|          40|
    |e_70_fu_1267_p2          |         +|   0|  0|  47|          40|          40|
    |e_73_fu_1290_p2          |         +|   0|  0|  47|          40|          40|
    |e_76_fu_1313_p2          |         +|   0|  0|  47|          40|          40|
    |e_79_fu_1336_p2          |         +|   0|  0|  47|          40|          40|
    |e_7_fu_784_p2            |         +|   0|  0|  47|          40|          40|
    |e_82_fu_1359_p2          |         +|   0|  0|  47|          40|          40|
    |e_85_fu_1382_p2          |         +|   0|  0|  47|          40|          40|
    |e_88_fu_1405_p2          |         +|   0|  0|  47|          40|          40|
    |e_91_fu_1428_p2          |         +|   0|  0|  47|          40|          40|
    |e_94_fu_1451_p2          |         +|   0|  0|  47|          40|          40|
    |e_97_fu_1474_p2          |         +|   0|  0|  47|          40|          40|
    |e_102_fu_1515_p2         |         -|   0|  0|  47|          40|          40|
    |e_105_fu_1537_p2         |         -|   0|  0|  47|          40|          40|
    |e_108_fu_1561_p2         |         -|   0|  0|  47|          40|          40|
    |e_111_fu_1583_p2         |         -|   0|  0|  47|          40|          40|
    |e_114_fu_1607_p2         |         -|   0|  0|  47|          40|          40|
    |e_117_fu_1629_p2         |         -|   0|  0|  47|          40|          40|
    |e_120_fu_1653_p2         |         -|   0|  0|  47|          40|          40|
    |e_123_fu_1675_p2         |         -|   0|  0|  47|          40|          40|
    |e_126_fu_1699_p2         |         -|   0|  0|  47|          40|          40|
    |e_129_fu_1721_p2         |         -|   0|  0|  47|          40|          40|
    |e_12_fu_825_p2           |         -|   0|  0|  47|          40|          40|
    |e_132_fu_1745_p2         |         -|   0|  0|  47|          40|          40|
    |e_15_fu_847_p2           |         -|   0|  0|  47|          40|          40|
    |e_18_fu_871_p2           |         -|   0|  0|  47|          40|          40|
    |e_1_fu_738_p2            |         -|   0|  0|  47|          40|          40|
    |e_21_fu_893_p2           |         -|   0|  0|  47|          40|          40|
    |e_24_fu_917_p2           |         -|   0|  0|  47|          40|          40|
    |e_27_fu_939_p2           |         -|   0|  0|  47|          40|          40|
    |e_30_fu_963_p2           |         -|   0|  0|  47|          40|          40|
    |e_33_fu_985_p2           |         -|   0|  0|  47|          40|          40|
    |e_36_fu_1009_p2          |         -|   0|  0|  47|          40|          40|
    |e_39_fu_1031_p2          |         -|   0|  0|  47|          40|          40|
    |e_3_fu_755_p2            |         -|   0|  0|  47|          40|          40|
    |e_42_fu_1055_p2          |         -|   0|  0|  47|          40|          40|
    |e_45_fu_1077_p2          |         -|   0|  0|  47|          40|          40|
    |e_48_fu_1101_p2          |         -|   0|  0|  47|          40|          40|
    |e_51_fu_1123_p2          |         -|   0|  0|  47|          40|          40|
    |e_54_fu_1147_p2          |         -|   0|  0|  47|          40|          40|
    |e_57_fu_1169_p2          |         -|   0|  0|  47|          40|          40|
    |e_60_fu_1193_p2          |         -|   0|  0|  47|          40|          40|
    |e_63_fu_1215_p2          |         -|   0|  0|  47|          40|          40|
    |e_66_fu_1239_p2          |         -|   0|  0|  47|          40|          40|
    |e_69_fu_1261_p2          |         -|   0|  0|  47|          40|          40|
    |e_6_fu_779_p2            |         -|   0|  0|  47|          40|          40|
    |e_72_fu_1285_p2          |         -|   0|  0|  47|          40|          40|
    |e_75_fu_1307_p2          |         -|   0|  0|  47|          40|          40|
    |e_78_fu_1331_p2          |         -|   0|  0|  47|          40|          40|
    |e_81_fu_1353_p2          |         -|   0|  0|  47|          40|          40|
    |e_84_fu_1377_p2          |         -|   0|  0|  47|          40|          40|
    |e_87_fu_1399_p2          |         -|   0|  0|  47|          40|          40|
    |e_90_fu_1423_p2          |         -|   0|  0|  47|          40|          40|
    |e_93_fu_1445_p2          |         -|   0|  0|  47|          40|          40|
    |e_96_fu_1469_p2          |         -|   0|  0|  47|          40|          40|
    |e_99_fu_1491_p2          |         -|   0|  0|  47|          40|          40|
    |e_9_fu_801_p2            |         -|   0|  0|  47|          40|          40|
    |e_fu_732_p2              |         -|   0|  0|  40|           1|          40|
    |out_17_fu_548_p2         |         -|   0|  0|  47|           1|          40|
    |out_20_fu_576_p2         |         -|   0|  0|  47|           1|          40|
    |out_23_fu_604_p2         |         -|   0|  0|  47|           1|          40|
    |out_26_fu_632_p2         |         -|   0|  0|  47|           1|          40|
    |out_29_fu_660_p2         |         -|   0|  0|  47|           1|          40|
    |out_fu_1763_p2           |         -|   0|  0|  47|          40|          40|
    |sub_ln42_2_fu_562_p2     |         -|   0|  0|  47|           1|          40|
    |sub_ln42_4_fu_590_p2     |         -|   0|  0|  47|           1|          40|
    |sub_ln42_6_fu_618_p2     |         -|   0|  0|  47|           1|          40|
    |sub_ln42_8_fu_646_p2     |         -|   0|  0|  47|           1|          40|
    |sub_ln42_fu_534_p2       |         -|   0|  0|  47|           1|          40|
    |e_101_fu_1503_p3         |    select|   0|  0|  40|           1|          40|
    |e_104_fu_1525_p3         |    select|   0|  0|  40|           1|          40|
    |e_107_fu_1549_p3         |    select|   0|  0|  40|           1|          40|
    |e_110_fu_1571_p3         |    select|   0|  0|  40|           1|          40|
    |e_113_fu_1595_p3         |    select|   0|  0|  40|           1|          40|
    |e_116_fu_1617_p3         |    select|   0|  0|  40|           1|          40|
    |e_119_fu_1641_p3         |    select|   0|  0|  40|           1|          40|
    |e_11_fu_813_p3           |    select|   0|  0|  40|           1|          40|
    |e_122_fu_1663_p3         |    select|   0|  0|  40|           1|          40|
    |e_125_fu_1687_p3         |    select|   0|  0|  40|           1|          40|
    |e_128_fu_1709_p3         |    select|   0|  0|  40|           1|          40|
    |e_131_fu_1733_p3         |    select|   0|  0|  40|           1|          40|
    |e_134_fu_1755_p3         |    select|   0|  0|  40|           1|          40|
    |e_14_fu_835_p3           |    select|   0|  0|  40|           1|          40|
    |e_17_fu_859_p3           |    select|   0|  0|  40|           1|          40|
    |e_20_fu_881_p3           |    select|   0|  0|  40|           1|          40|
    |e_23_fu_905_p3           |    select|   0|  0|  40|           1|          40|
    |e_26_fu_927_p3           |    select|   0|  0|  40|           1|          40|
    |e_29_fu_951_p3           |    select|   0|  0|  40|           1|          40|
    |e_2_fu_743_p3            |    select|   0|  0|  40|           1|          40|
    |e_32_fu_973_p3           |    select|   0|  0|  40|           1|          40|
    |e_35_fu_997_p3           |    select|   0|  0|  40|           1|          40|
    |e_38_fu_1019_p3          |    select|   0|  0|  40|           1|          40|
    |e_41_fu_1043_p3          |    select|   0|  0|  40|           1|          40|
    |e_44_fu_1065_p3          |    select|   0|  0|  40|           1|          40|
    |e_47_fu_1089_p3          |    select|   0|  0|  40|           1|          40|
    |e_50_fu_1111_p3          |    select|   0|  0|  40|           1|          40|
    |e_53_fu_1135_p3          |    select|   0|  0|  40|           1|          40|
    |e_56_fu_1157_p3          |    select|   0|  0|  40|           1|          40|
    |e_59_fu_1181_p3          |    select|   0|  0|  40|           1|          40|
    |e_5_fu_767_p3            |    select|   0|  0|  40|           1|          40|
    |e_62_fu_1203_p3          |    select|   0|  0|  40|           1|          40|
    |e_65_fu_1227_p3          |    select|   0|  0|  40|           1|          40|
    |e_68_fu_1249_p3          |    select|   0|  0|  40|           1|          40|
    |e_71_fu_1273_p3          |    select|   0|  0|  40|           1|          40|
    |e_74_fu_1295_p3          |    select|   0|  0|  40|           1|          40|
    |e_77_fu_1319_p3          |    select|   0|  0|  40|           1|          40|
    |e_80_fu_1341_p3          |    select|   0|  0|  40|           1|          40|
    |e_83_fu_1365_p3          |    select|   0|  0|  40|           1|          40|
    |e_86_fu_1387_p3          |    select|   0|  0|  40|           1|          40|
    |e_89_fu_1411_p3          |    select|   0|  0|  40|           1|          40|
    |e_8_fu_789_p3            |    select|   0|  0|  40|           1|          40|
    |e_92_fu_1433_p3          |    select|   0|  0|  40|           1|          40|
    |e_95_fu_1457_p3          |    select|   0|  0|  40|           1|          40|
    |e_98_fu_1479_p3          |    select|   0|  0|  40|           1|          40|
    |out_16_fu_540_p3         |    select|   0|  0|  40|           1|          40|
    |out_18_fu_554_p3         |    select|   0|  0|  40|           1|          40|
    |out_19_fu_568_p3         |    select|   0|  0|  40|           1|          40|
    |out_21_fu_582_p3         |    select|   0|  0|  40|           1|          40|
    |out_22_fu_596_p3         |    select|   0|  0|  40|           1|          40|
    |out_24_fu_610_p3         |    select|   0|  0|  40|           1|          40|
    |out_25_fu_624_p3         |    select|   0|  0|  40|           1|          40|
    |out_27_fu_638_p3         |    select|   0|  0|  40|           1|          40|
    |out_28_fu_652_p3         |    select|   0|  0|  40|           1|          40|
    |out_30_fu_666_p3         |    select|   0|  0|  40|           1|          40|
    |xor_ln194_10_fu_959_p2   |       xor|   0|  0|   2|           1|           1|
    |xor_ln194_11_fu_981_p2   |       xor|   0|  0|   2|           1|           1|
    |xor_ln194_12_fu_1005_p2  |       xor|   0|  0|   2|           1|           1|
    |xor_ln194_13_fu_1027_p2  |       xor|   0|  0|   2|           1|           1|
    |xor_ln194_14_fu_1051_p2  |       xor|   0|  0|   2|           1|           1|
    |xor_ln194_15_fu_1073_p2  |       xor|   0|  0|   2|           1|           1|
    |xor_ln194_16_fu_1097_p2  |       xor|   0|  0|   2|           1|           1|
    |xor_ln194_17_fu_1119_p2  |       xor|   0|  0|   2|           1|           1|
    |xor_ln194_18_fu_1143_p2  |       xor|   0|  0|   2|           1|           1|
    |xor_ln194_19_fu_1165_p2  |       xor|   0|  0|   2|           1|           1|
    |xor_ln194_1_fu_751_p2    |       xor|   0|  0|   2|           1|           1|
    |xor_ln194_20_fu_1189_p2  |       xor|   0|  0|   2|           1|           1|
    |xor_ln194_21_fu_1211_p2  |       xor|   0|  0|   2|           1|           1|
    |xor_ln194_22_fu_1235_p2  |       xor|   0|  0|   2|           1|           1|
    |xor_ln194_23_fu_1257_p2  |       xor|   0|  0|   2|           1|           1|
    |xor_ln194_24_fu_1281_p2  |       xor|   0|  0|   2|           1|           1|
    |xor_ln194_25_fu_1303_p2  |       xor|   0|  0|   2|           1|           1|
    |xor_ln194_26_fu_1327_p2  |       xor|   0|  0|   2|           1|           1|
    |xor_ln194_27_fu_1349_p2  |       xor|   0|  0|   2|           1|           1|
    |xor_ln194_28_fu_1373_p2  |       xor|   0|  0|   2|           1|           1|
    |xor_ln194_29_fu_1395_p2  |       xor|   0|  0|   2|           1|           1|
    |xor_ln194_2_fu_775_p2    |       xor|   0|  0|   2|           1|           1|
    |xor_ln194_30_fu_1419_p2  |       xor|   0|  0|   2|           1|           1|
    |xor_ln194_31_fu_1441_p2  |       xor|   0|  0|   2|           1|           1|
    |xor_ln194_32_fu_1465_p2  |       xor|   0|  0|   2|           1|           1|
    |xor_ln194_33_fu_1487_p2  |       xor|   0|  0|   2|           1|           1|
    |xor_ln194_34_fu_1511_p2  |       xor|   0|  0|   2|           1|           1|
    |xor_ln194_35_fu_1533_p2  |       xor|   0|  0|   2|           1|           1|
    |xor_ln194_36_fu_1557_p2  |       xor|   0|  0|   2|           1|           1|
    |xor_ln194_37_fu_1579_p2  |       xor|   0|  0|   2|           1|           1|
    |xor_ln194_38_fu_1603_p2  |       xor|   0|  0|   2|           1|           1|
    |xor_ln194_39_fu_1625_p2  |       xor|   0|  0|   2|           1|           1|
    |xor_ln194_3_fu_797_p2    |       xor|   0|  0|   2|           1|           1|
    |xor_ln194_40_fu_1649_p2  |       xor|   0|  0|   2|           1|           1|
    |xor_ln194_41_fu_1671_p2  |       xor|   0|  0|   2|           1|           1|
    |xor_ln194_42_fu_1695_p2  |       xor|   0|  0|   2|           1|           1|
    |xor_ln194_43_fu_1717_p2  |       xor|   0|  0|   2|           1|           1|
    |xor_ln194_44_fu_1741_p2  |       xor|   0|  0|   2|           1|           1|
    |xor_ln194_4_fu_821_p2    |       xor|   0|  0|   2|           1|           1|
    |xor_ln194_5_fu_843_p2    |       xor|   0|  0|   2|           1|           1|
    |xor_ln194_6_fu_867_p2    |       xor|   0|  0|   2|           1|           1|
    |xor_ln194_7_fu_889_p2    |       xor|   0|  0|   2|           1|           1|
    |xor_ln194_8_fu_913_p2    |       xor|   0|  0|   2|           1|           1|
    |xor_ln194_9_fu_935_p2    |       xor|   0|  0|   2|           1|           1|
    |xor_ln194_fu_723_p2      |       xor|   0|  0|   2|           1|           1|
    +-------------------------+----------+----+---+----+------------+------------+
    |Total                    |          |   0|  0|7437|        4111|        6685|
    +-------------------------+----------+----+---+----+------------+------------+

    * Multiplexer: 
    +-----------+-----+-----------+-----+-----------+
    |    Name   | LUT | Input Size| Bits| Total Bits|
    +-----------+-----+-----------+-----+-----------+
    |ap_NS_fsm  |  129|         26|    1|         26|
    |ap_return  |    9|          2|   40|         80|
    +-----------+-----+-----------+-----+-----------+
    |Total      |  138|         28|   41|        106|
    +-----------+-----+-----------+-----+-----------+

    * Register: 
    +----------------------+----+----+-----+-----------+
    |         Name         | FF | LUT| Bits| Const Bits|
    +----------------------+----+----+-----+-----------+
    |add_ln183_2_reg_1914  |  40|   0|   40|          0|
    |add_ln183_6_reg_1919  |  40|   0|   40|          0|
    |add_ln183_8_reg_1924  |  40|   0|   40|          0|
    |add_ln183_reg_1909    |  40|   0|   40|          0|
    |ap_CS_fsm             |  25|   0|   25|          0|
    |ap_return_preg        |  40|   0|   40|          0|
    |e_101_reg_2026        |  40|   0|   40|          0|
    |e_107_reg_2032        |  40|   0|   40|          0|
    |e_113_reg_2038        |  40|   0|   40|          0|
    |e_119_reg_2044        |  40|   0|   40|          0|
    |e_11_reg_1936         |  40|   0|   40|          0|
    |e_125_reg_2050        |  40|   0|   40|          0|
    |e_131_reg_2056        |  40|   0|   40|          0|
    |e_17_reg_1942         |  40|   0|   40|          0|
    |e_23_reg_1948         |  40|   0|   40|          0|
    |e_29_reg_1954         |  40|   0|   40|          0|
    |e_35_reg_1960         |  40|   0|   40|          0|
    |e_41_reg_1966         |  40|   0|   40|          0|
    |e_47_reg_1972         |  40|   0|   40|          0|
    |e_53_reg_1978         |  40|   0|   40|          0|
    |e_59_reg_1984         |  40|   0|   40|          0|
    |e_5_reg_1930          |  40|   0|   40|          0|
    |e_65_reg_1990         |  40|   0|   40|          0|
    |e_71_reg_1996         |  40|   0|   40|          0|
    |e_77_reg_2002         |  40|   0|   40|          0|
    |e_83_reg_2008         |  40|   0|   40|          0|
    |e_89_reg_2014         |  40|   0|   40|          0|
    |e_95_reg_2020         |  40|   0|   40|          0|
    |out_16_reg_1899       |  40|   0|   40|          0|
    |out_18_reg_1904       |  40|   0|   40|          0|
    +----------------------+----+----+-----+-----------+
    |Total                 |1185|   0| 1185|          0|
    +----------------------+----+----+-----+-----------+



================================================================
== Interface
================================================================
* Summary: 
+------------+-----+-----+------------+----------------------+--------------+
|  RTL Ports | Dir | Bits|  Protocol  |     Source Object    |    C Type    |
+------------+-----+-----+------------+----------------------+--------------+
|ap_clk      |   in|    1|  ap_ctrl_hs|  uniform_delta_energy|  return value|
|ap_rst      |   in|    1|  ap_ctrl_hs|  uniform_delta_energy|  return value|
|ap_start    |   in|    1|  ap_ctrl_hs|  uniform_delta_energy|  return value|
|ap_done     |  out|    1|  ap_ctrl_hs|  uniform_delta_energy|  return value|
|ap_idle     |  out|    1|  ap_ctrl_hs|  uniform_delta_energy|  return value|
|ap_ready    |  out|    1|  ap_ctrl_hs|  uniform_delta_energy|  return value|
|ap_return   |  out|   40|  ap_ctrl_hs|  uniform_delta_energy|  return value|
|J_0_1_val   |   in|   40|     ap_none|             J_0_1_val|        scalar|
|J_0_2_val   |   in|   40|     ap_none|             J_0_2_val|        scalar|
|J_0_3_val   |   in|   40|     ap_none|             J_0_3_val|        scalar|
|J_0_4_val   |   in|   40|     ap_none|             J_0_4_val|        scalar|
|J_0_5_val   |   in|   40|     ap_none|             J_0_5_val|        scalar|
|J_0_6_val   |   in|   40|     ap_none|             J_0_6_val|        scalar|
|J_0_7_val   |   in|   40|     ap_none|             J_0_7_val|        scalar|
|J_0_8_val   |   in|   40|     ap_none|             J_0_8_val|        scalar|
|J_0_9_val   |   in|   40|     ap_none|             J_0_9_val|        scalar|
|J_1_2_val   |   in|   40|     ap_none|             J_1_2_val|        scalar|
|J_1_3_val   |   in|   40|     ap_none|             J_1_3_val|        scalar|
|J_1_4_val   |   in|   40|     ap_none|             J_1_4_val|        scalar|
|J_1_5_val   |   in|   40|     ap_none|             J_1_5_val|        scalar|
|J_1_6_val   |   in|   40|     ap_none|             J_1_6_val|        scalar|
|J_1_7_val   |   in|   40|     ap_none|             J_1_7_val|        scalar|
|J_1_8_val   |   in|   40|     ap_none|             J_1_8_val|        scalar|
|J_1_9_val   |   in|   40|     ap_none|             J_1_9_val|        scalar|
|J_2_3_val   |   in|   40|     ap_none|             J_2_3_val|        scalar|
|J_2_4_val   |   in|   40|     ap_none|             J_2_4_val|        scalar|
|J_2_5_val   |   in|   40|     ap_none|             J_2_5_val|        scalar|
|J_2_6_val   |   in|   40|     ap_none|             J_2_6_val|        scalar|
|J_2_7_val   |   in|   40|     ap_none|             J_2_7_val|        scalar|
|J_2_8_val   |   in|   40|     ap_none|             J_2_8_val|        scalar|
|J_2_9_val   |   in|   40|     ap_none|             J_2_9_val|        scalar|
|J_3_4_val   |   in|   40|     ap_none|             J_3_4_val|        scalar|
|J_3_5_val   |   in|   40|     ap_none|             J_3_5_val|        scalar|
|J_3_6_val   |   in|   40|     ap_none|             J_3_6_val|        scalar|
|J_3_7_val   |   in|   40|     ap_none|             J_3_7_val|        scalar|
|J_3_8_val   |   in|   40|     ap_none|             J_3_8_val|        scalar|
|J_3_9_val   |   in|   40|     ap_none|             J_3_9_val|        scalar|
|J_4_5_val   |   in|   40|     ap_none|             J_4_5_val|        scalar|
|J_4_6_val   |   in|   40|     ap_none|             J_4_6_val|        scalar|
|J_4_7_val   |   in|   40|     ap_none|             J_4_7_val|        scalar|
|J_4_8_val   |   in|   40|     ap_none|             J_4_8_val|        scalar|
|J_4_9_val   |   in|   40|     ap_none|             J_4_9_val|        scalar|
|J_5_6_val   |   in|   40|     ap_none|             J_5_6_val|        scalar|
|J_5_7_val   |   in|   40|     ap_none|             J_5_7_val|        scalar|
|J_5_8_val   |   in|   40|     ap_none|             J_5_8_val|        scalar|
|J_5_9_val   |   in|   40|     ap_none|             J_5_9_val|        scalar|
|J_6_7_val   |   in|   40|     ap_none|             J_6_7_val|        scalar|
|J_6_8_val   |   in|   40|     ap_none|             J_6_8_val|        scalar|
|J_6_9_val   |   in|   40|     ap_none|             J_6_9_val|        scalar|
|J_7_8_val   |   in|   40|     ap_none|             J_7_8_val|        scalar|
|J_7_9_val   |   in|   40|     ap_none|             J_7_9_val|        scalar|
|J_8_9_val   |   in|   40|     ap_none|             J_8_9_val|        scalar|
|h_0_val     |   in|   40|     ap_none|               h_0_val|        scalar|
|h_1_val     |   in|   40|     ap_none|               h_1_val|        scalar|
|h_2_val     |   in|   40|     ap_none|               h_2_val|        scalar|
|h_3_val     |   in|   40|     ap_none|               h_3_val|        scalar|
|h_4_val     |   in|   40|     ap_none|               h_4_val|        scalar|
|h_5_val     |   in|   40|     ap_none|               h_5_val|        scalar|
|h_6_val     |   in|   40|     ap_none|               h_6_val|        scalar|
|h_7_val     |   in|   40|     ap_none|               h_7_val|        scalar|
|h_8_val     |   in|   40|     ap_none|               h_8_val|        scalar|
|h_9_val     |   in|   40|     ap_none|               h_9_val|        scalar|
|y_0_val     |   in|    1|     ap_none|               y_0_val|        scalar|
|y_1_val     |   in|    1|     ap_none|               y_1_val|        scalar|
|y_2_val     |   in|    1|     ap_none|               y_2_val|        scalar|
|y_3_val     |   in|    1|     ap_none|               y_3_val|        scalar|
|y_4_val     |   in|    1|     ap_none|               y_4_val|        scalar|
|y_5_val     |   in|    1|     ap_none|               y_5_val|        scalar|
|y_6_val     |   in|    1|     ap_none|               y_6_val|        scalar|
|y_7_val     |   in|    1|     ap_none|               y_7_val|        scalar|
|y_8_val     |   in|    1|     ap_none|               y_8_val|        scalar|
|y_9_val     |   in|    1|     ap_none|               y_9_val|        scalar|
|old_energy  |   in|   40|     ap_none|            old_energy|        scalar|
+------------+-----+-----+------------+----------------------+--------------+

