================================================================
== Design Size Report
================================================================

* Total Instructions per Compilation Phase
+---------------+----------------------------+--------------+----------------------------------------------------------------------------------------+
| Phase         | Step                       | Instructions | Description                                                                            |
+---------------+----------------------------+--------------+----------------------------------------------------------------------------------------+
| Compile/Link  |                            |   3,872      | After all functions are compiled and linked into a single design                       |
|               |                            |              |                                                                                        |
| Unroll/Inline |                            |              | After user unroll and inline pragmas are applied                                       |
|               | (1) unroll                 |  27,763      | user unroll pragmas are applied                                                        |
|               | (2) simplification         |   7,048      | simplification of applied user unroll pragmas                                          |
|               | (3) inline                 |   4,708      | user inline pragmas are applied                                                        |
|               | (4) simplification         |   2,801      | simplification of applied user inline pragmas                                          |
|               |                            |              |                                                                                        |
| Array/Struct  |                            |              | After user array partition and struct aggregate/disaggregate pragmas are applied       |
|               | (1) array partition        | 298,717 *    | user array partition pragmas are applied                                               |
|               | (2) simplification         |   2,743      | simplification of applied user array partition & struct aggregate/disaggregate pragmas |
|               | (3) aggregate/disaggregate |   3,121      | user struct aggregate/disaggregate pragmas are applied                                 |
|               | (4) array reshape          |   3,121      | apply array reshape pragmas                                                            |
|               | (5) access patterns        |   3,121      | array access pattern optmizations                                                      |
|               |                            |              |                                                                                        |
| Performance   |                            |              | After transformations are applied to meet performance pragma targets                   |
|               | (1) loop simplification    |   2,365      | loop and instruction simplification                                                    |
|               | (2) parallelization        |   2,365      | loops are unrolled or pipelined to meet performance targets                            |
|               | (3) array partition        |   2,365      | arrays are partitioned to meet performance targets                                     |
|               | (4) simplification         |   2,365      | simplification of design after performance transformations                             |
|               |                            |              |                                                                                        |
| HW Transforms |                            |              | After hardware transfomations                                                          |
|               | (1) lowering               |   4,054      | initial conversion to HW specific instructions                                         |
|               | (2) optimizations          |   3,998      | high level synthesis optimizations                                                     |
+---------------+----------------------------+--------------+----------------------------------------------------------------------------------------+
    * - Exceeded design size warning message threshold

* Instructions per Function for each Compilation Phase
+---------------------------+-----------------+--------------+-----------------+-----------------+-----------------+-----------------+
| Function                  | Location        | Compile/Link | Unroll/Inline   | Array/Struct    | Performance     | HW Transforms   |
+---------------------------+-----------------+--------------+-----------------+-----------------+-----------------+-----------------+
| + uniform_metropolis_step | sk_step.cpp:258 | 3,872        | 2,801           | 3,121           | 2,365           | 3,998           |
|  + uniform_delta_energy   | sk_step.cpp:168 | 1,325        | 2,728           | 3,043           | 1,853           | 1,796           |
|     spin_mul              | sk_step.cpp:37  |  289         |  196 (28 calls) |  196 (28 calls) |  196 (28 calls) |  196 (28 calls) |
|  + metropolis_accept      | sk_step.cpp:115 | 2,287        |                 |                 |                 |                 |
|     exp_neg_approx        | sk_step.cpp:58  | 1,975        |                 |                 |                 |                 |
+---------------------------+-----------------+--------------+-----------------+-----------------+-----------------+-----------------+

* Design Size Message Settings
+---------------------------------------------+--------+------------------------------------------------------------------+
| Message Setting                             | Value  | Description                                                      |
+---------------------------------------------+--------+------------------------------------------------------------------+
| config_compile -design_size_maximum_warning | 100000 | Show a warning when total design instructions exceeds this value |
+---------------------------------------------+--------+------------------------------------------------------------------+


