

================================================================
== Vitis HLS Report for 'uniform_delta_energy'
================================================================
* Date:           Tue May 19 20:37:09 2026

* Version:        2025.2 (Build 6295257 on Nov 14 2025)
* Project:        hls_uniform_metropolis_step_N17
* Solution:       hls (Vivado IP Flow Target)
* Product family: virtexuplus
* Target device:  xcvu19p-fsva3824-2-e


================================================================
== Performance Estimates
================================================================
+ Timing: 
    * Summary: 
    +--------+---------+----------+------------+
    |  Clock |  Target | Estimated| Uncertainty|
    +--------+---------+----------+------------+
    |ap_clk  |  3.33 ns|  2.388 ns|     0.90 ns|
    +--------+---------+----------+------------+

+ Latency: 
    * Summary: 
    +---------+---------+----------+----------+-----+-----+---------+
    |  Latency (cycles) |  Latency (absolute) |  Interval | Pipeline|
    |   min   |   max   |    min   |    max   | min | max |   Type  |
    +---------+---------+----------+----------+-----+-----+---------+
    |       70|       70|  0.233 us|  0.233 us|   70|   70|       no|
    +---------+---------+----------+----------+-----+-----+---------+

    + Detail: 
        * Instance: 
        N/A

        * Loop: 
        N/A



================================================================
== Utilization Estimates
================================================================
* Summary: 
+---------------------+---------+------+---------+---------+-----+
|         Name        | BRAM_18K|  DSP |    FF   |   LUT   | URAM|
+---------------------+---------+------+---------+---------+-----+
|DSP                  |        -|     -|        -|        -|    -|
|Expression           |        -|     -|        0|    20723|    -|
|FIFO                 |        -|     -|        -|        -|    -|
|Instance             |        -|     -|        -|        -|    -|
|Memory               |        -|     -|        -|        -|    -|
|Multiplexer          |        -|     -|        0|      334|    -|
|Register             |        -|     -|     3231|        -|    -|
+---------------------+---------+------+---------+---------+-----+
|Total                |        0|     0|     3231|    21057|    0|
+---------------------+---------+------+---------+---------+-----+
|Available SLR        |     1080|   960|  2042880|  1021440|   80|
+---------------------+---------+------+---------+---------+-----+
|Utilization SLR (%)  |        0|     0|       ~0|        2|    0|
+---------------------+---------+------+---------+---------+-----+
|Available            |     4320|  3840|  8171520|  4085760|  320|
+---------------------+---------+------+---------+---------+-----+
|Utilization (%)      |        0|     0|       ~0|       ~0|    0|
+---------------------+---------+------+---------+---------+-----+

+ Detail: 
    * Instance: 
    N/A

    * DSP: 
    N/A

    * Memory: 
    N/A

    * FIFO: 
    N/A

    * Expression: 
    +--------------------------+----------+----+---+-----+------------+------------+
    |       Variable Name      | Operation| DSP| FF| LUT | Bitwidth P0| Bitwidth P1|
    +--------------------------+----------+----+---+-----+------------+------------+
    |add_ln183_10_fu_1674_p2   |         +|   0|  0|   40|          40|          40|
    |add_ln183_11_fu_1580_p2   |         +|   0|  0|   40|          40|          40|
    |add_ln183_12_fu_1586_p2   |         +|   0|  0|   40|          40|          40|
    |add_ln183_13_fu_1678_p2   |         +|   0|  0|   40|          40|          40|
    |add_ln183_14_fu_1683_p2   |         +|   0|  0|   40|          40|          40|
    |add_ln183_15_fu_1693_p2   |         +|   0|  0|   40|          40|          40|
    |add_ln183_1_fu_1556_p2    |         +|   0|  0|   47|          40|          40|
    |add_ln183_2_fu_1654_p2    |         +|   0|  0|   40|          40|          40|
    |add_ln183_3_fu_1659_p2    |         +|   0|  0|   40|          40|          40|
    |add_ln183_4_fu_1562_p2    |         +|   0|  0|   47|          40|          40|
    |add_ln183_5_fu_1665_p2    |         +|   0|  0|   40|          40|          40|
    |add_ln183_6_fu_1689_p2    |         +|   0|  0|   40|          40|          40|
    |add_ln183_7_fu_1568_p2    |         +|   0|  0|   47|          40|          40|
    |add_ln183_8_fu_1574_p2    |         +|   0|  0|   47|          40|          40|
    |add_ln183_9_fu_1670_p2    |         +|   0|  0|   40|          40|          40|
    |add_ln183_fu_1648_p2      |         +|   0|  0|   40|          40|          40|
    |add_ln195_fu_1702_p2      |         +|   0|  0|   40|          40|          40|
    |e_100_fu_2473_p2          |         +|   0|  0|   47|          40|          40|
    |e_103_fu_2496_p2          |         +|   0|  0|   47|          40|          40|
    |e_106_fu_2519_p2          |         +|   0|  0|   47|          40|          40|
    |e_109_fu_2542_p2          |         +|   0|  0|   47|          40|          40|
    |e_10_fu_1783_p2           |         +|   0|  0|   47|          40|          40|
    |e_112_fu_2565_p2          |         +|   0|  0|   47|          40|          40|
    |e_115_fu_2588_p2          |         +|   0|  0|   47|          40|          40|
    |e_118_fu_2611_p2          |         +|   0|  0|   47|          40|          40|
    |e_121_fu_2634_p2          |         +|   0|  0|   47|          40|          40|
    |e_124_fu_2657_p2          |         +|   0|  0|   47|          40|          40|
    |e_127_fu_2680_p2          |         +|   0|  0|   47|          40|          40|
    |e_130_fu_2703_p2          |         +|   0|  0|   47|          40|          40|
    |e_133_fu_2726_p2          |         +|   0|  0|   47|          40|          40|
    |e_136_fu_2749_p2          |         +|   0|  0|   47|          40|          40|
    |e_139_fu_2772_p2          |         +|   0|  0|   47|          40|          40|
    |e_13_fu_1806_p2           |         +|   0|  0|   47|          40|          40|
    |e_142_fu_2795_p2          |         +|   0|  0|   47|          40|          40|
    |e_145_fu_2818_p2          |         +|   0|  0|   47|          40|          40|
    |e_148_fu_2841_p2          |         +|   0|  0|   47|          40|          40|
    |e_151_fu_2864_p2          |         +|   0|  0|   47|          40|          40|
    |e_154_fu_2887_p2          |         +|   0|  0|   47|          40|          40|
    |e_157_fu_2910_p2          |         +|   0|  0|   47|          40|          40|
    |e_160_fu_2933_p2          |         +|   0|  0|   47|          40|          40|
    |e_163_fu_2956_p2          |         +|   0|  0|   47|          40|          40|
    |e_166_fu_2979_p2          |         +|   0|  0|   47|          40|          40|
    |e_169_fu_3002_p2          |         +|   0|  0|   47|          40|          40|
    |e_16_fu_1829_p2           |         +|   0|  0|   47|          40|          40|
    |e_172_fu_3025_p2          |         +|   0|  0|   47|          40|          40|
    |e_175_fu_3048_p2          |         +|   0|  0|   47|          40|          40|
    |e_178_fu_3071_p2          |         +|   0|  0|   47|          40|          40|
    |e_181_fu_3094_p2          |         +|   0|  0|   47|          40|          40|
    |e_184_fu_3117_p2          |         +|   0|  0|   47|          40|          40|
    |e_187_fu_3140_p2          |         +|   0|  0|   47|          40|          40|
    |e_190_fu_3163_p2          |         +|   0|  0|   47|          40|          40|
    |e_193_fu_3186_p2          |         +|   0|  0|   47|          40|          40|
    |e_196_fu_3209_p2          |         +|   0|  0|   47|          40|          40|
    |e_199_fu_3232_p2          |         +|   0|  0|   47|          40|          40|
    |e_19_fu_1852_p2           |         +|   0|  0|   47|          40|          40|
    |e_202_fu_3255_p2          |         +|   0|  0|   47|          40|          40|
    |e_205_fu_3278_p2          |         +|   0|  0|   47|          40|          40|
    |e_208_fu_3301_p2          |         +|   0|  0|   47|          40|          40|
    |e_211_fu_3324_p2          |         +|   0|  0|   47|          40|          40|
    |e_214_fu_3347_p2          |         +|   0|  0|   47|          40|          40|
    |e_217_fu_3370_p2          |         +|   0|  0|   47|          40|          40|
    |e_220_fu_3393_p2          |         +|   0|  0|   47|          40|          40|
    |e_223_fu_3416_p2          |         +|   0|  0|   47|          40|          40|
    |e_226_fu_3439_p2          |         +|   0|  0|   47|          40|          40|
    |e_229_fu_3462_p2          |         +|   0|  0|   47|          40|          40|
    |e_22_fu_1875_p2           |         +|   0|  0|   47|          40|          40|
    |e_232_fu_3485_p2          |         +|   0|  0|   47|          40|          40|
    |e_235_fu_3508_p2          |         +|   0|  0|   47|          40|          40|
    |e_238_fu_3531_p2          |         +|   0|  0|   47|          40|          40|
    |e_241_fu_3554_p2          |         +|   0|  0|   47|          40|          40|
    |e_244_fu_3577_p2          |         +|   0|  0|   47|          40|          40|
    |e_247_fu_3600_p2          |         +|   0|  0|   47|          40|          40|
    |e_250_fu_3623_p2          |         +|   0|  0|   47|          40|          40|
    |e_253_fu_3646_p2          |         +|   0|  0|   47|          40|          40|
    |e_256_fu_3669_p2          |         +|   0|  0|   47|          40|          40|
    |e_259_fu_3692_p2          |         +|   0|  0|   47|          40|          40|
    |e_25_fu_1898_p2           |         +|   0|  0|   47|          40|          40|
    |e_262_fu_3715_p2          |         +|   0|  0|   47|          40|          40|
    |e_265_fu_3738_p2          |         +|   0|  0|   47|          40|          40|
    |e_268_fu_3761_p2          |         +|   0|  0|   47|          40|          40|
    |e_271_fu_3784_p2          |         +|   0|  0|   47|          40|          40|
    |e_274_fu_3807_p2          |         +|   0|  0|   47|          40|          40|
    |e_277_fu_3830_p2          |         +|   0|  0|   47|          40|          40|
    |e_280_fu_3853_p2          |         +|   0|  0|   47|          40|          40|
    |e_283_fu_3876_p2          |         +|   0|  0|   47|          40|          40|
    |e_286_fu_3899_p2          |         +|   0|  0|   47|          40|          40|
    |e_289_fu_3922_p2          |         +|   0|  0|   47|          40|          40|
    |e_28_fu_1921_p2           |         +|   0|  0|   47|          40|          40|
    |e_292_fu_3945_p2          |         +|   0|  0|   47|          40|          40|
    |e_295_fu_3968_p2          |         +|   0|  0|   47|          40|          40|
    |e_298_fu_3991_p2          |         +|   0|  0|   47|          40|          40|
    |e_301_fu_4014_p2          |         +|   0|  0|   47|          40|          40|
    |e_304_fu_4037_p2          |         +|   0|  0|   47|          40|          40|
    |e_307_fu_4060_p2          |         +|   0|  0|   47|          40|          40|
    |e_310_fu_4083_p2          |         +|   0|  0|   47|          40|          40|
    |e_313_fu_4106_p2          |         +|   0|  0|   47|          40|          40|
    |e_316_fu_4129_p2          |         +|   0|  0|   47|          40|          40|
    |e_319_fu_4152_p2          |         +|   0|  0|   47|          40|          40|
    |e_31_fu_1944_p2           |         +|   0|  0|   47|          40|          40|
    |e_322_fu_4175_p2          |         +|   0|  0|   47|          40|          40|
    |e_325_fu_4198_p2          |         +|   0|  0|   47|          40|          40|
    |e_328_fu_4221_p2          |         +|   0|  0|   47|          40|          40|
    |e_331_fu_4244_p2          |         +|   0|  0|   47|          40|          40|
    |e_334_fu_4267_p2          |         +|   0|  0|   47|          40|          40|
    |e_337_fu_4290_p2          |         +|   0|  0|   47|          40|          40|
    |e_340_fu_4313_p2          |         +|   0|  0|   47|          40|          40|
    |e_343_fu_4336_p2          |         +|   0|  0|   47|          40|          40|
    |e_346_fu_4359_p2          |         +|   0|  0|   47|          40|          40|
    |e_349_fu_4382_p2          |         +|   0|  0|   47|          40|          40|
    |e_34_fu_1967_p2           |         +|   0|  0|   47|          40|          40|
    |e_352_fu_4405_p2          |         +|   0|  0|   47|          40|          40|
    |e_355_fu_4428_p2          |         +|   0|  0|   47|          40|          40|
    |e_358_fu_4451_p2          |         +|   0|  0|   47|          40|          40|
    |e_361_fu_4474_p2          |         +|   0|  0|   47|          40|          40|
    |e_364_fu_4497_p2          |         +|   0|  0|   47|          40|          40|
    |e_367_fu_4520_p2          |         +|   0|  0|   47|          40|          40|
    |e_370_fu_4543_p2          |         +|   0|  0|   47|          40|          40|
    |e_373_fu_4566_p2          |         +|   0|  0|   47|          40|          40|
    |e_376_fu_4589_p2          |         +|   0|  0|   47|          40|          40|
    |e_379_fu_4612_p2          |         +|   0|  0|   47|          40|          40|
    |e_37_fu_1990_p2           |         +|   0|  0|   47|          40|          40|
    |e_382_fu_4635_p2          |         +|   0|  0|   47|          40|          40|
    |e_385_fu_4658_p2          |         +|   0|  0|   47|          40|          40|
    |e_388_fu_4681_p2          |         +|   0|  0|   47|          40|          40|
    |e_391_fu_4704_p2          |         +|   0|  0|   47|          40|          40|
    |e_394_fu_4727_p2          |         +|   0|  0|   47|          40|          40|
    |e_397_fu_4750_p2          |         +|   0|  0|   47|          40|          40|
    |e_400_fu_4773_p2          |         +|   0|  0|   47|          40|          40|
    |e_403_fu_4796_p2          |         +|   0|  0|   47|          40|          40|
    |e_406_fu_4819_p2          |         +|   0|  0|   47|          40|          40|
    |e_40_fu_2013_p2           |         +|   0|  0|   47|          40|          40|
    |e_43_fu_2036_p2           |         +|   0|  0|   47|          40|          40|
    |e_46_fu_2059_p2           |         +|   0|  0|   47|          40|          40|
    |e_49_fu_2082_p2           |         +|   0|  0|   47|          40|          40|
    |e_4_fu_1737_p2            |         +|   0|  0|   47|          40|          40|
    |e_52_fu_2105_p2           |         +|   0|  0|   47|          40|          40|
    |e_55_fu_2128_p2           |         +|   0|  0|   47|          40|          40|
    |e_58_fu_2151_p2           |         +|   0|  0|   47|          40|          40|
    |e_61_fu_2174_p2           |         +|   0|  0|   47|          40|          40|
    |e_64_fu_2197_p2           |         +|   0|  0|   47|          40|          40|
    |e_67_fu_2220_p2           |         +|   0|  0|   47|          40|          40|
    |e_70_fu_2243_p2           |         +|   0|  0|   47|          40|          40|
    |e_73_fu_2266_p2           |         +|   0|  0|   47|          40|          40|
    |e_76_fu_2289_p2           |         +|   0|  0|   47|          40|          40|
    |e_79_fu_2312_p2           |         +|   0|  0|   47|          40|          40|
    |e_7_fu_1760_p2            |         +|   0|  0|   47|          40|          40|
    |e_82_fu_2335_p2           |         +|   0|  0|   47|          40|          40|
    |e_85_fu_2358_p2           |         +|   0|  0|   47|          40|          40|
    |e_88_fu_2381_p2           |         +|   0|  0|   47|          40|          40|
    |e_91_fu_2404_p2           |         +|   0|  0|   47|          40|          40|
    |e_94_fu_2427_p2           |         +|   0|  0|   47|          40|          40|
    |e_97_fu_2450_p2           |         +|   0|  0|   47|          40|          40|
    |e_102_fu_2490_p2          |         -|   0|  0|   47|          40|          40|
    |e_105_fu_2514_p2          |         -|   0|  0|   47|          40|          40|
    |e_108_fu_2536_p2          |         -|   0|  0|   47|          40|          40|
    |e_111_fu_2560_p2          |         -|   0|  0|   47|          40|          40|
    |e_114_fu_2582_p2          |         -|   0|  0|   47|          40|          40|
    |e_117_fu_2606_p2          |         -|   0|  0|   47|          40|          40|
    |e_120_fu_2628_p2          |         -|   0|  0|   47|          40|          40|
    |e_123_fu_2652_p2          |         -|   0|  0|   47|          40|          40|
    |e_126_fu_2674_p2          |         -|   0|  0|   47|          40|          40|
    |e_129_fu_2698_p2          |         -|   0|  0|   47|          40|          40|
    |e_12_fu_1800_p2           |         -|   0|  0|   47|          40|          40|
    |e_132_fu_2720_p2          |         -|   0|  0|   47|          40|          40|
    |e_135_fu_2744_p2          |         -|   0|  0|   47|          40|          40|
    |e_138_fu_2766_p2          |         -|   0|  0|   47|          40|          40|
    |e_141_fu_2790_p2          |         -|   0|  0|   47|          40|          40|
    |e_144_fu_2812_p2          |         -|   0|  0|   47|          40|          40|
    |e_147_fu_2836_p2          |         -|   0|  0|   47|          40|          40|
    |e_150_fu_2858_p2          |         -|   0|  0|   47|          40|          40|
    |e_153_fu_2882_p2          |         -|   0|  0|   47|          40|          40|
    |e_156_fu_2904_p2          |         -|   0|  0|   47|          40|          40|
    |e_159_fu_2928_p2          |         -|   0|  0|   47|          40|          40|
    |e_15_fu_1824_p2           |         -|   0|  0|   47|          40|          40|
    |e_162_fu_2950_p2          |         -|   0|  0|   47|          40|          40|
    |e_165_fu_2974_p2          |         -|   0|  0|   47|          40|          40|
    |e_168_fu_2996_p2          |         -|   0|  0|   47|          40|          40|
    |e_171_fu_3020_p2          |         -|   0|  0|   47|          40|          40|
    |e_174_fu_3042_p2          |         -|   0|  0|   47|          40|          40|
    |e_177_fu_3066_p2          |         -|   0|  0|   47|          40|          40|
    |e_180_fu_3088_p2          |         -|   0|  0|   47|          40|          40|
    |e_183_fu_3112_p2          |         -|   0|  0|   47|          40|          40|
    |e_186_fu_3134_p2          |         -|   0|  0|   47|          40|          40|
    |e_189_fu_3158_p2          |         -|   0|  0|   47|          40|          40|
    |e_18_fu_1846_p2           |         -|   0|  0|   47|          40|          40|
    |e_192_fu_3180_p2          |         -|   0|  0|   47|          40|          40|
    |e_195_fu_3204_p2          |         -|   0|  0|   47|          40|          40|
    |e_198_fu_3226_p2          |         -|   0|  0|   47|          40|          40|
    |e_1_fu_1714_p2            |         -|   0|  0|   47|          40|          40|
    |e_201_fu_3250_p2          |         -|   0|  0|   47|          40|          40|
    |e_204_fu_3272_p2          |         -|   0|  0|   47|          40|          40|
    |e_207_fu_3296_p2          |         -|   0|  0|   47|          40|          40|
    |e_210_fu_3318_p2          |         -|   0|  0|   47|          40|          40|
    |e_213_fu_3342_p2          |         -|   0|  0|   47|          40|          40|
    |e_216_fu_3364_p2          |         -|   0|  0|   47|          40|          40|
    |e_219_fu_3388_p2          |         -|   0|  0|   47|          40|          40|
    |e_21_fu_1870_p2           |         -|   0|  0|   47|          40|          40|
    |e_222_fu_3410_p2          |         -|   0|  0|   47|          40|          40|
    |e_225_fu_3434_p2          |         -|   0|  0|   47|          40|          40|
    |e_228_fu_3456_p2          |         -|   0|  0|   47|          40|          40|
    |e_231_fu_3480_p2          |         -|   0|  0|   47|          40|          40|
    |e_234_fu_3502_p2          |         -|   0|  0|   47|          40|          40|
    |e_237_fu_3526_p2          |         -|   0|  0|   47|          40|          40|
    |e_240_fu_3548_p2          |         -|   0|  0|   47|          40|          40|
    |e_243_fu_3572_p2          |         -|   0|  0|   47|          40|          40|
    |e_246_fu_3594_p2          |         -|   0|  0|   47|          40|          40|
    |e_249_fu_3618_p2          |         -|   0|  0|   47|          40|          40|
    |e_24_fu_1892_p2           |         -|   0|  0|   47|          40|          40|
    |e_252_fu_3640_p2          |         -|   0|  0|   47|          40|          40|
    |e_255_fu_3664_p2          |         -|   0|  0|   47|          40|          40|
    |e_258_fu_3686_p2          |         -|   0|  0|   47|          40|          40|
    |e_261_fu_3710_p2          |         -|   0|  0|   47|          40|          40|
    |e_264_fu_3732_p2          |         -|   0|  0|   47|          40|          40|
    |e_267_fu_3756_p2          |         -|   0|  0|   47|          40|          40|
    |e_270_fu_3778_p2          |         -|   0|  0|   47|          40|          40|
    |e_273_fu_3802_p2          |         -|   0|  0|   47|          40|          40|
    |e_276_fu_3824_p2          |         -|   0|  0|   47|          40|          40|
    |e_279_fu_3848_p2          |         -|   0|  0|   47|          40|          40|
    |e_27_fu_1916_p2           |         -|   0|  0|   47|          40|          40|
    |e_282_fu_3870_p2          |         -|   0|  0|   47|          40|          40|
    |e_285_fu_3894_p2          |         -|   0|  0|   47|          40|          40|
    |e_288_fu_3916_p2          |         -|   0|  0|   47|          40|          40|
    |e_291_fu_3940_p2          |         -|   0|  0|   47|          40|          40|
    |e_294_fu_3962_p2          |         -|   0|  0|   47|          40|          40|
    |e_297_fu_3986_p2          |         -|   0|  0|   47|          40|          40|
    |e_300_fu_4008_p2          |         -|   0|  0|   47|          40|          40|
    |e_303_fu_4032_p2          |         -|   0|  0|   47|          40|          40|
    |e_306_fu_4054_p2          |         -|   0|  0|   47|          40|          40|
    |e_309_fu_4078_p2          |         -|   0|  0|   47|          40|          40|
    |e_30_fu_1938_p2           |         -|   0|  0|   47|          40|          40|
    |e_312_fu_4100_p2          |         -|   0|  0|   47|          40|          40|
    |e_315_fu_4124_p2          |         -|   0|  0|   47|          40|          40|
    |e_318_fu_4146_p2          |         -|   0|  0|   47|          40|          40|
    |e_321_fu_4170_p2          |         -|   0|  0|   47|          40|          40|
    |e_324_fu_4192_p2          |         -|   0|  0|   47|          40|          40|
    |e_327_fu_4216_p2          |         -|   0|  0|   47|          40|          40|
    |e_330_fu_4238_p2          |         -|   0|  0|   47|          40|          40|
    |e_333_fu_4262_p2          |         -|   0|  0|   47|          40|          40|
    |e_336_fu_4284_p2          |         -|   0|  0|   47|          40|          40|
    |e_339_fu_4308_p2          |         -|   0|  0|   47|          40|          40|
    |e_33_fu_1962_p2           |         -|   0|  0|   47|          40|          40|
    |e_342_fu_4330_p2          |         -|   0|  0|   47|          40|          40|
    |e_345_fu_4354_p2          |         -|   0|  0|   47|          40|          40|
    |e_348_fu_4376_p2          |         -|   0|  0|   47|          40|          40|
    |e_351_fu_4400_p2          |         -|   0|  0|   47|          40|          40|
    |e_354_fu_4422_p2          |         -|   0|  0|   47|          40|          40|
    |e_357_fu_4446_p2          |         -|   0|  0|   47|          40|          40|
    |e_360_fu_4468_p2          |         -|   0|  0|   47|          40|          40|
    |e_363_fu_4492_p2          |         -|   0|  0|   47|          40|          40|
    |e_366_fu_4514_p2          |         -|   0|  0|   47|          40|          40|
    |e_369_fu_4538_p2          |         -|   0|  0|   47|          40|          40|
    |e_36_fu_1984_p2           |         -|   0|  0|   47|          40|          40|
    |e_372_fu_4560_p2          |         -|   0|  0|   47|          40|          40|
    |e_375_fu_4584_p2          |         -|   0|  0|   47|          40|          40|
    |e_378_fu_4606_p2          |         -|   0|  0|   47|          40|          40|
    |e_381_fu_4630_p2          |         -|   0|  0|   47|          40|          40|
    |e_384_fu_4652_p2          |         -|   0|  0|   47|          40|          40|
    |e_387_fu_4676_p2          |         -|   0|  0|   47|          40|          40|
    |e_390_fu_4698_p2          |         -|   0|  0|   47|          40|          40|
    |e_393_fu_4722_p2          |         -|   0|  0|   47|          40|          40|
    |e_396_fu_4744_p2          |         -|   0|  0|   47|          40|          40|
    |e_399_fu_4768_p2          |         -|   0|  0|   47|          40|          40|
    |e_39_fu_2008_p2           |         -|   0|  0|   47|          40|          40|
    |e_3_fu_1732_p2            |         -|   0|  0|   47|          40|          40|
    |e_402_fu_4790_p2          |         -|   0|  0|   47|          40|          40|
    |e_405_fu_4814_p2          |         -|   0|  0|   47|          40|          40|
    |e_42_fu_2030_p2           |         -|   0|  0|   47|          40|          40|
    |e_45_fu_2054_p2           |         -|   0|  0|   47|          40|          40|
    |e_48_fu_2076_p2           |         -|   0|  0|   47|          40|          40|
    |e_51_fu_2100_p2           |         -|   0|  0|   47|          40|          40|
    |e_54_fu_2122_p2           |         -|   0|  0|   47|          40|          40|
    |e_57_fu_2146_p2           |         -|   0|  0|   47|          40|          40|
    |e_60_fu_2168_p2           |         -|   0|  0|   47|          40|          40|
    |e_63_fu_2192_p2           |         -|   0|  0|   47|          40|          40|
    |e_66_fu_2214_p2           |         -|   0|  0|   47|          40|          40|
    |e_69_fu_2238_p2           |         -|   0|  0|   47|          40|          40|
    |e_6_fu_1754_p2            |         -|   0|  0|   47|          40|          40|
    |e_72_fu_2260_p2           |         -|   0|  0|   47|          40|          40|
    |e_75_fu_2284_p2           |         -|   0|  0|   47|          40|          40|
    |e_78_fu_2306_p2           |         -|   0|  0|   47|          40|          40|
    |e_81_fu_2330_p2           |         -|   0|  0|   47|          40|          40|
    |e_84_fu_2352_p2           |         -|   0|  0|   47|          40|          40|
    |e_87_fu_2376_p2           |         -|   0|  0|   47|          40|          40|
    |e_90_fu_2398_p2           |         -|   0|  0|   47|          40|          40|
    |e_93_fu_2422_p2           |         -|   0|  0|   47|          40|          40|
    |e_96_fu_2444_p2           |         -|   0|  0|   47|          40|          40|
    |e_99_fu_2468_p2           |         -|   0|  0|   47|          40|          40|
    |e_9_fu_1778_p2            |         -|   0|  0|   47|          40|          40|
    |e_fu_1708_p2              |         -|   0|  0|   40|           1|          40|
    |out_fu_4832_p2            |         -|   0|  0|   47|          40|          40|
    |sub_ln42_10_fu_1486_p2    |         -|   0|  0|   47|           1|          40|
    |sub_ln42_11_fu_1500_p2    |         -|   0|  0|   47|           1|          40|
    |sub_ln42_12_fu_1514_p2    |         -|   0|  0|   47|           1|          40|
    |sub_ln42_13_fu_1528_p2    |         -|   0|  0|   47|           1|          40|
    |sub_ln42_14_fu_1620_p2    |         -|   0|  0|   47|           1|          40|
    |sub_ln42_15_fu_1634_p2    |         -|   0|  0|   47|           1|          40|
    |sub_ln42_16_fu_1542_p2    |         -|   0|  0|   47|           1|          40|
    |sub_ln42_1_fu_1388_p2     |         -|   0|  0|   47|           1|          40|
    |sub_ln42_2_fu_1402_p2     |         -|   0|  0|   47|           1|          40|
    |sub_ln42_3_fu_1416_p2     |         -|   0|  0|   47|           1|          40|
    |sub_ln42_4_fu_1430_p2     |         -|   0|  0|   47|           1|          40|
    |sub_ln42_5_fu_1444_p2     |         -|   0|  0|   47|           1|          40|
    |sub_ln42_6_fu_1458_p2     |         -|   0|  0|   47|           1|          40|
    |sub_ln42_7_fu_1472_p2     |         -|   0|  0|   47|           1|          40|
    |sub_ln42_8_fu_1592_p2     |         -|   0|  0|   47|           1|          40|
    |sub_ln42_9_fu_1606_p2     |         -|   0|  0|   47|           1|          40|
    |sub_ln42_fu_1374_p2       |         -|   0|  0|   47|           1|          40|
    |e_101_fu_2478_p3          |    select|   0|  0|   40|           1|          40|
    |e_104_fu_2502_p3          |    select|   0|  0|   40|           1|          40|
    |e_107_fu_2524_p3          |    select|   0|  0|   40|           1|          40|
    |e_110_fu_2548_p3          |    select|   0|  0|   40|           1|          40|
    |e_113_fu_2570_p3          |    select|   0|  0|   40|           1|          40|
    |e_116_fu_2594_p3          |    select|   0|  0|   40|           1|          40|
    |e_119_fu_2616_p3          |    select|   0|  0|   40|           1|          40|
    |e_11_fu_1788_p3           |    select|   0|  0|   40|           1|          40|
    |e_122_fu_2640_p3          |    select|   0|  0|   40|           1|          40|
    |e_125_fu_2662_p3          |    select|   0|  0|   40|           1|          40|
    |e_128_fu_2686_p3          |    select|   0|  0|   40|           1|          40|
    |e_131_fu_2708_p3          |    select|   0|  0|   40|           1|          40|
    |e_134_fu_2732_p3          |    select|   0|  0|   40|           1|          40|
    |e_137_fu_2754_p3          |    select|   0|  0|   40|           1|          40|
    |e_140_fu_2778_p3          |    select|   0|  0|   40|           1|          40|
    |e_143_fu_2800_p3          |    select|   0|  0|   40|           1|          40|
    |e_146_fu_2824_p3          |    select|   0|  0|   40|           1|          40|
    |e_149_fu_2846_p3          |    select|   0|  0|   40|           1|          40|
    |e_14_fu_1812_p3           |    select|   0|  0|   40|           1|          40|
    |e_152_fu_2870_p3          |    select|   0|  0|   40|           1|          40|
    |e_155_fu_2892_p3          |    select|   0|  0|   40|           1|          40|
    |e_158_fu_2916_p3          |    select|   0|  0|   40|           1|          40|
    |e_161_fu_2938_p3          |    select|   0|  0|   40|           1|          40|
    |e_164_fu_2962_p3          |    select|   0|  0|   40|           1|          40|
    |e_167_fu_2984_p3          |    select|   0|  0|   40|           1|          40|
    |e_170_fu_3008_p3          |    select|   0|  0|   40|           1|          40|
    |e_173_fu_3030_p3          |    select|   0|  0|   40|           1|          40|
    |e_176_fu_3054_p3          |    select|   0|  0|   40|           1|          40|
    |e_179_fu_3076_p3          |    select|   0|  0|   40|           1|          40|
    |e_17_fu_1834_p3           |    select|   0|  0|   40|           1|          40|
    |e_182_fu_3100_p3          |    select|   0|  0|   40|           1|          40|
    |e_185_fu_3122_p3          |    select|   0|  0|   40|           1|          40|
    |e_188_fu_3146_p3          |    select|   0|  0|   40|           1|          40|
    |e_191_fu_3168_p3          |    select|   0|  0|   40|           1|          40|
    |e_194_fu_3192_p3          |    select|   0|  0|   40|           1|          40|
    |e_197_fu_3214_p3          |    select|   0|  0|   40|           1|          40|
    |e_200_fu_3238_p3          |    select|   0|  0|   40|           1|          40|
    |e_203_fu_3260_p3          |    select|   0|  0|   40|           1|          40|
    |e_206_fu_3284_p3          |    select|   0|  0|   40|           1|          40|
    |e_209_fu_3306_p3          |    select|   0|  0|   40|           1|          40|
    |e_20_fu_1858_p3           |    select|   0|  0|   40|           1|          40|
    |e_212_fu_3330_p3          |    select|   0|  0|   40|           1|          40|
    |e_215_fu_3352_p3          |    select|   0|  0|   40|           1|          40|
    |e_218_fu_3376_p3          |    select|   0|  0|   40|           1|          40|
    |e_221_fu_3398_p3          |    select|   0|  0|   40|           1|          40|
    |e_224_fu_3422_p3          |    select|   0|  0|   40|           1|          40|
    |e_227_fu_3444_p3          |    select|   0|  0|   40|           1|          40|
    |e_230_fu_3468_p3          |    select|   0|  0|   40|           1|          40|
    |e_233_fu_3490_p3          |    select|   0|  0|   40|           1|          40|
    |e_236_fu_3514_p3          |    select|   0|  0|   40|           1|          40|
    |e_239_fu_3536_p3          |    select|   0|  0|   40|           1|          40|
    |e_23_fu_1880_p3           |    select|   0|  0|   40|           1|          40|
    |e_242_fu_3560_p3          |    select|   0|  0|   40|           1|          40|
    |e_245_fu_3582_p3          |    select|   0|  0|   40|           1|          40|
    |e_248_fu_3606_p3          |    select|   0|  0|   40|           1|          40|
    |e_251_fu_3628_p3          |    select|   0|  0|   40|           1|          40|
    |e_254_fu_3652_p3          |    select|   0|  0|   40|           1|          40|
    |e_257_fu_3674_p3          |    select|   0|  0|   40|           1|          40|
    |e_260_fu_3698_p3          |    select|   0|  0|   40|           1|          40|
    |e_263_fu_3720_p3          |    select|   0|  0|   40|           1|          40|
    |e_266_fu_3744_p3          |    select|   0|  0|   40|           1|          40|
    |e_269_fu_3766_p3          |    select|   0|  0|   40|           1|          40|
    |e_26_fu_1904_p3           |    select|   0|  0|   40|           1|          40|
    |e_272_fu_3790_p3          |    select|   0|  0|   40|           1|          40|
    |e_275_fu_3812_p3          |    select|   0|  0|   40|           1|          40|
    |e_278_fu_3836_p3          |    select|   0|  0|   40|           1|          40|
    |e_281_fu_3858_p3          |    select|   0|  0|   40|           1|          40|
    |e_284_fu_3882_p3          |    select|   0|  0|   40|           1|          40|
    |e_287_fu_3904_p3          |    select|   0|  0|   40|           1|          40|
    |e_290_fu_3928_p3          |    select|   0|  0|   40|           1|          40|
    |e_293_fu_3950_p3          |    select|   0|  0|   40|           1|          40|
    |e_296_fu_3974_p3          |    select|   0|  0|   40|           1|          40|
    |e_299_fu_3996_p3          |    select|   0|  0|   40|           1|          40|
    |e_29_fu_1926_p3           |    select|   0|  0|   40|           1|          40|
    |e_2_fu_1720_p3            |    select|   0|  0|   40|           1|          40|
    |e_302_fu_4020_p3          |    select|   0|  0|   40|           1|          40|
    |e_305_fu_4042_p3          |    select|   0|  0|   40|           1|          40|
    |e_308_fu_4066_p3          |    select|   0|  0|   40|           1|          40|
    |e_311_fu_4088_p3          |    select|   0|  0|   40|           1|          40|
    |e_314_fu_4112_p3          |    select|   0|  0|   40|           1|          40|
    |e_317_fu_4134_p3          |    select|   0|  0|   40|           1|          40|
    |e_320_fu_4158_p3          |    select|   0|  0|   40|           1|          40|
    |e_323_fu_4180_p3          |    select|   0|  0|   40|           1|          40|
    |e_326_fu_4204_p3          |    select|   0|  0|   40|           1|          40|
    |e_329_fu_4226_p3          |    select|   0|  0|   40|           1|          40|
    |e_32_fu_1950_p3           |    select|   0|  0|   40|           1|          40|
    |e_332_fu_4250_p3          |    select|   0|  0|   40|           1|          40|
    |e_335_fu_4272_p3          |    select|   0|  0|   40|           1|          40|
    |e_338_fu_4296_p3          |    select|   0|  0|   40|           1|          40|
    |e_341_fu_4318_p3          |    select|   0|  0|   40|           1|          40|
    |e_344_fu_4342_p3          |    select|   0|  0|   40|           1|          40|
    |e_347_fu_4364_p3          |    select|   0|  0|   40|           1|          40|
    |e_350_fu_4388_p3          |    select|   0|  0|   40|           1|          40|
    |e_353_fu_4410_p3          |    select|   0|  0|   40|           1|          40|
    |e_356_fu_4434_p3          |    select|   0|  0|   40|           1|          40|
    |e_359_fu_4456_p3          |    select|   0|  0|   40|           1|          40|
    |e_35_fu_1972_p3           |    select|   0|  0|   40|           1|          40|
    |e_362_fu_4480_p3          |    select|   0|  0|   40|           1|          40|
    |e_365_fu_4502_p3          |    select|   0|  0|   40|           1|          40|
    |e_368_fu_4526_p3          |    select|   0|  0|   40|           1|          40|
    |e_371_fu_4548_p3          |    select|   0|  0|   40|           1|          40|
    |e_374_fu_4572_p3          |    select|   0|  0|   40|           1|          40|
    |e_377_fu_4594_p3          |    select|   0|  0|   40|           1|          40|
    |e_380_fu_4618_p3          |    select|   0|  0|   40|           1|          40|
    |e_383_fu_4640_p3          |    select|   0|  0|   40|           1|          40|
    |e_386_fu_4664_p3          |    select|   0|  0|   40|           1|          40|
    |e_389_fu_4686_p3          |    select|   0|  0|   40|           1|          40|
    |e_38_fu_1996_p3           |    select|   0|  0|   40|           1|          40|
    |e_392_fu_4710_p3          |    select|   0|  0|   40|           1|          40|
    |e_395_fu_4732_p3          |    select|   0|  0|   40|           1|          40|
    |e_398_fu_4756_p3          |    select|   0|  0|   40|           1|          40|
    |e_401_fu_4778_p3          |    select|   0|  0|   40|           1|          40|
    |e_404_fu_4802_p3          |    select|   0|  0|   40|           1|          40|
    |e_407_fu_4824_p3          |    select|   0|  0|   40|           1|          40|
    |e_41_fu_2018_p3           |    select|   0|  0|   40|           1|          40|
    |e_44_fu_2042_p3           |    select|   0|  0|   40|           1|          40|
    |e_47_fu_2064_p3           |    select|   0|  0|   40|           1|          40|
    |e_50_fu_2088_p3           |    select|   0|  0|   40|           1|          40|
    |e_53_fu_2110_p3           |    select|   0|  0|   40|           1|          40|
    |e_56_fu_2134_p3           |    select|   0|  0|   40|           1|          40|
    |e_59_fu_2156_p3           |    select|   0|  0|   40|           1|          40|
    |e_5_fu_1742_p3            |    select|   0|  0|   40|           1|          40|
    |e_62_fu_2180_p3           |    select|   0|  0|   40|           1|          40|
    |e_65_fu_2202_p3           |    select|   0|  0|   40|           1|          40|
    |e_68_fu_2226_p3           |    select|   0|  0|   40|           1|          40|
    |e_71_fu_2248_p3           |    select|   0|  0|   40|           1|          40|
    |e_74_fu_2272_p3           |    select|   0|  0|   40|           1|          40|
    |e_77_fu_2294_p3           |    select|   0|  0|   40|           1|          40|
    |e_80_fu_2318_p3           |    select|   0|  0|   40|           1|          40|
    |e_83_fu_2340_p3           |    select|   0|  0|   40|           1|          40|
    |e_86_fu_2364_p3           |    select|   0|  0|   40|           1|          40|
    |e_89_fu_2386_p3           |    select|   0|  0|   40|           1|          40|
    |e_8_fu_1766_p3            |    select|   0|  0|   40|           1|          40|
    |e_92_fu_2410_p3           |    select|   0|  0|   40|           1|          40|
    |e_95_fu_2432_p3           |    select|   0|  0|   40|           1|          40|
    |e_98_fu_2456_p3           |    select|   0|  0|   40|           1|          40|
    |term_10_fu_1492_p3        |    select|   0|  0|   40|           1|          40|
    |term_11_fu_1506_p3        |    select|   0|  0|   40|           1|          40|
    |term_12_fu_1520_p3        |    select|   0|  0|   40|           1|          40|
    |term_13_fu_1534_p3        |    select|   0|  0|   40|           1|          40|
    |term_14_fu_1626_p3        |    select|   0|  0|   40|           1|          40|
    |term_15_fu_1640_p3        |    select|   0|  0|   40|           1|          40|
    |term_16_fu_1548_p3        |    select|   0|  0|   40|           1|          40|
    |term_1_fu_1394_p3         |    select|   0|  0|   40|           1|          40|
    |term_2_fu_1408_p3         |    select|   0|  0|   40|           1|          40|
    |term_3_fu_1422_p3         |    select|   0|  0|   40|           1|          40|
    |term_4_fu_1436_p3         |    select|   0|  0|   40|           1|          40|
    |term_5_fu_1450_p3         |    select|   0|  0|   40|           1|          40|
    |term_6_fu_1464_p3         |    select|   0|  0|   40|           1|          40|
    |term_7_fu_1478_p3         |    select|   0|  0|   40|           1|          40|
    |term_8_fu_1598_p3         |    select|   0|  0|   40|           1|          40|
    |term_9_fu_1612_p3         |    select|   0|  0|   40|           1|          40|
    |term_fu_1380_p3           |    select|   0|  0|   40|           1|          40|
    |xor_ln194_100_fu_4004_p2  |       xor|   0|  0|    2|           1|           1|
    |xor_ln194_101_fu_4028_p2  |       xor|   0|  0|    2|           1|           1|
    |xor_ln194_102_fu_4050_p2  |       xor|   0|  0|    2|           1|           1|
    |xor_ln194_103_fu_4074_p2  |       xor|   0|  0|    2|           1|           1|
    |xor_ln194_104_fu_4096_p2  |       xor|   0|  0|    2|           1|           1|
    |xor_ln194_105_fu_4120_p2  |       xor|   0|  0|    2|           1|           1|
    |xor_ln194_106_fu_4142_p2  |       xor|   0|  0|    2|           1|           1|
    |xor_ln194_107_fu_4166_p2  |       xor|   0|  0|    2|           1|           1|
    |xor_ln194_108_fu_4188_p2  |       xor|   0|  0|    2|           1|           1|
    |xor_ln194_109_fu_4212_p2  |       xor|   0|  0|    2|           1|           1|
    |xor_ln194_10_fu_1934_p2   |       xor|   0|  0|    2|           1|           1|
    |xor_ln194_110_fu_4234_p2  |       xor|   0|  0|    2|           1|           1|
    |xor_ln194_111_fu_4258_p2  |       xor|   0|  0|    2|           1|           1|
    |xor_ln194_112_fu_4280_p2  |       xor|   0|  0|    2|           1|           1|
    |xor_ln194_113_fu_4304_p2  |       xor|   0|  0|    2|           1|           1|
    |xor_ln194_114_fu_4326_p2  |       xor|   0|  0|    2|           1|           1|
    |xor_ln194_115_fu_4350_p2  |       xor|   0|  0|    2|           1|           1|
    |xor_ln194_116_fu_4372_p2  |       xor|   0|  0|    2|           1|           1|
    |xor_ln194_117_fu_4396_p2  |       xor|   0|  0|    2|           1|           1|
    |xor_ln194_118_fu_4418_p2  |       xor|   0|  0|    2|           1|           1|
    |xor_ln194_119_fu_4442_p2  |       xor|   0|  0|    2|           1|           1|
    |xor_ln194_11_fu_1958_p2   |       xor|   0|  0|    2|           1|           1|
    |xor_ln194_120_fu_4464_p2  |       xor|   0|  0|    2|           1|           1|
    |xor_ln194_121_fu_4488_p2  |       xor|   0|  0|    2|           1|           1|
    |xor_ln194_122_fu_4510_p2  |       xor|   0|  0|    2|           1|           1|
    |xor_ln194_123_fu_4534_p2  |       xor|   0|  0|    2|           1|           1|
    |xor_ln194_124_fu_4556_p2  |       xor|   0|  0|    2|           1|           1|
    |xor_ln194_125_fu_4580_p2  |       xor|   0|  0|    2|           1|           1|
    |xor_ln194_126_fu_4602_p2  |       xor|   0|  0|    2|           1|           1|
    |xor_ln194_127_fu_4626_p2  |       xor|   0|  0|    2|           1|           1|
    |xor_ln194_128_fu_4648_p2  |       xor|   0|  0|    2|           1|           1|
    |xor_ln194_129_fu_4672_p2  |       xor|   0|  0|    2|           1|           1|
    |xor_ln194_12_fu_1980_p2   |       xor|   0|  0|    2|           1|           1|
    |xor_ln194_130_fu_4694_p2  |       xor|   0|  0|    2|           1|           1|
    |xor_ln194_131_fu_4718_p2  |       xor|   0|  0|    2|           1|           1|
    |xor_ln194_132_fu_4740_p2  |       xor|   0|  0|    2|           1|           1|
    |xor_ln194_133_fu_4764_p2  |       xor|   0|  0|    2|           1|           1|
    |xor_ln194_134_fu_4786_p2  |       xor|   0|  0|    2|           1|           1|
    |xor_ln194_135_fu_4810_p2  |       xor|   0|  0|    2|           1|           1|
    |xor_ln194_13_fu_2004_p2   |       xor|   0|  0|    2|           1|           1|
    |xor_ln194_14_fu_2026_p2   |       xor|   0|  0|    2|           1|           1|
    |xor_ln194_15_fu_2050_p2   |       xor|   0|  0|    2|           1|           1|
    |xor_ln194_16_fu_2072_p2   |       xor|   0|  0|    2|           1|           1|
    |xor_ln194_17_fu_2096_p2   |       xor|   0|  0|    2|           1|           1|
    |xor_ln194_18_fu_2118_p2   |       xor|   0|  0|    2|           1|           1|
    |xor_ln194_19_fu_2142_p2   |       xor|   0|  0|    2|           1|           1|
    |xor_ln194_1_fu_1728_p2    |       xor|   0|  0|    2|           1|           1|
    |xor_ln194_20_fu_2164_p2   |       xor|   0|  0|    2|           1|           1|
    |xor_ln194_21_fu_2188_p2   |       xor|   0|  0|    2|           1|           1|
    |xor_ln194_22_fu_2210_p2   |       xor|   0|  0|    2|           1|           1|
    |xor_ln194_23_fu_2234_p2   |       xor|   0|  0|    2|           1|           1|
    |xor_ln194_24_fu_2256_p2   |       xor|   0|  0|    2|           1|           1|
    |xor_ln194_25_fu_2280_p2   |       xor|   0|  0|    2|           1|           1|
    |xor_ln194_26_fu_2302_p2   |       xor|   0|  0|    2|           1|           1|
    |xor_ln194_27_fu_2326_p2   |       xor|   0|  0|    2|           1|           1|
    |xor_ln194_28_fu_2348_p2   |       xor|   0|  0|    2|           1|           1|
    |xor_ln194_29_fu_2372_p2   |       xor|   0|  0|    2|           1|           1|
    |xor_ln194_2_fu_1750_p2    |       xor|   0|  0|    2|           1|           1|
    |xor_ln194_30_fu_2394_p2   |       xor|   0|  0|    2|           1|           1|
    |xor_ln194_31_fu_2418_p2   |       xor|   0|  0|    2|           1|           1|
    |xor_ln194_32_fu_2440_p2   |       xor|   0|  0|    2|           1|           1|
    |xor_ln194_33_fu_2464_p2   |       xor|   0|  0|    2|           1|           1|
    |xor_ln194_34_fu_2486_p2   |       xor|   0|  0|    2|           1|           1|
    |xor_ln194_35_fu_2510_p2   |       xor|   0|  0|    2|           1|           1|
    |xor_ln194_36_fu_2532_p2   |       xor|   0|  0|    2|           1|           1|
    |xor_ln194_37_fu_2556_p2   |       xor|   0|  0|    2|           1|           1|
    |xor_ln194_38_fu_2578_p2   |       xor|   0|  0|    2|           1|           1|
    |xor_ln194_39_fu_2602_p2   |       xor|   0|  0|    2|           1|           1|
    |xor_ln194_3_fu_1774_p2    |       xor|   0|  0|    2|           1|           1|
    |xor_ln194_40_fu_2624_p2   |       xor|   0|  0|    2|           1|           1|
    |xor_ln194_41_fu_2648_p2   |       xor|   0|  0|    2|           1|           1|
    |xor_ln194_42_fu_2670_p2   |       xor|   0|  0|    2|           1|           1|
    |xor_ln194_43_fu_2694_p2   |       xor|   0|  0|    2|           1|           1|
    |xor_ln194_44_fu_2716_p2   |       xor|   0|  0|    2|           1|           1|
    |xor_ln194_45_fu_2740_p2   |       xor|   0|  0|    2|           1|           1|
    |xor_ln194_46_fu_2762_p2   |       xor|   0|  0|    2|           1|           1|
    |xor_ln194_47_fu_2786_p2   |       xor|   0|  0|    2|           1|           1|
    |xor_ln194_48_fu_2808_p2   |       xor|   0|  0|    2|           1|           1|
    |xor_ln194_49_fu_2832_p2   |       xor|   0|  0|    2|           1|           1|
    |xor_ln194_4_fu_1796_p2    |       xor|   0|  0|    2|           1|           1|
    |xor_ln194_50_fu_2854_p2   |       xor|   0|  0|    2|           1|           1|
    |xor_ln194_51_fu_2878_p2   |       xor|   0|  0|    2|           1|           1|
    |xor_ln194_52_fu_2900_p2   |       xor|   0|  0|    2|           1|           1|
    |xor_ln194_53_fu_2924_p2   |       xor|   0|  0|    2|           1|           1|
    |xor_ln194_54_fu_2946_p2   |       xor|   0|  0|    2|           1|           1|
    |xor_ln194_55_fu_2970_p2   |       xor|   0|  0|    2|           1|           1|
    |xor_ln194_56_fu_2992_p2   |       xor|   0|  0|    2|           1|           1|
    |xor_ln194_57_fu_3016_p2   |       xor|   0|  0|    2|           1|           1|
    |xor_ln194_58_fu_3038_p2   |       xor|   0|  0|    2|           1|           1|
    |xor_ln194_59_fu_3062_p2   |       xor|   0|  0|    2|           1|           1|
    |xor_ln194_5_fu_1820_p2    |       xor|   0|  0|    2|           1|           1|
    |xor_ln194_60_fu_3084_p2   |       xor|   0|  0|    2|           1|           1|
    |xor_ln194_61_fu_3108_p2   |       xor|   0|  0|    2|           1|           1|
    |xor_ln194_62_fu_3130_p2   |       xor|   0|  0|    2|           1|           1|
    |xor_ln194_63_fu_3154_p2   |       xor|   0|  0|    2|           1|           1|
    |xor_ln194_64_fu_3176_p2   |       xor|   0|  0|    2|           1|           1|
    |xor_ln194_65_fu_3200_p2   |       xor|   0|  0|    2|           1|           1|
    |xor_ln194_66_fu_3222_p2   |       xor|   0|  0|    2|           1|           1|
    |xor_ln194_67_fu_3246_p2   |       xor|   0|  0|    2|           1|           1|
    |xor_ln194_68_fu_3268_p2   |       xor|   0|  0|    2|           1|           1|
    |xor_ln194_69_fu_3292_p2   |       xor|   0|  0|    2|           1|           1|
    |xor_ln194_6_fu_1842_p2    |       xor|   0|  0|    2|           1|           1|
    |xor_ln194_70_fu_3314_p2   |       xor|   0|  0|    2|           1|           1|
    |xor_ln194_71_fu_3338_p2   |       xor|   0|  0|    2|           1|           1|
    |xor_ln194_72_fu_3360_p2   |       xor|   0|  0|    2|           1|           1|
    |xor_ln194_73_fu_3384_p2   |       xor|   0|  0|    2|           1|           1|
    |xor_ln194_74_fu_3406_p2   |       xor|   0|  0|    2|           1|           1|
    |xor_ln194_75_fu_3430_p2   |       xor|   0|  0|    2|           1|           1|
    |xor_ln194_76_fu_3452_p2   |       xor|   0|  0|    2|           1|           1|
    |xor_ln194_77_fu_3476_p2   |       xor|   0|  0|    2|           1|           1|
    |xor_ln194_78_fu_3498_p2   |       xor|   0|  0|    2|           1|           1|
    |xor_ln194_79_fu_3522_p2   |       xor|   0|  0|    2|           1|           1|
    |xor_ln194_7_fu_1866_p2    |       xor|   0|  0|    2|           1|           1|
    |xor_ln194_80_fu_3544_p2   |       xor|   0|  0|    2|           1|           1|
    |xor_ln194_81_fu_3568_p2   |       xor|   0|  0|    2|           1|           1|
    |xor_ln194_82_fu_3590_p2   |       xor|   0|  0|    2|           1|           1|
    |xor_ln194_83_fu_3614_p2   |       xor|   0|  0|    2|           1|           1|
    |xor_ln194_84_fu_3636_p2   |       xor|   0|  0|    2|           1|           1|
    |xor_ln194_85_fu_3660_p2   |       xor|   0|  0|    2|           1|           1|
    |xor_ln194_86_fu_3682_p2   |       xor|   0|  0|    2|           1|           1|
    |xor_ln194_87_fu_3706_p2   |       xor|   0|  0|    2|           1|           1|
    |xor_ln194_88_fu_3728_p2   |       xor|   0|  0|    2|           1|           1|
    |xor_ln194_89_fu_3752_p2   |       xor|   0|  0|    2|           1|           1|
    |xor_ln194_8_fu_1888_p2    |       xor|   0|  0|    2|           1|           1|
    |xor_ln194_90_fu_3774_p2   |       xor|   0|  0|    2|           1|           1|
    |xor_ln194_91_fu_3798_p2   |       xor|   0|  0|    2|           1|           1|
    |xor_ln194_92_fu_3820_p2   |       xor|   0|  0|    2|           1|           1|
    |xor_ln194_93_fu_3844_p2   |       xor|   0|  0|    2|           1|           1|
    |xor_ln194_94_fu_3866_p2   |       xor|   0|  0|    2|           1|           1|
    |xor_ln194_95_fu_3890_p2   |       xor|   0|  0|    2|           1|           1|
    |xor_ln194_96_fu_3912_p2   |       xor|   0|  0|    2|           1|           1|
    |xor_ln194_97_fu_3936_p2   |       xor|   0|  0|    2|           1|           1|
    |xor_ln194_98_fu_3958_p2   |       xor|   0|  0|    2|           1|           1|
    |xor_ln194_99_fu_3982_p2   |       xor|   0|  0|    2|           1|           1|
    |xor_ln194_9_fu_1912_p2    |       xor|   0|  0|    2|           1|           1|
    |xor_ln194_fu_1698_p2      |       xor|   0|  0|    2|           1|           1|
    +--------------------------+----------+----+---+-----+------------+------------+
    |Total                     |          |   0|  0|20723|       11867|       18536|
    +--------------------------+----------+----+---+-----+------------+------------+

    * Multiplexer: 
    +-----------+-----+-----------+-----+-----------+
    |    Name   | LUT | Input Size| Bits| Total Bits|
    +-----------+-----+-----------+-----+-----------+
    |ap_NS_fsm  |  325|         72|    1|         72|
    |ap_return  |    9|          2|   40|         80|
    +-----------+-----+-----------+-----+-----------+
    |Total      |  334|         74|   41|        152|
    +-----------+-----+-----------+-----+-----------+

    * Register: 
    +-----------------------+----+----+-----+-----------+
    |          Name         | FF | LUT| Bits| Const Bits|
    +-----------------------+----+----+-----+-----------+
    |add_ln183_12_reg_5128  |  40|   0|   40|          0|
    |add_ln183_14_reg_5223  |  40|   0|   40|          0|
    |add_ln183_1_reg_5108   |  40|   0|   40|          0|
    |add_ln183_2_reg_5213   |  40|   0|   40|          0|
    |add_ln183_4_reg_5113   |  40|   0|   40|          0|
    |add_ln183_5_reg_5218   |  40|   0|   40|          0|
    |add_ln183_7_reg_5118   |  40|   0|   40|          0|
    |add_ln183_8_reg_5123   |  40|   0|   40|          0|
    |ap_CS_fsm              |  71|   0|   71|          0|
    |ap_return_preg         |  40|   0|   40|          0|
    |e_104_reg_5330         |  40|   0|   40|          0|
    |e_110_reg_5336         |  40|   0|   40|          0|
    |e_116_reg_5342         |  40|   0|   40|          0|
    |e_122_reg_5348         |  40|   0|   40|          0|
    |e_128_reg_5354         |  40|   0|   40|          0|
    |e_134_reg_5360         |  40|   0|   40|          0|
    |e_140_reg_5366         |  40|   0|   40|          0|
    |e_146_reg_5372         |  40|   0|   40|          0|
    |e_14_reg_5240          |  40|   0|   40|          0|
    |e_152_reg_5378         |  40|   0|   40|          0|
    |e_158_reg_5384         |  40|   0|   40|          0|
    |e_164_reg_5390         |  40|   0|   40|          0|
    |e_170_reg_5396         |  40|   0|   40|          0|
    |e_176_reg_5402         |  40|   0|   40|          0|
    |e_182_reg_5408         |  40|   0|   40|          0|
    |e_188_reg_5414         |  40|   0|   40|          0|
    |e_194_reg_5420         |  40|   0|   40|          0|
    |e_200_reg_5426         |  40|   0|   40|          0|
    |e_206_reg_5432         |  40|   0|   40|          0|
    |e_20_reg_5246          |  40|   0|   40|          0|
    |e_212_reg_5438         |  40|   0|   40|          0|
    |e_218_reg_5444         |  40|   0|   40|          0|
    |e_224_reg_5450         |  40|   0|   40|          0|
    |e_230_reg_5456         |  40|   0|   40|          0|
    |e_236_reg_5462         |  40|   0|   40|          0|
    |e_242_reg_5468         |  40|   0|   40|          0|
    |e_248_reg_5474         |  40|   0|   40|          0|
    |e_254_reg_5480         |  40|   0|   40|          0|
    |e_260_reg_5486         |  40|   0|   40|          0|
    |e_266_reg_5492         |  40|   0|   40|          0|
    |e_26_reg_5252          |  40|   0|   40|          0|
    |e_272_reg_5498         |  40|   0|   40|          0|
    |e_278_reg_5504         |  40|   0|   40|          0|
    |e_284_reg_5510         |  40|   0|   40|          0|
    |e_290_reg_5516         |  40|   0|   40|          0|
    |e_296_reg_5522         |  40|   0|   40|          0|
    |e_2_reg_5228           |  40|   0|   40|          0|
    |e_302_reg_5528         |  40|   0|   40|          0|
    |e_308_reg_5534         |  40|   0|   40|          0|
    |e_314_reg_5540         |  40|   0|   40|          0|
    |e_320_reg_5546         |  40|   0|   40|          0|
    |e_326_reg_5552         |  40|   0|   40|          0|
    |e_32_reg_5258          |  40|   0|   40|          0|
    |e_332_reg_5558         |  40|   0|   40|          0|
    |e_338_reg_5564         |  40|   0|   40|          0|
    |e_344_reg_5570         |  40|   0|   40|          0|
    |e_350_reg_5576         |  40|   0|   40|          0|
    |e_356_reg_5582         |  40|   0|   40|          0|
    |e_362_reg_5588         |  40|   0|   40|          0|
    |e_368_reg_5594         |  40|   0|   40|          0|
    |e_374_reg_5600         |  40|   0|   40|          0|
    |e_380_reg_5606         |  40|   0|   40|          0|
    |e_386_reg_5612         |  40|   0|   40|          0|
    |e_38_reg_5264          |  40|   0|   40|          0|
    |e_392_reg_5618         |  40|   0|   40|          0|
    |e_398_reg_5624         |  40|   0|   40|          0|
    |e_404_reg_5630         |  40|   0|   40|          0|
    |e_44_reg_5270          |  40|   0|   40|          0|
    |e_50_reg_5276          |  40|   0|   40|          0|
    |e_56_reg_5282          |  40|   0|   40|          0|
    |e_62_reg_5288          |  40|   0|   40|          0|
    |e_68_reg_5294          |  40|   0|   40|          0|
    |e_74_reg_5300          |  40|   0|   40|          0|
    |e_80_reg_5306          |  40|   0|   40|          0|
    |e_86_reg_5312          |  40|   0|   40|          0|
    |e_8_reg_5234           |  40|   0|   40|          0|
    |e_92_reg_5318          |  40|   0|   40|          0|
    |e_98_reg_5324          |  40|   0|   40|          0|
    |term_4_reg_5098        |  40|   0|   40|          0|
    |term_5_reg_5103        |  40|   0|   40|          0|
    +-----------------------+----+----+-----+-----------+
    |Total                  |3231|   0| 3231|          0|
    +-----------------------+----+----+-----+-----------+



================================================================
== Interface
================================================================
* Summary: 
+-------------+-----+-----+------------+----------------------+--------------+
|  RTL Ports  | Dir | Bits|  Protocol  |     Source Object    |    C Type    |
+-------------+-----+-----+------------+----------------------+--------------+
|ap_clk       |   in|    1|  ap_ctrl_hs|  uniform_delta_energy|  return value|
|ap_rst       |   in|    1|  ap_ctrl_hs|  uniform_delta_energy|  return value|
|ap_start     |   in|    1|  ap_ctrl_hs|  uniform_delta_energy|  return value|
|ap_done      |  out|    1|  ap_ctrl_hs|  uniform_delta_energy|  return value|
|ap_idle      |  out|    1|  ap_ctrl_hs|  uniform_delta_energy|  return value|
|ap_ready     |  out|    1|  ap_ctrl_hs|  uniform_delta_energy|  return value|
|ap_return    |  out|   40|  ap_ctrl_hs|  uniform_delta_energy|  return value|
|J_0_1_val    |   in|   40|     ap_none|             J_0_1_val|        scalar|
|J_0_2_val    |   in|   40|     ap_none|             J_0_2_val|        scalar|
|J_0_3_val    |   in|   40|     ap_none|             J_0_3_val|        scalar|
|J_0_4_val    |   in|   40|     ap_none|             J_0_4_val|        scalar|
|J_0_5_val    |   in|   40|     ap_none|             J_0_5_val|        scalar|
|J_0_6_val    |   in|   40|     ap_none|             J_0_6_val|        scalar|
|J_0_7_val    |   in|   40|     ap_none|             J_0_7_val|        scalar|
|J_0_8_val    |   in|   40|     ap_none|             J_0_8_val|        scalar|
|J_0_9_val    |   in|   40|     ap_none|             J_0_9_val|        scalar|
|J_0_10_val   |   in|   40|     ap_none|            J_0_10_val|        scalar|
|J_0_11_val   |   in|   40|     ap_none|            J_0_11_val|        scalar|
|J_0_12_val   |   in|   40|     ap_none|            J_0_12_val|        scalar|
|J_0_13_val   |   in|   40|     ap_none|            J_0_13_val|        scalar|
|J_0_14_val   |   in|   40|     ap_none|            J_0_14_val|        scalar|
|J_0_15_val   |   in|   40|     ap_none|            J_0_15_val|        scalar|
|J_0_16_val   |   in|   40|     ap_none|            J_0_16_val|        scalar|
|J_1_2_val    |   in|   40|     ap_none|             J_1_2_val|        scalar|
|J_1_3_val    |   in|   40|     ap_none|             J_1_3_val|        scalar|
|J_1_4_val    |   in|   40|     ap_none|             J_1_4_val|        scalar|
|J_1_5_val    |   in|   40|     ap_none|             J_1_5_val|        scalar|
|J_1_6_val    |   in|   40|     ap_none|             J_1_6_val|        scalar|
|J_1_7_val    |   in|   40|     ap_none|             J_1_7_val|        scalar|
|J_1_8_val    |   in|   40|     ap_none|             J_1_8_val|        scalar|
|J_1_9_val    |   in|   40|     ap_none|             J_1_9_val|        scalar|
|J_1_10_val   |   in|   40|     ap_none|            J_1_10_val|        scalar|
|J_1_11_val   |   in|   40|     ap_none|            J_1_11_val|        scalar|
|J_1_12_val   |   in|   40|     ap_none|            J_1_12_val|        scalar|
|J_1_13_val   |   in|   40|     ap_none|            J_1_13_val|        scalar|
|J_1_14_val   |   in|   40|     ap_none|            J_1_14_val|        scalar|
|J_1_15_val   |   in|   40|     ap_none|            J_1_15_val|        scalar|
|J_1_16_val   |   in|   40|     ap_none|            J_1_16_val|        scalar|
|J_2_3_val    |   in|   40|     ap_none|             J_2_3_val|        scalar|
|J_2_4_val    |   in|   40|     ap_none|             J_2_4_val|        scalar|
|J_2_5_val    |   in|   40|     ap_none|             J_2_5_val|        scalar|
|J_2_6_val    |   in|   40|     ap_none|             J_2_6_val|        scalar|
|J_2_7_val    |   in|   40|     ap_none|             J_2_7_val|        scalar|
|J_2_8_val    |   in|   40|     ap_none|             J_2_8_val|        scalar|
|J_2_9_val    |   in|   40|     ap_none|             J_2_9_val|        scalar|
|J_2_10_val   |   in|   40|     ap_none|            J_2_10_val|        scalar|
|J_2_11_val   |   in|   40|     ap_none|            J_2_11_val|        scalar|
|J_2_12_val   |   in|   40|     ap_none|            J_2_12_val|        scalar|
|J_2_13_val   |   in|   40|     ap_none|            J_2_13_val|        scalar|
|J_2_14_val   |   in|   40|     ap_none|            J_2_14_val|        scalar|
|J_2_15_val   |   in|   40|     ap_none|            J_2_15_val|        scalar|
|J_2_16_val   |   in|   40|     ap_none|            J_2_16_val|        scalar|
|J_3_4_val    |   in|   40|     ap_none|             J_3_4_val|        scalar|
|J_3_5_val    |   in|   40|     ap_none|             J_3_5_val|        scalar|
|J_3_6_val    |   in|   40|     ap_none|             J_3_6_val|        scalar|
|J_3_7_val    |   in|   40|     ap_none|             J_3_7_val|        scalar|
|J_3_8_val    |   in|   40|     ap_none|             J_3_8_val|        scalar|
|J_3_9_val    |   in|   40|     ap_none|             J_3_9_val|        scalar|
|J_3_10_val   |   in|   40|     ap_none|            J_3_10_val|        scalar|
|J_3_11_val   |   in|   40|     ap_none|            J_3_11_val|        scalar|
|J_3_12_val   |   in|   40|     ap_none|            J_3_12_val|        scalar|
|J_3_13_val   |   in|   40|     ap_none|            J_3_13_val|        scalar|
|J_3_14_val   |   in|   40|     ap_none|            J_3_14_val|        scalar|
|J_3_15_val   |   in|   40|     ap_none|            J_3_15_val|        scalar|
|J_3_16_val   |   in|   40|     ap_none|            J_3_16_val|        scalar|
|J_4_5_val    |   in|   40|     ap_none|             J_4_5_val|        scalar|
|J_4_6_val    |   in|   40|     ap_none|             J_4_6_val|        scalar|
|J_4_7_val    |   in|   40|     ap_none|             J_4_7_val|        scalar|
|J_4_8_val    |   in|   40|     ap_none|             J_4_8_val|        scalar|
|J_4_9_val    |   in|   40|     ap_none|             J_4_9_val|        scalar|
|J_4_10_val   |   in|   40|     ap_none|            J_4_10_val|        scalar|
|J_4_11_val   |   in|   40|     ap_none|            J_4_11_val|        scalar|
|J_4_12_val   |   in|   40|     ap_none|            J_4_12_val|        scalar|
|J_4_13_val   |   in|   40|     ap_none|            J_4_13_val|        scalar|
|J_4_14_val   |   in|   40|     ap_none|            J_4_14_val|        scalar|
|J_4_15_val   |   in|   40|     ap_none|            J_4_15_val|        scalar|
|J_4_16_val   |   in|   40|     ap_none|            J_4_16_val|        scalar|
|J_5_6_val    |   in|   40|     ap_none|             J_5_6_val|        scalar|
|J_5_7_val    |   in|   40|     ap_none|             J_5_7_val|        scalar|
|J_5_8_val    |   in|   40|     ap_none|             J_5_8_val|        scalar|
|J_5_9_val    |   in|   40|     ap_none|             J_5_9_val|        scalar|
|J_5_10_val   |   in|   40|     ap_none|            J_5_10_val|        scalar|
|J_5_11_val   |   in|   40|     ap_none|            J_5_11_val|        scalar|
|J_5_12_val   |   in|   40|     ap_none|            J_5_12_val|        scalar|
|J_5_13_val   |   in|   40|     ap_none|            J_5_13_val|        scalar|
|J_5_14_val   |   in|   40|     ap_none|            J_5_14_val|        scalar|
|J_5_15_val   |   in|   40|     ap_none|            J_5_15_val|        scalar|
|J_5_16_val   |   in|   40|     ap_none|            J_5_16_val|        scalar|
|J_6_7_val    |   in|   40|     ap_none|             J_6_7_val|        scalar|
|J_6_8_val    |   in|   40|     ap_none|             J_6_8_val|        scalar|
|J_6_9_val    |   in|   40|     ap_none|             J_6_9_val|        scalar|
|J_6_10_val   |   in|   40|     ap_none|            J_6_10_val|        scalar|
|J_6_11_val   |   in|   40|     ap_none|            J_6_11_val|        scalar|
|J_6_12_val   |   in|   40|     ap_none|            J_6_12_val|        scalar|
|J_6_13_val   |   in|   40|     ap_none|            J_6_13_val|        scalar|
|J_6_14_val   |   in|   40|     ap_none|            J_6_14_val|        scalar|
|J_6_15_val   |   in|   40|     ap_none|            J_6_15_val|        scalar|
|J_6_16_val   |   in|   40|     ap_none|            J_6_16_val|        scalar|
|J_7_8_val    |   in|   40|     ap_none|             J_7_8_val|        scalar|
|J_7_9_val    |   in|   40|     ap_none|             J_7_9_val|        scalar|
|J_7_10_val   |   in|   40|     ap_none|            J_7_10_val|        scalar|
|J_7_11_val   |   in|   40|     ap_none|            J_7_11_val|        scalar|
|J_7_12_val   |   in|   40|     ap_none|            J_7_12_val|        scalar|
|J_7_13_val   |   in|   40|     ap_none|            J_7_13_val|        scalar|
|J_7_14_val   |   in|   40|     ap_none|            J_7_14_val|        scalar|
|J_7_15_val   |   in|   40|     ap_none|            J_7_15_val|        scalar|
|J_7_16_val   |   in|   40|     ap_none|            J_7_16_val|        scalar|
|J_8_9_val    |   in|   40|     ap_none|             J_8_9_val|        scalar|
|J_8_10_val   |   in|   40|     ap_none|            J_8_10_val|        scalar|
|J_8_11_val   |   in|   40|     ap_none|            J_8_11_val|        scalar|
|J_8_12_val   |   in|   40|     ap_none|            J_8_12_val|        scalar|
|J_8_13_val   |   in|   40|     ap_none|            J_8_13_val|        scalar|
|J_8_14_val   |   in|   40|     ap_none|            J_8_14_val|        scalar|
|J_8_15_val   |   in|   40|     ap_none|            J_8_15_val|        scalar|
|J_8_16_val   |   in|   40|     ap_none|            J_8_16_val|        scalar|
|J_9_10_val   |   in|   40|     ap_none|            J_9_10_val|        scalar|
|J_9_11_val   |   in|   40|     ap_none|            J_9_11_val|        scalar|
|J_9_12_val   |   in|   40|     ap_none|            J_9_12_val|        scalar|
|J_9_13_val   |   in|   40|     ap_none|            J_9_13_val|        scalar|
|J_9_14_val   |   in|   40|     ap_none|            J_9_14_val|        scalar|
|J_9_15_val   |   in|   40|     ap_none|            J_9_15_val|        scalar|
|J_9_16_val   |   in|   40|     ap_none|            J_9_16_val|        scalar|
|J_10_11_val  |   in|   40|     ap_none|           J_10_11_val|        scalar|
|J_10_12_val  |   in|   40|     ap_none|           J_10_12_val|        scalar|
|J_10_13_val  |   in|   40|     ap_none|           J_10_13_val|        scalar|
|J_10_14_val  |   in|   40|     ap_none|           J_10_14_val|        scalar|
|J_10_15_val  |   in|   40|     ap_none|           J_10_15_val|        scalar|
|J_10_16_val  |   in|   40|     ap_none|           J_10_16_val|        scalar|
|J_11_12_val  |   in|   40|     ap_none|           J_11_12_val|        scalar|
|J_11_13_val  |   in|   40|     ap_none|           J_11_13_val|        scalar|
|J_11_14_val  |   in|   40|     ap_none|           J_11_14_val|        scalar|
|J_11_15_val  |   in|   40|     ap_none|           J_11_15_val|        scalar|
|J_11_16_val  |   in|   40|     ap_none|           J_11_16_val|        scalar|
|J_12_13_val  |   in|   40|     ap_none|           J_12_13_val|        scalar|
|J_12_14_val  |   in|   40|     ap_none|           J_12_14_val|        scalar|
|J_12_15_val  |   in|   40|     ap_none|           J_12_15_val|        scalar|
|J_12_16_val  |   in|   40|     ap_none|           J_12_16_val|        scalar|
|J_13_14_val  |   in|   40|     ap_none|           J_13_14_val|        scalar|
|J_13_15_val  |   in|   40|     ap_none|           J_13_15_val|        scalar|
|J_13_16_val  |   in|   40|     ap_none|           J_13_16_val|        scalar|
|J_14_15_val  |   in|   40|     ap_none|           J_14_15_val|        scalar|
|J_14_16_val  |   in|   40|     ap_none|           J_14_16_val|        scalar|
|J_15_16_val  |   in|   40|     ap_none|           J_15_16_val|        scalar|
|h_0_val      |   in|   40|     ap_none|               h_0_val|        scalar|
|h_1_val      |   in|   40|     ap_none|               h_1_val|        scalar|
|h_2_val      |   in|   40|     ap_none|               h_2_val|        scalar|
|h_3_val      |   in|   40|     ap_none|               h_3_val|        scalar|
|h_4_val      |   in|   40|     ap_none|               h_4_val|        scalar|
|h_5_val      |   in|   40|     ap_none|               h_5_val|        scalar|
|h_6_val      |   in|   40|     ap_none|               h_6_val|        scalar|
|h_7_val      |   in|   40|     ap_none|               h_7_val|        scalar|
|h_8_val      |   in|   40|     ap_none|               h_8_val|        scalar|
|h_9_val      |   in|   40|     ap_none|               h_9_val|        scalar|
|h_10_val     |   in|   40|     ap_none|              h_10_val|        scalar|
|h_11_val     |   in|   40|     ap_none|              h_11_val|        scalar|
|h_12_val     |   in|   40|     ap_none|              h_12_val|        scalar|
|h_13_val     |   in|   40|     ap_none|              h_13_val|        scalar|
|h_14_val     |   in|   40|     ap_none|              h_14_val|        scalar|
|h_15_val     |   in|   40|     ap_none|              h_15_val|        scalar|
|h_16_val     |   in|   40|     ap_none|              h_16_val|        scalar|
|y_0_val      |   in|    1|     ap_none|               y_0_val|        scalar|
|y_1_val      |   in|    1|     ap_none|               y_1_val|        scalar|
|y_2_val      |   in|    1|     ap_none|               y_2_val|        scalar|
|y_3_val      |   in|    1|     ap_none|               y_3_val|        scalar|
|y_4_val      |   in|    1|     ap_none|               y_4_val|        scalar|
|y_5_val      |   in|    1|     ap_none|               y_5_val|        scalar|
|y_6_val      |   in|    1|     ap_none|               y_6_val|        scalar|
|y_7_val      |   in|    1|     ap_none|               y_7_val|        scalar|
|y_8_val      |   in|    1|     ap_none|               y_8_val|        scalar|
|y_9_val      |   in|    1|     ap_none|               y_9_val|        scalar|
|y_10_val     |   in|    1|     ap_none|              y_10_val|        scalar|
|y_11_val     |   in|    1|     ap_none|              y_11_val|        scalar|
|y_12_val     |   in|    1|     ap_none|              y_12_val|        scalar|
|y_13_val     |   in|    1|     ap_none|              y_13_val|        scalar|
|y_14_val     |   in|    1|     ap_none|              y_14_val|        scalar|
|y_15_val     |   in|    1|     ap_none|              y_15_val|        scalar|
|y_16_val     |   in|    1|     ap_none|              y_16_val|        scalar|
|old_energy   |   in|   40|     ap_none|            old_energy|        scalar|
+-------------+-----+-----+------------+----------------------+--------------+

