

================================================================
== Vitis HLS Report for 'uniform_metropolis_step'
================================================================
* Date:           Tue May 19 20:40:23 2026

* Version:        2025.2 (Build 6295257 on Nov 14 2025)
* Project:        hls_uniform_metropolis_step_N21
* Solution:       hls (Vivado IP Flow Target)
* Product family: virtexuplus
* Target device:  xcvu19p-fsva3824-2-e


================================================================
== Performance Estimates
================================================================
+ Timing: 
    * Summary: 
    +--------+---------+----------+------------+
    |  Clock |  Target | Estimated| Uncertainty|
    +--------+---------+----------+------------+
    |ap_clk  |  3.33 ns|  2.388 ns|     0.90 ns|
    +--------+---------+----------+------------+

+ Latency: 
    * Summary: 
    +---------+---------+----------+----------+-----+-----+---------+
    |  Latency (cycles) |  Latency (absolute) |  Interval | Pipeline|
    |   min   |   max   |    min   |    max   | min | max |   Type  |
    +---------+---------+----------+----------+-----+-----+---------+
    |      110|      119|  0.367 us|  0.397 us|  111|  120|       no|
    +---------+---------+----------+----------+-----+-----+---------+

    + Detail: 
        * Instance: 
        +----------------------------------+----------------------+---------+---------+----------+----------+-----+-----+---------+
        |                                  |                      |  Latency (cycles) |  Latency (absolute) |  Interval | Pipeline|
        |             Instance             |        Module        |   min   |   max   |    min   |    max   | min | max |   Type  |
        +----------------------------------+----------------------+---------+---------+----------+----------+-----+-----+---------+
        |grp_uniform_delta_energy_fu_2693  |uniform_delta_energy  |      107|      107|  0.357 us|  0.357 us|  107|  107|       no|
        +----------------------------------+----------------------+---------+---------+----------+----------+-----+-----+---------+

        * Loop: 
        N/A



================================================================
== Utilization Estimates
================================================================
* Summary: 
+---------------------+---------+------+---------+---------+-----+
|         Name        | BRAM_18K|  DSP |    FF   |   LUT   | URAM|
+---------------------+---------+------+---------+---------+-----+
|DSP                  |        -|     -|        -|        -|    -|
|Expression           |        -|     -|        0|      703|    -|
|FIFO                 |        -|     -|        -|        -|    -|
|Instance             |        -|     7|     5147|    32003|    -|
|Memory               |        0|     -|        0|        0|    -|
|Multiplexer          |        -|     -|        0|       93|    -|
|Register             |        -|     -|     9773|        -|    -|
+---------------------+---------+------+---------+---------+-----+
|Total                |        0|     7|    14920|    32799|    0|
+---------------------+---------+------+---------+---------+-----+
|Available SLR        |     1080|   960|  2042880|  1021440|   80|
+---------------------+---------+------+---------+---------+-----+
|Utilization SLR (%)  |        0|    ~0|       ~0|        3|    0|
+---------------------+---------+------+---------+---------+-----+
|Available            |     4320|  3840|  8171520|  4085760|  320|
+---------------------+---------+------+---------+---------+-----+
|Utilization (%)      |        0|    ~0|       ~0|       ~0|    0|
+---------------------+---------+------+---------+---------+-----+

+ Detail: 
    * Instance: 
    +----------------------------------+----------------------+---------+----+------+-------+-----+
    |             Instance             |        Module        | BRAM_18K| DSP|  FF  |  LUT  | URAM|
    +----------------------------------+----------------------+---------+----+------+-------+-----+
    |mul_26s_36s_60_2_1_U254           |mul_26s_36s_60_2_1    |        0|   2|   202|     84|    0|
    |mul_40ns_40s_64_2_1_U255          |mul_40ns_40s_64_2_1   |        0|   5|   197|     80|    0|
    |sparsemux_7_2_40_1_1_U256         |sparsemux_7_2_40_1_1  |        0|   0|     0|      9|    0|
    |grp_uniform_delta_energy_fu_2693  |uniform_delta_energy  |        0|   0|  4748|  31830|    0|
    +----------------------------------+----------------------+---------+----+------+-------+-----+
    |Total                             |                      |        0|   7|  5147|  32003|    0|
    +----------------------------------+----------------------+---------+----+------+-------+-----+

    * DSP: 
    N/A

    * Memory: 
    +---------------+-------------------------+---------+---+----+-----+------+-----+------+-------------+
    |     Memory    |          Module         | BRAM_18K| FF| LUT| URAM| Words| Bits| Banks| W*Bits*Banks|
    +---------------+-------------------------+---------+---+----+-----+------+-----+------+-------------+
    |EXP_NEG_LUT_U  |EXP_NEG_LUT_ROM_AUTO_1R  |        0|  0|   0|    0|  1025|   40|     1|        41000|
    +---------------+-------------------------+---------+---+----+-----+------+-----+------+-------------+
    |Total          |                         |        0|  0|   0|    0|  1025|   40|     1|        41000|
    +---------------+-------------------------+---------+---+----+-----+------+-----+------+-------------+

    * FIFO: 
    N/A

    * Expression: 
    +------------------------+----------+----+---+-----+------------+------------+
    |      Variable Name     | Operation| DSP| FF| LUT | Bitwidth P0| Bitwidth P1|
    +------------------------+----------+----+---+-----+------------+------------+
    |add_ln280_fu_3547_p2    |         +|   0|  0|   47|          40|          40|
    |add_ln87_fu_3359_p2     |         +|   0|  0|   18|          11|           1|
    |add_ln89_fu_3431_p2     |         +|   0|  0|   68|          61|          61|
    |sub_ln75_1_fu_3296_p2   |         -|   0|  0|   66|           1|          59|
    |sub_ln75_fu_3275_p2     |         -|   0|  0|  107|           1|          88|
    |sub_ln84_fu_3349_p2     |         -|   0|  0|   34|          27|          27|
    |sub_ln89_fu_3395_p2     |         -|   0|  0|   33|          26|          26|
    |and_ln91_1_fu_3503_p2   |       and|   0|  0|    2|           1|           1|
    |and_ln91_fu_3498_p2     |       and|   0|  0|    2|           1|           1|
    |icmp_ln116_fu_3211_p2   |      icmp|   0|  0|   47|          40|           1|
    |icmp_ln123_fu_3535_p2   |      icmp|   0|  0|   47|          40|          40|
    |icmp_ln59_fu_3263_p2    |      icmp|   0|  0|   47|          40|           1|
    |icmp_ln63_fu_3291_p2    |      icmp|   0|  0|   18|          11|           1|
    |icmp_ln91_fu_3463_p2    |      icmp|   0|  0|   44|          37|           1|
    |icmp_ln95_fu_3457_p2    |      icmp|   0|  0|   20|          13|           1|
    |p_fu_3515_p4            |    select|   0|  0|   41|           1|          41|
    |select_ln75_fu_3308_p3  |    select|   0|  0|   58|           1|          59|
    |xor_ln123_fu_3540_p2    |       xor|   0|  0|    2|           1|           2|
    |xor_ln59_fu_3493_p2     |       xor|   0|  0|    2|           1|           2|
    +------------------------+----------+----+---+-----+------------+------------+
    |Total                   |          |   0|  0|  703|         354|         453|
    +------------------------+----------+----+---+-----+------------+------------+

    * Multiplexer: 
    +---------------------------------+----+-----------+-----+-----------+
    |               Name              | LUT| Input Size| Bits| Total Bits|
    +---------------------------------+----+-----------+-----+-----------+
    |accepted                         |  14|          3|    1|          3|
    |ap_NS_fsm                        |  65|         14|    1|         14|
    |ap_phi_mux_empty_phi_fu_2686_p4  |  14|          3|   40|        120|
    +---------------------------------+----+-----------+-----+-----------+
    |Total                            |  93|         20|   42|        137|
    +---------------------------------+----+-----------+-----+-----------+

    * Register: 
    +-----------------------------------------------+----+----+-----+-----------+
    |                      Name                     | FF | LUT| Bits| Const Bits|
    +-----------------------------------------------+----+----+-----+-----------+
    |J_0_10_read_reg_3604                           |  40|   0|   40|          0|
    |J_0_11_read_reg_3609                           |  40|   0|   40|          0|
    |J_0_12_read_reg_3614                           |  40|   0|   40|          0|
    |J_0_13_read_reg_3619                           |  40|   0|   40|          0|
    |J_0_14_read_reg_3624                           |  40|   0|   40|          0|
    |J_0_15_read_reg_3629                           |  40|   0|   40|          0|
    |J_0_16_read_reg_3634                           |  40|   0|   40|          0|
    |J_0_17_read_reg_3639                           |  40|   0|   40|          0|
    |J_0_18_read_reg_3644                           |  40|   0|   40|          0|
    |J_0_19_read_reg_3649                           |  40|   0|   40|          0|
    |J_0_1_read_reg_3559                            |  40|   0|   40|          0|
    |J_0_20_read_reg_3654                           |  40|   0|   40|          0|
    |J_0_2_read_reg_3564                            |  40|   0|   40|          0|
    |J_0_3_read_reg_3569                            |  40|   0|   40|          0|
    |J_0_4_read_reg_3574                            |  40|   0|   40|          0|
    |J_0_5_read_reg_3579                            |  40|   0|   40|          0|
    |J_0_6_read_reg_3584                            |  40|   0|   40|          0|
    |J_0_7_read_reg_3589                            |  40|   0|   40|          0|
    |J_0_8_read_reg_3594                            |  40|   0|   40|          0|
    |J_0_9_read_reg_3599                            |  40|   0|   40|          0|
    |J_10_11_read_reg_4334                          |  40|   0|   40|          0|
    |J_10_12_read_reg_4339                          |  40|   0|   40|          0|
    |J_10_13_read_reg_4344                          |  40|   0|   40|          0|
    |J_10_14_read_reg_4349                          |  40|   0|   40|          0|
    |J_10_15_read_reg_4354                          |  40|   0|   40|          0|
    |J_10_16_read_reg_4359                          |  40|   0|   40|          0|
    |J_10_17_read_reg_4364                          |  40|   0|   40|          0|
    |J_10_18_read_reg_4369                          |  40|   0|   40|          0|
    |J_10_19_read_reg_4374                          |  40|   0|   40|          0|
    |J_10_20_read_reg_4379                          |  40|   0|   40|          0|
    |J_11_12_read_reg_4384                          |  40|   0|   40|          0|
    |J_11_13_read_reg_4389                          |  40|   0|   40|          0|
    |J_11_14_read_reg_4394                          |  40|   0|   40|          0|
    |J_11_15_read_reg_4399                          |  40|   0|   40|          0|
    |J_11_16_read_reg_4404                          |  40|   0|   40|          0|
    |J_11_17_read_reg_4409                          |  40|   0|   40|          0|
    |J_11_18_read_reg_4414                          |  40|   0|   40|          0|
    |J_11_19_read_reg_4419                          |  40|   0|   40|          0|
    |J_11_20_read_reg_4424                          |  40|   0|   40|          0|
    |J_12_13_read_reg_4429                          |  40|   0|   40|          0|
    |J_12_14_read_reg_4434                          |  40|   0|   40|          0|
    |J_12_15_read_reg_4439                          |  40|   0|   40|          0|
    |J_12_16_read_reg_4444                          |  40|   0|   40|          0|
    |J_12_17_read_reg_4449                          |  40|   0|   40|          0|
    |J_12_18_read_reg_4454                          |  40|   0|   40|          0|
    |J_12_19_read_reg_4459                          |  40|   0|   40|          0|
    |J_12_20_read_reg_4464                          |  40|   0|   40|          0|
    |J_13_14_read_reg_4469                          |  40|   0|   40|          0|
    |J_13_15_read_reg_4474                          |  40|   0|   40|          0|
    |J_13_16_read_reg_4479                          |  40|   0|   40|          0|
    |J_13_17_read_reg_4484                          |  40|   0|   40|          0|
    |J_13_18_read_reg_4489                          |  40|   0|   40|          0|
    |J_13_19_read_reg_4494                          |  40|   0|   40|          0|
    |J_13_20_read_reg_4499                          |  40|   0|   40|          0|
    |J_14_15_read_reg_4504                          |  40|   0|   40|          0|
    |J_14_16_read_reg_4509                          |  40|   0|   40|          0|
    |J_14_17_read_reg_4514                          |  40|   0|   40|          0|
    |J_14_18_read_reg_4519                          |  40|   0|   40|          0|
    |J_14_19_read_reg_4524                          |  40|   0|   40|          0|
    |J_14_20_read_reg_4529                          |  40|   0|   40|          0|
    |J_15_16_read_reg_4534                          |  40|   0|   40|          0|
    |J_15_17_read_reg_4539                          |  40|   0|   40|          0|
    |J_15_18_read_reg_4544                          |  40|   0|   40|          0|
    |J_15_19_read_reg_4549                          |  40|   0|   40|          0|
    |J_15_20_read_reg_4554                          |  40|   0|   40|          0|
    |J_16_17_read_reg_4559                          |  40|   0|   40|          0|
    |J_16_18_read_reg_4564                          |  40|   0|   40|          0|
    |J_16_19_read_reg_4569                          |  40|   0|   40|          0|
    |J_16_20_read_reg_4574                          |  40|   0|   40|          0|
    |J_17_18_read_reg_4579                          |  40|   0|   40|          0|
    |J_17_19_read_reg_4584                          |  40|   0|   40|          0|
    |J_17_20_read_reg_4589                          |  40|   0|   40|          0|
    |J_18_19_read_reg_4594                          |  40|   0|   40|          0|
    |J_18_20_read_reg_4599                          |  40|   0|   40|          0|
    |J_19_20_read_reg_4604                          |  40|   0|   40|          0|
    |J_1_10_read_reg_3699                           |  40|   0|   40|          0|
    |J_1_11_read_reg_3704                           |  40|   0|   40|          0|
    |J_1_12_read_reg_3709                           |  40|   0|   40|          0|
    |J_1_13_read_reg_3714                           |  40|   0|   40|          0|
    |J_1_14_read_reg_3719                           |  40|   0|   40|          0|
    |J_1_15_read_reg_3724                           |  40|   0|   40|          0|
    |J_1_16_read_reg_3729                           |  40|   0|   40|          0|
    |J_1_17_read_reg_3734                           |  40|   0|   40|          0|
    |J_1_18_read_reg_3739                           |  40|   0|   40|          0|
    |J_1_19_read_reg_3744                           |  40|   0|   40|          0|
    |J_1_20_read_reg_3749                           |  40|   0|   40|          0|
    |J_1_2_read_reg_3659                            |  40|   0|   40|          0|
    |J_1_3_read_reg_3664                            |  40|   0|   40|          0|
    |J_1_4_read_reg_3669                            |  40|   0|   40|          0|
    |J_1_5_read_reg_3674                            |  40|   0|   40|          0|
    |J_1_6_read_reg_3679                            |  40|   0|   40|          0|
    |J_1_7_read_reg_3684                            |  40|   0|   40|          0|
    |J_1_8_read_reg_3689                            |  40|   0|   40|          0|
    |J_1_9_read_reg_3694                            |  40|   0|   40|          0|
    |J_2_10_read_reg_3789                           |  40|   0|   40|          0|
    |J_2_11_read_reg_3794                           |  40|   0|   40|          0|
    |J_2_12_read_reg_3799                           |  40|   0|   40|          0|
    |J_2_13_read_reg_3804                           |  40|   0|   40|          0|
    |J_2_14_read_reg_3809                           |  40|   0|   40|          0|
    |J_2_15_read_reg_3814                           |  40|   0|   40|          0|
    |J_2_16_read_reg_3819                           |  40|   0|   40|          0|
    |J_2_17_read_reg_3824                           |  40|   0|   40|          0|
    |J_2_18_read_reg_3829                           |  40|   0|   40|          0|
    |J_2_19_read_reg_3834                           |  40|   0|   40|          0|
    |J_2_20_read_reg_3839                           |  40|   0|   40|          0|
    |J_2_3_read_reg_3754                            |  40|   0|   40|          0|
    |J_2_4_read_reg_3759                            |  40|   0|   40|          0|
    |J_2_5_read_reg_3764                            |  40|   0|   40|          0|
    |J_2_6_read_reg_3769                            |  40|   0|   40|          0|
    |J_2_7_read_reg_3774                            |  40|   0|   40|          0|
    |J_2_8_read_reg_3779                            |  40|   0|   40|          0|
    |J_2_9_read_reg_3784                            |  40|   0|   40|          0|
    |J_3_10_read_reg_3874                           |  40|   0|   40|          0|
    |J_3_11_read_reg_3879                           |  40|   0|   40|          0|
    |J_3_12_read_reg_3884                           |  40|   0|   40|          0|
    |J_3_13_read_reg_3889                           |  40|   0|   40|          0|
    |J_3_14_read_reg_3894                           |  40|   0|   40|          0|
    |J_3_15_read_reg_3899                           |  40|   0|   40|          0|
    |J_3_16_read_reg_3904                           |  40|   0|   40|          0|
    |J_3_17_read_reg_3909                           |  40|   0|   40|          0|
    |J_3_18_read_reg_3914                           |  40|   0|   40|          0|
    |J_3_19_read_reg_3919                           |  40|   0|   40|          0|
    |J_3_20_read_reg_3924                           |  40|   0|   40|          0|
    |J_3_4_read_reg_3844                            |  40|   0|   40|          0|
    |J_3_5_read_reg_3849                            |  40|   0|   40|          0|
    |J_3_6_read_reg_3854                            |  40|   0|   40|          0|
    |J_3_7_read_reg_3859                            |  40|   0|   40|          0|
    |J_3_8_read_reg_3864                            |  40|   0|   40|          0|
    |J_3_9_read_reg_3869                            |  40|   0|   40|          0|
    |J_4_10_read_reg_3954                           |  40|   0|   40|          0|
    |J_4_11_read_reg_3959                           |  40|   0|   40|          0|
    |J_4_12_read_reg_3964                           |  40|   0|   40|          0|
    |J_4_13_read_reg_3969                           |  40|   0|   40|          0|
    |J_4_14_read_reg_3974                           |  40|   0|   40|          0|
    |J_4_15_read_reg_3979                           |  40|   0|   40|          0|
    |J_4_16_read_reg_3984                           |  40|   0|   40|          0|
    |J_4_17_read_reg_3989                           |  40|   0|   40|          0|
    |J_4_18_read_reg_3994                           |  40|   0|   40|          0|
    |J_4_19_read_reg_3999                           |  40|   0|   40|          0|
    |J_4_20_read_reg_4004                           |  40|   0|   40|          0|
    |J_4_5_read_reg_3929                            |  40|   0|   40|          0|
    |J_4_6_read_reg_3934                            |  40|   0|   40|          0|
    |J_4_7_read_reg_3939                            |  40|   0|   40|          0|
    |J_4_8_read_reg_3944                            |  40|   0|   40|          0|
    |J_4_9_read_reg_3949                            |  40|   0|   40|          0|
    |J_5_10_read_reg_4029                           |  40|   0|   40|          0|
    |J_5_11_read_reg_4034                           |  40|   0|   40|          0|
    |J_5_12_read_reg_4039                           |  40|   0|   40|          0|
    |J_5_13_read_reg_4044                           |  40|   0|   40|          0|
    |J_5_14_read_reg_4049                           |  40|   0|   40|          0|
    |J_5_15_read_reg_4054                           |  40|   0|   40|          0|
    |J_5_16_read_reg_4059                           |  40|   0|   40|          0|
    |J_5_17_read_reg_4064                           |  40|   0|   40|          0|
    |J_5_18_read_reg_4069                           |  40|   0|   40|          0|
    |J_5_19_read_reg_4074                           |  40|   0|   40|          0|
    |J_5_20_read_reg_4079                           |  40|   0|   40|          0|
    |J_5_6_read_reg_4009                            |  40|   0|   40|          0|
    |J_5_7_read_reg_4014                            |  40|   0|   40|          0|
    |J_5_8_read_reg_4019                            |  40|   0|   40|          0|
    |J_5_9_read_reg_4024                            |  40|   0|   40|          0|
    |J_6_10_read_reg_4099                           |  40|   0|   40|          0|
    |J_6_11_read_reg_4104                           |  40|   0|   40|          0|
    |J_6_12_read_reg_4109                           |  40|   0|   40|          0|
    |J_6_13_read_reg_4114                           |  40|   0|   40|          0|
    |J_6_14_read_reg_4119                           |  40|   0|   40|          0|
    |J_6_15_read_reg_4124                           |  40|   0|   40|          0|
    |J_6_16_read_reg_4129                           |  40|   0|   40|          0|
    |J_6_17_read_reg_4134                           |  40|   0|   40|          0|
    |J_6_18_read_reg_4139                           |  40|   0|   40|          0|
    |J_6_19_read_reg_4144                           |  40|   0|   40|          0|
    |J_6_20_read_reg_4149                           |  40|   0|   40|          0|
    |J_6_7_read_reg_4084                            |  40|   0|   40|          0|
    |J_6_8_read_reg_4089                            |  40|   0|   40|          0|
    |J_6_9_read_reg_4094                            |  40|   0|   40|          0|
    |J_7_10_read_reg_4164                           |  40|   0|   40|          0|
    |J_7_11_read_reg_4169                           |  40|   0|   40|          0|
    |J_7_12_read_reg_4174                           |  40|   0|   40|          0|
    |J_7_13_read_reg_4179                           |  40|   0|   40|          0|
    |J_7_14_read_reg_4184                           |  40|   0|   40|          0|
    |J_7_15_read_reg_4189                           |  40|   0|   40|          0|
    |J_7_16_read_reg_4194                           |  40|   0|   40|          0|
    |J_7_17_read_reg_4199                           |  40|   0|   40|          0|
    |J_7_18_read_reg_4204                           |  40|   0|   40|          0|
    |J_7_19_read_reg_4209                           |  40|   0|   40|          0|
    |J_7_20_read_reg_4214                           |  40|   0|   40|          0|
    |J_7_8_read_reg_4154                            |  40|   0|   40|          0|
    |J_7_9_read_reg_4159                            |  40|   0|   40|          0|
    |J_8_10_read_reg_4224                           |  40|   0|   40|          0|
    |J_8_11_read_reg_4229                           |  40|   0|   40|          0|
    |J_8_12_read_reg_4234                           |  40|   0|   40|          0|
    |J_8_13_read_reg_4239                           |  40|   0|   40|          0|
    |J_8_14_read_reg_4244                           |  40|   0|   40|          0|
    |J_8_15_read_reg_4249                           |  40|   0|   40|          0|
    |J_8_16_read_reg_4254                           |  40|   0|   40|          0|
    |J_8_17_read_reg_4259                           |  40|   0|   40|          0|
    |J_8_18_read_reg_4264                           |  40|   0|   40|          0|
    |J_8_19_read_reg_4269                           |  40|   0|   40|          0|
    |J_8_20_read_reg_4274                           |  40|   0|   40|          0|
    |J_8_9_read_reg_4219                            |  40|   0|   40|          0|
    |J_9_10_read_reg_4279                           |  40|   0|   40|          0|
    |J_9_11_read_reg_4284                           |  40|   0|   40|          0|
    |J_9_12_read_reg_4289                           |  40|   0|   40|          0|
    |J_9_13_read_reg_4294                           |  40|   0|   40|          0|
    |J_9_14_read_reg_4299                           |  40|   0|   40|          0|
    |J_9_15_read_reg_4304                           |  40|   0|   40|          0|
    |J_9_16_read_reg_4309                           |  40|   0|   40|          0|
    |J_9_17_read_reg_4314                           |  40|   0|   40|          0|
    |J_9_18_read_reg_4319                           |  40|   0|   40|          0|
    |J_9_19_read_reg_4324                           |  40|   0|   40|          0|
    |J_9_20_read_reg_4329                           |  40|   0|   40|          0|
    |add_ln89_reg_4941                              |  61|   0|   61|          0|
    |ap_CS_fsm                                      |  13|   0|   13|          0|
    |de_reg_4819                                    |  40|   0|   40|          0|
    |grp_uniform_delta_energy_fu_2693_ap_start_reg  |   1|   0|    1|          0|
    |h_0_read_reg_4609                              |  40|   0|   40|          0|
    |h_10_read_reg_4659                             |  40|   0|   40|          0|
    |h_11_read_reg_4664                             |  40|   0|   40|          0|
    |h_12_read_reg_4669                             |  40|   0|   40|          0|
    |h_13_read_reg_4674                             |  40|   0|   40|          0|
    |h_14_read_reg_4679                             |  40|   0|   40|          0|
    |h_15_read_reg_4684                             |  40|   0|   40|          0|
    |h_16_read_reg_4689                             |  40|   0|   40|          0|
    |h_17_read_reg_4694                             |  40|   0|   40|          0|
    |h_18_read_reg_4699                             |  40|   0|   40|          0|
    |h_19_read_reg_4704                             |  40|   0|   40|          0|
    |h_1_read_reg_4614                              |  40|   0|   40|          0|
    |h_20_read_reg_4709                             |  40|   0|   40|          0|
    |h_2_read_reg_4619                              |  40|   0|   40|          0|
    |h_3_read_reg_4624                              |  40|   0|   40|          0|
    |h_4_read_reg_4629                              |  40|   0|   40|          0|
    |h_5_read_reg_4634                              |  40|   0|   40|          0|
    |h_6_read_reg_4639                              |  40|   0|   40|          0|
    |h_7_read_reg_4644                              |  40|   0|   40|          0|
    |h_8_read_reg_4649                              |  40|   0|   40|          0|
    |h_9_read_reg_4654                              |  40|   0|   40|          0|
    |icmp_ln116_reg_4832                            |   1|   0|    1|          0|
    |icmp_ln59_reg_4867                             |   1|   0|    1|          0|
    |icmp_ln63_reg_4878                             |   1|   0|    1|          0|
    |icmp_ln91_reg_4951                             |   1|   0|    1|          0|
    |icmp_ln95_reg_4946                             |   1|   0|    1|          0|
    |idx_reg_4883                                   |  11|   0|   11|          0|
    |mul_ln89_reg_4936                              |  60|   0|   60|          0|
    |old_energy_read_reg_3552                       |  40|   0|   40|          0|
    |sub_ln84_reg_4895                              |  27|   0|   27|          0|
    |sub_ln89_reg_4921                              |  26|   0|   26|          0|
    |tmp_1_reg_4857                                 |   1|   0|    1|          0|
    |tmp_3_reg_4890                                 |  26|   0|   26|          0|
    |tmp_4_reg_4910                                 |  25|   0|   25|          0|
    |tmp_5_reg_4916                                 |  25|   0|   25|          0|
    |tmp_6_reg_4862                                 |  11|   0|   11|          0|
    |tmp_reg_4851                                   |  30|   0|   30|          0|
    |trunc_ln75_1_reg_4873                          |  30|   0|   59|         29|
    |u_read_reg_4827                                |  40|   0|   40|          0|
    |x_reg_4846                                     |  40|   0|   40|          0|
    |y_0_read_reg_4714                              |   1|   0|    1|          0|
    |y_10_read_reg_4764                             |   1|   0|    1|          0|
    |y_11_read_reg_4769                             |   1|   0|    1|          0|
    |y_12_read_reg_4774                             |   1|   0|    1|          0|
    |y_13_read_reg_4779                             |   1|   0|    1|          0|
    |y_14_read_reg_4784                             |   1|   0|    1|          0|
    |y_15_read_reg_4789                             |   1|   0|    1|          0|
    |y_16_read_reg_4794                             |   1|   0|    1|          0|
    |y_17_read_reg_4799                             |   1|   0|    1|          0|
    |y_18_read_reg_4804                             |   1|   0|    1|          0|
    |y_19_read_reg_4809                             |   1|   0|    1|          0|
    |y_1_read_reg_4719                              |   1|   0|    1|          0|
    |y_20_read_reg_4814                             |   1|   0|    1|          0|
    |y_2_read_reg_4724                              |   1|   0|    1|          0|
    |y_3_read_reg_4729                              |   1|   0|    1|          0|
    |y_4_read_reg_4734                              |   1|   0|    1|          0|
    |y_5_read_reg_4739                              |   1|   0|    1|          0|
    |y_6_read_reg_4744                              |   1|   0|    1|          0|
    |y_7_read_reg_4749                              |   1|   0|    1|          0|
    |y_8_read_reg_4754                              |   1|   0|    1|          0|
    |y_9_read_reg_4759                              |   1|   0|    1|          0|
    +-----------------------------------------------+----+----+-----+-----------+
    |Total                                          |9773|   0| 9802|         29|
    +-----------------------------------------------+----+----+-----+-----------+



================================================================
== Interface
================================================================
* Summary: 
+---------------------+-----+-----+------------+-------------------------+--------------+
|      RTL Ports      | Dir | Bits|  Protocol  |      Source Object      |    C Type    |
+---------------------+-----+-----+------------+-------------------------+--------------+
|ap_clk               |   in|    1|  ap_ctrl_hs|  uniform_metropolis_step|  return value|
|ap_rst               |   in|    1|  ap_ctrl_hs|  uniform_metropolis_step|  return value|
|ap_start             |   in|    1|  ap_ctrl_hs|  uniform_metropolis_step|  return value|
|ap_done              |  out|    1|  ap_ctrl_hs|  uniform_metropolis_step|  return value|
|ap_idle              |  out|    1|  ap_ctrl_hs|  uniform_metropolis_step|  return value|
|ap_ready             |  out|    1|  ap_ctrl_hs|  uniform_metropolis_step|  return value|
|J_0_0                |   in|   40|     ap_none|                    J_0_0|       pointer|
|J_0_1                |   in|   40|     ap_none|                    J_0_1|       pointer|
|J_0_2                |   in|   40|     ap_none|                    J_0_2|       pointer|
|J_0_3                |   in|   40|     ap_none|                    J_0_3|       pointer|
|J_0_4                |   in|   40|     ap_none|                    J_0_4|       pointer|
|J_0_5                |   in|   40|     ap_none|                    J_0_5|       pointer|
|J_0_6                |   in|   40|     ap_none|                    J_0_6|       pointer|
|J_0_7                |   in|   40|     ap_none|                    J_0_7|       pointer|
|J_0_8                |   in|   40|     ap_none|                    J_0_8|       pointer|
|J_0_9                |   in|   40|     ap_none|                    J_0_9|       pointer|
|J_0_10               |   in|   40|     ap_none|                   J_0_10|       pointer|
|J_0_11               |   in|   40|     ap_none|                   J_0_11|       pointer|
|J_0_12               |   in|   40|     ap_none|                   J_0_12|       pointer|
|J_0_13               |   in|   40|     ap_none|                   J_0_13|       pointer|
|J_0_14               |   in|   40|     ap_none|                   J_0_14|       pointer|
|J_0_15               |   in|   40|     ap_none|                   J_0_15|       pointer|
|J_0_16               |   in|   40|     ap_none|                   J_0_16|       pointer|
|J_0_17               |   in|   40|     ap_none|                   J_0_17|       pointer|
|J_0_18               |   in|   40|     ap_none|                   J_0_18|       pointer|
|J_0_19               |   in|   40|     ap_none|                   J_0_19|       pointer|
|J_0_20               |   in|   40|     ap_none|                   J_0_20|       pointer|
|J_1_0                |   in|   40|     ap_none|                    J_1_0|       pointer|
|J_1_1                |   in|   40|     ap_none|                    J_1_1|       pointer|
|J_1_2                |   in|   40|     ap_none|                    J_1_2|       pointer|
|J_1_3                |   in|   40|     ap_none|                    J_1_3|       pointer|
|J_1_4                |   in|   40|     ap_none|                    J_1_4|       pointer|
|J_1_5                |   in|   40|     ap_none|                    J_1_5|       pointer|
|J_1_6                |   in|   40|     ap_none|                    J_1_6|       pointer|
|J_1_7                |   in|   40|     ap_none|                    J_1_7|       pointer|
|J_1_8                |   in|   40|     ap_none|                    J_1_8|       pointer|
|J_1_9                |   in|   40|     ap_none|                    J_1_9|       pointer|
|J_1_10               |   in|   40|     ap_none|                   J_1_10|       pointer|
|J_1_11               |   in|   40|     ap_none|                   J_1_11|       pointer|
|J_1_12               |   in|   40|     ap_none|                   J_1_12|       pointer|
|J_1_13               |   in|   40|     ap_none|                   J_1_13|       pointer|
|J_1_14               |   in|   40|     ap_none|                   J_1_14|       pointer|
|J_1_15               |   in|   40|     ap_none|                   J_1_15|       pointer|
|J_1_16               |   in|   40|     ap_none|                   J_1_16|       pointer|
|J_1_17               |   in|   40|     ap_none|                   J_1_17|       pointer|
|J_1_18               |   in|   40|     ap_none|                   J_1_18|       pointer|
|J_1_19               |   in|   40|     ap_none|                   J_1_19|       pointer|
|J_1_20               |   in|   40|     ap_none|                   J_1_20|       pointer|
|J_2_0                |   in|   40|     ap_none|                    J_2_0|       pointer|
|J_2_1                |   in|   40|     ap_none|                    J_2_1|       pointer|
|J_2_2                |   in|   40|     ap_none|                    J_2_2|       pointer|
|J_2_3                |   in|   40|     ap_none|                    J_2_3|       pointer|
|J_2_4                |   in|   40|     ap_none|                    J_2_4|       pointer|
|J_2_5                |   in|   40|     ap_none|                    J_2_5|       pointer|
|J_2_6                |   in|   40|     ap_none|                    J_2_6|       pointer|
|J_2_7                |   in|   40|     ap_none|                    J_2_7|       pointer|
|J_2_8                |   in|   40|     ap_none|                    J_2_8|       pointer|
|J_2_9                |   in|   40|     ap_none|                    J_2_9|       pointer|
|J_2_10               |   in|   40|     ap_none|                   J_2_10|       pointer|
|J_2_11               |   in|   40|     ap_none|                   J_2_11|       pointer|
|J_2_12               |   in|   40|     ap_none|                   J_2_12|       pointer|
|J_2_13               |   in|   40|     ap_none|                   J_2_13|       pointer|
|J_2_14               |   in|   40|     ap_none|                   J_2_14|       pointer|
|J_2_15               |   in|   40|     ap_none|                   J_2_15|       pointer|
|J_2_16               |   in|   40|     ap_none|                   J_2_16|       pointer|
|J_2_17               |   in|   40|     ap_none|                   J_2_17|       pointer|
|J_2_18               |   in|   40|     ap_none|                   J_2_18|       pointer|
|J_2_19               |   in|   40|     ap_none|                   J_2_19|       pointer|
|J_2_20               |   in|   40|     ap_none|                   J_2_20|       pointer|
|J_3_0                |   in|   40|     ap_none|                    J_3_0|       pointer|
|J_3_1                |   in|   40|     ap_none|                    J_3_1|       pointer|
|J_3_2                |   in|   40|     ap_none|                    J_3_2|       pointer|
|J_3_3                |   in|   40|     ap_none|                    J_3_3|       pointer|
|J_3_4                |   in|   40|     ap_none|                    J_3_4|       pointer|
|J_3_5                |   in|   40|     ap_none|                    J_3_5|       pointer|
|J_3_6                |   in|   40|     ap_none|                    J_3_6|       pointer|
|J_3_7                |   in|   40|     ap_none|                    J_3_7|       pointer|
|J_3_8                |   in|   40|     ap_none|                    J_3_8|       pointer|
|J_3_9                |   in|   40|     ap_none|                    J_3_9|       pointer|
|J_3_10               |   in|   40|     ap_none|                   J_3_10|       pointer|
|J_3_11               |   in|   40|     ap_none|                   J_3_11|       pointer|
|J_3_12               |   in|   40|     ap_none|                   J_3_12|       pointer|
|J_3_13               |   in|   40|     ap_none|                   J_3_13|       pointer|
|J_3_14               |   in|   40|     ap_none|                   J_3_14|       pointer|
|J_3_15               |   in|   40|     ap_none|                   J_3_15|       pointer|
|J_3_16               |   in|   40|     ap_none|                   J_3_16|       pointer|
|J_3_17               |   in|   40|     ap_none|                   J_3_17|       pointer|
|J_3_18               |   in|   40|     ap_none|                   J_3_18|       pointer|
|J_3_19               |   in|   40|     ap_none|                   J_3_19|       pointer|
|J_3_20               |   in|   40|     ap_none|                   J_3_20|       pointer|
|J_4_0                |   in|   40|     ap_none|                    J_4_0|       pointer|
|J_4_1                |   in|   40|     ap_none|                    J_4_1|       pointer|
|J_4_2                |   in|   40|     ap_none|                    J_4_2|       pointer|
|J_4_3                |   in|   40|     ap_none|                    J_4_3|       pointer|
|J_4_4                |   in|   40|     ap_none|                    J_4_4|       pointer|
|J_4_5                |   in|   40|     ap_none|                    J_4_5|       pointer|
|J_4_6                |   in|   40|     ap_none|                    J_4_6|       pointer|
|J_4_7                |   in|   40|     ap_none|                    J_4_7|       pointer|
|J_4_8                |   in|   40|     ap_none|                    J_4_8|       pointer|
|J_4_9                |   in|   40|     ap_none|                    J_4_9|       pointer|
|J_4_10               |   in|   40|     ap_none|                   J_4_10|       pointer|
|J_4_11               |   in|   40|     ap_none|                   J_4_11|       pointer|
|J_4_12               |   in|   40|     ap_none|                   J_4_12|       pointer|
|J_4_13               |   in|   40|     ap_none|                   J_4_13|       pointer|
|J_4_14               |   in|   40|     ap_none|                   J_4_14|       pointer|
|J_4_15               |   in|   40|     ap_none|                   J_4_15|       pointer|
|J_4_16               |   in|   40|     ap_none|                   J_4_16|       pointer|
|J_4_17               |   in|   40|     ap_none|                   J_4_17|       pointer|
|J_4_18               |   in|   40|     ap_none|                   J_4_18|       pointer|
|J_4_19               |   in|   40|     ap_none|                   J_4_19|       pointer|
|J_4_20               |   in|   40|     ap_none|                   J_4_20|       pointer|
|J_5_0                |   in|   40|     ap_none|                    J_5_0|       pointer|
|J_5_1                |   in|   40|     ap_none|                    J_5_1|       pointer|
|J_5_2                |   in|   40|     ap_none|                    J_5_2|       pointer|
|J_5_3                |   in|   40|     ap_none|                    J_5_3|       pointer|
|J_5_4                |   in|   40|     ap_none|                    J_5_4|       pointer|
|J_5_5                |   in|   40|     ap_none|                    J_5_5|       pointer|
|J_5_6                |   in|   40|     ap_none|                    J_5_6|       pointer|
|J_5_7                |   in|   40|     ap_none|                    J_5_7|       pointer|
|J_5_8                |   in|   40|     ap_none|                    J_5_8|       pointer|
|J_5_9                |   in|   40|     ap_none|                    J_5_9|       pointer|
|J_5_10               |   in|   40|     ap_none|                   J_5_10|       pointer|
|J_5_11               |   in|   40|     ap_none|                   J_5_11|       pointer|
|J_5_12               |   in|   40|     ap_none|                   J_5_12|       pointer|
|J_5_13               |   in|   40|     ap_none|                   J_5_13|       pointer|
|J_5_14               |   in|   40|     ap_none|                   J_5_14|       pointer|
|J_5_15               |   in|   40|     ap_none|                   J_5_15|       pointer|
|J_5_16               |   in|   40|     ap_none|                   J_5_16|       pointer|
|J_5_17               |   in|   40|     ap_none|                   J_5_17|       pointer|
|J_5_18               |   in|   40|     ap_none|                   J_5_18|       pointer|
|J_5_19               |   in|   40|     ap_none|                   J_5_19|       pointer|
|J_5_20               |   in|   40|     ap_none|                   J_5_20|       pointer|
|J_6_0                |   in|   40|     ap_none|                    J_6_0|       pointer|
|J_6_1                |   in|   40|     ap_none|                    J_6_1|       pointer|
|J_6_2                |   in|   40|     ap_none|                    J_6_2|       pointer|
|J_6_3                |   in|   40|     ap_none|                    J_6_3|       pointer|
|J_6_4                |   in|   40|     ap_none|                    J_6_4|       pointer|
|J_6_5                |   in|   40|     ap_none|                    J_6_5|       pointer|
|J_6_6                |   in|   40|     ap_none|                    J_6_6|       pointer|
|J_6_7                |   in|   40|     ap_none|                    J_6_7|       pointer|
|J_6_8                |   in|   40|     ap_none|                    J_6_8|       pointer|
|J_6_9                |   in|   40|     ap_none|                    J_6_9|       pointer|
|J_6_10               |   in|   40|     ap_none|                   J_6_10|       pointer|
|J_6_11               |   in|   40|     ap_none|                   J_6_11|       pointer|
|J_6_12               |   in|   40|     ap_none|                   J_6_12|       pointer|
|J_6_13               |   in|   40|     ap_none|                   J_6_13|       pointer|
|J_6_14               |   in|   40|     ap_none|                   J_6_14|       pointer|
|J_6_15               |   in|   40|     ap_none|                   J_6_15|       pointer|
|J_6_16               |   in|   40|     ap_none|                   J_6_16|       pointer|
|J_6_17               |   in|   40|     ap_none|                   J_6_17|       pointer|
|J_6_18               |   in|   40|     ap_none|                   J_6_18|       pointer|
|J_6_19               |   in|   40|     ap_none|                   J_6_19|       pointer|
|J_6_20               |   in|   40|     ap_none|                   J_6_20|       pointer|
|J_7_0                |   in|   40|     ap_none|                    J_7_0|       pointer|
|J_7_1                |   in|   40|     ap_none|                    J_7_1|       pointer|
|J_7_2                |   in|   40|     ap_none|                    J_7_2|       pointer|
|J_7_3                |   in|   40|     ap_none|                    J_7_3|       pointer|
|J_7_4                |   in|   40|     ap_none|                    J_7_4|       pointer|
|J_7_5                |   in|   40|     ap_none|                    J_7_5|       pointer|
|J_7_6                |   in|   40|     ap_none|                    J_7_6|       pointer|
|J_7_7                |   in|   40|     ap_none|                    J_7_7|       pointer|
|J_7_8                |   in|   40|     ap_none|                    J_7_8|       pointer|
|J_7_9                |   in|   40|     ap_none|                    J_7_9|       pointer|
|J_7_10               |   in|   40|     ap_none|                   J_7_10|       pointer|
|J_7_11               |   in|   40|     ap_none|                   J_7_11|       pointer|
|J_7_12               |   in|   40|     ap_none|                   J_7_12|       pointer|
|J_7_13               |   in|   40|     ap_none|                   J_7_13|       pointer|
|J_7_14               |   in|   40|     ap_none|                   J_7_14|       pointer|
|J_7_15               |   in|   40|     ap_none|                   J_7_15|       pointer|
|J_7_16               |   in|   40|     ap_none|                   J_7_16|       pointer|
|J_7_17               |   in|   40|     ap_none|                   J_7_17|       pointer|
|J_7_18               |   in|   40|     ap_none|                   J_7_18|       pointer|
|J_7_19               |   in|   40|     ap_none|                   J_7_19|       pointer|
|J_7_20               |   in|   40|     ap_none|                   J_7_20|       pointer|
|J_8_0                |   in|   40|     ap_none|                    J_8_0|       pointer|
|J_8_1                |   in|   40|     ap_none|                    J_8_1|       pointer|
|J_8_2                |   in|   40|     ap_none|                    J_8_2|       pointer|
|J_8_3                |   in|   40|     ap_none|                    J_8_3|       pointer|
|J_8_4                |   in|   40|     ap_none|                    J_8_4|       pointer|
|J_8_5                |   in|   40|     ap_none|                    J_8_5|       pointer|
|J_8_6                |   in|   40|     ap_none|                    J_8_6|       pointer|
|J_8_7                |   in|   40|     ap_none|                    J_8_7|       pointer|
|J_8_8                |   in|   40|     ap_none|                    J_8_8|       pointer|
|J_8_9                |   in|   40|     ap_none|                    J_8_9|       pointer|
|J_8_10               |   in|   40|     ap_none|                   J_8_10|       pointer|
|J_8_11               |   in|   40|     ap_none|                   J_8_11|       pointer|
|J_8_12               |   in|   40|     ap_none|                   J_8_12|       pointer|
|J_8_13               |   in|   40|     ap_none|                   J_8_13|       pointer|
|J_8_14               |   in|   40|     ap_none|                   J_8_14|       pointer|
|J_8_15               |   in|   40|     ap_none|                   J_8_15|       pointer|
|J_8_16               |   in|   40|     ap_none|                   J_8_16|       pointer|
|J_8_17               |   in|   40|     ap_none|                   J_8_17|       pointer|
|J_8_18               |   in|   40|     ap_none|                   J_8_18|       pointer|
|J_8_19               |   in|   40|     ap_none|                   J_8_19|       pointer|
|J_8_20               |   in|   40|     ap_none|                   J_8_20|       pointer|
|J_9_0                |   in|   40|     ap_none|                    J_9_0|       pointer|
|J_9_1                |   in|   40|     ap_none|                    J_9_1|       pointer|
|J_9_2                |   in|   40|     ap_none|                    J_9_2|       pointer|
|J_9_3                |   in|   40|     ap_none|                    J_9_3|       pointer|
|J_9_4                |   in|   40|     ap_none|                    J_9_4|       pointer|
|J_9_5                |   in|   40|     ap_none|                    J_9_5|       pointer|
|J_9_6                |   in|   40|     ap_none|                    J_9_6|       pointer|
|J_9_7                |   in|   40|     ap_none|                    J_9_7|       pointer|
|J_9_8                |   in|   40|     ap_none|                    J_9_8|       pointer|
|J_9_9                |   in|   40|     ap_none|                    J_9_9|       pointer|
|J_9_10               |   in|   40|     ap_none|                   J_9_10|       pointer|
|J_9_11               |   in|   40|     ap_none|                   J_9_11|       pointer|
|J_9_12               |   in|   40|     ap_none|                   J_9_12|       pointer|
|J_9_13               |   in|   40|     ap_none|                   J_9_13|       pointer|
|J_9_14               |   in|   40|     ap_none|                   J_9_14|       pointer|
|J_9_15               |   in|   40|     ap_none|                   J_9_15|       pointer|
|J_9_16               |   in|   40|     ap_none|                   J_9_16|       pointer|
|J_9_17               |   in|   40|     ap_none|                   J_9_17|       pointer|
|J_9_18               |   in|   40|     ap_none|                   J_9_18|       pointer|
|J_9_19               |   in|   40|     ap_none|                   J_9_19|       pointer|
|J_9_20               |   in|   40|     ap_none|                   J_9_20|       pointer|
|J_10_0               |   in|   40|     ap_none|                   J_10_0|       pointer|
|J_10_1               |   in|   40|     ap_none|                   J_10_1|       pointer|
|J_10_2               |   in|   40|     ap_none|                   J_10_2|       pointer|
|J_10_3               |   in|   40|     ap_none|                   J_10_3|       pointer|
|J_10_4               |   in|   40|     ap_none|                   J_10_4|       pointer|
|J_10_5               |   in|   40|     ap_none|                   J_10_5|       pointer|
|J_10_6               |   in|   40|     ap_none|                   J_10_6|       pointer|
|J_10_7               |   in|   40|     ap_none|                   J_10_7|       pointer|
|J_10_8               |   in|   40|     ap_none|                   J_10_8|       pointer|
|J_10_9               |   in|   40|     ap_none|                   J_10_9|       pointer|
|J_10_10              |   in|   40|     ap_none|                  J_10_10|       pointer|
|J_10_11              |   in|   40|     ap_none|                  J_10_11|       pointer|
|J_10_12              |   in|   40|     ap_none|                  J_10_12|       pointer|
|J_10_13              |   in|   40|     ap_none|                  J_10_13|       pointer|
|J_10_14              |   in|   40|     ap_none|                  J_10_14|       pointer|
|J_10_15              |   in|   40|     ap_none|                  J_10_15|       pointer|
|J_10_16              |   in|   40|     ap_none|                  J_10_16|       pointer|
|J_10_17              |   in|   40|     ap_none|                  J_10_17|       pointer|
|J_10_18              |   in|   40|     ap_none|                  J_10_18|       pointer|
|J_10_19              |   in|   40|     ap_none|                  J_10_19|       pointer|
|J_10_20              |   in|   40|     ap_none|                  J_10_20|       pointer|
|J_11_0               |   in|   40|     ap_none|                   J_11_0|       pointer|
|J_11_1               |   in|   40|     ap_none|                   J_11_1|       pointer|
|J_11_2               |   in|   40|     ap_none|                   J_11_2|       pointer|
|J_11_3               |   in|   40|     ap_none|                   J_11_3|       pointer|
|J_11_4               |   in|   40|     ap_none|                   J_11_4|       pointer|
|J_11_5               |   in|   40|     ap_none|                   J_11_5|       pointer|
|J_11_6               |   in|   40|     ap_none|                   J_11_6|       pointer|
|J_11_7               |   in|   40|     ap_none|                   J_11_7|       pointer|
|J_11_8               |   in|   40|     ap_none|                   J_11_8|       pointer|
|J_11_9               |   in|   40|     ap_none|                   J_11_9|       pointer|
|J_11_10              |   in|   40|     ap_none|                  J_11_10|       pointer|
|J_11_11              |   in|   40|     ap_none|                  J_11_11|       pointer|
|J_11_12              |   in|   40|     ap_none|                  J_11_12|       pointer|
|J_11_13              |   in|   40|     ap_none|                  J_11_13|       pointer|
|J_11_14              |   in|   40|     ap_none|                  J_11_14|       pointer|
|J_11_15              |   in|   40|     ap_none|                  J_11_15|       pointer|
|J_11_16              |   in|   40|     ap_none|                  J_11_16|       pointer|
|J_11_17              |   in|   40|     ap_none|                  J_11_17|       pointer|
|J_11_18              |   in|   40|     ap_none|                  J_11_18|       pointer|
|J_11_19              |   in|   40|     ap_none|                  J_11_19|       pointer|
|J_11_20              |   in|   40|     ap_none|                  J_11_20|       pointer|
|J_12_0               |   in|   40|     ap_none|                   J_12_0|       pointer|
|J_12_1               |   in|   40|     ap_none|                   J_12_1|       pointer|
|J_12_2               |   in|   40|     ap_none|                   J_12_2|       pointer|
|J_12_3               |   in|   40|     ap_none|                   J_12_3|       pointer|
|J_12_4               |   in|   40|     ap_none|                   J_12_4|       pointer|
|J_12_5               |   in|   40|     ap_none|                   J_12_5|       pointer|
|J_12_6               |   in|   40|     ap_none|                   J_12_6|       pointer|
|J_12_7               |   in|   40|     ap_none|                   J_12_7|       pointer|
|J_12_8               |   in|   40|     ap_none|                   J_12_8|       pointer|
|J_12_9               |   in|   40|     ap_none|                   J_12_9|       pointer|
|J_12_10              |   in|   40|     ap_none|                  J_12_10|       pointer|
|J_12_11              |   in|   40|     ap_none|                  J_12_11|       pointer|
|J_12_12              |   in|   40|     ap_none|                  J_12_12|       pointer|
|J_12_13              |   in|   40|     ap_none|                  J_12_13|       pointer|
|J_12_14              |   in|   40|     ap_none|                  J_12_14|       pointer|
|J_12_15              |   in|   40|     ap_none|                  J_12_15|       pointer|
|J_12_16              |   in|   40|     ap_none|                  J_12_16|       pointer|
|J_12_17              |   in|   40|     ap_none|                  J_12_17|       pointer|
|J_12_18              |   in|   40|     ap_none|                  J_12_18|       pointer|
|J_12_19              |   in|   40|     ap_none|                  J_12_19|       pointer|
|J_12_20              |   in|   40|     ap_none|                  J_12_20|       pointer|
|J_13_0               |   in|   40|     ap_none|                   J_13_0|       pointer|
|J_13_1               |   in|   40|     ap_none|                   J_13_1|       pointer|
|J_13_2               |   in|   40|     ap_none|                   J_13_2|       pointer|
|J_13_3               |   in|   40|     ap_none|                   J_13_3|       pointer|
|J_13_4               |   in|   40|     ap_none|                   J_13_4|       pointer|
|J_13_5               |   in|   40|     ap_none|                   J_13_5|       pointer|
|J_13_6               |   in|   40|     ap_none|                   J_13_6|       pointer|
|J_13_7               |   in|   40|     ap_none|                   J_13_7|       pointer|
|J_13_8               |   in|   40|     ap_none|                   J_13_8|       pointer|
|J_13_9               |   in|   40|     ap_none|                   J_13_9|       pointer|
|J_13_10              |   in|   40|     ap_none|                  J_13_10|       pointer|
|J_13_11              |   in|   40|     ap_none|                  J_13_11|       pointer|
|J_13_12              |   in|   40|     ap_none|                  J_13_12|       pointer|
|J_13_13              |   in|   40|     ap_none|                  J_13_13|       pointer|
|J_13_14              |   in|   40|     ap_none|                  J_13_14|       pointer|
|J_13_15              |   in|   40|     ap_none|                  J_13_15|       pointer|
|J_13_16              |   in|   40|     ap_none|                  J_13_16|       pointer|
|J_13_17              |   in|   40|     ap_none|                  J_13_17|       pointer|
|J_13_18              |   in|   40|     ap_none|                  J_13_18|       pointer|
|J_13_19              |   in|   40|     ap_none|                  J_13_19|       pointer|
|J_13_20              |   in|   40|     ap_none|                  J_13_20|       pointer|
|J_14_0               |   in|   40|     ap_none|                   J_14_0|       pointer|
|J_14_1               |   in|   40|     ap_none|                   J_14_1|       pointer|
|J_14_2               |   in|   40|     ap_none|                   J_14_2|       pointer|
|J_14_3               |   in|   40|     ap_none|                   J_14_3|       pointer|
|J_14_4               |   in|   40|     ap_none|                   J_14_4|       pointer|
|J_14_5               |   in|   40|     ap_none|                   J_14_5|       pointer|
|J_14_6               |   in|   40|     ap_none|                   J_14_6|       pointer|
|J_14_7               |   in|   40|     ap_none|                   J_14_7|       pointer|
|J_14_8               |   in|   40|     ap_none|                   J_14_8|       pointer|
|J_14_9               |   in|   40|     ap_none|                   J_14_9|       pointer|
|J_14_10              |   in|   40|     ap_none|                  J_14_10|       pointer|
|J_14_11              |   in|   40|     ap_none|                  J_14_11|       pointer|
|J_14_12              |   in|   40|     ap_none|                  J_14_12|       pointer|
|J_14_13              |   in|   40|     ap_none|                  J_14_13|       pointer|
|J_14_14              |   in|   40|     ap_none|                  J_14_14|       pointer|
|J_14_15              |   in|   40|     ap_none|                  J_14_15|       pointer|
|J_14_16              |   in|   40|     ap_none|                  J_14_16|       pointer|
|J_14_17              |   in|   40|     ap_none|                  J_14_17|       pointer|
|J_14_18              |   in|   40|     ap_none|                  J_14_18|       pointer|
|J_14_19              |   in|   40|     ap_none|                  J_14_19|       pointer|
|J_14_20              |   in|   40|     ap_none|                  J_14_20|       pointer|
|J_15_0               |   in|   40|     ap_none|                   J_15_0|       pointer|
|J_15_1               |   in|   40|     ap_none|                   J_15_1|       pointer|
|J_15_2               |   in|   40|     ap_none|                   J_15_2|       pointer|
|J_15_3               |   in|   40|     ap_none|                   J_15_3|       pointer|
|J_15_4               |   in|   40|     ap_none|                   J_15_4|       pointer|
|J_15_5               |   in|   40|     ap_none|                   J_15_5|       pointer|
|J_15_6               |   in|   40|     ap_none|                   J_15_6|       pointer|
|J_15_7               |   in|   40|     ap_none|                   J_15_7|       pointer|
|J_15_8               |   in|   40|     ap_none|                   J_15_8|       pointer|
|J_15_9               |   in|   40|     ap_none|                   J_15_9|       pointer|
|J_15_10              |   in|   40|     ap_none|                  J_15_10|       pointer|
|J_15_11              |   in|   40|     ap_none|                  J_15_11|       pointer|
|J_15_12              |   in|   40|     ap_none|                  J_15_12|       pointer|
|J_15_13              |   in|   40|     ap_none|                  J_15_13|       pointer|
|J_15_14              |   in|   40|     ap_none|                  J_15_14|       pointer|
|J_15_15              |   in|   40|     ap_none|                  J_15_15|       pointer|
|J_15_16              |   in|   40|     ap_none|                  J_15_16|       pointer|
|J_15_17              |   in|   40|     ap_none|                  J_15_17|       pointer|
|J_15_18              |   in|   40|     ap_none|                  J_15_18|       pointer|
|J_15_19              |   in|   40|     ap_none|                  J_15_19|       pointer|
|J_15_20              |   in|   40|     ap_none|                  J_15_20|       pointer|
|J_16_0               |   in|   40|     ap_none|                   J_16_0|       pointer|
|J_16_1               |   in|   40|     ap_none|                   J_16_1|       pointer|
|J_16_2               |   in|   40|     ap_none|                   J_16_2|       pointer|
|J_16_3               |   in|   40|     ap_none|                   J_16_3|       pointer|
|J_16_4               |   in|   40|     ap_none|                   J_16_4|       pointer|
|J_16_5               |   in|   40|     ap_none|                   J_16_5|       pointer|
|J_16_6               |   in|   40|     ap_none|                   J_16_6|       pointer|
|J_16_7               |   in|   40|     ap_none|                   J_16_7|       pointer|
|J_16_8               |   in|   40|     ap_none|                   J_16_8|       pointer|
|J_16_9               |   in|   40|     ap_none|                   J_16_9|       pointer|
|J_16_10              |   in|   40|     ap_none|                  J_16_10|       pointer|
|J_16_11              |   in|   40|     ap_none|                  J_16_11|       pointer|
|J_16_12              |   in|   40|     ap_none|                  J_16_12|       pointer|
|J_16_13              |   in|   40|     ap_none|                  J_16_13|       pointer|
|J_16_14              |   in|   40|     ap_none|                  J_16_14|       pointer|
|J_16_15              |   in|   40|     ap_none|                  J_16_15|       pointer|
|J_16_16              |   in|   40|     ap_none|                  J_16_16|       pointer|
|J_16_17              |   in|   40|     ap_none|                  J_16_17|       pointer|
|J_16_18              |   in|   40|     ap_none|                  J_16_18|       pointer|
|J_16_19              |   in|   40|     ap_none|                  J_16_19|       pointer|
|J_16_20              |   in|   40|     ap_none|                  J_16_20|       pointer|
|J_17_0               |   in|   40|     ap_none|                   J_17_0|       pointer|
|J_17_1               |   in|   40|     ap_none|                   J_17_1|       pointer|
|J_17_2               |   in|   40|     ap_none|                   J_17_2|       pointer|
|J_17_3               |   in|   40|     ap_none|                   J_17_3|       pointer|
|J_17_4               |   in|   40|     ap_none|                   J_17_4|       pointer|
|J_17_5               |   in|   40|     ap_none|                   J_17_5|       pointer|
|J_17_6               |   in|   40|     ap_none|                   J_17_6|       pointer|
|J_17_7               |   in|   40|     ap_none|                   J_17_7|       pointer|
|J_17_8               |   in|   40|     ap_none|                   J_17_8|       pointer|
|J_17_9               |   in|   40|     ap_none|                   J_17_9|       pointer|
|J_17_10              |   in|   40|     ap_none|                  J_17_10|       pointer|
|J_17_11              |   in|   40|     ap_none|                  J_17_11|       pointer|
|J_17_12              |   in|   40|     ap_none|                  J_17_12|       pointer|
|J_17_13              |   in|   40|     ap_none|                  J_17_13|       pointer|
|J_17_14              |   in|   40|     ap_none|                  J_17_14|       pointer|
|J_17_15              |   in|   40|     ap_none|                  J_17_15|       pointer|
|J_17_16              |   in|   40|     ap_none|                  J_17_16|       pointer|
|J_17_17              |   in|   40|     ap_none|                  J_17_17|       pointer|
|J_17_18              |   in|   40|     ap_none|                  J_17_18|       pointer|
|J_17_19              |   in|   40|     ap_none|                  J_17_19|       pointer|
|J_17_20              |   in|   40|     ap_none|                  J_17_20|       pointer|
|J_18_0               |   in|   40|     ap_none|                   J_18_0|       pointer|
|J_18_1               |   in|   40|     ap_none|                   J_18_1|       pointer|
|J_18_2               |   in|   40|     ap_none|                   J_18_2|       pointer|
|J_18_3               |   in|   40|     ap_none|                   J_18_3|       pointer|
|J_18_4               |   in|   40|     ap_none|                   J_18_4|       pointer|
|J_18_5               |   in|   40|     ap_none|                   J_18_5|       pointer|
|J_18_6               |   in|   40|     ap_none|                   J_18_6|       pointer|
|J_18_7               |   in|   40|     ap_none|                   J_18_7|       pointer|
|J_18_8               |   in|   40|     ap_none|                   J_18_8|       pointer|
|J_18_9               |   in|   40|     ap_none|                   J_18_9|       pointer|
|J_18_10              |   in|   40|     ap_none|                  J_18_10|       pointer|
|J_18_11              |   in|   40|     ap_none|                  J_18_11|       pointer|
|J_18_12              |   in|   40|     ap_none|                  J_18_12|       pointer|
|J_18_13              |   in|   40|     ap_none|                  J_18_13|       pointer|
|J_18_14              |   in|   40|     ap_none|                  J_18_14|       pointer|
|J_18_15              |   in|   40|     ap_none|                  J_18_15|       pointer|
|J_18_16              |   in|   40|     ap_none|                  J_18_16|       pointer|
|J_18_17              |   in|   40|     ap_none|                  J_18_17|       pointer|
|J_18_18              |   in|   40|     ap_none|                  J_18_18|       pointer|
|J_18_19              |   in|   40|     ap_none|                  J_18_19|       pointer|
|J_18_20              |   in|   40|     ap_none|                  J_18_20|       pointer|
|J_19_0               |   in|   40|     ap_none|                   J_19_0|       pointer|
|J_19_1               |   in|   40|     ap_none|                   J_19_1|       pointer|
|J_19_2               |   in|   40|     ap_none|                   J_19_2|       pointer|
|J_19_3               |   in|   40|     ap_none|                   J_19_3|       pointer|
|J_19_4               |   in|   40|     ap_none|                   J_19_4|       pointer|
|J_19_5               |   in|   40|     ap_none|                   J_19_5|       pointer|
|J_19_6               |   in|   40|     ap_none|                   J_19_6|       pointer|
|J_19_7               |   in|   40|     ap_none|                   J_19_7|       pointer|
|J_19_8               |   in|   40|     ap_none|                   J_19_8|       pointer|
|J_19_9               |   in|   40|     ap_none|                   J_19_9|       pointer|
|J_19_10              |   in|   40|     ap_none|                  J_19_10|       pointer|
|J_19_11              |   in|   40|     ap_none|                  J_19_11|       pointer|
|J_19_12              |   in|   40|     ap_none|                  J_19_12|       pointer|
|J_19_13              |   in|   40|     ap_none|                  J_19_13|       pointer|
|J_19_14              |   in|   40|     ap_none|                  J_19_14|       pointer|
|J_19_15              |   in|   40|     ap_none|                  J_19_15|       pointer|
|J_19_16              |   in|   40|     ap_none|                  J_19_16|       pointer|
|J_19_17              |   in|   40|     ap_none|                  J_19_17|       pointer|
|J_19_18              |   in|   40|     ap_none|                  J_19_18|       pointer|
|J_19_19              |   in|   40|     ap_none|                  J_19_19|       pointer|
|J_19_20              |   in|   40|     ap_none|                  J_19_20|       pointer|
|J_20_0               |   in|   40|     ap_none|                   J_20_0|       pointer|
|J_20_1               |   in|   40|     ap_none|                   J_20_1|       pointer|
|J_20_2               |   in|   40|     ap_none|                   J_20_2|       pointer|
|J_20_3               |   in|   40|     ap_none|                   J_20_3|       pointer|
|J_20_4               |   in|   40|     ap_none|                   J_20_4|       pointer|
|J_20_5               |   in|   40|     ap_none|                   J_20_5|       pointer|
|J_20_6               |   in|   40|     ap_none|                   J_20_6|       pointer|
|J_20_7               |   in|   40|     ap_none|                   J_20_7|       pointer|
|J_20_8               |   in|   40|     ap_none|                   J_20_8|       pointer|
|J_20_9               |   in|   40|     ap_none|                   J_20_9|       pointer|
|J_20_10              |   in|   40|     ap_none|                  J_20_10|       pointer|
|J_20_11              |   in|   40|     ap_none|                  J_20_11|       pointer|
|J_20_12              |   in|   40|     ap_none|                  J_20_12|       pointer|
|J_20_13              |   in|   40|     ap_none|                  J_20_13|       pointer|
|J_20_14              |   in|   40|     ap_none|                  J_20_14|       pointer|
|J_20_15              |   in|   40|     ap_none|                  J_20_15|       pointer|
|J_20_16              |   in|   40|     ap_none|                  J_20_16|       pointer|
|J_20_17              |   in|   40|     ap_none|                  J_20_17|       pointer|
|J_20_18              |   in|   40|     ap_none|                  J_20_18|       pointer|
|J_20_19              |   in|   40|     ap_none|                  J_20_19|       pointer|
|J_20_20              |   in|   40|     ap_none|                  J_20_20|       pointer|
|h_0                  |   in|   40|     ap_none|                      h_0|       pointer|
|h_1                  |   in|   40|     ap_none|                      h_1|       pointer|
|h_2                  |   in|   40|     ap_none|                      h_2|       pointer|
|h_3                  |   in|   40|     ap_none|                      h_3|       pointer|
|h_4                  |   in|   40|     ap_none|                      h_4|       pointer|
|h_5                  |   in|   40|     ap_none|                      h_5|       pointer|
|h_6                  |   in|   40|     ap_none|                      h_6|       pointer|
|h_7                  |   in|   40|     ap_none|                      h_7|       pointer|
|h_8                  |   in|   40|     ap_none|                      h_8|       pointer|
|h_9                  |   in|   40|     ap_none|                      h_9|       pointer|
|h_10                 |   in|   40|     ap_none|                     h_10|       pointer|
|h_11                 |   in|   40|     ap_none|                     h_11|       pointer|
|h_12                 |   in|   40|     ap_none|                     h_12|       pointer|
|h_13                 |   in|   40|     ap_none|                     h_13|       pointer|
|h_14                 |   in|   40|     ap_none|                     h_14|       pointer|
|h_15                 |   in|   40|     ap_none|                     h_15|       pointer|
|h_16                 |   in|   40|     ap_none|                     h_16|       pointer|
|h_17                 |   in|   40|     ap_none|                     h_17|       pointer|
|h_18                 |   in|   40|     ap_none|                     h_18|       pointer|
|h_19                 |   in|   40|     ap_none|                     h_19|       pointer|
|h_20                 |   in|   40|     ap_none|                     h_20|       pointer|
|y_0                  |   in|    1|     ap_none|                      y_0|       pointer|
|y_1                  |   in|    1|     ap_none|                      y_1|       pointer|
|y_2                  |   in|    1|     ap_none|                      y_2|       pointer|
|y_3                  |   in|    1|     ap_none|                      y_3|       pointer|
|y_4                  |   in|    1|     ap_none|                      y_4|       pointer|
|y_5                  |   in|    1|     ap_none|                      y_5|       pointer|
|y_6                  |   in|    1|     ap_none|                      y_6|       pointer|
|y_7                  |   in|    1|     ap_none|                      y_7|       pointer|
|y_8                  |   in|    1|     ap_none|                      y_8|       pointer|
|y_9                  |   in|    1|     ap_none|                      y_9|       pointer|
|y_10                 |   in|    1|     ap_none|                     y_10|       pointer|
|y_11                 |   in|    1|     ap_none|                     y_11|       pointer|
|y_12                 |   in|    1|     ap_none|                     y_12|       pointer|
|y_13                 |   in|    1|     ap_none|                     y_13|       pointer|
|y_14                 |   in|    1|     ap_none|                     y_14|       pointer|
|y_15                 |   in|    1|     ap_none|                     y_15|       pointer|
|y_16                 |   in|    1|     ap_none|                     y_16|       pointer|
|y_17                 |   in|    1|     ap_none|                     y_17|       pointer|
|y_18                 |   in|    1|     ap_none|                     y_18|       pointer|
|y_19                 |   in|    1|     ap_none|                     y_19|       pointer|
|y_20                 |   in|    1|     ap_none|                     y_20|       pointer|
|old_energy           |   in|   40|     ap_none|               old_energy|        scalar|
|beta                 |   in|   40|     ap_none|                     beta|        scalar|
|u                    |   in|   40|     ap_none|                        u|        scalar|
|accepted             |  out|    1|      ap_vld|                 accepted|       pointer|
|accepted_ap_vld      |  out|    1|      ap_vld|                 accepted|       pointer|
|delta_energy         |  out|   40|      ap_vld|             delta_energy|       pointer|
|delta_energy_ap_vld  |  out|    1|      ap_vld|             delta_energy|       pointer|
|new_energy           |  out|   40|      ap_vld|               new_energy|       pointer|
|new_energy_ap_vld    |  out|    1|      ap_vld|               new_energy|       pointer|
+---------------------+-----+-----+------------+-------------------------+--------------+

