================================================================
== Design Size Report
================================================================

* Total Instructions per Compilation Phase
+---------------+----------------------------+--------------+----------------------------------------------------------------------------------------+
| Phase         | Step                       | Instructions | Description                                                                            |
+---------------+----------------------------+--------------+----------------------------------------------------------------------------------------+
| Compile/Link  |                            | 12,944       | After all functions are compiled and linked into a single design                       |
|               |                            |              |                                                                                        |
| Unroll/Inline |                            |              | After user unroll and inline pragmas are applied                                       |
|               | (1) unroll                 | 11,747       | user unroll pragmas are applied                                                        |
|               | (2) simplification         |  3,081       | simplification of applied user unroll pragmas                                          |
|               | (3) inline                 |  3,033       | user inline pragmas are applied                                                        |
|               | (4) simplification         |  2,946       | simplification of applied user inline pragmas                                          |
|               |                            |              |                                                                                        |
| Array/Struct  |                            |              | After user array partition and struct aggregate/disaggregate pragmas are applied       |
|               | (1) array partition        |  1,968       | user array partition pragmas are applied                                               |
|               | (2) simplification         |  1,968       | simplification of applied user array partition & struct aggregate/disaggregate pragmas |
|               | (3) aggregate/disaggregate |  1,968       | user struct aggregate/disaggregate pragmas are applied                                 |
|               | (4) array reshape          |  1,968       | apply array reshape pragmas                                                            |
|               | (5) access patterns        |  1,968       | array access pattern optmizations                                                      |
|               |                            |              |                                                                                        |
| Performance   |                            |              | After transformations are applied to meet performance pragma targets                   |
|               | (1) loop simplification    |  1,968       | loop and instruction simplification                                                    |
|               | (2) parallelization        |  1,968       | loops are unrolled or pipelined to meet performance targets                            |
|               | (3) array partition        |  1,968       | arrays are partitioned to meet performance targets                                     |
|               | (4) simplification         |  1,968       | simplification of design after performance transformations                             |
|               |                            |              |                                                                                        |
| HW Transforms |                            |              | After hardware transfomations                                                          |
|               | (1) lowering               |  2,242       | initial conversion to HW specific instructions                                         |
|               | (2) optimizations          |  2,244       | high level synthesis optimizations                                                     |
+---------------+----------------------------+--------------+----------------------------------------------------------------------------------------+

* Instructions per Function for each Compilation Phase
+-----------------------------+------------------------+--------------+---------------+--------------+-------------+---------------+
| Function                    | Location               | Compile/Link | Unroll/Inline | Array/Struct | Performance | HW Transforms |
+-----------------------------+------------------------+--------------+---------------+--------------+-------------+---------------+
| + local_spin_flip_operation | local_move_hls.cpp:311 | 12,944       | 2,946         | 1,968        | 1,968       | 2,244         |
|  + local_delta_over_alpha   | local_move_hls.cpp:173 | 4,638        |               |              |             |               |
|     selected_field          | local_move_hls.cpp:127 |   346        |               |              |             |               |
|   + selected_coupling_for_j | local_move_hls.cpp:145 |   369        |               |              |             |               |
|      edge_index             | local_move_hls.cpp:66  |    18        |               |              |             |               |
|     spin_value              | local_move_hls.cpp:56  |   610        |               |              |             |               |
|   + tree_sum<17>            | local_move_hls.cpp:78  | 1,835        |               |              |             |               |
|    + tree_sum<9>            | local_move_hls.cpp:78  | 1,469        |               |              |             |               |
|     + tree_sum<5>           | local_move_hls.cpp:78  | 1,103        |               |              |             |               |
|      + tree_sum<3>          | local_move_hls.cpp:78  |   737        |               |              |             |               |
|       + tree_sum<2>         | local_move_hls.cpp:78  |   371        |               |              |             |               |
|          tree_sum<1>        | local_move_hls.cpp:78  |     5        |               |              |             |               |
|    positive_part            | local_move_hls.cpp:220 |   630        |               |              |             |               |
|    chebyshev_g              | local_move_hls.cpp:233 | 7,637        |               |              |             |               |
+-----------------------------+------------------------+--------------+---------------+--------------+-------------+---------------+

* Design Size Message Settings
+---------------------------------------------+--------+------------------------------------------------------------------+
| Message Setting                             | Value  | Description                                                      |
+---------------------------------------------+--------+------------------------------------------------------------------+
| config_compile -design_size_maximum_warning | 100000 | Show a warning when total design instructions exceeds this value |
+---------------------------------------------+--------+------------------------------------------------------------------+


