================================================================
== Design Size Report
================================================================

* Total Instructions per Compilation Phase
+---------------+----------------------------+--------------+----------------------------------------------------------------------------------------+
| Phase         | Step                       | Instructions | Description                                                                            |
+---------------+----------------------------+--------------+----------------------------------------------------------------------------------------+
| Compile/Link  |                            | 13,036       | After all functions are compiled and linked into a single design                       |
|               |                            |              |                                                                                        |
| Unroll/Inline |                            |              | After user unroll and inline pragmas are applied                                       |
|               | (1) unroll                 | 27,020       | user unroll pragmas are applied                                                        |
|               | (2) simplification         |  9,300       | simplification of applied user unroll pragmas                                          |
|               | (3) inline                 |  9,010       | user inline pragmas are applied                                                        |
|               | (4) simplification         |  8,971       | simplification of applied user inline pragmas                                          |
|               |                            |              |                                                                                        |
| Array/Struct  |                            |              | After user array partition and struct aggregate/disaggregate pragmas are applied       |
|               | (1) array partition        |  7,877       | user array partition pragmas are applied                                               |
|               | (2) simplification         |  6,758       | simplification of applied user array partition & struct aggregate/disaggregate pragmas |
|               | (3) aggregate/disaggregate |  6,758       | user struct aggregate/disaggregate pragmas are applied                                 |
|               | (4) array reshape          |  6,758       | apply array reshape pragmas                                                            |
|               | (5) access patterns        |  6,758       | array access pattern optmizations                                                      |
|               |                            |              |                                                                                        |
| Performance   |                            |              | After transformations are applied to meet performance pragma targets                   |
|               | (1) loop simplification    |  6,758       | loop and instruction simplification                                                    |
|               | (2) parallelization        |  6,758       | loops are unrolled or pipelined to meet performance targets                            |
|               | (3) array partition        |  6,758       | arrays are partitioned to meet performance targets                                     |
|               | (4) simplification         |  6,758       | simplification of design after performance transformations                             |
|               |                            |              |                                                                                        |
| HW Transforms |                            |              | After hardware transfomations                                                          |
|               | (1) lowering               |  7,033       | initial conversion to HW specific instructions                                         |
|               | (2) optimizations          |  7,035       | high level synthesis optimizations                                                     |
+---------------+----------------------------+--------------+----------------------------------------------------------------------------------------+

* Instructions per Function for each Compilation Phase
+----------------------------+--------------------------+--------------+---------------+--------------+-------------+---------------+
| Function                   | Location                 | Compile/Link | Unroll/Inline | Array/Struct | Performance | HW Transforms |
+----------------------------+--------------------------+--------------+---------------+--------------+-------------+---------------+
| + uniform_move_operation   | uniform_move_hls.cpp:237 | 13,036       | 8,971         | 6,758        | 6,758       | 7,035         |
|  + dense_energy_over_alpha | uniform_move_hls.cpp:121 | 4,393        |               |              |             |               |
|     field_delta_term       | uniform_move_hls.cpp:102 |   645        |               |              |             |               |
|     edge_index             | uniform_move_hls.cpp:64  |    18        |               |              |             |               |
|     pair_delta_term        | uniform_move_hls.cpp:111 |   648        |               |              |             |               |
|   + tree_sum<136>          | uniform_move_hls.cpp:76  | 2,933        |               |              |             |               |
|    + tree_sum<68>          | uniform_move_hls.cpp:76  | 2,567        |               |              |             |               |
|     + tree_sum<34>         | uniform_move_hls.cpp:76  | 2,201        |               |              |             |               |
|      + tree_sum<17>        | uniform_move_hls.cpp:76  | 1,835        |               |              |             |               |
|       + tree_sum<9>        | uniform_move_hls.cpp:76  | 1,469        |               |              |             |               |
|        + tree_sum<5>       | uniform_move_hls.cpp:76  | 1,103        |               |              |             |               |
|         + tree_sum<3>      | uniform_move_hls.cpp:76  |   737        |               |              |             |               |
|          + tree_sum<2>     | uniform_move_hls.cpp:76  |   371        |               |              |             |               |
|             tree_sum<1>    | uniform_move_hls.cpp:76  |     5        |               |              |             |               |
|    positive_part           | uniform_move_hls.cpp:157 |   630        |               |              |             |               |
|    chebyshev_g             | uniform_move_hls.cpp:169 | 7,637        |               |              |             |               |
+----------------------------+--------------------------+--------------+---------------+--------------+-------------+---------------+

* Design Size Message Settings
+---------------------------------------------+--------+------------------------------------------------------------------+
| Message Setting                             | Value  | Description                                                      |
+---------------------------------------------+--------+------------------------------------------------------------------+
| config_compile -design_size_maximum_warning | 100000 | Show a warning when total design instructions exceeds this value |
+---------------------------------------------+--------+------------------------------------------------------------------+


