

================================================================
== Vitis HLS Report for 'uniform_delta_energy'
================================================================
* Date:           Tue May 19 20:34:57 2026

* Version:        2025.2 (Build 6295257 on Nov 14 2025)
* Project:        hls_uniform_metropolis_step_N14
* Solution:       hls (Vivado IP Flow Target)
* Product family: virtexuplus
* Target device:  xcvu19p-fsva3824-2-e


================================================================
== Performance Estimates
================================================================
+ Timing: 
    * Summary: 
    +--------+---------+----------+------------+
    |  Clock |  Target | Estimated| Uncertainty|
    +--------+---------+----------+------------+
    |ap_clk  |  3.33 ns|  2.388 ns|     0.90 ns|
    +--------+---------+----------+------------+

+ Latency: 
    * Summary: 
    +---------+---------+----------+----------+-----+-----+---------+
    |  Latency (cycles) |  Latency (absolute) |  Interval | Pipeline|
    |   min   |   max   |    min   |    max   | min | max |   Type  |
    +---------+---------+----------+----------+-----+-----+---------+
    |       47|       47|  0.157 us|  0.157 us|   47|   47|       no|
    +---------+---------+----------+----------+-----+-----+---------+

    + Detail: 
        * Instance: 
        N/A

        * Loop: 
        N/A



================================================================
== Utilization Estimates
================================================================
* Summary: 
+---------------------+---------+------+---------+---------+-----+
|         Name        | BRAM_18K|  DSP |    FF   |   LUT   | URAM|
+---------------------+---------+------+---------+---------+-----+
|DSP                  |        -|     -|        -|        -|    -|
|Expression           |        -|     -|        0|    14215|    -|
|FIFO                 |        -|     -|        -|        -|    -|
|Instance             |        -|     -|        -|        -|    -|
|Memory               |        -|     -|        -|        -|    -|
|Multiplexer          |        -|     -|        0|      222|    -|
|Register             |        -|     -|     2288|        -|    -|
+---------------------+---------+------+---------+---------+-----+
|Total                |        0|     0|     2288|    14437|    0|
+---------------------+---------+------+---------+---------+-----+
|Available SLR        |     1080|   960|  2042880|  1021440|   80|
+---------------------+---------+------+---------+---------+-----+
|Utilization SLR (%)  |        0|     0|       ~0|        1|    0|
+---------------------+---------+------+---------+---------+-----+
|Available            |     4320|  3840|  8171520|  4085760|  320|
+---------------------+---------+------+---------+---------+-----+
|Utilization (%)      |        0|     0|       ~0|       ~0|    0|
+---------------------+---------+------+---------+---------+-----+

+ Detail: 
    * Instance: 
    N/A

    * DSP: 
    N/A

    * Memory: 
    N/A

    * FIFO: 
    N/A

    * Expression: 
    +-------------------------+----------+----+---+-----+------------+------------+
    |      Variable Name      | Operation| DSP| FF| LUT | Bitwidth P0| Bitwidth P1|
    +-------------------------+----------+----+---+-----+------------+------------+
    |add_ln183_10_fu_1214_p2  |         +|   0|  0|   40|          40|          40|
    |add_ln183_11_fu_1219_p2  |         +|   0|  0|   40|          40|          40|
    |add_ln183_12_fu_1225_p2  |         +|   0|  0|   40|          40|          40|
    |add_ln183_1_fu_1168_p2   |         +|   0|  0|   40|          40|          40|
    |add_ln183_2_fu_1192_p2   |         +|   0|  0|   40|          40|          40|
    |add_ln183_3_fu_1174_p2   |         +|   0|  0|   47|          40|          40|
    |add_ln183_4_fu_1196_p2   |         +|   0|  0|   40|          40|          40|
    |add_ln183_5_fu_1201_p2   |         +|   0|  0|   40|          40|          40|
    |add_ln183_6_fu_1180_p2   |         +|   0|  0|   47|          40|          40|
    |add_ln183_7_fu_1206_p2   |         +|   0|  0|   40|          40|          40|
    |add_ln183_8_fu_1210_p2   |         +|   0|  0|   40|          40|          40|
    |add_ln183_9_fu_1186_p2   |         +|   0|  0|   47|          40|          40|
    |add_ln183_fu_1162_p2     |         +|   0|  0|   40|          40|          40|
    |add_ln195_fu_1235_p2     |         +|   0|  0|   40|          40|          40|
    |e_100_fu_2005_p2         |         +|   0|  0|   47|          40|          40|
    |e_103_fu_2028_p2         |         +|   0|  0|   47|          40|          40|
    |e_106_fu_2051_p2         |         +|   0|  0|   47|          40|          40|
    |e_109_fu_2074_p2         |         +|   0|  0|   47|          40|          40|
    |e_10_fu_1315_p2          |         +|   0|  0|   47|          40|          40|
    |e_112_fu_2097_p2         |         +|   0|  0|   47|          40|          40|
    |e_115_fu_2120_p2         |         +|   0|  0|   47|          40|          40|
    |e_118_fu_2143_p2         |         +|   0|  0|   47|          40|          40|
    |e_121_fu_2166_p2         |         +|   0|  0|   47|          40|          40|
    |e_124_fu_2189_p2         |         +|   0|  0|   47|          40|          40|
    |e_127_fu_2212_p2         |         +|   0|  0|   47|          40|          40|
    |e_130_fu_2235_p2         |         +|   0|  0|   47|          40|          40|
    |e_133_fu_2258_p2         |         +|   0|  0|   47|          40|          40|
    |e_136_fu_2281_p2         |         +|   0|  0|   47|          40|          40|
    |e_139_fu_2304_p2         |         +|   0|  0|   47|          40|          40|
    |e_13_fu_1338_p2          |         +|   0|  0|   47|          40|          40|
    |e_142_fu_2327_p2         |         +|   0|  0|   47|          40|          40|
    |e_145_fu_2350_p2         |         +|   0|  0|   47|          40|          40|
    |e_148_fu_2373_p2         |         +|   0|  0|   47|          40|          40|
    |e_151_fu_2396_p2         |         +|   0|  0|   47|          40|          40|
    |e_154_fu_2419_p2         |         +|   0|  0|   47|          40|          40|
    |e_157_fu_2442_p2         |         +|   0|  0|   47|          40|          40|
    |e_160_fu_2465_p2         |         +|   0|  0|   47|          40|          40|
    |e_163_fu_2488_p2         |         +|   0|  0|   47|          40|          40|
    |e_166_fu_2511_p2         |         +|   0|  0|   47|          40|          40|
    |e_169_fu_2534_p2         |         +|   0|  0|   47|          40|          40|
    |e_16_fu_1361_p2          |         +|   0|  0|   47|          40|          40|
    |e_172_fu_2557_p2         |         +|   0|  0|   47|          40|          40|
    |e_175_fu_2580_p2         |         +|   0|  0|   47|          40|          40|
    |e_178_fu_2603_p2         |         +|   0|  0|   47|          40|          40|
    |e_181_fu_2626_p2         |         +|   0|  0|   47|          40|          40|
    |e_184_fu_2649_p2         |         +|   0|  0|   47|          40|          40|
    |e_187_fu_2672_p2         |         +|   0|  0|   47|          40|          40|
    |e_190_fu_2695_p2         |         +|   0|  0|   47|          40|          40|
    |e_193_fu_2718_p2         |         +|   0|  0|   47|          40|          40|
    |e_196_fu_2741_p2         |         +|   0|  0|   47|          40|          40|
    |e_199_fu_2764_p2         |         +|   0|  0|   47|          40|          40|
    |e_19_fu_1384_p2          |         +|   0|  0|   47|          40|          40|
    |e_202_fu_2787_p2         |         +|   0|  0|   47|          40|          40|
    |e_205_fu_2810_p2         |         +|   0|  0|   47|          40|          40|
    |e_208_fu_2833_p2         |         +|   0|  0|   47|          40|          40|
    |e_211_fu_2856_p2         |         +|   0|  0|   47|          40|          40|
    |e_214_fu_2879_p2         |         +|   0|  0|   47|          40|          40|
    |e_217_fu_2902_p2         |         +|   0|  0|   47|          40|          40|
    |e_220_fu_2925_p2         |         +|   0|  0|   47|          40|          40|
    |e_223_fu_2948_p2         |         +|   0|  0|   47|          40|          40|
    |e_226_fu_2971_p2         |         +|   0|  0|   47|          40|          40|
    |e_229_fu_2994_p2         |         +|   0|  0|   47|          40|          40|
    |e_22_fu_1407_p2          |         +|   0|  0|   47|          40|          40|
    |e_232_fu_3017_p2         |         +|   0|  0|   47|          40|          40|
    |e_235_fu_3040_p2         |         +|   0|  0|   47|          40|          40|
    |e_238_fu_3063_p2         |         +|   0|  0|   47|          40|          40|
    |e_241_fu_3086_p2         |         +|   0|  0|   47|          40|          40|
    |e_244_fu_3109_p2         |         +|   0|  0|   47|          40|          40|
    |e_247_fu_3132_p2         |         +|   0|  0|   47|          40|          40|
    |e_250_fu_3155_p2         |         +|   0|  0|   47|          40|          40|
    |e_253_fu_3178_p2         |         +|   0|  0|   47|          40|          40|
    |e_256_fu_3201_p2         |         +|   0|  0|   47|          40|          40|
    |e_259_fu_3224_p2         |         +|   0|  0|   47|          40|          40|
    |e_25_fu_1430_p2          |         +|   0|  0|   47|          40|          40|
    |e_262_fu_3247_p2         |         +|   0|  0|   47|          40|          40|
    |e_265_fu_3270_p2         |         +|   0|  0|   47|          40|          40|
    |e_268_fu_3293_p2         |         +|   0|  0|   47|          40|          40|
    |e_271_fu_3316_p2         |         +|   0|  0|   47|          40|          40|
    |e_28_fu_1453_p2          |         +|   0|  0|   47|          40|          40|
    |e_31_fu_1476_p2          |         +|   0|  0|   47|          40|          40|
    |e_34_fu_1499_p2          |         +|   0|  0|   47|          40|          40|
    |e_37_fu_1522_p2          |         +|   0|  0|   47|          40|          40|
    |e_40_fu_1545_p2          |         +|   0|  0|   47|          40|          40|
    |e_43_fu_1568_p2          |         +|   0|  0|   47|          40|          40|
    |e_46_fu_1591_p2          |         +|   0|  0|   47|          40|          40|
    |e_49_fu_1614_p2          |         +|   0|  0|   47|          40|          40|
    |e_4_fu_1269_p2           |         +|   0|  0|   47|          40|          40|
    |e_52_fu_1637_p2          |         +|   0|  0|   47|          40|          40|
    |e_55_fu_1660_p2          |         +|   0|  0|   47|          40|          40|
    |e_58_fu_1683_p2          |         +|   0|  0|   47|          40|          40|
    |e_61_fu_1706_p2          |         +|   0|  0|   47|          40|          40|
    |e_64_fu_1729_p2          |         +|   0|  0|   47|          40|          40|
    |e_67_fu_1752_p2          |         +|   0|  0|   47|          40|          40|
    |e_70_fu_1775_p2          |         +|   0|  0|   47|          40|          40|
    |e_73_fu_1798_p2          |         +|   0|  0|   47|          40|          40|
    |e_76_fu_1821_p2          |         +|   0|  0|   47|          40|          40|
    |e_79_fu_1844_p2          |         +|   0|  0|   47|          40|          40|
    |e_7_fu_1292_p2           |         +|   0|  0|   47|          40|          40|
    |e_82_fu_1867_p2          |         +|   0|  0|   47|          40|          40|
    |e_85_fu_1890_p2          |         +|   0|  0|   47|          40|          40|
    |e_88_fu_1913_p2          |         +|   0|  0|   47|          40|          40|
    |e_91_fu_1936_p2          |         +|   0|  0|   47|          40|          40|
    |e_94_fu_1959_p2          |         +|   0|  0|   47|          40|          40|
    |e_97_fu_1982_p2          |         +|   0|  0|   47|          40|          40|
    |e_102_fu_2023_p2         |         -|   0|  0|   47|          40|          40|
    |e_105_fu_2045_p2         |         -|   0|  0|   47|          40|          40|
    |e_108_fu_2069_p2         |         -|   0|  0|   47|          40|          40|
    |e_111_fu_2091_p2         |         -|   0|  0|   47|          40|          40|
    |e_114_fu_2115_p2         |         -|   0|  0|   47|          40|          40|
    |e_117_fu_2137_p2         |         -|   0|  0|   47|          40|          40|
    |e_120_fu_2161_p2         |         -|   0|  0|   47|          40|          40|
    |e_123_fu_2183_p2         |         -|   0|  0|   47|          40|          40|
    |e_126_fu_2207_p2         |         -|   0|  0|   47|          40|          40|
    |e_129_fu_2229_p2         |         -|   0|  0|   47|          40|          40|
    |e_12_fu_1333_p2          |         -|   0|  0|   47|          40|          40|
    |e_132_fu_2253_p2         |         -|   0|  0|   47|          40|          40|
    |e_135_fu_2275_p2         |         -|   0|  0|   47|          40|          40|
    |e_138_fu_2299_p2         |         -|   0|  0|   47|          40|          40|
    |e_141_fu_2321_p2         |         -|   0|  0|   47|          40|          40|
    |e_144_fu_2345_p2         |         -|   0|  0|   47|          40|          40|
    |e_147_fu_2367_p2         |         -|   0|  0|   47|          40|          40|
    |e_150_fu_2391_p2         |         -|   0|  0|   47|          40|          40|
    |e_153_fu_2413_p2         |         -|   0|  0|   47|          40|          40|
    |e_156_fu_2437_p2         |         -|   0|  0|   47|          40|          40|
    |e_159_fu_2459_p2         |         -|   0|  0|   47|          40|          40|
    |e_15_fu_1355_p2          |         -|   0|  0|   47|          40|          40|
    |e_162_fu_2483_p2         |         -|   0|  0|   47|          40|          40|
    |e_165_fu_2505_p2         |         -|   0|  0|   47|          40|          40|
    |e_168_fu_2529_p2         |         -|   0|  0|   47|          40|          40|
    |e_171_fu_2551_p2         |         -|   0|  0|   47|          40|          40|
    |e_174_fu_2575_p2         |         -|   0|  0|   47|          40|          40|
    |e_177_fu_2597_p2         |         -|   0|  0|   47|          40|          40|
    |e_180_fu_2621_p2         |         -|   0|  0|   47|          40|          40|
    |e_183_fu_2643_p2         |         -|   0|  0|   47|          40|          40|
    |e_186_fu_2667_p2         |         -|   0|  0|   47|          40|          40|
    |e_189_fu_2689_p2         |         -|   0|  0|   47|          40|          40|
    |e_18_fu_1379_p2          |         -|   0|  0|   47|          40|          40|
    |e_192_fu_2713_p2         |         -|   0|  0|   47|          40|          40|
    |e_195_fu_2735_p2         |         -|   0|  0|   47|          40|          40|
    |e_198_fu_2759_p2         |         -|   0|  0|   47|          40|          40|
    |e_1_fu_1246_p2           |         -|   0|  0|   47|          40|          40|
    |e_201_fu_2781_p2         |         -|   0|  0|   47|          40|          40|
    |e_204_fu_2805_p2         |         -|   0|  0|   47|          40|          40|
    |e_207_fu_2827_p2         |         -|   0|  0|   47|          40|          40|
    |e_210_fu_2851_p2         |         -|   0|  0|   47|          40|          40|
    |e_213_fu_2873_p2         |         -|   0|  0|   47|          40|          40|
    |e_216_fu_2897_p2         |         -|   0|  0|   47|          40|          40|
    |e_219_fu_2919_p2         |         -|   0|  0|   47|          40|          40|
    |e_21_fu_1401_p2          |         -|   0|  0|   47|          40|          40|
    |e_222_fu_2943_p2         |         -|   0|  0|   47|          40|          40|
    |e_225_fu_2965_p2         |         -|   0|  0|   47|          40|          40|
    |e_228_fu_2989_p2         |         -|   0|  0|   47|          40|          40|
    |e_231_fu_3011_p2         |         -|   0|  0|   47|          40|          40|
    |e_234_fu_3035_p2         |         -|   0|  0|   47|          40|          40|
    |e_237_fu_3057_p2         |         -|   0|  0|   47|          40|          40|
    |e_240_fu_3081_p2         |         -|   0|  0|   47|          40|          40|
    |e_243_fu_3103_p2         |         -|   0|  0|   47|          40|          40|
    |e_246_fu_3127_p2         |         -|   0|  0|   47|          40|          40|
    |e_249_fu_3149_p2         |         -|   0|  0|   47|          40|          40|
    |e_24_fu_1425_p2          |         -|   0|  0|   47|          40|          40|
    |e_252_fu_3173_p2         |         -|   0|  0|   47|          40|          40|
    |e_255_fu_3195_p2         |         -|   0|  0|   47|          40|          40|
    |e_258_fu_3219_p2         |         -|   0|  0|   47|          40|          40|
    |e_261_fu_3241_p2         |         -|   0|  0|   47|          40|          40|
    |e_264_fu_3265_p2         |         -|   0|  0|   47|          40|          40|
    |e_267_fu_3287_p2         |         -|   0|  0|   47|          40|          40|
    |e_270_fu_3311_p2         |         -|   0|  0|   47|          40|          40|
    |e_27_fu_1447_p2          |         -|   0|  0|   47|          40|          40|
    |e_30_fu_1471_p2          |         -|   0|  0|   47|          40|          40|
    |e_33_fu_1493_p2          |         -|   0|  0|   47|          40|          40|
    |e_36_fu_1517_p2          |         -|   0|  0|   47|          40|          40|
    |e_39_fu_1539_p2          |         -|   0|  0|   47|          40|          40|
    |e_3_fu_1263_p2           |         -|   0|  0|   47|          40|          40|
    |e_42_fu_1563_p2          |         -|   0|  0|   47|          40|          40|
    |e_45_fu_1585_p2          |         -|   0|  0|   47|          40|          40|
    |e_48_fu_1609_p2          |         -|   0|  0|   47|          40|          40|
    |e_51_fu_1631_p2          |         -|   0|  0|   47|          40|          40|
    |e_54_fu_1655_p2          |         -|   0|  0|   47|          40|          40|
    |e_57_fu_1677_p2          |         -|   0|  0|   47|          40|          40|
    |e_60_fu_1701_p2          |         -|   0|  0|   47|          40|          40|
    |e_63_fu_1723_p2          |         -|   0|  0|   47|          40|          40|
    |e_66_fu_1747_p2          |         -|   0|  0|   47|          40|          40|
    |e_69_fu_1769_p2          |         -|   0|  0|   47|          40|          40|
    |e_6_fu_1287_p2           |         -|   0|  0|   47|          40|          40|
    |e_72_fu_1793_p2          |         -|   0|  0|   47|          40|          40|
    |e_75_fu_1815_p2          |         -|   0|  0|   47|          40|          40|
    |e_78_fu_1839_p2          |         -|   0|  0|   47|          40|          40|
    |e_81_fu_1861_p2          |         -|   0|  0|   47|          40|          40|
    |e_84_fu_1885_p2          |         -|   0|  0|   47|          40|          40|
    |e_87_fu_1907_p2          |         -|   0|  0|   47|          40|          40|
    |e_90_fu_1931_p2          |         -|   0|  0|   47|          40|          40|
    |e_93_fu_1953_p2          |         -|   0|  0|   47|          40|          40|
    |e_96_fu_1977_p2          |         -|   0|  0|   47|          40|          40|
    |e_99_fu_1999_p2          |         -|   0|  0|   47|          40|          40|
    |e_9_fu_1309_p2           |         -|   0|  0|   47|          40|          40|
    |e_fu_1240_p2             |         -|   0|  0|   40|           1|          40|
    |out_23_fu_980_p2         |         -|   0|  0|   47|           1|          40|
    |out_26_fu_1008_p2        |         -|   0|  0|   47|           1|          40|
    |out_29_fu_1036_p2        |         -|   0|  0|   47|           1|          40|
    |out_32_fu_1064_p2        |         -|   0|  0|   47|           1|          40|
    |out_35_fu_1092_p2        |         -|   0|  0|   47|           1|          40|
    |out_38_fu_1120_p2        |         -|   0|  0|   47|           1|          40|
    |out_41_fu_1148_p2        |         -|   0|  0|   47|           1|          40|
    |out_fu_3329_p2           |         -|   0|  0|   47|          40|          40|
    |sub_ln42_10_fu_1106_p2   |         -|   0|  0|   47|           1|          40|
    |sub_ln42_12_fu_1134_p2   |         -|   0|  0|   47|           1|          40|
    |sub_ln42_2_fu_994_p2     |         -|   0|  0|   47|           1|          40|
    |sub_ln42_4_fu_1022_p2    |         -|   0|  0|   47|           1|          40|
    |sub_ln42_6_fu_1050_p2    |         -|   0|  0|   47|           1|          40|
    |sub_ln42_8_fu_1078_p2    |         -|   0|  0|   47|           1|          40|
    |sub_ln42_fu_966_p2       |         -|   0|  0|   47|           1|          40|
    |e_101_fu_2011_p3         |    select|   0|  0|   40|           1|          40|
    |e_104_fu_2033_p3         |    select|   0|  0|   40|           1|          40|
    |e_107_fu_2057_p3         |    select|   0|  0|   40|           1|          40|
    |e_110_fu_2079_p3         |    select|   0|  0|   40|           1|          40|
    |e_113_fu_2103_p3         |    select|   0|  0|   40|           1|          40|
    |e_116_fu_2125_p3         |    select|   0|  0|   40|           1|          40|
    |e_119_fu_2149_p3         |    select|   0|  0|   40|           1|          40|
    |e_11_fu_1321_p3          |    select|   0|  0|   40|           1|          40|
    |e_122_fu_2171_p3         |    select|   0|  0|   40|           1|          40|
    |e_125_fu_2195_p3         |    select|   0|  0|   40|           1|          40|
    |e_128_fu_2217_p3         |    select|   0|  0|   40|           1|          40|
    |e_131_fu_2241_p3         |    select|   0|  0|   40|           1|          40|
    |e_134_fu_2263_p3         |    select|   0|  0|   40|           1|          40|
    |e_137_fu_2287_p3         |    select|   0|  0|   40|           1|          40|
    |e_140_fu_2309_p3         |    select|   0|  0|   40|           1|          40|
    |e_143_fu_2333_p3         |    select|   0|  0|   40|           1|          40|
    |e_146_fu_2355_p3         |    select|   0|  0|   40|           1|          40|
    |e_149_fu_2379_p3         |    select|   0|  0|   40|           1|          40|
    |e_14_fu_1343_p3          |    select|   0|  0|   40|           1|          40|
    |e_152_fu_2401_p3         |    select|   0|  0|   40|           1|          40|
    |e_155_fu_2425_p3         |    select|   0|  0|   40|           1|          40|
    |e_158_fu_2447_p3         |    select|   0|  0|   40|           1|          40|
    |e_161_fu_2471_p3         |    select|   0|  0|   40|           1|          40|
    |e_164_fu_2493_p3         |    select|   0|  0|   40|           1|          40|
    |e_167_fu_2517_p3         |    select|   0|  0|   40|           1|          40|
    |e_170_fu_2539_p3         |    select|   0|  0|   40|           1|          40|
    |e_173_fu_2563_p3         |    select|   0|  0|   40|           1|          40|
    |e_176_fu_2585_p3         |    select|   0|  0|   40|           1|          40|
    |e_179_fu_2609_p3         |    select|   0|  0|   40|           1|          40|
    |e_17_fu_1367_p3          |    select|   0|  0|   40|           1|          40|
    |e_182_fu_2631_p3         |    select|   0|  0|   40|           1|          40|
    |e_185_fu_2655_p3         |    select|   0|  0|   40|           1|          40|
    |e_188_fu_2677_p3         |    select|   0|  0|   40|           1|          40|
    |e_191_fu_2701_p3         |    select|   0|  0|   40|           1|          40|
    |e_194_fu_2723_p3         |    select|   0|  0|   40|           1|          40|
    |e_197_fu_2747_p3         |    select|   0|  0|   40|           1|          40|
    |e_200_fu_2769_p3         |    select|   0|  0|   40|           1|          40|
    |e_203_fu_2793_p3         |    select|   0|  0|   40|           1|          40|
    |e_206_fu_2815_p3         |    select|   0|  0|   40|           1|          40|
    |e_209_fu_2839_p3         |    select|   0|  0|   40|           1|          40|
    |e_20_fu_1389_p3          |    select|   0|  0|   40|           1|          40|
    |e_212_fu_2861_p3         |    select|   0|  0|   40|           1|          40|
    |e_215_fu_2885_p3         |    select|   0|  0|   40|           1|          40|
    |e_218_fu_2907_p3         |    select|   0|  0|   40|           1|          40|
    |e_221_fu_2931_p3         |    select|   0|  0|   40|           1|          40|
    |e_224_fu_2953_p3         |    select|   0|  0|   40|           1|          40|
    |e_227_fu_2977_p3         |    select|   0|  0|   40|           1|          40|
    |e_230_fu_2999_p3         |    select|   0|  0|   40|           1|          40|
    |e_233_fu_3023_p3         |    select|   0|  0|   40|           1|          40|
    |e_236_fu_3045_p3         |    select|   0|  0|   40|           1|          40|
    |e_239_fu_3069_p3         |    select|   0|  0|   40|           1|          40|
    |e_23_fu_1413_p3          |    select|   0|  0|   40|           1|          40|
    |e_242_fu_3091_p3         |    select|   0|  0|   40|           1|          40|
    |e_245_fu_3115_p3         |    select|   0|  0|   40|           1|          40|
    |e_248_fu_3137_p3         |    select|   0|  0|   40|           1|          40|
    |e_251_fu_3161_p3         |    select|   0|  0|   40|           1|          40|
    |e_254_fu_3183_p3         |    select|   0|  0|   40|           1|          40|
    |e_257_fu_3207_p3         |    select|   0|  0|   40|           1|          40|
    |e_260_fu_3229_p3         |    select|   0|  0|   40|           1|          40|
    |e_263_fu_3253_p3         |    select|   0|  0|   40|           1|          40|
    |e_266_fu_3275_p3         |    select|   0|  0|   40|           1|          40|
    |e_269_fu_3299_p3         |    select|   0|  0|   40|           1|          40|
    |e_26_fu_1435_p3          |    select|   0|  0|   40|           1|          40|
    |e_272_fu_3321_p3         |    select|   0|  0|   40|           1|          40|
    |e_29_fu_1459_p3          |    select|   0|  0|   40|           1|          40|
    |e_2_fu_1251_p3           |    select|   0|  0|   40|           1|          40|
    |e_32_fu_1481_p3          |    select|   0|  0|   40|           1|          40|
    |e_35_fu_1505_p3          |    select|   0|  0|   40|           1|          40|
    |e_38_fu_1527_p3          |    select|   0|  0|   40|           1|          40|
    |e_41_fu_1551_p3          |    select|   0|  0|   40|           1|          40|
    |e_44_fu_1573_p3          |    select|   0|  0|   40|           1|          40|
    |e_47_fu_1597_p3          |    select|   0|  0|   40|           1|          40|
    |e_50_fu_1619_p3          |    select|   0|  0|   40|           1|          40|
    |e_53_fu_1643_p3          |    select|   0|  0|   40|           1|          40|
    |e_56_fu_1665_p3          |    select|   0|  0|   40|           1|          40|
    |e_59_fu_1689_p3          |    select|   0|  0|   40|           1|          40|
    |e_5_fu_1275_p3           |    select|   0|  0|   40|           1|          40|
    |e_62_fu_1711_p3          |    select|   0|  0|   40|           1|          40|
    |e_65_fu_1735_p3          |    select|   0|  0|   40|           1|          40|
    |e_68_fu_1757_p3          |    select|   0|  0|   40|           1|          40|
    |e_71_fu_1781_p3          |    select|   0|  0|   40|           1|          40|
    |e_74_fu_1803_p3          |    select|   0|  0|   40|           1|          40|
    |e_77_fu_1827_p3          |    select|   0|  0|   40|           1|          40|
    |e_80_fu_1849_p3          |    select|   0|  0|   40|           1|          40|
    |e_83_fu_1873_p3          |    select|   0|  0|   40|           1|          40|
    |e_86_fu_1895_p3          |    select|   0|  0|   40|           1|          40|
    |e_89_fu_1919_p3          |    select|   0|  0|   40|           1|          40|
    |e_8_fu_1297_p3           |    select|   0|  0|   40|           1|          40|
    |e_92_fu_1941_p3          |    select|   0|  0|   40|           1|          40|
    |e_95_fu_1965_p3          |    select|   0|  0|   40|           1|          40|
    |e_98_fu_1987_p3          |    select|   0|  0|   40|           1|          40|
    |out_22_fu_972_p3         |    select|   0|  0|   40|           1|          40|
    |out_24_fu_986_p3         |    select|   0|  0|   40|           1|          40|
    |out_25_fu_1000_p3        |    select|   0|  0|   40|           1|          40|
    |out_27_fu_1014_p3        |    select|   0|  0|   40|           1|          40|
    |out_28_fu_1028_p3        |    select|   0|  0|   40|           1|          40|
    |out_30_fu_1042_p3        |    select|   0|  0|   40|           1|          40|
    |out_31_fu_1056_p3        |    select|   0|  0|   40|           1|          40|
    |out_33_fu_1070_p3        |    select|   0|  0|   40|           1|          40|
    |out_34_fu_1084_p3        |    select|   0|  0|   40|           1|          40|
    |out_36_fu_1098_p3        |    select|   0|  0|   40|           1|          40|
    |out_37_fu_1112_p3        |    select|   0|  0|   40|           1|          40|
    |out_39_fu_1126_p3        |    select|   0|  0|   40|           1|          40|
    |out_40_fu_1140_p3        |    select|   0|  0|   40|           1|          40|
    |out_42_fu_1154_p3        |    select|   0|  0|   40|           1|          40|
    |xor_ln194_10_fu_1467_p2  |       xor|   0|  0|    2|           1|           1|
    |xor_ln194_11_fu_1489_p2  |       xor|   0|  0|    2|           1|           1|
    |xor_ln194_12_fu_1513_p2  |       xor|   0|  0|    2|           1|           1|
    |xor_ln194_13_fu_1535_p2  |       xor|   0|  0|    2|           1|           1|
    |xor_ln194_14_fu_1559_p2  |       xor|   0|  0|    2|           1|           1|
    |xor_ln194_15_fu_1581_p2  |       xor|   0|  0|    2|           1|           1|
    |xor_ln194_16_fu_1605_p2  |       xor|   0|  0|    2|           1|           1|
    |xor_ln194_17_fu_1627_p2  |       xor|   0|  0|    2|           1|           1|
    |xor_ln194_18_fu_1651_p2  |       xor|   0|  0|    2|           1|           1|
    |xor_ln194_19_fu_1673_p2  |       xor|   0|  0|    2|           1|           1|
    |xor_ln194_1_fu_1259_p2   |       xor|   0|  0|    2|           1|           1|
    |xor_ln194_20_fu_1697_p2  |       xor|   0|  0|    2|           1|           1|
    |xor_ln194_21_fu_1719_p2  |       xor|   0|  0|    2|           1|           1|
    |xor_ln194_22_fu_1743_p2  |       xor|   0|  0|    2|           1|           1|
    |xor_ln194_23_fu_1765_p2  |       xor|   0|  0|    2|           1|           1|
    |xor_ln194_24_fu_1789_p2  |       xor|   0|  0|    2|           1|           1|
    |xor_ln194_25_fu_1811_p2  |       xor|   0|  0|    2|           1|           1|
    |xor_ln194_26_fu_1835_p2  |       xor|   0|  0|    2|           1|           1|
    |xor_ln194_27_fu_1857_p2  |       xor|   0|  0|    2|           1|           1|
    |xor_ln194_28_fu_1881_p2  |       xor|   0|  0|    2|           1|           1|
    |xor_ln194_29_fu_1903_p2  |       xor|   0|  0|    2|           1|           1|
    |xor_ln194_2_fu_1283_p2   |       xor|   0|  0|    2|           1|           1|
    |xor_ln194_30_fu_1927_p2  |       xor|   0|  0|    2|           1|           1|
    |xor_ln194_31_fu_1949_p2  |       xor|   0|  0|    2|           1|           1|
    |xor_ln194_32_fu_1973_p2  |       xor|   0|  0|    2|           1|           1|
    |xor_ln194_33_fu_1995_p2  |       xor|   0|  0|    2|           1|           1|
    |xor_ln194_34_fu_2019_p2  |       xor|   0|  0|    2|           1|           1|
    |xor_ln194_35_fu_2041_p2  |       xor|   0|  0|    2|           1|           1|
    |xor_ln194_36_fu_2065_p2  |       xor|   0|  0|    2|           1|           1|
    |xor_ln194_37_fu_2087_p2  |       xor|   0|  0|    2|           1|           1|
    |xor_ln194_38_fu_2111_p2  |       xor|   0|  0|    2|           1|           1|
    |xor_ln194_39_fu_2133_p2  |       xor|   0|  0|    2|           1|           1|
    |xor_ln194_3_fu_1305_p2   |       xor|   0|  0|    2|           1|           1|
    |xor_ln194_40_fu_2157_p2  |       xor|   0|  0|    2|           1|           1|
    |xor_ln194_41_fu_2179_p2  |       xor|   0|  0|    2|           1|           1|
    |xor_ln194_42_fu_2203_p2  |       xor|   0|  0|    2|           1|           1|
    |xor_ln194_43_fu_2225_p2  |       xor|   0|  0|    2|           1|           1|
    |xor_ln194_44_fu_2249_p2  |       xor|   0|  0|    2|           1|           1|
    |xor_ln194_45_fu_2271_p2  |       xor|   0|  0|    2|           1|           1|
    |xor_ln194_46_fu_2295_p2  |       xor|   0|  0|    2|           1|           1|
    |xor_ln194_47_fu_2317_p2  |       xor|   0|  0|    2|           1|           1|
    |xor_ln194_48_fu_2341_p2  |       xor|   0|  0|    2|           1|           1|
    |xor_ln194_49_fu_2363_p2  |       xor|   0|  0|    2|           1|           1|
    |xor_ln194_4_fu_1329_p2   |       xor|   0|  0|    2|           1|           1|
    |xor_ln194_50_fu_2387_p2  |       xor|   0|  0|    2|           1|           1|
    |xor_ln194_51_fu_2409_p2  |       xor|   0|  0|    2|           1|           1|
    |xor_ln194_52_fu_2433_p2  |       xor|   0|  0|    2|           1|           1|
    |xor_ln194_53_fu_2455_p2  |       xor|   0|  0|    2|           1|           1|
    |xor_ln194_54_fu_2479_p2  |       xor|   0|  0|    2|           1|           1|
    |xor_ln194_55_fu_2501_p2  |       xor|   0|  0|    2|           1|           1|
    |xor_ln194_56_fu_2525_p2  |       xor|   0|  0|    2|           1|           1|
    |xor_ln194_57_fu_2547_p2  |       xor|   0|  0|    2|           1|           1|
    |xor_ln194_58_fu_2571_p2  |       xor|   0|  0|    2|           1|           1|
    |xor_ln194_59_fu_2593_p2  |       xor|   0|  0|    2|           1|           1|
    |xor_ln194_5_fu_1351_p2   |       xor|   0|  0|    2|           1|           1|
    |xor_ln194_60_fu_2617_p2  |       xor|   0|  0|    2|           1|           1|
    |xor_ln194_61_fu_2639_p2  |       xor|   0|  0|    2|           1|           1|
    |xor_ln194_62_fu_2663_p2  |       xor|   0|  0|    2|           1|           1|
    |xor_ln194_63_fu_2685_p2  |       xor|   0|  0|    2|           1|           1|
    |xor_ln194_64_fu_2709_p2  |       xor|   0|  0|    2|           1|           1|
    |xor_ln194_65_fu_2731_p2  |       xor|   0|  0|    2|           1|           1|
    |xor_ln194_66_fu_2755_p2  |       xor|   0|  0|    2|           1|           1|
    |xor_ln194_67_fu_2777_p2  |       xor|   0|  0|    2|           1|           1|
    |xor_ln194_68_fu_2801_p2  |       xor|   0|  0|    2|           1|           1|
    |xor_ln194_69_fu_2823_p2  |       xor|   0|  0|    2|           1|           1|
    |xor_ln194_6_fu_1375_p2   |       xor|   0|  0|    2|           1|           1|
    |xor_ln194_70_fu_2847_p2  |       xor|   0|  0|    2|           1|           1|
    |xor_ln194_71_fu_2869_p2  |       xor|   0|  0|    2|           1|           1|
    |xor_ln194_72_fu_2893_p2  |       xor|   0|  0|    2|           1|           1|
    |xor_ln194_73_fu_2915_p2  |       xor|   0|  0|    2|           1|           1|
    |xor_ln194_74_fu_2939_p2  |       xor|   0|  0|    2|           1|           1|
    |xor_ln194_75_fu_2961_p2  |       xor|   0|  0|    2|           1|           1|
    |xor_ln194_76_fu_2985_p2  |       xor|   0|  0|    2|           1|           1|
    |xor_ln194_77_fu_3007_p2  |       xor|   0|  0|    2|           1|           1|
    |xor_ln194_78_fu_3031_p2  |       xor|   0|  0|    2|           1|           1|
    |xor_ln194_79_fu_3053_p2  |       xor|   0|  0|    2|           1|           1|
    |xor_ln194_7_fu_1397_p2   |       xor|   0|  0|    2|           1|           1|
    |xor_ln194_80_fu_3077_p2  |       xor|   0|  0|    2|           1|           1|
    |xor_ln194_81_fu_3099_p2  |       xor|   0|  0|    2|           1|           1|
    |xor_ln194_82_fu_3123_p2  |       xor|   0|  0|    2|           1|           1|
    |xor_ln194_83_fu_3145_p2  |       xor|   0|  0|    2|           1|           1|
    |xor_ln194_84_fu_3169_p2  |       xor|   0|  0|    2|           1|           1|
    |xor_ln194_85_fu_3191_p2  |       xor|   0|  0|    2|           1|           1|
    |xor_ln194_86_fu_3215_p2  |       xor|   0|  0|    2|           1|           1|
    |xor_ln194_87_fu_3237_p2  |       xor|   0|  0|    2|           1|           1|
    |xor_ln194_88_fu_3261_p2  |       xor|   0|  0|    2|           1|           1|
    |xor_ln194_89_fu_3283_p2  |       xor|   0|  0|    2|           1|           1|
    |xor_ln194_8_fu_1421_p2   |       xor|   0|  0|    2|           1|           1|
    |xor_ln194_90_fu_3307_p2  |       xor|   0|  0|    2|           1|           1|
    |xor_ln194_9_fu_1443_p2   |       xor|   0|  0|    2|           1|           1|
    |xor_ln194_fu_1231_p2     |       xor|   0|  0|    2|           1|           1|
    +-------------------------+----------+----+---+-----+------------+------------+
    |Total                    |          |   0|  0|14215|        8051|       12731|
    +-------------------------+----------+----+---+-----+------------+------------+

    * Multiplexer: 
    +-----------+-----+-----------+-----+-----------+
    |    Name   | LUT | Input Size| Bits| Total Bits|
    +-----------+-----+-----------+-----+-----------+
    |ap_NS_fsm  |  213|         49|    1|         49|
    |ap_return  |    9|          2|   40|         80|
    +-----------+-----+-----------+-----+-----------+
    |Total      |  222|         51|   41|        129|
    +-----------+-----+-----------+-----+-----------+

    * Register: 
    +-----------------------+----+----+-----+-----------+
    |          Name         | FF | LUT| Bits| Const Bits|
    +-----------------------+----+----+-----+-----------+
    |add_ln183_12_reg_3618  |  40|   0|   40|          0|
    |add_ln183_1_reg_3598   |  40|   0|   40|          0|
    |add_ln183_3_reg_3603   |  40|   0|   40|          0|
    |add_ln183_6_reg_3608   |  40|   0|   40|          0|
    |add_ln183_9_reg_3613   |  40|   0|   40|          0|
    |ap_CS_fsm              |  48|   0|   48|          0|
    |ap_return_preg         |  40|   0|   40|          0|
    |e_101_reg_3720         |  40|   0|   40|          0|
    |e_107_reg_3726         |  40|   0|   40|          0|
    |e_113_reg_3732         |  40|   0|   40|          0|
    |e_119_reg_3738         |  40|   0|   40|          0|
    |e_11_reg_3630          |  40|   0|   40|          0|
    |e_125_reg_3744         |  40|   0|   40|          0|
    |e_131_reg_3750         |  40|   0|   40|          0|
    |e_137_reg_3756         |  40|   0|   40|          0|
    |e_143_reg_3762         |  40|   0|   40|          0|
    |e_149_reg_3768         |  40|   0|   40|          0|
    |e_155_reg_3774         |  40|   0|   40|          0|
    |e_161_reg_3780         |  40|   0|   40|          0|
    |e_167_reg_3786         |  40|   0|   40|          0|
    |e_173_reg_3792         |  40|   0|   40|          0|
    |e_179_reg_3798         |  40|   0|   40|          0|
    |e_17_reg_3636          |  40|   0|   40|          0|
    |e_185_reg_3804         |  40|   0|   40|          0|
    |e_191_reg_3810         |  40|   0|   40|          0|
    |e_197_reg_3816         |  40|   0|   40|          0|
    |e_203_reg_3822         |  40|   0|   40|          0|
    |e_209_reg_3828         |  40|   0|   40|          0|
    |e_215_reg_3834         |  40|   0|   40|          0|
    |e_221_reg_3840         |  40|   0|   40|          0|
    |e_227_reg_3846         |  40|   0|   40|          0|
    |e_233_reg_3852         |  40|   0|   40|          0|
    |e_239_reg_3858         |  40|   0|   40|          0|
    |e_23_reg_3642          |  40|   0|   40|          0|
    |e_245_reg_3864         |  40|   0|   40|          0|
    |e_251_reg_3870         |  40|   0|   40|          0|
    |e_257_reg_3876         |  40|   0|   40|          0|
    |e_263_reg_3882         |  40|   0|   40|          0|
    |e_269_reg_3888         |  40|   0|   40|          0|
    |e_29_reg_3648          |  40|   0|   40|          0|
    |e_35_reg_3654          |  40|   0|   40|          0|
    |e_41_reg_3660          |  40|   0|   40|          0|
    |e_47_reg_3666          |  40|   0|   40|          0|
    |e_53_reg_3672          |  40|   0|   40|          0|
    |e_59_reg_3678          |  40|   0|   40|          0|
    |e_5_reg_3624           |  40|   0|   40|          0|
    |e_65_reg_3684          |  40|   0|   40|          0|
    |e_71_reg_3690          |  40|   0|   40|          0|
    |e_77_reg_3696          |  40|   0|   40|          0|
    |e_83_reg_3702          |  40|   0|   40|          0|
    |e_89_reg_3708          |  40|   0|   40|          0|
    |e_95_reg_3714          |  40|   0|   40|          0|
    |out_24_reg_3573        |  40|   0|   40|          0|
    |out_27_reg_3578        |  40|   0|   40|          0|
    |out_30_reg_3583        |  40|   0|   40|          0|
    |out_31_reg_3588        |  40|   0|   40|          0|
    |out_36_reg_3593        |  40|   0|   40|          0|
    +-----------------------+----+----+-----+-----------+
    |Total                  |2288|   0| 2288|          0|
    +-----------------------+----+----+-----+-----------+



================================================================
== Interface
================================================================
* Summary: 
+-------------+-----+-----+------------+----------------------+--------------+
|  RTL Ports  | Dir | Bits|  Protocol  |     Source Object    |    C Type    |
+-------------+-----+-----+------------+----------------------+--------------+
|ap_clk       |   in|    1|  ap_ctrl_hs|  uniform_delta_energy|  return value|
|ap_rst       |   in|    1|  ap_ctrl_hs|  uniform_delta_energy|  return value|
|ap_start     |   in|    1|  ap_ctrl_hs|  uniform_delta_energy|  return value|
|ap_done      |  out|    1|  ap_ctrl_hs|  uniform_delta_energy|  return value|
|ap_idle      |  out|    1|  ap_ctrl_hs|  uniform_delta_energy|  return value|
|ap_ready     |  out|    1|  ap_ctrl_hs|  uniform_delta_energy|  return value|
|ap_return    |  out|   40|  ap_ctrl_hs|  uniform_delta_energy|  return value|
|J_0_1_val    |   in|   40|     ap_none|             J_0_1_val|        scalar|
|J_0_2_val    |   in|   40|     ap_none|             J_0_2_val|        scalar|
|J_0_3_val    |   in|   40|     ap_none|             J_0_3_val|        scalar|
|J_0_4_val    |   in|   40|     ap_none|             J_0_4_val|        scalar|
|J_0_5_val    |   in|   40|     ap_none|             J_0_5_val|        scalar|
|J_0_6_val    |   in|   40|     ap_none|             J_0_6_val|        scalar|
|J_0_7_val    |   in|   40|     ap_none|             J_0_7_val|        scalar|
|J_0_8_val    |   in|   40|     ap_none|             J_0_8_val|        scalar|
|J_0_9_val    |   in|   40|     ap_none|             J_0_9_val|        scalar|
|J_0_10_val   |   in|   40|     ap_none|            J_0_10_val|        scalar|
|J_0_11_val   |   in|   40|     ap_none|            J_0_11_val|        scalar|
|J_0_12_val   |   in|   40|     ap_none|            J_0_12_val|        scalar|
|J_0_13_val   |   in|   40|     ap_none|            J_0_13_val|        scalar|
|J_1_2_val    |   in|   40|     ap_none|             J_1_2_val|        scalar|
|J_1_3_val    |   in|   40|     ap_none|             J_1_3_val|        scalar|
|J_1_4_val    |   in|   40|     ap_none|             J_1_4_val|        scalar|
|J_1_5_val    |   in|   40|     ap_none|             J_1_5_val|        scalar|
|J_1_6_val    |   in|   40|     ap_none|             J_1_6_val|        scalar|
|J_1_7_val    |   in|   40|     ap_none|             J_1_7_val|        scalar|
|J_1_8_val    |   in|   40|     ap_none|             J_1_8_val|        scalar|
|J_1_9_val    |   in|   40|     ap_none|             J_1_9_val|        scalar|
|J_1_10_val   |   in|   40|     ap_none|            J_1_10_val|        scalar|
|J_1_11_val   |   in|   40|     ap_none|            J_1_11_val|        scalar|
|J_1_12_val   |   in|   40|     ap_none|            J_1_12_val|        scalar|
|J_1_13_val   |   in|   40|     ap_none|            J_1_13_val|        scalar|
|J_2_3_val    |   in|   40|     ap_none|             J_2_3_val|        scalar|
|J_2_4_val    |   in|   40|     ap_none|             J_2_4_val|        scalar|
|J_2_5_val    |   in|   40|     ap_none|             J_2_5_val|        scalar|
|J_2_6_val    |   in|   40|     ap_none|             J_2_6_val|        scalar|
|J_2_7_val    |   in|   40|     ap_none|             J_2_7_val|        scalar|
|J_2_8_val    |   in|   40|     ap_none|             J_2_8_val|        scalar|
|J_2_9_val    |   in|   40|     ap_none|             J_2_9_val|        scalar|
|J_2_10_val   |   in|   40|     ap_none|            J_2_10_val|        scalar|
|J_2_11_val   |   in|   40|     ap_none|            J_2_11_val|        scalar|
|J_2_12_val   |   in|   40|     ap_none|            J_2_12_val|        scalar|
|J_2_13_val   |   in|   40|     ap_none|            J_2_13_val|        scalar|
|J_3_4_val    |   in|   40|     ap_none|             J_3_4_val|        scalar|
|J_3_5_val    |   in|   40|     ap_none|             J_3_5_val|        scalar|
|J_3_6_val    |   in|   40|     ap_none|             J_3_6_val|        scalar|
|J_3_7_val    |   in|   40|     ap_none|             J_3_7_val|        scalar|
|J_3_8_val    |   in|   40|     ap_none|             J_3_8_val|        scalar|
|J_3_9_val    |   in|   40|     ap_none|             J_3_9_val|        scalar|
|J_3_10_val   |   in|   40|     ap_none|            J_3_10_val|        scalar|
|J_3_11_val   |   in|   40|     ap_none|            J_3_11_val|        scalar|
|J_3_12_val   |   in|   40|     ap_none|            J_3_12_val|        scalar|
|J_3_13_val   |   in|   40|     ap_none|            J_3_13_val|        scalar|
|J_4_5_val    |   in|   40|     ap_none|             J_4_5_val|        scalar|
|J_4_6_val    |   in|   40|     ap_none|             J_4_6_val|        scalar|
|J_4_7_val    |   in|   40|     ap_none|             J_4_7_val|        scalar|
|J_4_8_val    |   in|   40|     ap_none|             J_4_8_val|        scalar|
|J_4_9_val    |   in|   40|     ap_none|             J_4_9_val|        scalar|
|J_4_10_val   |   in|   40|     ap_none|            J_4_10_val|        scalar|
|J_4_11_val   |   in|   40|     ap_none|            J_4_11_val|        scalar|
|J_4_12_val   |   in|   40|     ap_none|            J_4_12_val|        scalar|
|J_4_13_val   |   in|   40|     ap_none|            J_4_13_val|        scalar|
|J_5_6_val    |   in|   40|     ap_none|             J_5_6_val|        scalar|
|J_5_7_val    |   in|   40|     ap_none|             J_5_7_val|        scalar|
|J_5_8_val    |   in|   40|     ap_none|             J_5_8_val|        scalar|
|J_5_9_val    |   in|   40|     ap_none|             J_5_9_val|        scalar|
|J_5_10_val   |   in|   40|     ap_none|            J_5_10_val|        scalar|
|J_5_11_val   |   in|   40|     ap_none|            J_5_11_val|        scalar|
|J_5_12_val   |   in|   40|     ap_none|            J_5_12_val|        scalar|
|J_5_13_val   |   in|   40|     ap_none|            J_5_13_val|        scalar|
|J_6_7_val    |   in|   40|     ap_none|             J_6_7_val|        scalar|
|J_6_8_val    |   in|   40|     ap_none|             J_6_8_val|        scalar|
|J_6_9_val    |   in|   40|     ap_none|             J_6_9_val|        scalar|
|J_6_10_val   |   in|   40|     ap_none|            J_6_10_val|        scalar|
|J_6_11_val   |   in|   40|     ap_none|            J_6_11_val|        scalar|
|J_6_12_val   |   in|   40|     ap_none|            J_6_12_val|        scalar|
|J_6_13_val   |   in|   40|     ap_none|            J_6_13_val|        scalar|
|J_7_8_val    |   in|   40|     ap_none|             J_7_8_val|        scalar|
|J_7_9_val    |   in|   40|     ap_none|             J_7_9_val|        scalar|
|J_7_10_val   |   in|   40|     ap_none|            J_7_10_val|        scalar|
|J_7_11_val   |   in|   40|     ap_none|            J_7_11_val|        scalar|
|J_7_12_val   |   in|   40|     ap_none|            J_7_12_val|        scalar|
|J_7_13_val   |   in|   40|     ap_none|            J_7_13_val|        scalar|
|J_8_9_val    |   in|   40|     ap_none|             J_8_9_val|        scalar|
|J_8_10_val   |   in|   40|     ap_none|            J_8_10_val|        scalar|
|J_8_11_val   |   in|   40|     ap_none|            J_8_11_val|        scalar|
|J_8_12_val   |   in|   40|     ap_none|            J_8_12_val|        scalar|
|J_8_13_val   |   in|   40|     ap_none|            J_8_13_val|        scalar|
|J_9_10_val   |   in|   40|     ap_none|            J_9_10_val|        scalar|
|J_9_11_val   |   in|   40|     ap_none|            J_9_11_val|        scalar|
|J_9_12_val   |   in|   40|     ap_none|            J_9_12_val|        scalar|
|J_9_13_val   |   in|   40|     ap_none|            J_9_13_val|        scalar|
|J_10_11_val  |   in|   40|     ap_none|           J_10_11_val|        scalar|
|J_10_12_val  |   in|   40|     ap_none|           J_10_12_val|        scalar|
|J_10_13_val  |   in|   40|     ap_none|           J_10_13_val|        scalar|
|J_11_12_val  |   in|   40|     ap_none|           J_11_12_val|        scalar|
|J_11_13_val  |   in|   40|     ap_none|           J_11_13_val|        scalar|
|J_12_13_val  |   in|   40|     ap_none|           J_12_13_val|        scalar|
|h_0_val      |   in|   40|     ap_none|               h_0_val|        scalar|
|h_1_val      |   in|   40|     ap_none|               h_1_val|        scalar|
|h_2_val      |   in|   40|     ap_none|               h_2_val|        scalar|
|h_3_val      |   in|   40|     ap_none|               h_3_val|        scalar|
|h_4_val      |   in|   40|     ap_none|               h_4_val|        scalar|
|h_5_val      |   in|   40|     ap_none|               h_5_val|        scalar|
|h_6_val      |   in|   40|     ap_none|               h_6_val|        scalar|
|h_7_val      |   in|   40|     ap_none|               h_7_val|        scalar|
|h_8_val      |   in|   40|     ap_none|               h_8_val|        scalar|
|h_9_val      |   in|   40|     ap_none|               h_9_val|        scalar|
|h_10_val     |   in|   40|     ap_none|              h_10_val|        scalar|
|h_11_val     |   in|   40|     ap_none|              h_11_val|        scalar|
|h_12_val     |   in|   40|     ap_none|              h_12_val|        scalar|
|h_13_val     |   in|   40|     ap_none|              h_13_val|        scalar|
|y_0_val      |   in|    1|     ap_none|               y_0_val|        scalar|
|y_1_val      |   in|    1|     ap_none|               y_1_val|        scalar|
|y_2_val      |   in|    1|     ap_none|               y_2_val|        scalar|
|y_3_val      |   in|    1|     ap_none|               y_3_val|        scalar|
|y_4_val      |   in|    1|     ap_none|               y_4_val|        scalar|
|y_5_val      |   in|    1|     ap_none|               y_5_val|        scalar|
|y_6_val      |   in|    1|     ap_none|               y_6_val|        scalar|
|y_7_val      |   in|    1|     ap_none|               y_7_val|        scalar|
|y_8_val      |   in|    1|     ap_none|               y_8_val|        scalar|
|y_9_val      |   in|    1|     ap_none|               y_9_val|        scalar|
|y_10_val     |   in|    1|     ap_none|              y_10_val|        scalar|
|y_11_val     |   in|    1|     ap_none|              y_11_val|        scalar|
|y_12_val     |   in|    1|     ap_none|              y_12_val|        scalar|
|y_13_val     |   in|    1|     ap_none|              y_13_val|        scalar|
|old_energy   |   in|   40|     ap_none|            old_energy|        scalar|
+-------------+-----+-----+------------+----------------------+--------------+

