

================================================================
== Vitis HLS Report for 'uniform_metropolis_step'
================================================================
* Date:           Tue May 19 20:33:35 2026

* Version:        2025.2 (Build 6295257 on Nov 14 2025)
* Project:        hls_uniform_metropolis_step_N12
* Solution:       hls (Vivado IP Flow Target)
* Product family: virtexuplus
* Target device:  xcvu19p-fsva3824-2-e


================================================================
== Performance Estimates
================================================================
+ Timing: 
    * Summary: 
    +--------+---------+----------+------------+
    |  Clock |  Target | Estimated| Uncertainty|
    +--------+---------+----------+------------+
    |ap_clk  |  3.33 ns|  2.388 ns|     0.90 ns|
    +--------+---------+----------+------------+

+ Latency: 
    * Summary: 
    +---------+---------+----------+----------+-----+-----+---------+
    |  Latency (cycles) |  Latency (absolute) |  Interval | Pipeline|
    |   min   |   max   |    min   |    max   | min | max |   Type  |
    +---------+---------+----------+----------+-----+-----+---------+
    |       38|       47|  0.127 us|  0.157 us|   39|   48|       no|
    +---------+---------+----------+----------+-----+-----+---------+

    + Detail: 
        * Instance: 
        +----------------------------------+----------------------+---------+---------+----------+----------+-----+-----+---------+
        |                                  |                      |  Latency (cycles) |  Latency (absolute) |  Interval | Pipeline|
        |             Instance             |        Module        |   min   |   max   |    min   |    max   | min | max |   Type  |
        +----------------------------------+----------------------+---------+---------+----------+----------+-----+-----+---------+
        |grp_uniform_delta_energy_fu_1091  |uniform_delta_energy  |       35|       35|  0.117 us|  0.117 us|   35|   35|       no|
        +----------------------------------+----------------------+---------+---------+----------+----------+-----+-----+---------+

        * Loop: 
        N/A



================================================================
== Utilization Estimates
================================================================
* Summary: 
+---------------------+---------+------+---------+---------+-----+
|         Name        | BRAM_18K|  DSP |    FF   |   LUT   | URAM|
+---------------------+---------+------+---------+---------+-----+
|DSP                  |        -|     -|        -|        -|    -|
|Expression           |        -|     -|        0|      703|    -|
|FIFO                 |        -|     -|        -|        -|    -|
|Instance             |        -|     7|     1995|    10895|    -|
|Memory               |        0|     -|        0|        0|    -|
|Multiplexer          |        -|     -|        0|       93|    -|
|Register             |        -|     -|     3644|        -|    -|
+---------------------+---------+------+---------+---------+-----+
|Total                |        0|     7|     5639|    11691|    0|
+---------------------+---------+------+---------+---------+-----+
|Available SLR        |     1080|   960|  2042880|  1021440|   80|
+---------------------+---------+------+---------+---------+-----+
|Utilization SLR (%)  |        0|    ~0|       ~0|        1|    0|
+---------------------+---------+------+---------+---------+-----+
|Available            |     4320|  3840|  8171520|  4085760|  320|
+---------------------+---------+------+---------+---------+-----+
|Utilization (%)      |        0|    ~0|       ~0|       ~0|    0|
+---------------------+---------+------+---------+---------+-----+

+ Detail: 
    * Instance: 
    +----------------------------------+----------------------+---------+----+------+-------+-----+
    |             Instance             |        Module        | BRAM_18K| DSP|  FF  |  LUT  | URAM|
    +----------------------------------+----------------------+---------+----+------+-------+-----+
    |mul_26s_36s_60_2_1_U92            |mul_26s_36s_60_2_1    |        0|   2|   202|     84|    0|
    |mul_40ns_40s_64_2_1_U93           |mul_40ns_40s_64_2_1   |        0|   5|   197|     80|    0|
    |sparsemux_7_2_40_1_1_U94          |sparsemux_7_2_40_1_1  |        0|   0|     0|      9|    0|
    |grp_uniform_delta_energy_fu_1091  |uniform_delta_energy  |        0|   0|  1596|  10722|    0|
    +----------------------------------+----------------------+---------+----+------+-------+-----+
    |Total                             |                      |        0|   7|  1995|  10895|    0|
    +----------------------------------+----------------------+---------+----+------+-------+-----+

    * DSP: 
    N/A

    * Memory: 
    +---------------+-------------------------+---------+---+----+-----+------+-----+------+-------------+
    |     Memory    |          Module         | BRAM_18K| FF| LUT| URAM| Words| Bits| Banks| W*Bits*Banks|
    +---------------+-------------------------+---------+---+----+-----+------+-----+------+-------------+
    |EXP_NEG_LUT_U  |EXP_NEG_LUT_ROM_AUTO_1R  |        0|  0|   0|    0|  1025|   40|     1|        41000|
    +---------------+-------------------------+---------+---+----+-----+------+-----+------+-------------+
    |Total          |                         |        0|  0|   0|    0|  1025|   40|     1|        41000|
    +---------------+-------------------------+---------+---+----+-----+------+-----+------+-------------+

    * FIFO: 
    N/A

    * Expression: 
    +------------------------+----------+----+---+-----+------------+------------+
    |      Variable Name     | Operation| DSP| FF| LUT | Bitwidth P0| Bitwidth P1|
    +------------------------+----------+----+---+-----+------------+------------+
    |add_ln280_fu_1621_p2    |         +|   0|  0|   47|          40|          40|
    |add_ln87_fu_1433_p2     |         +|   0|  0|   18|          11|           1|
    |add_ln89_fu_1505_p2     |         +|   0|  0|   68|          61|          61|
    |sub_ln75_1_fu_1370_p2   |         -|   0|  0|   66|           1|          59|
    |sub_ln75_fu_1349_p2     |         -|   0|  0|  107|           1|          88|
    |sub_ln84_fu_1423_p2     |         -|   0|  0|   34|          27|          27|
    |sub_ln89_fu_1469_p2     |         -|   0|  0|   33|          26|          26|
    |and_ln91_1_fu_1577_p2   |       and|   0|  0|    2|           1|           1|
    |and_ln91_fu_1572_p2     |       and|   0|  0|    2|           1|           1|
    |icmp_ln116_fu_1285_p2   |      icmp|   0|  0|   47|          40|           1|
    |icmp_ln123_fu_1609_p2   |      icmp|   0|  0|   47|          40|          40|
    |icmp_ln59_fu_1337_p2    |      icmp|   0|  0|   47|          40|           1|
    |icmp_ln63_fu_1365_p2    |      icmp|   0|  0|   18|          11|           1|
    |icmp_ln91_fu_1537_p2    |      icmp|   0|  0|   44|          37|           1|
    |icmp_ln95_fu_1531_p2    |      icmp|   0|  0|   20|          13|           1|
    |p_fu_1589_p4            |    select|   0|  0|   41|           1|          41|
    |select_ln75_fu_1382_p3  |    select|   0|  0|   58|           1|          59|
    |xor_ln123_fu_1614_p2    |       xor|   0|  0|    2|           1|           2|
    |xor_ln59_fu_1567_p2     |       xor|   0|  0|    2|           1|           2|
    +------------------------+----------+----+---+-----+------------+------------+
    |Total                   |          |   0|  0|  703|         354|         453|
    +------------------------+----------+----+---+-----+------------+------------+

    * Multiplexer: 
    +---------------------------------+----+-----------+-----+-----------+
    |               Name              | LUT| Input Size| Bits| Total Bits|
    +---------------------------------+----+-----------+-----+-----------+
    |accepted                         |  14|          3|    1|          3|
    |ap_NS_fsm                        |  65|         14|    1|         14|
    |ap_phi_mux_empty_phi_fu_1084_p4  |  14|          3|   40|        120|
    +---------------------------------+----+-----------+-----+-----------+
    |Total                            |  93|         20|   42|        137|
    +---------------------------------+----+-----------+-----+-----------+

    * Register: 
    +-----------------------------------------------+----+----+-----+-----------+
    |                      Name                     | FF | LUT| Bits| Const Bits|
    +-----------------------------------------------+----+----+-----+-----------+
    |J_0_10_read_reg_1678                           |  40|   0|   40|          0|
    |J_0_11_read_reg_1683                           |  40|   0|   40|          0|
    |J_0_1_read_reg_1633                            |  40|   0|   40|          0|
    |J_0_2_read_reg_1638                            |  40|   0|   40|          0|
    |J_0_3_read_reg_1643                            |  40|   0|   40|          0|
    |J_0_4_read_reg_1648                            |  40|   0|   40|          0|
    |J_0_5_read_reg_1653                            |  40|   0|   40|          0|
    |J_0_6_read_reg_1658                            |  40|   0|   40|          0|
    |J_0_7_read_reg_1663                            |  40|   0|   40|          0|
    |J_0_8_read_reg_1668                            |  40|   0|   40|          0|
    |J_0_9_read_reg_1673                            |  40|   0|   40|          0|
    |J_10_11_read_reg_1958                          |  40|   0|   40|          0|
    |J_1_10_read_reg_1728                           |  40|   0|   40|          0|
    |J_1_11_read_reg_1733                           |  40|   0|   40|          0|
    |J_1_2_read_reg_1688                            |  40|   0|   40|          0|
    |J_1_3_read_reg_1693                            |  40|   0|   40|          0|
    |J_1_4_read_reg_1698                            |  40|   0|   40|          0|
    |J_1_5_read_reg_1703                            |  40|   0|   40|          0|
    |J_1_6_read_reg_1708                            |  40|   0|   40|          0|
    |J_1_7_read_reg_1713                            |  40|   0|   40|          0|
    |J_1_8_read_reg_1718                            |  40|   0|   40|          0|
    |J_1_9_read_reg_1723                            |  40|   0|   40|          0|
    |J_2_10_read_reg_1773                           |  40|   0|   40|          0|
    |J_2_11_read_reg_1778                           |  40|   0|   40|          0|
    |J_2_3_read_reg_1738                            |  40|   0|   40|          0|
    |J_2_4_read_reg_1743                            |  40|   0|   40|          0|
    |J_2_5_read_reg_1748                            |  40|   0|   40|          0|
    |J_2_6_read_reg_1753                            |  40|   0|   40|          0|
    |J_2_7_read_reg_1758                            |  40|   0|   40|          0|
    |J_2_8_read_reg_1763                            |  40|   0|   40|          0|
    |J_2_9_read_reg_1768                            |  40|   0|   40|          0|
    |J_3_10_read_reg_1813                           |  40|   0|   40|          0|
    |J_3_11_read_reg_1818                           |  40|   0|   40|          0|
    |J_3_4_read_reg_1783                            |  40|   0|   40|          0|
    |J_3_5_read_reg_1788                            |  40|   0|   40|          0|
    |J_3_6_read_reg_1793                            |  40|   0|   40|          0|
    |J_3_7_read_reg_1798                            |  40|   0|   40|          0|
    |J_3_8_read_reg_1803                            |  40|   0|   40|          0|
    |J_3_9_read_reg_1808                            |  40|   0|   40|          0|
    |J_4_10_read_reg_1848                           |  40|   0|   40|          0|
    |J_4_11_read_reg_1853                           |  40|   0|   40|          0|
    |J_4_5_read_reg_1823                            |  40|   0|   40|          0|
    |J_4_6_read_reg_1828                            |  40|   0|   40|          0|
    |J_4_7_read_reg_1833                            |  40|   0|   40|          0|
    |J_4_8_read_reg_1838                            |  40|   0|   40|          0|
    |J_4_9_read_reg_1843                            |  40|   0|   40|          0|
    |J_5_10_read_reg_1878                           |  40|   0|   40|          0|
    |J_5_11_read_reg_1883                           |  40|   0|   40|          0|
    |J_5_6_read_reg_1858                            |  40|   0|   40|          0|
    |J_5_7_read_reg_1863                            |  40|   0|   40|          0|
    |J_5_8_read_reg_1868                            |  40|   0|   40|          0|
    |J_5_9_read_reg_1873                            |  40|   0|   40|          0|
    |J_6_10_read_reg_1903                           |  40|   0|   40|          0|
    |J_6_11_read_reg_1908                           |  40|   0|   40|          0|
    |J_6_7_read_reg_1888                            |  40|   0|   40|          0|
    |J_6_8_read_reg_1893                            |  40|   0|   40|          0|
    |J_6_9_read_reg_1898                            |  40|   0|   40|          0|
    |J_7_10_read_reg_1923                           |  40|   0|   40|          0|
    |J_7_11_read_reg_1928                           |  40|   0|   40|          0|
    |J_7_8_read_reg_1913                            |  40|   0|   40|          0|
    |J_7_9_read_reg_1918                            |  40|   0|   40|          0|
    |J_8_10_read_reg_1938                           |  40|   0|   40|          0|
    |J_8_11_read_reg_1943                           |  40|   0|   40|          0|
    |J_8_9_read_reg_1933                            |  40|   0|   40|          0|
    |J_9_10_read_reg_1948                           |  40|   0|   40|          0|
    |J_9_11_read_reg_1953                           |  40|   0|   40|          0|
    |add_ln89_reg_2205                              |  61|   0|   61|          0|
    |ap_CS_fsm                                      |  13|   0|   13|          0|
    |de_reg_2083                                    |  40|   0|   40|          0|
    |grp_uniform_delta_energy_fu_1091_ap_start_reg  |   1|   0|    1|          0|
    |h_0_read_reg_1963                              |  40|   0|   40|          0|
    |h_10_read_reg_2013                             |  40|   0|   40|          0|
    |h_11_read_reg_2018                             |  40|   0|   40|          0|
    |h_1_read_reg_1968                              |  40|   0|   40|          0|
    |h_2_read_reg_1973                              |  40|   0|   40|          0|
    |h_3_read_reg_1978                              |  40|   0|   40|          0|
    |h_4_read_reg_1983                              |  40|   0|   40|          0|
    |h_5_read_reg_1988                              |  40|   0|   40|          0|
    |h_6_read_reg_1993                              |  40|   0|   40|          0|
    |h_7_read_reg_1998                              |  40|   0|   40|          0|
    |h_8_read_reg_2003                              |  40|   0|   40|          0|
    |h_9_read_reg_2008                              |  40|   0|   40|          0|
    |icmp_ln116_reg_2096                            |   1|   0|    1|          0|
    |icmp_ln59_reg_2131                             |   1|   0|    1|          0|
    |icmp_ln63_reg_2142                             |   1|   0|    1|          0|
    |icmp_ln91_reg_2215                             |   1|   0|    1|          0|
    |icmp_ln95_reg_2210                             |   1|   0|    1|          0|
    |idx_reg_2147                                   |  11|   0|   11|          0|
    |mul_ln89_reg_2200                              |  60|   0|   60|          0|
    |old_energy_read_reg_1626                       |  40|   0|   40|          0|
    |sub_ln84_reg_2159                              |  27|   0|   27|          0|
    |sub_ln89_reg_2185                              |  26|   0|   26|          0|
    |tmp_1_reg_2121                                 |   1|   0|    1|          0|
    |tmp_3_reg_2154                                 |  26|   0|   26|          0|
    |tmp_4_reg_2174                                 |  25|   0|   25|          0|
    |tmp_5_reg_2180                                 |  25|   0|   25|          0|
    |tmp_6_reg_2126                                 |  11|   0|   11|          0|
    |tmp_reg_2115                                   |  30|   0|   30|          0|
    |trunc_ln75_1_reg_2137                          |  30|   0|   59|         29|
    |u_read_reg_2091                                |  40|   0|   40|          0|
    |x_reg_2110                                     |  40|   0|   40|          0|
    |y_0_read_reg_2023                              |   1|   0|    1|          0|
    |y_10_read_reg_2073                             |   1|   0|    1|          0|
    |y_11_read_reg_2078                             |   1|   0|    1|          0|
    |y_1_read_reg_2028                              |   1|   0|    1|          0|
    |y_2_read_reg_2033                              |   1|   0|    1|          0|
    |y_3_read_reg_2038                              |   1|   0|    1|          0|
    |y_4_read_reg_2043                              |   1|   0|    1|          0|
    |y_5_read_reg_2048                              |   1|   0|    1|          0|
    |y_6_read_reg_2053                              |   1|   0|    1|          0|
    |y_7_read_reg_2058                              |   1|   0|    1|          0|
    |y_8_read_reg_2063                              |   1|   0|    1|          0|
    |y_9_read_reg_2068                              |   1|   0|    1|          0|
    +-----------------------------------------------+----+----+-----+-----------+
    |Total                                          |3644|   0| 3673|         29|
    +-----------------------------------------------+----+----+-----+-----------+



================================================================
== Interface
================================================================
* Summary: 
+---------------------+-----+-----+------------+-------------------------+--------------+
|      RTL Ports      | Dir | Bits|  Protocol  |      Source Object      |    C Type    |
+---------------------+-----+-----+------------+-------------------------+--------------+
|ap_clk               |   in|    1|  ap_ctrl_hs|  uniform_metropolis_step|  return value|
|ap_rst               |   in|    1|  ap_ctrl_hs|  uniform_metropolis_step|  return value|
|ap_start             |   in|    1|  ap_ctrl_hs|  uniform_metropolis_step|  return value|
|ap_done              |  out|    1|  ap_ctrl_hs|  uniform_metropolis_step|  return value|
|ap_idle              |  out|    1|  ap_ctrl_hs|  uniform_metropolis_step|  return value|
|ap_ready             |  out|    1|  ap_ctrl_hs|  uniform_metropolis_step|  return value|
|J_0_0                |   in|   40|     ap_none|                    J_0_0|       pointer|
|J_0_1                |   in|   40|     ap_none|                    J_0_1|       pointer|
|J_0_2                |   in|   40|     ap_none|                    J_0_2|       pointer|
|J_0_3                |   in|   40|     ap_none|                    J_0_3|       pointer|
|J_0_4                |   in|   40|     ap_none|                    J_0_4|       pointer|
|J_0_5                |   in|   40|     ap_none|                    J_0_5|       pointer|
|J_0_6                |   in|   40|     ap_none|                    J_0_6|       pointer|
|J_0_7                |   in|   40|     ap_none|                    J_0_7|       pointer|
|J_0_8                |   in|   40|     ap_none|                    J_0_8|       pointer|
|J_0_9                |   in|   40|     ap_none|                    J_0_9|       pointer|
|J_0_10               |   in|   40|     ap_none|                   J_0_10|       pointer|
|J_0_11               |   in|   40|     ap_none|                   J_0_11|       pointer|
|J_1_0                |   in|   40|     ap_none|                    J_1_0|       pointer|
|J_1_1                |   in|   40|     ap_none|                    J_1_1|       pointer|
|J_1_2                |   in|   40|     ap_none|                    J_1_2|       pointer|
|J_1_3                |   in|   40|     ap_none|                    J_1_3|       pointer|
|J_1_4                |   in|   40|     ap_none|                    J_1_4|       pointer|
|J_1_5                |   in|   40|     ap_none|                    J_1_5|       pointer|
|J_1_6                |   in|   40|     ap_none|                    J_1_6|       pointer|
|J_1_7                |   in|   40|     ap_none|                    J_1_7|       pointer|
|J_1_8                |   in|   40|     ap_none|                    J_1_8|       pointer|
|J_1_9                |   in|   40|     ap_none|                    J_1_9|       pointer|
|J_1_10               |   in|   40|     ap_none|                   J_1_10|       pointer|
|J_1_11               |   in|   40|     ap_none|                   J_1_11|       pointer|
|J_2_0                |   in|   40|     ap_none|                    J_2_0|       pointer|
|J_2_1                |   in|   40|     ap_none|                    J_2_1|       pointer|
|J_2_2                |   in|   40|     ap_none|                    J_2_2|       pointer|
|J_2_3                |   in|   40|     ap_none|                    J_2_3|       pointer|
|J_2_4                |   in|   40|     ap_none|                    J_2_4|       pointer|
|J_2_5                |   in|   40|     ap_none|                    J_2_5|       pointer|
|J_2_6                |   in|   40|     ap_none|                    J_2_6|       pointer|
|J_2_7                |   in|   40|     ap_none|                    J_2_7|       pointer|
|J_2_8                |   in|   40|     ap_none|                    J_2_8|       pointer|
|J_2_9                |   in|   40|     ap_none|                    J_2_9|       pointer|
|J_2_10               |   in|   40|     ap_none|                   J_2_10|       pointer|
|J_2_11               |   in|   40|     ap_none|                   J_2_11|       pointer|
|J_3_0                |   in|   40|     ap_none|                    J_3_0|       pointer|
|J_3_1                |   in|   40|     ap_none|                    J_3_1|       pointer|
|J_3_2                |   in|   40|     ap_none|                    J_3_2|       pointer|
|J_3_3                |   in|   40|     ap_none|                    J_3_3|       pointer|
|J_3_4                |   in|   40|     ap_none|                    J_3_4|       pointer|
|J_3_5                |   in|   40|     ap_none|                    J_3_5|       pointer|
|J_3_6                |   in|   40|     ap_none|                    J_3_6|       pointer|
|J_3_7                |   in|   40|     ap_none|                    J_3_7|       pointer|
|J_3_8                |   in|   40|     ap_none|                    J_3_8|       pointer|
|J_3_9                |   in|   40|     ap_none|                    J_3_9|       pointer|
|J_3_10               |   in|   40|     ap_none|                   J_3_10|       pointer|
|J_3_11               |   in|   40|     ap_none|                   J_3_11|       pointer|
|J_4_0                |   in|   40|     ap_none|                    J_4_0|       pointer|
|J_4_1                |   in|   40|     ap_none|                    J_4_1|       pointer|
|J_4_2                |   in|   40|     ap_none|                    J_4_2|       pointer|
|J_4_3                |   in|   40|     ap_none|                    J_4_3|       pointer|
|J_4_4                |   in|   40|     ap_none|                    J_4_4|       pointer|
|J_4_5                |   in|   40|     ap_none|                    J_4_5|       pointer|
|J_4_6                |   in|   40|     ap_none|                    J_4_6|       pointer|
|J_4_7                |   in|   40|     ap_none|                    J_4_7|       pointer|
|J_4_8                |   in|   40|     ap_none|                    J_4_8|       pointer|
|J_4_9                |   in|   40|     ap_none|                    J_4_9|       pointer|
|J_4_10               |   in|   40|     ap_none|                   J_4_10|       pointer|
|J_4_11               |   in|   40|     ap_none|                   J_4_11|       pointer|
|J_5_0                |   in|   40|     ap_none|                    J_5_0|       pointer|
|J_5_1                |   in|   40|     ap_none|                    J_5_1|       pointer|
|J_5_2                |   in|   40|     ap_none|                    J_5_2|       pointer|
|J_5_3                |   in|   40|     ap_none|                    J_5_3|       pointer|
|J_5_4                |   in|   40|     ap_none|                    J_5_4|       pointer|
|J_5_5                |   in|   40|     ap_none|                    J_5_5|       pointer|
|J_5_6                |   in|   40|     ap_none|                    J_5_6|       pointer|
|J_5_7                |   in|   40|     ap_none|                    J_5_7|       pointer|
|J_5_8                |   in|   40|     ap_none|                    J_5_8|       pointer|
|J_5_9                |   in|   40|     ap_none|                    J_5_9|       pointer|
|J_5_10               |   in|   40|     ap_none|                   J_5_10|       pointer|
|J_5_11               |   in|   40|     ap_none|                   J_5_11|       pointer|
|J_6_0                |   in|   40|     ap_none|                    J_6_0|       pointer|
|J_6_1                |   in|   40|     ap_none|                    J_6_1|       pointer|
|J_6_2                |   in|   40|     ap_none|                    J_6_2|       pointer|
|J_6_3                |   in|   40|     ap_none|                    J_6_3|       pointer|
|J_6_4                |   in|   40|     ap_none|                    J_6_4|       pointer|
|J_6_5                |   in|   40|     ap_none|                    J_6_5|       pointer|
|J_6_6                |   in|   40|     ap_none|                    J_6_6|       pointer|
|J_6_7                |   in|   40|     ap_none|                    J_6_7|       pointer|
|J_6_8                |   in|   40|     ap_none|                    J_6_8|       pointer|
|J_6_9                |   in|   40|     ap_none|                    J_6_9|       pointer|
|J_6_10               |   in|   40|     ap_none|                   J_6_10|       pointer|
|J_6_11               |   in|   40|     ap_none|                   J_6_11|       pointer|
|J_7_0                |   in|   40|     ap_none|                    J_7_0|       pointer|
|J_7_1                |   in|   40|     ap_none|                    J_7_1|       pointer|
|J_7_2                |   in|   40|     ap_none|                    J_7_2|       pointer|
|J_7_3                |   in|   40|     ap_none|                    J_7_3|       pointer|
|J_7_4                |   in|   40|     ap_none|                    J_7_4|       pointer|
|J_7_5                |   in|   40|     ap_none|                    J_7_5|       pointer|
|J_7_6                |   in|   40|     ap_none|                    J_7_6|       pointer|
|J_7_7                |   in|   40|     ap_none|                    J_7_7|       pointer|
|J_7_8                |   in|   40|     ap_none|                    J_7_8|       pointer|
|J_7_9                |   in|   40|     ap_none|                    J_7_9|       pointer|
|J_7_10               |   in|   40|     ap_none|                   J_7_10|       pointer|
|J_7_11               |   in|   40|     ap_none|                   J_7_11|       pointer|
|J_8_0                |   in|   40|     ap_none|                    J_8_0|       pointer|
|J_8_1                |   in|   40|     ap_none|                    J_8_1|       pointer|
|J_8_2                |   in|   40|     ap_none|                    J_8_2|       pointer|
|J_8_3                |   in|   40|     ap_none|                    J_8_3|       pointer|
|J_8_4                |   in|   40|     ap_none|                    J_8_4|       pointer|
|J_8_5                |   in|   40|     ap_none|                    J_8_5|       pointer|
|J_8_6                |   in|   40|     ap_none|                    J_8_6|       pointer|
|J_8_7                |   in|   40|     ap_none|                    J_8_7|       pointer|
|J_8_8                |   in|   40|     ap_none|                    J_8_8|       pointer|
|J_8_9                |   in|   40|     ap_none|                    J_8_9|       pointer|
|J_8_10               |   in|   40|     ap_none|                   J_8_10|       pointer|
|J_8_11               |   in|   40|     ap_none|                   J_8_11|       pointer|
|J_9_0                |   in|   40|     ap_none|                    J_9_0|       pointer|
|J_9_1                |   in|   40|     ap_none|                    J_9_1|       pointer|
|J_9_2                |   in|   40|     ap_none|                    J_9_2|       pointer|
|J_9_3                |   in|   40|     ap_none|                    J_9_3|       pointer|
|J_9_4                |   in|   40|     ap_none|                    J_9_4|       pointer|
|J_9_5                |   in|   40|     ap_none|                    J_9_5|       pointer|
|J_9_6                |   in|   40|     ap_none|                    J_9_6|       pointer|
|J_9_7                |   in|   40|     ap_none|                    J_9_7|       pointer|
|J_9_8                |   in|   40|     ap_none|                    J_9_8|       pointer|
|J_9_9                |   in|   40|     ap_none|                    J_9_9|       pointer|
|J_9_10               |   in|   40|     ap_none|                   J_9_10|       pointer|
|J_9_11               |   in|   40|     ap_none|                   J_9_11|       pointer|
|J_10_0               |   in|   40|     ap_none|                   J_10_0|       pointer|
|J_10_1               |   in|   40|     ap_none|                   J_10_1|       pointer|
|J_10_2               |   in|   40|     ap_none|                   J_10_2|       pointer|
|J_10_3               |   in|   40|     ap_none|                   J_10_3|       pointer|
|J_10_4               |   in|   40|     ap_none|                   J_10_4|       pointer|
|J_10_5               |   in|   40|     ap_none|                   J_10_5|       pointer|
|J_10_6               |   in|   40|     ap_none|                   J_10_6|       pointer|
|J_10_7               |   in|   40|     ap_none|                   J_10_7|       pointer|
|J_10_8               |   in|   40|     ap_none|                   J_10_8|       pointer|
|J_10_9               |   in|   40|     ap_none|                   J_10_9|       pointer|
|J_10_10              |   in|   40|     ap_none|                  J_10_10|       pointer|
|J_10_11              |   in|   40|     ap_none|                  J_10_11|       pointer|
|J_11_0               |   in|   40|     ap_none|                   J_11_0|       pointer|
|J_11_1               |   in|   40|     ap_none|                   J_11_1|       pointer|
|J_11_2               |   in|   40|     ap_none|                   J_11_2|       pointer|
|J_11_3               |   in|   40|     ap_none|                   J_11_3|       pointer|
|J_11_4               |   in|   40|     ap_none|                   J_11_4|       pointer|
|J_11_5               |   in|   40|     ap_none|                   J_11_5|       pointer|
|J_11_6               |   in|   40|     ap_none|                   J_11_6|       pointer|
|J_11_7               |   in|   40|     ap_none|                   J_11_7|       pointer|
|J_11_8               |   in|   40|     ap_none|                   J_11_8|       pointer|
|J_11_9               |   in|   40|     ap_none|                   J_11_9|       pointer|
|J_11_10              |   in|   40|     ap_none|                  J_11_10|       pointer|
|J_11_11              |   in|   40|     ap_none|                  J_11_11|       pointer|
|h_0                  |   in|   40|     ap_none|                      h_0|       pointer|
|h_1                  |   in|   40|     ap_none|                      h_1|       pointer|
|h_2                  |   in|   40|     ap_none|                      h_2|       pointer|
|h_3                  |   in|   40|     ap_none|                      h_3|       pointer|
|h_4                  |   in|   40|     ap_none|                      h_4|       pointer|
|h_5                  |   in|   40|     ap_none|                      h_5|       pointer|
|h_6                  |   in|   40|     ap_none|                      h_6|       pointer|
|h_7                  |   in|   40|     ap_none|                      h_7|       pointer|
|h_8                  |   in|   40|     ap_none|                      h_8|       pointer|
|h_9                  |   in|   40|     ap_none|                      h_9|       pointer|
|h_10                 |   in|   40|     ap_none|                     h_10|       pointer|
|h_11                 |   in|   40|     ap_none|                     h_11|       pointer|
|y_0                  |   in|    1|     ap_none|                      y_0|       pointer|
|y_1                  |   in|    1|     ap_none|                      y_1|       pointer|
|y_2                  |   in|    1|     ap_none|                      y_2|       pointer|
|y_3                  |   in|    1|     ap_none|                      y_3|       pointer|
|y_4                  |   in|    1|     ap_none|                      y_4|       pointer|
|y_5                  |   in|    1|     ap_none|                      y_5|       pointer|
|y_6                  |   in|    1|     ap_none|                      y_6|       pointer|
|y_7                  |   in|    1|     ap_none|                      y_7|       pointer|
|y_8                  |   in|    1|     ap_none|                      y_8|       pointer|
|y_9                  |   in|    1|     ap_none|                      y_9|       pointer|
|y_10                 |   in|    1|     ap_none|                     y_10|       pointer|
|y_11                 |   in|    1|     ap_none|                     y_11|       pointer|
|old_energy           |   in|   40|     ap_none|               old_energy|        scalar|
|beta                 |   in|   40|     ap_none|                     beta|        scalar|
|u                    |   in|   40|     ap_none|                        u|        scalar|
|accepted             |  out|    1|      ap_vld|                 accepted|       pointer|
|accepted_ap_vld      |  out|    1|      ap_vld|                 accepted|       pointer|
|delta_energy         |  out|   40|      ap_vld|             delta_energy|       pointer|
|delta_energy_ap_vld  |  out|    1|      ap_vld|             delta_energy|       pointer|
|new_energy           |  out|   40|      ap_vld|               new_energy|       pointer|
|new_energy_ap_vld    |  out|    1|      ap_vld|               new_energy|       pointer|
+---------------------+-----+-----+------------+-------------------------+--------------+

