

================================================================
== Vitis HLS Report for 'uniform_delta_energy'
================================================================
* Date:           Tue May 19 20:33:35 2026

* Version:        2025.2 (Build 6295257 on Nov 14 2025)
* Project:        hls_uniform_metropolis_step_N12
* Solution:       hls (Vivado IP Flow Target)
* Product family: virtexuplus
* Target device:  xcvu19p-fsva3824-2-e


================================================================
== Performance Estimates
================================================================
+ Timing: 
    * Summary: 
    +--------+---------+----------+------------+
    |  Clock |  Target | Estimated| Uncertainty|
    +--------+---------+----------+------------+
    |ap_clk  |  3.33 ns|  2.388 ns|     0.90 ns|
    +--------+---------+----------+------------+

+ Latency: 
    * Summary: 
    +---------+---------+----------+----------+-----+-----+---------+
    |  Latency (cycles) |  Latency (absolute) |  Interval | Pipeline|
    |   min   |   max   |    min   |    max   | min | max |   Type  |
    +---------+---------+----------+----------+-----+-----+---------+
    |       35|       35|  0.117 us|  0.117 us|   35|   35|       no|
    +---------+---------+----------+----------+-----+-----+---------+

    + Detail: 
        * Instance: 
        N/A

        * Loop: 
        N/A



================================================================
== Utilization Estimates
================================================================
* Summary: 
+---------------------+---------+------+---------+---------+-----+
|         Name        | BRAM_18K|  DSP |    FF   |   LUT   | URAM|
+---------------------+---------+------+---------+---------+-----+
|DSP                  |        -|     -|        -|        -|    -|
|Expression           |        -|     -|        0|    10547|    -|
|FIFO                 |        -|     -|        -|        -|    -|
|Instance             |        -|     -|        -|        -|    -|
|Memory               |        -|     -|        -|        -|    -|
|Multiplexer          |        -|     -|        0|      175|    -|
|Register             |        -|     -|     1596|        -|    -|
+---------------------+---------+------+---------+---------+-----+
|Total                |        0|     0|     1596|    10722|    0|
+---------------------+---------+------+---------+---------+-----+
|Available SLR        |     1080|   960|  2042880|  1021440|   80|
+---------------------+---------+------+---------+---------+-----+
|Utilization SLR (%)  |        0|     0|       ~0|        1|    0|
+---------------------+---------+------+---------+---------+-----+
|Available            |     4320|  3840|  8171520|  4085760|  320|
+---------------------+---------+------+---------+---------+-----+
|Utilization (%)      |        0|     0|       ~0|       ~0|    0|
+---------------------+---------+------+---------+---------+-----+

+ Detail: 
    * Instance: 
    N/A

    * DSP: 
    N/A

    * Memory: 
    N/A

    * FIFO: 
    N/A

    * Expression: 
    +-------------------------+----------+----+---+-----+------------+------------+
    |      Variable Name      | Operation| DSP| FF| LUT | Bitwidth P0| Bitwidth P1|
    +-------------------------+----------+----+---+-----+------------+------------+
    |add_ln183_10_fu_958_p2   |         +|   0|  0|   40|          40|          40|
    |add_ln183_1_fu_926_p2    |         +|   0|  0|   40|          40|          40|
    |add_ln183_2_fu_932_p2    |         +|   0|  0|   40|          40|          40|
    |add_ln183_3_fu_938_p2    |         +|   0|  0|   40|          40|          40|
    |add_ln183_4_fu_954_p2    |         +|   0|  0|   40|          40|          40|
    |add_ln183_5_fu_804_p2    |         +|   0|  0|   47|          40|          40|
    |add_ln183_6_fu_944_p2    |         +|   0|  0|   40|          40|          40|
    |add_ln183_7_fu_810_p2    |         +|   0|  0|   40|          40|          40|
    |add_ln183_8_fu_816_p2    |         +|   0|  0|   40|          40|          40|
    |add_ln183_9_fu_949_p2    |         +|   0|  0|   40|          40|          40|
    |add_ln183_fu_920_p2      |         +|   0|  0|   40|          40|          40|
    |add_ln195_fu_967_p2      |         +|   0|  0|   40|          40|          40|
    |e_100_fu_1738_p2         |         +|   0|  0|   47|          40|          40|
    |e_103_fu_1761_p2         |         +|   0|  0|   47|          40|          40|
    |e_106_fu_1784_p2         |         +|   0|  0|   47|          40|          40|
    |e_109_fu_1807_p2         |         +|   0|  0|   47|          40|          40|
    |e_10_fu_1048_p2          |         +|   0|  0|   47|          40|          40|
    |e_112_fu_1830_p2         |         +|   0|  0|   47|          40|          40|
    |e_115_fu_1853_p2         |         +|   0|  0|   47|          40|          40|
    |e_118_fu_1876_p2         |         +|   0|  0|   47|          40|          40|
    |e_121_fu_1899_p2         |         +|   0|  0|   47|          40|          40|
    |e_124_fu_1922_p2         |         +|   0|  0|   47|          40|          40|
    |e_127_fu_1945_p2         |         +|   0|  0|   47|          40|          40|
    |e_130_fu_1968_p2         |         +|   0|  0|   47|          40|          40|
    |e_133_fu_1991_p2         |         +|   0|  0|   47|          40|          40|
    |e_136_fu_2014_p2         |         +|   0|  0|   47|          40|          40|
    |e_139_fu_2037_p2         |         +|   0|  0|   47|          40|          40|
    |e_13_fu_1071_p2          |         +|   0|  0|   47|          40|          40|
    |e_142_fu_2060_p2         |         +|   0|  0|   47|          40|          40|
    |e_145_fu_2083_p2         |         +|   0|  0|   47|          40|          40|
    |e_148_fu_2106_p2         |         +|   0|  0|   47|          40|          40|
    |e_151_fu_2129_p2         |         +|   0|  0|   47|          40|          40|
    |e_154_fu_2152_p2         |         +|   0|  0|   47|          40|          40|
    |e_157_fu_2175_p2         |         +|   0|  0|   47|          40|          40|
    |e_160_fu_2198_p2         |         +|   0|  0|   47|          40|          40|
    |e_163_fu_2221_p2         |         +|   0|  0|   47|          40|          40|
    |e_166_fu_2244_p2         |         +|   0|  0|   47|          40|          40|
    |e_169_fu_2267_p2         |         +|   0|  0|   47|          40|          40|
    |e_16_fu_1094_p2          |         +|   0|  0|   47|          40|          40|
    |e_172_fu_2290_p2         |         +|   0|  0|   47|          40|          40|
    |e_175_fu_2313_p2         |         +|   0|  0|   47|          40|          40|
    |e_178_fu_2336_p2         |         +|   0|  0|   47|          40|          40|
    |e_181_fu_2359_p2         |         +|   0|  0|   47|          40|          40|
    |e_184_fu_2382_p2         |         +|   0|  0|   47|          40|          40|
    |e_187_fu_2405_p2         |         +|   0|  0|   47|          40|          40|
    |e_190_fu_2428_p2         |         +|   0|  0|   47|          40|          40|
    |e_193_fu_2451_p2         |         +|   0|  0|   47|          40|          40|
    |e_196_fu_2474_p2         |         +|   0|  0|   47|          40|          40|
    |e_19_fu_1117_p2          |         +|   0|  0|   47|          40|          40|
    |e_22_fu_1140_p2          |         +|   0|  0|   47|          40|          40|
    |e_25_fu_1163_p2          |         +|   0|  0|   47|          40|          40|
    |e_28_fu_1186_p2          |         +|   0|  0|   47|          40|          40|
    |e_31_fu_1209_p2          |         +|   0|  0|   47|          40|          40|
    |e_34_fu_1232_p2          |         +|   0|  0|   47|          40|          40|
    |e_37_fu_1255_p2          |         +|   0|  0|   47|          40|          40|
    |e_40_fu_1278_p2          |         +|   0|  0|   47|          40|          40|
    |e_43_fu_1301_p2          |         +|   0|  0|   47|          40|          40|
    |e_46_fu_1324_p2          |         +|   0|  0|   47|          40|          40|
    |e_49_fu_1347_p2          |         +|   0|  0|   47|          40|          40|
    |e_4_fu_1002_p2           |         +|   0|  0|   47|          40|          40|
    |e_52_fu_1370_p2          |         +|   0|  0|   47|          40|          40|
    |e_55_fu_1393_p2          |         +|   0|  0|   47|          40|          40|
    |e_58_fu_1416_p2          |         +|   0|  0|   47|          40|          40|
    |e_61_fu_1439_p2          |         +|   0|  0|   47|          40|          40|
    |e_64_fu_1462_p2          |         +|   0|  0|   47|          40|          40|
    |e_67_fu_1485_p2          |         +|   0|  0|   47|          40|          40|
    |e_70_fu_1508_p2          |         +|   0|  0|   47|          40|          40|
    |e_73_fu_1531_p2          |         +|   0|  0|   47|          40|          40|
    |e_76_fu_1554_p2          |         +|   0|  0|   47|          40|          40|
    |e_79_fu_1577_p2          |         +|   0|  0|   47|          40|          40|
    |e_7_fu_1025_p2           |         +|   0|  0|   47|          40|          40|
    |e_82_fu_1600_p2          |         +|   0|  0|   47|          40|          40|
    |e_85_fu_1623_p2          |         +|   0|  0|   47|          40|          40|
    |e_88_fu_1646_p2          |         +|   0|  0|   47|          40|          40|
    |e_91_fu_1669_p2          |         +|   0|  0|   47|          40|          40|
    |e_94_fu_1692_p2          |         +|   0|  0|   47|          40|          40|
    |e_97_fu_1715_p2          |         +|   0|  0|   47|          40|          40|
    |e_102_fu_1755_p2         |         -|   0|  0|   47|          40|          40|
    |e_105_fu_1779_p2         |         -|   0|  0|   47|          40|          40|
    |e_108_fu_1801_p2         |         -|   0|  0|   47|          40|          40|
    |e_111_fu_1825_p2         |         -|   0|  0|   47|          40|          40|
    |e_114_fu_1847_p2         |         -|   0|  0|   47|          40|          40|
    |e_117_fu_1871_p2         |         -|   0|  0|   47|          40|          40|
    |e_120_fu_1893_p2         |         -|   0|  0|   47|          40|          40|
    |e_123_fu_1917_p2         |         -|   0|  0|   47|          40|          40|
    |e_126_fu_1939_p2         |         -|   0|  0|   47|          40|          40|
    |e_129_fu_1963_p2         |         -|   0|  0|   47|          40|          40|
    |e_12_fu_1065_p2          |         -|   0|  0|   47|          40|          40|
    |e_132_fu_1985_p2         |         -|   0|  0|   47|          40|          40|
    |e_135_fu_2009_p2         |         -|   0|  0|   47|          40|          40|
    |e_138_fu_2031_p2         |         -|   0|  0|   47|          40|          40|
    |e_141_fu_2055_p2         |         -|   0|  0|   47|          40|          40|
    |e_144_fu_2077_p2         |         -|   0|  0|   47|          40|          40|
    |e_147_fu_2101_p2         |         -|   0|  0|   47|          40|          40|
    |e_150_fu_2123_p2         |         -|   0|  0|   47|          40|          40|
    |e_153_fu_2147_p2         |         -|   0|  0|   47|          40|          40|
    |e_156_fu_2169_p2         |         -|   0|  0|   47|          40|          40|
    |e_159_fu_2193_p2         |         -|   0|  0|   47|          40|          40|
    |e_15_fu_1089_p2          |         -|   0|  0|   47|          40|          40|
    |e_162_fu_2215_p2         |         -|   0|  0|   47|          40|          40|
    |e_165_fu_2239_p2         |         -|   0|  0|   47|          40|          40|
    |e_168_fu_2261_p2         |         -|   0|  0|   47|          40|          40|
    |e_171_fu_2285_p2         |         -|   0|  0|   47|          40|          40|
    |e_174_fu_2307_p2         |         -|   0|  0|   47|          40|          40|
    |e_177_fu_2331_p2         |         -|   0|  0|   47|          40|          40|
    |e_180_fu_2353_p2         |         -|   0|  0|   47|          40|          40|
    |e_183_fu_2377_p2         |         -|   0|  0|   47|          40|          40|
    |e_186_fu_2399_p2         |         -|   0|  0|   47|          40|          40|
    |e_189_fu_2423_p2         |         -|   0|  0|   47|          40|          40|
    |e_18_fu_1111_p2          |         -|   0|  0|   47|          40|          40|
    |e_192_fu_2445_p2         |         -|   0|  0|   47|          40|          40|
    |e_195_fu_2469_p2         |         -|   0|  0|   47|          40|          40|
    |e_1_fu_979_p2            |         -|   0|  0|   47|          40|          40|
    |e_21_fu_1135_p2          |         -|   0|  0|   47|          40|          40|
    |e_24_fu_1157_p2          |         -|   0|  0|   47|          40|          40|
    |e_27_fu_1181_p2          |         -|   0|  0|   47|          40|          40|
    |e_30_fu_1203_p2          |         -|   0|  0|   47|          40|          40|
    |e_33_fu_1227_p2          |         -|   0|  0|   47|          40|          40|
    |e_36_fu_1249_p2          |         -|   0|  0|   47|          40|          40|
    |e_39_fu_1273_p2          |         -|   0|  0|   47|          40|          40|
    |e_3_fu_997_p2            |         -|   0|  0|   47|          40|          40|
    |e_42_fu_1295_p2          |         -|   0|  0|   47|          40|          40|
    |e_45_fu_1319_p2          |         -|   0|  0|   47|          40|          40|
    |e_48_fu_1341_p2          |         -|   0|  0|   47|          40|          40|
    |e_51_fu_1365_p2          |         -|   0|  0|   47|          40|          40|
    |e_54_fu_1387_p2          |         -|   0|  0|   47|          40|          40|
    |e_57_fu_1411_p2          |         -|   0|  0|   47|          40|          40|
    |e_60_fu_1433_p2          |         -|   0|  0|   47|          40|          40|
    |e_63_fu_1457_p2          |         -|   0|  0|   47|          40|          40|
    |e_66_fu_1479_p2          |         -|   0|  0|   47|          40|          40|
    |e_69_fu_1503_p2          |         -|   0|  0|   47|          40|          40|
    |e_6_fu_1019_p2           |         -|   0|  0|   47|          40|          40|
    |e_72_fu_1525_p2          |         -|   0|  0|   47|          40|          40|
    |e_75_fu_1549_p2          |         -|   0|  0|   47|          40|          40|
    |e_78_fu_1571_p2          |         -|   0|  0|   47|          40|          40|
    |e_81_fu_1595_p2          |         -|   0|  0|   47|          40|          40|
    |e_84_fu_1617_p2          |         -|   0|  0|   47|          40|          40|
    |e_87_fu_1641_p2          |         -|   0|  0|   47|          40|          40|
    |e_90_fu_1663_p2          |         -|   0|  0|   47|          40|          40|
    |e_93_fu_1687_p2          |         -|   0|  0|   47|          40|          40|
    |e_96_fu_1709_p2          |         -|   0|  0|   47|          40|          40|
    |e_99_fu_1733_p2          |         -|   0|  0|   47|          40|          40|
    |e_9_fu_1043_p2           |         -|   0|  0|   47|          40|          40|
    |e_fu_973_p2              |         -|   0|  0|   40|           1|          40|
    |out_20_fu_734_p2         |         -|   0|  0|   47|           1|          40|
    |out_23_fu_762_p2         |         -|   0|  0|   47|           1|          40|
    |out_26_fu_836_p2         |         -|   0|  0|   47|           1|          40|
    |out_29_fu_864_p2         |         -|   0|  0|   47|           1|          40|
    |out_32_fu_892_p2         |         -|   0|  0|   47|           1|          40|
    |out_35_fu_790_p2         |         -|   0|  0|   47|           1|          40|
    |out_fu_2487_p2           |         -|   0|  0|   47|          40|          40|
    |sub_ln42_10_fu_906_p2    |         -|   0|  0|   47|           1|          40|
    |sub_ln42_2_fu_748_p2     |         -|   0|  0|   47|           1|          40|
    |sub_ln42_4_fu_776_p2     |         -|   0|  0|   47|           1|          40|
    |sub_ln42_6_fu_850_p2     |         -|   0|  0|   47|           1|          40|
    |sub_ln42_8_fu_878_p2     |         -|   0|  0|   47|           1|          40|
    |sub_ln42_fu_822_p2       |         -|   0|  0|   47|           1|          40|
    |e_101_fu_1743_p3         |    select|   0|  0|   40|           1|          40|
    |e_104_fu_1767_p3         |    select|   0|  0|   40|           1|          40|
    |e_107_fu_1789_p3         |    select|   0|  0|   40|           1|          40|
    |e_110_fu_1813_p3         |    select|   0|  0|   40|           1|          40|
    |e_113_fu_1835_p3         |    select|   0|  0|   40|           1|          40|
    |e_116_fu_1859_p3         |    select|   0|  0|   40|           1|          40|
    |e_119_fu_1881_p3         |    select|   0|  0|   40|           1|          40|
    |e_11_fu_1053_p3          |    select|   0|  0|   40|           1|          40|
    |e_122_fu_1905_p3         |    select|   0|  0|   40|           1|          40|
    |e_125_fu_1927_p3         |    select|   0|  0|   40|           1|          40|
    |e_128_fu_1951_p3         |    select|   0|  0|   40|           1|          40|
    |e_131_fu_1973_p3         |    select|   0|  0|   40|           1|          40|
    |e_134_fu_1997_p3         |    select|   0|  0|   40|           1|          40|
    |e_137_fu_2019_p3         |    select|   0|  0|   40|           1|          40|
    |e_140_fu_2043_p3         |    select|   0|  0|   40|           1|          40|
    |e_143_fu_2065_p3         |    select|   0|  0|   40|           1|          40|
    |e_146_fu_2089_p3         |    select|   0|  0|   40|           1|          40|
    |e_149_fu_2111_p3         |    select|   0|  0|   40|           1|          40|
    |e_14_fu_1077_p3          |    select|   0|  0|   40|           1|          40|
    |e_152_fu_2135_p3         |    select|   0|  0|   40|           1|          40|
    |e_155_fu_2157_p3         |    select|   0|  0|   40|           1|          40|
    |e_158_fu_2181_p3         |    select|   0|  0|   40|           1|          40|
    |e_161_fu_2203_p3         |    select|   0|  0|   40|           1|          40|
    |e_164_fu_2227_p3         |    select|   0|  0|   40|           1|          40|
    |e_167_fu_2249_p3         |    select|   0|  0|   40|           1|          40|
    |e_170_fu_2273_p3         |    select|   0|  0|   40|           1|          40|
    |e_173_fu_2295_p3         |    select|   0|  0|   40|           1|          40|
    |e_176_fu_2319_p3         |    select|   0|  0|   40|           1|          40|
    |e_179_fu_2341_p3         |    select|   0|  0|   40|           1|          40|
    |e_17_fu_1099_p3          |    select|   0|  0|   40|           1|          40|
    |e_182_fu_2365_p3         |    select|   0|  0|   40|           1|          40|
    |e_185_fu_2387_p3         |    select|   0|  0|   40|           1|          40|
    |e_188_fu_2411_p3         |    select|   0|  0|   40|           1|          40|
    |e_191_fu_2433_p3         |    select|   0|  0|   40|           1|          40|
    |e_194_fu_2457_p3         |    select|   0|  0|   40|           1|          40|
    |e_197_fu_2479_p3         |    select|   0|  0|   40|           1|          40|
    |e_20_fu_1123_p3          |    select|   0|  0|   40|           1|          40|
    |e_23_fu_1145_p3          |    select|   0|  0|   40|           1|          40|
    |e_26_fu_1169_p3          |    select|   0|  0|   40|           1|          40|
    |e_29_fu_1191_p3          |    select|   0|  0|   40|           1|          40|
    |e_2_fu_985_p3            |    select|   0|  0|   40|           1|          40|
    |e_32_fu_1215_p3          |    select|   0|  0|   40|           1|          40|
    |e_35_fu_1237_p3          |    select|   0|  0|   40|           1|          40|
    |e_38_fu_1261_p3          |    select|   0|  0|   40|           1|          40|
    |e_41_fu_1283_p3          |    select|   0|  0|   40|           1|          40|
    |e_44_fu_1307_p3          |    select|   0|  0|   40|           1|          40|
    |e_47_fu_1329_p3          |    select|   0|  0|   40|           1|          40|
    |e_50_fu_1353_p3          |    select|   0|  0|   40|           1|          40|
    |e_53_fu_1375_p3          |    select|   0|  0|   40|           1|          40|
    |e_56_fu_1399_p3          |    select|   0|  0|   40|           1|          40|
    |e_59_fu_1421_p3          |    select|   0|  0|   40|           1|          40|
    |e_5_fu_1007_p3           |    select|   0|  0|   40|           1|          40|
    |e_62_fu_1445_p3          |    select|   0|  0|   40|           1|          40|
    |e_65_fu_1467_p3          |    select|   0|  0|   40|           1|          40|
    |e_68_fu_1491_p3          |    select|   0|  0|   40|           1|          40|
    |e_71_fu_1513_p3          |    select|   0|  0|   40|           1|          40|
    |e_74_fu_1537_p3          |    select|   0|  0|   40|           1|          40|
    |e_77_fu_1559_p3          |    select|   0|  0|   40|           1|          40|
    |e_80_fu_1583_p3          |    select|   0|  0|   40|           1|          40|
    |e_83_fu_1605_p3          |    select|   0|  0|   40|           1|          40|
    |e_86_fu_1629_p3          |    select|   0|  0|   40|           1|          40|
    |e_89_fu_1651_p3          |    select|   0|  0|   40|           1|          40|
    |e_8_fu_1031_p3           |    select|   0|  0|   40|           1|          40|
    |e_92_fu_1675_p3          |    select|   0|  0|   40|           1|          40|
    |e_95_fu_1697_p3          |    select|   0|  0|   40|           1|          40|
    |e_98_fu_1721_p3          |    select|   0|  0|   40|           1|          40|
    |out_19_fu_828_p3         |    select|   0|  0|   40|           1|          40|
    |out_21_fu_740_p3         |    select|   0|  0|   40|           1|          40|
    |out_22_fu_754_p3         |    select|   0|  0|   40|           1|          40|
    |out_24_fu_768_p3         |    select|   0|  0|   40|           1|          40|
    |out_25_fu_782_p3         |    select|   0|  0|   40|           1|          40|
    |out_27_fu_842_p3         |    select|   0|  0|   40|           1|          40|
    |out_28_fu_856_p3         |    select|   0|  0|   40|           1|          40|
    |out_30_fu_870_p3         |    select|   0|  0|   40|           1|          40|
    |out_31_fu_884_p3         |    select|   0|  0|   40|           1|          40|
    |out_33_fu_898_p3         |    select|   0|  0|   40|           1|          40|
    |out_34_fu_912_p3         |    select|   0|  0|   40|           1|          40|
    |out_36_fu_796_p3         |    select|   0|  0|   40|           1|          40|
    |xor_ln194_10_fu_1199_p2  |       xor|   0|  0|    2|           1|           1|
    |xor_ln194_11_fu_1223_p2  |       xor|   0|  0|    2|           1|           1|
    |xor_ln194_12_fu_1245_p2  |       xor|   0|  0|    2|           1|           1|
    |xor_ln194_13_fu_1269_p2  |       xor|   0|  0|    2|           1|           1|
    |xor_ln194_14_fu_1291_p2  |       xor|   0|  0|    2|           1|           1|
    |xor_ln194_15_fu_1315_p2  |       xor|   0|  0|    2|           1|           1|
    |xor_ln194_16_fu_1337_p2  |       xor|   0|  0|    2|           1|           1|
    |xor_ln194_17_fu_1361_p2  |       xor|   0|  0|    2|           1|           1|
    |xor_ln194_18_fu_1383_p2  |       xor|   0|  0|    2|           1|           1|
    |xor_ln194_19_fu_1407_p2  |       xor|   0|  0|    2|           1|           1|
    |xor_ln194_1_fu_993_p2    |       xor|   0|  0|    2|           1|           1|
    |xor_ln194_20_fu_1429_p2  |       xor|   0|  0|    2|           1|           1|
    |xor_ln194_21_fu_1453_p2  |       xor|   0|  0|    2|           1|           1|
    |xor_ln194_22_fu_1475_p2  |       xor|   0|  0|    2|           1|           1|
    |xor_ln194_23_fu_1499_p2  |       xor|   0|  0|    2|           1|           1|
    |xor_ln194_24_fu_1521_p2  |       xor|   0|  0|    2|           1|           1|
    |xor_ln194_25_fu_1545_p2  |       xor|   0|  0|    2|           1|           1|
    |xor_ln194_26_fu_1567_p2  |       xor|   0|  0|    2|           1|           1|
    |xor_ln194_27_fu_1591_p2  |       xor|   0|  0|    2|           1|           1|
    |xor_ln194_28_fu_1613_p2  |       xor|   0|  0|    2|           1|           1|
    |xor_ln194_29_fu_1637_p2  |       xor|   0|  0|    2|           1|           1|
    |xor_ln194_2_fu_1015_p2   |       xor|   0|  0|    2|           1|           1|
    |xor_ln194_30_fu_1659_p2  |       xor|   0|  0|    2|           1|           1|
    |xor_ln194_31_fu_1683_p2  |       xor|   0|  0|    2|           1|           1|
    |xor_ln194_32_fu_1705_p2  |       xor|   0|  0|    2|           1|           1|
    |xor_ln194_33_fu_1729_p2  |       xor|   0|  0|    2|           1|           1|
    |xor_ln194_34_fu_1751_p2  |       xor|   0|  0|    2|           1|           1|
    |xor_ln194_35_fu_1775_p2  |       xor|   0|  0|    2|           1|           1|
    |xor_ln194_36_fu_1797_p2  |       xor|   0|  0|    2|           1|           1|
    |xor_ln194_37_fu_1821_p2  |       xor|   0|  0|    2|           1|           1|
    |xor_ln194_38_fu_1843_p2  |       xor|   0|  0|    2|           1|           1|
    |xor_ln194_39_fu_1867_p2  |       xor|   0|  0|    2|           1|           1|
    |xor_ln194_3_fu_1039_p2   |       xor|   0|  0|    2|           1|           1|
    |xor_ln194_40_fu_1889_p2  |       xor|   0|  0|    2|           1|           1|
    |xor_ln194_41_fu_1913_p2  |       xor|   0|  0|    2|           1|           1|
    |xor_ln194_42_fu_1935_p2  |       xor|   0|  0|    2|           1|           1|
    |xor_ln194_43_fu_1959_p2  |       xor|   0|  0|    2|           1|           1|
    |xor_ln194_44_fu_1981_p2  |       xor|   0|  0|    2|           1|           1|
    |xor_ln194_45_fu_2005_p2  |       xor|   0|  0|    2|           1|           1|
    |xor_ln194_46_fu_2027_p2  |       xor|   0|  0|    2|           1|           1|
    |xor_ln194_47_fu_2051_p2  |       xor|   0|  0|    2|           1|           1|
    |xor_ln194_48_fu_2073_p2  |       xor|   0|  0|    2|           1|           1|
    |xor_ln194_49_fu_2097_p2  |       xor|   0|  0|    2|           1|           1|
    |xor_ln194_4_fu_1061_p2   |       xor|   0|  0|    2|           1|           1|
    |xor_ln194_50_fu_2119_p2  |       xor|   0|  0|    2|           1|           1|
    |xor_ln194_51_fu_2143_p2  |       xor|   0|  0|    2|           1|           1|
    |xor_ln194_52_fu_2165_p2  |       xor|   0|  0|    2|           1|           1|
    |xor_ln194_53_fu_2189_p2  |       xor|   0|  0|    2|           1|           1|
    |xor_ln194_54_fu_2211_p2  |       xor|   0|  0|    2|           1|           1|
    |xor_ln194_55_fu_2235_p2  |       xor|   0|  0|    2|           1|           1|
    |xor_ln194_56_fu_2257_p2  |       xor|   0|  0|    2|           1|           1|
    |xor_ln194_57_fu_2281_p2  |       xor|   0|  0|    2|           1|           1|
    |xor_ln194_58_fu_2303_p2  |       xor|   0|  0|    2|           1|           1|
    |xor_ln194_59_fu_2327_p2  |       xor|   0|  0|    2|           1|           1|
    |xor_ln194_5_fu_1085_p2   |       xor|   0|  0|    2|           1|           1|
    |xor_ln194_60_fu_2349_p2  |       xor|   0|  0|    2|           1|           1|
    |xor_ln194_61_fu_2373_p2  |       xor|   0|  0|    2|           1|           1|
    |xor_ln194_62_fu_2395_p2  |       xor|   0|  0|    2|           1|           1|
    |xor_ln194_63_fu_2419_p2  |       xor|   0|  0|    2|           1|           1|
    |xor_ln194_64_fu_2441_p2  |       xor|   0|  0|    2|           1|           1|
    |xor_ln194_65_fu_2465_p2  |       xor|   0|  0|    2|           1|           1|
    |xor_ln194_6_fu_1107_p2   |       xor|   0|  0|    2|           1|           1|
    |xor_ln194_7_fu_1131_p2   |       xor|   0|  0|    2|           1|           1|
    |xor_ln194_8_fu_1153_p2   |       xor|   0|  0|    2|           1|           1|
    |xor_ln194_9_fu_1177_p2   |       xor|   0|  0|    2|           1|           1|
    |xor_ln194_fu_963_p2      |       xor|   0|  0|    2|           1|           1|
    +-------------------------+----------+----+---+-----+------------+------------+
    |Total                    |          |   0|  0|10547|        5917|        9466|
    +-------------------------+----------+----+---+-----+------------+------------+

    * Multiplexer: 
    +-----------+-----+-----------+-----+-----------+
    |    Name   | LUT | Input Size| Bits| Total Bits|
    +-----------+-----+-----------+-----+-----------+
    |ap_NS_fsm  |  166|         37|    1|         37|
    |ap_return  |    9|          2|   40|         80|
    +-----------+-----+-----------+-----+-----------+
    |Total      |  175|         39|   41|        117|
    +-----------+-----+-----------+-----+-----------+

    * Register: 
    +----------------------+----+----+-----+-----------+
    |         Name         | FF | LUT| Bits| Const Bits|
    +----------------------+----+----+-----+-----------+
    |add_ln183_1_reg_2683  |  40|   0|   40|          0|
    |add_ln183_3_reg_2688  |  40|   0|   40|          0|
    |add_ln183_5_reg_2568  |  40|   0|   40|          0|
    |add_ln183_8_reg_2573  |  40|   0|   40|          0|
    |add_ln183_9_reg_2693  |  40|   0|   40|          0|
    |ap_CS_fsm             |  36|   0|   36|          0|
    |ap_return_preg        |  40|   0|   40|          0|
    |e_104_reg_2800        |  40|   0|   40|          0|
    |e_110_reg_2806        |  40|   0|   40|          0|
    |e_116_reg_2812        |  40|   0|   40|          0|
    |e_122_reg_2818        |  40|   0|   40|          0|
    |e_128_reg_2824        |  40|   0|   40|          0|
    |e_134_reg_2830        |  40|   0|   40|          0|
    |e_140_reg_2836        |  40|   0|   40|          0|
    |e_146_reg_2842        |  40|   0|   40|          0|
    |e_14_reg_2710         |  40|   0|   40|          0|
    |e_152_reg_2848        |  40|   0|   40|          0|
    |e_158_reg_2854        |  40|   0|   40|          0|
    |e_164_reg_2860        |  40|   0|   40|          0|
    |e_170_reg_2866        |  40|   0|   40|          0|
    |e_176_reg_2872        |  40|   0|   40|          0|
    |e_182_reg_2878        |  40|   0|   40|          0|
    |e_188_reg_2884        |  40|   0|   40|          0|
    |e_194_reg_2890        |  40|   0|   40|          0|
    |e_20_reg_2716         |  40|   0|   40|          0|
    |e_26_reg_2722         |  40|   0|   40|          0|
    |e_2_reg_2698          |  40|   0|   40|          0|
    |e_32_reg_2728         |  40|   0|   40|          0|
    |e_38_reg_2734         |  40|   0|   40|          0|
    |e_44_reg_2740         |  40|   0|   40|          0|
    |e_50_reg_2746         |  40|   0|   40|          0|
    |e_56_reg_2752         |  40|   0|   40|          0|
    |e_62_reg_2758         |  40|   0|   40|          0|
    |e_68_reg_2764         |  40|   0|   40|          0|
    |e_74_reg_2770         |  40|   0|   40|          0|
    |e_80_reg_2776         |  40|   0|   40|          0|
    |e_86_reg_2782         |  40|   0|   40|          0|
    |e_8_reg_2704          |  40|   0|   40|          0|
    |e_92_reg_2788         |  40|   0|   40|          0|
    |e_98_reg_2794         |  40|   0|   40|          0|
    +----------------------+----+----+-----+-----------+
    |Total                 |1596|   0| 1596|          0|
    +----------------------+----+----+-----+-----------+



================================================================
== Interface
================================================================
* Summary: 
+-------------+-----+-----+------------+----------------------+--------------+
|  RTL Ports  | Dir | Bits|  Protocol  |     Source Object    |    C Type    |
+-------------+-----+-----+------------+----------------------+--------------+
|ap_clk       |   in|    1|  ap_ctrl_hs|  uniform_delta_energy|  return value|
|ap_rst       |   in|    1|  ap_ctrl_hs|  uniform_delta_energy|  return value|
|ap_start     |   in|    1|  ap_ctrl_hs|  uniform_delta_energy|  return value|
|ap_done      |  out|    1|  ap_ctrl_hs|  uniform_delta_energy|  return value|
|ap_idle      |  out|    1|  ap_ctrl_hs|  uniform_delta_energy|  return value|
|ap_ready     |  out|    1|  ap_ctrl_hs|  uniform_delta_energy|  return value|
|ap_return    |  out|   40|  ap_ctrl_hs|  uniform_delta_energy|  return value|
|J_0_1_val    |   in|   40|     ap_none|             J_0_1_val|        scalar|
|J_0_2_val    |   in|   40|     ap_none|             J_0_2_val|        scalar|
|J_0_3_val    |   in|   40|     ap_none|             J_0_3_val|        scalar|
|J_0_4_val    |   in|   40|     ap_none|             J_0_4_val|        scalar|
|J_0_5_val    |   in|   40|     ap_none|             J_0_5_val|        scalar|
|J_0_6_val    |   in|   40|     ap_none|             J_0_6_val|        scalar|
|J_0_7_val    |   in|   40|     ap_none|             J_0_7_val|        scalar|
|J_0_8_val    |   in|   40|     ap_none|             J_0_8_val|        scalar|
|J_0_9_val    |   in|   40|     ap_none|             J_0_9_val|        scalar|
|J_0_10_val   |   in|   40|     ap_none|            J_0_10_val|        scalar|
|J_0_11_val   |   in|   40|     ap_none|            J_0_11_val|        scalar|
|J_1_2_val    |   in|   40|     ap_none|             J_1_2_val|        scalar|
|J_1_3_val    |   in|   40|     ap_none|             J_1_3_val|        scalar|
|J_1_4_val    |   in|   40|     ap_none|             J_1_4_val|        scalar|
|J_1_5_val    |   in|   40|     ap_none|             J_1_5_val|        scalar|
|J_1_6_val    |   in|   40|     ap_none|             J_1_6_val|        scalar|
|J_1_7_val    |   in|   40|     ap_none|             J_1_7_val|        scalar|
|J_1_8_val    |   in|   40|     ap_none|             J_1_8_val|        scalar|
|J_1_9_val    |   in|   40|     ap_none|             J_1_9_val|        scalar|
|J_1_10_val   |   in|   40|     ap_none|            J_1_10_val|        scalar|
|J_1_11_val   |   in|   40|     ap_none|            J_1_11_val|        scalar|
|J_2_3_val    |   in|   40|     ap_none|             J_2_3_val|        scalar|
|J_2_4_val    |   in|   40|     ap_none|             J_2_4_val|        scalar|
|J_2_5_val    |   in|   40|     ap_none|             J_2_5_val|        scalar|
|J_2_6_val    |   in|   40|     ap_none|             J_2_6_val|        scalar|
|J_2_7_val    |   in|   40|     ap_none|             J_2_7_val|        scalar|
|J_2_8_val    |   in|   40|     ap_none|             J_2_8_val|        scalar|
|J_2_9_val    |   in|   40|     ap_none|             J_2_9_val|        scalar|
|J_2_10_val   |   in|   40|     ap_none|            J_2_10_val|        scalar|
|J_2_11_val   |   in|   40|     ap_none|            J_2_11_val|        scalar|
|J_3_4_val    |   in|   40|     ap_none|             J_3_4_val|        scalar|
|J_3_5_val    |   in|   40|     ap_none|             J_3_5_val|        scalar|
|J_3_6_val    |   in|   40|     ap_none|             J_3_6_val|        scalar|
|J_3_7_val    |   in|   40|     ap_none|             J_3_7_val|        scalar|
|J_3_8_val    |   in|   40|     ap_none|             J_3_8_val|        scalar|
|J_3_9_val    |   in|   40|     ap_none|             J_3_9_val|        scalar|
|J_3_10_val   |   in|   40|     ap_none|            J_3_10_val|        scalar|
|J_3_11_val   |   in|   40|     ap_none|            J_3_11_val|        scalar|
|J_4_5_val    |   in|   40|     ap_none|             J_4_5_val|        scalar|
|J_4_6_val    |   in|   40|     ap_none|             J_4_6_val|        scalar|
|J_4_7_val    |   in|   40|     ap_none|             J_4_7_val|        scalar|
|J_4_8_val    |   in|   40|     ap_none|             J_4_8_val|        scalar|
|J_4_9_val    |   in|   40|     ap_none|             J_4_9_val|        scalar|
|J_4_10_val   |   in|   40|     ap_none|            J_4_10_val|        scalar|
|J_4_11_val   |   in|   40|     ap_none|            J_4_11_val|        scalar|
|J_5_6_val    |   in|   40|     ap_none|             J_5_6_val|        scalar|
|J_5_7_val    |   in|   40|     ap_none|             J_5_7_val|        scalar|
|J_5_8_val    |   in|   40|     ap_none|             J_5_8_val|        scalar|
|J_5_9_val    |   in|   40|     ap_none|             J_5_9_val|        scalar|
|J_5_10_val   |   in|   40|     ap_none|            J_5_10_val|        scalar|
|J_5_11_val   |   in|   40|     ap_none|            J_5_11_val|        scalar|
|J_6_7_val    |   in|   40|     ap_none|             J_6_7_val|        scalar|
|J_6_8_val    |   in|   40|     ap_none|             J_6_8_val|        scalar|
|J_6_9_val    |   in|   40|     ap_none|             J_6_9_val|        scalar|
|J_6_10_val   |   in|   40|     ap_none|            J_6_10_val|        scalar|
|J_6_11_val   |   in|   40|     ap_none|            J_6_11_val|        scalar|
|J_7_8_val    |   in|   40|     ap_none|             J_7_8_val|        scalar|
|J_7_9_val    |   in|   40|     ap_none|             J_7_9_val|        scalar|
|J_7_10_val   |   in|   40|     ap_none|            J_7_10_val|        scalar|
|J_7_11_val   |   in|   40|     ap_none|            J_7_11_val|        scalar|
|J_8_9_val    |   in|   40|     ap_none|             J_8_9_val|        scalar|
|J_8_10_val   |   in|   40|     ap_none|            J_8_10_val|        scalar|
|J_8_11_val   |   in|   40|     ap_none|            J_8_11_val|        scalar|
|J_9_10_val   |   in|   40|     ap_none|            J_9_10_val|        scalar|
|J_9_11_val   |   in|   40|     ap_none|            J_9_11_val|        scalar|
|J_10_11_val  |   in|   40|     ap_none|           J_10_11_val|        scalar|
|h_0_val      |   in|   40|     ap_none|               h_0_val|        scalar|
|h_1_val      |   in|   40|     ap_none|               h_1_val|        scalar|
|h_2_val      |   in|   40|     ap_none|               h_2_val|        scalar|
|h_3_val      |   in|   40|     ap_none|               h_3_val|        scalar|
|h_4_val      |   in|   40|     ap_none|               h_4_val|        scalar|
|h_5_val      |   in|   40|     ap_none|               h_5_val|        scalar|
|h_6_val      |   in|   40|     ap_none|               h_6_val|        scalar|
|h_7_val      |   in|   40|     ap_none|               h_7_val|        scalar|
|h_8_val      |   in|   40|     ap_none|               h_8_val|        scalar|
|h_9_val      |   in|   40|     ap_none|               h_9_val|        scalar|
|h_10_val     |   in|   40|     ap_none|              h_10_val|        scalar|
|h_11_val     |   in|   40|     ap_none|              h_11_val|        scalar|
|y_0_val      |   in|    1|     ap_none|               y_0_val|        scalar|
|y_1_val      |   in|    1|     ap_none|               y_1_val|        scalar|
|y_2_val      |   in|    1|     ap_none|               y_2_val|        scalar|
|y_3_val      |   in|    1|     ap_none|               y_3_val|        scalar|
|y_4_val      |   in|    1|     ap_none|               y_4_val|        scalar|
|y_5_val      |   in|    1|     ap_none|               y_5_val|        scalar|
|y_6_val      |   in|    1|     ap_none|               y_6_val|        scalar|
|y_7_val      |   in|    1|     ap_none|               y_7_val|        scalar|
|y_8_val      |   in|    1|     ap_none|               y_8_val|        scalar|
|y_9_val      |   in|    1|     ap_none|               y_9_val|        scalar|
|y_10_val     |   in|    1|     ap_none|              y_10_val|        scalar|
|y_11_val     |   in|    1|     ap_none|              y_11_val|        scalar|
|old_energy   |   in|   40|     ap_none|            old_energy|        scalar|
+-------------+-----+-----+------------+----------------------+--------------+

