

================================================================
== Vitis HLS Report for 'uniform_delta_energy'
================================================================
* Date:           Tue May 19 20:35:41 2026

* Version:        2025.2 (Build 6295257 on Nov 14 2025)
* Project:        hls_uniform_metropolis_step_N15
* Solution:       hls (Vivado IP Flow Target)
* Product family: virtexuplus
* Target device:  xcvu19p-fsva3824-2-e


================================================================
== Performance Estimates
================================================================
+ Timing: 
    * Summary: 
    +--------+---------+----------+------------+
    |  Clock |  Target | Estimated| Uncertainty|
    +--------+---------+----------+------------+
    |ap_clk  |  3.33 ns|  2.388 ns|     0.90 ns|
    +--------+---------+----------+------------+

+ Latency: 
    * Summary: 
    +---------+---------+----------+----------+-----+-----+---------+
    |  Latency (cycles) |  Latency (absolute) |  Interval | Pipeline|
    |   min   |   max   |    min   |    max   | min | max |   Type  |
    +---------+---------+----------+----------+-----+-----+---------+
    |       54|       54|  0.180 us|  0.180 us|   54|   54|       no|
    +---------+---------+----------+----------+-----+-----+---------+

    + Detail: 
        * Instance: 
        N/A

        * Loop: 
        N/A



================================================================
== Utilization Estimates
================================================================
* Summary: 
+---------------------+---------+------+---------+---------+-----+
|         Name        | BRAM_18K|  DSP |    FF   |   LUT   | URAM|
+---------------------+---------+------+---------+---------+-----+
|DSP                  |        -|     -|        -|        -|    -|
|Expression           |        -|     -|        0|    16253|    -|
|FIFO                 |        -|     -|        -|        -|    -|
|Instance             |        -|     -|        -|        -|    -|
|Memory               |        -|     -|        -|        -|    -|
|Multiplexer          |        -|     -|        0|      250|    -|
|Register             |        -|     -|     2575|        -|    -|
+---------------------+---------+------+---------+---------+-----+
|Total                |        0|     0|     2575|    16503|    0|
+---------------------+---------+------+---------+---------+-----+
|Available SLR        |     1080|   960|  2042880|  1021440|   80|
+---------------------+---------+------+---------+---------+-----+
|Utilization SLR (%)  |        0|     0|       ~0|        1|    0|
+---------------------+---------+------+---------+---------+-----+
|Available            |     4320|  3840|  8171520|  4085760|  320|
+---------------------+---------+------+---------+---------+-----+
|Utilization (%)      |        0|     0|       ~0|       ~0|    0|
+---------------------+---------+------+---------+---------+-----+

+ Detail: 
    * Instance: 
    N/A

    * DSP: 
    N/A

    * Memory: 
    N/A

    * FIFO: 
    N/A

    * Expression: 
    +--------------------------+----------+----+---+-----+------------+------------+
    |       Variable Name      | Operation| DSP| FF| LUT | Bitwidth P0| Bitwidth P1|
    +--------------------------+----------+----+---+-----+------------+------------+
    |add_ln183_10_fu_1334_p2   |         +|   0|  0|   47|          40|          40|
    |add_ln183_11_fu_1362_p2   |         +|   0|  0|   40|          40|          40|
    |add_ln183_12_fu_1367_p2   |         +|   0|  0|   40|          40|          40|
    |add_ln183_13_fu_1373_p2   |         +|   0|  0|   40|          40|          40|
    |add_ln183_1_fu_1310_p2    |         +|   0|  0|   40|          40|          40|
    |add_ln183_2_fu_1340_p2    |         +|   0|  0|   40|          40|          40|
    |add_ln183_3_fu_1316_p2    |         +|   0|  0|   47|          40|          40|
    |add_ln183_4_fu_1344_p2    |         +|   0|  0|   40|          40|          40|
    |add_ln183_5_fu_1349_p2    |         +|   0|  0|   40|          40|          40|
    |add_ln183_6_fu_1322_p2    |         +|   0|  0|   47|          40|          40|
    |add_ln183_7_fu_1328_p2    |         +|   0|  0|   47|          40|          40|
    |add_ln183_8_fu_1354_p2    |         +|   0|  0|   40|          40|          40|
    |add_ln183_9_fu_1358_p2    |         +|   0|  0|   40|          40|          40|
    |add_ln183_fu_1304_p2      |         +|   0|  0|   40|          40|          40|
    |add_ln195_fu_1383_p2      |         +|   0|  0|   40|          40|          40|
    |e_100_fu_2153_p2          |         +|   0|  0|   47|          40|          40|
    |e_103_fu_2176_p2          |         +|   0|  0|   47|          40|          40|
    |e_106_fu_2199_p2          |         +|   0|  0|   47|          40|          40|
    |e_109_fu_2222_p2          |         +|   0|  0|   47|          40|          40|
    |e_10_fu_1463_p2           |         +|   0|  0|   47|          40|          40|
    |e_112_fu_2245_p2          |         +|   0|  0|   47|          40|          40|
    |e_115_fu_2268_p2          |         +|   0|  0|   47|          40|          40|
    |e_118_fu_2291_p2          |         +|   0|  0|   47|          40|          40|
    |e_121_fu_2314_p2          |         +|   0|  0|   47|          40|          40|
    |e_124_fu_2337_p2          |         +|   0|  0|   47|          40|          40|
    |e_127_fu_2360_p2          |         +|   0|  0|   47|          40|          40|
    |e_130_fu_2383_p2          |         +|   0|  0|   47|          40|          40|
    |e_133_fu_2406_p2          |         +|   0|  0|   47|          40|          40|
    |e_136_fu_2429_p2          |         +|   0|  0|   47|          40|          40|
    |e_139_fu_2452_p2          |         +|   0|  0|   47|          40|          40|
    |e_13_fu_1486_p2           |         +|   0|  0|   47|          40|          40|
    |e_142_fu_2475_p2          |         +|   0|  0|   47|          40|          40|
    |e_145_fu_2498_p2          |         +|   0|  0|   47|          40|          40|
    |e_148_fu_2521_p2          |         +|   0|  0|   47|          40|          40|
    |e_151_fu_2544_p2          |         +|   0|  0|   47|          40|          40|
    |e_154_fu_2567_p2          |         +|   0|  0|   47|          40|          40|
    |e_157_fu_2590_p2          |         +|   0|  0|   47|          40|          40|
    |e_160_fu_2613_p2          |         +|   0|  0|   47|          40|          40|
    |e_163_fu_2636_p2          |         +|   0|  0|   47|          40|          40|
    |e_166_fu_2659_p2          |         +|   0|  0|   47|          40|          40|
    |e_169_fu_2682_p2          |         +|   0|  0|   47|          40|          40|
    |e_16_fu_1509_p2           |         +|   0|  0|   47|          40|          40|
    |e_172_fu_2705_p2          |         +|   0|  0|   47|          40|          40|
    |e_175_fu_2728_p2          |         +|   0|  0|   47|          40|          40|
    |e_178_fu_2751_p2          |         +|   0|  0|   47|          40|          40|
    |e_181_fu_2774_p2          |         +|   0|  0|   47|          40|          40|
    |e_184_fu_2797_p2          |         +|   0|  0|   47|          40|          40|
    |e_187_fu_2820_p2          |         +|   0|  0|   47|          40|          40|
    |e_190_fu_2843_p2          |         +|   0|  0|   47|          40|          40|
    |e_193_fu_2866_p2          |         +|   0|  0|   47|          40|          40|
    |e_196_fu_2889_p2          |         +|   0|  0|   47|          40|          40|
    |e_199_fu_2912_p2          |         +|   0|  0|   47|          40|          40|
    |e_19_fu_1532_p2           |         +|   0|  0|   47|          40|          40|
    |e_202_fu_2935_p2          |         +|   0|  0|   47|          40|          40|
    |e_205_fu_2958_p2          |         +|   0|  0|   47|          40|          40|
    |e_208_fu_2981_p2          |         +|   0|  0|   47|          40|          40|
    |e_211_fu_3004_p2          |         +|   0|  0|   47|          40|          40|
    |e_214_fu_3027_p2          |         +|   0|  0|   47|          40|          40|
    |e_217_fu_3050_p2          |         +|   0|  0|   47|          40|          40|
    |e_220_fu_3073_p2          |         +|   0|  0|   47|          40|          40|
    |e_223_fu_3096_p2          |         +|   0|  0|   47|          40|          40|
    |e_226_fu_3119_p2          |         +|   0|  0|   47|          40|          40|
    |e_229_fu_3142_p2          |         +|   0|  0|   47|          40|          40|
    |e_22_fu_1555_p2           |         +|   0|  0|   47|          40|          40|
    |e_232_fu_3165_p2          |         +|   0|  0|   47|          40|          40|
    |e_235_fu_3188_p2          |         +|   0|  0|   47|          40|          40|
    |e_238_fu_3211_p2          |         +|   0|  0|   47|          40|          40|
    |e_241_fu_3234_p2          |         +|   0|  0|   47|          40|          40|
    |e_244_fu_3257_p2          |         +|   0|  0|   47|          40|          40|
    |e_247_fu_3280_p2          |         +|   0|  0|   47|          40|          40|
    |e_250_fu_3303_p2          |         +|   0|  0|   47|          40|          40|
    |e_253_fu_3326_p2          |         +|   0|  0|   47|          40|          40|
    |e_256_fu_3349_p2          |         +|   0|  0|   47|          40|          40|
    |e_259_fu_3372_p2          |         +|   0|  0|   47|          40|          40|
    |e_25_fu_1578_p2           |         +|   0|  0|   47|          40|          40|
    |e_262_fu_3395_p2          |         +|   0|  0|   47|          40|          40|
    |e_265_fu_3418_p2          |         +|   0|  0|   47|          40|          40|
    |e_268_fu_3441_p2          |         +|   0|  0|   47|          40|          40|
    |e_271_fu_3464_p2          |         +|   0|  0|   47|          40|          40|
    |e_274_fu_3487_p2          |         +|   0|  0|   47|          40|          40|
    |e_277_fu_3510_p2          |         +|   0|  0|   47|          40|          40|
    |e_280_fu_3533_p2          |         +|   0|  0|   47|          40|          40|
    |e_283_fu_3556_p2          |         +|   0|  0|   47|          40|          40|
    |e_286_fu_3579_p2          |         +|   0|  0|   47|          40|          40|
    |e_289_fu_3602_p2          |         +|   0|  0|   47|          40|          40|
    |e_28_fu_1601_p2           |         +|   0|  0|   47|          40|          40|
    |e_292_fu_3625_p2          |         +|   0|  0|   47|          40|          40|
    |e_295_fu_3648_p2          |         +|   0|  0|   47|          40|          40|
    |e_298_fu_3671_p2          |         +|   0|  0|   47|          40|          40|
    |e_301_fu_3694_p2          |         +|   0|  0|   47|          40|          40|
    |e_304_fu_3717_p2          |         +|   0|  0|   47|          40|          40|
    |e_307_fu_3740_p2          |         +|   0|  0|   47|          40|          40|
    |e_310_fu_3763_p2          |         +|   0|  0|   47|          40|          40|
    |e_313_fu_3786_p2          |         +|   0|  0|   47|          40|          40|
    |e_31_fu_1624_p2           |         +|   0|  0|   47|          40|          40|
    |e_34_fu_1647_p2           |         +|   0|  0|   47|          40|          40|
    |e_37_fu_1670_p2           |         +|   0|  0|   47|          40|          40|
    |e_40_fu_1693_p2           |         +|   0|  0|   47|          40|          40|
    |e_43_fu_1716_p2           |         +|   0|  0|   47|          40|          40|
    |e_46_fu_1739_p2           |         +|   0|  0|   47|          40|          40|
    |e_49_fu_1762_p2           |         +|   0|  0|   47|          40|          40|
    |e_4_fu_1417_p2            |         +|   0|  0|   47|          40|          40|
    |e_52_fu_1785_p2           |         +|   0|  0|   47|          40|          40|
    |e_55_fu_1808_p2           |         +|   0|  0|   47|          40|          40|
    |e_58_fu_1831_p2           |         +|   0|  0|   47|          40|          40|
    |e_61_fu_1854_p2           |         +|   0|  0|   47|          40|          40|
    |e_64_fu_1877_p2           |         +|   0|  0|   47|          40|          40|
    |e_67_fu_1900_p2           |         +|   0|  0|   47|          40|          40|
    |e_70_fu_1923_p2           |         +|   0|  0|   47|          40|          40|
    |e_73_fu_1946_p2           |         +|   0|  0|   47|          40|          40|
    |e_76_fu_1969_p2           |         +|   0|  0|   47|          40|          40|
    |e_79_fu_1992_p2           |         +|   0|  0|   47|          40|          40|
    |e_7_fu_1440_p2            |         +|   0|  0|   47|          40|          40|
    |e_82_fu_2015_p2           |         +|   0|  0|   47|          40|          40|
    |e_85_fu_2038_p2           |         +|   0|  0|   47|          40|          40|
    |e_88_fu_2061_p2           |         +|   0|  0|   47|          40|          40|
    |e_91_fu_2084_p2           |         +|   0|  0|   47|          40|          40|
    |e_94_fu_2107_p2           |         +|   0|  0|   47|          40|          40|
    |e_97_fu_2130_p2           |         +|   0|  0|   47|          40|          40|
    |e_102_fu_2171_p2          |         -|   0|  0|   47|          40|          40|
    |e_105_fu_2193_p2          |         -|   0|  0|   47|          40|          40|
    |e_108_fu_2217_p2          |         -|   0|  0|   47|          40|          40|
    |e_111_fu_2239_p2          |         -|   0|  0|   47|          40|          40|
    |e_114_fu_2263_p2          |         -|   0|  0|   47|          40|          40|
    |e_117_fu_2285_p2          |         -|   0|  0|   47|          40|          40|
    |e_120_fu_2309_p2          |         -|   0|  0|   47|          40|          40|
    |e_123_fu_2331_p2          |         -|   0|  0|   47|          40|          40|
    |e_126_fu_2355_p2          |         -|   0|  0|   47|          40|          40|
    |e_129_fu_2377_p2          |         -|   0|  0|   47|          40|          40|
    |e_12_fu_1481_p2           |         -|   0|  0|   47|          40|          40|
    |e_132_fu_2401_p2          |         -|   0|  0|   47|          40|          40|
    |e_135_fu_2423_p2          |         -|   0|  0|   47|          40|          40|
    |e_138_fu_2447_p2          |         -|   0|  0|   47|          40|          40|
    |e_141_fu_2469_p2          |         -|   0|  0|   47|          40|          40|
    |e_144_fu_2493_p2          |         -|   0|  0|   47|          40|          40|
    |e_147_fu_2515_p2          |         -|   0|  0|   47|          40|          40|
    |e_150_fu_2539_p2          |         -|   0|  0|   47|          40|          40|
    |e_153_fu_2561_p2          |         -|   0|  0|   47|          40|          40|
    |e_156_fu_2585_p2          |         -|   0|  0|   47|          40|          40|
    |e_159_fu_2607_p2          |         -|   0|  0|   47|          40|          40|
    |e_15_fu_1503_p2           |         -|   0|  0|   47|          40|          40|
    |e_162_fu_2631_p2          |         -|   0|  0|   47|          40|          40|
    |e_165_fu_2653_p2          |         -|   0|  0|   47|          40|          40|
    |e_168_fu_2677_p2          |         -|   0|  0|   47|          40|          40|
    |e_171_fu_2699_p2          |         -|   0|  0|   47|          40|          40|
    |e_174_fu_2723_p2          |         -|   0|  0|   47|          40|          40|
    |e_177_fu_2745_p2          |         -|   0|  0|   47|          40|          40|
    |e_180_fu_2769_p2          |         -|   0|  0|   47|          40|          40|
    |e_183_fu_2791_p2          |         -|   0|  0|   47|          40|          40|
    |e_186_fu_2815_p2          |         -|   0|  0|   47|          40|          40|
    |e_189_fu_2837_p2          |         -|   0|  0|   47|          40|          40|
    |e_18_fu_1527_p2           |         -|   0|  0|   47|          40|          40|
    |e_192_fu_2861_p2          |         -|   0|  0|   47|          40|          40|
    |e_195_fu_2883_p2          |         -|   0|  0|   47|          40|          40|
    |e_198_fu_2907_p2          |         -|   0|  0|   47|          40|          40|
    |e_1_fu_1394_p2            |         -|   0|  0|   47|          40|          40|
    |e_201_fu_2929_p2          |         -|   0|  0|   47|          40|          40|
    |e_204_fu_2953_p2          |         -|   0|  0|   47|          40|          40|
    |e_207_fu_2975_p2          |         -|   0|  0|   47|          40|          40|
    |e_210_fu_2999_p2          |         -|   0|  0|   47|          40|          40|
    |e_213_fu_3021_p2          |         -|   0|  0|   47|          40|          40|
    |e_216_fu_3045_p2          |         -|   0|  0|   47|          40|          40|
    |e_219_fu_3067_p2          |         -|   0|  0|   47|          40|          40|
    |e_21_fu_1549_p2           |         -|   0|  0|   47|          40|          40|
    |e_222_fu_3091_p2          |         -|   0|  0|   47|          40|          40|
    |e_225_fu_3113_p2          |         -|   0|  0|   47|          40|          40|
    |e_228_fu_3137_p2          |         -|   0|  0|   47|          40|          40|
    |e_231_fu_3159_p2          |         -|   0|  0|   47|          40|          40|
    |e_234_fu_3183_p2          |         -|   0|  0|   47|          40|          40|
    |e_237_fu_3205_p2          |         -|   0|  0|   47|          40|          40|
    |e_240_fu_3229_p2          |         -|   0|  0|   47|          40|          40|
    |e_243_fu_3251_p2          |         -|   0|  0|   47|          40|          40|
    |e_246_fu_3275_p2          |         -|   0|  0|   47|          40|          40|
    |e_249_fu_3297_p2          |         -|   0|  0|   47|          40|          40|
    |e_24_fu_1573_p2           |         -|   0|  0|   47|          40|          40|
    |e_252_fu_3321_p2          |         -|   0|  0|   47|          40|          40|
    |e_255_fu_3343_p2          |         -|   0|  0|   47|          40|          40|
    |e_258_fu_3367_p2          |         -|   0|  0|   47|          40|          40|
    |e_261_fu_3389_p2          |         -|   0|  0|   47|          40|          40|
    |e_264_fu_3413_p2          |         -|   0|  0|   47|          40|          40|
    |e_267_fu_3435_p2          |         -|   0|  0|   47|          40|          40|
    |e_270_fu_3459_p2          |         -|   0|  0|   47|          40|          40|
    |e_273_fu_3481_p2          |         -|   0|  0|   47|          40|          40|
    |e_276_fu_3505_p2          |         -|   0|  0|   47|          40|          40|
    |e_279_fu_3527_p2          |         -|   0|  0|   47|          40|          40|
    |e_27_fu_1595_p2           |         -|   0|  0|   47|          40|          40|
    |e_282_fu_3551_p2          |         -|   0|  0|   47|          40|          40|
    |e_285_fu_3573_p2          |         -|   0|  0|   47|          40|          40|
    |e_288_fu_3597_p2          |         -|   0|  0|   47|          40|          40|
    |e_291_fu_3619_p2          |         -|   0|  0|   47|          40|          40|
    |e_294_fu_3643_p2          |         -|   0|  0|   47|          40|          40|
    |e_297_fu_3665_p2          |         -|   0|  0|   47|          40|          40|
    |e_300_fu_3689_p2          |         -|   0|  0|   47|          40|          40|
    |e_303_fu_3711_p2          |         -|   0|  0|   47|          40|          40|
    |e_306_fu_3735_p2          |         -|   0|  0|   47|          40|          40|
    |e_309_fu_3757_p2          |         -|   0|  0|   47|          40|          40|
    |e_30_fu_1619_p2           |         -|   0|  0|   47|          40|          40|
    |e_312_fu_3781_p2          |         -|   0|  0|   47|          40|          40|
    |e_33_fu_1641_p2           |         -|   0|  0|   47|          40|          40|
    |e_36_fu_1665_p2           |         -|   0|  0|   47|          40|          40|
    |e_39_fu_1687_p2           |         -|   0|  0|   47|          40|          40|
    |e_3_fu_1411_p2            |         -|   0|  0|   47|          40|          40|
    |e_42_fu_1711_p2           |         -|   0|  0|   47|          40|          40|
    |e_45_fu_1733_p2           |         -|   0|  0|   47|          40|          40|
    |e_48_fu_1757_p2           |         -|   0|  0|   47|          40|          40|
    |e_51_fu_1779_p2           |         -|   0|  0|   47|          40|          40|
    |e_54_fu_1803_p2           |         -|   0|  0|   47|          40|          40|
    |e_57_fu_1825_p2           |         -|   0|  0|   47|          40|          40|
    |e_60_fu_1849_p2           |         -|   0|  0|   47|          40|          40|
    |e_63_fu_1871_p2           |         -|   0|  0|   47|          40|          40|
    |e_66_fu_1895_p2           |         -|   0|  0|   47|          40|          40|
    |e_69_fu_1917_p2           |         -|   0|  0|   47|          40|          40|
    |e_6_fu_1435_p2            |         -|   0|  0|   47|          40|          40|
    |e_72_fu_1941_p2           |         -|   0|  0|   47|          40|          40|
    |e_75_fu_1963_p2           |         -|   0|  0|   47|          40|          40|
    |e_78_fu_1987_p2           |         -|   0|  0|   47|          40|          40|
    |e_81_fu_2009_p2           |         -|   0|  0|   47|          40|          40|
    |e_84_fu_2033_p2           |         -|   0|  0|   47|          40|          40|
    |e_87_fu_2055_p2           |         -|   0|  0|   47|          40|          40|
    |e_90_fu_2079_p2           |         -|   0|  0|   47|          40|          40|
    |e_93_fu_2101_p2           |         -|   0|  0|   47|          40|          40|
    |e_96_fu_2125_p2           |         -|   0|  0|   47|          40|          40|
    |e_99_fu_2147_p2           |         -|   0|  0|   47|          40|          40|
    |e_9_fu_1457_p2            |         -|   0|  0|   47|          40|          40|
    |e_fu_1388_p2              |         -|   0|  0|   40|           1|          40|
    |out_fu_3799_p2            |         -|   0|  0|   47|          40|          40|
    |sub_ln42_10_fu_1234_p2    |         -|   0|  0|   47|           1|          40|
    |sub_ln42_11_fu_1248_p2    |         -|   0|  0|   47|           1|          40|
    |sub_ln42_12_fu_1262_p2    |         -|   0|  0|   47|           1|          40|
    |sub_ln42_13_fu_1276_p2    |         -|   0|  0|   47|           1|          40|
    |sub_ln42_14_fu_1290_p2    |         -|   0|  0|   47|           1|          40|
    |sub_ln42_1_fu_1108_p2     |         -|   0|  0|   47|           1|          40|
    |sub_ln42_2_fu_1122_p2     |         -|   0|  0|   47|           1|          40|
    |sub_ln42_3_fu_1136_p2     |         -|   0|  0|   47|           1|          40|
    |sub_ln42_4_fu_1150_p2     |         -|   0|  0|   47|           1|          40|
    |sub_ln42_5_fu_1164_p2     |         -|   0|  0|   47|           1|          40|
    |sub_ln42_6_fu_1178_p2     |         -|   0|  0|   47|           1|          40|
    |sub_ln42_7_fu_1192_p2     |         -|   0|  0|   47|           1|          40|
    |sub_ln42_8_fu_1206_p2     |         -|   0|  0|   47|           1|          40|
    |sub_ln42_9_fu_1220_p2     |         -|   0|  0|   47|           1|          40|
    |sub_ln42_fu_1094_p2       |         -|   0|  0|   47|           1|          40|
    |e_101_fu_2159_p3          |    select|   0|  0|   40|           1|          40|
    |e_104_fu_2181_p3          |    select|   0|  0|   40|           1|          40|
    |e_107_fu_2205_p3          |    select|   0|  0|   40|           1|          40|
    |e_110_fu_2227_p3          |    select|   0|  0|   40|           1|          40|
    |e_113_fu_2251_p3          |    select|   0|  0|   40|           1|          40|
    |e_116_fu_2273_p3          |    select|   0|  0|   40|           1|          40|
    |e_119_fu_2297_p3          |    select|   0|  0|   40|           1|          40|
    |e_11_fu_1469_p3           |    select|   0|  0|   40|           1|          40|
    |e_122_fu_2319_p3          |    select|   0|  0|   40|           1|          40|
    |e_125_fu_2343_p3          |    select|   0|  0|   40|           1|          40|
    |e_128_fu_2365_p3          |    select|   0|  0|   40|           1|          40|
    |e_131_fu_2389_p3          |    select|   0|  0|   40|           1|          40|
    |e_134_fu_2411_p3          |    select|   0|  0|   40|           1|          40|
    |e_137_fu_2435_p3          |    select|   0|  0|   40|           1|          40|
    |e_140_fu_2457_p3          |    select|   0|  0|   40|           1|          40|
    |e_143_fu_2481_p3          |    select|   0|  0|   40|           1|          40|
    |e_146_fu_2503_p3          |    select|   0|  0|   40|           1|          40|
    |e_149_fu_2527_p3          |    select|   0|  0|   40|           1|          40|
    |e_14_fu_1491_p3           |    select|   0|  0|   40|           1|          40|
    |e_152_fu_2549_p3          |    select|   0|  0|   40|           1|          40|
    |e_155_fu_2573_p3          |    select|   0|  0|   40|           1|          40|
    |e_158_fu_2595_p3          |    select|   0|  0|   40|           1|          40|
    |e_161_fu_2619_p3          |    select|   0|  0|   40|           1|          40|
    |e_164_fu_2641_p3          |    select|   0|  0|   40|           1|          40|
    |e_167_fu_2665_p3          |    select|   0|  0|   40|           1|          40|
    |e_170_fu_2687_p3          |    select|   0|  0|   40|           1|          40|
    |e_173_fu_2711_p3          |    select|   0|  0|   40|           1|          40|
    |e_176_fu_2733_p3          |    select|   0|  0|   40|           1|          40|
    |e_179_fu_2757_p3          |    select|   0|  0|   40|           1|          40|
    |e_17_fu_1515_p3           |    select|   0|  0|   40|           1|          40|
    |e_182_fu_2779_p3          |    select|   0|  0|   40|           1|          40|
    |e_185_fu_2803_p3          |    select|   0|  0|   40|           1|          40|
    |e_188_fu_2825_p3          |    select|   0|  0|   40|           1|          40|
    |e_191_fu_2849_p3          |    select|   0|  0|   40|           1|          40|
    |e_194_fu_2871_p3          |    select|   0|  0|   40|           1|          40|
    |e_197_fu_2895_p3          |    select|   0|  0|   40|           1|          40|
    |e_200_fu_2917_p3          |    select|   0|  0|   40|           1|          40|
    |e_203_fu_2941_p3          |    select|   0|  0|   40|           1|          40|
    |e_206_fu_2963_p3          |    select|   0|  0|   40|           1|          40|
    |e_209_fu_2987_p3          |    select|   0|  0|   40|           1|          40|
    |e_20_fu_1537_p3           |    select|   0|  0|   40|           1|          40|
    |e_212_fu_3009_p3          |    select|   0|  0|   40|           1|          40|
    |e_215_fu_3033_p3          |    select|   0|  0|   40|           1|          40|
    |e_218_fu_3055_p3          |    select|   0|  0|   40|           1|          40|
    |e_221_fu_3079_p3          |    select|   0|  0|   40|           1|          40|
    |e_224_fu_3101_p3          |    select|   0|  0|   40|           1|          40|
    |e_227_fu_3125_p3          |    select|   0|  0|   40|           1|          40|
    |e_230_fu_3147_p3          |    select|   0|  0|   40|           1|          40|
    |e_233_fu_3171_p3          |    select|   0|  0|   40|           1|          40|
    |e_236_fu_3193_p3          |    select|   0|  0|   40|           1|          40|
    |e_239_fu_3217_p3          |    select|   0|  0|   40|           1|          40|
    |e_23_fu_1561_p3           |    select|   0|  0|   40|           1|          40|
    |e_242_fu_3239_p3          |    select|   0|  0|   40|           1|          40|
    |e_245_fu_3263_p3          |    select|   0|  0|   40|           1|          40|
    |e_248_fu_3285_p3          |    select|   0|  0|   40|           1|          40|
    |e_251_fu_3309_p3          |    select|   0|  0|   40|           1|          40|
    |e_254_fu_3331_p3          |    select|   0|  0|   40|           1|          40|
    |e_257_fu_3355_p3          |    select|   0|  0|   40|           1|          40|
    |e_260_fu_3377_p3          |    select|   0|  0|   40|           1|          40|
    |e_263_fu_3401_p3          |    select|   0|  0|   40|           1|          40|
    |e_266_fu_3423_p3          |    select|   0|  0|   40|           1|          40|
    |e_269_fu_3447_p3          |    select|   0|  0|   40|           1|          40|
    |e_26_fu_1583_p3           |    select|   0|  0|   40|           1|          40|
    |e_272_fu_3469_p3          |    select|   0|  0|   40|           1|          40|
    |e_275_fu_3493_p3          |    select|   0|  0|   40|           1|          40|
    |e_278_fu_3515_p3          |    select|   0|  0|   40|           1|          40|
    |e_281_fu_3539_p3          |    select|   0|  0|   40|           1|          40|
    |e_284_fu_3561_p3          |    select|   0|  0|   40|           1|          40|
    |e_287_fu_3585_p3          |    select|   0|  0|   40|           1|          40|
    |e_290_fu_3607_p3          |    select|   0|  0|   40|           1|          40|
    |e_293_fu_3631_p3          |    select|   0|  0|   40|           1|          40|
    |e_296_fu_3653_p3          |    select|   0|  0|   40|           1|          40|
    |e_299_fu_3677_p3          |    select|   0|  0|   40|           1|          40|
    |e_29_fu_1607_p3           |    select|   0|  0|   40|           1|          40|
    |e_2_fu_1399_p3            |    select|   0|  0|   40|           1|          40|
    |e_302_fu_3699_p3          |    select|   0|  0|   40|           1|          40|
    |e_305_fu_3723_p3          |    select|   0|  0|   40|           1|          40|
    |e_308_fu_3745_p3          |    select|   0|  0|   40|           1|          40|
    |e_311_fu_3769_p3          |    select|   0|  0|   40|           1|          40|
    |e_314_fu_3791_p3          |    select|   0|  0|   40|           1|          40|
    |e_32_fu_1629_p3           |    select|   0|  0|   40|           1|          40|
    |e_35_fu_1653_p3           |    select|   0|  0|   40|           1|          40|
    |e_38_fu_1675_p3           |    select|   0|  0|   40|           1|          40|
    |e_41_fu_1699_p3           |    select|   0|  0|   40|           1|          40|
    |e_44_fu_1721_p3           |    select|   0|  0|   40|           1|          40|
    |e_47_fu_1745_p3           |    select|   0|  0|   40|           1|          40|
    |e_50_fu_1767_p3           |    select|   0|  0|   40|           1|          40|
    |e_53_fu_1791_p3           |    select|   0|  0|   40|           1|          40|
    |e_56_fu_1813_p3           |    select|   0|  0|   40|           1|          40|
    |e_59_fu_1837_p3           |    select|   0|  0|   40|           1|          40|
    |e_5_fu_1423_p3            |    select|   0|  0|   40|           1|          40|
    |e_62_fu_1859_p3           |    select|   0|  0|   40|           1|          40|
    |e_65_fu_1883_p3           |    select|   0|  0|   40|           1|          40|
    |e_68_fu_1905_p3           |    select|   0|  0|   40|           1|          40|
    |e_71_fu_1929_p3           |    select|   0|  0|   40|           1|          40|
    |e_74_fu_1951_p3           |    select|   0|  0|   40|           1|          40|
    |e_77_fu_1975_p3           |    select|   0|  0|   40|           1|          40|
    |e_80_fu_1997_p3           |    select|   0|  0|   40|           1|          40|
    |e_83_fu_2021_p3           |    select|   0|  0|   40|           1|          40|
    |e_86_fu_2043_p3           |    select|   0|  0|   40|           1|          40|
    |e_89_fu_2067_p3           |    select|   0|  0|   40|           1|          40|
    |e_8_fu_1445_p3            |    select|   0|  0|   40|           1|          40|
    |e_92_fu_2089_p3           |    select|   0|  0|   40|           1|          40|
    |e_95_fu_2113_p3           |    select|   0|  0|   40|           1|          40|
    |e_98_fu_2135_p3           |    select|   0|  0|   40|           1|          40|
    |term_10_fu_1240_p3        |    select|   0|  0|   40|           1|          40|
    |term_11_fu_1254_p3        |    select|   0|  0|   40|           1|          40|
    |term_12_fu_1268_p3        |    select|   0|  0|   40|           1|          40|
    |term_13_fu_1282_p3        |    select|   0|  0|   40|           1|          40|
    |term_14_fu_1296_p3        |    select|   0|  0|   40|           1|          40|
    |term_1_fu_1114_p3         |    select|   0|  0|   40|           1|          40|
    |term_2_fu_1128_p3         |    select|   0|  0|   40|           1|          40|
    |term_3_fu_1142_p3         |    select|   0|  0|   40|           1|          40|
    |term_4_fu_1156_p3         |    select|   0|  0|   40|           1|          40|
    |term_5_fu_1170_p3         |    select|   0|  0|   40|           1|          40|
    |term_6_fu_1184_p3         |    select|   0|  0|   40|           1|          40|
    |term_7_fu_1198_p3         |    select|   0|  0|   40|           1|          40|
    |term_8_fu_1212_p3         |    select|   0|  0|   40|           1|          40|
    |term_9_fu_1226_p3         |    select|   0|  0|   40|           1|          40|
    |term_fu_1100_p3           |    select|   0|  0|   40|           1|          40|
    |xor_ln194_100_fu_3685_p2  |       xor|   0|  0|    2|           1|           1|
    |xor_ln194_101_fu_3707_p2  |       xor|   0|  0|    2|           1|           1|
    |xor_ln194_102_fu_3731_p2  |       xor|   0|  0|    2|           1|           1|
    |xor_ln194_103_fu_3753_p2  |       xor|   0|  0|    2|           1|           1|
    |xor_ln194_104_fu_3777_p2  |       xor|   0|  0|    2|           1|           1|
    |xor_ln194_10_fu_1615_p2   |       xor|   0|  0|    2|           1|           1|
    |xor_ln194_11_fu_1637_p2   |       xor|   0|  0|    2|           1|           1|
    |xor_ln194_12_fu_1661_p2   |       xor|   0|  0|    2|           1|           1|
    |xor_ln194_13_fu_1683_p2   |       xor|   0|  0|    2|           1|           1|
    |xor_ln194_14_fu_1707_p2   |       xor|   0|  0|    2|           1|           1|
    |xor_ln194_15_fu_1729_p2   |       xor|   0|  0|    2|           1|           1|
    |xor_ln194_16_fu_1753_p2   |       xor|   0|  0|    2|           1|           1|
    |xor_ln194_17_fu_1775_p2   |       xor|   0|  0|    2|           1|           1|
    |xor_ln194_18_fu_1799_p2   |       xor|   0|  0|    2|           1|           1|
    |xor_ln194_19_fu_1821_p2   |       xor|   0|  0|    2|           1|           1|
    |xor_ln194_1_fu_1407_p2    |       xor|   0|  0|    2|           1|           1|
    |xor_ln194_20_fu_1845_p2   |       xor|   0|  0|    2|           1|           1|
    |xor_ln194_21_fu_1867_p2   |       xor|   0|  0|    2|           1|           1|
    |xor_ln194_22_fu_1891_p2   |       xor|   0|  0|    2|           1|           1|
    |xor_ln194_23_fu_1913_p2   |       xor|   0|  0|    2|           1|           1|
    |xor_ln194_24_fu_1937_p2   |       xor|   0|  0|    2|           1|           1|
    |xor_ln194_25_fu_1959_p2   |       xor|   0|  0|    2|           1|           1|
    |xor_ln194_26_fu_1983_p2   |       xor|   0|  0|    2|           1|           1|
    |xor_ln194_27_fu_2005_p2   |       xor|   0|  0|    2|           1|           1|
    |xor_ln194_28_fu_2029_p2   |       xor|   0|  0|    2|           1|           1|
    |xor_ln194_29_fu_2051_p2   |       xor|   0|  0|    2|           1|           1|
    |xor_ln194_2_fu_1431_p2    |       xor|   0|  0|    2|           1|           1|
    |xor_ln194_30_fu_2075_p2   |       xor|   0|  0|    2|           1|           1|
    |xor_ln194_31_fu_2097_p2   |       xor|   0|  0|    2|           1|           1|
    |xor_ln194_32_fu_2121_p2   |       xor|   0|  0|    2|           1|           1|
    |xor_ln194_33_fu_2143_p2   |       xor|   0|  0|    2|           1|           1|
    |xor_ln194_34_fu_2167_p2   |       xor|   0|  0|    2|           1|           1|
    |xor_ln194_35_fu_2189_p2   |       xor|   0|  0|    2|           1|           1|
    |xor_ln194_36_fu_2213_p2   |       xor|   0|  0|    2|           1|           1|
    |xor_ln194_37_fu_2235_p2   |       xor|   0|  0|    2|           1|           1|
    |xor_ln194_38_fu_2259_p2   |       xor|   0|  0|    2|           1|           1|
    |xor_ln194_39_fu_2281_p2   |       xor|   0|  0|    2|           1|           1|
    |xor_ln194_3_fu_1453_p2    |       xor|   0|  0|    2|           1|           1|
    |xor_ln194_40_fu_2305_p2   |       xor|   0|  0|    2|           1|           1|
    |xor_ln194_41_fu_2327_p2   |       xor|   0|  0|    2|           1|           1|
    |xor_ln194_42_fu_2351_p2   |       xor|   0|  0|    2|           1|           1|
    |xor_ln194_43_fu_2373_p2   |       xor|   0|  0|    2|           1|           1|
    |xor_ln194_44_fu_2397_p2   |       xor|   0|  0|    2|           1|           1|
    |xor_ln194_45_fu_2419_p2   |       xor|   0|  0|    2|           1|           1|
    |xor_ln194_46_fu_2443_p2   |       xor|   0|  0|    2|           1|           1|
    |xor_ln194_47_fu_2465_p2   |       xor|   0|  0|    2|           1|           1|
    |xor_ln194_48_fu_2489_p2   |       xor|   0|  0|    2|           1|           1|
    |xor_ln194_49_fu_2511_p2   |       xor|   0|  0|    2|           1|           1|
    |xor_ln194_4_fu_1477_p2    |       xor|   0|  0|    2|           1|           1|
    |xor_ln194_50_fu_2535_p2   |       xor|   0|  0|    2|           1|           1|
    |xor_ln194_51_fu_2557_p2   |       xor|   0|  0|    2|           1|           1|
    |xor_ln194_52_fu_2581_p2   |       xor|   0|  0|    2|           1|           1|
    |xor_ln194_53_fu_2603_p2   |       xor|   0|  0|    2|           1|           1|
    |xor_ln194_54_fu_2627_p2   |       xor|   0|  0|    2|           1|           1|
    |xor_ln194_55_fu_2649_p2   |       xor|   0|  0|    2|           1|           1|
    |xor_ln194_56_fu_2673_p2   |       xor|   0|  0|    2|           1|           1|
    |xor_ln194_57_fu_2695_p2   |       xor|   0|  0|    2|           1|           1|
    |xor_ln194_58_fu_2719_p2   |       xor|   0|  0|    2|           1|           1|
    |xor_ln194_59_fu_2741_p2   |       xor|   0|  0|    2|           1|           1|
    |xor_ln194_5_fu_1499_p2    |       xor|   0|  0|    2|           1|           1|
    |xor_ln194_60_fu_2765_p2   |       xor|   0|  0|    2|           1|           1|
    |xor_ln194_61_fu_2787_p2   |       xor|   0|  0|    2|           1|           1|
    |xor_ln194_62_fu_2811_p2   |       xor|   0|  0|    2|           1|           1|
    |xor_ln194_63_fu_2833_p2   |       xor|   0|  0|    2|           1|           1|
    |xor_ln194_64_fu_2857_p2   |       xor|   0|  0|    2|           1|           1|
    |xor_ln194_65_fu_2879_p2   |       xor|   0|  0|    2|           1|           1|
    |xor_ln194_66_fu_2903_p2   |       xor|   0|  0|    2|           1|           1|
    |xor_ln194_67_fu_2925_p2   |       xor|   0|  0|    2|           1|           1|
    |xor_ln194_68_fu_2949_p2   |       xor|   0|  0|    2|           1|           1|
    |xor_ln194_69_fu_2971_p2   |       xor|   0|  0|    2|           1|           1|
    |xor_ln194_6_fu_1523_p2    |       xor|   0|  0|    2|           1|           1|
    |xor_ln194_70_fu_2995_p2   |       xor|   0|  0|    2|           1|           1|
    |xor_ln194_71_fu_3017_p2   |       xor|   0|  0|    2|           1|           1|
    |xor_ln194_72_fu_3041_p2   |       xor|   0|  0|    2|           1|           1|
    |xor_ln194_73_fu_3063_p2   |       xor|   0|  0|    2|           1|           1|
    |xor_ln194_74_fu_3087_p2   |       xor|   0|  0|    2|           1|           1|
    |xor_ln194_75_fu_3109_p2   |       xor|   0|  0|    2|           1|           1|
    |xor_ln194_76_fu_3133_p2   |       xor|   0|  0|    2|           1|           1|
    |xor_ln194_77_fu_3155_p2   |       xor|   0|  0|    2|           1|           1|
    |xor_ln194_78_fu_3179_p2   |       xor|   0|  0|    2|           1|           1|
    |xor_ln194_79_fu_3201_p2   |       xor|   0|  0|    2|           1|           1|
    |xor_ln194_7_fu_1545_p2    |       xor|   0|  0|    2|           1|           1|
    |xor_ln194_80_fu_3225_p2   |       xor|   0|  0|    2|           1|           1|
    |xor_ln194_81_fu_3247_p2   |       xor|   0|  0|    2|           1|           1|
    |xor_ln194_82_fu_3271_p2   |       xor|   0|  0|    2|           1|           1|
    |xor_ln194_83_fu_3293_p2   |       xor|   0|  0|    2|           1|           1|
    |xor_ln194_84_fu_3317_p2   |       xor|   0|  0|    2|           1|           1|
    |xor_ln194_85_fu_3339_p2   |       xor|   0|  0|    2|           1|           1|
    |xor_ln194_86_fu_3363_p2   |       xor|   0|  0|    2|           1|           1|
    |xor_ln194_87_fu_3385_p2   |       xor|   0|  0|    2|           1|           1|
    |xor_ln194_88_fu_3409_p2   |       xor|   0|  0|    2|           1|           1|
    |xor_ln194_89_fu_3431_p2   |       xor|   0|  0|    2|           1|           1|
    |xor_ln194_8_fu_1569_p2    |       xor|   0|  0|    2|           1|           1|
    |xor_ln194_90_fu_3455_p2   |       xor|   0|  0|    2|           1|           1|
    |xor_ln194_91_fu_3477_p2   |       xor|   0|  0|    2|           1|           1|
    |xor_ln194_92_fu_3501_p2   |       xor|   0|  0|    2|           1|           1|
    |xor_ln194_93_fu_3523_p2   |       xor|   0|  0|    2|           1|           1|
    |xor_ln194_94_fu_3547_p2   |       xor|   0|  0|    2|           1|           1|
    |xor_ln194_95_fu_3569_p2   |       xor|   0|  0|    2|           1|           1|
    |xor_ln194_96_fu_3593_p2   |       xor|   0|  0|    2|           1|           1|
    |xor_ln194_97_fu_3615_p2   |       xor|   0|  0|    2|           1|           1|
    |xor_ln194_98_fu_3639_p2   |       xor|   0|  0|    2|           1|           1|
    |xor_ln194_99_fu_3661_p2   |       xor|   0|  0|    2|           1|           1|
    |xor_ln194_9_fu_1591_p2    |       xor|   0|  0|    2|           1|           1|
    |xor_ln194_fu_1379_p2      |       xor|   0|  0|    2|           1|           1|
    +--------------------------+----------+----+---+-----+------------+------------+
    |Total                     |          |   0|  0|16253|        9241|       14545|
    +--------------------------+----------+----+---+-----+------------+------------+

    * Multiplexer: 
    +-----------+-----+-----------+-----+-----------+
    |    Name   | LUT | Input Size| Bits| Total Bits|
    +-----------+-----+-----------+-----+-----------+
    |ap_NS_fsm  |  241|         56|    1|         56|
    |ap_return  |    9|          2|   40|         80|
    +-----------+-----+-----------+-----+-----------+
    |Total      |  250|         58|   41|        136|
    +-----------+-----+-----------+-----+-----------+

    * Register: 
    +-----------------------+----+----+-----+-----------+
    |          Name         | FF | LUT| Bits| Const Bits|
    +-----------------------+----+----+-----+-----------+
    |add_ln183_10_reg_4115  |  40|   0|   40|          0|
    |add_ln183_13_reg_4120  |  40|   0|   40|          0|
    |add_ln183_1_reg_4095   |  40|   0|   40|          0|
    |add_ln183_3_reg_4100   |  40|   0|   40|          0|
    |add_ln183_6_reg_4105   |  40|   0|   40|          0|
    |add_ln183_7_reg_4110   |  40|   0|   40|          0|
    |ap_CS_fsm              |  55|   0|   55|          0|
    |ap_return_preg         |  40|   0|   40|          0|
    |e_101_reg_4222         |  40|   0|   40|          0|
    |e_107_reg_4228         |  40|   0|   40|          0|
    |e_113_reg_4234         |  40|   0|   40|          0|
    |e_119_reg_4240         |  40|   0|   40|          0|
    |e_11_reg_4132          |  40|   0|   40|          0|
    |e_125_reg_4246         |  40|   0|   40|          0|
    |e_131_reg_4252         |  40|   0|   40|          0|
    |e_137_reg_4258         |  40|   0|   40|          0|
    |e_143_reg_4264         |  40|   0|   40|          0|
    |e_149_reg_4270         |  40|   0|   40|          0|
    |e_155_reg_4276         |  40|   0|   40|          0|
    |e_161_reg_4282         |  40|   0|   40|          0|
    |e_167_reg_4288         |  40|   0|   40|          0|
    |e_173_reg_4294         |  40|   0|   40|          0|
    |e_179_reg_4300         |  40|   0|   40|          0|
    |e_17_reg_4138          |  40|   0|   40|          0|
    |e_185_reg_4306         |  40|   0|   40|          0|
    |e_191_reg_4312         |  40|   0|   40|          0|
    |e_197_reg_4318         |  40|   0|   40|          0|
    |e_203_reg_4324         |  40|   0|   40|          0|
    |e_209_reg_4330         |  40|   0|   40|          0|
    |e_215_reg_4336         |  40|   0|   40|          0|
    |e_221_reg_4342         |  40|   0|   40|          0|
    |e_227_reg_4348         |  40|   0|   40|          0|
    |e_233_reg_4354         |  40|   0|   40|          0|
    |e_239_reg_4360         |  40|   0|   40|          0|
    |e_23_reg_4144          |  40|   0|   40|          0|
    |e_245_reg_4366         |  40|   0|   40|          0|
    |e_251_reg_4372         |  40|   0|   40|          0|
    |e_257_reg_4378         |  40|   0|   40|          0|
    |e_263_reg_4384         |  40|   0|   40|          0|
    |e_269_reg_4390         |  40|   0|   40|          0|
    |e_275_reg_4396         |  40|   0|   40|          0|
    |e_281_reg_4402         |  40|   0|   40|          0|
    |e_287_reg_4408         |  40|   0|   40|          0|
    |e_293_reg_4414         |  40|   0|   40|          0|
    |e_299_reg_4420         |  40|   0|   40|          0|
    |e_29_reg_4150          |  40|   0|   40|          0|
    |e_305_reg_4426         |  40|   0|   40|          0|
    |e_311_reg_4432         |  40|   0|   40|          0|
    |e_35_reg_4156          |  40|   0|   40|          0|
    |e_41_reg_4162          |  40|   0|   40|          0|
    |e_47_reg_4168          |  40|   0|   40|          0|
    |e_53_reg_4174          |  40|   0|   40|          0|
    |e_59_reg_4180          |  40|   0|   40|          0|
    |e_5_reg_4126           |  40|   0|   40|          0|
    |e_65_reg_4186          |  40|   0|   40|          0|
    |e_71_reg_4192          |  40|   0|   40|          0|
    |e_77_reg_4198          |  40|   0|   40|          0|
    |e_83_reg_4204          |  40|   0|   40|          0|
    |e_89_reg_4210          |  40|   0|   40|          0|
    |e_95_reg_4216          |  40|   0|   40|          0|
    |term_10_reg_4090       |  40|   0|   40|          0|
    |term_3_reg_4075        |  40|   0|   40|          0|
    |term_6_reg_4080        |  40|   0|   40|          0|
    |term_7_reg_4085        |  40|   0|   40|          0|
    +-----------------------+----+----+-----+-----------+
    |Total                  |2575|   0| 2575|          0|
    +-----------------------+----+----+-----+-----------+



================================================================
== Interface
================================================================
* Summary: 
+-------------+-----+-----+------------+----------------------+--------------+
|  RTL Ports  | Dir | Bits|  Protocol  |     Source Object    |    C Type    |
+-------------+-----+-----+------------+----------------------+--------------+
|ap_clk       |   in|    1|  ap_ctrl_hs|  uniform_delta_energy|  return value|
|ap_rst       |   in|    1|  ap_ctrl_hs|  uniform_delta_energy|  return value|
|ap_start     |   in|    1|  ap_ctrl_hs|  uniform_delta_energy|  return value|
|ap_done      |  out|    1|  ap_ctrl_hs|  uniform_delta_energy|  return value|
|ap_idle      |  out|    1|  ap_ctrl_hs|  uniform_delta_energy|  return value|
|ap_ready     |  out|    1|  ap_ctrl_hs|  uniform_delta_energy|  return value|
|ap_return    |  out|   40|  ap_ctrl_hs|  uniform_delta_energy|  return value|
|J_0_1_val    |   in|   40|     ap_none|             J_0_1_val|        scalar|
|J_0_2_val    |   in|   40|     ap_none|             J_0_2_val|        scalar|
|J_0_3_val    |   in|   40|     ap_none|             J_0_3_val|        scalar|
|J_0_4_val    |   in|   40|     ap_none|             J_0_4_val|        scalar|
|J_0_5_val    |   in|   40|     ap_none|             J_0_5_val|        scalar|
|J_0_6_val    |   in|   40|     ap_none|             J_0_6_val|        scalar|
|J_0_7_val    |   in|   40|     ap_none|             J_0_7_val|        scalar|
|J_0_8_val    |   in|   40|     ap_none|             J_0_8_val|        scalar|
|J_0_9_val    |   in|   40|     ap_none|             J_0_9_val|        scalar|
|J_0_10_val   |   in|   40|     ap_none|            J_0_10_val|        scalar|
|J_0_11_val   |   in|   40|     ap_none|            J_0_11_val|        scalar|
|J_0_12_val   |   in|   40|     ap_none|            J_0_12_val|        scalar|
|J_0_13_val   |   in|   40|     ap_none|            J_0_13_val|        scalar|
|J_0_14_val   |   in|   40|     ap_none|            J_0_14_val|        scalar|
|J_1_2_val    |   in|   40|     ap_none|             J_1_2_val|        scalar|
|J_1_3_val    |   in|   40|     ap_none|             J_1_3_val|        scalar|
|J_1_4_val    |   in|   40|     ap_none|             J_1_4_val|        scalar|
|J_1_5_val    |   in|   40|     ap_none|             J_1_5_val|        scalar|
|J_1_6_val    |   in|   40|     ap_none|             J_1_6_val|        scalar|
|J_1_7_val    |   in|   40|     ap_none|             J_1_7_val|        scalar|
|J_1_8_val    |   in|   40|     ap_none|             J_1_8_val|        scalar|
|J_1_9_val    |   in|   40|     ap_none|             J_1_9_val|        scalar|
|J_1_10_val   |   in|   40|     ap_none|            J_1_10_val|        scalar|
|J_1_11_val   |   in|   40|     ap_none|            J_1_11_val|        scalar|
|J_1_12_val   |   in|   40|     ap_none|            J_1_12_val|        scalar|
|J_1_13_val   |   in|   40|     ap_none|            J_1_13_val|        scalar|
|J_1_14_val   |   in|   40|     ap_none|            J_1_14_val|        scalar|
|J_2_3_val    |   in|   40|     ap_none|             J_2_3_val|        scalar|
|J_2_4_val    |   in|   40|     ap_none|             J_2_4_val|        scalar|
|J_2_5_val    |   in|   40|     ap_none|             J_2_5_val|        scalar|
|J_2_6_val    |   in|   40|     ap_none|             J_2_6_val|        scalar|
|J_2_7_val    |   in|   40|     ap_none|             J_2_7_val|        scalar|
|J_2_8_val    |   in|   40|     ap_none|             J_2_8_val|        scalar|
|J_2_9_val    |   in|   40|     ap_none|             J_2_9_val|        scalar|
|J_2_10_val   |   in|   40|     ap_none|            J_2_10_val|        scalar|
|J_2_11_val   |   in|   40|     ap_none|            J_2_11_val|        scalar|
|J_2_12_val   |   in|   40|     ap_none|            J_2_12_val|        scalar|
|J_2_13_val   |   in|   40|     ap_none|            J_2_13_val|        scalar|
|J_2_14_val   |   in|   40|     ap_none|            J_2_14_val|        scalar|
|J_3_4_val    |   in|   40|     ap_none|             J_3_4_val|        scalar|
|J_3_5_val    |   in|   40|     ap_none|             J_3_5_val|        scalar|
|J_3_6_val    |   in|   40|     ap_none|             J_3_6_val|        scalar|
|J_3_7_val    |   in|   40|     ap_none|             J_3_7_val|        scalar|
|J_3_8_val    |   in|   40|     ap_none|             J_3_8_val|        scalar|
|J_3_9_val    |   in|   40|     ap_none|             J_3_9_val|        scalar|
|J_3_10_val   |   in|   40|     ap_none|            J_3_10_val|        scalar|
|J_3_11_val   |   in|   40|     ap_none|            J_3_11_val|        scalar|
|J_3_12_val   |   in|   40|     ap_none|            J_3_12_val|        scalar|
|J_3_13_val   |   in|   40|     ap_none|            J_3_13_val|        scalar|
|J_3_14_val   |   in|   40|     ap_none|            J_3_14_val|        scalar|
|J_4_5_val    |   in|   40|     ap_none|             J_4_5_val|        scalar|
|J_4_6_val    |   in|   40|     ap_none|             J_4_6_val|        scalar|
|J_4_7_val    |   in|   40|     ap_none|             J_4_7_val|        scalar|
|J_4_8_val    |   in|   40|     ap_none|             J_4_8_val|        scalar|
|J_4_9_val    |   in|   40|     ap_none|             J_4_9_val|        scalar|
|J_4_10_val   |   in|   40|     ap_none|            J_4_10_val|        scalar|
|J_4_11_val   |   in|   40|     ap_none|            J_4_11_val|        scalar|
|J_4_12_val   |   in|   40|     ap_none|            J_4_12_val|        scalar|
|J_4_13_val   |   in|   40|     ap_none|            J_4_13_val|        scalar|
|J_4_14_val   |   in|   40|     ap_none|            J_4_14_val|        scalar|
|J_5_6_val    |   in|   40|     ap_none|             J_5_6_val|        scalar|
|J_5_7_val    |   in|   40|     ap_none|             J_5_7_val|        scalar|
|J_5_8_val    |   in|   40|     ap_none|             J_5_8_val|        scalar|
|J_5_9_val    |   in|   40|     ap_none|             J_5_9_val|        scalar|
|J_5_10_val   |   in|   40|     ap_none|            J_5_10_val|        scalar|
|J_5_11_val   |   in|   40|     ap_none|            J_5_11_val|        scalar|
|J_5_12_val   |   in|   40|     ap_none|            J_5_12_val|        scalar|
|J_5_13_val   |   in|   40|     ap_none|            J_5_13_val|        scalar|
|J_5_14_val   |   in|   40|     ap_none|            J_5_14_val|        scalar|
|J_6_7_val    |   in|   40|     ap_none|             J_6_7_val|        scalar|
|J_6_8_val    |   in|   40|     ap_none|             J_6_8_val|        scalar|
|J_6_9_val    |   in|   40|     ap_none|             J_6_9_val|        scalar|
|J_6_10_val   |   in|   40|     ap_none|            J_6_10_val|        scalar|
|J_6_11_val   |   in|   40|     ap_none|            J_6_11_val|        scalar|
|J_6_12_val   |   in|   40|     ap_none|            J_6_12_val|        scalar|
|J_6_13_val   |   in|   40|     ap_none|            J_6_13_val|        scalar|
|J_6_14_val   |   in|   40|     ap_none|            J_6_14_val|        scalar|
|J_7_8_val    |   in|   40|     ap_none|             J_7_8_val|        scalar|
|J_7_9_val    |   in|   40|     ap_none|             J_7_9_val|        scalar|
|J_7_10_val   |   in|   40|     ap_none|            J_7_10_val|        scalar|
|J_7_11_val   |   in|   40|     ap_none|            J_7_11_val|        scalar|
|J_7_12_val   |   in|   40|     ap_none|            J_7_12_val|        scalar|
|J_7_13_val   |   in|   40|     ap_none|            J_7_13_val|        scalar|
|J_7_14_val   |   in|   40|     ap_none|            J_7_14_val|        scalar|
|J_8_9_val    |   in|   40|     ap_none|             J_8_9_val|        scalar|
|J_8_10_val   |   in|   40|     ap_none|            J_8_10_val|        scalar|
|J_8_11_val   |   in|   40|     ap_none|            J_8_11_val|        scalar|
|J_8_12_val   |   in|   40|     ap_none|            J_8_12_val|        scalar|
|J_8_13_val   |   in|   40|     ap_none|            J_8_13_val|        scalar|
|J_8_14_val   |   in|   40|     ap_none|            J_8_14_val|        scalar|
|J_9_10_val   |   in|   40|     ap_none|            J_9_10_val|        scalar|
|J_9_11_val   |   in|   40|     ap_none|            J_9_11_val|        scalar|
|J_9_12_val   |   in|   40|     ap_none|            J_9_12_val|        scalar|
|J_9_13_val   |   in|   40|     ap_none|            J_9_13_val|        scalar|
|J_9_14_val   |   in|   40|     ap_none|            J_9_14_val|        scalar|
|J_10_11_val  |   in|   40|     ap_none|           J_10_11_val|        scalar|
|J_10_12_val  |   in|   40|     ap_none|           J_10_12_val|        scalar|
|J_10_13_val  |   in|   40|     ap_none|           J_10_13_val|        scalar|
|J_10_14_val  |   in|   40|     ap_none|           J_10_14_val|        scalar|
|J_11_12_val  |   in|   40|     ap_none|           J_11_12_val|        scalar|
|J_11_13_val  |   in|   40|     ap_none|           J_11_13_val|        scalar|
|J_11_14_val  |   in|   40|     ap_none|           J_11_14_val|        scalar|
|J_12_13_val  |   in|   40|     ap_none|           J_12_13_val|        scalar|
|J_12_14_val  |   in|   40|     ap_none|           J_12_14_val|        scalar|
|J_13_14_val  |   in|   40|     ap_none|           J_13_14_val|        scalar|
|h_0_val      |   in|   40|     ap_none|               h_0_val|        scalar|
|h_1_val      |   in|   40|     ap_none|               h_1_val|        scalar|
|h_2_val      |   in|   40|     ap_none|               h_2_val|        scalar|
|h_3_val      |   in|   40|     ap_none|               h_3_val|        scalar|
|h_4_val      |   in|   40|     ap_none|               h_4_val|        scalar|
|h_5_val      |   in|   40|     ap_none|               h_5_val|        scalar|
|h_6_val      |   in|   40|     ap_none|               h_6_val|        scalar|
|h_7_val      |   in|   40|     ap_none|               h_7_val|        scalar|
|h_8_val      |   in|   40|     ap_none|               h_8_val|        scalar|
|h_9_val      |   in|   40|     ap_none|               h_9_val|        scalar|
|h_10_val     |   in|   40|     ap_none|              h_10_val|        scalar|
|h_11_val     |   in|   40|     ap_none|              h_11_val|        scalar|
|h_12_val     |   in|   40|     ap_none|              h_12_val|        scalar|
|h_13_val     |   in|   40|     ap_none|              h_13_val|        scalar|
|h_14_val     |   in|   40|     ap_none|              h_14_val|        scalar|
|y_0_val      |   in|    1|     ap_none|               y_0_val|        scalar|
|y_1_val      |   in|    1|     ap_none|               y_1_val|        scalar|
|y_2_val      |   in|    1|     ap_none|               y_2_val|        scalar|
|y_3_val      |   in|    1|     ap_none|               y_3_val|        scalar|
|y_4_val      |   in|    1|     ap_none|               y_4_val|        scalar|
|y_5_val      |   in|    1|     ap_none|               y_5_val|        scalar|
|y_6_val      |   in|    1|     ap_none|               y_6_val|        scalar|
|y_7_val      |   in|    1|     ap_none|               y_7_val|        scalar|
|y_8_val      |   in|    1|     ap_none|               y_8_val|        scalar|
|y_9_val      |   in|    1|     ap_none|               y_9_val|        scalar|
|y_10_val     |   in|    1|     ap_none|              y_10_val|        scalar|
|y_11_val     |   in|    1|     ap_none|              y_11_val|        scalar|
|y_12_val     |   in|    1|     ap_none|              y_12_val|        scalar|
|y_13_val     |   in|    1|     ap_none|              y_13_val|        scalar|
|y_14_val     |   in|    1|     ap_none|              y_14_val|        scalar|
|old_energy   |   in|   40|     ap_none|            old_energy|        scalar|
+-------------+-----+-----+------------+----------------------+--------------+

