

================================================================
== Vitis HLS Report for 'local_delta_energy'
================================================================
* Date:           Tue May 19 20:36:02 2026

* Version:        2025.2 (Build 6295257 on Nov 14 2025)
* Project:        hls_local_metropolis_step_N16
* Solution:       hls (Vivado IP Flow Target)
* Product family: virtexuplus
* Target device:  xcvu19p-fsva3824-2-e


================================================================
== Performance Estimates
================================================================
+ Timing: 
    * Summary: 
    +--------+---------+----------+------------+
    |  Clock |  Target | Estimated| Uncertainty|
    +--------+---------+----------+------------+
    |ap_clk  |  3.33 ns|  2.388 ns|     0.90 ns|
    +--------+---------+----------+------------+

+ Latency: 
    * Summary: 
    +---------+---------+-----------+-----------+-----+-----+---------+
    |  Latency (cycles) |   Latency (absolute)  |  Interval | Pipeline|
    |   min   |   max   |    min    |    max    | min | max |   Type  |
    +---------+---------+-----------+-----------+-----+-----+---------+
    |       13|       13|  43.329 ns|  43.329 ns|   13|   13|       no|
    +---------+---------+-----------+-----------+-----+-----+---------+

    + Detail: 
        * Instance: 
        N/A

        * Loop: 
        N/A



================================================================
== Utilization Estimates
================================================================
* Summary: 
+---------------------+---------+------+---------+---------+-----+
|         Name        | BRAM_18K|  DSP |    FF   |   LUT   | URAM|
+---------------------+---------+------+---------+---------+-----+
|DSP                  |        -|     -|        -|        -|    -|
|Expression           |        -|     -|        0|     3448|    -|
|FIFO                 |        -|     -|        -|        -|    -|
|Instance             |        -|     6|      340|     1256|    -|
|Memory               |        -|     -|        -|        -|    -|
|Multiplexer          |        -|     -|        0|       74|    -|
|Register             |        -|     -|     1395|        -|    -|
+---------------------+---------+------+---------+---------+-----+
|Total                |        0|     6|     1735|     4778|    0|
+---------------------+---------+------+---------+---------+-----+
|Available SLR        |     1080|   960|  2042880|  1021440|   80|
+---------------------+---------+------+---------+---------+-----+
|Utilization SLR (%)  |        0|    ~0|       ~0|       ~0|    0|
+---------------------+---------+------+---------+---------+-----+
|Available            |     4320|  3840|  8171520|  4085760|  320|
+---------------------+---------+------+---------+---------+-----+
|Utilization (%)      |        0|    ~0|       ~0|       ~0|    0|
+---------------------+---------+------+---------+---------+-----+

+ Detail: 
    * Instance: 
    +---------------------------+-----------------------+---------+----+-----+----+-----+
    |          Instance         |         Module        | BRAM_18K| DSP|  FF | LUT| URAM|
    +---------------------------+-----------------------+---------+----+-----+----+-----+
    |mul_40s_50s_88_5_1_U1      |mul_40s_50s_88_5_1     |        0|   6|  340|  86|    0|
    |sparsemux_31_4_40_1_1_U3   |sparsemux_31_4_40_1_1  |        0|   0|    0|  65|    0|
    |sparsemux_31_4_40_1_1_U4   |sparsemux_31_4_40_1_1  |        0|   0|    0|  65|    0|
    |sparsemux_31_4_40_1_1_U5   |sparsemux_31_4_40_1_1  |        0|   0|    0|  65|    0|
    |sparsemux_31_4_40_1_1_U6   |sparsemux_31_4_40_1_1  |        0|   0|    0|  65|    0|
    |sparsemux_31_4_40_1_1_U7   |sparsemux_31_4_40_1_1  |        0|   0|    0|  65|    0|
    |sparsemux_31_4_40_1_1_U8   |sparsemux_31_4_40_1_1  |        0|   0|    0|  65|    0|
    |sparsemux_31_4_40_1_1_U9   |sparsemux_31_4_40_1_1  |        0|   0|    0|  65|    0|
    |sparsemux_31_4_40_1_1_U10  |sparsemux_31_4_40_1_1  |        0|   0|    0|  65|    0|
    |sparsemux_31_4_40_1_1_U11  |sparsemux_31_4_40_1_1  |        0|   0|    0|  65|    0|
    |sparsemux_31_4_40_1_1_U12  |sparsemux_31_4_40_1_1  |        0|   0|    0|  65|    0|
    |sparsemux_31_4_40_1_1_U13  |sparsemux_31_4_40_1_1  |        0|   0|    0|  65|    0|
    |sparsemux_31_4_40_1_1_U14  |sparsemux_31_4_40_1_1  |        0|   0|    0|  65|    0|
    |sparsemux_31_4_40_1_1_U16  |sparsemux_31_4_40_1_1  |        0|   0|    0|  65|    0|
    |sparsemux_31_4_40_1_1_U17  |sparsemux_31_4_40_1_1  |        0|   0|    0|  65|    0|
    |sparsemux_31_4_40_1_1_U18  |sparsemux_31_4_40_1_1  |        0|   0|    0|  65|    0|
    |sparsemux_31_4_40_1_1_U19  |sparsemux_31_4_40_1_1  |        0|   0|    0|  65|    0|
    |sparsemux_33_4_1_1_1_U15   |sparsemux_33_4_1_1_1   |        0|   0|    0|  65|    0|
    |sparsemux_33_4_40_1_1_U2   |sparsemux_33_4_40_1_1  |        0|   0|    0|  65|    0|
    +---------------------------+-----------------------+---------+----+-----+----+-----+
    |Total                      |                       |        0|   6|  340|1256|    0|
    +---------------------------+-----------------------+---------+----+-----+----+-----+

    * DSP: 
    N/A

    * Memory: 
    N/A

    * FIFO: 
    N/A

    * Expression: 
    +--------------------------+----------+----+---+----+------------+------------+
    |       Variable Name      | Operation| DSP| FF| LUT| Bitwidth P0| Bitwidth P1|
    +--------------------------+----------+----+---+----+------------+------------+
    |field_11_fu_2988_p2       |         +|   0|  0|  47|          40|          40|
    |field_13_fu_3147_p2       |         +|   0|  0|  47|          40|          40|
    |field_15_fu_3170_p2       |         +|   0|  0|  47|          40|          40|
    |field_17_fu_3329_p2       |         +|   0|  0|  47|          40|          40|
    |field_19_fu_3352_p2       |         +|   0|  0|  47|          40|          40|
    |field_21_fu_3573_p2       |         +|   0|  0|  47|          40|          40|
    |field_23_fu_3595_p2       |         +|   0|  0|  47|          40|          40|
    |field_25_fu_3753_p2       |         +|   0|  0|  47|          40|          40|
    |field_27_fu_3775_p2       |         +|   0|  0|  47|          40|          40|
    |field_29_fu_3933_p2       |         +|   0|  0|  47|          40|          40|
    |field_2_fu_2601_p2        |         +|   0|  0|  47|          40|          40|
    |field_31_fu_3955_p2       |         +|   0|  0|  47|          40|          40|
    |field_3_fu_2624_p2        |         +|   0|  0|  47|          40|          40|
    |field_5_fu_2783_p2        |         +|   0|  0|  47|          40|          40|
    |field_7_fu_2806_p2        |         +|   0|  0|  47|          40|          40|
    |field_9_fu_2965_p2        |         +|   0|  0|  47|          40|          40|
    |sub_ln42_10_fu_3432_p2    |         -|   0|  0|  47|           1|          40|
    |sub_ln42_11_fu_3584_p2    |         -|   0|  0|  47|           1|          40|
    |sub_ln42_12_fu_3675_p2    |         -|   0|  0|  47|           1|          40|
    |sub_ln42_13_fu_3764_p2    |         -|   0|  0|  47|           1|          40|
    |sub_ln42_14_fu_3855_p2    |         -|   0|  0|  47|           1|          40|
    |sub_ln42_15_fu_3944_p2    |         -|   0|  0|  47|           1|          40|
    |sub_ln42_1_fu_2612_p2     |         -|   0|  0|  47|           1|          40|
    |sub_ln42_2_fu_2704_p2     |         -|   0|  0|  47|           1|          40|
    |sub_ln42_3_fu_2794_p2     |         -|   0|  0|  47|           1|          40|
    |sub_ln42_4_fu_2886_p2     |         -|   0|  0|  47|           1|          40|
    |sub_ln42_5_fu_2976_p2     |         -|   0|  0|  47|           1|          40|
    |sub_ln42_6_fu_3068_p2     |         -|   0|  0|  47|           1|          40|
    |sub_ln42_7_fu_3158_p2     |         -|   0|  0|  47|           1|          40|
    |sub_ln42_8_fu_3250_p2     |         -|   0|  0|  47|           1|          40|
    |sub_ln42_9_fu_3340_p2     |         -|   0|  0|  47|           1|          40|
    |sub_ln42_fu_2431_p2       |         -|   0|  0|  47|           1|          40|
    |icmp_ln147_10_fu_2559_p2  |      icmp|   0|  0|  39|          32|           4|
    |icmp_ln147_11_fu_2565_p2  |      icmp|   0|  0|  39|          32|           4|
    |icmp_ln147_12_fu_2571_p2  |      icmp|   0|  0|  39|          32|           4|
    |icmp_ln147_13_fu_2577_p2  |      icmp|   0|  0|  39|          32|           4|
    |icmp_ln147_14_fu_2583_p2  |      icmp|   0|  0|  39|          32|           4|
    |icmp_ln147_15_fu_2589_p2  |      icmp|   0|  0|  39|          32|           4|
    |icmp_ln147_1_fu_2437_p2   |      icmp|   0|  0|  39|          32|           1|
    |icmp_ln147_2_fu_2511_p2   |      icmp|   0|  0|  39|          32|           2|
    |icmp_ln147_3_fu_2517_p2   |      icmp|   0|  0|  39|          32|           2|
    |icmp_ln147_4_fu_2523_p2   |      icmp|   0|  0|  39|          32|           3|
    |icmp_ln147_5_fu_2529_p2   |      icmp|   0|  0|  39|          32|           3|
    |icmp_ln147_6_fu_2535_p2   |      icmp|   0|  0|  39|          32|           3|
    |icmp_ln147_7_fu_2541_p2   |      icmp|   0|  0|  39|          32|           3|
    |icmp_ln147_8_fu_2547_p2   |      icmp|   0|  0|  39|          32|           4|
    |icmp_ln147_9_fu_2553_p2   |      icmp|   0|  0|  39|          32|           4|
    |icmp_ln147_fu_2357_p2     |      icmp|   0|  0|  39|          32|           1|
    |field_10_fu_2970_p3       |    select|   0|  0|  40|           1|          40|
    |field_12_fu_2994_p3       |    select|   0|  0|  40|           1|          40|
    |field_14_fu_3152_p3       |    select|   0|  0|  40|           1|          40|
    |field_16_fu_3176_p3       |    select|   0|  0|  40|           1|          40|
    |field_18_fu_3334_p3       |    select|   0|  0|  40|           1|          40|
    |field_1_fu_2606_p3        |    select|   0|  0|  40|           1|          40|
    |field_20_fu_3358_p3       |    select|   0|  0|  40|           1|          40|
    |field_22_fu_3578_p3       |    select|   0|  0|  40|           1|          40|
    |field_24_fu_3601_p3       |    select|   0|  0|  40|           1|          40|
    |field_26_fu_3758_p3       |    select|   0|  0|  40|           1|          40|
    |field_28_fu_3781_p3       |    select|   0|  0|  40|           1|          40|
    |field_30_fu_3938_p3       |    select|   0|  0|  40|           1|          40|
    |field_32_fu_3961_p3       |    select|   0|  0|  40|           1|          40|
    |field_4_fu_2630_p3        |    select|   0|  0|  40|           1|          40|
    |field_6_fu_2788_p3        |    select|   0|  0|  40|           1|          40|
    |field_8_fu_2812_p3        |    select|   0|  0|  40|           1|          40|
    |out_fu_3987_p3            |    select|   0|  0|  40|           1|          40|
    |term_10_fu_3568_p3        |    select|   0|  0|  40|           1|          40|
    |term_11_fu_3589_p3        |    select|   0|  0|  40|           1|          40|
    |term_12_fu_3748_p3        |    select|   0|  0|  40|           1|          40|
    |term_13_fu_3769_p3        |    select|   0|  0|  40|           1|          40|
    |term_14_fu_3928_p3        |    select|   0|  0|  40|           1|          40|
    |term_15_fu_3949_p3        |    select|   0|  0|  40|           1|          40|
    |term_1_fu_2617_p3         |    select|   0|  0|  40|           1|          40|
    |term_2_fu_2777_p3         |    select|   0|  0|  40|           1|          40|
    |term_3_fu_2799_p3         |    select|   0|  0|  40|           1|          40|
    |term_4_fu_2959_p3         |    select|   0|  0|  40|           1|          40|
    |term_5_fu_2981_p3         |    select|   0|  0|  40|           1|          40|
    |term_6_fu_3141_p3         |    select|   0|  0|  40|           1|          40|
    |term_7_fu_3163_p3         |    select|   0|  0|  40|           1|          40|
    |term_8_fu_3323_p3         |    select|   0|  0|  40|           1|          40|
    |term_9_fu_3345_p3         |    select|   0|  0|  40|           1|          40|
    |term_fu_2595_p3           |    select|   0|  0|  40|           1|          40|
    +--------------------------+----------+----+---+----+------------+------------+
    |Total                     |          |   0|  0|3448|        1201|        2650|
    +--------------------------+----------+----+---+----+------------+------------+

    * Multiplexer: 
    +-----------+----+-----------+-----+-----------+
    |    Name   | LUT| Input Size| Bits| Total Bits|
    +-----------+----+-----------+-----+-----------+
    |ap_NS_fsm  |  65|         15|    1|         15|
    |ap_return  |   9|          2|   40|         80|
    +-----------+----+-----------+-----+-----------+
    |Total      |  74|         17|   41|         95|
    +-----------+----+-----------+-----+-----------+

    * Register: 
    +------------------------+----+----+-----+-----------+
    |          Name          | FF | LUT| Bits| Const Bits|
    +------------------------+----+----+-----+-----------+
    |a_10_reg_4279           |  40|   0|   40|          0|
    |a_11_reg_4289           |  40|   0|   40|          0|
    |a_12_reg_4306           |  40|   0|   40|          0|
    |a_13_reg_4316           |  40|   0|   40|          0|
    |a_14_reg_4328           |  40|   0|   40|          0|
    |a_15_reg_4338           |  40|   0|   40|          0|
    |a_1_reg_4039            |  40|   0|   40|          0|
    |a_2_reg_4131            |  40|   0|   40|          0|
    |a_3_reg_4141            |  40|   0|   40|          0|
    |a_4_reg_4163            |  40|   0|   40|          0|
    |a_5_reg_4173            |  40|   0|   40|          0|
    |a_6_reg_4195            |  40|   0|   40|          0|
    |a_7_reg_4205            |  40|   0|   40|          0|
    |a_8_reg_4227            |  40|   0|   40|          0|
    |a_9_reg_4237            |  40|   0|   40|          0|
    |a_reg_4024              |  40|   0|   40|          0|
    |ap_CS_fsm               |  14|   0|   14|          0|
    |ap_return_preg          |  40|   0|   40|          0|
    |b_reg_4295              |   1|   0|    1|          0|
    |field_12_reg_4189       |  40|   0|   40|          0|
    |field_16_reg_4221       |  40|   0|   40|          0|
    |field_20_reg_4273       |  40|   0|   40|          0|
    |field_24_reg_4300       |  40|   0|   40|          0|
    |field_28_reg_4322       |  40|   0|   40|          0|
    |field_32_reg_4344       |  40|   0|   40|          0|
    |field_4_reg_4125        |  40|   0|   40|          0|
    |field_8_reg_4157        |  40|   0|   40|          0|
    |field_reg_4013          |  40|   0|   40|          0|
    |icmp_ln147_10_reg_4085  |   1|   0|    1|          0|
    |icmp_ln147_11_reg_4090  |   1|   0|    1|          0|
    |icmp_ln147_12_reg_4095  |   1|   0|    1|          0|
    |icmp_ln147_13_reg_4100  |   1|   0|    1|          0|
    |icmp_ln147_14_reg_4105  |   1|   0|    1|          0|
    |icmp_ln147_15_reg_4110  |   1|   0|    1|          0|
    |icmp_ln147_1_reg_4034   |   1|   0|    1|          0|
    |icmp_ln147_2_reg_4045   |   1|   0|    1|          0|
    |icmp_ln147_3_reg_4050   |   1|   0|    1|          0|
    |icmp_ln147_4_reg_4055   |   1|   0|    1|          0|
    |icmp_ln147_5_reg_4060   |   1|   0|    1|          0|
    |icmp_ln147_6_reg_4065   |   1|   0|    1|          0|
    |icmp_ln147_7_reg_4070   |   1|   0|    1|          0|
    |icmp_ln147_8_reg_4075   |   1|   0|    1|          0|
    |icmp_ln147_9_reg_4080   |   1|   0|    1|          0|
    |icmp_ln147_reg_4019     |   1|   0|    1|          0|
    |sub_ln42_10_reg_4284    |  40|   0|   40|          0|
    |sub_ln42_12_reg_4311    |  40|   0|   40|          0|
    |sub_ln42_14_reg_4333    |  40|   0|   40|          0|
    |sub_ln42_2_reg_4136     |  40|   0|   40|          0|
    |sub_ln42_4_reg_4168     |  40|   0|   40|          0|
    |sub_ln42_6_reg_4200     |  40|   0|   40|          0|
    |sub_ln42_8_reg_4232     |  40|   0|   40|          0|
    |sub_ln42_reg_4029       |  40|   0|   40|          0|
    |trunc_ln137_reg_3994    |   4|   0|    4|          0|
    +------------------------+----+----+-----+-----------+
    |Total                   |1395|   0| 1395|          0|
    +------------------------+----+----+-----+-----------+



================================================================
== Interface
================================================================
* Summary: 
+-------------+-----+-----+------------+--------------------+--------------+
|  RTL Ports  | Dir | Bits|  Protocol  |    Source Object   |    C Type    |
+-------------+-----+-----+------------+--------------------+--------------+
|ap_clk       |   in|    1|  ap_ctrl_hs|  local_delta_energy|  return value|
|ap_rst       |   in|    1|  ap_ctrl_hs|  local_delta_energy|  return value|
|ap_start     |   in|    1|  ap_ctrl_hs|  local_delta_energy|  return value|
|ap_done      |  out|    1|  ap_ctrl_hs|  local_delta_energy|  return value|
|ap_idle      |  out|    1|  ap_ctrl_hs|  local_delta_energy|  return value|
|ap_ready     |  out|    1|  ap_ctrl_hs|  local_delta_energy|  return value|
|ap_return    |  out|   40|  ap_ctrl_hs|  local_delta_energy|  return value|
|J_0_1_val    |   in|   40|     ap_none|           J_0_1_val|        scalar|
|J_0_2_val    |   in|   40|     ap_none|           J_0_2_val|        scalar|
|J_0_3_val    |   in|   40|     ap_none|           J_0_3_val|        scalar|
|J_0_4_val    |   in|   40|     ap_none|           J_0_4_val|        scalar|
|J_0_5_val    |   in|   40|     ap_none|           J_0_5_val|        scalar|
|J_0_6_val    |   in|   40|     ap_none|           J_0_6_val|        scalar|
|J_0_7_val    |   in|   40|     ap_none|           J_0_7_val|        scalar|
|J_0_8_val    |   in|   40|     ap_none|           J_0_8_val|        scalar|
|J_0_9_val    |   in|   40|     ap_none|           J_0_9_val|        scalar|
|J_0_10_val   |   in|   40|     ap_none|          J_0_10_val|        scalar|
|J_0_11_val   |   in|   40|     ap_none|          J_0_11_val|        scalar|
|J_0_12_val   |   in|   40|     ap_none|          J_0_12_val|        scalar|
|J_0_13_val   |   in|   40|     ap_none|          J_0_13_val|        scalar|
|J_0_14_val   |   in|   40|     ap_none|          J_0_14_val|        scalar|
|J_0_15_val   |   in|   40|     ap_none|          J_0_15_val|        scalar|
|J_1_0_val    |   in|   40|     ap_none|           J_1_0_val|        scalar|
|J_1_2_val    |   in|   40|     ap_none|           J_1_2_val|        scalar|
|J_1_3_val    |   in|   40|     ap_none|           J_1_3_val|        scalar|
|J_1_4_val    |   in|   40|     ap_none|           J_1_4_val|        scalar|
|J_1_5_val    |   in|   40|     ap_none|           J_1_5_val|        scalar|
|J_1_6_val    |   in|   40|     ap_none|           J_1_6_val|        scalar|
|J_1_7_val    |   in|   40|     ap_none|           J_1_7_val|        scalar|
|J_1_8_val    |   in|   40|     ap_none|           J_1_8_val|        scalar|
|J_1_9_val    |   in|   40|     ap_none|           J_1_9_val|        scalar|
|J_1_10_val   |   in|   40|     ap_none|          J_1_10_val|        scalar|
|J_1_11_val   |   in|   40|     ap_none|          J_1_11_val|        scalar|
|J_1_12_val   |   in|   40|     ap_none|          J_1_12_val|        scalar|
|J_1_13_val   |   in|   40|     ap_none|          J_1_13_val|        scalar|
|J_1_14_val   |   in|   40|     ap_none|          J_1_14_val|        scalar|
|J_1_15_val   |   in|   40|     ap_none|          J_1_15_val|        scalar|
|J_2_0_val    |   in|   40|     ap_none|           J_2_0_val|        scalar|
|J_2_1_val    |   in|   40|     ap_none|           J_2_1_val|        scalar|
|J_2_3_val    |   in|   40|     ap_none|           J_2_3_val|        scalar|
|J_2_4_val    |   in|   40|     ap_none|           J_2_4_val|        scalar|
|J_2_5_val    |   in|   40|     ap_none|           J_2_5_val|        scalar|
|J_2_6_val    |   in|   40|     ap_none|           J_2_6_val|        scalar|
|J_2_7_val    |   in|   40|     ap_none|           J_2_7_val|        scalar|
|J_2_8_val    |   in|   40|     ap_none|           J_2_8_val|        scalar|
|J_2_9_val    |   in|   40|     ap_none|           J_2_9_val|        scalar|
|J_2_10_val   |   in|   40|     ap_none|          J_2_10_val|        scalar|
|J_2_11_val   |   in|   40|     ap_none|          J_2_11_val|        scalar|
|J_2_12_val   |   in|   40|     ap_none|          J_2_12_val|        scalar|
|J_2_13_val   |   in|   40|     ap_none|          J_2_13_val|        scalar|
|J_2_14_val   |   in|   40|     ap_none|          J_2_14_val|        scalar|
|J_2_15_val   |   in|   40|     ap_none|          J_2_15_val|        scalar|
|J_3_0_val    |   in|   40|     ap_none|           J_3_0_val|        scalar|
|J_3_1_val    |   in|   40|     ap_none|           J_3_1_val|        scalar|
|J_3_2_val    |   in|   40|     ap_none|           J_3_2_val|        scalar|
|J_3_4_val    |   in|   40|     ap_none|           J_3_4_val|        scalar|
|J_3_5_val    |   in|   40|     ap_none|           J_3_5_val|        scalar|
|J_3_6_val    |   in|   40|     ap_none|           J_3_6_val|        scalar|
|J_3_7_val    |   in|   40|     ap_none|           J_3_7_val|        scalar|
|J_3_8_val    |   in|   40|     ap_none|           J_3_8_val|        scalar|
|J_3_9_val    |   in|   40|     ap_none|           J_3_9_val|        scalar|
|J_3_10_val   |   in|   40|     ap_none|          J_3_10_val|        scalar|
|J_3_11_val   |   in|   40|     ap_none|          J_3_11_val|        scalar|
|J_3_12_val   |   in|   40|     ap_none|          J_3_12_val|        scalar|
|J_3_13_val   |   in|   40|     ap_none|          J_3_13_val|        scalar|
|J_3_14_val   |   in|   40|     ap_none|          J_3_14_val|        scalar|
|J_3_15_val   |   in|   40|     ap_none|          J_3_15_val|        scalar|
|J_4_0_val    |   in|   40|     ap_none|           J_4_0_val|        scalar|
|J_4_1_val    |   in|   40|     ap_none|           J_4_1_val|        scalar|
|J_4_2_val    |   in|   40|     ap_none|           J_4_2_val|        scalar|
|J_4_3_val    |   in|   40|     ap_none|           J_4_3_val|        scalar|
|J_4_5_val    |   in|   40|     ap_none|           J_4_5_val|        scalar|
|J_4_6_val    |   in|   40|     ap_none|           J_4_6_val|        scalar|
|J_4_7_val    |   in|   40|     ap_none|           J_4_7_val|        scalar|
|J_4_8_val    |   in|   40|     ap_none|           J_4_8_val|        scalar|
|J_4_9_val    |   in|   40|     ap_none|           J_4_9_val|        scalar|
|J_4_10_val   |   in|   40|     ap_none|          J_4_10_val|        scalar|
|J_4_11_val   |   in|   40|     ap_none|          J_4_11_val|        scalar|
|J_4_12_val   |   in|   40|     ap_none|          J_4_12_val|        scalar|
|J_4_13_val   |   in|   40|     ap_none|          J_4_13_val|        scalar|
|J_4_14_val   |   in|   40|     ap_none|          J_4_14_val|        scalar|
|J_4_15_val   |   in|   40|     ap_none|          J_4_15_val|        scalar|
|J_5_0_val    |   in|   40|     ap_none|           J_5_0_val|        scalar|
|J_5_1_val    |   in|   40|     ap_none|           J_5_1_val|        scalar|
|J_5_2_val    |   in|   40|     ap_none|           J_5_2_val|        scalar|
|J_5_3_val    |   in|   40|     ap_none|           J_5_3_val|        scalar|
|J_5_4_val    |   in|   40|     ap_none|           J_5_4_val|        scalar|
|J_5_6_val    |   in|   40|     ap_none|           J_5_6_val|        scalar|
|J_5_7_val    |   in|   40|     ap_none|           J_5_7_val|        scalar|
|J_5_8_val    |   in|   40|     ap_none|           J_5_8_val|        scalar|
|J_5_9_val    |   in|   40|     ap_none|           J_5_9_val|        scalar|
|J_5_10_val   |   in|   40|     ap_none|          J_5_10_val|        scalar|
|J_5_11_val   |   in|   40|     ap_none|          J_5_11_val|        scalar|
|J_5_12_val   |   in|   40|     ap_none|          J_5_12_val|        scalar|
|J_5_13_val   |   in|   40|     ap_none|          J_5_13_val|        scalar|
|J_5_14_val   |   in|   40|     ap_none|          J_5_14_val|        scalar|
|J_5_15_val   |   in|   40|     ap_none|          J_5_15_val|        scalar|
|J_6_0_val    |   in|   40|     ap_none|           J_6_0_val|        scalar|
|J_6_1_val    |   in|   40|     ap_none|           J_6_1_val|        scalar|
|J_6_2_val    |   in|   40|     ap_none|           J_6_2_val|        scalar|
|J_6_3_val    |   in|   40|     ap_none|           J_6_3_val|        scalar|
|J_6_4_val    |   in|   40|     ap_none|           J_6_4_val|        scalar|
|J_6_5_val    |   in|   40|     ap_none|           J_6_5_val|        scalar|
|J_6_7_val    |   in|   40|     ap_none|           J_6_7_val|        scalar|
|J_6_8_val    |   in|   40|     ap_none|           J_6_8_val|        scalar|
|J_6_9_val    |   in|   40|     ap_none|           J_6_9_val|        scalar|
|J_6_10_val   |   in|   40|     ap_none|          J_6_10_val|        scalar|
|J_6_11_val   |   in|   40|     ap_none|          J_6_11_val|        scalar|
|J_6_12_val   |   in|   40|     ap_none|          J_6_12_val|        scalar|
|J_6_13_val   |   in|   40|     ap_none|          J_6_13_val|        scalar|
|J_6_14_val   |   in|   40|     ap_none|          J_6_14_val|        scalar|
|J_6_15_val   |   in|   40|     ap_none|          J_6_15_val|        scalar|
|J_7_0_val    |   in|   40|     ap_none|           J_7_0_val|        scalar|
|J_7_1_val    |   in|   40|     ap_none|           J_7_1_val|        scalar|
|J_7_2_val    |   in|   40|     ap_none|           J_7_2_val|        scalar|
|J_7_3_val    |   in|   40|     ap_none|           J_7_3_val|        scalar|
|J_7_4_val    |   in|   40|     ap_none|           J_7_4_val|        scalar|
|J_7_5_val    |   in|   40|     ap_none|           J_7_5_val|        scalar|
|J_7_6_val    |   in|   40|     ap_none|           J_7_6_val|        scalar|
|J_7_8_val    |   in|   40|     ap_none|           J_7_8_val|        scalar|
|J_7_9_val    |   in|   40|     ap_none|           J_7_9_val|        scalar|
|J_7_10_val   |   in|   40|     ap_none|          J_7_10_val|        scalar|
|J_7_11_val   |   in|   40|     ap_none|          J_7_11_val|        scalar|
|J_7_12_val   |   in|   40|     ap_none|          J_7_12_val|        scalar|
|J_7_13_val   |   in|   40|     ap_none|          J_7_13_val|        scalar|
|J_7_14_val   |   in|   40|     ap_none|          J_7_14_val|        scalar|
|J_7_15_val   |   in|   40|     ap_none|          J_7_15_val|        scalar|
|J_8_0_val    |   in|   40|     ap_none|           J_8_0_val|        scalar|
|J_8_1_val    |   in|   40|     ap_none|           J_8_1_val|        scalar|
|J_8_2_val    |   in|   40|     ap_none|           J_8_2_val|        scalar|
|J_8_3_val    |   in|   40|     ap_none|           J_8_3_val|        scalar|
|J_8_4_val    |   in|   40|     ap_none|           J_8_4_val|        scalar|
|J_8_5_val    |   in|   40|     ap_none|           J_8_5_val|        scalar|
|J_8_6_val    |   in|   40|     ap_none|           J_8_6_val|        scalar|
|J_8_7_val    |   in|   40|     ap_none|           J_8_7_val|        scalar|
|J_8_9_val    |   in|   40|     ap_none|           J_8_9_val|        scalar|
|J_8_10_val   |   in|   40|     ap_none|          J_8_10_val|        scalar|
|J_8_11_val   |   in|   40|     ap_none|          J_8_11_val|        scalar|
|J_8_12_val   |   in|   40|     ap_none|          J_8_12_val|        scalar|
|J_8_13_val   |   in|   40|     ap_none|          J_8_13_val|        scalar|
|J_8_14_val   |   in|   40|     ap_none|          J_8_14_val|        scalar|
|J_8_15_val   |   in|   40|     ap_none|          J_8_15_val|        scalar|
|J_9_0_val    |   in|   40|     ap_none|           J_9_0_val|        scalar|
|J_9_1_val    |   in|   40|     ap_none|           J_9_1_val|        scalar|
|J_9_2_val    |   in|   40|     ap_none|           J_9_2_val|        scalar|
|J_9_3_val    |   in|   40|     ap_none|           J_9_3_val|        scalar|
|J_9_4_val    |   in|   40|     ap_none|           J_9_4_val|        scalar|
|J_9_5_val    |   in|   40|     ap_none|           J_9_5_val|        scalar|
|J_9_6_val    |   in|   40|     ap_none|           J_9_6_val|        scalar|
|J_9_7_val    |   in|   40|     ap_none|           J_9_7_val|        scalar|
|J_9_8_val    |   in|   40|     ap_none|           J_9_8_val|        scalar|
|J_9_10_val   |   in|   40|     ap_none|          J_9_10_val|        scalar|
|J_9_11_val   |   in|   40|     ap_none|          J_9_11_val|        scalar|
|J_9_12_val   |   in|   40|     ap_none|          J_9_12_val|        scalar|
|J_9_13_val   |   in|   40|     ap_none|          J_9_13_val|        scalar|
|J_9_14_val   |   in|   40|     ap_none|          J_9_14_val|        scalar|
|J_9_15_val   |   in|   40|     ap_none|          J_9_15_val|        scalar|
|J_10_0_val   |   in|   40|     ap_none|          J_10_0_val|        scalar|
|J_10_1_val   |   in|   40|     ap_none|          J_10_1_val|        scalar|
|J_10_2_val   |   in|   40|     ap_none|          J_10_2_val|        scalar|
|J_10_3_val   |   in|   40|     ap_none|          J_10_3_val|        scalar|
|J_10_4_val   |   in|   40|     ap_none|          J_10_4_val|        scalar|
|J_10_5_val   |   in|   40|     ap_none|          J_10_5_val|        scalar|
|J_10_6_val   |   in|   40|     ap_none|          J_10_6_val|        scalar|
|J_10_7_val   |   in|   40|     ap_none|          J_10_7_val|        scalar|
|J_10_8_val   |   in|   40|     ap_none|          J_10_8_val|        scalar|
|J_10_9_val   |   in|   40|     ap_none|          J_10_9_val|        scalar|
|J_10_11_val  |   in|   40|     ap_none|         J_10_11_val|        scalar|
|J_10_12_val  |   in|   40|     ap_none|         J_10_12_val|        scalar|
|J_10_13_val  |   in|   40|     ap_none|         J_10_13_val|        scalar|
|J_10_14_val  |   in|   40|     ap_none|         J_10_14_val|        scalar|
|J_10_15_val  |   in|   40|     ap_none|         J_10_15_val|        scalar|
|J_11_0_val   |   in|   40|     ap_none|          J_11_0_val|        scalar|
|J_11_1_val   |   in|   40|     ap_none|          J_11_1_val|        scalar|
|J_11_2_val   |   in|   40|     ap_none|          J_11_2_val|        scalar|
|J_11_3_val   |   in|   40|     ap_none|          J_11_3_val|        scalar|
|J_11_4_val   |   in|   40|     ap_none|          J_11_4_val|        scalar|
|J_11_5_val   |   in|   40|     ap_none|          J_11_5_val|        scalar|
|J_11_6_val   |   in|   40|     ap_none|          J_11_6_val|        scalar|
|J_11_7_val   |   in|   40|     ap_none|          J_11_7_val|        scalar|
|J_11_8_val   |   in|   40|     ap_none|          J_11_8_val|        scalar|
|J_11_9_val   |   in|   40|     ap_none|          J_11_9_val|        scalar|
|J_11_10_val  |   in|   40|     ap_none|         J_11_10_val|        scalar|
|J_11_12_val  |   in|   40|     ap_none|         J_11_12_val|        scalar|
|J_11_13_val  |   in|   40|     ap_none|         J_11_13_val|        scalar|
|J_11_14_val  |   in|   40|     ap_none|         J_11_14_val|        scalar|
|J_11_15_val  |   in|   40|     ap_none|         J_11_15_val|        scalar|
|J_12_0_val   |   in|   40|     ap_none|          J_12_0_val|        scalar|
|J_12_1_val   |   in|   40|     ap_none|          J_12_1_val|        scalar|
|J_12_2_val   |   in|   40|     ap_none|          J_12_2_val|        scalar|
|J_12_3_val   |   in|   40|     ap_none|          J_12_3_val|        scalar|
|J_12_4_val   |   in|   40|     ap_none|          J_12_4_val|        scalar|
|J_12_5_val   |   in|   40|     ap_none|          J_12_5_val|        scalar|
|J_12_6_val   |   in|   40|     ap_none|          J_12_6_val|        scalar|
|J_12_7_val   |   in|   40|     ap_none|          J_12_7_val|        scalar|
|J_12_8_val   |   in|   40|     ap_none|          J_12_8_val|        scalar|
|J_12_9_val   |   in|   40|     ap_none|          J_12_9_val|        scalar|
|J_12_10_val  |   in|   40|     ap_none|         J_12_10_val|        scalar|
|J_12_11_val  |   in|   40|     ap_none|         J_12_11_val|        scalar|
|J_12_13_val  |   in|   40|     ap_none|         J_12_13_val|        scalar|
|J_12_14_val  |   in|   40|     ap_none|         J_12_14_val|        scalar|
|J_12_15_val  |   in|   40|     ap_none|         J_12_15_val|        scalar|
|J_13_0_val   |   in|   40|     ap_none|          J_13_0_val|        scalar|
|J_13_1_val   |   in|   40|     ap_none|          J_13_1_val|        scalar|
|J_13_2_val   |   in|   40|     ap_none|          J_13_2_val|        scalar|
|J_13_3_val   |   in|   40|     ap_none|          J_13_3_val|        scalar|
|J_13_4_val   |   in|   40|     ap_none|          J_13_4_val|        scalar|
|J_13_5_val   |   in|   40|     ap_none|          J_13_5_val|        scalar|
|J_13_6_val   |   in|   40|     ap_none|          J_13_6_val|        scalar|
|J_13_7_val   |   in|   40|     ap_none|          J_13_7_val|        scalar|
|J_13_8_val   |   in|   40|     ap_none|          J_13_8_val|        scalar|
|J_13_9_val   |   in|   40|     ap_none|          J_13_9_val|        scalar|
|J_13_10_val  |   in|   40|     ap_none|         J_13_10_val|        scalar|
|J_13_11_val  |   in|   40|     ap_none|         J_13_11_val|        scalar|
|J_13_12_val  |   in|   40|     ap_none|         J_13_12_val|        scalar|
|J_13_14_val  |   in|   40|     ap_none|         J_13_14_val|        scalar|
|J_13_15_val  |   in|   40|     ap_none|         J_13_15_val|        scalar|
|J_14_0_val   |   in|   40|     ap_none|          J_14_0_val|        scalar|
|J_14_1_val   |   in|   40|     ap_none|          J_14_1_val|        scalar|
|J_14_2_val   |   in|   40|     ap_none|          J_14_2_val|        scalar|
|J_14_3_val   |   in|   40|     ap_none|          J_14_3_val|        scalar|
|J_14_4_val   |   in|   40|     ap_none|          J_14_4_val|        scalar|
|J_14_5_val   |   in|   40|     ap_none|          J_14_5_val|        scalar|
|J_14_6_val   |   in|   40|     ap_none|          J_14_6_val|        scalar|
|J_14_7_val   |   in|   40|     ap_none|          J_14_7_val|        scalar|
|J_14_8_val   |   in|   40|     ap_none|          J_14_8_val|        scalar|
|J_14_9_val   |   in|   40|     ap_none|          J_14_9_val|        scalar|
|J_14_10_val  |   in|   40|     ap_none|         J_14_10_val|        scalar|
|J_14_11_val  |   in|   40|     ap_none|         J_14_11_val|        scalar|
|J_14_12_val  |   in|   40|     ap_none|         J_14_12_val|        scalar|
|J_14_13_val  |   in|   40|     ap_none|         J_14_13_val|        scalar|
|J_14_15_val  |   in|   40|     ap_none|         J_14_15_val|        scalar|
|J_15_0_val   |   in|   40|     ap_none|          J_15_0_val|        scalar|
|J_15_1_val   |   in|   40|     ap_none|          J_15_1_val|        scalar|
|J_15_2_val   |   in|   40|     ap_none|          J_15_2_val|        scalar|
|J_15_3_val   |   in|   40|     ap_none|          J_15_3_val|        scalar|
|J_15_4_val   |   in|   40|     ap_none|          J_15_4_val|        scalar|
|J_15_5_val   |   in|   40|     ap_none|          J_15_5_val|        scalar|
|J_15_6_val   |   in|   40|     ap_none|          J_15_6_val|        scalar|
|J_15_7_val   |   in|   40|     ap_none|          J_15_7_val|        scalar|
|J_15_8_val   |   in|   40|     ap_none|          J_15_8_val|        scalar|
|J_15_9_val   |   in|   40|     ap_none|          J_15_9_val|        scalar|
|J_15_10_val  |   in|   40|     ap_none|         J_15_10_val|        scalar|
|J_15_11_val  |   in|   40|     ap_none|         J_15_11_val|        scalar|
|J_15_12_val  |   in|   40|     ap_none|         J_15_12_val|        scalar|
|J_15_13_val  |   in|   40|     ap_none|         J_15_13_val|        scalar|
|J_15_14_val  |   in|   40|     ap_none|         J_15_14_val|        scalar|
|h_0_val      |   in|   40|     ap_none|             h_0_val|        scalar|
|h_1_val      |   in|   40|     ap_none|             h_1_val|        scalar|
|h_2_val      |   in|   40|     ap_none|             h_2_val|        scalar|
|h_3_val      |   in|   40|     ap_none|             h_3_val|        scalar|
|h_4_val      |   in|   40|     ap_none|             h_4_val|        scalar|
|h_5_val      |   in|   40|     ap_none|             h_5_val|        scalar|
|h_6_val      |   in|   40|     ap_none|             h_6_val|        scalar|
|h_7_val      |   in|   40|     ap_none|             h_7_val|        scalar|
|h_8_val      |   in|   40|     ap_none|             h_8_val|        scalar|
|h_9_val      |   in|   40|     ap_none|             h_9_val|        scalar|
|h_10_val     |   in|   40|     ap_none|            h_10_val|        scalar|
|h_11_val     |   in|   40|     ap_none|            h_11_val|        scalar|
|h_12_val     |   in|   40|     ap_none|            h_12_val|        scalar|
|h_13_val     |   in|   40|     ap_none|            h_13_val|        scalar|
|h_14_val     |   in|   40|     ap_none|            h_14_val|        scalar|
|h_15_val     |   in|   40|     ap_none|            h_15_val|        scalar|
|s_0_val      |   in|    1|     ap_none|             s_0_val|        scalar|
|s_1_val      |   in|    1|     ap_none|             s_1_val|        scalar|
|s_2_val      |   in|    1|     ap_none|             s_2_val|        scalar|
|s_3_val      |   in|    1|     ap_none|             s_3_val|        scalar|
|s_4_val      |   in|    1|     ap_none|             s_4_val|        scalar|
|s_5_val      |   in|    1|     ap_none|             s_5_val|        scalar|
|s_6_val      |   in|    1|     ap_none|             s_6_val|        scalar|
|s_7_val      |   in|    1|     ap_none|             s_7_val|        scalar|
|s_8_val      |   in|    1|     ap_none|             s_8_val|        scalar|
|s_9_val      |   in|    1|     ap_none|             s_9_val|        scalar|
|s_10_val     |   in|    1|     ap_none|            s_10_val|        scalar|
|s_11_val     |   in|    1|     ap_none|            s_11_val|        scalar|
|s_12_val     |   in|    1|     ap_none|            s_12_val|        scalar|
|s_13_val     |   in|    1|     ap_none|            s_13_val|        scalar|
|s_14_val     |   in|    1|     ap_none|            s_14_val|        scalar|
|s_15_val     |   in|    1|     ap_none|            s_15_val|        scalar|
|i            |   in|   32|     ap_none|                   i|        scalar|
+-------------+-----+-----+------------+--------------------+--------------+

