

================================================================
== Vitis HLS Report for 'local_metropolis_step'
================================================================
* Date:           Tue May 19 20:36:03 2026

* Version:        2025.2 (Build 6295257 on Nov 14 2025)
* Project:        hls_local_metropolis_step_N16
* Solution:       hls (Vivado IP Flow Target)
* Product family: virtexuplus
* Target device:  xcvu19p-fsva3824-2-e


================================================================
== Performance Estimates
================================================================
+ Timing: 
    * Summary: 
    +--------+---------+----------+------------+
    |  Clock |  Target | Estimated| Uncertainty|
    +--------+---------+----------+------------+
    |ap_clk  |  3.33 ns|  2.388 ns|     0.90 ns|
    +--------+---------+----------+------------+

+ Latency: 
    * Summary: 
    +---------+---------+-----------+-----------+-----+-----+---------+
    |  Latency (cycles) |   Latency (absolute)  |  Interval | Pipeline|
    |   min   |   max   |    min    |    max    | min | max |   Type  |
    +---------+---------+-----------+-----------+-----+-----+---------+
    |       16|       25|  53.328 ns|  83.325 ns|   17|   26|       no|
    +---------+---------+-----------+-----------+-----+-----+---------+

    + Detail: 
        * Instance: 
        +--------------------------------+--------------------+---------+---------+-----------+-----------+-----+-----+---------+
        |                                |                    |  Latency (cycles) |   Latency (absolute)  |  Interval | Pipeline|
        |            Instance            |       Module       |   min   |   max   |    min    |    max    | min | max |   Type  |
        +--------------------------------+--------------------+---------+---------+-----------+-----------+-----+-----+---------+
        |grp_local_delta_energy_fu_2433  |local_delta_energy  |       13|       13|  43.329 ns|  43.329 ns|   13|   13|       no|
        +--------------------------------+--------------------+---------+---------+-----------+-----------+-----+-----+---------+

        * Loop: 
        N/A



================================================================
== Utilization Estimates
================================================================
* Summary: 
+---------------------+---------+------+---------+---------+-----+
|         Name        | BRAM_18K|  DSP |    FF   |   LUT   | URAM|
+---------------------+---------+------+---------+---------+-----+
|DSP                  |        -|     -|        -|        -|    -|
|Expression           |        -|     -|        0|      703|    -|
|FIFO                 |        -|     -|        -|        -|    -|
|Instance             |        -|    13|     2134|     4951|    -|
|Memory               |        0|     -|        0|        0|    -|
|Multiplexer          |        -|     -|        0|       93|    -|
|Register             |        -|     -|    10800|        -|    -|
+---------------------+---------+------+---------+---------+-----+
|Total                |        0|    13|    12934|     5747|    0|
+---------------------+---------+------+---------+---------+-----+
|Available SLR        |     1080|   960|  2042880|  1021440|   80|
+---------------------+---------+------+---------+---------+-----+
|Utilization SLR (%)  |        0|     1|       ~0|       ~0|    0|
+---------------------+---------+------+---------+---------+-----+
|Available            |     4320|  3840|  8171520|  4085760|  320|
+---------------------+---------+------+---------+---------+-----+
|Utilization (%)      |        0|    ~0|       ~0|       ~0|    0|
+---------------------+---------+------+---------+---------+-----+

+ Detail: 
    * Instance: 
    +--------------------------------+----------------------+---------+----+------+------+-----+
    |            Instance            |        Module        | BRAM_18K| DSP|  FF  |  LUT | URAM|
    +--------------------------------+----------------------+---------+----+------+------+-----+
    |grp_local_delta_energy_fu_2433  |local_delta_energy    |        0|   6|  1735|  4778|    0|
    |mul_26s_36s_60_2_1_U298         |mul_26s_36s_60_2_1    |        0|   2|   202|    84|    0|
    |mul_40ns_40s_64_2_1_U299        |mul_40ns_40s_64_2_1   |        0|   5|   197|    80|    0|
    |sparsemux_7_2_40_1_1_U300       |sparsemux_7_2_40_1_1  |        0|   0|     0|     9|    0|
    +--------------------------------+----------------------+---------+----+------+------+-----+
    |Total                           |                      |        0|  13|  2134|  4951|    0|
    +--------------------------------+----------------------+---------+----+------+------+-----+

    * DSP: 
    N/A

    * Memory: 
    +---------------+-------------------------+---------+---+----+-----+------+-----+------+-------------+
    |     Memory    |          Module         | BRAM_18K| FF| LUT| URAM| Words| Bits| Banks| W*Bits*Banks|
    +---------------+-------------------------+---------+---+----+-----+------+-----+------+-------------+
    |EXP_NEG_LUT_U  |EXP_NEG_LUT_ROM_AUTO_1R  |        0|  0|   0|    0|  1025|   40|     1|        41000|
    +---------------+-------------------------+---------+---+----+-----+------+-----+------+-------------+
    |Total          |                         |        0|  0|   0|    0|  1025|   40|     1|        41000|
    +---------------+-------------------------+---------+---+----+-----+------+-----+------+-------------+

    * FIFO: 
    N/A

    * Expression: 
    +------------------------+----------+----+---+-----+------------+------------+
    |      Variable Name     | Operation| DSP| FF| LUT | Bitwidth P0| Bitwidth P1|
    +------------------------+----------+----+---+-----+------------+------------+
    |add_ln240_fu_3327_p2    |         +|   0|  0|   47|          40|          40|
    |add_ln87_fu_3139_p2     |         +|   0|  0|   18|          11|           1|
    |add_ln89_fu_3211_p2     |         +|   0|  0|   68|          61|          61|
    |sub_ln75_1_fu_3076_p2   |         -|   0|  0|   66|           1|          59|
    |sub_ln75_fu_3055_p2     |         -|   0|  0|  107|           1|          88|
    |sub_ln84_fu_3129_p2     |         -|   0|  0|   34|          27|          27|
    |sub_ln89_fu_3175_p2     |         -|   0|  0|   33|          26|          26|
    |and_ln91_1_fu_3283_p2   |       and|   0|  0|    2|           1|           1|
    |and_ln91_fu_3278_p2     |       and|   0|  0|    2|           1|           1|
    |icmp_ln116_fu_2991_p2   |      icmp|   0|  0|   47|          40|           1|
    |icmp_ln123_fu_3315_p2   |      icmp|   0|  0|   47|          40|          40|
    |icmp_ln59_fu_3043_p2    |      icmp|   0|  0|   47|          40|           1|
    |icmp_ln63_fu_3071_p2    |      icmp|   0|  0|   18|          11|           1|
    |icmp_ln91_fu_3243_p2    |      icmp|   0|  0|   44|          37|           1|
    |icmp_ln95_fu_3237_p2    |      icmp|   0|  0|   20|          13|           1|
    |p_fu_3295_p4            |    select|   0|  0|   41|           1|          41|
    |select_ln75_fu_3088_p3  |    select|   0|  0|   58|           1|          59|
    |xor_ln123_fu_3320_p2    |       xor|   0|  0|    2|           1|           2|
    |xor_ln59_fu_3273_p2     |       xor|   0|  0|    2|           1|           2|
    +------------------------+----------+----+---+-----+------------+------------+
    |Total                   |          |   0|  0|  703|         354|         453|
    +------------------------+----------+----+---+-----+------------+------------+

    * Multiplexer: 
    +---------------------------------+----+-----------+-----+-----------+
    |               Name              | LUT| Input Size| Bits| Total Bits|
    +---------------------------------+----+-----------+-----+-----------+
    |accepted                         |  14|          3|    1|          3|
    |ap_NS_fsm                        |  65|         14|    1|         14|
    |ap_phi_mux_empty_phi_fu_2426_p4  |  14|          3|   40|        120|
    +---------------------------------+----+-----------+-----+-----------+
    |Total                            |  93|         20|   42|        137|
    +---------------------------------+----+-----------+-----+-----------+

    * Register: 
    +---------------------------------------------+-----+----+-----+-----------+
    |                     Name                    |  FF | LUT| Bits| Const Bits|
    +---------------------------------------------+-----+----+-----+-----------+
    |J_0_10_read_reg_3382                         |   40|   0|   40|          0|
    |J_0_11_read_reg_3387                         |   40|   0|   40|          0|
    |J_0_12_read_reg_3392                         |   40|   0|   40|          0|
    |J_0_13_read_reg_3397                         |   40|   0|   40|          0|
    |J_0_14_read_reg_3402                         |   40|   0|   40|          0|
    |J_0_15_read_reg_3407                         |   40|   0|   40|          0|
    |J_0_1_read_reg_3337                          |   40|   0|   40|          0|
    |J_0_2_read_reg_3342                          |   40|   0|   40|          0|
    |J_0_3_read_reg_3347                          |   40|   0|   40|          0|
    |J_0_4_read_reg_3352                          |   40|   0|   40|          0|
    |J_0_5_read_reg_3357                          |   40|   0|   40|          0|
    |J_0_6_read_reg_3362                          |   40|   0|   40|          0|
    |J_0_7_read_reg_3367                          |   40|   0|   40|          0|
    |J_0_8_read_reg_3372                          |   40|   0|   40|          0|
    |J_0_9_read_reg_3377                          |   40|   0|   40|          0|
    |J_10_0_read_reg_4087                         |   40|   0|   40|          0|
    |J_10_11_read_reg_4137                        |   40|   0|   40|          0|
    |J_10_12_read_reg_4142                        |   40|   0|   40|          0|
    |J_10_13_read_reg_4147                        |   40|   0|   40|          0|
    |J_10_14_read_reg_4152                        |   40|   0|   40|          0|
    |J_10_15_read_reg_4157                        |   40|   0|   40|          0|
    |J_10_1_read_reg_4092                         |   40|   0|   40|          0|
    |J_10_2_read_reg_4097                         |   40|   0|   40|          0|
    |J_10_3_read_reg_4102                         |   40|   0|   40|          0|
    |J_10_4_read_reg_4107                         |   40|   0|   40|          0|
    |J_10_5_read_reg_4112                         |   40|   0|   40|          0|
    |J_10_6_read_reg_4117                         |   40|   0|   40|          0|
    |J_10_7_read_reg_4122                         |   40|   0|   40|          0|
    |J_10_8_read_reg_4127                         |   40|   0|   40|          0|
    |J_10_9_read_reg_4132                         |   40|   0|   40|          0|
    |J_11_0_read_reg_4162                         |   40|   0|   40|          0|
    |J_11_10_read_reg_4212                        |   40|   0|   40|          0|
    |J_11_12_read_reg_4217                        |   40|   0|   40|          0|
    |J_11_13_read_reg_4222                        |   40|   0|   40|          0|
    |J_11_14_read_reg_4227                        |   40|   0|   40|          0|
    |J_11_15_read_reg_4232                        |   40|   0|   40|          0|
    |J_11_1_read_reg_4167                         |   40|   0|   40|          0|
    |J_11_2_read_reg_4172                         |   40|   0|   40|          0|
    |J_11_3_read_reg_4177                         |   40|   0|   40|          0|
    |J_11_4_read_reg_4182                         |   40|   0|   40|          0|
    |J_11_5_read_reg_4187                         |   40|   0|   40|          0|
    |J_11_6_read_reg_4192                         |   40|   0|   40|          0|
    |J_11_7_read_reg_4197                         |   40|   0|   40|          0|
    |J_11_8_read_reg_4202                         |   40|   0|   40|          0|
    |J_11_9_read_reg_4207                         |   40|   0|   40|          0|
    |J_12_0_read_reg_4237                         |   40|   0|   40|          0|
    |J_12_10_read_reg_4287                        |   40|   0|   40|          0|
    |J_12_11_read_reg_4292                        |   40|   0|   40|          0|
    |J_12_13_read_reg_4297                        |   40|   0|   40|          0|
    |J_12_14_read_reg_4302                        |   40|   0|   40|          0|
    |J_12_15_read_reg_4307                        |   40|   0|   40|          0|
    |J_12_1_read_reg_4242                         |   40|   0|   40|          0|
    |J_12_2_read_reg_4247                         |   40|   0|   40|          0|
    |J_12_3_read_reg_4252                         |   40|   0|   40|          0|
    |J_12_4_read_reg_4257                         |   40|   0|   40|          0|
    |J_12_5_read_reg_4262                         |   40|   0|   40|          0|
    |J_12_6_read_reg_4267                         |   40|   0|   40|          0|
    |J_12_7_read_reg_4272                         |   40|   0|   40|          0|
    |J_12_8_read_reg_4277                         |   40|   0|   40|          0|
    |J_12_9_read_reg_4282                         |   40|   0|   40|          0|
    |J_13_0_read_reg_4312                         |   40|   0|   40|          0|
    |J_13_10_read_reg_4362                        |   40|   0|   40|          0|
    |J_13_11_read_reg_4367                        |   40|   0|   40|          0|
    |J_13_12_read_reg_4372                        |   40|   0|   40|          0|
    |J_13_14_read_reg_4377                        |   40|   0|   40|          0|
    |J_13_15_read_reg_4382                        |   40|   0|   40|          0|
    |J_13_1_read_reg_4317                         |   40|   0|   40|          0|
    |J_13_2_read_reg_4322                         |   40|   0|   40|          0|
    |J_13_3_read_reg_4327                         |   40|   0|   40|          0|
    |J_13_4_read_reg_4332                         |   40|   0|   40|          0|
    |J_13_5_read_reg_4337                         |   40|   0|   40|          0|
    |J_13_6_read_reg_4342                         |   40|   0|   40|          0|
    |J_13_7_read_reg_4347                         |   40|   0|   40|          0|
    |J_13_8_read_reg_4352                         |   40|   0|   40|          0|
    |J_13_9_read_reg_4357                         |   40|   0|   40|          0|
    |J_14_0_read_reg_4387                         |   40|   0|   40|          0|
    |J_14_10_read_reg_4437                        |   40|   0|   40|          0|
    |J_14_11_read_reg_4442                        |   40|   0|   40|          0|
    |J_14_12_read_reg_4447                        |   40|   0|   40|          0|
    |J_14_13_read_reg_4452                        |   40|   0|   40|          0|
    |J_14_15_read_reg_4457                        |   40|   0|   40|          0|
    |J_14_1_read_reg_4392                         |   40|   0|   40|          0|
    |J_14_2_read_reg_4397                         |   40|   0|   40|          0|
    |J_14_3_read_reg_4402                         |   40|   0|   40|          0|
    |J_14_4_read_reg_4407                         |   40|   0|   40|          0|
    |J_14_5_read_reg_4412                         |   40|   0|   40|          0|
    |J_14_6_read_reg_4417                         |   40|   0|   40|          0|
    |J_14_7_read_reg_4422                         |   40|   0|   40|          0|
    |J_14_8_read_reg_4427                         |   40|   0|   40|          0|
    |J_14_9_read_reg_4432                         |   40|   0|   40|          0|
    |J_15_0_read_reg_4462                         |   40|   0|   40|          0|
    |J_15_10_read_reg_4512                        |   40|   0|   40|          0|
    |J_15_11_read_reg_4517                        |   40|   0|   40|          0|
    |J_15_12_read_reg_4522                        |   40|   0|   40|          0|
    |J_15_13_read_reg_4527                        |   40|   0|   40|          0|
    |J_15_14_read_reg_4532                        |   40|   0|   40|          0|
    |J_15_1_read_reg_4467                         |   40|   0|   40|          0|
    |J_15_2_read_reg_4472                         |   40|   0|   40|          0|
    |J_15_3_read_reg_4477                         |   40|   0|   40|          0|
    |J_15_4_read_reg_4482                         |   40|   0|   40|          0|
    |J_15_5_read_reg_4487                         |   40|   0|   40|          0|
    |J_15_6_read_reg_4492                         |   40|   0|   40|          0|
    |J_15_7_read_reg_4497                         |   40|   0|   40|          0|
    |J_15_8_read_reg_4502                         |   40|   0|   40|          0|
    |J_15_9_read_reg_4507                         |   40|   0|   40|          0|
    |J_1_0_read_reg_3412                          |   40|   0|   40|          0|
    |J_1_10_read_reg_3457                         |   40|   0|   40|          0|
    |J_1_11_read_reg_3462                         |   40|   0|   40|          0|
    |J_1_12_read_reg_3467                         |   40|   0|   40|          0|
    |J_1_13_read_reg_3472                         |   40|   0|   40|          0|
    |J_1_14_read_reg_3477                         |   40|   0|   40|          0|
    |J_1_15_read_reg_3482                         |   40|   0|   40|          0|
    |J_1_2_read_reg_3417                          |   40|   0|   40|          0|
    |J_1_3_read_reg_3422                          |   40|   0|   40|          0|
    |J_1_4_read_reg_3427                          |   40|   0|   40|          0|
    |J_1_5_read_reg_3432                          |   40|   0|   40|          0|
    |J_1_6_read_reg_3437                          |   40|   0|   40|          0|
    |J_1_7_read_reg_3442                          |   40|   0|   40|          0|
    |J_1_8_read_reg_3447                          |   40|   0|   40|          0|
    |J_1_9_read_reg_3452                          |   40|   0|   40|          0|
    |J_2_0_read_reg_3487                          |   40|   0|   40|          0|
    |J_2_10_read_reg_3532                         |   40|   0|   40|          0|
    |J_2_11_read_reg_3537                         |   40|   0|   40|          0|
    |J_2_12_read_reg_3542                         |   40|   0|   40|          0|
    |J_2_13_read_reg_3547                         |   40|   0|   40|          0|
    |J_2_14_read_reg_3552                         |   40|   0|   40|          0|
    |J_2_15_read_reg_3557                         |   40|   0|   40|          0|
    |J_2_1_read_reg_3492                          |   40|   0|   40|          0|
    |J_2_3_read_reg_3497                          |   40|   0|   40|          0|
    |J_2_4_read_reg_3502                          |   40|   0|   40|          0|
    |J_2_5_read_reg_3507                          |   40|   0|   40|          0|
    |J_2_6_read_reg_3512                          |   40|   0|   40|          0|
    |J_2_7_read_reg_3517                          |   40|   0|   40|          0|
    |J_2_8_read_reg_3522                          |   40|   0|   40|          0|
    |J_2_9_read_reg_3527                          |   40|   0|   40|          0|
    |J_3_0_read_reg_3562                          |   40|   0|   40|          0|
    |J_3_10_read_reg_3607                         |   40|   0|   40|          0|
    |J_3_11_read_reg_3612                         |   40|   0|   40|          0|
    |J_3_12_read_reg_3617                         |   40|   0|   40|          0|
    |J_3_13_read_reg_3622                         |   40|   0|   40|          0|
    |J_3_14_read_reg_3627                         |   40|   0|   40|          0|
    |J_3_15_read_reg_3632                         |   40|   0|   40|          0|
    |J_3_1_read_reg_3567                          |   40|   0|   40|          0|
    |J_3_2_read_reg_3572                          |   40|   0|   40|          0|
    |J_3_4_read_reg_3577                          |   40|   0|   40|          0|
    |J_3_5_read_reg_3582                          |   40|   0|   40|          0|
    |J_3_6_read_reg_3587                          |   40|   0|   40|          0|
    |J_3_7_read_reg_3592                          |   40|   0|   40|          0|
    |J_3_8_read_reg_3597                          |   40|   0|   40|          0|
    |J_3_9_read_reg_3602                          |   40|   0|   40|          0|
    |J_4_0_read_reg_3637                          |   40|   0|   40|          0|
    |J_4_10_read_reg_3682                         |   40|   0|   40|          0|
    |J_4_11_read_reg_3687                         |   40|   0|   40|          0|
    |J_4_12_read_reg_3692                         |   40|   0|   40|          0|
    |J_4_13_read_reg_3697                         |   40|   0|   40|          0|
    |J_4_14_read_reg_3702                         |   40|   0|   40|          0|
    |J_4_15_read_reg_3707                         |   40|   0|   40|          0|
    |J_4_1_read_reg_3642                          |   40|   0|   40|          0|
    |J_4_2_read_reg_3647                          |   40|   0|   40|          0|
    |J_4_3_read_reg_3652                          |   40|   0|   40|          0|
    |J_4_5_read_reg_3657                          |   40|   0|   40|          0|
    |J_4_6_read_reg_3662                          |   40|   0|   40|          0|
    |J_4_7_read_reg_3667                          |   40|   0|   40|          0|
    |J_4_8_read_reg_3672                          |   40|   0|   40|          0|
    |J_4_9_read_reg_3677                          |   40|   0|   40|          0|
    |J_5_0_read_reg_3712                          |   40|   0|   40|          0|
    |J_5_10_read_reg_3757                         |   40|   0|   40|          0|
    |J_5_11_read_reg_3762                         |   40|   0|   40|          0|
    |J_5_12_read_reg_3767                         |   40|   0|   40|          0|
    |J_5_13_read_reg_3772                         |   40|   0|   40|          0|
    |J_5_14_read_reg_3777                         |   40|   0|   40|          0|
    |J_5_15_read_reg_3782                         |   40|   0|   40|          0|
    |J_5_1_read_reg_3717                          |   40|   0|   40|          0|
    |J_5_2_read_reg_3722                          |   40|   0|   40|          0|
    |J_5_3_read_reg_3727                          |   40|   0|   40|          0|
    |J_5_4_read_reg_3732                          |   40|   0|   40|          0|
    |J_5_6_read_reg_3737                          |   40|   0|   40|          0|
    |J_5_7_read_reg_3742                          |   40|   0|   40|          0|
    |J_5_8_read_reg_3747                          |   40|   0|   40|          0|
    |J_5_9_read_reg_3752                          |   40|   0|   40|          0|
    |J_6_0_read_reg_3787                          |   40|   0|   40|          0|
    |J_6_10_read_reg_3832                         |   40|   0|   40|          0|
    |J_6_11_read_reg_3837                         |   40|   0|   40|          0|
    |J_6_12_read_reg_3842                         |   40|   0|   40|          0|
    |J_6_13_read_reg_3847                         |   40|   0|   40|          0|
    |J_6_14_read_reg_3852                         |   40|   0|   40|          0|
    |J_6_15_read_reg_3857                         |   40|   0|   40|          0|
    |J_6_1_read_reg_3792                          |   40|   0|   40|          0|
    |J_6_2_read_reg_3797                          |   40|   0|   40|          0|
    |J_6_3_read_reg_3802                          |   40|   0|   40|          0|
    |J_6_4_read_reg_3807                          |   40|   0|   40|          0|
    |J_6_5_read_reg_3812                          |   40|   0|   40|          0|
    |J_6_7_read_reg_3817                          |   40|   0|   40|          0|
    |J_6_8_read_reg_3822                          |   40|   0|   40|          0|
    |J_6_9_read_reg_3827                          |   40|   0|   40|          0|
    |J_7_0_read_reg_3862                          |   40|   0|   40|          0|
    |J_7_10_read_reg_3907                         |   40|   0|   40|          0|
    |J_7_11_read_reg_3912                         |   40|   0|   40|          0|
    |J_7_12_read_reg_3917                         |   40|   0|   40|          0|
    |J_7_13_read_reg_3922                         |   40|   0|   40|          0|
    |J_7_14_read_reg_3927                         |   40|   0|   40|          0|
    |J_7_15_read_reg_3932                         |   40|   0|   40|          0|
    |J_7_1_read_reg_3867                          |   40|   0|   40|          0|
    |J_7_2_read_reg_3872                          |   40|   0|   40|          0|
    |J_7_3_read_reg_3877                          |   40|   0|   40|          0|
    |J_7_4_read_reg_3882                          |   40|   0|   40|          0|
    |J_7_5_read_reg_3887                          |   40|   0|   40|          0|
    |J_7_6_read_reg_3892                          |   40|   0|   40|          0|
    |J_7_8_read_reg_3897                          |   40|   0|   40|          0|
    |J_7_9_read_reg_3902                          |   40|   0|   40|          0|
    |J_8_0_read_reg_3937                          |   40|   0|   40|          0|
    |J_8_10_read_reg_3982                         |   40|   0|   40|          0|
    |J_8_11_read_reg_3987                         |   40|   0|   40|          0|
    |J_8_12_read_reg_3992                         |   40|   0|   40|          0|
    |J_8_13_read_reg_3997                         |   40|   0|   40|          0|
    |J_8_14_read_reg_4002                         |   40|   0|   40|          0|
    |J_8_15_read_reg_4007                         |   40|   0|   40|          0|
    |J_8_1_read_reg_3942                          |   40|   0|   40|          0|
    |J_8_2_read_reg_3947                          |   40|   0|   40|          0|
    |J_8_3_read_reg_3952                          |   40|   0|   40|          0|
    |J_8_4_read_reg_3957                          |   40|   0|   40|          0|
    |J_8_5_read_reg_3962                          |   40|   0|   40|          0|
    |J_8_6_read_reg_3967                          |   40|   0|   40|          0|
    |J_8_7_read_reg_3972                          |   40|   0|   40|          0|
    |J_8_9_read_reg_3977                          |   40|   0|   40|          0|
    |J_9_0_read_reg_4012                          |   40|   0|   40|          0|
    |J_9_10_read_reg_4057                         |   40|   0|   40|          0|
    |J_9_11_read_reg_4062                         |   40|   0|   40|          0|
    |J_9_12_read_reg_4067                         |   40|   0|   40|          0|
    |J_9_13_read_reg_4072                         |   40|   0|   40|          0|
    |J_9_14_read_reg_4077                         |   40|   0|   40|          0|
    |J_9_15_read_reg_4082                         |   40|   0|   40|          0|
    |J_9_1_read_reg_4017                          |   40|   0|   40|          0|
    |J_9_2_read_reg_4022                          |   40|   0|   40|          0|
    |J_9_3_read_reg_4027                          |   40|   0|   40|          0|
    |J_9_4_read_reg_4032                          |   40|   0|   40|          0|
    |J_9_5_read_reg_4037                          |   40|   0|   40|          0|
    |J_9_6_read_reg_4042                          |   40|   0|   40|          0|
    |J_9_7_read_reg_4047                          |   40|   0|   40|          0|
    |J_9_8_read_reg_4052                          |   40|   0|   40|          0|
    |add_ln89_reg_4825                            |   61|   0|   61|          0|
    |ap_CS_fsm                                    |   13|   0|   13|          0|
    |de_reg_4697                                  |   40|   0|   40|          0|
    |grp_local_delta_energy_fu_2433_ap_start_reg  |    1|   0|    1|          0|
    |h_0_read_reg_4537                            |   40|   0|   40|          0|
    |h_10_read_reg_4587                           |   40|   0|   40|          0|
    |h_11_read_reg_4592                           |   40|   0|   40|          0|
    |h_12_read_reg_4597                           |   40|   0|   40|          0|
    |h_13_read_reg_4602                           |   40|   0|   40|          0|
    |h_14_read_reg_4607                           |   40|   0|   40|          0|
    |h_15_read_reg_4612                           |   40|   0|   40|          0|
    |h_1_read_reg_4542                            |   40|   0|   40|          0|
    |h_2_read_reg_4547                            |   40|   0|   40|          0|
    |h_3_read_reg_4552                            |   40|   0|   40|          0|
    |h_4_read_reg_4557                            |   40|   0|   40|          0|
    |h_5_read_reg_4562                            |   40|   0|   40|          0|
    |h_6_read_reg_4567                            |   40|   0|   40|          0|
    |h_7_read_reg_4572                            |   40|   0|   40|          0|
    |h_8_read_reg_4577                            |   40|   0|   40|          0|
    |h_9_read_reg_4582                            |   40|   0|   40|          0|
    |i_read_reg_3332                              |   32|   0|   32|          0|
    |icmp_ln116_reg_4716                          |    1|   0|    1|          0|
    |icmp_ln59_reg_4751                           |    1|   0|    1|          0|
    |icmp_ln63_reg_4762                           |    1|   0|    1|          0|
    |icmp_ln91_reg_4835                           |    1|   0|    1|          0|
    |icmp_ln95_reg_4830                           |    1|   0|    1|          0|
    |idx_reg_4767                                 |   11|   0|   11|          0|
    |mul_ln89_reg_4820                            |   60|   0|   60|          0|
    |old_energy_read_reg_4710                     |   40|   0|   40|          0|
    |s_0_read_reg_4617                            |    1|   0|    1|          0|
    |s_10_read_reg_4667                           |    1|   0|    1|          0|
    |s_11_read_reg_4672                           |    1|   0|    1|          0|
    |s_12_read_reg_4677                           |    1|   0|    1|          0|
    |s_13_read_reg_4682                           |    1|   0|    1|          0|
    |s_14_read_reg_4687                           |    1|   0|    1|          0|
    |s_15_read_reg_4692                           |    1|   0|    1|          0|
    |s_1_read_reg_4622                            |    1|   0|    1|          0|
    |s_2_read_reg_4627                            |    1|   0|    1|          0|
    |s_3_read_reg_4632                            |    1|   0|    1|          0|
    |s_4_read_reg_4637                            |    1|   0|    1|          0|
    |s_5_read_reg_4642                            |    1|   0|    1|          0|
    |s_6_read_reg_4647                            |    1|   0|    1|          0|
    |s_7_read_reg_4652                            |    1|   0|    1|          0|
    |s_8_read_reg_4657                            |    1|   0|    1|          0|
    |s_9_read_reg_4662                            |    1|   0|    1|          0|
    |sub_ln84_reg_4779                            |   27|   0|   27|          0|
    |sub_ln89_reg_4805                            |   26|   0|   26|          0|
    |tmp_1_reg_4741                               |    1|   0|    1|          0|
    |tmp_3_reg_4774                               |   26|   0|   26|          0|
    |tmp_4_reg_4794                               |   25|   0|   25|          0|
    |tmp_5_reg_4800                               |   25|   0|   25|          0|
    |tmp_6_reg_4746                               |   11|   0|   11|          0|
    |tmp_reg_4735                                 |   30|   0|   30|          0|
    |trunc_ln75_1_reg_4757                        |   30|   0|   59|         29|
    |u_read_reg_4705                              |   40|   0|   40|          0|
    |x_reg_4730                                   |   40|   0|   40|          0|
    +---------------------------------------------+-----+----+-----+-----------+
    |Total                                        |10800|   0|10829|         29|
    +---------------------------------------------+-----+----+-----+-----------+



================================================================
== Interface
================================================================
* Summary: 
+---------------------+-----+-----+------------+-----------------------+--------------+
|      RTL Ports      | Dir | Bits|  Protocol  |     Source Object     |    C Type    |
+---------------------+-----+-----+------------+-----------------------+--------------+
|ap_clk               |   in|    1|  ap_ctrl_hs|  local_metropolis_step|  return value|
|ap_rst               |   in|    1|  ap_ctrl_hs|  local_metropolis_step|  return value|
|ap_start             |   in|    1|  ap_ctrl_hs|  local_metropolis_step|  return value|
|ap_done              |  out|    1|  ap_ctrl_hs|  local_metropolis_step|  return value|
|ap_idle              |  out|    1|  ap_ctrl_hs|  local_metropolis_step|  return value|
|ap_ready             |  out|    1|  ap_ctrl_hs|  local_metropolis_step|  return value|
|J_0_0                |   in|   40|     ap_none|                  J_0_0|       pointer|
|J_0_1                |   in|   40|     ap_none|                  J_0_1|       pointer|
|J_0_2                |   in|   40|     ap_none|                  J_0_2|       pointer|
|J_0_3                |   in|   40|     ap_none|                  J_0_3|       pointer|
|J_0_4                |   in|   40|     ap_none|                  J_0_4|       pointer|
|J_0_5                |   in|   40|     ap_none|                  J_0_5|       pointer|
|J_0_6                |   in|   40|     ap_none|                  J_0_6|       pointer|
|J_0_7                |   in|   40|     ap_none|                  J_0_7|       pointer|
|J_0_8                |   in|   40|     ap_none|                  J_0_8|       pointer|
|J_0_9                |   in|   40|     ap_none|                  J_0_9|       pointer|
|J_0_10               |   in|   40|     ap_none|                 J_0_10|       pointer|
|J_0_11               |   in|   40|     ap_none|                 J_0_11|       pointer|
|J_0_12               |   in|   40|     ap_none|                 J_0_12|       pointer|
|J_0_13               |   in|   40|     ap_none|                 J_0_13|       pointer|
|J_0_14               |   in|   40|     ap_none|                 J_0_14|       pointer|
|J_0_15               |   in|   40|     ap_none|                 J_0_15|       pointer|
|J_1_0                |   in|   40|     ap_none|                  J_1_0|       pointer|
|J_1_1                |   in|   40|     ap_none|                  J_1_1|       pointer|
|J_1_2                |   in|   40|     ap_none|                  J_1_2|       pointer|
|J_1_3                |   in|   40|     ap_none|                  J_1_3|       pointer|
|J_1_4                |   in|   40|     ap_none|                  J_1_4|       pointer|
|J_1_5                |   in|   40|     ap_none|                  J_1_5|       pointer|
|J_1_6                |   in|   40|     ap_none|                  J_1_6|       pointer|
|J_1_7                |   in|   40|     ap_none|                  J_1_7|       pointer|
|J_1_8                |   in|   40|     ap_none|                  J_1_8|       pointer|
|J_1_9                |   in|   40|     ap_none|                  J_1_9|       pointer|
|J_1_10               |   in|   40|     ap_none|                 J_1_10|       pointer|
|J_1_11               |   in|   40|     ap_none|                 J_1_11|       pointer|
|J_1_12               |   in|   40|     ap_none|                 J_1_12|       pointer|
|J_1_13               |   in|   40|     ap_none|                 J_1_13|       pointer|
|J_1_14               |   in|   40|     ap_none|                 J_1_14|       pointer|
|J_1_15               |   in|   40|     ap_none|                 J_1_15|       pointer|
|J_2_0                |   in|   40|     ap_none|                  J_2_0|       pointer|
|J_2_1                |   in|   40|     ap_none|                  J_2_1|       pointer|
|J_2_2                |   in|   40|     ap_none|                  J_2_2|       pointer|
|J_2_3                |   in|   40|     ap_none|                  J_2_3|       pointer|
|J_2_4                |   in|   40|     ap_none|                  J_2_4|       pointer|
|J_2_5                |   in|   40|     ap_none|                  J_2_5|       pointer|
|J_2_6                |   in|   40|     ap_none|                  J_2_6|       pointer|
|J_2_7                |   in|   40|     ap_none|                  J_2_7|       pointer|
|J_2_8                |   in|   40|     ap_none|                  J_2_8|       pointer|
|J_2_9                |   in|   40|     ap_none|                  J_2_9|       pointer|
|J_2_10               |   in|   40|     ap_none|                 J_2_10|       pointer|
|J_2_11               |   in|   40|     ap_none|                 J_2_11|       pointer|
|J_2_12               |   in|   40|     ap_none|                 J_2_12|       pointer|
|J_2_13               |   in|   40|     ap_none|                 J_2_13|       pointer|
|J_2_14               |   in|   40|     ap_none|                 J_2_14|       pointer|
|J_2_15               |   in|   40|     ap_none|                 J_2_15|       pointer|
|J_3_0                |   in|   40|     ap_none|                  J_3_0|       pointer|
|J_3_1                |   in|   40|     ap_none|                  J_3_1|       pointer|
|J_3_2                |   in|   40|     ap_none|                  J_3_2|       pointer|
|J_3_3                |   in|   40|     ap_none|                  J_3_3|       pointer|
|J_3_4                |   in|   40|     ap_none|                  J_3_4|       pointer|
|J_3_5                |   in|   40|     ap_none|                  J_3_5|       pointer|
|J_3_6                |   in|   40|     ap_none|                  J_3_6|       pointer|
|J_3_7                |   in|   40|     ap_none|                  J_3_7|       pointer|
|J_3_8                |   in|   40|     ap_none|                  J_3_8|       pointer|
|J_3_9                |   in|   40|     ap_none|                  J_3_9|       pointer|
|J_3_10               |   in|   40|     ap_none|                 J_3_10|       pointer|
|J_3_11               |   in|   40|     ap_none|                 J_3_11|       pointer|
|J_3_12               |   in|   40|     ap_none|                 J_3_12|       pointer|
|J_3_13               |   in|   40|     ap_none|                 J_3_13|       pointer|
|J_3_14               |   in|   40|     ap_none|                 J_3_14|       pointer|
|J_3_15               |   in|   40|     ap_none|                 J_3_15|       pointer|
|J_4_0                |   in|   40|     ap_none|                  J_4_0|       pointer|
|J_4_1                |   in|   40|     ap_none|                  J_4_1|       pointer|
|J_4_2                |   in|   40|     ap_none|                  J_4_2|       pointer|
|J_4_3                |   in|   40|     ap_none|                  J_4_3|       pointer|
|J_4_4                |   in|   40|     ap_none|                  J_4_4|       pointer|
|J_4_5                |   in|   40|     ap_none|                  J_4_5|       pointer|
|J_4_6                |   in|   40|     ap_none|                  J_4_6|       pointer|
|J_4_7                |   in|   40|     ap_none|                  J_4_7|       pointer|
|J_4_8                |   in|   40|     ap_none|                  J_4_8|       pointer|
|J_4_9                |   in|   40|     ap_none|                  J_4_9|       pointer|
|J_4_10               |   in|   40|     ap_none|                 J_4_10|       pointer|
|J_4_11               |   in|   40|     ap_none|                 J_4_11|       pointer|
|J_4_12               |   in|   40|     ap_none|                 J_4_12|       pointer|
|J_4_13               |   in|   40|     ap_none|                 J_4_13|       pointer|
|J_4_14               |   in|   40|     ap_none|                 J_4_14|       pointer|
|J_4_15               |   in|   40|     ap_none|                 J_4_15|       pointer|
|J_5_0                |   in|   40|     ap_none|                  J_5_0|       pointer|
|J_5_1                |   in|   40|     ap_none|                  J_5_1|       pointer|
|J_5_2                |   in|   40|     ap_none|                  J_5_2|       pointer|
|J_5_3                |   in|   40|     ap_none|                  J_5_3|       pointer|
|J_5_4                |   in|   40|     ap_none|                  J_5_4|       pointer|
|J_5_5                |   in|   40|     ap_none|                  J_5_5|       pointer|
|J_5_6                |   in|   40|     ap_none|                  J_5_6|       pointer|
|J_5_7                |   in|   40|     ap_none|                  J_5_7|       pointer|
|J_5_8                |   in|   40|     ap_none|                  J_5_8|       pointer|
|J_5_9                |   in|   40|     ap_none|                  J_5_9|       pointer|
|J_5_10               |   in|   40|     ap_none|                 J_5_10|       pointer|
|J_5_11               |   in|   40|     ap_none|                 J_5_11|       pointer|
|J_5_12               |   in|   40|     ap_none|                 J_5_12|       pointer|
|J_5_13               |   in|   40|     ap_none|                 J_5_13|       pointer|
|J_5_14               |   in|   40|     ap_none|                 J_5_14|       pointer|
|J_5_15               |   in|   40|     ap_none|                 J_5_15|       pointer|
|J_6_0                |   in|   40|     ap_none|                  J_6_0|       pointer|
|J_6_1                |   in|   40|     ap_none|                  J_6_1|       pointer|
|J_6_2                |   in|   40|     ap_none|                  J_6_2|       pointer|
|J_6_3                |   in|   40|     ap_none|                  J_6_3|       pointer|
|J_6_4                |   in|   40|     ap_none|                  J_6_4|       pointer|
|J_6_5                |   in|   40|     ap_none|                  J_6_5|       pointer|
|J_6_6                |   in|   40|     ap_none|                  J_6_6|       pointer|
|J_6_7                |   in|   40|     ap_none|                  J_6_7|       pointer|
|J_6_8                |   in|   40|     ap_none|                  J_6_8|       pointer|
|J_6_9                |   in|   40|     ap_none|                  J_6_9|       pointer|
|J_6_10               |   in|   40|     ap_none|                 J_6_10|       pointer|
|J_6_11               |   in|   40|     ap_none|                 J_6_11|       pointer|
|J_6_12               |   in|   40|     ap_none|                 J_6_12|       pointer|
|J_6_13               |   in|   40|     ap_none|                 J_6_13|       pointer|
|J_6_14               |   in|   40|     ap_none|                 J_6_14|       pointer|
|J_6_15               |   in|   40|     ap_none|                 J_6_15|       pointer|
|J_7_0                |   in|   40|     ap_none|                  J_7_0|       pointer|
|J_7_1                |   in|   40|     ap_none|                  J_7_1|       pointer|
|J_7_2                |   in|   40|     ap_none|                  J_7_2|       pointer|
|J_7_3                |   in|   40|     ap_none|                  J_7_3|       pointer|
|J_7_4                |   in|   40|     ap_none|                  J_7_4|       pointer|
|J_7_5                |   in|   40|     ap_none|                  J_7_5|       pointer|
|J_7_6                |   in|   40|     ap_none|                  J_7_6|       pointer|
|J_7_7                |   in|   40|     ap_none|                  J_7_7|       pointer|
|J_7_8                |   in|   40|     ap_none|                  J_7_8|       pointer|
|J_7_9                |   in|   40|     ap_none|                  J_7_9|       pointer|
|J_7_10               |   in|   40|     ap_none|                 J_7_10|       pointer|
|J_7_11               |   in|   40|     ap_none|                 J_7_11|       pointer|
|J_7_12               |   in|   40|     ap_none|                 J_7_12|       pointer|
|J_7_13               |   in|   40|     ap_none|                 J_7_13|       pointer|
|J_7_14               |   in|   40|     ap_none|                 J_7_14|       pointer|
|J_7_15               |   in|   40|     ap_none|                 J_7_15|       pointer|
|J_8_0                |   in|   40|     ap_none|                  J_8_0|       pointer|
|J_8_1                |   in|   40|     ap_none|                  J_8_1|       pointer|
|J_8_2                |   in|   40|     ap_none|                  J_8_2|       pointer|
|J_8_3                |   in|   40|     ap_none|                  J_8_3|       pointer|
|J_8_4                |   in|   40|     ap_none|                  J_8_4|       pointer|
|J_8_5                |   in|   40|     ap_none|                  J_8_5|       pointer|
|J_8_6                |   in|   40|     ap_none|                  J_8_6|       pointer|
|J_8_7                |   in|   40|     ap_none|                  J_8_7|       pointer|
|J_8_8                |   in|   40|     ap_none|                  J_8_8|       pointer|
|J_8_9                |   in|   40|     ap_none|                  J_8_9|       pointer|
|J_8_10               |   in|   40|     ap_none|                 J_8_10|       pointer|
|J_8_11               |   in|   40|     ap_none|                 J_8_11|       pointer|
|J_8_12               |   in|   40|     ap_none|                 J_8_12|       pointer|
|J_8_13               |   in|   40|     ap_none|                 J_8_13|       pointer|
|J_8_14               |   in|   40|     ap_none|                 J_8_14|       pointer|
|J_8_15               |   in|   40|     ap_none|                 J_8_15|       pointer|
|J_9_0                |   in|   40|     ap_none|                  J_9_0|       pointer|
|J_9_1                |   in|   40|     ap_none|                  J_9_1|       pointer|
|J_9_2                |   in|   40|     ap_none|                  J_9_2|       pointer|
|J_9_3                |   in|   40|     ap_none|                  J_9_3|       pointer|
|J_9_4                |   in|   40|     ap_none|                  J_9_4|       pointer|
|J_9_5                |   in|   40|     ap_none|                  J_9_5|       pointer|
|J_9_6                |   in|   40|     ap_none|                  J_9_6|       pointer|
|J_9_7                |   in|   40|     ap_none|                  J_9_7|       pointer|
|J_9_8                |   in|   40|     ap_none|                  J_9_8|       pointer|
|J_9_9                |   in|   40|     ap_none|                  J_9_9|       pointer|
|J_9_10               |   in|   40|     ap_none|                 J_9_10|       pointer|
|J_9_11               |   in|   40|     ap_none|                 J_9_11|       pointer|
|J_9_12               |   in|   40|     ap_none|                 J_9_12|       pointer|
|J_9_13               |   in|   40|     ap_none|                 J_9_13|       pointer|
|J_9_14               |   in|   40|     ap_none|                 J_9_14|       pointer|
|J_9_15               |   in|   40|     ap_none|                 J_9_15|       pointer|
|J_10_0               |   in|   40|     ap_none|                 J_10_0|       pointer|
|J_10_1               |   in|   40|     ap_none|                 J_10_1|       pointer|
|J_10_2               |   in|   40|     ap_none|                 J_10_2|       pointer|
|J_10_3               |   in|   40|     ap_none|                 J_10_3|       pointer|
|J_10_4               |   in|   40|     ap_none|                 J_10_4|       pointer|
|J_10_5               |   in|   40|     ap_none|                 J_10_5|       pointer|
|J_10_6               |   in|   40|     ap_none|                 J_10_6|       pointer|
|J_10_7               |   in|   40|     ap_none|                 J_10_7|       pointer|
|J_10_8               |   in|   40|     ap_none|                 J_10_8|       pointer|
|J_10_9               |   in|   40|     ap_none|                 J_10_9|       pointer|
|J_10_10              |   in|   40|     ap_none|                J_10_10|       pointer|
|J_10_11              |   in|   40|     ap_none|                J_10_11|       pointer|
|J_10_12              |   in|   40|     ap_none|                J_10_12|       pointer|
|J_10_13              |   in|   40|     ap_none|                J_10_13|       pointer|
|J_10_14              |   in|   40|     ap_none|                J_10_14|       pointer|
|J_10_15              |   in|   40|     ap_none|                J_10_15|       pointer|
|J_11_0               |   in|   40|     ap_none|                 J_11_0|       pointer|
|J_11_1               |   in|   40|     ap_none|                 J_11_1|       pointer|
|J_11_2               |   in|   40|     ap_none|                 J_11_2|       pointer|
|J_11_3               |   in|   40|     ap_none|                 J_11_3|       pointer|
|J_11_4               |   in|   40|     ap_none|                 J_11_4|       pointer|
|J_11_5               |   in|   40|     ap_none|                 J_11_5|       pointer|
|J_11_6               |   in|   40|     ap_none|                 J_11_6|       pointer|
|J_11_7               |   in|   40|     ap_none|                 J_11_7|       pointer|
|J_11_8               |   in|   40|     ap_none|                 J_11_8|       pointer|
|J_11_9               |   in|   40|     ap_none|                 J_11_9|       pointer|
|J_11_10              |   in|   40|     ap_none|                J_11_10|       pointer|
|J_11_11              |   in|   40|     ap_none|                J_11_11|       pointer|
|J_11_12              |   in|   40|     ap_none|                J_11_12|       pointer|
|J_11_13              |   in|   40|     ap_none|                J_11_13|       pointer|
|J_11_14              |   in|   40|     ap_none|                J_11_14|       pointer|
|J_11_15              |   in|   40|     ap_none|                J_11_15|       pointer|
|J_12_0               |   in|   40|     ap_none|                 J_12_0|       pointer|
|J_12_1               |   in|   40|     ap_none|                 J_12_1|       pointer|
|J_12_2               |   in|   40|     ap_none|                 J_12_2|       pointer|
|J_12_3               |   in|   40|     ap_none|                 J_12_3|       pointer|
|J_12_4               |   in|   40|     ap_none|                 J_12_4|       pointer|
|J_12_5               |   in|   40|     ap_none|                 J_12_5|       pointer|
|J_12_6               |   in|   40|     ap_none|                 J_12_6|       pointer|
|J_12_7               |   in|   40|     ap_none|                 J_12_7|       pointer|
|J_12_8               |   in|   40|     ap_none|                 J_12_8|       pointer|
|J_12_9               |   in|   40|     ap_none|                 J_12_9|       pointer|
|J_12_10              |   in|   40|     ap_none|                J_12_10|       pointer|
|J_12_11              |   in|   40|     ap_none|                J_12_11|       pointer|
|J_12_12              |   in|   40|     ap_none|                J_12_12|       pointer|
|J_12_13              |   in|   40|     ap_none|                J_12_13|       pointer|
|J_12_14              |   in|   40|     ap_none|                J_12_14|       pointer|
|J_12_15              |   in|   40|     ap_none|                J_12_15|       pointer|
|J_13_0               |   in|   40|     ap_none|                 J_13_0|       pointer|
|J_13_1               |   in|   40|     ap_none|                 J_13_1|       pointer|
|J_13_2               |   in|   40|     ap_none|                 J_13_2|       pointer|
|J_13_3               |   in|   40|     ap_none|                 J_13_3|       pointer|
|J_13_4               |   in|   40|     ap_none|                 J_13_4|       pointer|
|J_13_5               |   in|   40|     ap_none|                 J_13_5|       pointer|
|J_13_6               |   in|   40|     ap_none|                 J_13_6|       pointer|
|J_13_7               |   in|   40|     ap_none|                 J_13_7|       pointer|
|J_13_8               |   in|   40|     ap_none|                 J_13_8|       pointer|
|J_13_9               |   in|   40|     ap_none|                 J_13_9|       pointer|
|J_13_10              |   in|   40|     ap_none|                J_13_10|       pointer|
|J_13_11              |   in|   40|     ap_none|                J_13_11|       pointer|
|J_13_12              |   in|   40|     ap_none|                J_13_12|       pointer|
|J_13_13              |   in|   40|     ap_none|                J_13_13|       pointer|
|J_13_14              |   in|   40|     ap_none|                J_13_14|       pointer|
|J_13_15              |   in|   40|     ap_none|                J_13_15|       pointer|
|J_14_0               |   in|   40|     ap_none|                 J_14_0|       pointer|
|J_14_1               |   in|   40|     ap_none|                 J_14_1|       pointer|
|J_14_2               |   in|   40|     ap_none|                 J_14_2|       pointer|
|J_14_3               |   in|   40|     ap_none|                 J_14_3|       pointer|
|J_14_4               |   in|   40|     ap_none|                 J_14_4|       pointer|
|J_14_5               |   in|   40|     ap_none|                 J_14_5|       pointer|
|J_14_6               |   in|   40|     ap_none|                 J_14_6|       pointer|
|J_14_7               |   in|   40|     ap_none|                 J_14_7|       pointer|
|J_14_8               |   in|   40|     ap_none|                 J_14_8|       pointer|
|J_14_9               |   in|   40|     ap_none|                 J_14_9|       pointer|
|J_14_10              |   in|   40|     ap_none|                J_14_10|       pointer|
|J_14_11              |   in|   40|     ap_none|                J_14_11|       pointer|
|J_14_12              |   in|   40|     ap_none|                J_14_12|       pointer|
|J_14_13              |   in|   40|     ap_none|                J_14_13|       pointer|
|J_14_14              |   in|   40|     ap_none|                J_14_14|       pointer|
|J_14_15              |   in|   40|     ap_none|                J_14_15|       pointer|
|J_15_0               |   in|   40|     ap_none|                 J_15_0|       pointer|
|J_15_1               |   in|   40|     ap_none|                 J_15_1|       pointer|
|J_15_2               |   in|   40|     ap_none|                 J_15_2|       pointer|
|J_15_3               |   in|   40|     ap_none|                 J_15_3|       pointer|
|J_15_4               |   in|   40|     ap_none|                 J_15_4|       pointer|
|J_15_5               |   in|   40|     ap_none|                 J_15_5|       pointer|
|J_15_6               |   in|   40|     ap_none|                 J_15_6|       pointer|
|J_15_7               |   in|   40|     ap_none|                 J_15_7|       pointer|
|J_15_8               |   in|   40|     ap_none|                 J_15_8|       pointer|
|J_15_9               |   in|   40|     ap_none|                 J_15_9|       pointer|
|J_15_10              |   in|   40|     ap_none|                J_15_10|       pointer|
|J_15_11              |   in|   40|     ap_none|                J_15_11|       pointer|
|J_15_12              |   in|   40|     ap_none|                J_15_12|       pointer|
|J_15_13              |   in|   40|     ap_none|                J_15_13|       pointer|
|J_15_14              |   in|   40|     ap_none|                J_15_14|       pointer|
|J_15_15              |   in|   40|     ap_none|                J_15_15|       pointer|
|h_0                  |   in|   40|     ap_none|                    h_0|       pointer|
|h_1                  |   in|   40|     ap_none|                    h_1|       pointer|
|h_2                  |   in|   40|     ap_none|                    h_2|       pointer|
|h_3                  |   in|   40|     ap_none|                    h_3|       pointer|
|h_4                  |   in|   40|     ap_none|                    h_4|       pointer|
|h_5                  |   in|   40|     ap_none|                    h_5|       pointer|
|h_6                  |   in|   40|     ap_none|                    h_6|       pointer|
|h_7                  |   in|   40|     ap_none|                    h_7|       pointer|
|h_8                  |   in|   40|     ap_none|                    h_8|       pointer|
|h_9                  |   in|   40|     ap_none|                    h_9|       pointer|
|h_10                 |   in|   40|     ap_none|                   h_10|       pointer|
|h_11                 |   in|   40|     ap_none|                   h_11|       pointer|
|h_12                 |   in|   40|     ap_none|                   h_12|       pointer|
|h_13                 |   in|   40|     ap_none|                   h_13|       pointer|
|h_14                 |   in|   40|     ap_none|                   h_14|       pointer|
|h_15                 |   in|   40|     ap_none|                   h_15|       pointer|
|s_0                  |   in|    1|     ap_none|                    s_0|       pointer|
|s_1                  |   in|    1|     ap_none|                    s_1|       pointer|
|s_2                  |   in|    1|     ap_none|                    s_2|       pointer|
|s_3                  |   in|    1|     ap_none|                    s_3|       pointer|
|s_4                  |   in|    1|     ap_none|                    s_4|       pointer|
|s_5                  |   in|    1|     ap_none|                    s_5|       pointer|
|s_6                  |   in|    1|     ap_none|                    s_6|       pointer|
|s_7                  |   in|    1|     ap_none|                    s_7|       pointer|
|s_8                  |   in|    1|     ap_none|                    s_8|       pointer|
|s_9                  |   in|    1|     ap_none|                    s_9|       pointer|
|s_10                 |   in|    1|     ap_none|                   s_10|       pointer|
|s_11                 |   in|    1|     ap_none|                   s_11|       pointer|
|s_12                 |   in|    1|     ap_none|                   s_12|       pointer|
|s_13                 |   in|    1|     ap_none|                   s_13|       pointer|
|s_14                 |   in|    1|     ap_none|                   s_14|       pointer|
|s_15                 |   in|    1|     ap_none|                   s_15|       pointer|
|i                    |   in|   32|     ap_none|                      i|        scalar|
|old_energy           |   in|   40|     ap_none|             old_energy|        scalar|
|beta                 |   in|   40|     ap_none|                   beta|        scalar|
|u                    |   in|   40|     ap_none|                      u|        scalar|
|accepted             |  out|    1|      ap_vld|               accepted|       pointer|
|accepted_ap_vld      |  out|    1|      ap_vld|               accepted|       pointer|
|delta_energy         |  out|   40|      ap_vld|           delta_energy|       pointer|
|delta_energy_ap_vld  |  out|    1|      ap_vld|           delta_energy|       pointer|
|new_energy           |  out|   40|      ap_vld|             new_energy|       pointer|
|new_energy_ap_vld    |  out|    1|      ap_vld|             new_energy|       pointer|
+---------------------+-----+-----+------------+-----------------------+--------------+

