

================================================================
== Vitis HLS Report for 'local_delta_energy'
================================================================
* Date:           Tue May 19 20:40:49 2026

* Version:        2025.2 (Build 6295257 on Nov 14 2025)
* Project:        hls_local_metropolis_step_N22
* Solution:       hls (Vivado IP Flow Target)
* Product family: virtexuplus
* Target device:  xcvu19p-fsva3824-2-e


================================================================
== Performance Estimates
================================================================
+ Timing: 
    * Summary: 
    +--------+---------+----------+------------+
    |  Clock |  Target | Estimated| Uncertainty|
    +--------+---------+----------+------------+
    |ap_clk  |  3.33 ns|  2.388 ns|     0.90 ns|
    +--------+---------+----------+------------+

+ Latency: 
    * Summary: 
    +---------+---------+-----------+-----------+-----+-----+---------+
    |  Latency (cycles) |   Latency (absolute)  |  Interval | Pipeline|
    |   min   |   max   |    min    |    max    | min | max |   Type  |
    +---------+---------+-----------+-----------+-----+-----+---------+
    |       16|       16|  53.328 ns|  53.328 ns|   16|   16|       no|
    +---------+---------+-----------+-----------+-----+-----+---------+

    + Detail: 
        * Instance: 
        N/A

        * Loop: 
        N/A



================================================================
== Utilization Estimates
================================================================
* Summary: 
+---------------------+---------+------+---------+---------+-----+
|         Name        | BRAM_18K|  DSP |    FF   |   LUT   | URAM|
+---------------------+---------+------+---------+---------+-----+
|DSP                  |        -|     -|        -|        -|    -|
|Expression           |        -|     -|        0|     4726|    -|
|FIFO                 |        -|     -|        -|        -|    -|
|Instance             |        -|     6|      340|     2544|    -|
|Memory               |        -|     -|        -|        -|    -|
|Multiplexer          |        -|     -|        0|       95|    -|
|Register             |        -|     -|     1885|        -|    -|
+---------------------+---------+------+---------+---------+-----+
|Total                |        0|     6|     2225|     7365|    0|
+---------------------+---------+------+---------+---------+-----+
|Available SLR        |     1080|   960|  2042880|  1021440|   80|
+---------------------+---------+------+---------+---------+-----+
|Utilization SLR (%)  |        0|    ~0|       ~0|       ~0|    0|
+---------------------+---------+------+---------+---------+-----+
|Available            |     4320|  3840|  8171520|  4085760|  320|
+---------------------+---------+------+---------+---------+-----+
|Utilization (%)      |        0|    ~0|       ~0|       ~0|    0|
+---------------------+---------+------+---------+---------+-----+

+ Detail: 
    * Instance: 
    +---------------------------+-----------------------+---------+----+-----+-----+-----+
    |          Instance         |         Module        | BRAM_18K| DSP|  FF | LUT | URAM|
    +---------------------------+-----------------------+---------+----+-----+-----+-----+
    |mul_40s_50s_88_5_1_U1      |mul_40s_50s_88_5_1     |        0|   6|  340|   86|    0|
    |sparsemux_43_5_40_1_1_U3   |sparsemux_43_5_40_1_1  |        0|   0|    0|  102|    0|
    |sparsemux_43_5_40_1_1_U4   |sparsemux_43_5_40_1_1  |        0|   0|    0|  102|    0|
    |sparsemux_43_5_40_1_1_U5   |sparsemux_43_5_40_1_1  |        0|   0|    0|  102|    0|
    |sparsemux_43_5_40_1_1_U6   |sparsemux_43_5_40_1_1  |        0|   0|    0|  102|    0|
    |sparsemux_43_5_40_1_1_U7   |sparsemux_43_5_40_1_1  |        0|   0|    0|  102|    0|
    |sparsemux_43_5_40_1_1_U8   |sparsemux_43_5_40_1_1  |        0|   0|    0|  102|    0|
    |sparsemux_43_5_40_1_1_U9   |sparsemux_43_5_40_1_1  |        0|   0|    0|  102|    0|
    |sparsemux_43_5_40_1_1_U10  |sparsemux_43_5_40_1_1  |        0|   0|    0|  102|    0|
    |sparsemux_43_5_40_1_1_U11  |sparsemux_43_5_40_1_1  |        0|   0|    0|  102|    0|
    |sparsemux_43_5_40_1_1_U12  |sparsemux_43_5_40_1_1  |        0|   0|    0|  102|    0|
    |sparsemux_43_5_40_1_1_U13  |sparsemux_43_5_40_1_1  |        0|   0|    0|  102|    0|
    |sparsemux_43_5_40_1_1_U14  |sparsemux_43_5_40_1_1  |        0|   0|    0|  102|    0|
    |sparsemux_43_5_40_1_1_U15  |sparsemux_43_5_40_1_1  |        0|   0|    0|  102|    0|
    |sparsemux_43_5_40_1_1_U16  |sparsemux_43_5_40_1_1  |        0|   0|    0|  102|    0|
    |sparsemux_43_5_40_1_1_U18  |sparsemux_43_5_40_1_1  |        0|   0|    0|  102|    0|
    |sparsemux_43_5_40_1_1_U19  |sparsemux_43_5_40_1_1  |        0|   0|    0|  102|    0|
    |sparsemux_43_5_40_1_1_U20  |sparsemux_43_5_40_1_1  |        0|   0|    0|  102|    0|
    |sparsemux_43_5_40_1_1_U21  |sparsemux_43_5_40_1_1  |        0|   0|    0|  102|    0|
    |sparsemux_43_5_40_1_1_U22  |sparsemux_43_5_40_1_1  |        0|   0|    0|  102|    0|
    |sparsemux_43_5_40_1_1_U23  |sparsemux_43_5_40_1_1  |        0|   0|    0|  102|    0|
    |sparsemux_43_5_40_1_1_U24  |sparsemux_43_5_40_1_1  |        0|   0|    0|  102|    0|
    |sparsemux_43_5_40_1_1_U25  |sparsemux_43_5_40_1_1  |        0|   0|    0|  102|    0|
    |sparsemux_45_5_1_1_1_U17   |sparsemux_45_5_1_1_1   |        0|   0|    0|  107|    0|
    |sparsemux_45_5_40_1_1_U2   |sparsemux_45_5_40_1_1  |        0|   0|    0|  107|    0|
    +---------------------------+-----------------------+---------+----+-----+-----+-----+
    |Total                      |                       |        0|   6|  340| 2544|    0|
    +---------------------------+-----------------------+---------+----+-----+-----+-----+

    * DSP: 
    N/A

    * Memory: 
    N/A

    * FIFO: 
    N/A

    * Expression: 
    +--------------------------+----------+----+---+----+------------+------------+
    |       Variable Name      | Operation| DSP| FF| LUT| Bitwidth P0| Bitwidth P1|
    +--------------------------+----------+----+---+----+------------+------------+
    |field_11_fu_5088_p2       |         +|   0|  0|  47|          40|          40|
    |field_13_fu_5295_p2       |         +|   0|  0|  47|          40|          40|
    |field_15_fu_5318_p2       |         +|   0|  0|  47|          40|          40|
    |field_17_fu_5525_p2       |         +|   0|  0|  47|          40|          40|
    |field_19_fu_5548_p2       |         +|   0|  0|  47|          40|          40|
    |field_21_fu_5755_p2       |         +|   0|  0|  47|          40|          40|
    |field_23_fu_5778_p2       |         +|   0|  0|  47|          40|          40|
    |field_25_fu_6069_p2       |         +|   0|  0|  47|          40|          40|
    |field_27_fu_6091_p2       |         +|   0|  0|  47|          40|          40|
    |field_29_fu_6297_p2       |         +|   0|  0|  47|          40|          40|
    |field_2_fu_4605_p2        |         +|   0|  0|  47|          40|          40|
    |field_31_fu_6319_p2       |         +|   0|  0|  47|          40|          40|
    |field_33_fu_6525_p2       |         +|   0|  0|  47|          40|          40|
    |field_35_fu_6547_p2       |         +|   0|  0|  47|          40|          40|
    |field_37_fu_6753_p2       |         +|   0|  0|  47|          40|          40|
    |field_39_fu_6775_p2       |         +|   0|  0|  47|          40|          40|
    |field_3_fu_4628_p2        |         +|   0|  0|  47|          40|          40|
    |field_41_fu_6981_p2       |         +|   0|  0|  47|          40|          40|
    |field_43_fu_7003_p2       |         +|   0|  0|  47|          40|          40|
    |field_5_fu_4835_p2        |         +|   0|  0|  47|          40|          40|
    |field_7_fu_4858_p2        |         +|   0|  0|  47|          40|          40|
    |field_9_fu_5065_p2        |         +|   0|  0|  47|          40|          40|
    |sub_ln42_10_fu_5652_p2    |         -|   0|  0|  47|           1|          40|
    |sub_ln42_11_fu_5766_p2    |         -|   0|  0|  47|           1|          40|
    |sub_ln42_12_fu_5882_p2    |         -|   0|  0|  47|           1|          40|
    |sub_ln42_13_fu_6080_p2    |         -|   0|  0|  47|           1|          40|
    |sub_ln42_14_fu_6195_p2    |         -|   0|  0|  47|           1|          40|
    |sub_ln42_15_fu_6308_p2    |         -|   0|  0|  47|           1|          40|
    |sub_ln42_16_fu_6423_p2    |         -|   0|  0|  47|           1|          40|
    |sub_ln42_17_fu_6536_p2    |         -|   0|  0|  47|           1|          40|
    |sub_ln42_18_fu_6651_p2    |         -|   0|  0|  47|           1|          40|
    |sub_ln42_19_fu_6764_p2    |         -|   0|  0|  47|           1|          40|
    |sub_ln42_1_fu_4616_p2     |         -|   0|  0|  47|           1|          40|
    |sub_ln42_20_fu_6879_p2    |         -|   0|  0|  47|           1|          40|
    |sub_ln42_21_fu_6992_p2    |         -|   0|  0|  47|           1|          40|
    |sub_ln42_2_fu_4732_p2     |         -|   0|  0|  47|           1|          40|
    |sub_ln42_3_fu_4846_p2     |         -|   0|  0|  47|           1|          40|
    |sub_ln42_4_fu_4962_p2     |         -|   0|  0|  47|           1|          40|
    |sub_ln42_5_fu_5076_p2     |         -|   0|  0|  47|           1|          40|
    |sub_ln42_6_fu_5192_p2     |         -|   0|  0|  47|           1|          40|
    |sub_ln42_7_fu_5306_p2     |         -|   0|  0|  47|           1|          40|
    |sub_ln42_8_fu_5422_p2     |         -|   0|  0|  47|           1|          40|
    |sub_ln42_9_fu_5536_p2     |         -|   0|  0|  47|           1|          40|
    |sub_ln42_fu_4375_p2       |         -|   0|  0|  47|           1|          40|
    |icmp_ln147_10_fu_4527_p2  |      icmp|   0|  0|  39|          32|           4|
    |icmp_ln147_11_fu_4533_p2  |      icmp|   0|  0|  39|          32|           4|
    |icmp_ln147_12_fu_4539_p2  |      icmp|   0|  0|  39|          32|           4|
    |icmp_ln147_13_fu_4545_p2  |      icmp|   0|  0|  39|          32|           4|
    |icmp_ln147_14_fu_4551_p2  |      icmp|   0|  0|  39|          32|           4|
    |icmp_ln147_15_fu_4557_p2  |      icmp|   0|  0|  39|          32|           4|
    |icmp_ln147_16_fu_4563_p2  |      icmp|   0|  0|  39|          32|           5|
    |icmp_ln147_17_fu_4569_p2  |      icmp|   0|  0|  39|          32|           5|
    |icmp_ln147_18_fu_4575_p2  |      icmp|   0|  0|  39|          32|           5|
    |icmp_ln147_19_fu_4581_p2  |      icmp|   0|  0|  39|          32|           5|
    |icmp_ln147_1_fu_4381_p2   |      icmp|   0|  0|  39|          32|           1|
    |icmp_ln147_20_fu_4587_p2  |      icmp|   0|  0|  39|          32|           5|
    |icmp_ln147_21_fu_4593_p2  |      icmp|   0|  0|  39|          32|           5|
    |icmp_ln147_2_fu_4479_p2   |      icmp|   0|  0|  39|          32|           2|
    |icmp_ln147_3_fu_4485_p2   |      icmp|   0|  0|  39|          32|           2|
    |icmp_ln147_4_fu_4491_p2   |      icmp|   0|  0|  39|          32|           3|
    |icmp_ln147_5_fu_4497_p2   |      icmp|   0|  0|  39|          32|           3|
    |icmp_ln147_6_fu_4503_p2   |      icmp|   0|  0|  39|          32|           3|
    |icmp_ln147_7_fu_4509_p2   |      icmp|   0|  0|  39|          32|           3|
    |icmp_ln147_8_fu_4515_p2   |      icmp|   0|  0|  39|          32|           4|
    |icmp_ln147_9_fu_4521_p2   |      icmp|   0|  0|  39|          32|           4|
    |icmp_ln147_fu_4277_p2     |      icmp|   0|  0|  39|          32|           1|
    |field_10_fu_5070_p3       |    select|   0|  0|  40|           1|          40|
    |field_12_fu_5094_p3       |    select|   0|  0|  40|           1|          40|
    |field_14_fu_5300_p3       |    select|   0|  0|  40|           1|          40|
    |field_16_fu_5324_p3       |    select|   0|  0|  40|           1|          40|
    |field_18_fu_5530_p3       |    select|   0|  0|  40|           1|          40|
    |field_1_fu_4610_p3        |    select|   0|  0|  40|           1|          40|
    |field_20_fu_5554_p3       |    select|   0|  0|  40|           1|          40|
    |field_22_fu_5760_p3       |    select|   0|  0|  40|           1|          40|
    |field_24_fu_5784_p3       |    select|   0|  0|  40|           1|          40|
    |field_26_fu_6074_p3       |    select|   0|  0|  40|           1|          40|
    |field_28_fu_6097_p3       |    select|   0|  0|  40|           1|          40|
    |field_30_fu_6302_p3       |    select|   0|  0|  40|           1|          40|
    |field_32_fu_6325_p3       |    select|   0|  0|  40|           1|          40|
    |field_34_fu_6530_p3       |    select|   0|  0|  40|           1|          40|
    |field_36_fu_6553_p3       |    select|   0|  0|  40|           1|          40|
    |field_38_fu_6758_p3       |    select|   0|  0|  40|           1|          40|
    |field_40_fu_6781_p3       |    select|   0|  0|  40|           1|          40|
    |field_42_fu_6986_p3       |    select|   0|  0|  40|           1|          40|
    |field_44_fu_7009_p3       |    select|   0|  0|  40|           1|          40|
    |field_4_fu_4634_p3        |    select|   0|  0|  40|           1|          40|
    |field_6_fu_4840_p3        |    select|   0|  0|  40|           1|          40|
    |field_8_fu_4864_p3        |    select|   0|  0|  40|           1|          40|
    |out_fu_7035_p3            |    select|   0|  0|  40|           1|          40|
    |term_10_fu_5749_p3        |    select|   0|  0|  40|           1|          40|
    |term_11_fu_5771_p3        |    select|   0|  0|  40|           1|          40|
    |term_12_fu_6064_p3        |    select|   0|  0|  40|           1|          40|
    |term_13_fu_6085_p3        |    select|   0|  0|  40|           1|          40|
    |term_14_fu_6292_p3        |    select|   0|  0|  40|           1|          40|
    |term_15_fu_6313_p3        |    select|   0|  0|  40|           1|          40|
    |term_16_fu_6520_p3        |    select|   0|  0|  40|           1|          40|
    |term_17_fu_6541_p3        |    select|   0|  0|  40|           1|          40|
    |term_18_fu_6748_p3        |    select|   0|  0|  40|           1|          40|
    |term_19_fu_6769_p3        |    select|   0|  0|  40|           1|          40|
    |term_1_fu_4621_p3         |    select|   0|  0|  40|           1|          40|
    |term_20_fu_6976_p3        |    select|   0|  0|  40|           1|          40|
    |term_21_fu_6997_p3        |    select|   0|  0|  40|           1|          40|
    |term_2_fu_4829_p3         |    select|   0|  0|  40|           1|          40|
    |term_3_fu_4851_p3         |    select|   0|  0|  40|           1|          40|
    |term_4_fu_5059_p3         |    select|   0|  0|  40|           1|          40|
    |term_5_fu_5081_p3         |    select|   0|  0|  40|           1|          40|
    |term_6_fu_5289_p3         |    select|   0|  0|  40|           1|          40|
    |term_7_fu_5311_p3         |    select|   0|  0|  40|           1|          40|
    |term_8_fu_5519_p3         |    select|   0|  0|  40|           1|          40|
    |term_9_fu_5541_p3         |    select|   0|  0|  40|           1|          40|
    |term_fu_4599_p3           |    select|   0|  0|  40|           1|          40|
    +--------------------------+----------+----+---+----+------------+------------+
    |Total                     |          |   0|  0|4726|        1651|        3640|
    +--------------------------+----------+----+---+----+------------+------------+

    * Multiplexer: 
    +-----------+----+-----------+-----+-----------+
    |    Name   | LUT| Input Size| Bits| Total Bits|
    +-----------+----+-----------+-----+-----------+
    |ap_NS_fsm  |  86|         18|    1|         18|
    |ap_return  |   9|          2|   40|         80|
    +-----------+----+-----------+-----+-----------+
    |Total      |  95|         20|   41|         98|
    +-----------+----+-----------+-----+-----------+

    * Register: 
    +------------------------+----+----+-----+-----------+
    |          Name          | FF | LUT| Bits| Const Bits|
    +------------------------+----+----+-----+-----------+
    |a_10_reg_7343           |  40|   0|   40|          0|
    |a_11_reg_7353           |  40|   0|   40|          0|
    |a_12_reg_7415           |  40|   0|   40|          0|
    |a_13_reg_7425           |  40|   0|   40|          0|
    |a_14_reg_7442           |  40|   0|   40|          0|
    |a_15_reg_7452           |  40|   0|   40|          0|
    |a_16_reg_7464           |  40|   0|   40|          0|
    |a_17_reg_7474           |  40|   0|   40|          0|
    |a_18_reg_7486           |  40|   0|   40|          0|
    |a_19_reg_7496           |  40|   0|   40|          0|
    |a_1_reg_7093            |  40|   0|   40|          0|
    |a_20_reg_7508           |  40|   0|   40|          0|
    |a_21_reg_7518           |  40|   0|   40|          0|
    |a_2_reg_7215            |  40|   0|   40|          0|
    |a_3_reg_7225            |  40|   0|   40|          0|
    |a_4_reg_7247            |  40|   0|   40|          0|
    |a_5_reg_7257            |  40|   0|   40|          0|
    |a_6_reg_7279            |  40|   0|   40|          0|
    |a_7_reg_7289            |  40|   0|   40|          0|
    |a_8_reg_7311            |  40|   0|   40|          0|
    |a_9_reg_7321            |  40|   0|   40|          0|
    |a_reg_7078              |  40|   0|   40|          0|
    |ap_CS_fsm               |  17|   0|   17|          0|
    |ap_return_preg          |  40|   0|   40|          0|
    |b_reg_7431              |   1|   0|    1|          0|
    |field_12_reg_7273       |  40|   0|   40|          0|
    |field_16_reg_7305       |  40|   0|   40|          0|
    |field_20_reg_7337       |  40|   0|   40|          0|
    |field_24_reg_7409       |  40|   0|   40|          0|
    |field_28_reg_7436       |  40|   0|   40|          0|
    |field_32_reg_7458       |  40|   0|   40|          0|
    |field_36_reg_7480       |  40|   0|   40|          0|
    |field_40_reg_7502       |  40|   0|   40|          0|
    |field_44_reg_7524       |  40|   0|   40|          0|
    |field_4_reg_7209        |  40|   0|   40|          0|
    |field_8_reg_7241        |  40|   0|   40|          0|
    |field_reg_7067          |  40|   0|   40|          0|
    |icmp_ln147_10_reg_7139  |   1|   0|    1|          0|
    |icmp_ln147_11_reg_7144  |   1|   0|    1|          0|
    |icmp_ln147_12_reg_7149  |   1|   0|    1|          0|
    |icmp_ln147_13_reg_7154  |   1|   0|    1|          0|
    |icmp_ln147_14_reg_7159  |   1|   0|    1|          0|
    |icmp_ln147_15_reg_7164  |   1|   0|    1|          0|
    |icmp_ln147_16_reg_7169  |   1|   0|    1|          0|
    |icmp_ln147_17_reg_7174  |   1|   0|    1|          0|
    |icmp_ln147_18_reg_7179  |   1|   0|    1|          0|
    |icmp_ln147_19_reg_7184  |   1|   0|    1|          0|
    |icmp_ln147_1_reg_7088   |   1|   0|    1|          0|
    |icmp_ln147_20_reg_7189  |   1|   0|    1|          0|
    |icmp_ln147_21_reg_7194  |   1|   0|    1|          0|
    |icmp_ln147_2_reg_7099   |   1|   0|    1|          0|
    |icmp_ln147_3_reg_7104   |   1|   0|    1|          0|
    |icmp_ln147_4_reg_7109   |   1|   0|    1|          0|
    |icmp_ln147_5_reg_7114   |   1|   0|    1|          0|
    |icmp_ln147_6_reg_7119   |   1|   0|    1|          0|
    |icmp_ln147_7_reg_7124   |   1|   0|    1|          0|
    |icmp_ln147_8_reg_7129   |   1|   0|    1|          0|
    |icmp_ln147_9_reg_7134   |   1|   0|    1|          0|
    |icmp_ln147_reg_7073     |   1|   0|    1|          0|
    |sub_ln42_10_reg_7348    |  40|   0|   40|          0|
    |sub_ln42_12_reg_7420    |  40|   0|   40|          0|
    |sub_ln42_14_reg_7447    |  40|   0|   40|          0|
    |sub_ln42_16_reg_7469    |  40|   0|   40|          0|
    |sub_ln42_18_reg_7491    |  40|   0|   40|          0|
    |sub_ln42_20_reg_7513    |  40|   0|   40|          0|
    |sub_ln42_2_reg_7220     |  40|   0|   40|          0|
    |sub_ln42_4_reg_7252     |  40|   0|   40|          0|
    |sub_ln42_6_reg_7284     |  40|   0|   40|          0|
    |sub_ln42_8_reg_7316     |  40|   0|   40|          0|
    |sub_ln42_reg_7083       |  40|   0|   40|          0|
    |trunc_ln137_reg_7042    |   5|   0|    5|          0|
    +------------------------+----+----+-----+-----------+
    |Total                   |1885|   0| 1885|          0|
    +------------------------+----+----+-----+-----------+



================================================================
== Interface
================================================================
* Summary: 
+-------------+-----+-----+------------+--------------------+--------------+
|  RTL Ports  | Dir | Bits|  Protocol  |    Source Object   |    C Type    |
+-------------+-----+-----+------------+--------------------+--------------+
|ap_clk       |   in|    1|  ap_ctrl_hs|  local_delta_energy|  return value|
|ap_rst       |   in|    1|  ap_ctrl_hs|  local_delta_energy|  return value|
|ap_start     |   in|    1|  ap_ctrl_hs|  local_delta_energy|  return value|
|ap_done      |  out|    1|  ap_ctrl_hs|  local_delta_energy|  return value|
|ap_idle      |  out|    1|  ap_ctrl_hs|  local_delta_energy|  return value|
|ap_ready     |  out|    1|  ap_ctrl_hs|  local_delta_energy|  return value|
|ap_return    |  out|   40|  ap_ctrl_hs|  local_delta_energy|  return value|
|J_0_1_val    |   in|   40|     ap_none|           J_0_1_val|        scalar|
|J_0_2_val    |   in|   40|     ap_none|           J_0_2_val|        scalar|
|J_0_3_val    |   in|   40|     ap_none|           J_0_3_val|        scalar|
|J_0_4_val    |   in|   40|     ap_none|           J_0_4_val|        scalar|
|J_0_5_val    |   in|   40|     ap_none|           J_0_5_val|        scalar|
|J_0_6_val    |   in|   40|     ap_none|           J_0_6_val|        scalar|
|J_0_7_val    |   in|   40|     ap_none|           J_0_7_val|        scalar|
|J_0_8_val    |   in|   40|     ap_none|           J_0_8_val|        scalar|
|J_0_9_val    |   in|   40|     ap_none|           J_0_9_val|        scalar|
|J_0_10_val   |   in|   40|     ap_none|          J_0_10_val|        scalar|
|J_0_11_val   |   in|   40|     ap_none|          J_0_11_val|        scalar|
|J_0_12_val   |   in|   40|     ap_none|          J_0_12_val|        scalar|
|J_0_13_val   |   in|   40|     ap_none|          J_0_13_val|        scalar|
|J_0_14_val   |   in|   40|     ap_none|          J_0_14_val|        scalar|
|J_0_15_val   |   in|   40|     ap_none|          J_0_15_val|        scalar|
|J_0_16_val   |   in|   40|     ap_none|          J_0_16_val|        scalar|
|J_0_17_val   |   in|   40|     ap_none|          J_0_17_val|        scalar|
|J_0_18_val   |   in|   40|     ap_none|          J_0_18_val|        scalar|
|J_0_19_val   |   in|   40|     ap_none|          J_0_19_val|        scalar|
|J_0_20_val   |   in|   40|     ap_none|          J_0_20_val|        scalar|
|J_0_21_val   |   in|   40|     ap_none|          J_0_21_val|        scalar|
|J_1_0_val    |   in|   40|     ap_none|           J_1_0_val|        scalar|
|J_1_2_val    |   in|   40|     ap_none|           J_1_2_val|        scalar|
|J_1_3_val    |   in|   40|     ap_none|           J_1_3_val|        scalar|
|J_1_4_val    |   in|   40|     ap_none|           J_1_4_val|        scalar|
|J_1_5_val    |   in|   40|     ap_none|           J_1_5_val|        scalar|
|J_1_6_val    |   in|   40|     ap_none|           J_1_6_val|        scalar|
|J_1_7_val    |   in|   40|     ap_none|           J_1_7_val|        scalar|
|J_1_8_val    |   in|   40|     ap_none|           J_1_8_val|        scalar|
|J_1_9_val    |   in|   40|     ap_none|           J_1_9_val|        scalar|
|J_1_10_val   |   in|   40|     ap_none|          J_1_10_val|        scalar|
|J_1_11_val   |   in|   40|     ap_none|          J_1_11_val|        scalar|
|J_1_12_val   |   in|   40|     ap_none|          J_1_12_val|        scalar|
|J_1_13_val   |   in|   40|     ap_none|          J_1_13_val|        scalar|
|J_1_14_val   |   in|   40|     ap_none|          J_1_14_val|        scalar|
|J_1_15_val   |   in|   40|     ap_none|          J_1_15_val|        scalar|
|J_1_16_val   |   in|   40|     ap_none|          J_1_16_val|        scalar|
|J_1_17_val   |   in|   40|     ap_none|          J_1_17_val|        scalar|
|J_1_18_val   |   in|   40|     ap_none|          J_1_18_val|        scalar|
|J_1_19_val   |   in|   40|     ap_none|          J_1_19_val|        scalar|
|J_1_20_val   |   in|   40|     ap_none|          J_1_20_val|        scalar|
|J_1_21_val   |   in|   40|     ap_none|          J_1_21_val|        scalar|
|J_2_0_val    |   in|   40|     ap_none|           J_2_0_val|        scalar|
|J_2_1_val    |   in|   40|     ap_none|           J_2_1_val|        scalar|
|J_2_3_val    |   in|   40|     ap_none|           J_2_3_val|        scalar|
|J_2_4_val    |   in|   40|     ap_none|           J_2_4_val|        scalar|
|J_2_5_val    |   in|   40|     ap_none|           J_2_5_val|        scalar|
|J_2_6_val    |   in|   40|     ap_none|           J_2_6_val|        scalar|
|J_2_7_val    |   in|   40|     ap_none|           J_2_7_val|        scalar|
|J_2_8_val    |   in|   40|     ap_none|           J_2_8_val|        scalar|
|J_2_9_val    |   in|   40|     ap_none|           J_2_9_val|        scalar|
|J_2_10_val   |   in|   40|     ap_none|          J_2_10_val|        scalar|
|J_2_11_val   |   in|   40|     ap_none|          J_2_11_val|        scalar|
|J_2_12_val   |   in|   40|     ap_none|          J_2_12_val|        scalar|
|J_2_13_val   |   in|   40|     ap_none|          J_2_13_val|        scalar|
|J_2_14_val   |   in|   40|     ap_none|          J_2_14_val|        scalar|
|J_2_15_val   |   in|   40|     ap_none|          J_2_15_val|        scalar|
|J_2_16_val   |   in|   40|     ap_none|          J_2_16_val|        scalar|
|J_2_17_val   |   in|   40|     ap_none|          J_2_17_val|        scalar|
|J_2_18_val   |   in|   40|     ap_none|          J_2_18_val|        scalar|
|J_2_19_val   |   in|   40|     ap_none|          J_2_19_val|        scalar|
|J_2_20_val   |   in|   40|     ap_none|          J_2_20_val|        scalar|
|J_2_21_val   |   in|   40|     ap_none|          J_2_21_val|        scalar|
|J_3_0_val    |   in|   40|     ap_none|           J_3_0_val|        scalar|
|J_3_1_val    |   in|   40|     ap_none|           J_3_1_val|        scalar|
|J_3_2_val    |   in|   40|     ap_none|           J_3_2_val|        scalar|
|J_3_4_val    |   in|   40|     ap_none|           J_3_4_val|        scalar|
|J_3_5_val    |   in|   40|     ap_none|           J_3_5_val|        scalar|
|J_3_6_val    |   in|   40|     ap_none|           J_3_6_val|        scalar|
|J_3_7_val    |   in|   40|     ap_none|           J_3_7_val|        scalar|
|J_3_8_val    |   in|   40|     ap_none|           J_3_8_val|        scalar|
|J_3_9_val    |   in|   40|     ap_none|           J_3_9_val|        scalar|
|J_3_10_val   |   in|   40|     ap_none|          J_3_10_val|        scalar|
|J_3_11_val   |   in|   40|     ap_none|          J_3_11_val|        scalar|
|J_3_12_val   |   in|   40|     ap_none|          J_3_12_val|        scalar|
|J_3_13_val   |   in|   40|     ap_none|          J_3_13_val|        scalar|
|J_3_14_val   |   in|   40|     ap_none|          J_3_14_val|        scalar|
|J_3_15_val   |   in|   40|     ap_none|          J_3_15_val|        scalar|
|J_3_16_val   |   in|   40|     ap_none|          J_3_16_val|        scalar|
|J_3_17_val   |   in|   40|     ap_none|          J_3_17_val|        scalar|
|J_3_18_val   |   in|   40|     ap_none|          J_3_18_val|        scalar|
|J_3_19_val   |   in|   40|     ap_none|          J_3_19_val|        scalar|
|J_3_20_val   |   in|   40|     ap_none|          J_3_20_val|        scalar|
|J_3_21_val   |   in|   40|     ap_none|          J_3_21_val|        scalar|
|J_4_0_val    |   in|   40|     ap_none|           J_4_0_val|        scalar|
|J_4_1_val    |   in|   40|     ap_none|           J_4_1_val|        scalar|
|J_4_2_val    |   in|   40|     ap_none|           J_4_2_val|        scalar|
|J_4_3_val    |   in|   40|     ap_none|           J_4_3_val|        scalar|
|J_4_5_val    |   in|   40|     ap_none|           J_4_5_val|        scalar|
|J_4_6_val    |   in|   40|     ap_none|           J_4_6_val|        scalar|
|J_4_7_val    |   in|   40|     ap_none|           J_4_7_val|        scalar|
|J_4_8_val    |   in|   40|     ap_none|           J_4_8_val|        scalar|
|J_4_9_val    |   in|   40|     ap_none|           J_4_9_val|        scalar|
|J_4_10_val   |   in|   40|     ap_none|          J_4_10_val|        scalar|
|J_4_11_val   |   in|   40|     ap_none|          J_4_11_val|        scalar|
|J_4_12_val   |   in|   40|     ap_none|          J_4_12_val|        scalar|
|J_4_13_val   |   in|   40|     ap_none|          J_4_13_val|        scalar|
|J_4_14_val   |   in|   40|     ap_none|          J_4_14_val|        scalar|
|J_4_15_val   |   in|   40|     ap_none|          J_4_15_val|        scalar|
|J_4_16_val   |   in|   40|     ap_none|          J_4_16_val|        scalar|
|J_4_17_val   |   in|   40|     ap_none|          J_4_17_val|        scalar|
|J_4_18_val   |   in|   40|     ap_none|          J_4_18_val|        scalar|
|J_4_19_val   |   in|   40|     ap_none|          J_4_19_val|        scalar|
|J_4_20_val   |   in|   40|     ap_none|          J_4_20_val|        scalar|
|J_4_21_val   |   in|   40|     ap_none|          J_4_21_val|        scalar|
|J_5_0_val    |   in|   40|     ap_none|           J_5_0_val|        scalar|
|J_5_1_val    |   in|   40|     ap_none|           J_5_1_val|        scalar|
|J_5_2_val    |   in|   40|     ap_none|           J_5_2_val|        scalar|
|J_5_3_val    |   in|   40|     ap_none|           J_5_3_val|        scalar|
|J_5_4_val    |   in|   40|     ap_none|           J_5_4_val|        scalar|
|J_5_6_val    |   in|   40|     ap_none|           J_5_6_val|        scalar|
|J_5_7_val    |   in|   40|     ap_none|           J_5_7_val|        scalar|
|J_5_8_val    |   in|   40|     ap_none|           J_5_8_val|        scalar|
|J_5_9_val    |   in|   40|     ap_none|           J_5_9_val|        scalar|
|J_5_10_val   |   in|   40|     ap_none|          J_5_10_val|        scalar|
|J_5_11_val   |   in|   40|     ap_none|          J_5_11_val|        scalar|
|J_5_12_val   |   in|   40|     ap_none|          J_5_12_val|        scalar|
|J_5_13_val   |   in|   40|     ap_none|          J_5_13_val|        scalar|
|J_5_14_val   |   in|   40|     ap_none|          J_5_14_val|        scalar|
|J_5_15_val   |   in|   40|     ap_none|          J_5_15_val|        scalar|
|J_5_16_val   |   in|   40|     ap_none|          J_5_16_val|        scalar|
|J_5_17_val   |   in|   40|     ap_none|          J_5_17_val|        scalar|
|J_5_18_val   |   in|   40|     ap_none|          J_5_18_val|        scalar|
|J_5_19_val   |   in|   40|     ap_none|          J_5_19_val|        scalar|
|J_5_20_val   |   in|   40|     ap_none|          J_5_20_val|        scalar|
|J_5_21_val   |   in|   40|     ap_none|          J_5_21_val|        scalar|
|J_6_0_val    |   in|   40|     ap_none|           J_6_0_val|        scalar|
|J_6_1_val    |   in|   40|     ap_none|           J_6_1_val|        scalar|
|J_6_2_val    |   in|   40|     ap_none|           J_6_2_val|        scalar|
|J_6_3_val    |   in|   40|     ap_none|           J_6_3_val|        scalar|
|J_6_4_val    |   in|   40|     ap_none|           J_6_4_val|        scalar|
|J_6_5_val    |   in|   40|     ap_none|           J_6_5_val|        scalar|
|J_6_7_val    |   in|   40|     ap_none|           J_6_7_val|        scalar|
|J_6_8_val    |   in|   40|     ap_none|           J_6_8_val|        scalar|
|J_6_9_val    |   in|   40|     ap_none|           J_6_9_val|        scalar|
|J_6_10_val   |   in|   40|     ap_none|          J_6_10_val|        scalar|
|J_6_11_val   |   in|   40|     ap_none|          J_6_11_val|        scalar|
|J_6_12_val   |   in|   40|     ap_none|          J_6_12_val|        scalar|
|J_6_13_val   |   in|   40|     ap_none|          J_6_13_val|        scalar|
|J_6_14_val   |   in|   40|     ap_none|          J_6_14_val|        scalar|
|J_6_15_val   |   in|   40|     ap_none|          J_6_15_val|        scalar|
|J_6_16_val   |   in|   40|     ap_none|          J_6_16_val|        scalar|
|J_6_17_val   |   in|   40|     ap_none|          J_6_17_val|        scalar|
|J_6_18_val   |   in|   40|     ap_none|          J_6_18_val|        scalar|
|J_6_19_val   |   in|   40|     ap_none|          J_6_19_val|        scalar|
|J_6_20_val   |   in|   40|     ap_none|          J_6_20_val|        scalar|
|J_6_21_val   |   in|   40|     ap_none|          J_6_21_val|        scalar|
|J_7_0_val    |   in|   40|     ap_none|           J_7_0_val|        scalar|
|J_7_1_val    |   in|   40|     ap_none|           J_7_1_val|        scalar|
|J_7_2_val    |   in|   40|     ap_none|           J_7_2_val|        scalar|
|J_7_3_val    |   in|   40|     ap_none|           J_7_3_val|        scalar|
|J_7_4_val    |   in|   40|     ap_none|           J_7_4_val|        scalar|
|J_7_5_val    |   in|   40|     ap_none|           J_7_5_val|        scalar|
|J_7_6_val    |   in|   40|     ap_none|           J_7_6_val|        scalar|
|J_7_8_val    |   in|   40|     ap_none|           J_7_8_val|        scalar|
|J_7_9_val    |   in|   40|     ap_none|           J_7_9_val|        scalar|
|J_7_10_val   |   in|   40|     ap_none|          J_7_10_val|        scalar|
|J_7_11_val   |   in|   40|     ap_none|          J_7_11_val|        scalar|
|J_7_12_val   |   in|   40|     ap_none|          J_7_12_val|        scalar|
|J_7_13_val   |   in|   40|     ap_none|          J_7_13_val|        scalar|
|J_7_14_val   |   in|   40|     ap_none|          J_7_14_val|        scalar|
|J_7_15_val   |   in|   40|     ap_none|          J_7_15_val|        scalar|
|J_7_16_val   |   in|   40|     ap_none|          J_7_16_val|        scalar|
|J_7_17_val   |   in|   40|     ap_none|          J_7_17_val|        scalar|
|J_7_18_val   |   in|   40|     ap_none|          J_7_18_val|        scalar|
|J_7_19_val   |   in|   40|     ap_none|          J_7_19_val|        scalar|
|J_7_20_val   |   in|   40|     ap_none|          J_7_20_val|        scalar|
|J_7_21_val   |   in|   40|     ap_none|          J_7_21_val|        scalar|
|J_8_0_val    |   in|   40|     ap_none|           J_8_0_val|        scalar|
|J_8_1_val    |   in|   40|     ap_none|           J_8_1_val|        scalar|
|J_8_2_val    |   in|   40|     ap_none|           J_8_2_val|        scalar|
|J_8_3_val    |   in|   40|     ap_none|           J_8_3_val|        scalar|
|J_8_4_val    |   in|   40|     ap_none|           J_8_4_val|        scalar|
|J_8_5_val    |   in|   40|     ap_none|           J_8_5_val|        scalar|
|J_8_6_val    |   in|   40|     ap_none|           J_8_6_val|        scalar|
|J_8_7_val    |   in|   40|     ap_none|           J_8_7_val|        scalar|
|J_8_9_val    |   in|   40|     ap_none|           J_8_9_val|        scalar|
|J_8_10_val   |   in|   40|     ap_none|          J_8_10_val|        scalar|
|J_8_11_val   |   in|   40|     ap_none|          J_8_11_val|        scalar|
|J_8_12_val   |   in|   40|     ap_none|          J_8_12_val|        scalar|
|J_8_13_val   |   in|   40|     ap_none|          J_8_13_val|        scalar|
|J_8_14_val   |   in|   40|     ap_none|          J_8_14_val|        scalar|
|J_8_15_val   |   in|   40|     ap_none|          J_8_15_val|        scalar|
|J_8_16_val   |   in|   40|     ap_none|          J_8_16_val|        scalar|
|J_8_17_val   |   in|   40|     ap_none|          J_8_17_val|        scalar|
|J_8_18_val   |   in|   40|     ap_none|          J_8_18_val|        scalar|
|J_8_19_val   |   in|   40|     ap_none|          J_8_19_val|        scalar|
|J_8_20_val   |   in|   40|     ap_none|          J_8_20_val|        scalar|
|J_8_21_val   |   in|   40|     ap_none|          J_8_21_val|        scalar|
|J_9_0_val    |   in|   40|     ap_none|           J_9_0_val|        scalar|
|J_9_1_val    |   in|   40|     ap_none|           J_9_1_val|        scalar|
|J_9_2_val    |   in|   40|     ap_none|           J_9_2_val|        scalar|
|J_9_3_val    |   in|   40|     ap_none|           J_9_3_val|        scalar|
|J_9_4_val    |   in|   40|     ap_none|           J_9_4_val|        scalar|
|J_9_5_val    |   in|   40|     ap_none|           J_9_5_val|        scalar|
|J_9_6_val    |   in|   40|     ap_none|           J_9_6_val|        scalar|
|J_9_7_val    |   in|   40|     ap_none|           J_9_7_val|        scalar|
|J_9_8_val    |   in|   40|     ap_none|           J_9_8_val|        scalar|
|J_9_10_val   |   in|   40|     ap_none|          J_9_10_val|        scalar|
|J_9_11_val   |   in|   40|     ap_none|          J_9_11_val|        scalar|
|J_9_12_val   |   in|   40|     ap_none|          J_9_12_val|        scalar|
|J_9_13_val   |   in|   40|     ap_none|          J_9_13_val|        scalar|
|J_9_14_val   |   in|   40|     ap_none|          J_9_14_val|        scalar|
|J_9_15_val   |   in|   40|     ap_none|          J_9_15_val|        scalar|
|J_9_16_val   |   in|   40|     ap_none|          J_9_16_val|        scalar|
|J_9_17_val   |   in|   40|     ap_none|          J_9_17_val|        scalar|
|J_9_18_val   |   in|   40|     ap_none|          J_9_18_val|        scalar|
|J_9_19_val   |   in|   40|     ap_none|          J_9_19_val|        scalar|
|J_9_20_val   |   in|   40|     ap_none|          J_9_20_val|        scalar|
|J_9_21_val   |   in|   40|     ap_none|          J_9_21_val|        scalar|
|J_10_0_val   |   in|   40|     ap_none|          J_10_0_val|        scalar|
|J_10_1_val   |   in|   40|     ap_none|          J_10_1_val|        scalar|
|J_10_2_val   |   in|   40|     ap_none|          J_10_2_val|        scalar|
|J_10_3_val   |   in|   40|     ap_none|          J_10_3_val|        scalar|
|J_10_4_val   |   in|   40|     ap_none|          J_10_4_val|        scalar|
|J_10_5_val   |   in|   40|     ap_none|          J_10_5_val|        scalar|
|J_10_6_val   |   in|   40|     ap_none|          J_10_6_val|        scalar|
|J_10_7_val   |   in|   40|     ap_none|          J_10_7_val|        scalar|
|J_10_8_val   |   in|   40|     ap_none|          J_10_8_val|        scalar|
|J_10_9_val   |   in|   40|     ap_none|          J_10_9_val|        scalar|
|J_10_11_val  |   in|   40|     ap_none|         J_10_11_val|        scalar|
|J_10_12_val  |   in|   40|     ap_none|         J_10_12_val|        scalar|
|J_10_13_val  |   in|   40|     ap_none|         J_10_13_val|        scalar|
|J_10_14_val  |   in|   40|     ap_none|         J_10_14_val|        scalar|
|J_10_15_val  |   in|   40|     ap_none|         J_10_15_val|        scalar|
|J_10_16_val  |   in|   40|     ap_none|         J_10_16_val|        scalar|
|J_10_17_val  |   in|   40|     ap_none|         J_10_17_val|        scalar|
|J_10_18_val  |   in|   40|     ap_none|         J_10_18_val|        scalar|
|J_10_19_val  |   in|   40|     ap_none|         J_10_19_val|        scalar|
|J_10_20_val  |   in|   40|     ap_none|         J_10_20_val|        scalar|
|J_10_21_val  |   in|   40|     ap_none|         J_10_21_val|        scalar|
|J_11_0_val   |   in|   40|     ap_none|          J_11_0_val|        scalar|
|J_11_1_val   |   in|   40|     ap_none|          J_11_1_val|        scalar|
|J_11_2_val   |   in|   40|     ap_none|          J_11_2_val|        scalar|
|J_11_3_val   |   in|   40|     ap_none|          J_11_3_val|        scalar|
|J_11_4_val   |   in|   40|     ap_none|          J_11_4_val|        scalar|
|J_11_5_val   |   in|   40|     ap_none|          J_11_5_val|        scalar|
|J_11_6_val   |   in|   40|     ap_none|          J_11_6_val|        scalar|
|J_11_7_val   |   in|   40|     ap_none|          J_11_7_val|        scalar|
|J_11_8_val   |   in|   40|     ap_none|          J_11_8_val|        scalar|
|J_11_9_val   |   in|   40|     ap_none|          J_11_9_val|        scalar|
|J_11_10_val  |   in|   40|     ap_none|         J_11_10_val|        scalar|
|J_11_12_val  |   in|   40|     ap_none|         J_11_12_val|        scalar|
|J_11_13_val  |   in|   40|     ap_none|         J_11_13_val|        scalar|
|J_11_14_val  |   in|   40|     ap_none|         J_11_14_val|        scalar|
|J_11_15_val  |   in|   40|     ap_none|         J_11_15_val|        scalar|
|J_11_16_val  |   in|   40|     ap_none|         J_11_16_val|        scalar|
|J_11_17_val  |   in|   40|     ap_none|         J_11_17_val|        scalar|
|J_11_18_val  |   in|   40|     ap_none|         J_11_18_val|        scalar|
|J_11_19_val  |   in|   40|     ap_none|         J_11_19_val|        scalar|
|J_11_20_val  |   in|   40|     ap_none|         J_11_20_val|        scalar|
|J_11_21_val  |   in|   40|     ap_none|         J_11_21_val|        scalar|
|J_12_0_val   |   in|   40|     ap_none|          J_12_0_val|        scalar|
|J_12_1_val   |   in|   40|     ap_none|          J_12_1_val|        scalar|
|J_12_2_val   |   in|   40|     ap_none|          J_12_2_val|        scalar|
|J_12_3_val   |   in|   40|     ap_none|          J_12_3_val|        scalar|
|J_12_4_val   |   in|   40|     ap_none|          J_12_4_val|        scalar|
|J_12_5_val   |   in|   40|     ap_none|          J_12_5_val|        scalar|
|J_12_6_val   |   in|   40|     ap_none|          J_12_6_val|        scalar|
|J_12_7_val   |   in|   40|     ap_none|          J_12_7_val|        scalar|
|J_12_8_val   |   in|   40|     ap_none|          J_12_8_val|        scalar|
|J_12_9_val   |   in|   40|     ap_none|          J_12_9_val|        scalar|
|J_12_10_val  |   in|   40|     ap_none|         J_12_10_val|        scalar|
|J_12_11_val  |   in|   40|     ap_none|         J_12_11_val|        scalar|
|J_12_13_val  |   in|   40|     ap_none|         J_12_13_val|        scalar|
|J_12_14_val  |   in|   40|     ap_none|         J_12_14_val|        scalar|
|J_12_15_val  |   in|   40|     ap_none|         J_12_15_val|        scalar|
|J_12_16_val  |   in|   40|     ap_none|         J_12_16_val|        scalar|
|J_12_17_val  |   in|   40|     ap_none|         J_12_17_val|        scalar|
|J_12_18_val  |   in|   40|     ap_none|         J_12_18_val|        scalar|
|J_12_19_val  |   in|   40|     ap_none|         J_12_19_val|        scalar|
|J_12_20_val  |   in|   40|     ap_none|         J_12_20_val|        scalar|
|J_12_21_val  |   in|   40|     ap_none|         J_12_21_val|        scalar|
|J_13_0_val   |   in|   40|     ap_none|          J_13_0_val|        scalar|
|J_13_1_val   |   in|   40|     ap_none|          J_13_1_val|        scalar|
|J_13_2_val   |   in|   40|     ap_none|          J_13_2_val|        scalar|
|J_13_3_val   |   in|   40|     ap_none|          J_13_3_val|        scalar|
|J_13_4_val   |   in|   40|     ap_none|          J_13_4_val|        scalar|
|J_13_5_val   |   in|   40|     ap_none|          J_13_5_val|        scalar|
|J_13_6_val   |   in|   40|     ap_none|          J_13_6_val|        scalar|
|J_13_7_val   |   in|   40|     ap_none|          J_13_7_val|        scalar|
|J_13_8_val   |   in|   40|     ap_none|          J_13_8_val|        scalar|
|J_13_9_val   |   in|   40|     ap_none|          J_13_9_val|        scalar|
|J_13_10_val  |   in|   40|     ap_none|         J_13_10_val|        scalar|
|J_13_11_val  |   in|   40|     ap_none|         J_13_11_val|        scalar|
|J_13_12_val  |   in|   40|     ap_none|         J_13_12_val|        scalar|
|J_13_14_val  |   in|   40|     ap_none|         J_13_14_val|        scalar|
|J_13_15_val  |   in|   40|     ap_none|         J_13_15_val|        scalar|
|J_13_16_val  |   in|   40|     ap_none|         J_13_16_val|        scalar|
|J_13_17_val  |   in|   40|     ap_none|         J_13_17_val|        scalar|
|J_13_18_val  |   in|   40|     ap_none|         J_13_18_val|        scalar|
|J_13_19_val  |   in|   40|     ap_none|         J_13_19_val|        scalar|
|J_13_20_val  |   in|   40|     ap_none|         J_13_20_val|        scalar|
|J_13_21_val  |   in|   40|     ap_none|         J_13_21_val|        scalar|
|J_14_0_val   |   in|   40|     ap_none|          J_14_0_val|        scalar|
|J_14_1_val   |   in|   40|     ap_none|          J_14_1_val|        scalar|
|J_14_2_val   |   in|   40|     ap_none|          J_14_2_val|        scalar|
|J_14_3_val   |   in|   40|     ap_none|          J_14_3_val|        scalar|
|J_14_4_val   |   in|   40|     ap_none|          J_14_4_val|        scalar|
|J_14_5_val   |   in|   40|     ap_none|          J_14_5_val|        scalar|
|J_14_6_val   |   in|   40|     ap_none|          J_14_6_val|        scalar|
|J_14_7_val   |   in|   40|     ap_none|          J_14_7_val|        scalar|
|J_14_8_val   |   in|   40|     ap_none|          J_14_8_val|        scalar|
|J_14_9_val   |   in|   40|     ap_none|          J_14_9_val|        scalar|
|J_14_10_val  |   in|   40|     ap_none|         J_14_10_val|        scalar|
|J_14_11_val  |   in|   40|     ap_none|         J_14_11_val|        scalar|
|J_14_12_val  |   in|   40|     ap_none|         J_14_12_val|        scalar|
|J_14_13_val  |   in|   40|     ap_none|         J_14_13_val|        scalar|
|J_14_15_val  |   in|   40|     ap_none|         J_14_15_val|        scalar|
|J_14_16_val  |   in|   40|     ap_none|         J_14_16_val|        scalar|
|J_14_17_val  |   in|   40|     ap_none|         J_14_17_val|        scalar|
|J_14_18_val  |   in|   40|     ap_none|         J_14_18_val|        scalar|
|J_14_19_val  |   in|   40|     ap_none|         J_14_19_val|        scalar|
|J_14_20_val  |   in|   40|     ap_none|         J_14_20_val|        scalar|
|J_14_21_val  |   in|   40|     ap_none|         J_14_21_val|        scalar|
|J_15_0_val   |   in|   40|     ap_none|          J_15_0_val|        scalar|
|J_15_1_val   |   in|   40|     ap_none|          J_15_1_val|        scalar|
|J_15_2_val   |   in|   40|     ap_none|          J_15_2_val|        scalar|
|J_15_3_val   |   in|   40|     ap_none|          J_15_3_val|        scalar|
|J_15_4_val   |   in|   40|     ap_none|          J_15_4_val|        scalar|
|J_15_5_val   |   in|   40|     ap_none|          J_15_5_val|        scalar|
|J_15_6_val   |   in|   40|     ap_none|          J_15_6_val|        scalar|
|J_15_7_val   |   in|   40|     ap_none|          J_15_7_val|        scalar|
|J_15_8_val   |   in|   40|     ap_none|          J_15_8_val|        scalar|
|J_15_9_val   |   in|   40|     ap_none|          J_15_9_val|        scalar|
|J_15_10_val  |   in|   40|     ap_none|         J_15_10_val|        scalar|
|J_15_11_val  |   in|   40|     ap_none|         J_15_11_val|        scalar|
|J_15_12_val  |   in|   40|     ap_none|         J_15_12_val|        scalar|
|J_15_13_val  |   in|   40|     ap_none|         J_15_13_val|        scalar|
|J_15_14_val  |   in|   40|     ap_none|         J_15_14_val|        scalar|
|J_15_16_val  |   in|   40|     ap_none|         J_15_16_val|        scalar|
|J_15_17_val  |   in|   40|     ap_none|         J_15_17_val|        scalar|
|J_15_18_val  |   in|   40|     ap_none|         J_15_18_val|        scalar|
|J_15_19_val  |   in|   40|     ap_none|         J_15_19_val|        scalar|
|J_15_20_val  |   in|   40|     ap_none|         J_15_20_val|        scalar|
|J_15_21_val  |   in|   40|     ap_none|         J_15_21_val|        scalar|
|J_16_0_val   |   in|   40|     ap_none|          J_16_0_val|        scalar|
|J_16_1_val   |   in|   40|     ap_none|          J_16_1_val|        scalar|
|J_16_2_val   |   in|   40|     ap_none|          J_16_2_val|        scalar|
|J_16_3_val   |   in|   40|     ap_none|          J_16_3_val|        scalar|
|J_16_4_val   |   in|   40|     ap_none|          J_16_4_val|        scalar|
|J_16_5_val   |   in|   40|     ap_none|          J_16_5_val|        scalar|
|J_16_6_val   |   in|   40|     ap_none|          J_16_6_val|        scalar|
|J_16_7_val   |   in|   40|     ap_none|          J_16_7_val|        scalar|
|J_16_8_val   |   in|   40|     ap_none|          J_16_8_val|        scalar|
|J_16_9_val   |   in|   40|     ap_none|          J_16_9_val|        scalar|
|J_16_10_val  |   in|   40|     ap_none|         J_16_10_val|        scalar|
|J_16_11_val  |   in|   40|     ap_none|         J_16_11_val|        scalar|
|J_16_12_val  |   in|   40|     ap_none|         J_16_12_val|        scalar|
|J_16_13_val  |   in|   40|     ap_none|         J_16_13_val|        scalar|
|J_16_14_val  |   in|   40|     ap_none|         J_16_14_val|        scalar|
|J_16_15_val  |   in|   40|     ap_none|         J_16_15_val|        scalar|
|J_16_17_val  |   in|   40|     ap_none|         J_16_17_val|        scalar|
|J_16_18_val  |   in|   40|     ap_none|         J_16_18_val|        scalar|
|J_16_19_val  |   in|   40|     ap_none|         J_16_19_val|        scalar|
|J_16_20_val  |   in|   40|     ap_none|         J_16_20_val|        scalar|
|J_16_21_val  |   in|   40|     ap_none|         J_16_21_val|        scalar|
|J_17_0_val   |   in|   40|     ap_none|          J_17_0_val|        scalar|
|J_17_1_val   |   in|   40|     ap_none|          J_17_1_val|        scalar|
|J_17_2_val   |   in|   40|     ap_none|          J_17_2_val|        scalar|
|J_17_3_val   |   in|   40|     ap_none|          J_17_3_val|        scalar|
|J_17_4_val   |   in|   40|     ap_none|          J_17_4_val|        scalar|
|J_17_5_val   |   in|   40|     ap_none|          J_17_5_val|        scalar|
|J_17_6_val   |   in|   40|     ap_none|          J_17_6_val|        scalar|
|J_17_7_val   |   in|   40|     ap_none|          J_17_7_val|        scalar|
|J_17_8_val   |   in|   40|     ap_none|          J_17_8_val|        scalar|
|J_17_9_val   |   in|   40|     ap_none|          J_17_9_val|        scalar|
|J_17_10_val  |   in|   40|     ap_none|         J_17_10_val|        scalar|
|J_17_11_val  |   in|   40|     ap_none|         J_17_11_val|        scalar|
|J_17_12_val  |   in|   40|     ap_none|         J_17_12_val|        scalar|
|J_17_13_val  |   in|   40|     ap_none|         J_17_13_val|        scalar|
|J_17_14_val  |   in|   40|     ap_none|         J_17_14_val|        scalar|
|J_17_15_val  |   in|   40|     ap_none|         J_17_15_val|        scalar|
|J_17_16_val  |   in|   40|     ap_none|         J_17_16_val|        scalar|
|J_17_18_val  |   in|   40|     ap_none|         J_17_18_val|        scalar|
|J_17_19_val  |   in|   40|     ap_none|         J_17_19_val|        scalar|
|J_17_20_val  |   in|   40|     ap_none|         J_17_20_val|        scalar|
|J_17_21_val  |   in|   40|     ap_none|         J_17_21_val|        scalar|
|J_18_0_val   |   in|   40|     ap_none|          J_18_0_val|        scalar|
|J_18_1_val   |   in|   40|     ap_none|          J_18_1_val|        scalar|
|J_18_2_val   |   in|   40|     ap_none|          J_18_2_val|        scalar|
|J_18_3_val   |   in|   40|     ap_none|          J_18_3_val|        scalar|
|J_18_4_val   |   in|   40|     ap_none|          J_18_4_val|        scalar|
|J_18_5_val   |   in|   40|     ap_none|          J_18_5_val|        scalar|
|J_18_6_val   |   in|   40|     ap_none|          J_18_6_val|        scalar|
|J_18_7_val   |   in|   40|     ap_none|          J_18_7_val|        scalar|
|J_18_8_val   |   in|   40|     ap_none|          J_18_8_val|        scalar|
|J_18_9_val   |   in|   40|     ap_none|          J_18_9_val|        scalar|
|J_18_10_val  |   in|   40|     ap_none|         J_18_10_val|        scalar|
|J_18_11_val  |   in|   40|     ap_none|         J_18_11_val|        scalar|
|J_18_12_val  |   in|   40|     ap_none|         J_18_12_val|        scalar|
|J_18_13_val  |   in|   40|     ap_none|         J_18_13_val|        scalar|
|J_18_14_val  |   in|   40|     ap_none|         J_18_14_val|        scalar|
|J_18_15_val  |   in|   40|     ap_none|         J_18_15_val|        scalar|
|J_18_16_val  |   in|   40|     ap_none|         J_18_16_val|        scalar|
|J_18_17_val  |   in|   40|     ap_none|         J_18_17_val|        scalar|
|J_18_19_val  |   in|   40|     ap_none|         J_18_19_val|        scalar|
|J_18_20_val  |   in|   40|     ap_none|         J_18_20_val|        scalar|
|J_18_21_val  |   in|   40|     ap_none|         J_18_21_val|        scalar|
|J_19_0_val   |   in|   40|     ap_none|          J_19_0_val|        scalar|
|J_19_1_val   |   in|   40|     ap_none|          J_19_1_val|        scalar|
|J_19_2_val   |   in|   40|     ap_none|          J_19_2_val|        scalar|
|J_19_3_val   |   in|   40|     ap_none|          J_19_3_val|        scalar|
|J_19_4_val   |   in|   40|     ap_none|          J_19_4_val|        scalar|
|J_19_5_val   |   in|   40|     ap_none|          J_19_5_val|        scalar|
|J_19_6_val   |   in|   40|     ap_none|          J_19_6_val|        scalar|
|J_19_7_val   |   in|   40|     ap_none|          J_19_7_val|        scalar|
|J_19_8_val   |   in|   40|     ap_none|          J_19_8_val|        scalar|
|J_19_9_val   |   in|   40|     ap_none|          J_19_9_val|        scalar|
|J_19_10_val  |   in|   40|     ap_none|         J_19_10_val|        scalar|
|J_19_11_val  |   in|   40|     ap_none|         J_19_11_val|        scalar|
|J_19_12_val  |   in|   40|     ap_none|         J_19_12_val|        scalar|
|J_19_13_val  |   in|   40|     ap_none|         J_19_13_val|        scalar|
|J_19_14_val  |   in|   40|     ap_none|         J_19_14_val|        scalar|
|J_19_15_val  |   in|   40|     ap_none|         J_19_15_val|        scalar|
|J_19_16_val  |   in|   40|     ap_none|         J_19_16_val|        scalar|
|J_19_17_val  |   in|   40|     ap_none|         J_19_17_val|        scalar|
|J_19_18_val  |   in|   40|     ap_none|         J_19_18_val|        scalar|
|J_19_20_val  |   in|   40|     ap_none|         J_19_20_val|        scalar|
|J_19_21_val  |   in|   40|     ap_none|         J_19_21_val|        scalar|
|J_20_0_val   |   in|   40|     ap_none|          J_20_0_val|        scalar|
|J_20_1_val   |   in|   40|     ap_none|          J_20_1_val|        scalar|
|J_20_2_val   |   in|   40|     ap_none|          J_20_2_val|        scalar|
|J_20_3_val   |   in|   40|     ap_none|          J_20_3_val|        scalar|
|J_20_4_val   |   in|   40|     ap_none|          J_20_4_val|        scalar|
|J_20_5_val   |   in|   40|     ap_none|          J_20_5_val|        scalar|
|J_20_6_val   |   in|   40|     ap_none|          J_20_6_val|        scalar|
|J_20_7_val   |   in|   40|     ap_none|          J_20_7_val|        scalar|
|J_20_8_val   |   in|   40|     ap_none|          J_20_8_val|        scalar|
|J_20_9_val   |   in|   40|     ap_none|          J_20_9_val|        scalar|
|J_20_10_val  |   in|   40|     ap_none|         J_20_10_val|        scalar|
|J_20_11_val  |   in|   40|     ap_none|         J_20_11_val|        scalar|
|J_20_12_val  |   in|   40|     ap_none|         J_20_12_val|        scalar|
|J_20_13_val  |   in|   40|     ap_none|         J_20_13_val|        scalar|
|J_20_14_val  |   in|   40|     ap_none|         J_20_14_val|        scalar|
|J_20_15_val  |   in|   40|     ap_none|         J_20_15_val|        scalar|
|J_20_16_val  |   in|   40|     ap_none|         J_20_16_val|        scalar|
|J_20_17_val  |   in|   40|     ap_none|         J_20_17_val|        scalar|
|J_20_18_val  |   in|   40|     ap_none|         J_20_18_val|        scalar|
|J_20_19_val  |   in|   40|     ap_none|         J_20_19_val|        scalar|
|J_20_21_val  |   in|   40|     ap_none|         J_20_21_val|        scalar|
|J_21_0_val   |   in|   40|     ap_none|          J_21_0_val|        scalar|
|J_21_1_val   |   in|   40|     ap_none|          J_21_1_val|        scalar|
|J_21_2_val   |   in|   40|     ap_none|          J_21_2_val|        scalar|
|J_21_3_val   |   in|   40|     ap_none|          J_21_3_val|        scalar|
|J_21_4_val   |   in|   40|     ap_none|          J_21_4_val|        scalar|
|J_21_5_val   |   in|   40|     ap_none|          J_21_5_val|        scalar|
|J_21_6_val   |   in|   40|     ap_none|          J_21_6_val|        scalar|
|J_21_7_val   |   in|   40|     ap_none|          J_21_7_val|        scalar|
|J_21_8_val   |   in|   40|     ap_none|          J_21_8_val|        scalar|
|J_21_9_val   |   in|   40|     ap_none|          J_21_9_val|        scalar|
|J_21_10_val  |   in|   40|     ap_none|         J_21_10_val|        scalar|
|J_21_11_val  |   in|   40|     ap_none|         J_21_11_val|        scalar|
|J_21_12_val  |   in|   40|     ap_none|         J_21_12_val|        scalar|
|J_21_13_val  |   in|   40|     ap_none|         J_21_13_val|        scalar|
|J_21_14_val  |   in|   40|     ap_none|         J_21_14_val|        scalar|
|J_21_15_val  |   in|   40|     ap_none|         J_21_15_val|        scalar|
|J_21_16_val  |   in|   40|     ap_none|         J_21_16_val|        scalar|
|J_21_17_val  |   in|   40|     ap_none|         J_21_17_val|        scalar|
|J_21_18_val  |   in|   40|     ap_none|         J_21_18_val|        scalar|
|J_21_19_val  |   in|   40|     ap_none|         J_21_19_val|        scalar|
|J_21_20_val  |   in|   40|     ap_none|         J_21_20_val|        scalar|
|h_0_val      |   in|   40|     ap_none|             h_0_val|        scalar|
|h_1_val      |   in|   40|     ap_none|             h_1_val|        scalar|
|h_2_val      |   in|   40|     ap_none|             h_2_val|        scalar|
|h_3_val      |   in|   40|     ap_none|             h_3_val|        scalar|
|h_4_val      |   in|   40|     ap_none|             h_4_val|        scalar|
|h_5_val      |   in|   40|     ap_none|             h_5_val|        scalar|
|h_6_val      |   in|   40|     ap_none|             h_6_val|        scalar|
|h_7_val      |   in|   40|     ap_none|             h_7_val|        scalar|
|h_8_val      |   in|   40|     ap_none|             h_8_val|        scalar|
|h_9_val      |   in|   40|     ap_none|             h_9_val|        scalar|
|h_10_val     |   in|   40|     ap_none|            h_10_val|        scalar|
|h_11_val     |   in|   40|     ap_none|            h_11_val|        scalar|
|h_12_val     |   in|   40|     ap_none|            h_12_val|        scalar|
|h_13_val     |   in|   40|     ap_none|            h_13_val|        scalar|
|h_14_val     |   in|   40|     ap_none|            h_14_val|        scalar|
|h_15_val     |   in|   40|     ap_none|            h_15_val|        scalar|
|h_16_val     |   in|   40|     ap_none|            h_16_val|        scalar|
|h_17_val     |   in|   40|     ap_none|            h_17_val|        scalar|
|h_18_val     |   in|   40|     ap_none|            h_18_val|        scalar|
|h_19_val     |   in|   40|     ap_none|            h_19_val|        scalar|
|h_20_val     |   in|   40|     ap_none|            h_20_val|        scalar|
|h_21_val     |   in|   40|     ap_none|            h_21_val|        scalar|
|s_0_val      |   in|    1|     ap_none|             s_0_val|        scalar|
|s_1_val      |   in|    1|     ap_none|             s_1_val|        scalar|
|s_2_val      |   in|    1|     ap_none|             s_2_val|        scalar|
|s_3_val      |   in|    1|     ap_none|             s_3_val|        scalar|
|s_4_val      |   in|    1|     ap_none|             s_4_val|        scalar|
|s_5_val      |   in|    1|     ap_none|             s_5_val|        scalar|
|s_6_val      |   in|    1|     ap_none|             s_6_val|        scalar|
|s_7_val      |   in|    1|     ap_none|             s_7_val|        scalar|
|s_8_val      |   in|    1|     ap_none|             s_8_val|        scalar|
|s_9_val      |   in|    1|     ap_none|             s_9_val|        scalar|
|s_10_val     |   in|    1|     ap_none|            s_10_val|        scalar|
|s_11_val     |   in|    1|     ap_none|            s_11_val|        scalar|
|s_12_val     |   in|    1|     ap_none|            s_12_val|        scalar|
|s_13_val     |   in|    1|     ap_none|            s_13_val|        scalar|
|s_14_val     |   in|    1|     ap_none|            s_14_val|        scalar|
|s_15_val     |   in|    1|     ap_none|            s_15_val|        scalar|
|s_16_val     |   in|    1|     ap_none|            s_16_val|        scalar|
|s_17_val     |   in|    1|     ap_none|            s_17_val|        scalar|
|s_18_val     |   in|    1|     ap_none|            s_18_val|        scalar|
|s_19_val     |   in|    1|     ap_none|            s_19_val|        scalar|
|s_20_val     |   in|    1|     ap_none|            s_20_val|        scalar|
|s_21_val     |   in|    1|     ap_none|            s_21_val|        scalar|
|i            |   in|   32|     ap_none|                   i|        scalar|
+-------------+-----+-----+------------+--------------------+--------------+

