

================================================================
== Vitis HLS Report for 'uniform_delta_energy'
================================================================
* Date:           Tue May 19 20:38:42 2026

* Version:        2025.2 (Build 6295257 on Nov 14 2025)
* Project:        hls_uniform_metropolis_step_N19
* Solution:       hls (Vivado IP Flow Target)
* Product family: virtexuplus
* Target device:  xcvu19p-fsva3824-2-e


================================================================
== Performance Estimates
================================================================
+ Timing: 
    * Summary: 
    +--------+---------+----------+------------+
    |  Clock |  Target | Estimated| Uncertainty|
    +--------+---------+----------+------------+
    |ap_clk  |  3.33 ns|  2.388 ns|     0.90 ns|
    +--------+---------+----------+------------+

+ Latency: 
    * Summary: 
    +---------+---------+----------+----------+-----+-----+---------+
    |  Latency (cycles) |  Latency (absolute) |  Interval | Pipeline|
    |   min   |   max   |    min   |    max   | min | max |   Type  |
    +---------+---------+----------+----------+-----+-----+---------+
    |       87|       87|  0.290 us|  0.290 us|   87|   87|       no|
    +---------+---------+----------+----------+-----+-----+---------+

    + Detail: 
        * Instance: 
        N/A

        * Loop: 
        N/A



================================================================
== Utilization Estimates
================================================================
* Summary: 
+---------------------+---------+------+---------+---------+-----+
|         Name        | BRAM_18K|  DSP |    FF   |   LUT   | URAM|
+---------------------+---------+------+---------+---------+-----+
|DSP                  |        -|     -|        -|        -|    -|
|Expression           |        -|     -|        0|    25723|    -|
|FIFO                 |        -|     -|        -|        -|    -|
|Instance             |        -|     -|        -|        -|    -|
|Memory               |        -|     -|        -|        -|    -|
|Multiplexer          |        -|     -|        0|      444|    -|
|Register             |        -|     -|     4008|        -|    -|
+---------------------+---------+------+---------+---------+-----+
|Total                |        0|     0|     4008|    26167|    0|
+---------------------+---------+------+---------+---------+-----+
|Available SLR        |     1080|   960|  2042880|  1021440|   80|
+---------------------+---------+------+---------+---------+-----+
|Utilization SLR (%)  |        0|     0|       ~0|        2|    0|
+---------------------+---------+------+---------+---------+-----+
|Available            |     4320|  3840|  8171520|  4085760|  320|
+---------------------+---------+------+---------+---------+-----+
|Utilization (%)      |        0|     0|       ~0|       ~0|    0|
+---------------------+---------+------+---------+---------+-----+

+ Detail: 
    * Instance: 
    N/A

    * DSP: 
    N/A

    * Memory: 
    N/A

    * FIFO: 
    N/A

    * Expression: 
    +--------------------------+----------+----+---+-----+------------+------------+
    |       Variable Name      | Operation| DSP| FF| LUT | Bitwidth P0| Bitwidth P1|
    +--------------------------+----------+----+---+-----+------------+------------+
    |add_ln183_10_fu_1982_p2   |         +|   0|  0|   40|          40|          40|
    |add_ln183_11_fu_2024_p2   |         +|   0|  0|   40|          40|          40|
    |add_ln183_12_fu_2028_p2   |         +|   0|  0|   40|          40|          40|
    |add_ln183_13_fu_1988_p2   |         +|   0|  0|   40|          40|          40|
    |add_ln183_14_fu_1994_p2   |         +|   0|  0|   40|          40|          40|
    |add_ln183_15_fu_2032_p2   |         +|   0|  0|   40|          40|          40|
    |add_ln183_16_fu_2037_p2   |         +|   0|  0|   40|          40|          40|
    |add_ln183_17_fu_2043_p2   |         +|   0|  0|   40|          40|          40|
    |add_ln183_1_fu_1952_p2    |         +|   0|  0|   47|          40|          40|
    |add_ln183_2_fu_2004_p2    |         +|   0|  0|   40|          40|          40|
    |add_ln183_3_fu_2009_p2    |         +|   0|  0|   40|          40|          40|
    |add_ln183_4_fu_1958_p2    |         +|   0|  0|   40|          40|          40|
    |add_ln183_5_fu_1964_p2    |         +|   0|  0|   40|          40|          40|
    |add_ln183_6_fu_2013_p2    |         +|   0|  0|   40|          40|          40|
    |add_ln183_7_fu_2018_p2    |         +|   0|  0|   40|          40|          40|
    |add_ln183_8_fu_1970_p2    |         +|   0|  0|   47|          40|          40|
    |add_ln183_9_fu_1976_p2    |         +|   0|  0|   40|          40|          40|
    |add_ln183_fu_2000_p2      |         +|   0|  0|   40|          40|          40|
    |add_ln195_fu_2053_p2      |         +|   0|  0|   40|          40|          40|
    |e_100_fu_2823_p2          |         +|   0|  0|   47|          40|          40|
    |e_103_fu_2846_p2          |         +|   0|  0|   47|          40|          40|
    |e_106_fu_2869_p2          |         +|   0|  0|   47|          40|          40|
    |e_109_fu_2892_p2          |         +|   0|  0|   47|          40|          40|
    |e_10_fu_2133_p2           |         +|   0|  0|   47|          40|          40|
    |e_112_fu_2915_p2          |         +|   0|  0|   47|          40|          40|
    |e_115_fu_2938_p2          |         +|   0|  0|   47|          40|          40|
    |e_118_fu_2961_p2          |         +|   0|  0|   47|          40|          40|
    |e_121_fu_2984_p2          |         +|   0|  0|   47|          40|          40|
    |e_124_fu_3007_p2          |         +|   0|  0|   47|          40|          40|
    |e_127_fu_3030_p2          |         +|   0|  0|   47|          40|          40|
    |e_130_fu_3053_p2          |         +|   0|  0|   47|          40|          40|
    |e_133_fu_3076_p2          |         +|   0|  0|   47|          40|          40|
    |e_136_fu_3099_p2          |         +|   0|  0|   47|          40|          40|
    |e_139_fu_3122_p2          |         +|   0|  0|   47|          40|          40|
    |e_13_fu_2156_p2           |         +|   0|  0|   47|          40|          40|
    |e_142_fu_3145_p2          |         +|   0|  0|   47|          40|          40|
    |e_145_fu_3168_p2          |         +|   0|  0|   47|          40|          40|
    |e_148_fu_3191_p2          |         +|   0|  0|   47|          40|          40|
    |e_151_fu_3214_p2          |         +|   0|  0|   47|          40|          40|
    |e_154_fu_3237_p2          |         +|   0|  0|   47|          40|          40|
    |e_157_fu_3260_p2          |         +|   0|  0|   47|          40|          40|
    |e_160_fu_3283_p2          |         +|   0|  0|   47|          40|          40|
    |e_163_fu_3306_p2          |         +|   0|  0|   47|          40|          40|
    |e_166_fu_3329_p2          |         +|   0|  0|   47|          40|          40|
    |e_169_fu_3352_p2          |         +|   0|  0|   47|          40|          40|
    |e_16_fu_2179_p2           |         +|   0|  0|   47|          40|          40|
    |e_172_fu_3375_p2          |         +|   0|  0|   47|          40|          40|
    |e_175_fu_3398_p2          |         +|   0|  0|   47|          40|          40|
    |e_178_fu_3421_p2          |         +|   0|  0|   47|          40|          40|
    |e_181_fu_3444_p2          |         +|   0|  0|   47|          40|          40|
    |e_184_fu_3467_p2          |         +|   0|  0|   47|          40|          40|
    |e_187_fu_3490_p2          |         +|   0|  0|   47|          40|          40|
    |e_190_fu_3513_p2          |         +|   0|  0|   47|          40|          40|
    |e_193_fu_3536_p2          |         +|   0|  0|   47|          40|          40|
    |e_196_fu_3559_p2          |         +|   0|  0|   47|          40|          40|
    |e_199_fu_3582_p2          |         +|   0|  0|   47|          40|          40|
    |e_19_fu_2202_p2           |         +|   0|  0|   47|          40|          40|
    |e_202_fu_3605_p2          |         +|   0|  0|   47|          40|          40|
    |e_205_fu_3628_p2          |         +|   0|  0|   47|          40|          40|
    |e_208_fu_3651_p2          |         +|   0|  0|   47|          40|          40|
    |e_211_fu_3674_p2          |         +|   0|  0|   47|          40|          40|
    |e_214_fu_3697_p2          |         +|   0|  0|   47|          40|          40|
    |e_217_fu_3720_p2          |         +|   0|  0|   47|          40|          40|
    |e_220_fu_3743_p2          |         +|   0|  0|   47|          40|          40|
    |e_223_fu_3766_p2          |         +|   0|  0|   47|          40|          40|
    |e_226_fu_3789_p2          |         +|   0|  0|   47|          40|          40|
    |e_229_fu_3812_p2          |         +|   0|  0|   47|          40|          40|
    |e_22_fu_2225_p2           |         +|   0|  0|   47|          40|          40|
    |e_232_fu_3835_p2          |         +|   0|  0|   47|          40|          40|
    |e_235_fu_3858_p2          |         +|   0|  0|   47|          40|          40|
    |e_238_fu_3881_p2          |         +|   0|  0|   47|          40|          40|
    |e_241_fu_3904_p2          |         +|   0|  0|   47|          40|          40|
    |e_244_fu_3927_p2          |         +|   0|  0|   47|          40|          40|
    |e_247_fu_3950_p2          |         +|   0|  0|   47|          40|          40|
    |e_250_fu_3973_p2          |         +|   0|  0|   47|          40|          40|
    |e_253_fu_3996_p2          |         +|   0|  0|   47|          40|          40|
    |e_256_fu_4019_p2          |         +|   0|  0|   47|          40|          40|
    |e_259_fu_4042_p2          |         +|   0|  0|   47|          40|          40|
    |e_25_fu_2248_p2           |         +|   0|  0|   47|          40|          40|
    |e_262_fu_4065_p2          |         +|   0|  0|   47|          40|          40|
    |e_265_fu_4088_p2          |         +|   0|  0|   47|          40|          40|
    |e_268_fu_4111_p2          |         +|   0|  0|   47|          40|          40|
    |e_271_fu_4134_p2          |         +|   0|  0|   47|          40|          40|
    |e_274_fu_4157_p2          |         +|   0|  0|   47|          40|          40|
    |e_277_fu_4180_p2          |         +|   0|  0|   47|          40|          40|
    |e_280_fu_4203_p2          |         +|   0|  0|   47|          40|          40|
    |e_283_fu_4226_p2          |         +|   0|  0|   47|          40|          40|
    |e_286_fu_4249_p2          |         +|   0|  0|   47|          40|          40|
    |e_289_fu_4272_p2          |         +|   0|  0|   47|          40|          40|
    |e_28_fu_2271_p2           |         +|   0|  0|   47|          40|          40|
    |e_292_fu_4295_p2          |         +|   0|  0|   47|          40|          40|
    |e_295_fu_4318_p2          |         +|   0|  0|   47|          40|          40|
    |e_298_fu_4341_p2          |         +|   0|  0|   47|          40|          40|
    |e_301_fu_4364_p2          |         +|   0|  0|   47|          40|          40|
    |e_304_fu_4387_p2          |         +|   0|  0|   47|          40|          40|
    |e_307_fu_4410_p2          |         +|   0|  0|   47|          40|          40|
    |e_310_fu_4433_p2          |         +|   0|  0|   47|          40|          40|
    |e_313_fu_4456_p2          |         +|   0|  0|   47|          40|          40|
    |e_316_fu_4479_p2          |         +|   0|  0|   47|          40|          40|
    |e_319_fu_4502_p2          |         +|   0|  0|   47|          40|          40|
    |e_31_fu_2294_p2           |         +|   0|  0|   47|          40|          40|
    |e_322_fu_4525_p2          |         +|   0|  0|   47|          40|          40|
    |e_325_fu_4548_p2          |         +|   0|  0|   47|          40|          40|
    |e_328_fu_4571_p2          |         +|   0|  0|   47|          40|          40|
    |e_331_fu_4594_p2          |         +|   0|  0|   47|          40|          40|
    |e_334_fu_4617_p2          |         +|   0|  0|   47|          40|          40|
    |e_337_fu_4640_p2          |         +|   0|  0|   47|          40|          40|
    |e_340_fu_4663_p2          |         +|   0|  0|   47|          40|          40|
    |e_343_fu_4686_p2          |         +|   0|  0|   47|          40|          40|
    |e_346_fu_4709_p2          |         +|   0|  0|   47|          40|          40|
    |e_349_fu_4732_p2          |         +|   0|  0|   47|          40|          40|
    |e_34_fu_2317_p2           |         +|   0|  0|   47|          40|          40|
    |e_352_fu_4755_p2          |         +|   0|  0|   47|          40|          40|
    |e_355_fu_4778_p2          |         +|   0|  0|   47|          40|          40|
    |e_358_fu_4801_p2          |         +|   0|  0|   47|          40|          40|
    |e_361_fu_4824_p2          |         +|   0|  0|   47|          40|          40|
    |e_364_fu_4847_p2          |         +|   0|  0|   47|          40|          40|
    |e_367_fu_4870_p2          |         +|   0|  0|   47|          40|          40|
    |e_370_fu_4893_p2          |         +|   0|  0|   47|          40|          40|
    |e_373_fu_4916_p2          |         +|   0|  0|   47|          40|          40|
    |e_376_fu_4939_p2          |         +|   0|  0|   47|          40|          40|
    |e_379_fu_4962_p2          |         +|   0|  0|   47|          40|          40|
    |e_37_fu_2340_p2           |         +|   0|  0|   47|          40|          40|
    |e_382_fu_4985_p2          |         +|   0|  0|   47|          40|          40|
    |e_385_fu_5008_p2          |         +|   0|  0|   47|          40|          40|
    |e_388_fu_5031_p2          |         +|   0|  0|   47|          40|          40|
    |e_391_fu_5054_p2          |         +|   0|  0|   47|          40|          40|
    |e_394_fu_5077_p2          |         +|   0|  0|   47|          40|          40|
    |e_397_fu_5100_p2          |         +|   0|  0|   47|          40|          40|
    |e_400_fu_5123_p2          |         +|   0|  0|   47|          40|          40|
    |e_403_fu_5146_p2          |         +|   0|  0|   47|          40|          40|
    |e_406_fu_5169_p2          |         +|   0|  0|   47|          40|          40|
    |e_409_fu_5192_p2          |         +|   0|  0|   47|          40|          40|
    |e_40_fu_2363_p2           |         +|   0|  0|   47|          40|          40|
    |e_412_fu_5215_p2          |         +|   0|  0|   47|          40|          40|
    |e_415_fu_5238_p2          |         +|   0|  0|   47|          40|          40|
    |e_418_fu_5261_p2          |         +|   0|  0|   47|          40|          40|
    |e_421_fu_5284_p2          |         +|   0|  0|   47|          40|          40|
    |e_424_fu_5307_p2          |         +|   0|  0|   47|          40|          40|
    |e_427_fu_5330_p2          |         +|   0|  0|   47|          40|          40|
    |e_430_fu_5353_p2          |         +|   0|  0|   47|          40|          40|
    |e_433_fu_5376_p2          |         +|   0|  0|   47|          40|          40|
    |e_436_fu_5399_p2          |         +|   0|  0|   47|          40|          40|
    |e_439_fu_5422_p2          |         +|   0|  0|   47|          40|          40|
    |e_43_fu_2386_p2           |         +|   0|  0|   47|          40|          40|
    |e_442_fu_5445_p2          |         +|   0|  0|   47|          40|          40|
    |e_445_fu_5468_p2          |         +|   0|  0|   47|          40|          40|
    |e_448_fu_5491_p2          |         +|   0|  0|   47|          40|          40|
    |e_451_fu_5514_p2          |         +|   0|  0|   47|          40|          40|
    |e_454_fu_5537_p2          |         +|   0|  0|   47|          40|          40|
    |e_457_fu_5560_p2          |         +|   0|  0|   47|          40|          40|
    |e_460_fu_5583_p2          |         +|   0|  0|   47|          40|          40|
    |e_463_fu_5606_p2          |         +|   0|  0|   47|          40|          40|
    |e_466_fu_5629_p2          |         +|   0|  0|   47|          40|          40|
    |e_469_fu_5652_p2          |         +|   0|  0|   47|          40|          40|
    |e_46_fu_2409_p2           |         +|   0|  0|   47|          40|          40|
    |e_472_fu_5675_p2          |         +|   0|  0|   47|          40|          40|
    |e_475_fu_5698_p2          |         +|   0|  0|   47|          40|          40|
    |e_478_fu_5721_p2          |         +|   0|  0|   47|          40|          40|
    |e_481_fu_5744_p2          |         +|   0|  0|   47|          40|          40|
    |e_484_fu_5767_p2          |         +|   0|  0|   47|          40|          40|
    |e_487_fu_5790_p2          |         +|   0|  0|   47|          40|          40|
    |e_490_fu_5813_p2          |         +|   0|  0|   47|          40|          40|
    |e_493_fu_5836_p2          |         +|   0|  0|   47|          40|          40|
    |e_496_fu_5859_p2          |         +|   0|  0|   47|          40|          40|
    |e_499_fu_5882_p2          |         +|   0|  0|   47|          40|          40|
    |e_49_fu_2432_p2           |         +|   0|  0|   47|          40|          40|
    |e_4_fu_2087_p2            |         +|   0|  0|   47|          40|          40|
    |e_502_fu_5905_p2          |         +|   0|  0|   47|          40|          40|
    |e_505_fu_5928_p2          |         +|   0|  0|   47|          40|          40|
    |e_508_fu_5951_p2          |         +|   0|  0|   47|          40|          40|
    |e_511_fu_5974_p2          |         +|   0|  0|   47|          40|          40|
    |e_52_fu_2455_p2           |         +|   0|  0|   47|          40|          40|
    |e_55_fu_2478_p2           |         +|   0|  0|   47|          40|          40|
    |e_58_fu_2501_p2           |         +|   0|  0|   47|          40|          40|
    |e_61_fu_2524_p2           |         +|   0|  0|   47|          40|          40|
    |e_64_fu_2547_p2           |         +|   0|  0|   47|          40|          40|
    |e_67_fu_2570_p2           |         +|   0|  0|   47|          40|          40|
    |e_70_fu_2593_p2           |         +|   0|  0|   47|          40|          40|
    |e_73_fu_2616_p2           |         +|   0|  0|   47|          40|          40|
    |e_76_fu_2639_p2           |         +|   0|  0|   47|          40|          40|
    |e_79_fu_2662_p2           |         +|   0|  0|   47|          40|          40|
    |e_7_fu_2110_p2            |         +|   0|  0|   47|          40|          40|
    |e_82_fu_2685_p2           |         +|   0|  0|   47|          40|          40|
    |e_85_fu_2708_p2           |         +|   0|  0|   47|          40|          40|
    |e_88_fu_2731_p2           |         +|   0|  0|   47|          40|          40|
    |e_91_fu_2754_p2           |         +|   0|  0|   47|          40|          40|
    |e_94_fu_2777_p2           |         +|   0|  0|   47|          40|          40|
    |e_97_fu_2800_p2           |         +|   0|  0|   47|          40|          40|
    |e_102_fu_2841_p2          |         -|   0|  0|   47|          40|          40|
    |e_105_fu_2863_p2          |         -|   0|  0|   47|          40|          40|
    |e_108_fu_2887_p2          |         -|   0|  0|   47|          40|          40|
    |e_111_fu_2909_p2          |         -|   0|  0|   47|          40|          40|
    |e_114_fu_2933_p2          |         -|   0|  0|   47|          40|          40|
    |e_117_fu_2955_p2          |         -|   0|  0|   47|          40|          40|
    |e_120_fu_2979_p2          |         -|   0|  0|   47|          40|          40|
    |e_123_fu_3001_p2          |         -|   0|  0|   47|          40|          40|
    |e_126_fu_3025_p2          |         -|   0|  0|   47|          40|          40|
    |e_129_fu_3047_p2          |         -|   0|  0|   47|          40|          40|
    |e_12_fu_2151_p2           |         -|   0|  0|   47|          40|          40|
    |e_132_fu_3071_p2          |         -|   0|  0|   47|          40|          40|
    |e_135_fu_3093_p2          |         -|   0|  0|   47|          40|          40|
    |e_138_fu_3117_p2          |         -|   0|  0|   47|          40|          40|
    |e_141_fu_3139_p2          |         -|   0|  0|   47|          40|          40|
    |e_144_fu_3163_p2          |         -|   0|  0|   47|          40|          40|
    |e_147_fu_3185_p2          |         -|   0|  0|   47|          40|          40|
    |e_150_fu_3209_p2          |         -|   0|  0|   47|          40|          40|
    |e_153_fu_3231_p2          |         -|   0|  0|   47|          40|          40|
    |e_156_fu_3255_p2          |         -|   0|  0|   47|          40|          40|
    |e_159_fu_3277_p2          |         -|   0|  0|   47|          40|          40|
    |e_15_fu_2173_p2           |         -|   0|  0|   47|          40|          40|
    |e_162_fu_3301_p2          |         -|   0|  0|   47|          40|          40|
    |e_165_fu_3323_p2          |         -|   0|  0|   47|          40|          40|
    |e_168_fu_3347_p2          |         -|   0|  0|   47|          40|          40|
    |e_171_fu_3369_p2          |         -|   0|  0|   47|          40|          40|
    |e_174_fu_3393_p2          |         -|   0|  0|   47|          40|          40|
    |e_177_fu_3415_p2          |         -|   0|  0|   47|          40|          40|
    |e_180_fu_3439_p2          |         -|   0|  0|   47|          40|          40|
    |e_183_fu_3461_p2          |         -|   0|  0|   47|          40|          40|
    |e_186_fu_3485_p2          |         -|   0|  0|   47|          40|          40|
    |e_189_fu_3507_p2          |         -|   0|  0|   47|          40|          40|
    |e_18_fu_2197_p2           |         -|   0|  0|   47|          40|          40|
    |e_192_fu_3531_p2          |         -|   0|  0|   47|          40|          40|
    |e_195_fu_3553_p2          |         -|   0|  0|   47|          40|          40|
    |e_198_fu_3577_p2          |         -|   0|  0|   47|          40|          40|
    |e_1_fu_2064_p2            |         -|   0|  0|   47|          40|          40|
    |e_201_fu_3599_p2          |         -|   0|  0|   47|          40|          40|
    |e_204_fu_3623_p2          |         -|   0|  0|   47|          40|          40|
    |e_207_fu_3645_p2          |         -|   0|  0|   47|          40|          40|
    |e_210_fu_3669_p2          |         -|   0|  0|   47|          40|          40|
    |e_213_fu_3691_p2          |         -|   0|  0|   47|          40|          40|
    |e_216_fu_3715_p2          |         -|   0|  0|   47|          40|          40|
    |e_219_fu_3737_p2          |         -|   0|  0|   47|          40|          40|
    |e_21_fu_2219_p2           |         -|   0|  0|   47|          40|          40|
    |e_222_fu_3761_p2          |         -|   0|  0|   47|          40|          40|
    |e_225_fu_3783_p2          |         -|   0|  0|   47|          40|          40|
    |e_228_fu_3807_p2          |         -|   0|  0|   47|          40|          40|
    |e_231_fu_3829_p2          |         -|   0|  0|   47|          40|          40|
    |e_234_fu_3853_p2          |         -|   0|  0|   47|          40|          40|
    |e_237_fu_3875_p2          |         -|   0|  0|   47|          40|          40|
    |e_240_fu_3899_p2          |         -|   0|  0|   47|          40|          40|
    |e_243_fu_3921_p2          |         -|   0|  0|   47|          40|          40|
    |e_246_fu_3945_p2          |         -|   0|  0|   47|          40|          40|
    |e_249_fu_3967_p2          |         -|   0|  0|   47|          40|          40|
    |e_24_fu_2243_p2           |         -|   0|  0|   47|          40|          40|
    |e_252_fu_3991_p2          |         -|   0|  0|   47|          40|          40|
    |e_255_fu_4013_p2          |         -|   0|  0|   47|          40|          40|
    |e_258_fu_4037_p2          |         -|   0|  0|   47|          40|          40|
    |e_261_fu_4059_p2          |         -|   0|  0|   47|          40|          40|
    |e_264_fu_4083_p2          |         -|   0|  0|   47|          40|          40|
    |e_267_fu_4105_p2          |         -|   0|  0|   47|          40|          40|
    |e_270_fu_4129_p2          |         -|   0|  0|   47|          40|          40|
    |e_273_fu_4151_p2          |         -|   0|  0|   47|          40|          40|
    |e_276_fu_4175_p2          |         -|   0|  0|   47|          40|          40|
    |e_279_fu_4197_p2          |         -|   0|  0|   47|          40|          40|
    |e_27_fu_2265_p2           |         -|   0|  0|   47|          40|          40|
    |e_282_fu_4221_p2          |         -|   0|  0|   47|          40|          40|
    |e_285_fu_4243_p2          |         -|   0|  0|   47|          40|          40|
    |e_288_fu_4267_p2          |         -|   0|  0|   47|          40|          40|
    |e_291_fu_4289_p2          |         -|   0|  0|   47|          40|          40|
    |e_294_fu_4313_p2          |         -|   0|  0|   47|          40|          40|
    |e_297_fu_4335_p2          |         -|   0|  0|   47|          40|          40|
    |e_300_fu_4359_p2          |         -|   0|  0|   47|          40|          40|
    |e_303_fu_4381_p2          |         -|   0|  0|   47|          40|          40|
    |e_306_fu_4405_p2          |         -|   0|  0|   47|          40|          40|
    |e_309_fu_4427_p2          |         -|   0|  0|   47|          40|          40|
    |e_30_fu_2289_p2           |         -|   0|  0|   47|          40|          40|
    |e_312_fu_4451_p2          |         -|   0|  0|   47|          40|          40|
    |e_315_fu_4473_p2          |         -|   0|  0|   47|          40|          40|
    |e_318_fu_4497_p2          |         -|   0|  0|   47|          40|          40|
    |e_321_fu_4519_p2          |         -|   0|  0|   47|          40|          40|
    |e_324_fu_4543_p2          |         -|   0|  0|   47|          40|          40|
    |e_327_fu_4565_p2          |         -|   0|  0|   47|          40|          40|
    |e_330_fu_4589_p2          |         -|   0|  0|   47|          40|          40|
    |e_333_fu_4611_p2          |         -|   0|  0|   47|          40|          40|
    |e_336_fu_4635_p2          |         -|   0|  0|   47|          40|          40|
    |e_339_fu_4657_p2          |         -|   0|  0|   47|          40|          40|
    |e_33_fu_2311_p2           |         -|   0|  0|   47|          40|          40|
    |e_342_fu_4681_p2          |         -|   0|  0|   47|          40|          40|
    |e_345_fu_4703_p2          |         -|   0|  0|   47|          40|          40|
    |e_348_fu_4727_p2          |         -|   0|  0|   47|          40|          40|
    |e_351_fu_4749_p2          |         -|   0|  0|   47|          40|          40|
    |e_354_fu_4773_p2          |         -|   0|  0|   47|          40|          40|
    |e_357_fu_4795_p2          |         -|   0|  0|   47|          40|          40|
    |e_360_fu_4819_p2          |         -|   0|  0|   47|          40|          40|
    |e_363_fu_4841_p2          |         -|   0|  0|   47|          40|          40|
    |e_366_fu_4865_p2          |         -|   0|  0|   47|          40|          40|
    |e_369_fu_4887_p2          |         -|   0|  0|   47|          40|          40|
    |e_36_fu_2335_p2           |         -|   0|  0|   47|          40|          40|
    |e_372_fu_4911_p2          |         -|   0|  0|   47|          40|          40|
    |e_375_fu_4933_p2          |         -|   0|  0|   47|          40|          40|
    |e_378_fu_4957_p2          |         -|   0|  0|   47|          40|          40|
    |e_381_fu_4979_p2          |         -|   0|  0|   47|          40|          40|
    |e_384_fu_5003_p2          |         -|   0|  0|   47|          40|          40|
    |e_387_fu_5025_p2          |         -|   0|  0|   47|          40|          40|
    |e_390_fu_5049_p2          |         -|   0|  0|   47|          40|          40|
    |e_393_fu_5071_p2          |         -|   0|  0|   47|          40|          40|
    |e_396_fu_5095_p2          |         -|   0|  0|   47|          40|          40|
    |e_399_fu_5117_p2          |         -|   0|  0|   47|          40|          40|
    |e_39_fu_2357_p2           |         -|   0|  0|   47|          40|          40|
    |e_3_fu_2081_p2            |         -|   0|  0|   47|          40|          40|
    |e_402_fu_5141_p2          |         -|   0|  0|   47|          40|          40|
    |e_405_fu_5163_p2          |         -|   0|  0|   47|          40|          40|
    |e_408_fu_5187_p2          |         -|   0|  0|   47|          40|          40|
    |e_411_fu_5209_p2          |         -|   0|  0|   47|          40|          40|
    |e_414_fu_5233_p2          |         -|   0|  0|   47|          40|          40|
    |e_417_fu_5255_p2          |         -|   0|  0|   47|          40|          40|
    |e_420_fu_5279_p2          |         -|   0|  0|   47|          40|          40|
    |e_423_fu_5301_p2          |         -|   0|  0|   47|          40|          40|
    |e_426_fu_5325_p2          |         -|   0|  0|   47|          40|          40|
    |e_429_fu_5347_p2          |         -|   0|  0|   47|          40|          40|
    |e_42_fu_2381_p2           |         -|   0|  0|   47|          40|          40|
    |e_432_fu_5371_p2          |         -|   0|  0|   47|          40|          40|
    |e_435_fu_5393_p2          |         -|   0|  0|   47|          40|          40|
    |e_438_fu_5417_p2          |         -|   0|  0|   47|          40|          40|
    |e_441_fu_5439_p2          |         -|   0|  0|   47|          40|          40|
    |e_444_fu_5463_p2          |         -|   0|  0|   47|          40|          40|
    |e_447_fu_5485_p2          |         -|   0|  0|   47|          40|          40|
    |e_450_fu_5509_p2          |         -|   0|  0|   47|          40|          40|
    |e_453_fu_5531_p2          |         -|   0|  0|   47|          40|          40|
    |e_456_fu_5555_p2          |         -|   0|  0|   47|          40|          40|
    |e_459_fu_5577_p2          |         -|   0|  0|   47|          40|          40|
    |e_45_fu_2403_p2           |         -|   0|  0|   47|          40|          40|
    |e_462_fu_5601_p2          |         -|   0|  0|   47|          40|          40|
    |e_465_fu_5623_p2          |         -|   0|  0|   47|          40|          40|
    |e_468_fu_5647_p2          |         -|   0|  0|   47|          40|          40|
    |e_471_fu_5669_p2          |         -|   0|  0|   47|          40|          40|
    |e_474_fu_5693_p2          |         -|   0|  0|   47|          40|          40|
    |e_477_fu_5715_p2          |         -|   0|  0|   47|          40|          40|
    |e_480_fu_5739_p2          |         -|   0|  0|   47|          40|          40|
    |e_483_fu_5761_p2          |         -|   0|  0|   47|          40|          40|
    |e_486_fu_5785_p2          |         -|   0|  0|   47|          40|          40|
    |e_489_fu_5807_p2          |         -|   0|  0|   47|          40|          40|
    |e_48_fu_2427_p2           |         -|   0|  0|   47|          40|          40|
    |e_492_fu_5831_p2          |         -|   0|  0|   47|          40|          40|
    |e_495_fu_5853_p2          |         -|   0|  0|   47|          40|          40|
    |e_498_fu_5877_p2          |         -|   0|  0|   47|          40|          40|
    |e_501_fu_5899_p2          |         -|   0|  0|   47|          40|          40|
    |e_504_fu_5923_p2          |         -|   0|  0|   47|          40|          40|
    |e_507_fu_5945_p2          |         -|   0|  0|   47|          40|          40|
    |e_510_fu_5969_p2          |         -|   0|  0|   47|          40|          40|
    |e_51_fu_2449_p2           |         -|   0|  0|   47|          40|          40|
    |e_54_fu_2473_p2           |         -|   0|  0|   47|          40|          40|
    |e_57_fu_2495_p2           |         -|   0|  0|   47|          40|          40|
    |e_60_fu_2519_p2           |         -|   0|  0|   47|          40|          40|
    |e_63_fu_2541_p2           |         -|   0|  0|   47|          40|          40|
    |e_66_fu_2565_p2           |         -|   0|  0|   47|          40|          40|
    |e_69_fu_2587_p2           |         -|   0|  0|   47|          40|          40|
    |e_6_fu_2105_p2            |         -|   0|  0|   47|          40|          40|
    |e_72_fu_2611_p2           |         -|   0|  0|   47|          40|          40|
    |e_75_fu_2633_p2           |         -|   0|  0|   47|          40|          40|
    |e_78_fu_2657_p2           |         -|   0|  0|   47|          40|          40|
    |e_81_fu_2679_p2           |         -|   0|  0|   47|          40|          40|
    |e_84_fu_2703_p2           |         -|   0|  0|   47|          40|          40|
    |e_87_fu_2725_p2           |         -|   0|  0|   47|          40|          40|
    |e_90_fu_2749_p2           |         -|   0|  0|   47|          40|          40|
    |e_93_fu_2771_p2           |         -|   0|  0|   47|          40|          40|
    |e_96_fu_2795_p2           |         -|   0|  0|   47|          40|          40|
    |e_99_fu_2817_p2           |         -|   0|  0|   47|          40|          40|
    |e_9_fu_2127_p2            |         -|   0|  0|   47|          40|          40|
    |e_fu_2058_p2              |         -|   0|  0|   40|           1|          40|
    |out_fu_5987_p2            |         -|   0|  0|   47|          40|          40|
    |sub_ln42_10_fu_1826_p2    |         -|   0|  0|   47|           1|          40|
    |sub_ln42_11_fu_1840_p2    |         -|   0|  0|   47|           1|          40|
    |sub_ln42_12_fu_1854_p2    |         -|   0|  0|   47|           1|          40|
    |sub_ln42_13_fu_1868_p2    |         -|   0|  0|   47|           1|          40|
    |sub_ln42_14_fu_1882_p2    |         -|   0|  0|   47|           1|          40|
    |sub_ln42_15_fu_1896_p2    |         -|   0|  0|   47|           1|          40|
    |sub_ln42_16_fu_1910_p2    |         -|   0|  0|   47|           1|          40|
    |sub_ln42_17_fu_1924_p2    |         -|   0|  0|   47|           1|          40|
    |sub_ln42_18_fu_1938_p2    |         -|   0|  0|   47|           1|          40|
    |sub_ln42_1_fu_1700_p2     |         -|   0|  0|   47|           1|          40|
    |sub_ln42_2_fu_1714_p2     |         -|   0|  0|   47|           1|          40|
    |sub_ln42_3_fu_1728_p2     |         -|   0|  0|   47|           1|          40|
    |sub_ln42_4_fu_1742_p2     |         -|   0|  0|   47|           1|          40|
    |sub_ln42_5_fu_1756_p2     |         -|   0|  0|   47|           1|          40|
    |sub_ln42_6_fu_1770_p2     |         -|   0|  0|   47|           1|          40|
    |sub_ln42_7_fu_1784_p2     |         -|   0|  0|   47|           1|          40|
    |sub_ln42_8_fu_1798_p2     |         -|   0|  0|   47|           1|          40|
    |sub_ln42_9_fu_1812_p2     |         -|   0|  0|   47|           1|          40|
    |sub_ln42_fu_1686_p2       |         -|   0|  0|   47|           1|          40|
    |e_101_fu_2829_p3          |    select|   0|  0|   40|           1|          40|
    |e_104_fu_2851_p3          |    select|   0|  0|   40|           1|          40|
    |e_107_fu_2875_p3          |    select|   0|  0|   40|           1|          40|
    |e_110_fu_2897_p3          |    select|   0|  0|   40|           1|          40|
    |e_113_fu_2921_p3          |    select|   0|  0|   40|           1|          40|
    |e_116_fu_2943_p3          |    select|   0|  0|   40|           1|          40|
    |e_119_fu_2967_p3          |    select|   0|  0|   40|           1|          40|
    |e_11_fu_2139_p3           |    select|   0|  0|   40|           1|          40|
    |e_122_fu_2989_p3          |    select|   0|  0|   40|           1|          40|
    |e_125_fu_3013_p3          |    select|   0|  0|   40|           1|          40|
    |e_128_fu_3035_p3          |    select|   0|  0|   40|           1|          40|
    |e_131_fu_3059_p3          |    select|   0|  0|   40|           1|          40|
    |e_134_fu_3081_p3          |    select|   0|  0|   40|           1|          40|
    |e_137_fu_3105_p3          |    select|   0|  0|   40|           1|          40|
    |e_140_fu_3127_p3          |    select|   0|  0|   40|           1|          40|
    |e_143_fu_3151_p3          |    select|   0|  0|   40|           1|          40|
    |e_146_fu_3173_p3          |    select|   0|  0|   40|           1|          40|
    |e_149_fu_3197_p3          |    select|   0|  0|   40|           1|          40|
    |e_14_fu_2161_p3           |    select|   0|  0|   40|           1|          40|
    |e_152_fu_3219_p3          |    select|   0|  0|   40|           1|          40|
    |e_155_fu_3243_p3          |    select|   0|  0|   40|           1|          40|
    |e_158_fu_3265_p3          |    select|   0|  0|   40|           1|          40|
    |e_161_fu_3289_p3          |    select|   0|  0|   40|           1|          40|
    |e_164_fu_3311_p3          |    select|   0|  0|   40|           1|          40|
    |e_167_fu_3335_p3          |    select|   0|  0|   40|           1|          40|
    |e_170_fu_3357_p3          |    select|   0|  0|   40|           1|          40|
    |e_173_fu_3381_p3          |    select|   0|  0|   40|           1|          40|
    |e_176_fu_3403_p3          |    select|   0|  0|   40|           1|          40|
    |e_179_fu_3427_p3          |    select|   0|  0|   40|           1|          40|
    |e_17_fu_2185_p3           |    select|   0|  0|   40|           1|          40|
    |e_182_fu_3449_p3          |    select|   0|  0|   40|           1|          40|
    |e_185_fu_3473_p3          |    select|   0|  0|   40|           1|          40|
    |e_188_fu_3495_p3          |    select|   0|  0|   40|           1|          40|
    |e_191_fu_3519_p3          |    select|   0|  0|   40|           1|          40|
    |e_194_fu_3541_p3          |    select|   0|  0|   40|           1|          40|
    |e_197_fu_3565_p3          |    select|   0|  0|   40|           1|          40|
    |e_200_fu_3587_p3          |    select|   0|  0|   40|           1|          40|
    |e_203_fu_3611_p3          |    select|   0|  0|   40|           1|          40|
    |e_206_fu_3633_p3          |    select|   0|  0|   40|           1|          40|
    |e_209_fu_3657_p3          |    select|   0|  0|   40|           1|          40|
    |e_20_fu_2207_p3           |    select|   0|  0|   40|           1|          40|
    |e_212_fu_3679_p3          |    select|   0|  0|   40|           1|          40|
    |e_215_fu_3703_p3          |    select|   0|  0|   40|           1|          40|
    |e_218_fu_3725_p3          |    select|   0|  0|   40|           1|          40|
    |e_221_fu_3749_p3          |    select|   0|  0|   40|           1|          40|
    |e_224_fu_3771_p3          |    select|   0|  0|   40|           1|          40|
    |e_227_fu_3795_p3          |    select|   0|  0|   40|           1|          40|
    |e_230_fu_3817_p3          |    select|   0|  0|   40|           1|          40|
    |e_233_fu_3841_p3          |    select|   0|  0|   40|           1|          40|
    |e_236_fu_3863_p3          |    select|   0|  0|   40|           1|          40|
    |e_239_fu_3887_p3          |    select|   0|  0|   40|           1|          40|
    |e_23_fu_2231_p3           |    select|   0|  0|   40|           1|          40|
    |e_242_fu_3909_p3          |    select|   0|  0|   40|           1|          40|
    |e_245_fu_3933_p3          |    select|   0|  0|   40|           1|          40|
    |e_248_fu_3955_p3          |    select|   0|  0|   40|           1|          40|
    |e_251_fu_3979_p3          |    select|   0|  0|   40|           1|          40|
    |e_254_fu_4001_p3          |    select|   0|  0|   40|           1|          40|
    |e_257_fu_4025_p3          |    select|   0|  0|   40|           1|          40|
    |e_260_fu_4047_p3          |    select|   0|  0|   40|           1|          40|
    |e_263_fu_4071_p3          |    select|   0|  0|   40|           1|          40|
    |e_266_fu_4093_p3          |    select|   0|  0|   40|           1|          40|
    |e_269_fu_4117_p3          |    select|   0|  0|   40|           1|          40|
    |e_26_fu_2253_p3           |    select|   0|  0|   40|           1|          40|
    |e_272_fu_4139_p3          |    select|   0|  0|   40|           1|          40|
    |e_275_fu_4163_p3          |    select|   0|  0|   40|           1|          40|
    |e_278_fu_4185_p3          |    select|   0|  0|   40|           1|          40|
    |e_281_fu_4209_p3          |    select|   0|  0|   40|           1|          40|
    |e_284_fu_4231_p3          |    select|   0|  0|   40|           1|          40|
    |e_287_fu_4255_p3          |    select|   0|  0|   40|           1|          40|
    |e_290_fu_4277_p3          |    select|   0|  0|   40|           1|          40|
    |e_293_fu_4301_p3          |    select|   0|  0|   40|           1|          40|
    |e_296_fu_4323_p3          |    select|   0|  0|   40|           1|          40|
    |e_299_fu_4347_p3          |    select|   0|  0|   40|           1|          40|
    |e_29_fu_2277_p3           |    select|   0|  0|   40|           1|          40|
    |e_2_fu_2069_p3            |    select|   0|  0|   40|           1|          40|
    |e_302_fu_4369_p3          |    select|   0|  0|   40|           1|          40|
    |e_305_fu_4393_p3          |    select|   0|  0|   40|           1|          40|
    |e_308_fu_4415_p3          |    select|   0|  0|   40|           1|          40|
    |e_311_fu_4439_p3          |    select|   0|  0|   40|           1|          40|
    |e_314_fu_4461_p3          |    select|   0|  0|   40|           1|          40|
    |e_317_fu_4485_p3          |    select|   0|  0|   40|           1|          40|
    |e_320_fu_4507_p3          |    select|   0|  0|   40|           1|          40|
    |e_323_fu_4531_p3          |    select|   0|  0|   40|           1|          40|
    |e_326_fu_4553_p3          |    select|   0|  0|   40|           1|          40|
    |e_329_fu_4577_p3          |    select|   0|  0|   40|           1|          40|
    |e_32_fu_2299_p3           |    select|   0|  0|   40|           1|          40|
    |e_332_fu_4599_p3          |    select|   0|  0|   40|           1|          40|
    |e_335_fu_4623_p3          |    select|   0|  0|   40|           1|          40|
    |e_338_fu_4645_p3          |    select|   0|  0|   40|           1|          40|
    |e_341_fu_4669_p3          |    select|   0|  0|   40|           1|          40|
    |e_344_fu_4691_p3          |    select|   0|  0|   40|           1|          40|
    |e_347_fu_4715_p3          |    select|   0|  0|   40|           1|          40|
    |e_350_fu_4737_p3          |    select|   0|  0|   40|           1|          40|
    |e_353_fu_4761_p3          |    select|   0|  0|   40|           1|          40|
    |e_356_fu_4783_p3          |    select|   0|  0|   40|           1|          40|
    |e_359_fu_4807_p3          |    select|   0|  0|   40|           1|          40|
    |e_35_fu_2323_p3           |    select|   0|  0|   40|           1|          40|
    |e_362_fu_4829_p3          |    select|   0|  0|   40|           1|          40|
    |e_365_fu_4853_p3          |    select|   0|  0|   40|           1|          40|
    |e_368_fu_4875_p3          |    select|   0|  0|   40|           1|          40|
    |e_371_fu_4899_p3          |    select|   0|  0|   40|           1|          40|
    |e_374_fu_4921_p3          |    select|   0|  0|   40|           1|          40|
    |e_377_fu_4945_p3          |    select|   0|  0|   40|           1|          40|
    |e_380_fu_4967_p3          |    select|   0|  0|   40|           1|          40|
    |e_383_fu_4991_p3          |    select|   0|  0|   40|           1|          40|
    |e_386_fu_5013_p3          |    select|   0|  0|   40|           1|          40|
    |e_389_fu_5037_p3          |    select|   0|  0|   40|           1|          40|
    |e_38_fu_2345_p3           |    select|   0|  0|   40|           1|          40|
    |e_392_fu_5059_p3          |    select|   0|  0|   40|           1|          40|
    |e_395_fu_5083_p3          |    select|   0|  0|   40|           1|          40|
    |e_398_fu_5105_p3          |    select|   0|  0|   40|           1|          40|
    |e_401_fu_5129_p3          |    select|   0|  0|   40|           1|          40|
    |e_404_fu_5151_p3          |    select|   0|  0|   40|           1|          40|
    |e_407_fu_5175_p3          |    select|   0|  0|   40|           1|          40|
    |e_410_fu_5197_p3          |    select|   0|  0|   40|           1|          40|
    |e_413_fu_5221_p3          |    select|   0|  0|   40|           1|          40|
    |e_416_fu_5243_p3          |    select|   0|  0|   40|           1|          40|
    |e_419_fu_5267_p3          |    select|   0|  0|   40|           1|          40|
    |e_41_fu_2369_p3           |    select|   0|  0|   40|           1|          40|
    |e_422_fu_5289_p3          |    select|   0|  0|   40|           1|          40|
    |e_425_fu_5313_p3          |    select|   0|  0|   40|           1|          40|
    |e_428_fu_5335_p3          |    select|   0|  0|   40|           1|          40|
    |e_431_fu_5359_p3          |    select|   0|  0|   40|           1|          40|
    |e_434_fu_5381_p3          |    select|   0|  0|   40|           1|          40|
    |e_437_fu_5405_p3          |    select|   0|  0|   40|           1|          40|
    |e_440_fu_5427_p3          |    select|   0|  0|   40|           1|          40|
    |e_443_fu_5451_p3          |    select|   0|  0|   40|           1|          40|
    |e_446_fu_5473_p3          |    select|   0|  0|   40|           1|          40|
    |e_449_fu_5497_p3          |    select|   0|  0|   40|           1|          40|
    |e_44_fu_2391_p3           |    select|   0|  0|   40|           1|          40|
    |e_452_fu_5519_p3          |    select|   0|  0|   40|           1|          40|
    |e_455_fu_5543_p3          |    select|   0|  0|   40|           1|          40|
    |e_458_fu_5565_p3          |    select|   0|  0|   40|           1|          40|
    |e_461_fu_5589_p3          |    select|   0|  0|   40|           1|          40|
    |e_464_fu_5611_p3          |    select|   0|  0|   40|           1|          40|
    |e_467_fu_5635_p3          |    select|   0|  0|   40|           1|          40|
    |e_470_fu_5657_p3          |    select|   0|  0|   40|           1|          40|
    |e_473_fu_5681_p3          |    select|   0|  0|   40|           1|          40|
    |e_476_fu_5703_p3          |    select|   0|  0|   40|           1|          40|
    |e_479_fu_5727_p3          |    select|   0|  0|   40|           1|          40|
    |e_47_fu_2415_p3           |    select|   0|  0|   40|           1|          40|
    |e_482_fu_5749_p3          |    select|   0|  0|   40|           1|          40|
    |e_485_fu_5773_p3          |    select|   0|  0|   40|           1|          40|
    |e_488_fu_5795_p3          |    select|   0|  0|   40|           1|          40|
    |e_491_fu_5819_p3          |    select|   0|  0|   40|           1|          40|
    |e_494_fu_5841_p3          |    select|   0|  0|   40|           1|          40|
    |e_497_fu_5865_p3          |    select|   0|  0|   40|           1|          40|
    |e_500_fu_5887_p3          |    select|   0|  0|   40|           1|          40|
    |e_503_fu_5911_p3          |    select|   0|  0|   40|           1|          40|
    |e_506_fu_5933_p3          |    select|   0|  0|   40|           1|          40|
    |e_509_fu_5957_p3          |    select|   0|  0|   40|           1|          40|
    |e_50_fu_2437_p3           |    select|   0|  0|   40|           1|          40|
    |e_512_fu_5979_p3          |    select|   0|  0|   40|           1|          40|
    |e_53_fu_2461_p3           |    select|   0|  0|   40|           1|          40|
    |e_56_fu_2483_p3           |    select|   0|  0|   40|           1|          40|
    |e_59_fu_2507_p3           |    select|   0|  0|   40|           1|          40|
    |e_5_fu_2093_p3            |    select|   0|  0|   40|           1|          40|
    |e_62_fu_2529_p3           |    select|   0|  0|   40|           1|          40|
    |e_65_fu_2553_p3           |    select|   0|  0|   40|           1|          40|
    |e_68_fu_2575_p3           |    select|   0|  0|   40|           1|          40|
    |e_71_fu_2599_p3           |    select|   0|  0|   40|           1|          40|
    |e_74_fu_2621_p3           |    select|   0|  0|   40|           1|          40|
    |e_77_fu_2645_p3           |    select|   0|  0|   40|           1|          40|
    |e_80_fu_2667_p3           |    select|   0|  0|   40|           1|          40|
    |e_83_fu_2691_p3           |    select|   0|  0|   40|           1|          40|
    |e_86_fu_2713_p3           |    select|   0|  0|   40|           1|          40|
    |e_89_fu_2737_p3           |    select|   0|  0|   40|           1|          40|
    |e_8_fu_2115_p3            |    select|   0|  0|   40|           1|          40|
    |e_92_fu_2759_p3           |    select|   0|  0|   40|           1|          40|
    |e_95_fu_2783_p3           |    select|   0|  0|   40|           1|          40|
    |e_98_fu_2805_p3           |    select|   0|  0|   40|           1|          40|
    |term_10_fu_1832_p3        |    select|   0|  0|   40|           1|          40|
    |term_11_fu_1846_p3        |    select|   0|  0|   40|           1|          40|
    |term_12_fu_1860_p3        |    select|   0|  0|   40|           1|          40|
    |term_13_fu_1874_p3        |    select|   0|  0|   40|           1|          40|
    |term_14_fu_1888_p3        |    select|   0|  0|   40|           1|          40|
    |term_15_fu_1902_p3        |    select|   0|  0|   40|           1|          40|
    |term_16_fu_1916_p3        |    select|   0|  0|   40|           1|          40|
    |term_17_fu_1930_p3        |    select|   0|  0|   40|           1|          40|
    |term_18_fu_1944_p3        |    select|   0|  0|   40|           1|          40|
    |term_1_fu_1706_p3         |    select|   0|  0|   40|           1|          40|
    |term_2_fu_1720_p3         |    select|   0|  0|   40|           1|          40|
    |term_3_fu_1734_p3         |    select|   0|  0|   40|           1|          40|
    |term_4_fu_1748_p3         |    select|   0|  0|   40|           1|          40|
    |term_5_fu_1762_p3         |    select|   0|  0|   40|           1|          40|
    |term_6_fu_1776_p3         |    select|   0|  0|   40|           1|          40|
    |term_7_fu_1790_p3         |    select|   0|  0|   40|           1|          40|
    |term_8_fu_1804_p3         |    select|   0|  0|   40|           1|          40|
    |term_9_fu_1818_p3         |    select|   0|  0|   40|           1|          40|
    |term_fu_1692_p3           |    select|   0|  0|   40|           1|          40|
    |xor_ln194_100_fu_4355_p2  |       xor|   0|  0|    2|           1|           1|
    |xor_ln194_101_fu_4377_p2  |       xor|   0|  0|    2|           1|           1|
    |xor_ln194_102_fu_4401_p2  |       xor|   0|  0|    2|           1|           1|
    |xor_ln194_103_fu_4423_p2  |       xor|   0|  0|    2|           1|           1|
    |xor_ln194_104_fu_4447_p2  |       xor|   0|  0|    2|           1|           1|
    |xor_ln194_105_fu_4469_p2  |       xor|   0|  0|    2|           1|           1|
    |xor_ln194_106_fu_4493_p2  |       xor|   0|  0|    2|           1|           1|
    |xor_ln194_107_fu_4515_p2  |       xor|   0|  0|    2|           1|           1|
    |xor_ln194_108_fu_4539_p2  |       xor|   0|  0|    2|           1|           1|
    |xor_ln194_109_fu_4561_p2  |       xor|   0|  0|    2|           1|           1|
    |xor_ln194_10_fu_2285_p2   |       xor|   0|  0|    2|           1|           1|
    |xor_ln194_110_fu_4585_p2  |       xor|   0|  0|    2|           1|           1|
    |xor_ln194_111_fu_4607_p2  |       xor|   0|  0|    2|           1|           1|
    |xor_ln194_112_fu_4631_p2  |       xor|   0|  0|    2|           1|           1|
    |xor_ln194_113_fu_4653_p2  |       xor|   0|  0|    2|           1|           1|
    |xor_ln194_114_fu_4677_p2  |       xor|   0|  0|    2|           1|           1|
    |xor_ln194_115_fu_4699_p2  |       xor|   0|  0|    2|           1|           1|
    |xor_ln194_116_fu_4723_p2  |       xor|   0|  0|    2|           1|           1|
    |xor_ln194_117_fu_4745_p2  |       xor|   0|  0|    2|           1|           1|
    |xor_ln194_118_fu_4769_p2  |       xor|   0|  0|    2|           1|           1|
    |xor_ln194_119_fu_4791_p2  |       xor|   0|  0|    2|           1|           1|
    |xor_ln194_11_fu_2307_p2   |       xor|   0|  0|    2|           1|           1|
    |xor_ln194_120_fu_4815_p2  |       xor|   0|  0|    2|           1|           1|
    |xor_ln194_121_fu_4837_p2  |       xor|   0|  0|    2|           1|           1|
    |xor_ln194_122_fu_4861_p2  |       xor|   0|  0|    2|           1|           1|
    |xor_ln194_123_fu_4883_p2  |       xor|   0|  0|    2|           1|           1|
    |xor_ln194_124_fu_4907_p2  |       xor|   0|  0|    2|           1|           1|
    |xor_ln194_125_fu_4929_p2  |       xor|   0|  0|    2|           1|           1|
    |xor_ln194_126_fu_4953_p2  |       xor|   0|  0|    2|           1|           1|
    |xor_ln194_127_fu_4975_p2  |       xor|   0|  0|    2|           1|           1|
    |xor_ln194_128_fu_4999_p2  |       xor|   0|  0|    2|           1|           1|
    |xor_ln194_129_fu_5021_p2  |       xor|   0|  0|    2|           1|           1|
    |xor_ln194_12_fu_2331_p2   |       xor|   0|  0|    2|           1|           1|
    |xor_ln194_130_fu_5045_p2  |       xor|   0|  0|    2|           1|           1|
    |xor_ln194_131_fu_5067_p2  |       xor|   0|  0|    2|           1|           1|
    |xor_ln194_132_fu_5091_p2  |       xor|   0|  0|    2|           1|           1|
    |xor_ln194_133_fu_5113_p2  |       xor|   0|  0|    2|           1|           1|
    |xor_ln194_134_fu_5137_p2  |       xor|   0|  0|    2|           1|           1|
    |xor_ln194_135_fu_5159_p2  |       xor|   0|  0|    2|           1|           1|
    |xor_ln194_136_fu_5183_p2  |       xor|   0|  0|    2|           1|           1|
    |xor_ln194_137_fu_5205_p2  |       xor|   0|  0|    2|           1|           1|
    |xor_ln194_138_fu_5229_p2  |       xor|   0|  0|    2|           1|           1|
    |xor_ln194_139_fu_5251_p2  |       xor|   0|  0|    2|           1|           1|
    |xor_ln194_13_fu_2353_p2   |       xor|   0|  0|    2|           1|           1|
    |xor_ln194_140_fu_5275_p2  |       xor|   0|  0|    2|           1|           1|
    |xor_ln194_141_fu_5297_p2  |       xor|   0|  0|    2|           1|           1|
    |xor_ln194_142_fu_5321_p2  |       xor|   0|  0|    2|           1|           1|
    |xor_ln194_143_fu_5343_p2  |       xor|   0|  0|    2|           1|           1|
    |xor_ln194_144_fu_5367_p2  |       xor|   0|  0|    2|           1|           1|
    |xor_ln194_145_fu_5389_p2  |       xor|   0|  0|    2|           1|           1|
    |xor_ln194_146_fu_5413_p2  |       xor|   0|  0|    2|           1|           1|
    |xor_ln194_147_fu_5435_p2  |       xor|   0|  0|    2|           1|           1|
    |xor_ln194_148_fu_5459_p2  |       xor|   0|  0|    2|           1|           1|
    |xor_ln194_149_fu_5481_p2  |       xor|   0|  0|    2|           1|           1|
    |xor_ln194_14_fu_2377_p2   |       xor|   0|  0|    2|           1|           1|
    |xor_ln194_150_fu_5505_p2  |       xor|   0|  0|    2|           1|           1|
    |xor_ln194_151_fu_5527_p2  |       xor|   0|  0|    2|           1|           1|
    |xor_ln194_152_fu_5551_p2  |       xor|   0|  0|    2|           1|           1|
    |xor_ln194_153_fu_5573_p2  |       xor|   0|  0|    2|           1|           1|
    |xor_ln194_154_fu_5597_p2  |       xor|   0|  0|    2|           1|           1|
    |xor_ln194_155_fu_5619_p2  |       xor|   0|  0|    2|           1|           1|
    |xor_ln194_156_fu_5643_p2  |       xor|   0|  0|    2|           1|           1|
    |xor_ln194_157_fu_5665_p2  |       xor|   0|  0|    2|           1|           1|
    |xor_ln194_158_fu_5689_p2  |       xor|   0|  0|    2|           1|           1|
    |xor_ln194_159_fu_5711_p2  |       xor|   0|  0|    2|           1|           1|
    |xor_ln194_15_fu_2399_p2   |       xor|   0|  0|    2|           1|           1|
    |xor_ln194_160_fu_5735_p2  |       xor|   0|  0|    2|           1|           1|
    |xor_ln194_161_fu_5757_p2  |       xor|   0|  0|    2|           1|           1|
    |xor_ln194_162_fu_5781_p2  |       xor|   0|  0|    2|           1|           1|
    |xor_ln194_163_fu_5803_p2  |       xor|   0|  0|    2|           1|           1|
    |xor_ln194_164_fu_5827_p2  |       xor|   0|  0|    2|           1|           1|
    |xor_ln194_165_fu_5849_p2  |       xor|   0|  0|    2|           1|           1|
    |xor_ln194_166_fu_5873_p2  |       xor|   0|  0|    2|           1|           1|
    |xor_ln194_167_fu_5895_p2  |       xor|   0|  0|    2|           1|           1|
    |xor_ln194_168_fu_5919_p2  |       xor|   0|  0|    2|           1|           1|
    |xor_ln194_169_fu_5941_p2  |       xor|   0|  0|    2|           1|           1|
    |xor_ln194_16_fu_2423_p2   |       xor|   0|  0|    2|           1|           1|
    |xor_ln194_170_fu_5965_p2  |       xor|   0|  0|    2|           1|           1|
    |xor_ln194_17_fu_2445_p2   |       xor|   0|  0|    2|           1|           1|
    |xor_ln194_18_fu_2469_p2   |       xor|   0|  0|    2|           1|           1|
    |xor_ln194_19_fu_2491_p2   |       xor|   0|  0|    2|           1|           1|
    |xor_ln194_1_fu_2077_p2    |       xor|   0|  0|    2|           1|           1|
    |xor_ln194_20_fu_2515_p2   |       xor|   0|  0|    2|           1|           1|
    |xor_ln194_21_fu_2537_p2   |       xor|   0|  0|    2|           1|           1|
    |xor_ln194_22_fu_2561_p2   |       xor|   0|  0|    2|           1|           1|
    |xor_ln194_23_fu_2583_p2   |       xor|   0|  0|    2|           1|           1|
    |xor_ln194_24_fu_2607_p2   |       xor|   0|  0|    2|           1|           1|
    |xor_ln194_25_fu_2629_p2   |       xor|   0|  0|    2|           1|           1|
    |xor_ln194_26_fu_2653_p2   |       xor|   0|  0|    2|           1|           1|
    |xor_ln194_27_fu_2675_p2   |       xor|   0|  0|    2|           1|           1|
    |xor_ln194_28_fu_2699_p2   |       xor|   0|  0|    2|           1|           1|
    |xor_ln194_29_fu_2721_p2   |       xor|   0|  0|    2|           1|           1|
    |xor_ln194_2_fu_2101_p2    |       xor|   0|  0|    2|           1|           1|
    |xor_ln194_30_fu_2745_p2   |       xor|   0|  0|    2|           1|           1|
    |xor_ln194_31_fu_2767_p2   |       xor|   0|  0|    2|           1|           1|
    |xor_ln194_32_fu_2791_p2   |       xor|   0|  0|    2|           1|           1|
    |xor_ln194_33_fu_2813_p2   |       xor|   0|  0|    2|           1|           1|
    |xor_ln194_34_fu_2837_p2   |       xor|   0|  0|    2|           1|           1|
    |xor_ln194_35_fu_2859_p2   |       xor|   0|  0|    2|           1|           1|
    |xor_ln194_36_fu_2883_p2   |       xor|   0|  0|    2|           1|           1|
    |xor_ln194_37_fu_2905_p2   |       xor|   0|  0|    2|           1|           1|
    |xor_ln194_38_fu_2929_p2   |       xor|   0|  0|    2|           1|           1|
    |xor_ln194_39_fu_2951_p2   |       xor|   0|  0|    2|           1|           1|
    |xor_ln194_3_fu_2123_p2    |       xor|   0|  0|    2|           1|           1|
    |xor_ln194_40_fu_2975_p2   |       xor|   0|  0|    2|           1|           1|
    |xor_ln194_41_fu_2997_p2   |       xor|   0|  0|    2|           1|           1|
    |xor_ln194_42_fu_3021_p2   |       xor|   0|  0|    2|           1|           1|
    |xor_ln194_43_fu_3043_p2   |       xor|   0|  0|    2|           1|           1|
    |xor_ln194_44_fu_3067_p2   |       xor|   0|  0|    2|           1|           1|
    |xor_ln194_45_fu_3089_p2   |       xor|   0|  0|    2|           1|           1|
    |xor_ln194_46_fu_3113_p2   |       xor|   0|  0|    2|           1|           1|
    |xor_ln194_47_fu_3135_p2   |       xor|   0|  0|    2|           1|           1|
    |xor_ln194_48_fu_3159_p2   |       xor|   0|  0|    2|           1|           1|
    |xor_ln194_49_fu_3181_p2   |       xor|   0|  0|    2|           1|           1|
    |xor_ln194_4_fu_2147_p2    |       xor|   0|  0|    2|           1|           1|
    |xor_ln194_50_fu_3205_p2   |       xor|   0|  0|    2|           1|           1|
    |xor_ln194_51_fu_3227_p2   |       xor|   0|  0|    2|           1|           1|
    |xor_ln194_52_fu_3251_p2   |       xor|   0|  0|    2|           1|           1|
    |xor_ln194_53_fu_3273_p2   |       xor|   0|  0|    2|           1|           1|
    |xor_ln194_54_fu_3297_p2   |       xor|   0|  0|    2|           1|           1|
    |xor_ln194_55_fu_3319_p2   |       xor|   0|  0|    2|           1|           1|
    |xor_ln194_56_fu_3343_p2   |       xor|   0|  0|    2|           1|           1|
    |xor_ln194_57_fu_3365_p2   |       xor|   0|  0|    2|           1|           1|
    |xor_ln194_58_fu_3389_p2   |       xor|   0|  0|    2|           1|           1|
    |xor_ln194_59_fu_3411_p2   |       xor|   0|  0|    2|           1|           1|
    |xor_ln194_5_fu_2169_p2    |       xor|   0|  0|    2|           1|           1|
    |xor_ln194_60_fu_3435_p2   |       xor|   0|  0|    2|           1|           1|
    |xor_ln194_61_fu_3457_p2   |       xor|   0|  0|    2|           1|           1|
    |xor_ln194_62_fu_3481_p2   |       xor|   0|  0|    2|           1|           1|
    |xor_ln194_63_fu_3503_p2   |       xor|   0|  0|    2|           1|           1|
    |xor_ln194_64_fu_3527_p2   |       xor|   0|  0|    2|           1|           1|
    |xor_ln194_65_fu_3549_p2   |       xor|   0|  0|    2|           1|           1|
    |xor_ln194_66_fu_3573_p2   |       xor|   0|  0|    2|           1|           1|
    |xor_ln194_67_fu_3595_p2   |       xor|   0|  0|    2|           1|           1|
    |xor_ln194_68_fu_3619_p2   |       xor|   0|  0|    2|           1|           1|
    |xor_ln194_69_fu_3641_p2   |       xor|   0|  0|    2|           1|           1|
    |xor_ln194_6_fu_2193_p2    |       xor|   0|  0|    2|           1|           1|
    |xor_ln194_70_fu_3665_p2   |       xor|   0|  0|    2|           1|           1|
    |xor_ln194_71_fu_3687_p2   |       xor|   0|  0|    2|           1|           1|
    |xor_ln194_72_fu_3711_p2   |       xor|   0|  0|    2|           1|           1|
    |xor_ln194_73_fu_3733_p2   |       xor|   0|  0|    2|           1|           1|
    |xor_ln194_74_fu_3757_p2   |       xor|   0|  0|    2|           1|           1|
    |xor_ln194_75_fu_3779_p2   |       xor|   0|  0|    2|           1|           1|
    |xor_ln194_76_fu_3803_p2   |       xor|   0|  0|    2|           1|           1|
    |xor_ln194_77_fu_3825_p2   |       xor|   0|  0|    2|           1|           1|
    |xor_ln194_78_fu_3849_p2   |       xor|   0|  0|    2|           1|           1|
    |xor_ln194_79_fu_3871_p2   |       xor|   0|  0|    2|           1|           1|
    |xor_ln194_7_fu_2215_p2    |       xor|   0|  0|    2|           1|           1|
    |xor_ln194_80_fu_3895_p2   |       xor|   0|  0|    2|           1|           1|
    |xor_ln194_81_fu_3917_p2   |       xor|   0|  0|    2|           1|           1|
    |xor_ln194_82_fu_3941_p2   |       xor|   0|  0|    2|           1|           1|
    |xor_ln194_83_fu_3963_p2   |       xor|   0|  0|    2|           1|           1|
    |xor_ln194_84_fu_3987_p2   |       xor|   0|  0|    2|           1|           1|
    |xor_ln194_85_fu_4009_p2   |       xor|   0|  0|    2|           1|           1|
    |xor_ln194_86_fu_4033_p2   |       xor|   0|  0|    2|           1|           1|
    |xor_ln194_87_fu_4055_p2   |       xor|   0|  0|    2|           1|           1|
    |xor_ln194_88_fu_4079_p2   |       xor|   0|  0|    2|           1|           1|
    |xor_ln194_89_fu_4101_p2   |       xor|   0|  0|    2|           1|           1|
    |xor_ln194_8_fu_2239_p2    |       xor|   0|  0|    2|           1|           1|
    |xor_ln194_90_fu_4125_p2   |       xor|   0|  0|    2|           1|           1|
    |xor_ln194_91_fu_4147_p2   |       xor|   0|  0|    2|           1|           1|
    |xor_ln194_92_fu_4171_p2   |       xor|   0|  0|    2|           1|           1|
    |xor_ln194_93_fu_4193_p2   |       xor|   0|  0|    2|           1|           1|
    |xor_ln194_94_fu_4217_p2   |       xor|   0|  0|    2|           1|           1|
    |xor_ln194_95_fu_4239_p2   |       xor|   0|  0|    2|           1|           1|
    |xor_ln194_96_fu_4263_p2   |       xor|   0|  0|    2|           1|           1|
    |xor_ln194_97_fu_4285_p2   |       xor|   0|  0|    2|           1|           1|
    |xor_ln194_98_fu_4309_p2   |       xor|   0|  0|    2|           1|           1|
    |xor_ln194_99_fu_4331_p2   |       xor|   0|  0|    2|           1|           1|
    |xor_ln194_9_fu_2261_p2    |       xor|   0|  0|    2|           1|           1|
    |xor_ln194_fu_2049_p2      |       xor|   0|  0|    2|           1|           1|
    +--------------------------+----------+----+---+-----+------------+------------+
    |Total                     |          |   0|  0|25723|       14821|       23011|
    +--------------------------+----------+----+---+-----+------------+------------+

    * Multiplexer: 
    +-----------+-----+-----------+-----+-----------+
    |    Name   | LUT | Input Size| Bits| Total Bits|
    +-----------+-----+-----------+-----+-----------+
    |ap_NS_fsm  |  435|         89|    1|         89|
    |ap_return  |    9|          2|   40|         80|
    +-----------+-----+-----------+-----+-----------+
    |Total      |  444|         91|   41|        169|
    +-----------+-----+-----------+-----+-----------+

    * Register: 
    +-----------------------+----+----+-----+-----------+
    |          Name         | FF | LUT| Bits| Const Bits|
    +-----------------------+----+----+-----+-----------+
    |add_ln183_10_reg_6456  |  40|   0|   40|          0|
    |add_ln183_14_reg_6461  |  40|   0|   40|          0|
    |add_ln183_17_reg_6466  |  40|   0|   40|          0|
    |add_ln183_1_reg_6441   |  40|   0|   40|          0|
    |add_ln183_5_reg_6446   |  40|   0|   40|          0|
    |add_ln183_8_reg_6451   |  40|   0|   40|          0|
    |ap_CS_fsm              |  88|   0|   88|          0|
    |ap_return_preg         |  40|   0|   40|          0|
    |e_101_reg_6568         |  40|   0|   40|          0|
    |e_107_reg_6574         |  40|   0|   40|          0|
    |e_113_reg_6580         |  40|   0|   40|          0|
    |e_119_reg_6586         |  40|   0|   40|          0|
    |e_11_reg_6478          |  40|   0|   40|          0|
    |e_125_reg_6592         |  40|   0|   40|          0|
    |e_131_reg_6598         |  40|   0|   40|          0|
    |e_137_reg_6604         |  40|   0|   40|          0|
    |e_143_reg_6610         |  40|   0|   40|          0|
    |e_149_reg_6616         |  40|   0|   40|          0|
    |e_155_reg_6622         |  40|   0|   40|          0|
    |e_161_reg_6628         |  40|   0|   40|          0|
    |e_167_reg_6634         |  40|   0|   40|          0|
    |e_173_reg_6640         |  40|   0|   40|          0|
    |e_179_reg_6646         |  40|   0|   40|          0|
    |e_17_reg_6484          |  40|   0|   40|          0|
    |e_185_reg_6652         |  40|   0|   40|          0|
    |e_191_reg_6658         |  40|   0|   40|          0|
    |e_197_reg_6664         |  40|   0|   40|          0|
    |e_203_reg_6670         |  40|   0|   40|          0|
    |e_209_reg_6676         |  40|   0|   40|          0|
    |e_215_reg_6682         |  40|   0|   40|          0|
    |e_221_reg_6688         |  40|   0|   40|          0|
    |e_227_reg_6694         |  40|   0|   40|          0|
    |e_233_reg_6700         |  40|   0|   40|          0|
    |e_239_reg_6706         |  40|   0|   40|          0|
    |e_23_reg_6490          |  40|   0|   40|          0|
    |e_245_reg_6712         |  40|   0|   40|          0|
    |e_251_reg_6718         |  40|   0|   40|          0|
    |e_257_reg_6724         |  40|   0|   40|          0|
    |e_263_reg_6730         |  40|   0|   40|          0|
    |e_269_reg_6736         |  40|   0|   40|          0|
    |e_275_reg_6742         |  40|   0|   40|          0|
    |e_281_reg_6748         |  40|   0|   40|          0|
    |e_287_reg_6754         |  40|   0|   40|          0|
    |e_293_reg_6760         |  40|   0|   40|          0|
    |e_299_reg_6766         |  40|   0|   40|          0|
    |e_29_reg_6496          |  40|   0|   40|          0|
    |e_305_reg_6772         |  40|   0|   40|          0|
    |e_311_reg_6778         |  40|   0|   40|          0|
    |e_317_reg_6784         |  40|   0|   40|          0|
    |e_323_reg_6790         |  40|   0|   40|          0|
    |e_329_reg_6796         |  40|   0|   40|          0|
    |e_335_reg_6802         |  40|   0|   40|          0|
    |e_341_reg_6808         |  40|   0|   40|          0|
    |e_347_reg_6814         |  40|   0|   40|          0|
    |e_353_reg_6820         |  40|   0|   40|          0|
    |e_359_reg_6826         |  40|   0|   40|          0|
    |e_35_reg_6502          |  40|   0|   40|          0|
    |e_365_reg_6832         |  40|   0|   40|          0|
    |e_371_reg_6838         |  40|   0|   40|          0|
    |e_377_reg_6844         |  40|   0|   40|          0|
    |e_383_reg_6850         |  40|   0|   40|          0|
    |e_389_reg_6856         |  40|   0|   40|          0|
    |e_395_reg_6862         |  40|   0|   40|          0|
    |e_401_reg_6868         |  40|   0|   40|          0|
    |e_407_reg_6874         |  40|   0|   40|          0|
    |e_413_reg_6880         |  40|   0|   40|          0|
    |e_419_reg_6886         |  40|   0|   40|          0|
    |e_41_reg_6508          |  40|   0|   40|          0|
    |e_425_reg_6892         |  40|   0|   40|          0|
    |e_431_reg_6898         |  40|   0|   40|          0|
    |e_437_reg_6904         |  40|   0|   40|          0|
    |e_443_reg_6910         |  40|   0|   40|          0|
    |e_449_reg_6916         |  40|   0|   40|          0|
    |e_455_reg_6922         |  40|   0|   40|          0|
    |e_461_reg_6928         |  40|   0|   40|          0|
    |e_467_reg_6934         |  40|   0|   40|          0|
    |e_473_reg_6940         |  40|   0|   40|          0|
    |e_479_reg_6946         |  40|   0|   40|          0|
    |e_47_reg_6514          |  40|   0|   40|          0|
    |e_485_reg_6952         |  40|   0|   40|          0|
    |e_491_reg_6958         |  40|   0|   40|          0|
    |e_497_reg_6964         |  40|   0|   40|          0|
    |e_503_reg_6970         |  40|   0|   40|          0|
    |e_509_reg_6976         |  40|   0|   40|          0|
    |e_53_reg_6520          |  40|   0|   40|          0|
    |e_59_reg_6526          |  40|   0|   40|          0|
    |e_5_reg_6472           |  40|   0|   40|          0|
    |e_65_reg_6532          |  40|   0|   40|          0|
    |e_71_reg_6538          |  40|   0|   40|          0|
    |e_77_reg_6544          |  40|   0|   40|          0|
    |e_83_reg_6550          |  40|   0|   40|          0|
    |e_89_reg_6556          |  40|   0|   40|          0|
    |e_95_reg_6562          |  40|   0|   40|          0|
    |term_10_reg_6421       |  40|   0|   40|          0|
    |term_13_reg_6426       |  40|   0|   40|          0|
    |term_16_reg_6431       |  40|   0|   40|          0|
    |term_17_reg_6436       |  40|   0|   40|          0|
    |term_4_reg_6411        |  40|   0|   40|          0|
    |term_6_reg_6416        |  40|   0|   40|          0|
    +-----------------------+----+----+-----+-----------+
    |Total                  |4008|   0| 4008|          0|
    +-----------------------+----+----+-----+-----------+



================================================================
== Interface
================================================================
* Summary: 
+-------------+-----+-----+------------+----------------------+--------------+
|  RTL Ports  | Dir | Bits|  Protocol  |     Source Object    |    C Type    |
+-------------+-----+-----+------------+----------------------+--------------+
|ap_clk       |   in|    1|  ap_ctrl_hs|  uniform_delta_energy|  return value|
|ap_rst       |   in|    1|  ap_ctrl_hs|  uniform_delta_energy|  return value|
|ap_start     |   in|    1|  ap_ctrl_hs|  uniform_delta_energy|  return value|
|ap_done      |  out|    1|  ap_ctrl_hs|  uniform_delta_energy|  return value|
|ap_idle      |  out|    1|  ap_ctrl_hs|  uniform_delta_energy|  return value|
|ap_ready     |  out|    1|  ap_ctrl_hs|  uniform_delta_energy|  return value|
|ap_return    |  out|   40|  ap_ctrl_hs|  uniform_delta_energy|  return value|
|J_0_1_val    |   in|   40|     ap_none|             J_0_1_val|        scalar|
|J_0_2_val    |   in|   40|     ap_none|             J_0_2_val|        scalar|
|J_0_3_val    |   in|   40|     ap_none|             J_0_3_val|        scalar|
|J_0_4_val    |   in|   40|     ap_none|             J_0_4_val|        scalar|
|J_0_5_val    |   in|   40|     ap_none|             J_0_5_val|        scalar|
|J_0_6_val    |   in|   40|     ap_none|             J_0_6_val|        scalar|
|J_0_7_val    |   in|   40|     ap_none|             J_0_7_val|        scalar|
|J_0_8_val    |   in|   40|     ap_none|             J_0_8_val|        scalar|
|J_0_9_val    |   in|   40|     ap_none|             J_0_9_val|        scalar|
|J_0_10_val   |   in|   40|     ap_none|            J_0_10_val|        scalar|
|J_0_11_val   |   in|   40|     ap_none|            J_0_11_val|        scalar|
|J_0_12_val   |   in|   40|     ap_none|            J_0_12_val|        scalar|
|J_0_13_val   |   in|   40|     ap_none|            J_0_13_val|        scalar|
|J_0_14_val   |   in|   40|     ap_none|            J_0_14_val|        scalar|
|J_0_15_val   |   in|   40|     ap_none|            J_0_15_val|        scalar|
|J_0_16_val   |   in|   40|     ap_none|            J_0_16_val|        scalar|
|J_0_17_val   |   in|   40|     ap_none|            J_0_17_val|        scalar|
|J_0_18_val   |   in|   40|     ap_none|            J_0_18_val|        scalar|
|J_1_2_val    |   in|   40|     ap_none|             J_1_2_val|        scalar|
|J_1_3_val    |   in|   40|     ap_none|             J_1_3_val|        scalar|
|J_1_4_val    |   in|   40|     ap_none|             J_1_4_val|        scalar|
|J_1_5_val    |   in|   40|     ap_none|             J_1_5_val|        scalar|
|J_1_6_val    |   in|   40|     ap_none|             J_1_6_val|        scalar|
|J_1_7_val    |   in|   40|     ap_none|             J_1_7_val|        scalar|
|J_1_8_val    |   in|   40|     ap_none|             J_1_8_val|        scalar|
|J_1_9_val    |   in|   40|     ap_none|             J_1_9_val|        scalar|
|J_1_10_val   |   in|   40|     ap_none|            J_1_10_val|        scalar|
|J_1_11_val   |   in|   40|     ap_none|            J_1_11_val|        scalar|
|J_1_12_val   |   in|   40|     ap_none|            J_1_12_val|        scalar|
|J_1_13_val   |   in|   40|     ap_none|            J_1_13_val|        scalar|
|J_1_14_val   |   in|   40|     ap_none|            J_1_14_val|        scalar|
|J_1_15_val   |   in|   40|     ap_none|            J_1_15_val|        scalar|
|J_1_16_val   |   in|   40|     ap_none|            J_1_16_val|        scalar|
|J_1_17_val   |   in|   40|     ap_none|            J_1_17_val|        scalar|
|J_1_18_val   |   in|   40|     ap_none|            J_1_18_val|        scalar|
|J_2_3_val    |   in|   40|     ap_none|             J_2_3_val|        scalar|
|J_2_4_val    |   in|   40|     ap_none|             J_2_4_val|        scalar|
|J_2_5_val    |   in|   40|     ap_none|             J_2_5_val|        scalar|
|J_2_6_val    |   in|   40|     ap_none|             J_2_6_val|        scalar|
|J_2_7_val    |   in|   40|     ap_none|             J_2_7_val|        scalar|
|J_2_8_val    |   in|   40|     ap_none|             J_2_8_val|        scalar|
|J_2_9_val    |   in|   40|     ap_none|             J_2_9_val|        scalar|
|J_2_10_val   |   in|   40|     ap_none|            J_2_10_val|        scalar|
|J_2_11_val   |   in|   40|     ap_none|            J_2_11_val|        scalar|
|J_2_12_val   |   in|   40|     ap_none|            J_2_12_val|        scalar|
|J_2_13_val   |   in|   40|     ap_none|            J_2_13_val|        scalar|
|J_2_14_val   |   in|   40|     ap_none|            J_2_14_val|        scalar|
|J_2_15_val   |   in|   40|     ap_none|            J_2_15_val|        scalar|
|J_2_16_val   |   in|   40|     ap_none|            J_2_16_val|        scalar|
|J_2_17_val   |   in|   40|     ap_none|            J_2_17_val|        scalar|
|J_2_18_val   |   in|   40|     ap_none|            J_2_18_val|        scalar|
|J_3_4_val    |   in|   40|     ap_none|             J_3_4_val|        scalar|
|J_3_5_val    |   in|   40|     ap_none|             J_3_5_val|        scalar|
|J_3_6_val    |   in|   40|     ap_none|             J_3_6_val|        scalar|
|J_3_7_val    |   in|   40|     ap_none|             J_3_7_val|        scalar|
|J_3_8_val    |   in|   40|     ap_none|             J_3_8_val|        scalar|
|J_3_9_val    |   in|   40|     ap_none|             J_3_9_val|        scalar|
|J_3_10_val   |   in|   40|     ap_none|            J_3_10_val|        scalar|
|J_3_11_val   |   in|   40|     ap_none|            J_3_11_val|        scalar|
|J_3_12_val   |   in|   40|     ap_none|            J_3_12_val|        scalar|
|J_3_13_val   |   in|   40|     ap_none|            J_3_13_val|        scalar|
|J_3_14_val   |   in|   40|     ap_none|            J_3_14_val|        scalar|
|J_3_15_val   |   in|   40|     ap_none|            J_3_15_val|        scalar|
|J_3_16_val   |   in|   40|     ap_none|            J_3_16_val|        scalar|
|J_3_17_val   |   in|   40|     ap_none|            J_3_17_val|        scalar|
|J_3_18_val   |   in|   40|     ap_none|            J_3_18_val|        scalar|
|J_4_5_val    |   in|   40|     ap_none|             J_4_5_val|        scalar|
|J_4_6_val    |   in|   40|     ap_none|             J_4_6_val|        scalar|
|J_4_7_val    |   in|   40|     ap_none|             J_4_7_val|        scalar|
|J_4_8_val    |   in|   40|     ap_none|             J_4_8_val|        scalar|
|J_4_9_val    |   in|   40|     ap_none|             J_4_9_val|        scalar|
|J_4_10_val   |   in|   40|     ap_none|            J_4_10_val|        scalar|
|J_4_11_val   |   in|   40|     ap_none|            J_4_11_val|        scalar|
|J_4_12_val   |   in|   40|     ap_none|            J_4_12_val|        scalar|
|J_4_13_val   |   in|   40|     ap_none|            J_4_13_val|        scalar|
|J_4_14_val   |   in|   40|     ap_none|            J_4_14_val|        scalar|
|J_4_15_val   |   in|   40|     ap_none|            J_4_15_val|        scalar|
|J_4_16_val   |   in|   40|     ap_none|            J_4_16_val|        scalar|
|J_4_17_val   |   in|   40|     ap_none|            J_4_17_val|        scalar|
|J_4_18_val   |   in|   40|     ap_none|            J_4_18_val|        scalar|
|J_5_6_val    |   in|   40|     ap_none|             J_5_6_val|        scalar|
|J_5_7_val    |   in|   40|     ap_none|             J_5_7_val|        scalar|
|J_5_8_val    |   in|   40|     ap_none|             J_5_8_val|        scalar|
|J_5_9_val    |   in|   40|     ap_none|             J_5_9_val|        scalar|
|J_5_10_val   |   in|   40|     ap_none|            J_5_10_val|        scalar|
|J_5_11_val   |   in|   40|     ap_none|            J_5_11_val|        scalar|
|J_5_12_val   |   in|   40|     ap_none|            J_5_12_val|        scalar|
|J_5_13_val   |   in|   40|     ap_none|            J_5_13_val|        scalar|
|J_5_14_val   |   in|   40|     ap_none|            J_5_14_val|        scalar|
|J_5_15_val   |   in|   40|     ap_none|            J_5_15_val|        scalar|
|J_5_16_val   |   in|   40|     ap_none|            J_5_16_val|        scalar|
|J_5_17_val   |   in|   40|     ap_none|            J_5_17_val|        scalar|
|J_5_18_val   |   in|   40|     ap_none|            J_5_18_val|        scalar|
|J_6_7_val    |   in|   40|     ap_none|             J_6_7_val|        scalar|
|J_6_8_val    |   in|   40|     ap_none|             J_6_8_val|        scalar|
|J_6_9_val    |   in|   40|     ap_none|             J_6_9_val|        scalar|
|J_6_10_val   |   in|   40|     ap_none|            J_6_10_val|        scalar|
|J_6_11_val   |   in|   40|     ap_none|            J_6_11_val|        scalar|
|J_6_12_val   |   in|   40|     ap_none|            J_6_12_val|        scalar|
|J_6_13_val   |   in|   40|     ap_none|            J_6_13_val|        scalar|
|J_6_14_val   |   in|   40|     ap_none|            J_6_14_val|        scalar|
|J_6_15_val   |   in|   40|     ap_none|            J_6_15_val|        scalar|
|J_6_16_val   |   in|   40|     ap_none|            J_6_16_val|        scalar|
|J_6_17_val   |   in|   40|     ap_none|            J_6_17_val|        scalar|
|J_6_18_val   |   in|   40|     ap_none|            J_6_18_val|        scalar|
|J_7_8_val    |   in|   40|     ap_none|             J_7_8_val|        scalar|
|J_7_9_val    |   in|   40|     ap_none|             J_7_9_val|        scalar|
|J_7_10_val   |   in|   40|     ap_none|            J_7_10_val|        scalar|
|J_7_11_val   |   in|   40|     ap_none|            J_7_11_val|        scalar|
|J_7_12_val   |   in|   40|     ap_none|            J_7_12_val|        scalar|
|J_7_13_val   |   in|   40|     ap_none|            J_7_13_val|        scalar|
|J_7_14_val   |   in|   40|     ap_none|            J_7_14_val|        scalar|
|J_7_15_val   |   in|   40|     ap_none|            J_7_15_val|        scalar|
|J_7_16_val   |   in|   40|     ap_none|            J_7_16_val|        scalar|
|J_7_17_val   |   in|   40|     ap_none|            J_7_17_val|        scalar|
|J_7_18_val   |   in|   40|     ap_none|            J_7_18_val|        scalar|
|J_8_9_val    |   in|   40|     ap_none|             J_8_9_val|        scalar|
|J_8_10_val   |   in|   40|     ap_none|            J_8_10_val|        scalar|
|J_8_11_val   |   in|   40|     ap_none|            J_8_11_val|        scalar|
|J_8_12_val   |   in|   40|     ap_none|            J_8_12_val|        scalar|
|J_8_13_val   |   in|   40|     ap_none|            J_8_13_val|        scalar|
|J_8_14_val   |   in|   40|     ap_none|            J_8_14_val|        scalar|
|J_8_15_val   |   in|   40|     ap_none|            J_8_15_val|        scalar|
|J_8_16_val   |   in|   40|     ap_none|            J_8_16_val|        scalar|
|J_8_17_val   |   in|   40|     ap_none|            J_8_17_val|        scalar|
|J_8_18_val   |   in|   40|     ap_none|            J_8_18_val|        scalar|
|J_9_10_val   |   in|   40|     ap_none|            J_9_10_val|        scalar|
|J_9_11_val   |   in|   40|     ap_none|            J_9_11_val|        scalar|
|J_9_12_val   |   in|   40|     ap_none|            J_9_12_val|        scalar|
|J_9_13_val   |   in|   40|     ap_none|            J_9_13_val|        scalar|
|J_9_14_val   |   in|   40|     ap_none|            J_9_14_val|        scalar|
|J_9_15_val   |   in|   40|     ap_none|            J_9_15_val|        scalar|
|J_9_16_val   |   in|   40|     ap_none|            J_9_16_val|        scalar|
|J_9_17_val   |   in|   40|     ap_none|            J_9_17_val|        scalar|
|J_9_18_val   |   in|   40|     ap_none|            J_9_18_val|        scalar|
|J_10_11_val  |   in|   40|     ap_none|           J_10_11_val|        scalar|
|J_10_12_val  |   in|   40|     ap_none|           J_10_12_val|        scalar|
|J_10_13_val  |   in|   40|     ap_none|           J_10_13_val|        scalar|
|J_10_14_val  |   in|   40|     ap_none|           J_10_14_val|        scalar|
|J_10_15_val  |   in|   40|     ap_none|           J_10_15_val|        scalar|
|J_10_16_val  |   in|   40|     ap_none|           J_10_16_val|        scalar|
|J_10_17_val  |   in|   40|     ap_none|           J_10_17_val|        scalar|
|J_10_18_val  |   in|   40|     ap_none|           J_10_18_val|        scalar|
|J_11_12_val  |   in|   40|     ap_none|           J_11_12_val|        scalar|
|J_11_13_val  |   in|   40|     ap_none|           J_11_13_val|        scalar|
|J_11_14_val  |   in|   40|     ap_none|           J_11_14_val|        scalar|
|J_11_15_val  |   in|   40|     ap_none|           J_11_15_val|        scalar|
|J_11_16_val  |   in|   40|     ap_none|           J_11_16_val|        scalar|
|J_11_17_val  |   in|   40|     ap_none|           J_11_17_val|        scalar|
|J_11_18_val  |   in|   40|     ap_none|           J_11_18_val|        scalar|
|J_12_13_val  |   in|   40|     ap_none|           J_12_13_val|        scalar|
|J_12_14_val  |   in|   40|     ap_none|           J_12_14_val|        scalar|
|J_12_15_val  |   in|   40|     ap_none|           J_12_15_val|        scalar|
|J_12_16_val  |   in|   40|     ap_none|           J_12_16_val|        scalar|
|J_12_17_val  |   in|   40|     ap_none|           J_12_17_val|        scalar|
|J_12_18_val  |   in|   40|     ap_none|           J_12_18_val|        scalar|
|J_13_14_val  |   in|   40|     ap_none|           J_13_14_val|        scalar|
|J_13_15_val  |   in|   40|     ap_none|           J_13_15_val|        scalar|
|J_13_16_val  |   in|   40|     ap_none|           J_13_16_val|        scalar|
|J_13_17_val  |   in|   40|     ap_none|           J_13_17_val|        scalar|
|J_13_18_val  |   in|   40|     ap_none|           J_13_18_val|        scalar|
|J_14_15_val  |   in|   40|     ap_none|           J_14_15_val|        scalar|
|J_14_16_val  |   in|   40|     ap_none|           J_14_16_val|        scalar|
|J_14_17_val  |   in|   40|     ap_none|           J_14_17_val|        scalar|
|J_14_18_val  |   in|   40|     ap_none|           J_14_18_val|        scalar|
|J_15_16_val  |   in|   40|     ap_none|           J_15_16_val|        scalar|
|J_15_17_val  |   in|   40|     ap_none|           J_15_17_val|        scalar|
|J_15_18_val  |   in|   40|     ap_none|           J_15_18_val|        scalar|
|J_16_17_val  |   in|   40|     ap_none|           J_16_17_val|        scalar|
|J_16_18_val  |   in|   40|     ap_none|           J_16_18_val|        scalar|
|J_17_18_val  |   in|   40|     ap_none|           J_17_18_val|        scalar|
|h_0_val      |   in|   40|     ap_none|               h_0_val|        scalar|
|h_1_val      |   in|   40|     ap_none|               h_1_val|        scalar|
|h_2_val      |   in|   40|     ap_none|               h_2_val|        scalar|
|h_3_val      |   in|   40|     ap_none|               h_3_val|        scalar|
|h_4_val      |   in|   40|     ap_none|               h_4_val|        scalar|
|h_5_val      |   in|   40|     ap_none|               h_5_val|        scalar|
|h_6_val      |   in|   40|     ap_none|               h_6_val|        scalar|
|h_7_val      |   in|   40|     ap_none|               h_7_val|        scalar|
|h_8_val      |   in|   40|     ap_none|               h_8_val|        scalar|
|h_9_val      |   in|   40|     ap_none|               h_9_val|        scalar|
|h_10_val     |   in|   40|     ap_none|              h_10_val|        scalar|
|h_11_val     |   in|   40|     ap_none|              h_11_val|        scalar|
|h_12_val     |   in|   40|     ap_none|              h_12_val|        scalar|
|h_13_val     |   in|   40|     ap_none|              h_13_val|        scalar|
|h_14_val     |   in|   40|     ap_none|              h_14_val|        scalar|
|h_15_val     |   in|   40|     ap_none|              h_15_val|        scalar|
|h_16_val     |   in|   40|     ap_none|              h_16_val|        scalar|
|h_17_val     |   in|   40|     ap_none|              h_17_val|        scalar|
|h_18_val     |   in|   40|     ap_none|              h_18_val|        scalar|
|y_0_val      |   in|    1|     ap_none|               y_0_val|        scalar|
|y_1_val      |   in|    1|     ap_none|               y_1_val|        scalar|
|y_2_val      |   in|    1|     ap_none|               y_2_val|        scalar|
|y_3_val      |   in|    1|     ap_none|               y_3_val|        scalar|
|y_4_val      |   in|    1|     ap_none|               y_4_val|        scalar|
|y_5_val      |   in|    1|     ap_none|               y_5_val|        scalar|
|y_6_val      |   in|    1|     ap_none|               y_6_val|        scalar|
|y_7_val      |   in|    1|     ap_none|               y_7_val|        scalar|
|y_8_val      |   in|    1|     ap_none|               y_8_val|        scalar|
|y_9_val      |   in|    1|     ap_none|               y_9_val|        scalar|
|y_10_val     |   in|    1|     ap_none|              y_10_val|        scalar|
|y_11_val     |   in|    1|     ap_none|              y_11_val|        scalar|
|y_12_val     |   in|    1|     ap_none|              y_12_val|        scalar|
|y_13_val     |   in|    1|     ap_none|              y_13_val|        scalar|
|y_14_val     |   in|    1|     ap_none|              y_14_val|        scalar|
|y_15_val     |   in|    1|     ap_none|              y_15_val|        scalar|
|y_16_val     |   in|    1|     ap_none|              y_16_val|        scalar|
|y_17_val     |   in|    1|     ap_none|              y_17_val|        scalar|
|y_18_val     |   in|    1|     ap_none|              y_18_val|        scalar|
|old_energy   |   in|   40|     ap_none|            old_energy|        scalar|
+-------------+-----+-----+------------+----------------------+--------------+

