

================================================================
== Vitis HLS Report for 'local_metropolis_step'
================================================================
* Date:           Tue May 19 20:33:55 2026

* Version:        2025.2 (Build 6295257 on Nov 14 2025)
* Project:        hls_local_metropolis_step_N13
* Solution:       hls (Vivado IP Flow Target)
* Product family: virtexuplus
* Target device:  xcvu19p-fsva3824-2-e


================================================================
== Performance Estimates
================================================================
+ Timing: 
    * Summary: 
    +--------+---------+----------+------------+
    |  Clock |  Target | Estimated| Uncertainty|
    +--------+---------+----------+------------+
    |ap_clk  |  3.33 ns|  2.388 ns|     0.90 ns|
    +--------+---------+----------+------------+

+ Latency: 
    * Summary: 
    +---------+---------+-----------+-----------+-----+-----+---------+
    |  Latency (cycles) |   Latency (absolute)  |  Interval | Pipeline|
    |   min   |   max   |    min    |    max    | min | max |   Type  |
    +---------+---------+-----------+-----------+-----+-----+---------+
    |       14|       23|  46.662 ns|  76.659 ns|   15|   24|       no|
    +---------+---------+-----------+-----------+-----+-----+---------+

    + Detail: 
        * Instance: 
        N/A

        * Loop: 
        N/A



================================================================
== Utilization Estimates
================================================================
* Summary: 
+---------------------+---------+------+---------+---------+-----+
|         Name        | BRAM_18K|  DSP |    FF   |   LUT   | URAM|
+---------------------+---------+------+---------+---------+-----+
|DSP                  |        -|     -|        -|        -|    -|
|Expression           |        -|     -|        0|     3512|    -|
|FIFO                 |        -|     -|        -|        -|    -|
|Instance             |        -|    13|      739|     1234|    -|
|Memory               |        0|     -|        0|        0|    -|
|Multiplexer          |        -|     -|        0|      151|    -|
|Register             |        -|     -|     1591|        -|    -|
+---------------------+---------+------+---------+---------+-----+
|Total                |        0|    13|     2330|     4897|    0|
+---------------------+---------+------+---------+---------+-----+
|Available SLR        |     1080|   960|  2042880|  1021440|   80|
+---------------------+---------+------+---------+---------+-----+
|Utilization SLR (%)  |        0|     1|       ~0|       ~0|    0|
+---------------------+---------+------+---------+---------+-----+
|Available            |     4320|  3840|  8171520|  4085760|  320|
+---------------------+---------+------+---------+---------+-----+
|Utilization (%)      |        0|    ~0|       ~0|       ~0|    0|
+---------------------+---------+------+---------+---------+-----+

+ Detail: 
    * Instance: 
    +---------------------------+-----------------------+---------+----+-----+----+-----+
    |          Instance         |         Module        | BRAM_18K| DSP|  FF | LUT| URAM|
    +---------------------------+-----------------------+---------+----+-----+----+-----+
    |mul_26s_36s_60_2_1_U1      |mul_26s_36s_60_2_1     |        0|   2|  202|  84|    0|
    |mul_40ns_40s_64_2_1_U2     |mul_40ns_40s_64_2_1    |        0|   5|  197|  80|    0|
    |mul_40s_50s_88_5_1_U3      |mul_40s_50s_88_5_1     |        0|   6|  340|  86|    0|
    |sparsemux_25_4_40_1_1_U4   |sparsemux_25_4_40_1_1  |        0|   0|    0|  65|    0|
    |sparsemux_25_4_40_1_1_U6   |sparsemux_25_4_40_1_1  |        0|   0|    0|  65|    0|
    |sparsemux_25_4_40_1_1_U7   |sparsemux_25_4_40_1_1  |        0|   0|    0|  65|    0|
    |sparsemux_25_4_40_1_1_U8   |sparsemux_25_4_40_1_1  |        0|   0|    0|  65|    0|
    |sparsemux_25_4_40_1_1_U9   |sparsemux_25_4_40_1_1  |        0|   0|    0|  65|    0|
    |sparsemux_25_4_40_1_1_U10  |sparsemux_25_4_40_1_1  |        0|   0|    0|  65|    0|
    |sparsemux_25_4_40_1_1_U11  |sparsemux_25_4_40_1_1  |        0|   0|    0|  65|    0|
    |sparsemux_25_4_40_1_1_U12  |sparsemux_25_4_40_1_1  |        0|   0|    0|  65|    0|
    |sparsemux_25_4_40_1_1_U13  |sparsemux_25_4_40_1_1  |        0|   0|    0|  65|    0|
    |sparsemux_25_4_40_1_1_U14  |sparsemux_25_4_40_1_1  |        0|   0|    0|  65|    0|
    |sparsemux_25_4_40_1_1_U15  |sparsemux_25_4_40_1_1  |        0|   0|    0|  65|    0|
    |sparsemux_25_4_40_1_1_U17  |sparsemux_25_4_40_1_1  |        0|   0|    0|  65|    0|
    |sparsemux_25_4_40_1_1_U18  |sparsemux_25_4_40_1_1  |        0|   0|    0|  65|    0|
    |sparsemux_27_4_1_1_1_U16   |sparsemux_27_4_1_1_1   |        0|   0|    0|  65|    0|
    |sparsemux_27_4_40_1_1_U5   |sparsemux_27_4_40_1_1  |        0|   0|    0|  65|    0|
    |sparsemux_7_2_40_1_1_U19   |sparsemux_7_2_40_1_1   |        0|   0|    0|   9|    0|
    +---------------------------+-----------------------+---------+----+-----+----+-----+
    |Total                      |                       |        0|  13|  739|1234|    0|
    +---------------------------+-----------------------+---------+----+-----+----+-----+

    * DSP: 
    N/A

    * Memory: 
    +---------------+-------------------------+---------+---+----+-----+------+-----+------+-------------+
    |     Memory    |          Module         | BRAM_18K| FF| LUT| URAM| Words| Bits| Banks| W*Bits*Banks|
    +---------------+-------------------------+---------+---+----+-----+------+-----+------+-------------+
    |EXP_NEG_LUT_U  |EXP_NEG_LUT_ROM_AUTO_1R  |        0|  0|   0|    0|  1025|   40|     1|        41000|
    +---------------+-------------------------+---------+---+----+-----+------+-----+------+-------------+
    |Total          |                         |        0|  0|   0|    0|  1025|   40|     1|        41000|
    +---------------+-------------------------+---------+---+----+-----+------+-----+------+-------------+

    * FIFO: 
    N/A

    * Expression: 
    +--------------------------+----------+----+---+-----+------------+------------+
    |       Variable Name      | Operation| DSP| FF| LUT | Bitwidth P0| Bitwidth P1|
    +--------------------------+----------+----+---+-----+------------+------------+
    |add_ln240_fu_3360_p2      |         +|   0|  0|   47|          40|          40|
    |add_ln87_fu_3172_p2       |         +|   0|  0|   18|          11|           1|
    |add_ln89_fu_3244_p2       |         +|   0|  0|   68|          61|          61|
    |field_11_fu_2440_p2       |         +|   0|  0|   47|          40|          40|
    |field_13_fu_2463_p2       |         +|   0|  0|   47|          40|          40|
    |field_15_fu_2598_p2       |         +|   0|  0|   47|          40|          40|
    |field_17_fu_2621_p2       |         +|   0|  0|   47|          40|          40|
    |field_19_fu_2807_p2       |         +|   0|  0|   47|          40|          40|
    |field_1_fu_1989_p2        |         +|   0|  0|   47|          40|          40|
    |field_21_fu_2829_p2       |         +|   0|  0|   47|          40|          40|
    |field_23_fu_2963_p2       |         +|   0|  0|   47|          40|          40|
    |field_25_fu_2985_p2       |         +|   0|  0|   47|          40|          40|
    |field_3_fu_2124_p2        |         +|   0|  0|   47|          40|          40|
    |field_5_fu_2147_p2        |         +|   0|  0|   47|          40|          40|
    |field_7_fu_2282_p2        |         +|   0|  0|   47|          40|          40|
    |field_9_fu_2305_p2        |         +|   0|  0|   47|          40|          40|
    |sub_ln42_10_fu_2818_p2    |         -|   0|  0|   47|           1|          40|
    |sub_ln42_11_fu_2897_p2    |         -|   0|  0|   47|           1|          40|
    |sub_ln42_12_fu_2974_p2    |         -|   0|  0|   47|           1|          40|
    |sub_ln42_1_fu_2057_p2     |         -|   0|  0|   47|           1|          40|
    |sub_ln42_2_fu_2135_p2     |         -|   0|  0|   47|           1|          40|
    |sub_ln42_3_fu_2215_p2     |         -|   0|  0|   47|           1|          40|
    |sub_ln42_4_fu_2293_p2     |         -|   0|  0|   47|           1|          40|
    |sub_ln42_5_fu_2373_p2     |         -|   0|  0|   47|           1|          40|
    |sub_ln42_6_fu_2451_p2     |         -|   0|  0|   47|           1|          40|
    |sub_ln42_7_fu_2531_p2     |         -|   0|  0|   47|           1|          40|
    |sub_ln42_8_fu_2609_p2     |         -|   0|  0|   47|           1|          40|
    |sub_ln42_9_fu_2689_p2     |         -|   0|  0|   47|           1|          40|
    |sub_ln42_fu_1977_p2       |         -|   0|  0|   47|           1|          40|
    |sub_ln75_1_fu_3109_p2     |         -|   0|  0|   66|           1|          59|
    |sub_ln75_fu_3088_p2       |         -|   0|  0|  107|           1|          88|
    |sub_ln84_fu_3162_p2       |         -|   0|  0|   34|          27|          27|
    |sub_ln89_fu_3208_p2       |         -|   0|  0|   33|          26|          26|
    |and_ln91_1_fu_3316_p2     |       and|   0|  0|    2|           1|           1|
    |and_ln91_fu_3311_p2       |       and|   0|  0|    2|           1|           1|
    |icmp_ln116_fu_3024_p2     |      icmp|   0|  0|   47|          40|           1|
    |icmp_ln123_fu_3348_p2     |      icmp|   0|  0|   47|          40|          40|
    |icmp_ln147_10_fu_1900_p2  |      icmp|   0|  0|   39|          32|           4|
    |icmp_ln147_11_fu_1906_p2  |      icmp|   0|  0|   39|          32|           4|
    |icmp_ln147_12_fu_1912_p2  |      icmp|   0|  0|   39|          32|           4|
    |icmp_ln147_1_fu_1846_p2   |      icmp|   0|  0|   39|          32|           1|
    |icmp_ln147_2_fu_1852_p2   |      icmp|   0|  0|   39|          32|           2|
    |icmp_ln147_3_fu_1858_p2   |      icmp|   0|  0|   39|          32|           2|
    |icmp_ln147_4_fu_1864_p2   |      icmp|   0|  0|   39|          32|           3|
    |icmp_ln147_5_fu_1870_p2   |      icmp|   0|  0|   39|          32|           3|
    |icmp_ln147_6_fu_1876_p2   |      icmp|   0|  0|   39|          32|           3|
    |icmp_ln147_7_fu_1882_p2   |      icmp|   0|  0|   39|          32|           3|
    |icmp_ln147_8_fu_1888_p2   |      icmp|   0|  0|   39|          32|           4|
    |icmp_ln147_9_fu_1894_p2   |      icmp|   0|  0|   39|          32|           4|
    |icmp_ln147_fu_1784_p2     |      icmp|   0|  0|   39|          32|           1|
    |icmp_ln59_fu_3076_p2      |      icmp|   0|  0|   47|          40|           1|
    |icmp_ln63_fu_3104_p2      |      icmp|   0|  0|   18|          11|           1|
    |icmp_ln91_fu_3276_p2      |      icmp|   0|  0|   44|          37|           1|
    |icmp_ln95_fu_3270_p2      |      icmp|   0|  0|   20|          13|           1|
    |field_10_fu_2311_p3       |    select|   0|  0|   40|           1|          40|
    |field_12_fu_2445_p3       |    select|   0|  0|   40|           1|          40|
    |field_14_fu_2469_p3       |    select|   0|  0|   40|           1|          40|
    |field_16_fu_2603_p3       |    select|   0|  0|   40|           1|          40|
    |field_18_fu_2627_p3       |    select|   0|  0|   40|           1|          40|
    |field_20_fu_2812_p3       |    select|   0|  0|   40|           1|          40|
    |field_22_fu_2835_p3       |    select|   0|  0|   40|           1|          40|
    |field_24_fu_2968_p3       |    select|   0|  0|   40|           1|          40|
    |field_26_fu_2991_p3       |    select|   0|  0|   40|           1|          40|
    |field_2_fu_1995_p3        |    select|   0|  0|   40|           1|          40|
    |field_4_fu_2129_p3        |    select|   0|  0|   40|           1|          40|
    |field_6_fu_2153_p3        |    select|   0|  0|   40|           1|          40|
    |field_8_fu_2287_p3        |    select|   0|  0|   40|           1|          40|
    |out_10_fu_2823_p3         |    select|   0|  0|   40|           1|          40|
    |out_11_fu_2958_p3         |    select|   0|  0|   40|           1|          40|
    |out_12_fu_2979_p3         |    select|   0|  0|   40|           1|          40|
    |out_13_fu_3017_p3         |    select|   0|  0|   40|           1|          40|
    |out_1_fu_2118_p3          |    select|   0|  0|   40|           1|          40|
    |out_2_fu_2140_p3          |    select|   0|  0|   40|           1|          40|
    |out_3_fu_2276_p3          |    select|   0|  0|   40|           1|          40|
    |out_4_fu_2298_p3          |    select|   0|  0|   40|           1|          40|
    |out_5_fu_2434_p3          |    select|   0|  0|   40|           1|          40|
    |out_6_fu_2456_p3          |    select|   0|  0|   40|           1|          40|
    |out_7_fu_2592_p3          |    select|   0|  0|   40|           1|          40|
    |out_8_fu_2614_p3          |    select|   0|  0|   40|           1|          40|
    |out_9_fu_2802_p3          |    select|   0|  0|   40|           1|          40|
    |out_fu_1982_p3            |    select|   0|  0|   40|           1|          40|
    |p_fu_3328_p4              |    select|   0|  0|   41|           1|          41|
    |select_ln75_fu_3121_p3    |    select|   0|  0|   58|           1|          59|
    |xor_ln123_fu_3353_p2      |       xor|   0|  0|    2|           1|           2|
    |xor_ln59_fu_3306_p2       |       xor|   0|  0|    2|           1|           2|
    +--------------------------+----------+----+---+-----+------------+------------+
    |Total                     |          |   0|  0| 3512|        1330|        2611|
    +--------------------------+----------+----+---+-----+------------+------------+

    * Multiplexer: 
    +---------------------------------+-----+-----------+-----+-----------+
    |               Name              | LUT | Input Size| Bits| Total Bits|
    +---------------------------------+-----+-----------+-----+-----------+
    |accepted                         |   14|          3|    1|          3|
    |ap_NS_fsm                        |  123|         25|    1|         25|
    |ap_phi_mux_empty_phi_fu_1760_p4  |   14|          3|   40|        120|
    +---------------------------------+-----+-----------+-----+-----------+
    |Total                            |  151|         31|   42|        148|
    +---------------------------------+-----+-----------+-----+-----------+

    * Register: 
    +--------------------------+----+----+-----+-----------+
    |           Name           | FF | LUT| Bits| Const Bits|
    +--------------------------+----+----+-----+-----------+
    |a_10_reg_3613             |  40|   0|   40|          0|
    |a_11_reg_3630             |  40|   0|   40|          0|
    |a_12_reg_3640             |  40|   0|   40|          0|
    |a_1_reg_3465              |  40|   0|   40|          0|
    |a_2_reg_3475              |  40|   0|   40|          0|
    |a_3_reg_3497              |  40|   0|   40|          0|
    |a_4_reg_3507              |  40|   0|   40|          0|
    |a_5_reg_3529              |  40|   0|   40|          0|
    |a_6_reg_3539              |  40|   0|   40|          0|
    |a_7_reg_3561              |  40|   0|   40|          0|
    |a_8_reg_3571              |  40|   0|   40|          0|
    |a_9_reg_3603              |  40|   0|   40|          0|
    |a_reg_3388                |  40|   0|   40|          0|
    |add_ln89_reg_3785         |  61|   0|   61|          0|
    |ap_CS_fsm                 |  24|   0|   24|          0|
    |b_reg_3619                |   1|   0|    1|          0|
    |field_10_reg_3523         |  40|   0|   40|          0|
    |field_14_reg_3555         |  40|   0|   40|          0|
    |field_18_reg_3597         |  40|   0|   40|          0|
    |field_22_reg_3624         |  40|   0|   40|          0|
    |field_26_reg_3646         |  40|   0|   40|          0|
    |field_2_reg_3459          |  40|   0|   40|          0|
    |field_6_reg_3491          |  40|   0|   40|          0|
    |icmp_ln116_reg_3676       |   1|   0|    1|          0|
    |icmp_ln147_10_reg_3439    |   1|   0|    1|          0|
    |icmp_ln147_11_reg_3444    |   1|   0|    1|          0|
    |icmp_ln147_12_reg_3449    |   1|   0|    1|          0|
    |icmp_ln147_1_reg_3394     |   1|   0|    1|          0|
    |icmp_ln147_2_reg_3399     |   1|   0|    1|          0|
    |icmp_ln147_3_reg_3404     |   1|   0|    1|          0|
    |icmp_ln147_4_reg_3409     |   1|   0|    1|          0|
    |icmp_ln147_5_reg_3414     |   1|   0|    1|          0|
    |icmp_ln147_6_reg_3419     |   1|   0|    1|          0|
    |icmp_ln147_7_reg_3424     |   1|   0|    1|          0|
    |icmp_ln147_8_reg_3429     |   1|   0|    1|          0|
    |icmp_ln147_9_reg_3434     |   1|   0|    1|          0|
    |icmp_ln147_reg_3383       |   1|   0|    1|          0|
    |icmp_ln59_reg_3711        |   1|   0|    1|          0|
    |icmp_ln63_reg_3722        |   1|   0|    1|          0|
    |icmp_ln91_reg_3795        |   1|   0|    1|          0|
    |icmp_ln95_reg_3790        |   1|   0|    1|          0|
    |idx_reg_3727              |  11|   0|   11|          0|
    |mul_ln89_reg_3780         |  60|   0|   60|          0|
    |old_energy_read_reg_3670  |  40|   0|   40|          0|
    |out_13_reg_3657           |  40|   0|   40|          0|
    |spin_bit_10_reg_3582      |   1|   0|    1|          0|
    |spin_bit_11_reg_3587      |   1|   0|    1|          0|
    |spin_bit_12_reg_3592      |   1|   0|    1|          0|
    |spin_bit_1_reg_3481       |   1|   0|    1|          0|
    |spin_bit_2_reg_3486       |   1|   0|    1|          0|
    |spin_bit_3_reg_3513       |   1|   0|    1|          0|
    |spin_bit_4_reg_3518       |   1|   0|    1|          0|
    |spin_bit_5_reg_3545       |   1|   0|    1|          0|
    |spin_bit_6_reg_3550       |   1|   0|    1|          0|
    |spin_bit_9_reg_3577       |   1|   0|    1|          0|
    |spin_bit_reg_3454         |   1|   0|    1|          0|
    |sub_ln42_11_reg_3635      |  40|   0|   40|          0|
    |sub_ln42_1_reg_3470       |  40|   0|   40|          0|
    |sub_ln42_3_reg_3502       |  40|   0|   40|          0|
    |sub_ln42_5_reg_3534       |  40|   0|   40|          0|
    |sub_ln42_7_reg_3566       |  40|   0|   40|          0|
    |sub_ln42_9_reg_3608       |  40|   0|   40|          0|
    |sub_ln84_reg_3739         |  27|   0|   27|          0|
    |sub_ln89_reg_3765         |  26|   0|   26|          0|
    |tmp_3_reg_3695            |  30|   0|   30|          0|
    |tmp_4_reg_3706            |  11|   0|   11|          0|
    |tmp_6_reg_3734            |  26|   0|   26|          0|
    |tmp_7_reg_3754            |  25|   0|   25|          0|
    |tmp_8_reg_3760            |  25|   0|   25|          0|
    |tmp_reg_3701              |   1|   0|    1|          0|
    |trunc_ln217_reg_3365      |   4|   0|    4|          0|
    |trunc_ln75_1_reg_3717     |  30|   0|   59|         29|
    |u_read_reg_3665           |  40|   0|   40|          0|
    |x_reg_3690                |  40|   0|   40|          0|
    +--------------------------+----+----+-----+-----------+
    |Total                     |1591|   0| 1620|         29|
    +--------------------------+----+----+-----+-----------+



================================================================
== Interface
================================================================
* Summary: 
+---------------------+-----+-----+------------+-----------------------+--------------+
|      RTL Ports      | Dir | Bits|  Protocol  |     Source Object     |    C Type    |
+---------------------+-----+-----+------------+-----------------------+--------------+
|ap_clk               |   in|    1|  ap_ctrl_hs|  local_metropolis_step|  return value|
|ap_rst               |   in|    1|  ap_ctrl_hs|  local_metropolis_step|  return value|
|ap_start             |   in|    1|  ap_ctrl_hs|  local_metropolis_step|  return value|
|ap_done              |  out|    1|  ap_ctrl_hs|  local_metropolis_step|  return value|
|ap_idle              |  out|    1|  ap_ctrl_hs|  local_metropolis_step|  return value|
|ap_ready             |  out|    1|  ap_ctrl_hs|  local_metropolis_step|  return value|
|J_0_0                |   in|   40|     ap_none|                  J_0_0|       pointer|
|J_0_1                |   in|   40|     ap_none|                  J_0_1|       pointer|
|J_0_2                |   in|   40|     ap_none|                  J_0_2|       pointer|
|J_0_3                |   in|   40|     ap_none|                  J_0_3|       pointer|
|J_0_4                |   in|   40|     ap_none|                  J_0_4|       pointer|
|J_0_5                |   in|   40|     ap_none|                  J_0_5|       pointer|
|J_0_6                |   in|   40|     ap_none|                  J_0_6|       pointer|
|J_0_7                |   in|   40|     ap_none|                  J_0_7|       pointer|
|J_0_8                |   in|   40|     ap_none|                  J_0_8|       pointer|
|J_0_9                |   in|   40|     ap_none|                  J_0_9|       pointer|
|J_0_10               |   in|   40|     ap_none|                 J_0_10|       pointer|
|J_0_11               |   in|   40|     ap_none|                 J_0_11|       pointer|
|J_0_12               |   in|   40|     ap_none|                 J_0_12|       pointer|
|J_1_0                |   in|   40|     ap_none|                  J_1_0|       pointer|
|J_1_1                |   in|   40|     ap_none|                  J_1_1|       pointer|
|J_1_2                |   in|   40|     ap_none|                  J_1_2|       pointer|
|J_1_3                |   in|   40|     ap_none|                  J_1_3|       pointer|
|J_1_4                |   in|   40|     ap_none|                  J_1_4|       pointer|
|J_1_5                |   in|   40|     ap_none|                  J_1_5|       pointer|
|J_1_6                |   in|   40|     ap_none|                  J_1_6|       pointer|
|J_1_7                |   in|   40|     ap_none|                  J_1_7|       pointer|
|J_1_8                |   in|   40|     ap_none|                  J_1_8|       pointer|
|J_1_9                |   in|   40|     ap_none|                  J_1_9|       pointer|
|J_1_10               |   in|   40|     ap_none|                 J_1_10|       pointer|
|J_1_11               |   in|   40|     ap_none|                 J_1_11|       pointer|
|J_1_12               |   in|   40|     ap_none|                 J_1_12|       pointer|
|J_2_0                |   in|   40|     ap_none|                  J_2_0|       pointer|
|J_2_1                |   in|   40|     ap_none|                  J_2_1|       pointer|
|J_2_2                |   in|   40|     ap_none|                  J_2_2|       pointer|
|J_2_3                |   in|   40|     ap_none|                  J_2_3|       pointer|
|J_2_4                |   in|   40|     ap_none|                  J_2_4|       pointer|
|J_2_5                |   in|   40|     ap_none|                  J_2_5|       pointer|
|J_2_6                |   in|   40|     ap_none|                  J_2_6|       pointer|
|J_2_7                |   in|   40|     ap_none|                  J_2_7|       pointer|
|J_2_8                |   in|   40|     ap_none|                  J_2_8|       pointer|
|J_2_9                |   in|   40|     ap_none|                  J_2_9|       pointer|
|J_2_10               |   in|   40|     ap_none|                 J_2_10|       pointer|
|J_2_11               |   in|   40|     ap_none|                 J_2_11|       pointer|
|J_2_12               |   in|   40|     ap_none|                 J_2_12|       pointer|
|J_3_0                |   in|   40|     ap_none|                  J_3_0|       pointer|
|J_3_1                |   in|   40|     ap_none|                  J_3_1|       pointer|
|J_3_2                |   in|   40|     ap_none|                  J_3_2|       pointer|
|J_3_3                |   in|   40|     ap_none|                  J_3_3|       pointer|
|J_3_4                |   in|   40|     ap_none|                  J_3_4|       pointer|
|J_3_5                |   in|   40|     ap_none|                  J_3_5|       pointer|
|J_3_6                |   in|   40|     ap_none|                  J_3_6|       pointer|
|J_3_7                |   in|   40|     ap_none|                  J_3_7|       pointer|
|J_3_8                |   in|   40|     ap_none|                  J_3_8|       pointer|
|J_3_9                |   in|   40|     ap_none|                  J_3_9|       pointer|
|J_3_10               |   in|   40|     ap_none|                 J_3_10|       pointer|
|J_3_11               |   in|   40|     ap_none|                 J_3_11|       pointer|
|J_3_12               |   in|   40|     ap_none|                 J_3_12|       pointer|
|J_4_0                |   in|   40|     ap_none|                  J_4_0|       pointer|
|J_4_1                |   in|   40|     ap_none|                  J_4_1|       pointer|
|J_4_2                |   in|   40|     ap_none|                  J_4_2|       pointer|
|J_4_3                |   in|   40|     ap_none|                  J_4_3|       pointer|
|J_4_4                |   in|   40|     ap_none|                  J_4_4|       pointer|
|J_4_5                |   in|   40|     ap_none|                  J_4_5|       pointer|
|J_4_6                |   in|   40|     ap_none|                  J_4_6|       pointer|
|J_4_7                |   in|   40|     ap_none|                  J_4_7|       pointer|
|J_4_8                |   in|   40|     ap_none|                  J_4_8|       pointer|
|J_4_9                |   in|   40|     ap_none|                  J_4_9|       pointer|
|J_4_10               |   in|   40|     ap_none|                 J_4_10|       pointer|
|J_4_11               |   in|   40|     ap_none|                 J_4_11|       pointer|
|J_4_12               |   in|   40|     ap_none|                 J_4_12|       pointer|
|J_5_0                |   in|   40|     ap_none|                  J_5_0|       pointer|
|J_5_1                |   in|   40|     ap_none|                  J_5_1|       pointer|
|J_5_2                |   in|   40|     ap_none|                  J_5_2|       pointer|
|J_5_3                |   in|   40|     ap_none|                  J_5_3|       pointer|
|J_5_4                |   in|   40|     ap_none|                  J_5_4|       pointer|
|J_5_5                |   in|   40|     ap_none|                  J_5_5|       pointer|
|J_5_6                |   in|   40|     ap_none|                  J_5_6|       pointer|
|J_5_7                |   in|   40|     ap_none|                  J_5_7|       pointer|
|J_5_8                |   in|   40|     ap_none|                  J_5_8|       pointer|
|J_5_9                |   in|   40|     ap_none|                  J_5_9|       pointer|
|J_5_10               |   in|   40|     ap_none|                 J_5_10|       pointer|
|J_5_11               |   in|   40|     ap_none|                 J_5_11|       pointer|
|J_5_12               |   in|   40|     ap_none|                 J_5_12|       pointer|
|J_6_0                |   in|   40|     ap_none|                  J_6_0|       pointer|
|J_6_1                |   in|   40|     ap_none|                  J_6_1|       pointer|
|J_6_2                |   in|   40|     ap_none|                  J_6_2|       pointer|
|J_6_3                |   in|   40|     ap_none|                  J_6_3|       pointer|
|J_6_4                |   in|   40|     ap_none|                  J_6_4|       pointer|
|J_6_5                |   in|   40|     ap_none|                  J_6_5|       pointer|
|J_6_6                |   in|   40|     ap_none|                  J_6_6|       pointer|
|J_6_7                |   in|   40|     ap_none|                  J_6_7|       pointer|
|J_6_8                |   in|   40|     ap_none|                  J_6_8|       pointer|
|J_6_9                |   in|   40|     ap_none|                  J_6_9|       pointer|
|J_6_10               |   in|   40|     ap_none|                 J_6_10|       pointer|
|J_6_11               |   in|   40|     ap_none|                 J_6_11|       pointer|
|J_6_12               |   in|   40|     ap_none|                 J_6_12|       pointer|
|J_7_0                |   in|   40|     ap_none|                  J_7_0|       pointer|
|J_7_1                |   in|   40|     ap_none|                  J_7_1|       pointer|
|J_7_2                |   in|   40|     ap_none|                  J_7_2|       pointer|
|J_7_3                |   in|   40|     ap_none|                  J_7_3|       pointer|
|J_7_4                |   in|   40|     ap_none|                  J_7_4|       pointer|
|J_7_5                |   in|   40|     ap_none|                  J_7_5|       pointer|
|J_7_6                |   in|   40|     ap_none|                  J_7_6|       pointer|
|J_7_7                |   in|   40|     ap_none|                  J_7_7|       pointer|
|J_7_8                |   in|   40|     ap_none|                  J_7_8|       pointer|
|J_7_9                |   in|   40|     ap_none|                  J_7_9|       pointer|
|J_7_10               |   in|   40|     ap_none|                 J_7_10|       pointer|
|J_7_11               |   in|   40|     ap_none|                 J_7_11|       pointer|
|J_7_12               |   in|   40|     ap_none|                 J_7_12|       pointer|
|J_8_0                |   in|   40|     ap_none|                  J_8_0|       pointer|
|J_8_1                |   in|   40|     ap_none|                  J_8_1|       pointer|
|J_8_2                |   in|   40|     ap_none|                  J_8_2|       pointer|
|J_8_3                |   in|   40|     ap_none|                  J_8_3|       pointer|
|J_8_4                |   in|   40|     ap_none|                  J_8_4|       pointer|
|J_8_5                |   in|   40|     ap_none|                  J_8_5|       pointer|
|J_8_6                |   in|   40|     ap_none|                  J_8_6|       pointer|
|J_8_7                |   in|   40|     ap_none|                  J_8_7|       pointer|
|J_8_8                |   in|   40|     ap_none|                  J_8_8|       pointer|
|J_8_9                |   in|   40|     ap_none|                  J_8_9|       pointer|
|J_8_10               |   in|   40|     ap_none|                 J_8_10|       pointer|
|J_8_11               |   in|   40|     ap_none|                 J_8_11|       pointer|
|J_8_12               |   in|   40|     ap_none|                 J_8_12|       pointer|
|J_9_0                |   in|   40|     ap_none|                  J_9_0|       pointer|
|J_9_1                |   in|   40|     ap_none|                  J_9_1|       pointer|
|J_9_2                |   in|   40|     ap_none|                  J_9_2|       pointer|
|J_9_3                |   in|   40|     ap_none|                  J_9_3|       pointer|
|J_9_4                |   in|   40|     ap_none|                  J_9_4|       pointer|
|J_9_5                |   in|   40|     ap_none|                  J_9_5|       pointer|
|J_9_6                |   in|   40|     ap_none|                  J_9_6|       pointer|
|J_9_7                |   in|   40|     ap_none|                  J_9_7|       pointer|
|J_9_8                |   in|   40|     ap_none|                  J_9_8|       pointer|
|J_9_9                |   in|   40|     ap_none|                  J_9_9|       pointer|
|J_9_10               |   in|   40|     ap_none|                 J_9_10|       pointer|
|J_9_11               |   in|   40|     ap_none|                 J_9_11|       pointer|
|J_9_12               |   in|   40|     ap_none|                 J_9_12|       pointer|
|J_10_0               |   in|   40|     ap_none|                 J_10_0|       pointer|
|J_10_1               |   in|   40|     ap_none|                 J_10_1|       pointer|
|J_10_2               |   in|   40|     ap_none|                 J_10_2|       pointer|
|J_10_3               |   in|   40|     ap_none|                 J_10_3|       pointer|
|J_10_4               |   in|   40|     ap_none|                 J_10_4|       pointer|
|J_10_5               |   in|   40|     ap_none|                 J_10_5|       pointer|
|J_10_6               |   in|   40|     ap_none|                 J_10_6|       pointer|
|J_10_7               |   in|   40|     ap_none|                 J_10_7|       pointer|
|J_10_8               |   in|   40|     ap_none|                 J_10_8|       pointer|
|J_10_9               |   in|   40|     ap_none|                 J_10_9|       pointer|
|J_10_10              |   in|   40|     ap_none|                J_10_10|       pointer|
|J_10_11              |   in|   40|     ap_none|                J_10_11|       pointer|
|J_10_12              |   in|   40|     ap_none|                J_10_12|       pointer|
|J_11_0               |   in|   40|     ap_none|                 J_11_0|       pointer|
|J_11_1               |   in|   40|     ap_none|                 J_11_1|       pointer|
|J_11_2               |   in|   40|     ap_none|                 J_11_2|       pointer|
|J_11_3               |   in|   40|     ap_none|                 J_11_3|       pointer|
|J_11_4               |   in|   40|     ap_none|                 J_11_4|       pointer|
|J_11_5               |   in|   40|     ap_none|                 J_11_5|       pointer|
|J_11_6               |   in|   40|     ap_none|                 J_11_6|       pointer|
|J_11_7               |   in|   40|     ap_none|                 J_11_7|       pointer|
|J_11_8               |   in|   40|     ap_none|                 J_11_8|       pointer|
|J_11_9               |   in|   40|     ap_none|                 J_11_9|       pointer|
|J_11_10              |   in|   40|     ap_none|                J_11_10|       pointer|
|J_11_11              |   in|   40|     ap_none|                J_11_11|       pointer|
|J_11_12              |   in|   40|     ap_none|                J_11_12|       pointer|
|J_12_0               |   in|   40|     ap_none|                 J_12_0|       pointer|
|J_12_1               |   in|   40|     ap_none|                 J_12_1|       pointer|
|J_12_2               |   in|   40|     ap_none|                 J_12_2|       pointer|
|J_12_3               |   in|   40|     ap_none|                 J_12_3|       pointer|
|J_12_4               |   in|   40|     ap_none|                 J_12_4|       pointer|
|J_12_5               |   in|   40|     ap_none|                 J_12_5|       pointer|
|J_12_6               |   in|   40|     ap_none|                 J_12_6|       pointer|
|J_12_7               |   in|   40|     ap_none|                 J_12_7|       pointer|
|J_12_8               |   in|   40|     ap_none|                 J_12_8|       pointer|
|J_12_9               |   in|   40|     ap_none|                 J_12_9|       pointer|
|J_12_10              |   in|   40|     ap_none|                J_12_10|       pointer|
|J_12_11              |   in|   40|     ap_none|                J_12_11|       pointer|
|J_12_12              |   in|   40|     ap_none|                J_12_12|       pointer|
|h_0                  |   in|   40|     ap_none|                    h_0|       pointer|
|h_1                  |   in|   40|     ap_none|                    h_1|       pointer|
|h_2                  |   in|   40|     ap_none|                    h_2|       pointer|
|h_3                  |   in|   40|     ap_none|                    h_3|       pointer|
|h_4                  |   in|   40|     ap_none|                    h_4|       pointer|
|h_5                  |   in|   40|     ap_none|                    h_5|       pointer|
|h_6                  |   in|   40|     ap_none|                    h_6|       pointer|
|h_7                  |   in|   40|     ap_none|                    h_7|       pointer|
|h_8                  |   in|   40|     ap_none|                    h_8|       pointer|
|h_9                  |   in|   40|     ap_none|                    h_9|       pointer|
|h_10                 |   in|   40|     ap_none|                   h_10|       pointer|
|h_11                 |   in|   40|     ap_none|                   h_11|       pointer|
|h_12                 |   in|   40|     ap_none|                   h_12|       pointer|
|s_0                  |   in|    1|     ap_none|                    s_0|       pointer|
|s_1                  |   in|    1|     ap_none|                    s_1|       pointer|
|s_2                  |   in|    1|     ap_none|                    s_2|       pointer|
|s_3                  |   in|    1|     ap_none|                    s_3|       pointer|
|s_4                  |   in|    1|     ap_none|                    s_4|       pointer|
|s_5                  |   in|    1|     ap_none|                    s_5|       pointer|
|s_6                  |   in|    1|     ap_none|                    s_6|       pointer|
|s_7                  |   in|    1|     ap_none|                    s_7|       pointer|
|s_8                  |   in|    1|     ap_none|                    s_8|       pointer|
|s_9                  |   in|    1|     ap_none|                    s_9|       pointer|
|s_10                 |   in|    1|     ap_none|                   s_10|       pointer|
|s_11                 |   in|    1|     ap_none|                   s_11|       pointer|
|s_12                 |   in|    1|     ap_none|                   s_12|       pointer|
|i                    |   in|   32|     ap_none|                      i|        scalar|
|old_energy           |   in|   40|     ap_none|             old_energy|        scalar|
|beta                 |   in|   40|     ap_none|                   beta|        scalar|
|u                    |   in|   40|     ap_none|                      u|        scalar|
|accepted             |  out|    1|      ap_vld|               accepted|       pointer|
|accepted_ap_vld      |  out|    1|      ap_vld|               accepted|       pointer|
|delta_energy         |  out|   40|      ap_vld|           delta_energy|       pointer|
|delta_energy_ap_vld  |  out|    1|      ap_vld|           delta_energy|       pointer|
|new_energy           |  out|   40|      ap_vld|             new_energy|       pointer|
|new_energy_ap_vld    |  out|    1|      ap_vld|             new_energy|       pointer|
+---------------------+-----+-----+------------+-----------------------+--------------+

