

================================================================
== Vitis HLS Report for 'local_metropolis_step'
================================================================
* Date:           Tue May 19 20:37:32 2026

* Version:        2025.2 (Build 6295257 on Nov 14 2025)
* Project:        hls_local_metropolis_step_N18
* Solution:       hls (Vivado IP Flow Target)
* Product family: virtexuplus
* Target device:  xcvu19p-fsva3824-2-e


================================================================
== Performance Estimates
================================================================
+ Timing: 
    * Summary: 
    +--------+---------+----------+------------+
    |  Clock |  Target | Estimated| Uncertainty|
    +--------+---------+----------+------------+
    |ap_clk  |  3.33 ns|  2.388 ns|     0.90 ns|
    +--------+---------+----------+------------+

+ Latency: 
    * Summary: 
    +---------+---------+-----------+-----------+-----+-----+---------+
    |  Latency (cycles) |   Latency (absolute)  |  Interval | Pipeline|
    |   min   |   max   |    min    |    max    | min | max |   Type  |
    +---------+---------+-----------+-----------+-----+-----+---------+
    |       17|       26|  56.661 ns|  86.658 ns|   18|   27|       no|
    +---------+---------+-----------+-----------+-----+-----+---------+

    + Detail: 
        * Instance: 
        +--------------------------------+--------------------+---------+---------+-----------+-----------+-----+-----+---------+
        |                                |                    |  Latency (cycles) |   Latency (absolute)  |  Interval | Pipeline|
        |            Instance            |       Module       |   min   |   max   |    min    |    max    | min | max |   Type  |
        +--------------------------------+--------------------+---------+---------+-----------+-----------+-----+-----+---------+
        |grp_local_delta_energy_fu_2997  |local_delta_energy  |       14|       14|  46.662 ns|  46.662 ns|   14|   14|       no|
        +--------------------------------+--------------------+---------+---------+-----------+-----------+-----+-----+---------+

        * Loop: 
        N/A



================================================================
== Utilization Estimates
================================================================
* Summary: 
+---------------------+---------+------+---------+---------+-----+
|         Name        | BRAM_18K|  DSP |    FF   |   LUT   | URAM|
+---------------------+---------+------+---------+---------+-----+
|DSP                  |        -|     -|        -|        -|    -|
|Expression           |        -|     -|        0|      703|    -|
|FIFO                 |        -|     -|        -|        -|    -|
|Instance             |        -|    13|     2298|     5837|    -|
|Memory               |        0|     -|        0|        0|    -|
|Multiplexer          |        -|     -|        0|       93|    -|
|Register             |        -|     -|    13522|        -|    -|
+---------------------+---------+------+---------+---------+-----+
|Total                |        0|    13|    15820|     6633|    0|
+---------------------+---------+------+---------+---------+-----+
|Available SLR        |     1080|   960|  2042880|  1021440|   80|
+---------------------+---------+------+---------+---------+-----+
|Utilization SLR (%)  |        0|     1|       ~0|       ~0|    0|
+---------------------+---------+------+---------+---------+-----+
|Available            |     4320|  3840|  8171520|  4085760|  320|
+---------------------+---------+------+---------+---------+-----+
|Utilization (%)      |        0|    ~0|       ~0|       ~0|    0|
+---------------------+---------+------+---------+---------+-----+

+ Detail: 
    * Instance: 
    +--------------------------------+----------------------+---------+----+------+------+-----+
    |            Instance            |        Module        | BRAM_18K| DSP|  FF  |  LUT | URAM|
    +--------------------------------+----------------------+---------+----+------+------+-----+
    |grp_local_delta_energy_fu_2997  |local_delta_energy    |        0|   6|  1899|  5664|    0|
    |mul_26s_36s_60_2_1_U370         |mul_26s_36s_60_2_1    |        0|   2|   202|    84|    0|
    |mul_40ns_40s_64_2_1_U371        |mul_40ns_40s_64_2_1   |        0|   5|   197|    80|    0|
    |sparsemux_7_2_40_1_1_U372       |sparsemux_7_2_40_1_1  |        0|   0|     0|     9|    0|
    +--------------------------------+----------------------+---------+----+------+------+-----+
    |Total                           |                      |        0|  13|  2298|  5837|    0|
    +--------------------------------+----------------------+---------+----+------+------+-----+

    * DSP: 
    N/A

    * Memory: 
    +---------------+-------------------------+---------+---+----+-----+------+-----+------+-------------+
    |     Memory    |          Module         | BRAM_18K| FF| LUT| URAM| Words| Bits| Banks| W*Bits*Banks|
    +---------------+-------------------------+---------+---+----+-----+------+-----+------+-------------+
    |EXP_NEG_LUT_U  |EXP_NEG_LUT_ROM_AUTO_1R  |        0|  0|   0|    0|  1025|   40|     1|        41000|
    +---------------+-------------------------+---------+---+----+-----+------+-----+------+-------------+
    |Total          |                         |        0|  0|   0|    0|  1025|   40|     1|        41000|
    +---------------+-------------------------+---------+---+----+-----+------+-----+------+-------------+

    * FIFO: 
    N/A

    * Expression: 
    +------------------------+----------+----+---+-----+------------+------------+
    |      Variable Name     | Operation| DSP| FF| LUT | Bitwidth P0| Bitwidth P1|
    +------------------------+----------+----+---+-----+------------+------------+
    |add_ln240_fu_4031_p2    |         +|   0|  0|   47|          40|          40|
    |add_ln87_fu_3843_p2     |         +|   0|  0|   18|          11|           1|
    |add_ln89_fu_3915_p2     |         +|   0|  0|   68|          61|          61|
    |sub_ln75_1_fu_3780_p2   |         -|   0|  0|   66|           1|          59|
    |sub_ln75_fu_3759_p2     |         -|   0|  0|  107|           1|          88|
    |sub_ln84_fu_3833_p2     |         -|   0|  0|   34|          27|          27|
    |sub_ln89_fu_3879_p2     |         -|   0|  0|   33|          26|          26|
    |and_ln91_1_fu_3987_p2   |       and|   0|  0|    2|           1|           1|
    |and_ln91_fu_3982_p2     |       and|   0|  0|    2|           1|           1|
    |icmp_ln116_fu_3695_p2   |      icmp|   0|  0|   47|          40|           1|
    |icmp_ln123_fu_4019_p2   |      icmp|   0|  0|   47|          40|          40|
    |icmp_ln59_fu_3747_p2    |      icmp|   0|  0|   47|          40|           1|
    |icmp_ln63_fu_3775_p2    |      icmp|   0|  0|   18|          11|           1|
    |icmp_ln91_fu_3947_p2    |      icmp|   0|  0|   44|          37|           1|
    |icmp_ln95_fu_3941_p2    |      icmp|   0|  0|   20|          13|           1|
    |p_fu_3999_p4            |    select|   0|  0|   41|           1|          41|
    |select_ln75_fu_3792_p3  |    select|   0|  0|   58|           1|          59|
    |xor_ln123_fu_4024_p2    |       xor|   0|  0|    2|           1|           2|
    |xor_ln59_fu_3977_p2     |       xor|   0|  0|    2|           1|           2|
    +------------------------+----------+----+---+-----+------------+------------+
    |Total                   |          |   0|  0|  703|         354|         453|
    +------------------------+----------+----+---+-----+------------+------------+

    * Multiplexer: 
    +---------------------------------+----+-----------+-----+-----------+
    |               Name              | LUT| Input Size| Bits| Total Bits|
    +---------------------------------+----+-----------+-----+-----------+
    |accepted                         |  14|          3|    1|          3|
    |ap_NS_fsm                        |  65|         14|    1|         14|
    |ap_phi_mux_empty_phi_fu_2990_p4  |  14|          3|   40|        120|
    +---------------------------------+----+-----------+-----+-----------+
    |Total                            |  93|         20|   42|        137|
    +---------------------------------+----+-----------+-----+-----------+

    * Register: 
    +---------------------------------------------+-----+----+-----+-----------+
    |                     Name                    |  FF | LUT| Bits| Const Bits|
    +---------------------------------------------+-----+----+-----+-----------+
    |J_0_10_read_reg_4086                         |   40|   0|   40|          0|
    |J_0_11_read_reg_4091                         |   40|   0|   40|          0|
    |J_0_12_read_reg_4096                         |   40|   0|   40|          0|
    |J_0_13_read_reg_4101                         |   40|   0|   40|          0|
    |J_0_14_read_reg_4106                         |   40|   0|   40|          0|
    |J_0_15_read_reg_4111                         |   40|   0|   40|          0|
    |J_0_16_read_reg_4116                         |   40|   0|   40|          0|
    |J_0_17_read_reg_4121                         |   40|   0|   40|          0|
    |J_0_1_read_reg_4041                          |   40|   0|   40|          0|
    |J_0_2_read_reg_4046                          |   40|   0|   40|          0|
    |J_0_3_read_reg_4051                          |   40|   0|   40|          0|
    |J_0_4_read_reg_4056                          |   40|   0|   40|          0|
    |J_0_5_read_reg_4061                          |   40|   0|   40|          0|
    |J_0_6_read_reg_4066                          |   40|   0|   40|          0|
    |J_0_7_read_reg_4071                          |   40|   0|   40|          0|
    |J_0_8_read_reg_4076                          |   40|   0|   40|          0|
    |J_0_9_read_reg_4081                          |   40|   0|   40|          0|
    |J_10_0_read_reg_4891                         |   40|   0|   40|          0|
    |J_10_11_read_reg_4941                        |   40|   0|   40|          0|
    |J_10_12_read_reg_4946                        |   40|   0|   40|          0|
    |J_10_13_read_reg_4951                        |   40|   0|   40|          0|
    |J_10_14_read_reg_4956                        |   40|   0|   40|          0|
    |J_10_15_read_reg_4961                        |   40|   0|   40|          0|
    |J_10_16_read_reg_4966                        |   40|   0|   40|          0|
    |J_10_17_read_reg_4971                        |   40|   0|   40|          0|
    |J_10_1_read_reg_4896                         |   40|   0|   40|          0|
    |J_10_2_read_reg_4901                         |   40|   0|   40|          0|
    |J_10_3_read_reg_4906                         |   40|   0|   40|          0|
    |J_10_4_read_reg_4911                         |   40|   0|   40|          0|
    |J_10_5_read_reg_4916                         |   40|   0|   40|          0|
    |J_10_6_read_reg_4921                         |   40|   0|   40|          0|
    |J_10_7_read_reg_4926                         |   40|   0|   40|          0|
    |J_10_8_read_reg_4931                         |   40|   0|   40|          0|
    |J_10_9_read_reg_4936                         |   40|   0|   40|          0|
    |J_11_0_read_reg_4976                         |   40|   0|   40|          0|
    |J_11_10_read_reg_5026                        |   40|   0|   40|          0|
    |J_11_12_read_reg_5031                        |   40|   0|   40|          0|
    |J_11_13_read_reg_5036                        |   40|   0|   40|          0|
    |J_11_14_read_reg_5041                        |   40|   0|   40|          0|
    |J_11_15_read_reg_5046                        |   40|   0|   40|          0|
    |J_11_16_read_reg_5051                        |   40|   0|   40|          0|
    |J_11_17_read_reg_5056                        |   40|   0|   40|          0|
    |J_11_1_read_reg_4981                         |   40|   0|   40|          0|
    |J_11_2_read_reg_4986                         |   40|   0|   40|          0|
    |J_11_3_read_reg_4991                         |   40|   0|   40|          0|
    |J_11_4_read_reg_4996                         |   40|   0|   40|          0|
    |J_11_5_read_reg_5001                         |   40|   0|   40|          0|
    |J_11_6_read_reg_5006                         |   40|   0|   40|          0|
    |J_11_7_read_reg_5011                         |   40|   0|   40|          0|
    |J_11_8_read_reg_5016                         |   40|   0|   40|          0|
    |J_11_9_read_reg_5021                         |   40|   0|   40|          0|
    |J_12_0_read_reg_5061                         |   40|   0|   40|          0|
    |J_12_10_read_reg_5111                        |   40|   0|   40|          0|
    |J_12_11_read_reg_5116                        |   40|   0|   40|          0|
    |J_12_13_read_reg_5121                        |   40|   0|   40|          0|
    |J_12_14_read_reg_5126                        |   40|   0|   40|          0|
    |J_12_15_read_reg_5131                        |   40|   0|   40|          0|
    |J_12_16_read_reg_5136                        |   40|   0|   40|          0|
    |J_12_17_read_reg_5141                        |   40|   0|   40|          0|
    |J_12_1_read_reg_5066                         |   40|   0|   40|          0|
    |J_12_2_read_reg_5071                         |   40|   0|   40|          0|
    |J_12_3_read_reg_5076                         |   40|   0|   40|          0|
    |J_12_4_read_reg_5081                         |   40|   0|   40|          0|
    |J_12_5_read_reg_5086                         |   40|   0|   40|          0|
    |J_12_6_read_reg_5091                         |   40|   0|   40|          0|
    |J_12_7_read_reg_5096                         |   40|   0|   40|          0|
    |J_12_8_read_reg_5101                         |   40|   0|   40|          0|
    |J_12_9_read_reg_5106                         |   40|   0|   40|          0|
    |J_13_0_read_reg_5146                         |   40|   0|   40|          0|
    |J_13_10_read_reg_5196                        |   40|   0|   40|          0|
    |J_13_11_read_reg_5201                        |   40|   0|   40|          0|
    |J_13_12_read_reg_5206                        |   40|   0|   40|          0|
    |J_13_14_read_reg_5211                        |   40|   0|   40|          0|
    |J_13_15_read_reg_5216                        |   40|   0|   40|          0|
    |J_13_16_read_reg_5221                        |   40|   0|   40|          0|
    |J_13_17_read_reg_5226                        |   40|   0|   40|          0|
    |J_13_1_read_reg_5151                         |   40|   0|   40|          0|
    |J_13_2_read_reg_5156                         |   40|   0|   40|          0|
    |J_13_3_read_reg_5161                         |   40|   0|   40|          0|
    |J_13_4_read_reg_5166                         |   40|   0|   40|          0|
    |J_13_5_read_reg_5171                         |   40|   0|   40|          0|
    |J_13_6_read_reg_5176                         |   40|   0|   40|          0|
    |J_13_7_read_reg_5181                         |   40|   0|   40|          0|
    |J_13_8_read_reg_5186                         |   40|   0|   40|          0|
    |J_13_9_read_reg_5191                         |   40|   0|   40|          0|
    |J_14_0_read_reg_5231                         |   40|   0|   40|          0|
    |J_14_10_read_reg_5281                        |   40|   0|   40|          0|
    |J_14_11_read_reg_5286                        |   40|   0|   40|          0|
    |J_14_12_read_reg_5291                        |   40|   0|   40|          0|
    |J_14_13_read_reg_5296                        |   40|   0|   40|          0|
    |J_14_15_read_reg_5301                        |   40|   0|   40|          0|
    |J_14_16_read_reg_5306                        |   40|   0|   40|          0|
    |J_14_17_read_reg_5311                        |   40|   0|   40|          0|
    |J_14_1_read_reg_5236                         |   40|   0|   40|          0|
    |J_14_2_read_reg_5241                         |   40|   0|   40|          0|
    |J_14_3_read_reg_5246                         |   40|   0|   40|          0|
    |J_14_4_read_reg_5251                         |   40|   0|   40|          0|
    |J_14_5_read_reg_5256                         |   40|   0|   40|          0|
    |J_14_6_read_reg_5261                         |   40|   0|   40|          0|
    |J_14_7_read_reg_5266                         |   40|   0|   40|          0|
    |J_14_8_read_reg_5271                         |   40|   0|   40|          0|
    |J_14_9_read_reg_5276                         |   40|   0|   40|          0|
    |J_15_0_read_reg_5316                         |   40|   0|   40|          0|
    |J_15_10_read_reg_5366                        |   40|   0|   40|          0|
    |J_15_11_read_reg_5371                        |   40|   0|   40|          0|
    |J_15_12_read_reg_5376                        |   40|   0|   40|          0|
    |J_15_13_read_reg_5381                        |   40|   0|   40|          0|
    |J_15_14_read_reg_5386                        |   40|   0|   40|          0|
    |J_15_16_read_reg_5391                        |   40|   0|   40|          0|
    |J_15_17_read_reg_5396                        |   40|   0|   40|          0|
    |J_15_1_read_reg_5321                         |   40|   0|   40|          0|
    |J_15_2_read_reg_5326                         |   40|   0|   40|          0|
    |J_15_3_read_reg_5331                         |   40|   0|   40|          0|
    |J_15_4_read_reg_5336                         |   40|   0|   40|          0|
    |J_15_5_read_reg_5341                         |   40|   0|   40|          0|
    |J_15_6_read_reg_5346                         |   40|   0|   40|          0|
    |J_15_7_read_reg_5351                         |   40|   0|   40|          0|
    |J_15_8_read_reg_5356                         |   40|   0|   40|          0|
    |J_15_9_read_reg_5361                         |   40|   0|   40|          0|
    |J_16_0_read_reg_5401                         |   40|   0|   40|          0|
    |J_16_10_read_reg_5451                        |   40|   0|   40|          0|
    |J_16_11_read_reg_5456                        |   40|   0|   40|          0|
    |J_16_12_read_reg_5461                        |   40|   0|   40|          0|
    |J_16_13_read_reg_5466                        |   40|   0|   40|          0|
    |J_16_14_read_reg_5471                        |   40|   0|   40|          0|
    |J_16_15_read_reg_5476                        |   40|   0|   40|          0|
    |J_16_17_read_reg_5481                        |   40|   0|   40|          0|
    |J_16_1_read_reg_5406                         |   40|   0|   40|          0|
    |J_16_2_read_reg_5411                         |   40|   0|   40|          0|
    |J_16_3_read_reg_5416                         |   40|   0|   40|          0|
    |J_16_4_read_reg_5421                         |   40|   0|   40|          0|
    |J_16_5_read_reg_5426                         |   40|   0|   40|          0|
    |J_16_6_read_reg_5431                         |   40|   0|   40|          0|
    |J_16_7_read_reg_5436                         |   40|   0|   40|          0|
    |J_16_8_read_reg_5441                         |   40|   0|   40|          0|
    |J_16_9_read_reg_5446                         |   40|   0|   40|          0|
    |J_17_0_read_reg_5486                         |   40|   0|   40|          0|
    |J_17_10_read_reg_5536                        |   40|   0|   40|          0|
    |J_17_11_read_reg_5541                        |   40|   0|   40|          0|
    |J_17_12_read_reg_5546                        |   40|   0|   40|          0|
    |J_17_13_read_reg_5551                        |   40|   0|   40|          0|
    |J_17_14_read_reg_5556                        |   40|   0|   40|          0|
    |J_17_15_read_reg_5561                        |   40|   0|   40|          0|
    |J_17_16_read_reg_5566                        |   40|   0|   40|          0|
    |J_17_1_read_reg_5491                         |   40|   0|   40|          0|
    |J_17_2_read_reg_5496                         |   40|   0|   40|          0|
    |J_17_3_read_reg_5501                         |   40|   0|   40|          0|
    |J_17_4_read_reg_5506                         |   40|   0|   40|          0|
    |J_17_5_read_reg_5511                         |   40|   0|   40|          0|
    |J_17_6_read_reg_5516                         |   40|   0|   40|          0|
    |J_17_7_read_reg_5521                         |   40|   0|   40|          0|
    |J_17_8_read_reg_5526                         |   40|   0|   40|          0|
    |J_17_9_read_reg_5531                         |   40|   0|   40|          0|
    |J_1_0_read_reg_4126                          |   40|   0|   40|          0|
    |J_1_10_read_reg_4171                         |   40|   0|   40|          0|
    |J_1_11_read_reg_4176                         |   40|   0|   40|          0|
    |J_1_12_read_reg_4181                         |   40|   0|   40|          0|
    |J_1_13_read_reg_4186                         |   40|   0|   40|          0|
    |J_1_14_read_reg_4191                         |   40|   0|   40|          0|
    |J_1_15_read_reg_4196                         |   40|   0|   40|          0|
    |J_1_16_read_reg_4201                         |   40|   0|   40|          0|
    |J_1_17_read_reg_4206                         |   40|   0|   40|          0|
    |J_1_2_read_reg_4131                          |   40|   0|   40|          0|
    |J_1_3_read_reg_4136                          |   40|   0|   40|          0|
    |J_1_4_read_reg_4141                          |   40|   0|   40|          0|
    |J_1_5_read_reg_4146                          |   40|   0|   40|          0|
    |J_1_6_read_reg_4151                          |   40|   0|   40|          0|
    |J_1_7_read_reg_4156                          |   40|   0|   40|          0|
    |J_1_8_read_reg_4161                          |   40|   0|   40|          0|
    |J_1_9_read_reg_4166                          |   40|   0|   40|          0|
    |J_2_0_read_reg_4211                          |   40|   0|   40|          0|
    |J_2_10_read_reg_4256                         |   40|   0|   40|          0|
    |J_2_11_read_reg_4261                         |   40|   0|   40|          0|
    |J_2_12_read_reg_4266                         |   40|   0|   40|          0|
    |J_2_13_read_reg_4271                         |   40|   0|   40|          0|
    |J_2_14_read_reg_4276                         |   40|   0|   40|          0|
    |J_2_15_read_reg_4281                         |   40|   0|   40|          0|
    |J_2_16_read_reg_4286                         |   40|   0|   40|          0|
    |J_2_17_read_reg_4291                         |   40|   0|   40|          0|
    |J_2_1_read_reg_4216                          |   40|   0|   40|          0|
    |J_2_3_read_reg_4221                          |   40|   0|   40|          0|
    |J_2_4_read_reg_4226                          |   40|   0|   40|          0|
    |J_2_5_read_reg_4231                          |   40|   0|   40|          0|
    |J_2_6_read_reg_4236                          |   40|   0|   40|          0|
    |J_2_7_read_reg_4241                          |   40|   0|   40|          0|
    |J_2_8_read_reg_4246                          |   40|   0|   40|          0|
    |J_2_9_read_reg_4251                          |   40|   0|   40|          0|
    |J_3_0_read_reg_4296                          |   40|   0|   40|          0|
    |J_3_10_read_reg_4341                         |   40|   0|   40|          0|
    |J_3_11_read_reg_4346                         |   40|   0|   40|          0|
    |J_3_12_read_reg_4351                         |   40|   0|   40|          0|
    |J_3_13_read_reg_4356                         |   40|   0|   40|          0|
    |J_3_14_read_reg_4361                         |   40|   0|   40|          0|
    |J_3_15_read_reg_4366                         |   40|   0|   40|          0|
    |J_3_16_read_reg_4371                         |   40|   0|   40|          0|
    |J_3_17_read_reg_4376                         |   40|   0|   40|          0|
    |J_3_1_read_reg_4301                          |   40|   0|   40|          0|
    |J_3_2_read_reg_4306                          |   40|   0|   40|          0|
    |J_3_4_read_reg_4311                          |   40|   0|   40|          0|
    |J_3_5_read_reg_4316                          |   40|   0|   40|          0|
    |J_3_6_read_reg_4321                          |   40|   0|   40|          0|
    |J_3_7_read_reg_4326                          |   40|   0|   40|          0|
    |J_3_8_read_reg_4331                          |   40|   0|   40|          0|
    |J_3_9_read_reg_4336                          |   40|   0|   40|          0|
    |J_4_0_read_reg_4381                          |   40|   0|   40|          0|
    |J_4_10_read_reg_4426                         |   40|   0|   40|          0|
    |J_4_11_read_reg_4431                         |   40|   0|   40|          0|
    |J_4_12_read_reg_4436                         |   40|   0|   40|          0|
    |J_4_13_read_reg_4441                         |   40|   0|   40|          0|
    |J_4_14_read_reg_4446                         |   40|   0|   40|          0|
    |J_4_15_read_reg_4451                         |   40|   0|   40|          0|
    |J_4_16_read_reg_4456                         |   40|   0|   40|          0|
    |J_4_17_read_reg_4461                         |   40|   0|   40|          0|
    |J_4_1_read_reg_4386                          |   40|   0|   40|          0|
    |J_4_2_read_reg_4391                          |   40|   0|   40|          0|
    |J_4_3_read_reg_4396                          |   40|   0|   40|          0|
    |J_4_5_read_reg_4401                          |   40|   0|   40|          0|
    |J_4_6_read_reg_4406                          |   40|   0|   40|          0|
    |J_4_7_read_reg_4411                          |   40|   0|   40|          0|
    |J_4_8_read_reg_4416                          |   40|   0|   40|          0|
    |J_4_9_read_reg_4421                          |   40|   0|   40|          0|
    |J_5_0_read_reg_4466                          |   40|   0|   40|          0|
    |J_5_10_read_reg_4511                         |   40|   0|   40|          0|
    |J_5_11_read_reg_4516                         |   40|   0|   40|          0|
    |J_5_12_read_reg_4521                         |   40|   0|   40|          0|
    |J_5_13_read_reg_4526                         |   40|   0|   40|          0|
    |J_5_14_read_reg_4531                         |   40|   0|   40|          0|
    |J_5_15_read_reg_4536                         |   40|   0|   40|          0|
    |J_5_16_read_reg_4541                         |   40|   0|   40|          0|
    |J_5_17_read_reg_4546                         |   40|   0|   40|          0|
    |J_5_1_read_reg_4471                          |   40|   0|   40|          0|
    |J_5_2_read_reg_4476                          |   40|   0|   40|          0|
    |J_5_3_read_reg_4481                          |   40|   0|   40|          0|
    |J_5_4_read_reg_4486                          |   40|   0|   40|          0|
    |J_5_6_read_reg_4491                          |   40|   0|   40|          0|
    |J_5_7_read_reg_4496                          |   40|   0|   40|          0|
    |J_5_8_read_reg_4501                          |   40|   0|   40|          0|
    |J_5_9_read_reg_4506                          |   40|   0|   40|          0|
    |J_6_0_read_reg_4551                          |   40|   0|   40|          0|
    |J_6_10_read_reg_4596                         |   40|   0|   40|          0|
    |J_6_11_read_reg_4601                         |   40|   0|   40|          0|
    |J_6_12_read_reg_4606                         |   40|   0|   40|          0|
    |J_6_13_read_reg_4611                         |   40|   0|   40|          0|
    |J_6_14_read_reg_4616                         |   40|   0|   40|          0|
    |J_6_15_read_reg_4621                         |   40|   0|   40|          0|
    |J_6_16_read_reg_4626                         |   40|   0|   40|          0|
    |J_6_17_read_reg_4631                         |   40|   0|   40|          0|
    |J_6_1_read_reg_4556                          |   40|   0|   40|          0|
    |J_6_2_read_reg_4561                          |   40|   0|   40|          0|
    |J_6_3_read_reg_4566                          |   40|   0|   40|          0|
    |J_6_4_read_reg_4571                          |   40|   0|   40|          0|
    |J_6_5_read_reg_4576                          |   40|   0|   40|          0|
    |J_6_7_read_reg_4581                          |   40|   0|   40|          0|
    |J_6_8_read_reg_4586                          |   40|   0|   40|          0|
    |J_6_9_read_reg_4591                          |   40|   0|   40|          0|
    |J_7_0_read_reg_4636                          |   40|   0|   40|          0|
    |J_7_10_read_reg_4681                         |   40|   0|   40|          0|
    |J_7_11_read_reg_4686                         |   40|   0|   40|          0|
    |J_7_12_read_reg_4691                         |   40|   0|   40|          0|
    |J_7_13_read_reg_4696                         |   40|   0|   40|          0|
    |J_7_14_read_reg_4701                         |   40|   0|   40|          0|
    |J_7_15_read_reg_4706                         |   40|   0|   40|          0|
    |J_7_16_read_reg_4711                         |   40|   0|   40|          0|
    |J_7_17_read_reg_4716                         |   40|   0|   40|          0|
    |J_7_1_read_reg_4641                          |   40|   0|   40|          0|
    |J_7_2_read_reg_4646                          |   40|   0|   40|          0|
    |J_7_3_read_reg_4651                          |   40|   0|   40|          0|
    |J_7_4_read_reg_4656                          |   40|   0|   40|          0|
    |J_7_5_read_reg_4661                          |   40|   0|   40|          0|
    |J_7_6_read_reg_4666                          |   40|   0|   40|          0|
    |J_7_8_read_reg_4671                          |   40|   0|   40|          0|
    |J_7_9_read_reg_4676                          |   40|   0|   40|          0|
    |J_8_0_read_reg_4721                          |   40|   0|   40|          0|
    |J_8_10_read_reg_4766                         |   40|   0|   40|          0|
    |J_8_11_read_reg_4771                         |   40|   0|   40|          0|
    |J_8_12_read_reg_4776                         |   40|   0|   40|          0|
    |J_8_13_read_reg_4781                         |   40|   0|   40|          0|
    |J_8_14_read_reg_4786                         |   40|   0|   40|          0|
    |J_8_15_read_reg_4791                         |   40|   0|   40|          0|
    |J_8_16_read_reg_4796                         |   40|   0|   40|          0|
    |J_8_17_read_reg_4801                         |   40|   0|   40|          0|
    |J_8_1_read_reg_4726                          |   40|   0|   40|          0|
    |J_8_2_read_reg_4731                          |   40|   0|   40|          0|
    |J_8_3_read_reg_4736                          |   40|   0|   40|          0|
    |J_8_4_read_reg_4741                          |   40|   0|   40|          0|
    |J_8_5_read_reg_4746                          |   40|   0|   40|          0|
    |J_8_6_read_reg_4751                          |   40|   0|   40|          0|
    |J_8_7_read_reg_4756                          |   40|   0|   40|          0|
    |J_8_9_read_reg_4761                          |   40|   0|   40|          0|
    |J_9_0_read_reg_4806                          |   40|   0|   40|          0|
    |J_9_10_read_reg_4851                         |   40|   0|   40|          0|
    |J_9_11_read_reg_4856                         |   40|   0|   40|          0|
    |J_9_12_read_reg_4861                         |   40|   0|   40|          0|
    |J_9_13_read_reg_4866                         |   40|   0|   40|          0|
    |J_9_14_read_reg_4871                         |   40|   0|   40|          0|
    |J_9_15_read_reg_4876                         |   40|   0|   40|          0|
    |J_9_16_read_reg_4881                         |   40|   0|   40|          0|
    |J_9_17_read_reg_4886                         |   40|   0|   40|          0|
    |J_9_1_read_reg_4811                          |   40|   0|   40|          0|
    |J_9_2_read_reg_4816                          |   40|   0|   40|          0|
    |J_9_3_read_reg_4821                          |   40|   0|   40|          0|
    |J_9_4_read_reg_4826                          |   40|   0|   40|          0|
    |J_9_5_read_reg_4831                          |   40|   0|   40|          0|
    |J_9_6_read_reg_4836                          |   40|   0|   40|          0|
    |J_9_7_read_reg_4841                          |   40|   0|   40|          0|
    |J_9_8_read_reg_4846                          |   40|   0|   40|          0|
    |add_ln89_reg_5879                            |   61|   0|   61|          0|
    |ap_CS_fsm                                    |   13|   0|   13|          0|
    |de_reg_5751                                  |   40|   0|   40|          0|
    |grp_local_delta_energy_fu_2997_ap_start_reg  |    1|   0|    1|          0|
    |h_0_read_reg_5571                            |   40|   0|   40|          0|
    |h_10_read_reg_5621                           |   40|   0|   40|          0|
    |h_11_read_reg_5626                           |   40|   0|   40|          0|
    |h_12_read_reg_5631                           |   40|   0|   40|          0|
    |h_13_read_reg_5636                           |   40|   0|   40|          0|
    |h_14_read_reg_5641                           |   40|   0|   40|          0|
    |h_15_read_reg_5646                           |   40|   0|   40|          0|
    |h_16_read_reg_5651                           |   40|   0|   40|          0|
    |h_17_read_reg_5656                           |   40|   0|   40|          0|
    |h_1_read_reg_5576                            |   40|   0|   40|          0|
    |h_2_read_reg_5581                            |   40|   0|   40|          0|
    |h_3_read_reg_5586                            |   40|   0|   40|          0|
    |h_4_read_reg_5591                            |   40|   0|   40|          0|
    |h_5_read_reg_5596                            |   40|   0|   40|          0|
    |h_6_read_reg_5601                            |   40|   0|   40|          0|
    |h_7_read_reg_5606                            |   40|   0|   40|          0|
    |h_8_read_reg_5611                            |   40|   0|   40|          0|
    |h_9_read_reg_5616                            |   40|   0|   40|          0|
    |i_read_reg_4036                              |   32|   0|   32|          0|
    |icmp_ln116_reg_5770                          |    1|   0|    1|          0|
    |icmp_ln59_reg_5805                           |    1|   0|    1|          0|
    |icmp_ln63_reg_5816                           |    1|   0|    1|          0|
    |icmp_ln91_reg_5889                           |    1|   0|    1|          0|
    |icmp_ln95_reg_5884                           |    1|   0|    1|          0|
    |idx_reg_5821                                 |   11|   0|   11|          0|
    |mul_ln89_reg_5874                            |   60|   0|   60|          0|
    |old_energy_read_reg_5764                     |   40|   0|   40|          0|
    |s_0_read_reg_5661                            |    1|   0|    1|          0|
    |s_10_read_reg_5711                           |    1|   0|    1|          0|
    |s_11_read_reg_5716                           |    1|   0|    1|          0|
    |s_12_read_reg_5721                           |    1|   0|    1|          0|
    |s_13_read_reg_5726                           |    1|   0|    1|          0|
    |s_14_read_reg_5731                           |    1|   0|    1|          0|
    |s_15_read_reg_5736                           |    1|   0|    1|          0|
    |s_16_read_reg_5741                           |    1|   0|    1|          0|
    |s_17_read_reg_5746                           |    1|   0|    1|          0|
    |s_1_read_reg_5666                            |    1|   0|    1|          0|
    |s_2_read_reg_5671                            |    1|   0|    1|          0|
    |s_3_read_reg_5676                            |    1|   0|    1|          0|
    |s_4_read_reg_5681                            |    1|   0|    1|          0|
    |s_5_read_reg_5686                            |    1|   0|    1|          0|
    |s_6_read_reg_5691                            |    1|   0|    1|          0|
    |s_7_read_reg_5696                            |    1|   0|    1|          0|
    |s_8_read_reg_5701                            |    1|   0|    1|          0|
    |s_9_read_reg_5706                            |    1|   0|    1|          0|
    |sub_ln84_reg_5833                            |   27|   0|   27|          0|
    |sub_ln89_reg_5859                            |   26|   0|   26|          0|
    |tmp_1_reg_5795                               |    1|   0|    1|          0|
    |tmp_3_reg_5828                               |   26|   0|   26|          0|
    |tmp_4_reg_5848                               |   25|   0|   25|          0|
    |tmp_5_reg_5854                               |   25|   0|   25|          0|
    |tmp_6_reg_5800                               |   11|   0|   11|          0|
    |tmp_reg_5789                                 |   30|   0|   30|          0|
    |trunc_ln75_1_reg_5811                        |   30|   0|   59|         29|
    |u_read_reg_5759                              |   40|   0|   40|          0|
    |x_reg_5784                                   |   40|   0|   40|          0|
    +---------------------------------------------+-----+----+-----+-----------+
    |Total                                        |13522|   0|13551|         29|
    +---------------------------------------------+-----+----+-----+-----------+



================================================================
== Interface
================================================================
* Summary: 
+---------------------+-----+-----+------------+-----------------------+--------------+
|      RTL Ports      | Dir | Bits|  Protocol  |     Source Object     |    C Type    |
+---------------------+-----+-----+------------+-----------------------+--------------+
|ap_clk               |   in|    1|  ap_ctrl_hs|  local_metropolis_step|  return value|
|ap_rst               |   in|    1|  ap_ctrl_hs|  local_metropolis_step|  return value|
|ap_start             |   in|    1|  ap_ctrl_hs|  local_metropolis_step|  return value|
|ap_done              |  out|    1|  ap_ctrl_hs|  local_metropolis_step|  return value|
|ap_idle              |  out|    1|  ap_ctrl_hs|  local_metropolis_step|  return value|
|ap_ready             |  out|    1|  ap_ctrl_hs|  local_metropolis_step|  return value|
|J_0_0                |   in|   40|     ap_none|                  J_0_0|       pointer|
|J_0_1                |   in|   40|     ap_none|                  J_0_1|       pointer|
|J_0_2                |   in|   40|     ap_none|                  J_0_2|       pointer|
|J_0_3                |   in|   40|     ap_none|                  J_0_3|       pointer|
|J_0_4                |   in|   40|     ap_none|                  J_0_4|       pointer|
|J_0_5                |   in|   40|     ap_none|                  J_0_5|       pointer|
|J_0_6                |   in|   40|     ap_none|                  J_0_6|       pointer|
|J_0_7                |   in|   40|     ap_none|                  J_0_7|       pointer|
|J_0_8                |   in|   40|     ap_none|                  J_0_8|       pointer|
|J_0_9                |   in|   40|     ap_none|                  J_0_9|       pointer|
|J_0_10               |   in|   40|     ap_none|                 J_0_10|       pointer|
|J_0_11               |   in|   40|     ap_none|                 J_0_11|       pointer|
|J_0_12               |   in|   40|     ap_none|                 J_0_12|       pointer|
|J_0_13               |   in|   40|     ap_none|                 J_0_13|       pointer|
|J_0_14               |   in|   40|     ap_none|                 J_0_14|       pointer|
|J_0_15               |   in|   40|     ap_none|                 J_0_15|       pointer|
|J_0_16               |   in|   40|     ap_none|                 J_0_16|       pointer|
|J_0_17               |   in|   40|     ap_none|                 J_0_17|       pointer|
|J_1_0                |   in|   40|     ap_none|                  J_1_0|       pointer|
|J_1_1                |   in|   40|     ap_none|                  J_1_1|       pointer|
|J_1_2                |   in|   40|     ap_none|                  J_1_2|       pointer|
|J_1_3                |   in|   40|     ap_none|                  J_1_3|       pointer|
|J_1_4                |   in|   40|     ap_none|                  J_1_4|       pointer|
|J_1_5                |   in|   40|     ap_none|                  J_1_5|       pointer|
|J_1_6                |   in|   40|     ap_none|                  J_1_6|       pointer|
|J_1_7                |   in|   40|     ap_none|                  J_1_7|       pointer|
|J_1_8                |   in|   40|     ap_none|                  J_1_8|       pointer|
|J_1_9                |   in|   40|     ap_none|                  J_1_9|       pointer|
|J_1_10               |   in|   40|     ap_none|                 J_1_10|       pointer|
|J_1_11               |   in|   40|     ap_none|                 J_1_11|       pointer|
|J_1_12               |   in|   40|     ap_none|                 J_1_12|       pointer|
|J_1_13               |   in|   40|     ap_none|                 J_1_13|       pointer|
|J_1_14               |   in|   40|     ap_none|                 J_1_14|       pointer|
|J_1_15               |   in|   40|     ap_none|                 J_1_15|       pointer|
|J_1_16               |   in|   40|     ap_none|                 J_1_16|       pointer|
|J_1_17               |   in|   40|     ap_none|                 J_1_17|       pointer|
|J_2_0                |   in|   40|     ap_none|                  J_2_0|       pointer|
|J_2_1                |   in|   40|     ap_none|                  J_2_1|       pointer|
|J_2_2                |   in|   40|     ap_none|                  J_2_2|       pointer|
|J_2_3                |   in|   40|     ap_none|                  J_2_3|       pointer|
|J_2_4                |   in|   40|     ap_none|                  J_2_4|       pointer|
|J_2_5                |   in|   40|     ap_none|                  J_2_5|       pointer|
|J_2_6                |   in|   40|     ap_none|                  J_2_6|       pointer|
|J_2_7                |   in|   40|     ap_none|                  J_2_7|       pointer|
|J_2_8                |   in|   40|     ap_none|                  J_2_8|       pointer|
|J_2_9                |   in|   40|     ap_none|                  J_2_9|       pointer|
|J_2_10               |   in|   40|     ap_none|                 J_2_10|       pointer|
|J_2_11               |   in|   40|     ap_none|                 J_2_11|       pointer|
|J_2_12               |   in|   40|     ap_none|                 J_2_12|       pointer|
|J_2_13               |   in|   40|     ap_none|                 J_2_13|       pointer|
|J_2_14               |   in|   40|     ap_none|                 J_2_14|       pointer|
|J_2_15               |   in|   40|     ap_none|                 J_2_15|       pointer|
|J_2_16               |   in|   40|     ap_none|                 J_2_16|       pointer|
|J_2_17               |   in|   40|     ap_none|                 J_2_17|       pointer|
|J_3_0                |   in|   40|     ap_none|                  J_3_0|       pointer|
|J_3_1                |   in|   40|     ap_none|                  J_3_1|       pointer|
|J_3_2                |   in|   40|     ap_none|                  J_3_2|       pointer|
|J_3_3                |   in|   40|     ap_none|                  J_3_3|       pointer|
|J_3_4                |   in|   40|     ap_none|                  J_3_4|       pointer|
|J_3_5                |   in|   40|     ap_none|                  J_3_5|       pointer|
|J_3_6                |   in|   40|     ap_none|                  J_3_6|       pointer|
|J_3_7                |   in|   40|     ap_none|                  J_3_7|       pointer|
|J_3_8                |   in|   40|     ap_none|                  J_3_8|       pointer|
|J_3_9                |   in|   40|     ap_none|                  J_3_9|       pointer|
|J_3_10               |   in|   40|     ap_none|                 J_3_10|       pointer|
|J_3_11               |   in|   40|     ap_none|                 J_3_11|       pointer|
|J_3_12               |   in|   40|     ap_none|                 J_3_12|       pointer|
|J_3_13               |   in|   40|     ap_none|                 J_3_13|       pointer|
|J_3_14               |   in|   40|     ap_none|                 J_3_14|       pointer|
|J_3_15               |   in|   40|     ap_none|                 J_3_15|       pointer|
|J_3_16               |   in|   40|     ap_none|                 J_3_16|       pointer|
|J_3_17               |   in|   40|     ap_none|                 J_3_17|       pointer|
|J_4_0                |   in|   40|     ap_none|                  J_4_0|       pointer|
|J_4_1                |   in|   40|     ap_none|                  J_4_1|       pointer|
|J_4_2                |   in|   40|     ap_none|                  J_4_2|       pointer|
|J_4_3                |   in|   40|     ap_none|                  J_4_3|       pointer|
|J_4_4                |   in|   40|     ap_none|                  J_4_4|       pointer|
|J_4_5                |   in|   40|     ap_none|                  J_4_5|       pointer|
|J_4_6                |   in|   40|     ap_none|                  J_4_6|       pointer|
|J_4_7                |   in|   40|     ap_none|                  J_4_7|       pointer|
|J_4_8                |   in|   40|     ap_none|                  J_4_8|       pointer|
|J_4_9                |   in|   40|     ap_none|                  J_4_9|       pointer|
|J_4_10               |   in|   40|     ap_none|                 J_4_10|       pointer|
|J_4_11               |   in|   40|     ap_none|                 J_4_11|       pointer|
|J_4_12               |   in|   40|     ap_none|                 J_4_12|       pointer|
|J_4_13               |   in|   40|     ap_none|                 J_4_13|       pointer|
|J_4_14               |   in|   40|     ap_none|                 J_4_14|       pointer|
|J_4_15               |   in|   40|     ap_none|                 J_4_15|       pointer|
|J_4_16               |   in|   40|     ap_none|                 J_4_16|       pointer|
|J_4_17               |   in|   40|     ap_none|                 J_4_17|       pointer|
|J_5_0                |   in|   40|     ap_none|                  J_5_0|       pointer|
|J_5_1                |   in|   40|     ap_none|                  J_5_1|       pointer|
|J_5_2                |   in|   40|     ap_none|                  J_5_2|       pointer|
|J_5_3                |   in|   40|     ap_none|                  J_5_3|       pointer|
|J_5_4                |   in|   40|     ap_none|                  J_5_4|       pointer|
|J_5_5                |   in|   40|     ap_none|                  J_5_5|       pointer|
|J_5_6                |   in|   40|     ap_none|                  J_5_6|       pointer|
|J_5_7                |   in|   40|     ap_none|                  J_5_7|       pointer|
|J_5_8                |   in|   40|     ap_none|                  J_5_8|       pointer|
|J_5_9                |   in|   40|     ap_none|                  J_5_9|       pointer|
|J_5_10               |   in|   40|     ap_none|                 J_5_10|       pointer|
|J_5_11               |   in|   40|     ap_none|                 J_5_11|       pointer|
|J_5_12               |   in|   40|     ap_none|                 J_5_12|       pointer|
|J_5_13               |   in|   40|     ap_none|                 J_5_13|       pointer|
|J_5_14               |   in|   40|     ap_none|                 J_5_14|       pointer|
|J_5_15               |   in|   40|     ap_none|                 J_5_15|       pointer|
|J_5_16               |   in|   40|     ap_none|                 J_5_16|       pointer|
|J_5_17               |   in|   40|     ap_none|                 J_5_17|       pointer|
|J_6_0                |   in|   40|     ap_none|                  J_6_0|       pointer|
|J_6_1                |   in|   40|     ap_none|                  J_6_1|       pointer|
|J_6_2                |   in|   40|     ap_none|                  J_6_2|       pointer|
|J_6_3                |   in|   40|     ap_none|                  J_6_3|       pointer|
|J_6_4                |   in|   40|     ap_none|                  J_6_4|       pointer|
|J_6_5                |   in|   40|     ap_none|                  J_6_5|       pointer|
|J_6_6                |   in|   40|     ap_none|                  J_6_6|       pointer|
|J_6_7                |   in|   40|     ap_none|                  J_6_7|       pointer|
|J_6_8                |   in|   40|     ap_none|                  J_6_8|       pointer|
|J_6_9                |   in|   40|     ap_none|                  J_6_9|       pointer|
|J_6_10               |   in|   40|     ap_none|                 J_6_10|       pointer|
|J_6_11               |   in|   40|     ap_none|                 J_6_11|       pointer|
|J_6_12               |   in|   40|     ap_none|                 J_6_12|       pointer|
|J_6_13               |   in|   40|     ap_none|                 J_6_13|       pointer|
|J_6_14               |   in|   40|     ap_none|                 J_6_14|       pointer|
|J_6_15               |   in|   40|     ap_none|                 J_6_15|       pointer|
|J_6_16               |   in|   40|     ap_none|                 J_6_16|       pointer|
|J_6_17               |   in|   40|     ap_none|                 J_6_17|       pointer|
|J_7_0                |   in|   40|     ap_none|                  J_7_0|       pointer|
|J_7_1                |   in|   40|     ap_none|                  J_7_1|       pointer|
|J_7_2                |   in|   40|     ap_none|                  J_7_2|       pointer|
|J_7_3                |   in|   40|     ap_none|                  J_7_3|       pointer|
|J_7_4                |   in|   40|     ap_none|                  J_7_4|       pointer|
|J_7_5                |   in|   40|     ap_none|                  J_7_5|       pointer|
|J_7_6                |   in|   40|     ap_none|                  J_7_6|       pointer|
|J_7_7                |   in|   40|     ap_none|                  J_7_7|       pointer|
|J_7_8                |   in|   40|     ap_none|                  J_7_8|       pointer|
|J_7_9                |   in|   40|     ap_none|                  J_7_9|       pointer|
|J_7_10               |   in|   40|     ap_none|                 J_7_10|       pointer|
|J_7_11               |   in|   40|     ap_none|                 J_7_11|       pointer|
|J_7_12               |   in|   40|     ap_none|                 J_7_12|       pointer|
|J_7_13               |   in|   40|     ap_none|                 J_7_13|       pointer|
|J_7_14               |   in|   40|     ap_none|                 J_7_14|       pointer|
|J_7_15               |   in|   40|     ap_none|                 J_7_15|       pointer|
|J_7_16               |   in|   40|     ap_none|                 J_7_16|       pointer|
|J_7_17               |   in|   40|     ap_none|                 J_7_17|       pointer|
|J_8_0                |   in|   40|     ap_none|                  J_8_0|       pointer|
|J_8_1                |   in|   40|     ap_none|                  J_8_1|       pointer|
|J_8_2                |   in|   40|     ap_none|                  J_8_2|       pointer|
|J_8_3                |   in|   40|     ap_none|                  J_8_3|       pointer|
|J_8_4                |   in|   40|     ap_none|                  J_8_4|       pointer|
|J_8_5                |   in|   40|     ap_none|                  J_8_5|       pointer|
|J_8_6                |   in|   40|     ap_none|                  J_8_6|       pointer|
|J_8_7                |   in|   40|     ap_none|                  J_8_7|       pointer|
|J_8_8                |   in|   40|     ap_none|                  J_8_8|       pointer|
|J_8_9                |   in|   40|     ap_none|                  J_8_9|       pointer|
|J_8_10               |   in|   40|     ap_none|                 J_8_10|       pointer|
|J_8_11               |   in|   40|     ap_none|                 J_8_11|       pointer|
|J_8_12               |   in|   40|     ap_none|                 J_8_12|       pointer|
|J_8_13               |   in|   40|     ap_none|                 J_8_13|       pointer|
|J_8_14               |   in|   40|     ap_none|                 J_8_14|       pointer|
|J_8_15               |   in|   40|     ap_none|                 J_8_15|       pointer|
|J_8_16               |   in|   40|     ap_none|                 J_8_16|       pointer|
|J_8_17               |   in|   40|     ap_none|                 J_8_17|       pointer|
|J_9_0                |   in|   40|     ap_none|                  J_9_0|       pointer|
|J_9_1                |   in|   40|     ap_none|                  J_9_1|       pointer|
|J_9_2                |   in|   40|     ap_none|                  J_9_2|       pointer|
|J_9_3                |   in|   40|     ap_none|                  J_9_3|       pointer|
|J_9_4                |   in|   40|     ap_none|                  J_9_4|       pointer|
|J_9_5                |   in|   40|     ap_none|                  J_9_5|       pointer|
|J_9_6                |   in|   40|     ap_none|                  J_9_6|       pointer|
|J_9_7                |   in|   40|     ap_none|                  J_9_7|       pointer|
|J_9_8                |   in|   40|     ap_none|                  J_9_8|       pointer|
|J_9_9                |   in|   40|     ap_none|                  J_9_9|       pointer|
|J_9_10               |   in|   40|     ap_none|                 J_9_10|       pointer|
|J_9_11               |   in|   40|     ap_none|                 J_9_11|       pointer|
|J_9_12               |   in|   40|     ap_none|                 J_9_12|       pointer|
|J_9_13               |   in|   40|     ap_none|                 J_9_13|       pointer|
|J_9_14               |   in|   40|     ap_none|                 J_9_14|       pointer|
|J_9_15               |   in|   40|     ap_none|                 J_9_15|       pointer|
|J_9_16               |   in|   40|     ap_none|                 J_9_16|       pointer|
|J_9_17               |   in|   40|     ap_none|                 J_9_17|       pointer|
|J_10_0               |   in|   40|     ap_none|                 J_10_0|       pointer|
|J_10_1               |   in|   40|     ap_none|                 J_10_1|       pointer|
|J_10_2               |   in|   40|     ap_none|                 J_10_2|       pointer|
|J_10_3               |   in|   40|     ap_none|                 J_10_3|       pointer|
|J_10_4               |   in|   40|     ap_none|                 J_10_4|       pointer|
|J_10_5               |   in|   40|     ap_none|                 J_10_5|       pointer|
|J_10_6               |   in|   40|     ap_none|                 J_10_6|       pointer|
|J_10_7               |   in|   40|     ap_none|                 J_10_7|       pointer|
|J_10_8               |   in|   40|     ap_none|                 J_10_8|       pointer|
|J_10_9               |   in|   40|     ap_none|                 J_10_9|       pointer|
|J_10_10              |   in|   40|     ap_none|                J_10_10|       pointer|
|J_10_11              |   in|   40|     ap_none|                J_10_11|       pointer|
|J_10_12              |   in|   40|     ap_none|                J_10_12|       pointer|
|J_10_13              |   in|   40|     ap_none|                J_10_13|       pointer|
|J_10_14              |   in|   40|     ap_none|                J_10_14|       pointer|
|J_10_15              |   in|   40|     ap_none|                J_10_15|       pointer|
|J_10_16              |   in|   40|     ap_none|                J_10_16|       pointer|
|J_10_17              |   in|   40|     ap_none|                J_10_17|       pointer|
|J_11_0               |   in|   40|     ap_none|                 J_11_0|       pointer|
|J_11_1               |   in|   40|     ap_none|                 J_11_1|       pointer|
|J_11_2               |   in|   40|     ap_none|                 J_11_2|       pointer|
|J_11_3               |   in|   40|     ap_none|                 J_11_3|       pointer|
|J_11_4               |   in|   40|     ap_none|                 J_11_4|       pointer|
|J_11_5               |   in|   40|     ap_none|                 J_11_5|       pointer|
|J_11_6               |   in|   40|     ap_none|                 J_11_6|       pointer|
|J_11_7               |   in|   40|     ap_none|                 J_11_7|       pointer|
|J_11_8               |   in|   40|     ap_none|                 J_11_8|       pointer|
|J_11_9               |   in|   40|     ap_none|                 J_11_9|       pointer|
|J_11_10              |   in|   40|     ap_none|                J_11_10|       pointer|
|J_11_11              |   in|   40|     ap_none|                J_11_11|       pointer|
|J_11_12              |   in|   40|     ap_none|                J_11_12|       pointer|
|J_11_13              |   in|   40|     ap_none|                J_11_13|       pointer|
|J_11_14              |   in|   40|     ap_none|                J_11_14|       pointer|
|J_11_15              |   in|   40|     ap_none|                J_11_15|       pointer|
|J_11_16              |   in|   40|     ap_none|                J_11_16|       pointer|
|J_11_17              |   in|   40|     ap_none|                J_11_17|       pointer|
|J_12_0               |   in|   40|     ap_none|                 J_12_0|       pointer|
|J_12_1               |   in|   40|     ap_none|                 J_12_1|       pointer|
|J_12_2               |   in|   40|     ap_none|                 J_12_2|       pointer|
|J_12_3               |   in|   40|     ap_none|                 J_12_3|       pointer|
|J_12_4               |   in|   40|     ap_none|                 J_12_4|       pointer|
|J_12_5               |   in|   40|     ap_none|                 J_12_5|       pointer|
|J_12_6               |   in|   40|     ap_none|                 J_12_6|       pointer|
|J_12_7               |   in|   40|     ap_none|                 J_12_7|       pointer|
|J_12_8               |   in|   40|     ap_none|                 J_12_8|       pointer|
|J_12_9               |   in|   40|     ap_none|                 J_12_9|       pointer|
|J_12_10              |   in|   40|     ap_none|                J_12_10|       pointer|
|J_12_11              |   in|   40|     ap_none|                J_12_11|       pointer|
|J_12_12              |   in|   40|     ap_none|                J_12_12|       pointer|
|J_12_13              |   in|   40|     ap_none|                J_12_13|       pointer|
|J_12_14              |   in|   40|     ap_none|                J_12_14|       pointer|
|J_12_15              |   in|   40|     ap_none|                J_12_15|       pointer|
|J_12_16              |   in|   40|     ap_none|                J_12_16|       pointer|
|J_12_17              |   in|   40|     ap_none|                J_12_17|       pointer|
|J_13_0               |   in|   40|     ap_none|                 J_13_0|       pointer|
|J_13_1               |   in|   40|     ap_none|                 J_13_1|       pointer|
|J_13_2               |   in|   40|     ap_none|                 J_13_2|       pointer|
|J_13_3               |   in|   40|     ap_none|                 J_13_3|       pointer|
|J_13_4               |   in|   40|     ap_none|                 J_13_4|       pointer|
|J_13_5               |   in|   40|     ap_none|                 J_13_5|       pointer|
|J_13_6               |   in|   40|     ap_none|                 J_13_6|       pointer|
|J_13_7               |   in|   40|     ap_none|                 J_13_7|       pointer|
|J_13_8               |   in|   40|     ap_none|                 J_13_8|       pointer|
|J_13_9               |   in|   40|     ap_none|                 J_13_9|       pointer|
|J_13_10              |   in|   40|     ap_none|                J_13_10|       pointer|
|J_13_11              |   in|   40|     ap_none|                J_13_11|       pointer|
|J_13_12              |   in|   40|     ap_none|                J_13_12|       pointer|
|J_13_13              |   in|   40|     ap_none|                J_13_13|       pointer|
|J_13_14              |   in|   40|     ap_none|                J_13_14|       pointer|
|J_13_15              |   in|   40|     ap_none|                J_13_15|       pointer|
|J_13_16              |   in|   40|     ap_none|                J_13_16|       pointer|
|J_13_17              |   in|   40|     ap_none|                J_13_17|       pointer|
|J_14_0               |   in|   40|     ap_none|                 J_14_0|       pointer|
|J_14_1               |   in|   40|     ap_none|                 J_14_1|       pointer|
|J_14_2               |   in|   40|     ap_none|                 J_14_2|       pointer|
|J_14_3               |   in|   40|     ap_none|                 J_14_3|       pointer|
|J_14_4               |   in|   40|     ap_none|                 J_14_4|       pointer|
|J_14_5               |   in|   40|     ap_none|                 J_14_5|       pointer|
|J_14_6               |   in|   40|     ap_none|                 J_14_6|       pointer|
|J_14_7               |   in|   40|     ap_none|                 J_14_7|       pointer|
|J_14_8               |   in|   40|     ap_none|                 J_14_8|       pointer|
|J_14_9               |   in|   40|     ap_none|                 J_14_9|       pointer|
|J_14_10              |   in|   40|     ap_none|                J_14_10|       pointer|
|J_14_11              |   in|   40|     ap_none|                J_14_11|       pointer|
|J_14_12              |   in|   40|     ap_none|                J_14_12|       pointer|
|J_14_13              |   in|   40|     ap_none|                J_14_13|       pointer|
|J_14_14              |   in|   40|     ap_none|                J_14_14|       pointer|
|J_14_15              |   in|   40|     ap_none|                J_14_15|       pointer|
|J_14_16              |   in|   40|     ap_none|                J_14_16|       pointer|
|J_14_17              |   in|   40|     ap_none|                J_14_17|       pointer|
|J_15_0               |   in|   40|     ap_none|                 J_15_0|       pointer|
|J_15_1               |   in|   40|     ap_none|                 J_15_1|       pointer|
|J_15_2               |   in|   40|     ap_none|                 J_15_2|       pointer|
|J_15_3               |   in|   40|     ap_none|                 J_15_3|       pointer|
|J_15_4               |   in|   40|     ap_none|                 J_15_4|       pointer|
|J_15_5               |   in|   40|     ap_none|                 J_15_5|       pointer|
|J_15_6               |   in|   40|     ap_none|                 J_15_6|       pointer|
|J_15_7               |   in|   40|     ap_none|                 J_15_7|       pointer|
|J_15_8               |   in|   40|     ap_none|                 J_15_8|       pointer|
|J_15_9               |   in|   40|     ap_none|                 J_15_9|       pointer|
|J_15_10              |   in|   40|     ap_none|                J_15_10|       pointer|
|J_15_11              |   in|   40|     ap_none|                J_15_11|       pointer|
|J_15_12              |   in|   40|     ap_none|                J_15_12|       pointer|
|J_15_13              |   in|   40|     ap_none|                J_15_13|       pointer|
|J_15_14              |   in|   40|     ap_none|                J_15_14|       pointer|
|J_15_15              |   in|   40|     ap_none|                J_15_15|       pointer|
|J_15_16              |   in|   40|     ap_none|                J_15_16|       pointer|
|J_15_17              |   in|   40|     ap_none|                J_15_17|       pointer|
|J_16_0               |   in|   40|     ap_none|                 J_16_0|       pointer|
|J_16_1               |   in|   40|     ap_none|                 J_16_1|       pointer|
|J_16_2               |   in|   40|     ap_none|                 J_16_2|       pointer|
|J_16_3               |   in|   40|     ap_none|                 J_16_3|       pointer|
|J_16_4               |   in|   40|     ap_none|                 J_16_4|       pointer|
|J_16_5               |   in|   40|     ap_none|                 J_16_5|       pointer|
|J_16_6               |   in|   40|     ap_none|                 J_16_6|       pointer|
|J_16_7               |   in|   40|     ap_none|                 J_16_7|       pointer|
|J_16_8               |   in|   40|     ap_none|                 J_16_8|       pointer|
|J_16_9               |   in|   40|     ap_none|                 J_16_9|       pointer|
|J_16_10              |   in|   40|     ap_none|                J_16_10|       pointer|
|J_16_11              |   in|   40|     ap_none|                J_16_11|       pointer|
|J_16_12              |   in|   40|     ap_none|                J_16_12|       pointer|
|J_16_13              |   in|   40|     ap_none|                J_16_13|       pointer|
|J_16_14              |   in|   40|     ap_none|                J_16_14|       pointer|
|J_16_15              |   in|   40|     ap_none|                J_16_15|       pointer|
|J_16_16              |   in|   40|     ap_none|                J_16_16|       pointer|
|J_16_17              |   in|   40|     ap_none|                J_16_17|       pointer|
|J_17_0               |   in|   40|     ap_none|                 J_17_0|       pointer|
|J_17_1               |   in|   40|     ap_none|                 J_17_1|       pointer|
|J_17_2               |   in|   40|     ap_none|                 J_17_2|       pointer|
|J_17_3               |   in|   40|     ap_none|                 J_17_3|       pointer|
|J_17_4               |   in|   40|     ap_none|                 J_17_4|       pointer|
|J_17_5               |   in|   40|     ap_none|                 J_17_5|       pointer|
|J_17_6               |   in|   40|     ap_none|                 J_17_6|       pointer|
|J_17_7               |   in|   40|     ap_none|                 J_17_7|       pointer|
|J_17_8               |   in|   40|     ap_none|                 J_17_8|       pointer|
|J_17_9               |   in|   40|     ap_none|                 J_17_9|       pointer|
|J_17_10              |   in|   40|     ap_none|                J_17_10|       pointer|
|J_17_11              |   in|   40|     ap_none|                J_17_11|       pointer|
|J_17_12              |   in|   40|     ap_none|                J_17_12|       pointer|
|J_17_13              |   in|   40|     ap_none|                J_17_13|       pointer|
|J_17_14              |   in|   40|     ap_none|                J_17_14|       pointer|
|J_17_15              |   in|   40|     ap_none|                J_17_15|       pointer|
|J_17_16              |   in|   40|     ap_none|                J_17_16|       pointer|
|J_17_17              |   in|   40|     ap_none|                J_17_17|       pointer|
|h_0                  |   in|   40|     ap_none|                    h_0|       pointer|
|h_1                  |   in|   40|     ap_none|                    h_1|       pointer|
|h_2                  |   in|   40|     ap_none|                    h_2|       pointer|
|h_3                  |   in|   40|     ap_none|                    h_3|       pointer|
|h_4                  |   in|   40|     ap_none|                    h_4|       pointer|
|h_5                  |   in|   40|     ap_none|                    h_5|       pointer|
|h_6                  |   in|   40|     ap_none|                    h_6|       pointer|
|h_7                  |   in|   40|     ap_none|                    h_7|       pointer|
|h_8                  |   in|   40|     ap_none|                    h_8|       pointer|
|h_9                  |   in|   40|     ap_none|                    h_9|       pointer|
|h_10                 |   in|   40|     ap_none|                   h_10|       pointer|
|h_11                 |   in|   40|     ap_none|                   h_11|       pointer|
|h_12                 |   in|   40|     ap_none|                   h_12|       pointer|
|h_13                 |   in|   40|     ap_none|                   h_13|       pointer|
|h_14                 |   in|   40|     ap_none|                   h_14|       pointer|
|h_15                 |   in|   40|     ap_none|                   h_15|       pointer|
|h_16                 |   in|   40|     ap_none|                   h_16|       pointer|
|h_17                 |   in|   40|     ap_none|                   h_17|       pointer|
|s_0                  |   in|    1|     ap_none|                    s_0|       pointer|
|s_1                  |   in|    1|     ap_none|                    s_1|       pointer|
|s_2                  |   in|    1|     ap_none|                    s_2|       pointer|
|s_3                  |   in|    1|     ap_none|                    s_3|       pointer|
|s_4                  |   in|    1|     ap_none|                    s_4|       pointer|
|s_5                  |   in|    1|     ap_none|                    s_5|       pointer|
|s_6                  |   in|    1|     ap_none|                    s_6|       pointer|
|s_7                  |   in|    1|     ap_none|                    s_7|       pointer|
|s_8                  |   in|    1|     ap_none|                    s_8|       pointer|
|s_9                  |   in|    1|     ap_none|                    s_9|       pointer|
|s_10                 |   in|    1|     ap_none|                   s_10|       pointer|
|s_11                 |   in|    1|     ap_none|                   s_11|       pointer|
|s_12                 |   in|    1|     ap_none|                   s_12|       pointer|
|s_13                 |   in|    1|     ap_none|                   s_13|       pointer|
|s_14                 |   in|    1|     ap_none|                   s_14|       pointer|
|s_15                 |   in|    1|     ap_none|                   s_15|       pointer|
|s_16                 |   in|    1|     ap_none|                   s_16|       pointer|
|s_17                 |   in|    1|     ap_none|                   s_17|       pointer|
|i                    |   in|   32|     ap_none|                      i|        scalar|
|old_energy           |   in|   40|     ap_none|             old_energy|        scalar|
|beta                 |   in|   40|     ap_none|                   beta|        scalar|
|u                    |   in|   40|     ap_none|                      u|        scalar|
|accepted             |  out|    1|      ap_vld|               accepted|       pointer|
|accepted_ap_vld      |  out|    1|      ap_vld|               accepted|       pointer|
|delta_energy         |  out|   40|      ap_vld|           delta_energy|       pointer|
|delta_energy_ap_vld  |  out|    1|      ap_vld|           delta_energy|       pointer|
|new_energy           |  out|   40|      ap_vld|             new_energy|       pointer|
|new_energy_ap_vld    |  out|    1|      ap_vld|             new_energy|       pointer|
+---------------------+-----+-----+------------+-----------------------+--------------+

