

================================================================
== Synthesis Summary Report of 'local_metropolis_step'
================================================================
+ General Information: 
    * Date:           Tue May 19 20:36:47 2026
    * Version:        2025.2 (Build 6295257 on Nov 14 2025)
    * Project:        hls_local_metropolis_step_N17
    * Solution:       hls (Vivado IP Flow Target)
    * Product family: virtexuplus
    * Target device:  xcvu19p-fsva3824-2-e
    

* Performance & Resource Estimates: 
+-------------------------+------+---------------+----------+---------+------+----------+---------+--------+------+------+----------+-------------+------------+-----+
|         Modules         | Issue|               | Iteration|         | Trip |          |      Latency     |      |      |          |             |            |     |
|         & Loops         | Type | Violation Type|  Latency | Interval| Count| Pipelined| (cycles)|  (ns)  | Slack| BRAM |    DSP   |      FF     |     LUT    | URAM|
+-------------------------+------+---------------+----------+---------+------+----------+---------+--------+------+------+----------+-------------+------------+-----+
|+ local_metropolis_step  |     -|              -|         -|       26|     -|        no|       25|  83.325|  0.01|     -|  13 (~0%)|  14337 (~0%)|  6057 (~0%)|    -|
| + local_delta_energy    |     -|              -|         -|       13|     -|        no|       13|  43.329|  0.01|     -|   6 (~0%)|   1817 (~0%)|  5088 (~0%)|    -|
+-------------------------+------+---------------+----------+---------+------+----------+---------+--------+------+------+----------+-------------+------------+-----+
    Name Prefix: '+' for module, 'o' for loop, '*' for dataflow


================================================================
== HW Interfaces
================================================================
* Other Ports
+--------------+---------+-----------+----------+
| Port         | Mode    | Direction | Bitwidth |
+--------------+---------+-----------+----------+
| J_0_0        | ap_none | in        | 40       |
| J_0_1        | ap_none | in        | 40       |
| J_0_10       | ap_none | in        | 40       |
| J_0_11       | ap_none | in        | 40       |
| J_0_12       | ap_none | in        | 40       |
| J_0_13       | ap_none | in        | 40       |
| J_0_14       | ap_none | in        | 40       |
| J_0_15       | ap_none | in        | 40       |
| J_0_16       | ap_none | in        | 40       |
| J_0_2        | ap_none | in        | 40       |
| J_0_3        | ap_none | in        | 40       |
| J_0_4        | ap_none | in        | 40       |
| J_0_5        | ap_none | in        | 40       |
| J_0_6        | ap_none | in        | 40       |
| J_0_7        | ap_none | in        | 40       |
| J_0_8        | ap_none | in        | 40       |
| J_0_9        | ap_none | in        | 40       |
| J_10_0       | ap_none | in        | 40       |
| J_10_1       | ap_none | in        | 40       |
| J_10_10      | ap_none | in        | 40       |
| J_10_11      | ap_none | in        | 40       |
| J_10_12      | ap_none | in        | 40       |
| J_10_13      | ap_none | in        | 40       |
| J_10_14      | ap_none | in        | 40       |
| J_10_15      | ap_none | in        | 40       |
| J_10_16      | ap_none | in        | 40       |
| J_10_2       | ap_none | in        | 40       |
| J_10_3       | ap_none | in        | 40       |
| J_10_4       | ap_none | in        | 40       |
| J_10_5       | ap_none | in        | 40       |
| J_10_6       | ap_none | in        | 40       |
| J_10_7       | ap_none | in        | 40       |
| J_10_8       | ap_none | in        | 40       |
| J_10_9       | ap_none | in        | 40       |
| J_11_0       | ap_none | in        | 40       |
| J_11_1       | ap_none | in        | 40       |
| J_11_10      | ap_none | in        | 40       |
| J_11_11      | ap_none | in        | 40       |
| J_11_12      | ap_none | in        | 40       |
| J_11_13      | ap_none | in        | 40       |
| J_11_14      | ap_none | in        | 40       |
| J_11_15      | ap_none | in        | 40       |
| J_11_16      | ap_none | in        | 40       |
| J_11_2       | ap_none | in        | 40       |
| J_11_3       | ap_none | in        | 40       |
| J_11_4       | ap_none | in        | 40       |
| J_11_5       | ap_none | in        | 40       |
| J_11_6       | ap_none | in        | 40       |
| J_11_7       | ap_none | in        | 40       |
| J_11_8       | ap_none | in        | 40       |
| J_11_9       | ap_none | in        | 40       |
| J_12_0       | ap_none | in        | 40       |
| J_12_1       | ap_none | in        | 40       |
| J_12_10      | ap_none | in        | 40       |
| J_12_11      | ap_none | in        | 40       |
| J_12_12      | ap_none | in        | 40       |
| J_12_13      | ap_none | in        | 40       |
| J_12_14      | ap_none | in        | 40       |
| J_12_15      | ap_none | in        | 40       |
| J_12_16      | ap_none | in        | 40       |
| J_12_2       | ap_none | in        | 40       |
| J_12_3       | ap_none | in        | 40       |
| J_12_4       | ap_none | in        | 40       |
| J_12_5       | ap_none | in        | 40       |
| J_12_6       | ap_none | in        | 40       |
| J_12_7       | ap_none | in        | 40       |
| J_12_8       | ap_none | in        | 40       |
| J_12_9       | ap_none | in        | 40       |
| J_13_0       | ap_none | in        | 40       |
| J_13_1       | ap_none | in        | 40       |
| J_13_10      | ap_none | in        | 40       |
| J_13_11      | ap_none | in        | 40       |
| J_13_12      | ap_none | in        | 40       |
| J_13_13      | ap_none | in        | 40       |
| J_13_14      | ap_none | in        | 40       |
| J_13_15      | ap_none | in        | 40       |
| J_13_16      | ap_none | in        | 40       |
| J_13_2       | ap_none | in        | 40       |
| J_13_3       | ap_none | in        | 40       |
| J_13_4       | ap_none | in        | 40       |
| J_13_5       | ap_none | in        | 40       |
| J_13_6       | ap_none | in        | 40       |
| J_13_7       | ap_none | in        | 40       |
| J_13_8       | ap_none | in        | 40       |
| J_13_9       | ap_none | in        | 40       |
| J_14_0       | ap_none | in        | 40       |
| J_14_1       | ap_none | in        | 40       |
| J_14_10      | ap_none | in        | 40       |
| J_14_11      | ap_none | in        | 40       |
| J_14_12      | ap_none | in        | 40       |
| J_14_13      | ap_none | in        | 40       |
| J_14_14      | ap_none | in        | 40       |
| J_14_15      | ap_none | in        | 40       |
| J_14_16      | ap_none | in        | 40       |
| J_14_2       | ap_none | in        | 40       |
| J_14_3       | ap_none | in        | 40       |
| J_14_4       | ap_none | in        | 40       |
| J_14_5       | ap_none | in        | 40       |
| J_14_6       | ap_none | in        | 40       |
| J_14_7       | ap_none | in        | 40       |
| J_14_8       | ap_none | in        | 40       |
| J_14_9       | ap_none | in        | 40       |
| J_15_0       | ap_none | in        | 40       |
| J_15_1       | ap_none | in        | 40       |
| J_15_10      | ap_none | in        | 40       |
| J_15_11      | ap_none | in        | 40       |
| J_15_12      | ap_none | in        | 40       |
| J_15_13      | ap_none | in        | 40       |
| J_15_14      | ap_none | in        | 40       |
| J_15_15      | ap_none | in        | 40       |
| J_15_16      | ap_none | in        | 40       |
| J_15_2       | ap_none | in        | 40       |
| J_15_3       | ap_none | in        | 40       |
| J_15_4       | ap_none | in        | 40       |
| J_15_5       | ap_none | in        | 40       |
| J_15_6       | ap_none | in        | 40       |
| J_15_7       | ap_none | in        | 40       |
| J_15_8       | ap_none | in        | 40       |
| J_15_9       | ap_none | in        | 40       |
| J_16_0       | ap_none | in        | 40       |
| J_16_1       | ap_none | in        | 40       |
| J_16_10      | ap_none | in        | 40       |
| J_16_11      | ap_none | in        | 40       |
| J_16_12      | ap_none | in        | 40       |
| J_16_13      | ap_none | in        | 40       |
| J_16_14      | ap_none | in        | 40       |
| J_16_15      | ap_none | in        | 40       |
| J_16_16      | ap_none | in        | 40       |
| J_16_2       | ap_none | in        | 40       |
| J_16_3       | ap_none | in        | 40       |
| J_16_4       | ap_none | in        | 40       |
| J_16_5       | ap_none | in        | 40       |
| J_16_6       | ap_none | in        | 40       |
| J_16_7       | ap_none | in        | 40       |
| J_16_8       | ap_none | in        | 40       |
| J_16_9       | ap_none | in        | 40       |
| J_1_0        | ap_none | in        | 40       |
| J_1_1        | ap_none | in        | 40       |
| J_1_10       | ap_none | in        | 40       |
| J_1_11       | ap_none | in        | 40       |
| J_1_12       | ap_none | in        | 40       |
| J_1_13       | ap_none | in        | 40       |
| J_1_14       | ap_none | in        | 40       |
| J_1_15       | ap_none | in        | 40       |
| J_1_16       | ap_none | in        | 40       |
| J_1_2        | ap_none | in        | 40       |
| J_1_3        | ap_none | in        | 40       |
| J_1_4        | ap_none | in        | 40       |
| J_1_5        | ap_none | in        | 40       |
| J_1_6        | ap_none | in        | 40       |
| J_1_7        | ap_none | in        | 40       |
| J_1_8        | ap_none | in        | 40       |
| J_1_9        | ap_none | in        | 40       |
| J_2_0        | ap_none | in        | 40       |
| J_2_1        | ap_none | in        | 40       |
| J_2_10       | ap_none | in        | 40       |
| J_2_11       | ap_none | in        | 40       |
| J_2_12       | ap_none | in        | 40       |
| J_2_13       | ap_none | in        | 40       |
| J_2_14       | ap_none | in        | 40       |
| J_2_15       | ap_none | in        | 40       |
| J_2_16       | ap_none | in        | 40       |
| J_2_2        | ap_none | in        | 40       |
| J_2_3        | ap_none | in        | 40       |
| J_2_4        | ap_none | in        | 40       |
| J_2_5        | ap_none | in        | 40       |
| J_2_6        | ap_none | in        | 40       |
| J_2_7        | ap_none | in        | 40       |
| J_2_8        | ap_none | in        | 40       |
| J_2_9        | ap_none | in        | 40       |
| J_3_0        | ap_none | in        | 40       |
| J_3_1        | ap_none | in        | 40       |
| J_3_10       | ap_none | in        | 40       |
| J_3_11       | ap_none | in        | 40       |
| J_3_12       | ap_none | in        | 40       |
| J_3_13       | ap_none | in        | 40       |
| J_3_14       | ap_none | in        | 40       |
| J_3_15       | ap_none | in        | 40       |
| J_3_16       | ap_none | in        | 40       |
| J_3_2        | ap_none | in        | 40       |
| J_3_3        | ap_none | in        | 40       |
| J_3_4        | ap_none | in        | 40       |
| J_3_5        | ap_none | in        | 40       |
| J_3_6        | ap_none | in        | 40       |
| J_3_7        | ap_none | in        | 40       |
| J_3_8        | ap_none | in        | 40       |
| J_3_9        | ap_none | in        | 40       |
| J_4_0        | ap_none | in        | 40       |
| J_4_1        | ap_none | in        | 40       |
| J_4_10       | ap_none | in        | 40       |
| J_4_11       | ap_none | in        | 40       |
| J_4_12       | ap_none | in        | 40       |
| J_4_13       | ap_none | in        | 40       |
| J_4_14       | ap_none | in        | 40       |
| J_4_15       | ap_none | in        | 40       |
| J_4_16       | ap_none | in        | 40       |
| J_4_2        | ap_none | in        | 40       |
| J_4_3        | ap_none | in        | 40       |
| J_4_4        | ap_none | in        | 40       |
| J_4_5        | ap_none | in        | 40       |
| J_4_6        | ap_none | in        | 40       |
| J_4_7        | ap_none | in        | 40       |
| J_4_8        | ap_none | in        | 40       |
| J_4_9        | ap_none | in        | 40       |
| J_5_0        | ap_none | in        | 40       |
| J_5_1        | ap_none | in        | 40       |
| J_5_10       | ap_none | in        | 40       |
| J_5_11       | ap_none | in        | 40       |
| J_5_12       | ap_none | in        | 40       |
| J_5_13       | ap_none | in        | 40       |
| J_5_14       | ap_none | in        | 40       |
| J_5_15       | ap_none | in        | 40       |
| J_5_16       | ap_none | in        | 40       |
| J_5_2        | ap_none | in        | 40       |
| J_5_3        | ap_none | in        | 40       |
| J_5_4        | ap_none | in        | 40       |
| J_5_5        | ap_none | in        | 40       |
| J_5_6        | ap_none | in        | 40       |
| J_5_7        | ap_none | in        | 40       |
| J_5_8        | ap_none | in        | 40       |
| J_5_9        | ap_none | in        | 40       |
| J_6_0        | ap_none | in        | 40       |
| J_6_1        | ap_none | in        | 40       |
| J_6_10       | ap_none | in        | 40       |
| J_6_11       | ap_none | in        | 40       |
| J_6_12       | ap_none | in        | 40       |
| J_6_13       | ap_none | in        | 40       |
| J_6_14       | ap_none | in        | 40       |
| J_6_15       | ap_none | in        | 40       |
| J_6_16       | ap_none | in        | 40       |
| J_6_2        | ap_none | in        | 40       |
| J_6_3        | ap_none | in        | 40       |
| J_6_4        | ap_none | in        | 40       |
| J_6_5        | ap_none | in        | 40       |
| J_6_6        | ap_none | in        | 40       |
| J_6_7        | ap_none | in        | 40       |
| J_6_8        | ap_none | in        | 40       |
| J_6_9        | ap_none | in        | 40       |
| J_7_0        | ap_none | in        | 40       |
| J_7_1        | ap_none | in        | 40       |
| J_7_10       | ap_none | in        | 40       |
| J_7_11       | ap_none | in        | 40       |
| J_7_12       | ap_none | in        | 40       |
| J_7_13       | ap_none | in        | 40       |
| J_7_14       | ap_none | in        | 40       |
| J_7_15       | ap_none | in        | 40       |
| J_7_16       | ap_none | in        | 40       |
| J_7_2        | ap_none | in        | 40       |
| J_7_3        | ap_none | in        | 40       |
| J_7_4        | ap_none | in        | 40       |
| J_7_5        | ap_none | in        | 40       |
| J_7_6        | ap_none | in        | 40       |
| J_7_7        | ap_none | in        | 40       |
| J_7_8        | ap_none | in        | 40       |
| J_7_9        | ap_none | in        | 40       |
| J_8_0        | ap_none | in        | 40       |
| J_8_1        | ap_none | in        | 40       |
| J_8_10       | ap_none | in        | 40       |
| J_8_11       | ap_none | in        | 40       |
| J_8_12       | ap_none | in        | 40       |
| J_8_13       | ap_none | in        | 40       |
| J_8_14       | ap_none | in        | 40       |
| J_8_15       | ap_none | in        | 40       |
| J_8_16       | ap_none | in        | 40       |
| J_8_2        | ap_none | in        | 40       |
| J_8_3        | ap_none | in        | 40       |
| J_8_4        | ap_none | in        | 40       |
| J_8_5        | ap_none | in        | 40       |
| J_8_6        | ap_none | in        | 40       |
| J_8_7        | ap_none | in        | 40       |
| J_8_8        | ap_none | in        | 40       |
| J_8_9        | ap_none | in        | 40       |
| J_9_0        | ap_none | in        | 40       |
| J_9_1        | ap_none | in        | 40       |
| J_9_10       | ap_none | in        | 40       |
| J_9_11       | ap_none | in        | 40       |
| J_9_12       | ap_none | in        | 40       |
| J_9_13       | ap_none | in        | 40       |
| J_9_14       | ap_none | in        | 40       |
| J_9_15       | ap_none | in        | 40       |
| J_9_16       | ap_none | in        | 40       |
| J_9_2        | ap_none | in        | 40       |
| J_9_3        | ap_none | in        | 40       |
| J_9_4        | ap_none | in        | 40       |
| J_9_5        | ap_none | in        | 40       |
| J_9_6        | ap_none | in        | 40       |
| J_9_7        | ap_none | in        | 40       |
| J_9_8        | ap_none | in        | 40       |
| J_9_9        | ap_none | in        | 40       |
| accepted     | ap_vld  | out       | 1        |
| beta         | ap_none | in        | 40       |
| delta_energy | ap_vld  | out       | 40       |
| h_0          | ap_none | in        | 40       |
| h_1          | ap_none | in        | 40       |
| h_10         | ap_none | in        | 40       |
| h_11         | ap_none | in        | 40       |
| h_12         | ap_none | in        | 40       |
| h_13         | ap_none | in        | 40       |
| h_14         | ap_none | in        | 40       |
| h_15         | ap_none | in        | 40       |
| h_16         | ap_none | in        | 40       |
| h_2          | ap_none | in        | 40       |
| h_3          | ap_none | in        | 40       |
| h_4          | ap_none | in        | 40       |
| h_5          | ap_none | in        | 40       |
| h_6          | ap_none | in        | 40       |
| h_7          | ap_none | in        | 40       |
| h_8          | ap_none | in        | 40       |
| h_9          | ap_none | in        | 40       |
| i            | ap_none | in        | 32       |
| new_energy   | ap_vld  | out       | 40       |
| old_energy   | ap_none | in        | 40       |
| s_0          | ap_none | in        | 1        |
| s_1          | ap_none | in        | 1        |
| s_10         | ap_none | in        | 1        |
| s_11         | ap_none | in        | 1        |
| s_12         | ap_none | in        | 1        |
| s_13         | ap_none | in        | 1        |
| s_14         | ap_none | in        | 1        |
| s_15         | ap_none | in        | 1        |
| s_16         | ap_none | in        | 1        |
| s_2          | ap_none | in        | 1        |
| s_3          | ap_none | in        | 1        |
| s_4          | ap_none | in        | 1        |
| s_5          | ap_none | in        | 1        |
| s_6          | ap_none | in        | 1        |
| s_7          | ap_none | in        | 1        |
| s_8          | ap_none | in        | 1        |
| s_9          | ap_none | in        | 1        |
| u            | ap_none | in        | 40       |
+--------------+---------+-----------+----------+

* TOP LEVEL CONTROL
+-----------+------------+-----------------------------------+
| Interface | Type       | Ports                             |
+-----------+------------+-----------------------------------+
| ap_clk    | clock      | ap_clk                            |
| ap_rst    | reset      | ap_rst                            |
| ap_ctrl   | ap_ctrl_hs | ap_done ap_idle ap_ready ap_start |
+-----------+------------+-----------------------------------+


================================================================
== SW I/O Information
================================================================
* Top Function Arguments
+--------------+-----------+---------------------------------------------------------+
| Argument     | Direction | Datatype                                                |
+--------------+-----------+---------------------------------------------------------+
| J            | in        | ap_fixed<40, 16, (ap_q_mode)5, (ap_o_mode)3, 0> const * |
| h            | in        | ap_fixed<40, 16, (ap_q_mode)5, (ap_o_mode)3, 0> const * |
| s            | in        | bool const *                                            |
| i            | in        | int                                                     |
| old_energy   | in        | ap_fixed<40, 16, (ap_q_mode)5, (ap_o_mode)3, 0>         |
| beta         | in        | ap_fixed<40, 16, (ap_q_mode)5, (ap_o_mode)3, 0>         |
| u            | in        | ap_ufixed<40, 1, (ap_q_mode)5, (ap_o_mode)3, 0>         |
| accepted     | out       | bool*                                                   |
| delta_energy | out       | ap_fixed<40, 16, (ap_q_mode)5, (ap_o_mode)3, 0>*        |
| new_energy   | out       | ap_fixed<40, 16, (ap_q_mode)5, (ap_o_mode)3, 0>*        |
+--------------+-----------+---------------------------------------------------------+

* SW-to-HW Mapping
+--------------+---------------------+---------+
| Argument     | HW Interface        | HW Type |
+--------------+---------------------+---------+
| J            | J_0_0               | port    |
| J            | J_0_1               | port    |
| J            | J_0_2               | port    |
| J            | J_0_3               | port    |
| J            | J_0_4               | port    |
| J            | J_0_5               | port    |
| J            | J_0_6               | port    |
| J            | J_0_7               | port    |
| J            | J_0_8               | port    |
| J            | J_0_9               | port    |
| J            | J_0_10              | port    |
| J            | J_0_11              | port    |
| J            | J_0_12              | port    |
| J            | J_0_13              | port    |
| J            | J_0_14              | port    |
| J            | J_0_15              | port    |
| J            | J_0_16              | port    |
| J            | J_1_0               | port    |
| J            | J_1_1               | port    |
| J            | J_1_2               | port    |
| J            | J_1_3               | port    |
| J            | J_1_4               | port    |
| J            | J_1_5               | port    |
| J            | J_1_6               | port    |
| J            | J_1_7               | port    |
| J            | J_1_8               | port    |
| J            | J_1_9               | port    |
| J            | J_1_10              | port    |
| J            | J_1_11              | port    |
| J            | J_1_12              | port    |
| J            | J_1_13              | port    |
| J            | J_1_14              | port    |
| J            | J_1_15              | port    |
| J            | J_1_16              | port    |
| J            | J_2_0               | port    |
| J            | J_2_1               | port    |
| J            | J_2_2               | port    |
| J            | J_2_3               | port    |
| J            | J_2_4               | port    |
| J            | J_2_5               | port    |
| J            | J_2_6               | port    |
| J            | J_2_7               | port    |
| J            | J_2_8               | port    |
| J            | J_2_9               | port    |
| J            | J_2_10              | port    |
| J            | J_2_11              | port    |
| J            | J_2_12              | port    |
| J            | J_2_13              | port    |
| J            | J_2_14              | port    |
| J            | J_2_15              | port    |
| J            | J_2_16              | port    |
| J            | J_3_0               | port    |
| J            | J_3_1               | port    |
| J            | J_3_2               | port    |
| J            | J_3_3               | port    |
| J            | J_3_4               | port    |
| J            | J_3_5               | port    |
| J            | J_3_6               | port    |
| J            | J_3_7               | port    |
| J            | J_3_8               | port    |
| J            | J_3_9               | port    |
| J            | J_3_10              | port    |
| J            | J_3_11              | port    |
| J            | J_3_12              | port    |
| J            | J_3_13              | port    |
| J            | J_3_14              | port    |
| J            | J_3_15              | port    |
| J            | J_3_16              | port    |
| J            | J_4_0               | port    |
| J            | J_4_1               | port    |
| J            | J_4_2               | port    |
| J            | J_4_3               | port    |
| J            | J_4_4               | port    |
| J            | J_4_5               | port    |
| J            | J_4_6               | port    |
| J            | J_4_7               | port    |
| J            | J_4_8               | port    |
| J            | J_4_9               | port    |
| J            | J_4_10              | port    |
| J            | J_4_11              | port    |
| J            | J_4_12              | port    |
| J            | J_4_13              | port    |
| J            | J_4_14              | port    |
| J            | J_4_15              | port    |
| J            | J_4_16              | port    |
| J            | J_5_0               | port    |
| J            | J_5_1               | port    |
| J            | J_5_2               | port    |
| J            | J_5_3               | port    |
| J            | J_5_4               | port    |
| J            | J_5_5               | port    |
| J            | J_5_6               | port    |
| J            | J_5_7               | port    |
| J            | J_5_8               | port    |
| J            | J_5_9               | port    |
| J            | J_5_10              | port    |
| J            | J_5_11              | port    |
| J            | J_5_12              | port    |
| J            | J_5_13              | port    |
| J            | J_5_14              | port    |
| J            | J_5_15              | port    |
| J            | J_5_16              | port    |
| J            | J_6_0               | port    |
| J            | J_6_1               | port    |
| J            | J_6_2               | port    |
| J            | J_6_3               | port    |
| J            | J_6_4               | port    |
| J            | J_6_5               | port    |
| J            | J_6_6               | port    |
| J            | J_6_7               | port    |
| J            | J_6_8               | port    |
| J            | J_6_9               | port    |
| J            | J_6_10              | port    |
| J            | J_6_11              | port    |
| J            | J_6_12              | port    |
| J            | J_6_13              | port    |
| J            | J_6_14              | port    |
| J            | J_6_15              | port    |
| J            | J_6_16              | port    |
| J            | J_7_0               | port    |
| J            | J_7_1               | port    |
| J            | J_7_2               | port    |
| J            | J_7_3               | port    |
| J            | J_7_4               | port    |
| J            | J_7_5               | port    |
| J            | J_7_6               | port    |
| J            | J_7_7               | port    |
| J            | J_7_8               | port    |
| J            | J_7_9               | port    |
| J            | J_7_10              | port    |
| J            | J_7_11              | port    |
| J            | J_7_12              | port    |
| J            | J_7_13              | port    |
| J            | J_7_14              | port    |
| J            | J_7_15              | port    |
| J            | J_7_16              | port    |
| J            | J_8_0               | port    |
| J            | J_8_1               | port    |
| J            | J_8_2               | port    |
| J            | J_8_3               | port    |
| J            | J_8_4               | port    |
| J            | J_8_5               | port    |
| J            | J_8_6               | port    |
| J            | J_8_7               | port    |
| J            | J_8_8               | port    |
| J            | J_8_9               | port    |
| J            | J_8_10              | port    |
| J            | J_8_11              | port    |
| J            | J_8_12              | port    |
| J            | J_8_13              | port    |
| J            | J_8_14              | port    |
| J            | J_8_15              | port    |
| J            | J_8_16              | port    |
| J            | J_9_0               | port    |
| J            | J_9_1               | port    |
| J            | J_9_2               | port    |
| J            | J_9_3               | port    |
| J            | J_9_4               | port    |
| J            | J_9_5               | port    |
| J            | J_9_6               | port    |
| J            | J_9_7               | port    |
| J            | J_9_8               | port    |
| J            | J_9_9               | port    |
| J            | J_9_10              | port    |
| J            | J_9_11              | port    |
| J            | J_9_12              | port    |
| J            | J_9_13              | port    |
| J            | J_9_14              | port    |
| J            | J_9_15              | port    |
| J            | J_9_16              | port    |
| J            | J_10_0              | port    |
| J            | J_10_1              | port    |
| J            | J_10_2              | port    |
| J            | J_10_3              | port    |
| J            | J_10_4              | port    |
| J            | J_10_5              | port    |
| J            | J_10_6              | port    |
| J            | J_10_7              | port    |
| J            | J_10_8              | port    |
| J            | J_10_9              | port    |
| J            | J_10_10             | port    |
| J            | J_10_11             | port    |
| J            | J_10_12             | port    |
| J            | J_10_13             | port    |
| J            | J_10_14             | port    |
| J            | J_10_15             | port    |
| J            | J_10_16             | port    |
| J            | J_11_0              | port    |
| J            | J_11_1              | port    |
| J            | J_11_2              | port    |
| J            | J_11_3              | port    |
| J            | J_11_4              | port    |
| J            | J_11_5              | port    |
| J            | J_11_6              | port    |
| J            | J_11_7              | port    |
| J            | J_11_8              | port    |
| J            | J_11_9              | port    |
| J            | J_11_10             | port    |
| J            | J_11_11             | port    |
| J            | J_11_12             | port    |
| J            | J_11_13             | port    |
| J            | J_11_14             | port    |
| J            | J_11_15             | port    |
| J            | J_11_16             | port    |
| J            | J_12_0              | port    |
| J            | J_12_1              | port    |
| J            | J_12_2              | port    |
| J            | J_12_3              | port    |
| J            | J_12_4              | port    |
| J            | J_12_5              | port    |
| J            | J_12_6              | port    |
| J            | J_12_7              | port    |
| J            | J_12_8              | port    |
| J            | J_12_9              | port    |
| J            | J_12_10             | port    |
| J            | J_12_11             | port    |
| J            | J_12_12             | port    |
| J            | J_12_13             | port    |
| J            | J_12_14             | port    |
| J            | J_12_15             | port    |
| J            | J_12_16             | port    |
| J            | J_13_0              | port    |
| J            | J_13_1              | port    |
| J            | J_13_2              | port    |
| J            | J_13_3              | port    |
| J            | J_13_4              | port    |
| J            | J_13_5              | port    |
| J            | J_13_6              | port    |
| J            | J_13_7              | port    |
| J            | J_13_8              | port    |
| J            | J_13_9              | port    |
| J            | J_13_10             | port    |
| J            | J_13_11             | port    |
| J            | J_13_12             | port    |
| J            | J_13_13             | port    |
| J            | J_13_14             | port    |
| J            | J_13_15             | port    |
| J            | J_13_16             | port    |
| J            | J_14_0              | port    |
| J            | J_14_1              | port    |
| J            | J_14_2              | port    |
| J            | J_14_3              | port    |
| J            | J_14_4              | port    |
| J            | J_14_5              | port    |
| J            | J_14_6              | port    |
| J            | J_14_7              | port    |
| J            | J_14_8              | port    |
| J            | J_14_9              | port    |
| J            | J_14_10             | port    |
| J            | J_14_11             | port    |
| J            | J_14_12             | port    |
| J            | J_14_13             | port    |
| J            | J_14_14             | port    |
| J            | J_14_15             | port    |
| J            | J_14_16             | port    |
| J            | J_15_0              | port    |
| J            | J_15_1              | port    |
| J            | J_15_2              | port    |
| J            | J_15_3              | port    |
| J            | J_15_4              | port    |
| J            | J_15_5              | port    |
| J            | J_15_6              | port    |
| J            | J_15_7              | port    |
| J            | J_15_8              | port    |
| J            | J_15_9              | port    |
| J            | J_15_10             | port    |
| J            | J_15_11             | port    |
| J            | J_15_12             | port    |
| J            | J_15_13             | port    |
| J            | J_15_14             | port    |
| J            | J_15_15             | port    |
| J            | J_15_16             | port    |
| J            | J_16_0              | port    |
| J            | J_16_1              | port    |
| J            | J_16_2              | port    |
| J            | J_16_3              | port    |
| J            | J_16_4              | port    |
| J            | J_16_5              | port    |
| J            | J_16_6              | port    |
| J            | J_16_7              | port    |
| J            | J_16_8              | port    |
| J            | J_16_9              | port    |
| J            | J_16_10             | port    |
| J            | J_16_11             | port    |
| J            | J_16_12             | port    |
| J            | J_16_13             | port    |
| J            | J_16_14             | port    |
| J            | J_16_15             | port    |
| J            | J_16_16             | port    |
| h            | h_0                 | port    |
| h            | h_1                 | port    |
| h            | h_2                 | port    |
| h            | h_3                 | port    |
| h            | h_4                 | port    |
| h            | h_5                 | port    |
| h            | h_6                 | port    |
| h            | h_7                 | port    |
| h            | h_8                 | port    |
| h            | h_9                 | port    |
| h            | h_10                | port    |
| h            | h_11                | port    |
| h            | h_12                | port    |
| h            | h_13                | port    |
| h            | h_14                | port    |
| h            | h_15                | port    |
| h            | h_16                | port    |
| s            | s_0                 | port    |
| s            | s_1                 | port    |
| s            | s_2                 | port    |
| s            | s_3                 | port    |
| s            | s_4                 | port    |
| s            | s_5                 | port    |
| s            | s_6                 | port    |
| s            | s_7                 | port    |
| s            | s_8                 | port    |
| s            | s_9                 | port    |
| s            | s_10                | port    |
| s            | s_11                | port    |
| s            | s_12                | port    |
| s            | s_13                | port    |
| s            | s_14                | port    |
| s            | s_15                | port    |
| s            | s_16                | port    |
| i            | i                   | port    |
| old_energy   | old_energy          | port    |
| beta         | beta                | port    |
| u            | u                   | port    |
| accepted     | accepted            | port    |
| accepted     | accepted_ap_vld     | port    |
| delta_energy | delta_energy        | port    |
| delta_energy | delta_energy_ap_vld | port    |
| new_energy   | new_energy          | port    |
| new_energy   | new_energy_ap_vld   | port    |
+--------------+---------------------+---------+


================================================================
== Bind Op Report
================================================================
+------------------------------+-----+--------+---------------+-----------+--------------------------+---------+
| Name                         | DSP | Pragma | Variable      | Op        | Impl                     | Latency |
+------------------------------+-----+--------+---------------+-----------+--------------------------+---------+
| + local_metropolis_step      | 13  |        |               |           |                          |         |
|   icmp_ln116_fu_3333_p2      |     |        | icmp_ln116    | setlt     | auto                     | 0       |
|   mul_40ns_40s_64_2_1_U334   | 5   |        | mul_ln120     | mul       | auto                     | 1       |
|   icmp_ln59_fu_3385_p2       |     |        | icmp_ln59     | setlt     | auto                     | 0       |
|   sub_ln75_fu_3397_p2        |     |        | sub_ln75      | sub       | fabric                   | 0       |
|   sub_ln75_1_fu_3418_p2      |     |        | sub_ln75_1    | sub       | fabric                   | 0       |
|   select_ln75_fu_3430_p3     |     |        | select_ln75   | select    | auto_sel                 | 0       |
|   sub_ln84_fu_3471_p2        |     |        | sub_ln84      | sub       | fabric                   | 0       |
|   add_ln87_fu_3481_p2        |     |        | add_ln87      | add       | fabric                   | 0       |
|   sub_ln89_fu_3517_p2        |     |        | sub_ln89      | sub       | fabric                   | 0       |
|   mul_26s_36s_60_2_1_U333    | 2   |        | mul_ln89      | mul       | auto                     | 1       |
|   add_ln89_fu_3553_p2        |     |        | add_ln89      | add       | fabric                   | 0       |
|   icmp_ln95_fu_3579_p2       |     |        | icmp_ln95     | setgt     | auto                     | 0       |
|   p_fu_3637_p4               |     |        | select_ln95   | select    | auto_sel                 | 0       |
|   xor_ln59_fu_3615_p2        |     |        | xor_ln59      | xor       | auto                     | 0       |
|   icmp_ln63_fu_3413_p2       |     |        | icmp_ln63     | setlt     | auto                     | 0       |
|   icmp_ln91_fu_3585_p2       |     |        | icmp_ln91     | setgt     | auto                     | 0       |
|   and_ln91_fu_3620_p2        |     |        | and_ln91      | and       | auto                     | 0       |
|   and_ln91_1_fu_3625_p2      |     |        | and_ln91_1    | and       | auto                     | 0       |
|   sparsemux_7_2_40_1_1_U335  |     |        | p             | sparsemux | onehotencoding_realdef   | 0       |
|   icmp_ln123_fu_3657_p2      |     |        | icmp_ln123    | setlt     | auto                     | 0       |
|   xor_ln123_fu_3662_p2       |     |        | xor_ln123     | xor       | auto                     | 0       |
|   add_ln240_fu_3669_p2       |     |        | add_ln240     | add       | fabric                   | 0       |
|  + local_delta_energy        | 6   |        |               |           |                          |         |
|    sparsemux_35_5_40_1_1_U2  |     |        | field         | sparsemux | compactencoding_dontcare | 0       |
|    icmp_ln147_fu_2637_p2     |     |        | icmp_ln147    | seteq     | auto                     | 0       |
|    sparsemux_33_5_40_1_1_U3  |     |        | a             | sparsemux | compactencoding_dontcare | 0       |
|    sub_ln42_fu_2715_p2       |     |        | sub_ln42      | sub       | fabric                   | 0       |
|    term_fu_2721_p3           |     |        | term          | select    | auto_sel                 | 0       |
|    field_2_fu_2729_p2        |     |        | field_2       | add       | fabric                   | 0       |
|    field_1_fu_2909_p3        |     |        | field_1       | select    | auto_sel                 | 0       |
|    icmp_ln147_1_fu_2735_p2   |     |        | icmp_ln147_1  | seteq     | auto                     | 0       |
|    sparsemux_33_5_40_1_1_U4  |     |        | a_1           | sparsemux | compactencoding_dontcare | 0       |
|    sub_ln42_1_fu_2813_p2     |     |        | sub_ln42_1    | sub       | fabric                   | 0       |
|    term_1_fu_2914_p3         |     |        | term_1        | select    | auto_sel                 | 0       |
|    field_3_fu_2920_p2        |     |        | field_3       | add       | fabric                   | 0       |
|    field_4_fu_2926_p3        |     |        | field_4       | select    | auto_sel                 | 0       |
|    icmp_ln147_2_fu_2819_p2   |     |        | icmp_ln147_2  | seteq     | auto                     | 0       |
|    sparsemux_33_5_40_1_1_U5  |     |        | a_2           | sparsemux | compactencoding_dontcare | 0       |
|    sub_ln42_2_fu_3004_p2     |     |        | sub_ln42_2    | sub       | fabric                   | 0       |
|    term_2_fu_3010_p3         |     |        | term_2        | select    | auto_sel                 | 0       |
|    field_5_fu_3018_p2        |     |        | field_5       | add       | fabric                   | 0       |
|    field_6_fu_3101_p3        |     |        | field_6       | select    | auto_sel                 | 0       |
|    icmp_ln147_3_fu_2825_p2   |     |        | icmp_ln147_3  | seteq     | auto                     | 0       |
|    sparsemux_33_5_40_1_1_U6  |     |        | a_3           | sparsemux | compactencoding_dontcare | 0       |
|    sub_ln42_3_fu_3095_p2     |     |        | sub_ln42_3    | sub       | fabric                   | 0       |
|    term_3_fu_3106_p3         |     |        | term_3        | select    | auto_sel                 | 0       |
|    field_7_fu_3112_p2        |     |        | field_7       | add       | fabric                   | 0       |
|    field_8_fu_3118_p3        |     |        | field_8       | select    | auto_sel                 | 0       |
|    icmp_ln147_4_fu_2831_p2   |     |        | icmp_ln147_4  | seteq     | auto                     | 0       |
|    sparsemux_33_5_40_1_1_U7  |     |        | a_4           | sparsemux | compactencoding_dontcare | 0       |
|    sub_ln42_4_fu_3196_p2     |     |        | sub_ln42_4    | sub       | fabric                   | 0       |
|    term_4_fu_3202_p3         |     |        | term_4        | select    | auto_sel                 | 0       |
|    field_9_fu_3210_p2        |     |        | field_9       | add       | fabric                   | 0       |
|    field_10_fu_3293_p3       |     |        | field_10      | select    | auto_sel                 | 0       |
|    icmp_ln147_5_fu_2837_p2   |     |        | icmp_ln147_5  | seteq     | auto                     | 0       |
|    sparsemux_33_5_40_1_1_U8  |     |        | a_5           | sparsemux | compactencoding_dontcare | 0       |
|    sub_ln42_5_fu_3287_p2     |     |        | sub_ln42_5    | sub       | fabric                   | 0       |
|    term_5_fu_3298_p3         |     |        | term_5        | select    | auto_sel                 | 0       |
|    field_11_fu_3304_p2       |     |        | field_11      | add       | fabric                   | 0       |
|    field_12_fu_3310_p3       |     |        | field_12      | select    | auto_sel                 | 0       |
|    icmp_ln147_6_fu_2843_p2   |     |        | icmp_ln147_6  | seteq     | auto                     | 0       |
|    sparsemux_33_5_40_1_1_U9  |     |        | a_6           | sparsemux | compactencoding_dontcare | 0       |
|    sub_ln42_6_fu_3388_p2     |     |        | sub_ln42_6    | sub       | fabric                   | 0       |
|    term_6_fu_3394_p3         |     |        | term_6        | select    | auto_sel                 | 0       |
|    field_13_fu_3402_p2       |     |        | field_13      | add       | fabric                   | 0       |
|    field_14_fu_3485_p3       |     |        | field_14      | select    | auto_sel                 | 0       |
|    icmp_ln147_7_fu_2849_p2   |     |        | icmp_ln147_7  | seteq     | auto                     | 0       |
|    sparsemux_33_5_40_1_1_U10 |     |        | a_7           | sparsemux | compactencoding_dontcare | 0       |
|    sub_ln42_7_fu_3479_p2     |     |        | sub_ln42_7    | sub       | fabric                   | 0       |
|    term_7_fu_3490_p3         |     |        | term_7        | select    | auto_sel                 | 0       |
|    field_15_fu_3496_p2       |     |        | field_15      | add       | fabric                   | 0       |
|    field_16_fu_3502_p3       |     |        | field_16      | select    | auto_sel                 | 0       |
|    icmp_ln147_8_fu_2855_p2   |     |        | icmp_ln147_8  | seteq     | auto                     | 0       |
|    sparsemux_33_5_40_1_1_U11 |     |        | a_8           | sparsemux | compactencoding_dontcare | 0       |
|    sub_ln42_8_fu_3580_p2     |     |        | sub_ln42_8    | sub       | fabric                   | 0       |
|    term_8_fu_3586_p3         |     |        | term_8        | select    | auto_sel                 | 0       |
|    field_17_fu_3594_p2       |     |        | field_17      | add       | fabric                   | 0       |
|    field_18_fu_3745_p3       |     |        | field_18      | select    | auto_sel                 | 0       |
|    icmp_ln147_9_fu_2861_p2   |     |        | icmp_ln147_9  | seteq     | auto                     | 0       |
|    sparsemux_33_5_40_1_1_U12 |     |        | a_9           | sparsemux | compactencoding_dontcare | 0       |
|    sub_ln42_9_fu_3671_p2     |     |        | sub_ln42_9    | sub       | fabric                   | 0       |
|    term_9_fu_3750_p3         |     |        | term_9        | select    | auto_sel                 | 0       |
|    field_19_fu_3755_p2       |     |        | field_19      | add       | fabric                   | 0       |
|    field_20_fu_3761_p3       |     |        | field_20      | select    | auto_sel                 | 0       |
|    icmp_ln147_10_fu_2867_p2  |     |        | icmp_ln147_10 | seteq     | auto                     | 0       |
|    sparsemux_33_5_40_1_1_U14 |     |        | a_10          | sparsemux | compactencoding_dontcare | 0       |
|    sub_ln42_10_fu_3839_p2    |     |        | sub_ln42_10   | sub       | fabric                   | 0       |
|    term_10_fu_3845_p3        |     |        | term_10       | select    | auto_sel                 | 0       |
|    field_21_fu_3852_p2       |     |        | field_21      | add       | fabric                   | 0       |
|    field_22_fu_3935_p3       |     |        | field_22      | select    | auto_sel                 | 0       |
|    icmp_ln147_11_fu_2873_p2  |     |        | icmp_ln147_11 | seteq     | auto                     | 0       |
|    sparsemux_33_5_40_1_1_U15 |     |        | a_11          | sparsemux | compactencoding_dontcare | 0       |
|    sub_ln42_11_fu_3929_p2    |     |        | sub_ln42_11   | sub       | fabric                   | 0       |
|    term_11_fu_3940_p3        |     |        | term_11       | select    | auto_sel                 | 0       |
|    field_23_fu_3945_p2       |     |        | field_23      | add       | fabric                   | 0       |
|    field_24_fu_3951_p3       |     |        | field_24      | select    | auto_sel                 | 0       |
|    icmp_ln147_12_fu_2879_p2  |     |        | icmp_ln147_12 | seteq     | auto                     | 0       |
|    sparsemux_33_5_40_1_1_U16 |     |        | a_12          | sparsemux | compactencoding_dontcare | 0       |
|    sub_ln42_12_fu_4029_p2    |     |        | sub_ln42_12   | sub       | fabric                   | 0       |
|    term_12_fu_4035_p3        |     |        | term_12       | select    | auto_sel                 | 0       |
|    field_25_fu_4042_p2       |     |        | field_25      | add       | fabric                   | 0       |
|    field_26_fu_4125_p3       |     |        | field_26      | select    | auto_sel                 | 0       |
|    icmp_ln147_13_fu_2885_p2  |     |        | icmp_ln147_13 | seteq     | auto                     | 0       |
|    sparsemux_33_5_40_1_1_U17 |     |        | a_13          | sparsemux | compactencoding_dontcare | 0       |
|    sub_ln42_13_fu_4119_p2    |     |        | sub_ln42_13   | sub       | fabric                   | 0       |
|    term_13_fu_4130_p3        |     |        | term_13       | select    | auto_sel                 | 0       |
|    field_27_fu_4135_p2       |     |        | field_27      | add       | fabric                   | 0       |
|    field_28_fu_4141_p3       |     |        | field_28      | select    | auto_sel                 | 0       |
|    icmp_ln147_14_fu_2891_p2  |     |        | icmp_ln147_14 | seteq     | auto                     | 0       |
|    sparsemux_33_5_40_1_1_U18 |     |        | a_14          | sparsemux | compactencoding_dontcare | 0       |
|    sub_ln42_14_fu_4219_p2    |     |        | sub_ln42_14   | sub       | fabric                   | 0       |
|    term_14_fu_4225_p3        |     |        | term_14       | select    | auto_sel                 | 0       |
|    field_29_fu_4232_p2       |     |        | field_29      | add       | fabric                   | 0       |
|    field_30_fu_4315_p3       |     |        | field_30      | select    | auto_sel                 | 0       |
|    icmp_ln147_15_fu_2897_p2  |     |        | icmp_ln147_15 | seteq     | auto                     | 0       |
|    sparsemux_33_5_40_1_1_U19 |     |        | a_15          | sparsemux | compactencoding_dontcare | 0       |
|    sub_ln42_15_fu_4309_p2    |     |        | sub_ln42_15   | sub       | fabric                   | 0       |
|    term_15_fu_4320_p3        |     |        | term_15       | select    | auto_sel                 | 0       |
|    field_31_fu_4325_p2       |     |        | field_31      | add       | fabric                   | 0       |
|    field_32_fu_4331_p3       |     |        | field_32      | select    | auto_sel                 | 0       |
|    icmp_ln147_16_fu_2903_p2  |     |        | icmp_ln147_16 | seteq     | auto                     | 0       |
|    sparsemux_33_5_40_1_1_U20 |     |        | a_16          | sparsemux | compactencoding_dontcare | 0       |
|    sub_ln42_16_fu_4409_p2    |     |        | sub_ln42_16   | sub       | fabric                   | 0       |
|    term_16_fu_4415_p3        |     |        | term_16       | select    | auto_sel                 | 0       |
|    field_33_fu_4422_p2       |     |        | field_33      | add       | fabric                   | 0       |
|    field_34_fu_4428_p3       |     |        | field_34      | select    | auto_sel                 | 0       |
|    sparsemux_35_5_1_1_1_U13  |     |        | b             | sparsemux | compactencoding_dontcare | 0       |
|    mul_40s_50s_88_5_1_U1     | 6   |        | mul_ln153     | mul       | auto                     | 4       |
|    out_fu_4453_p3            |     |        | out           | select    | auto_sel                 | 0       |
+------------------------------+-----+--------+---------------+-----------+--------------------------+---------+


================================================================
== Storage Report
================================================================
+-------------------------+--------+------+------+------+--------+-------------+------+---------+------------------+
| Name                    | Usage  | Type | BRAM | URAM | Pragma | Variable    | Impl | Latency | Bitwidth, Depth, |
|                         |        |      |      |      |        |             |      |         | Banks            |
+-------------------------+--------+------+------+------+--------+-------------+------+---------+------------------+
| + local_metropolis_step |        |      | 0    | 0    |        |             |      |         |                  |
|   EXP_NEG_LUT_U         | rom_2p |      |      |      |        | EXP_NEG_LUT | auto | 1       | 40, 1025, 1      |
+-------------------------+--------+------+------+------+--------+-------------+------+---------+------------------+


================================================================
== Pragma Report
================================================================
* Valid Pragma Syntax
+-----------------+---------------------------+--------------------------------------------------+
| Type            | Options                   | Location                                         |
+-----------------+---------------------------+--------------------------------------------------+
| ARRAY_PARTITION | variable=J complete dim=0 | in local_delta_energy (src/sk_step.cpp:139)      |
| ARRAY_PARTITION | variable=h complete dim=1 | in local_delta_energy (src/sk_step.cpp:140)      |
| ARRAY_PARTITION | variable=s complete dim=1 | in local_delta_energy (src/sk_step.cpp:141)      |
| UNROLL          |                           | in local_delta_energy (src/sk_step.cpp:146)      |
| ARRAY_PARTITION | variable=J complete dim=0 | in uniform_delta_energy (src/sk_step.cpp:174)    |
| ARRAY_PARTITION | variable=h complete dim=1 | in uniform_delta_energy (src/sk_step.cpp:175)    |
| ARRAY_PARTITION | variable=y complete dim=1 | in uniform_delta_energy (src/sk_step.cpp:176)    |
| UNROLL          |                           | in uniform_delta_energy (src/sk_step.cpp:181)    |
| UNROLL          |                           | in uniform_delta_energy (src/sk_step.cpp:187)    |
| UNROLL          |                           | in uniform_delta_energy (src/sk_step.cpp:189)    |
| ARRAY_PARTITION | variable=J complete dim=0 | in local_metropolis_step (src/sk_step.cpp:229)   |
| ARRAY_PARTITION | variable=h complete dim=1 | in local_metropolis_step (src/sk_step.cpp:230)   |
| ARRAY_PARTITION | variable=s complete dim=1 | in local_metropolis_step (src/sk_step.cpp:231)   |
| ARRAY_PARTITION | variable=J complete dim=0 | in uniform_metropolis_step (src/sk_step.cpp:269) |
| ARRAY_PARTITION | variable=h complete dim=1 | in uniform_metropolis_step (src/sk_step.cpp:270) |
| ARRAY_PARTITION | variable=y complete dim=1 | in uniform_metropolis_step (src/sk_step.cpp:271) |
+-----------------+---------------------------+--------------------------------------------------+


