

================================================================
== Vitis HLS Report for 'local_metropolis_step'
================================================================
* Date:           Tue May 19 20:36:47 2026

* Version:        2025.2 (Build 6295257 on Nov 14 2025)
* Project:        hls_local_metropolis_step_N17
* Solution:       hls (Vivado IP Flow Target)
* Product family: virtexuplus
* Target device:  xcvu19p-fsva3824-2-e


================================================================
== Performance Estimates
================================================================
+ Timing: 
    * Summary: 
    +--------+---------+----------+------------+
    |  Clock |  Target | Estimated| Uncertainty|
    +--------+---------+----------+------------+
    |ap_clk  |  3.33 ns|  2.421 ns|     0.90 ns|
    +--------+---------+----------+------------+

+ Latency: 
    * Summary: 
    +---------+---------+-----------+-----------+-----+-----+---------+
    |  Latency (cycles) |   Latency (absolute)  |  Interval | Pipeline|
    |   min   |   max   |    min    |    max    | min | max |   Type  |
    +---------+---------+-----------+-----------+-----+-----+---------+
    |       16|       25|  53.328 ns|  83.325 ns|   17|   26|       no|
    +---------+---------+-----------+-----------+-----+-----+---------+

    + Detail: 
        * Instance: 
        +--------------------------------+--------------------+---------+---------+-----------+-----------+-----+-----+---------+
        |                                |                    |  Latency (cycles) |   Latency (absolute)  |  Interval | Pipeline|
        |            Instance            |       Module       |   min   |   max   |    min    |    max    | min | max |   Type  |
        +--------------------------------+--------------------+---------+---------+-----------+-----------+-----+-----+---------+
        |grp_local_delta_energy_fu_2707  |local_delta_energy  |       13|       13|  43.329 ns|  43.329 ns|   13|   13|       no|
        +--------------------------------+--------------------+---------+---------+-----------+-----------+-----+-----+---------+

        * Loop: 
        N/A



================================================================
== Utilization Estimates
================================================================
* Summary: 
+---------------------+---------+------+---------+---------+-----+
|         Name        | BRAM_18K|  DSP |    FF   |   LUT   | URAM|
+---------------------+---------+------+---------+---------+-----+
|DSP                  |        -|     -|        -|        -|    -|
|Expression           |        -|     -|        0|      703|    -|
|FIFO                 |        -|     -|        -|        -|    -|
|Instance             |        -|    13|     2216|     5261|    -|
|Memory               |        0|     -|        0|        0|    -|
|Multiplexer          |        -|     -|        0|       93|    -|
|Register             |        -|     -|    12121|        -|    -|
+---------------------+---------+------+---------+---------+-----+
|Total                |        0|    13|    14337|     6057|    0|
+---------------------+---------+------+---------+---------+-----+
|Available SLR        |     1080|   960|  2042880|  1021440|   80|
+---------------------+---------+------+---------+---------+-----+
|Utilization SLR (%)  |        0|     1|       ~0|       ~0|    0|
+---------------------+---------+------+---------+---------+-----+
|Available            |     4320|  3840|  8171520|  4085760|  320|
+---------------------+---------+------+---------+---------+-----+
|Utilization (%)      |        0|    ~0|       ~0|       ~0|    0|
+---------------------+---------+------+---------+---------+-----+

+ Detail: 
    * Instance: 
    +--------------------------------+----------------------+---------+----+------+------+-----+
    |            Instance            |        Module        | BRAM_18K| DSP|  FF  |  LUT | URAM|
    +--------------------------------+----------------------+---------+----+------+------+-----+
    |grp_local_delta_energy_fu_2707  |local_delta_energy    |        0|   6|  1817|  5088|    0|
    |mul_26s_36s_60_2_1_U333         |mul_26s_36s_60_2_1    |        0|   2|   202|    84|    0|
    |mul_40ns_40s_64_2_1_U334        |mul_40ns_40s_64_2_1   |        0|   5|   197|    80|    0|
    |sparsemux_7_2_40_1_1_U335       |sparsemux_7_2_40_1_1  |        0|   0|     0|     9|    0|
    +--------------------------------+----------------------+---------+----+------+------+-----+
    |Total                           |                      |        0|  13|  2216|  5261|    0|
    +--------------------------------+----------------------+---------+----+------+------+-----+

    * DSP: 
    N/A

    * Memory: 
    +---------------+-------------------------+---------+---+----+-----+------+-----+------+-------------+
    |     Memory    |          Module         | BRAM_18K| FF| LUT| URAM| Words| Bits| Banks| W*Bits*Banks|
    +---------------+-------------------------+---------+---+----+-----+------+-----+------+-------------+
    |EXP_NEG_LUT_U  |EXP_NEG_LUT_ROM_AUTO_1R  |        0|  0|   0|    0|  1025|   40|     1|        41000|
    +---------------+-------------------------+---------+---+----+-----+------+-----+------+-------------+
    |Total          |                         |        0|  0|   0|    0|  1025|   40|     1|        41000|
    +---------------+-------------------------+---------+---+----+-----+------+-----+------+-------------+

    * FIFO: 
    N/A

    * Expression: 
    +------------------------+----------+----+---+-----+------------+------------+
    |      Variable Name     | Operation| DSP| FF| LUT | Bitwidth P0| Bitwidth P1|
    +------------------------+----------+----+---+-----+------------+------------+
    |add_ln240_fu_3669_p2    |         +|   0|  0|   47|          40|          40|
    |add_ln87_fu_3481_p2     |         +|   0|  0|   18|          11|           1|
    |add_ln89_fu_3553_p2     |         +|   0|  0|   68|          61|          61|
    |sub_ln75_1_fu_3418_p2   |         -|   0|  0|   66|           1|          59|
    |sub_ln75_fu_3397_p2     |         -|   0|  0|  107|           1|          88|
    |sub_ln84_fu_3471_p2     |         -|   0|  0|   34|          27|          27|
    |sub_ln89_fu_3517_p2     |         -|   0|  0|   33|          26|          26|
    |and_ln91_1_fu_3625_p2   |       and|   0|  0|    2|           1|           1|
    |and_ln91_fu_3620_p2     |       and|   0|  0|    2|           1|           1|
    |icmp_ln116_fu_3333_p2   |      icmp|   0|  0|   47|          40|           1|
    |icmp_ln123_fu_3657_p2   |      icmp|   0|  0|   47|          40|          40|
    |icmp_ln59_fu_3385_p2    |      icmp|   0|  0|   47|          40|           1|
    |icmp_ln63_fu_3413_p2    |      icmp|   0|  0|   18|          11|           1|
    |icmp_ln91_fu_3585_p2    |      icmp|   0|  0|   44|          37|           1|
    |icmp_ln95_fu_3579_p2    |      icmp|   0|  0|   20|          13|           1|
    |p_fu_3637_p4            |    select|   0|  0|   41|           1|          41|
    |select_ln75_fu_3430_p3  |    select|   0|  0|   58|           1|          59|
    |xor_ln123_fu_3662_p2    |       xor|   0|  0|    2|           1|           2|
    |xor_ln59_fu_3615_p2     |       xor|   0|  0|    2|           1|           2|
    +------------------------+----------+----+---+-----+------------+------------+
    |Total                   |          |   0|  0|  703|         354|         453|
    +------------------------+----------+----+---+-----+------------+------------+

    * Multiplexer: 
    +---------------------------------+----+-----------+-----+-----------+
    |               Name              | LUT| Input Size| Bits| Total Bits|
    +---------------------------------+----+-----------+-----+-----------+
    |accepted                         |  14|          3|    1|          3|
    |ap_NS_fsm                        |  65|         14|    1|         14|
    |ap_phi_mux_empty_phi_fu_2700_p4  |  14|          3|   40|        120|
    +---------------------------------+----+-----------+-----+-----------+
    |Total                            |  93|         20|   42|        137|
    +---------------------------------+----+-----------+-----+-----------+

    * Register: 
    +---------------------------------------------+-----+----+-----+-----------+
    |                     Name                    |  FF | LUT| Bits| Const Bits|
    +---------------------------------------------+-----+----+-----+-----------+
    |J_0_10_read_reg_3724                         |   40|   0|   40|          0|
    |J_0_11_read_reg_3729                         |   40|   0|   40|          0|
    |J_0_12_read_reg_3734                         |   40|   0|   40|          0|
    |J_0_13_read_reg_3739                         |   40|   0|   40|          0|
    |J_0_14_read_reg_3744                         |   40|   0|   40|          0|
    |J_0_15_read_reg_3749                         |   40|   0|   40|          0|
    |J_0_16_read_reg_3754                         |   40|   0|   40|          0|
    |J_0_1_read_reg_3679                          |   40|   0|   40|          0|
    |J_0_2_read_reg_3684                          |   40|   0|   40|          0|
    |J_0_3_read_reg_3689                          |   40|   0|   40|          0|
    |J_0_4_read_reg_3694                          |   40|   0|   40|          0|
    |J_0_5_read_reg_3699                          |   40|   0|   40|          0|
    |J_0_6_read_reg_3704                          |   40|   0|   40|          0|
    |J_0_7_read_reg_3709                          |   40|   0|   40|          0|
    |J_0_8_read_reg_3714                          |   40|   0|   40|          0|
    |J_0_9_read_reg_3719                          |   40|   0|   40|          0|
    |J_10_0_read_reg_4479                         |   40|   0|   40|          0|
    |J_10_11_read_reg_4529                        |   40|   0|   40|          0|
    |J_10_12_read_reg_4534                        |   40|   0|   40|          0|
    |J_10_13_read_reg_4539                        |   40|   0|   40|          0|
    |J_10_14_read_reg_4544                        |   40|   0|   40|          0|
    |J_10_15_read_reg_4549                        |   40|   0|   40|          0|
    |J_10_16_read_reg_4554                        |   40|   0|   40|          0|
    |J_10_1_read_reg_4484                         |   40|   0|   40|          0|
    |J_10_2_read_reg_4489                         |   40|   0|   40|          0|
    |J_10_3_read_reg_4494                         |   40|   0|   40|          0|
    |J_10_4_read_reg_4499                         |   40|   0|   40|          0|
    |J_10_5_read_reg_4504                         |   40|   0|   40|          0|
    |J_10_6_read_reg_4509                         |   40|   0|   40|          0|
    |J_10_7_read_reg_4514                         |   40|   0|   40|          0|
    |J_10_8_read_reg_4519                         |   40|   0|   40|          0|
    |J_10_9_read_reg_4524                         |   40|   0|   40|          0|
    |J_11_0_read_reg_4559                         |   40|   0|   40|          0|
    |J_11_10_read_reg_4609                        |   40|   0|   40|          0|
    |J_11_12_read_reg_4614                        |   40|   0|   40|          0|
    |J_11_13_read_reg_4619                        |   40|   0|   40|          0|
    |J_11_14_read_reg_4624                        |   40|   0|   40|          0|
    |J_11_15_read_reg_4629                        |   40|   0|   40|          0|
    |J_11_16_read_reg_4634                        |   40|   0|   40|          0|
    |J_11_1_read_reg_4564                         |   40|   0|   40|          0|
    |J_11_2_read_reg_4569                         |   40|   0|   40|          0|
    |J_11_3_read_reg_4574                         |   40|   0|   40|          0|
    |J_11_4_read_reg_4579                         |   40|   0|   40|          0|
    |J_11_5_read_reg_4584                         |   40|   0|   40|          0|
    |J_11_6_read_reg_4589                         |   40|   0|   40|          0|
    |J_11_7_read_reg_4594                         |   40|   0|   40|          0|
    |J_11_8_read_reg_4599                         |   40|   0|   40|          0|
    |J_11_9_read_reg_4604                         |   40|   0|   40|          0|
    |J_12_0_read_reg_4639                         |   40|   0|   40|          0|
    |J_12_10_read_reg_4689                        |   40|   0|   40|          0|
    |J_12_11_read_reg_4694                        |   40|   0|   40|          0|
    |J_12_13_read_reg_4699                        |   40|   0|   40|          0|
    |J_12_14_read_reg_4704                        |   40|   0|   40|          0|
    |J_12_15_read_reg_4709                        |   40|   0|   40|          0|
    |J_12_16_read_reg_4714                        |   40|   0|   40|          0|
    |J_12_1_read_reg_4644                         |   40|   0|   40|          0|
    |J_12_2_read_reg_4649                         |   40|   0|   40|          0|
    |J_12_3_read_reg_4654                         |   40|   0|   40|          0|
    |J_12_4_read_reg_4659                         |   40|   0|   40|          0|
    |J_12_5_read_reg_4664                         |   40|   0|   40|          0|
    |J_12_6_read_reg_4669                         |   40|   0|   40|          0|
    |J_12_7_read_reg_4674                         |   40|   0|   40|          0|
    |J_12_8_read_reg_4679                         |   40|   0|   40|          0|
    |J_12_9_read_reg_4684                         |   40|   0|   40|          0|
    |J_13_0_read_reg_4719                         |   40|   0|   40|          0|
    |J_13_10_read_reg_4769                        |   40|   0|   40|          0|
    |J_13_11_read_reg_4774                        |   40|   0|   40|          0|
    |J_13_12_read_reg_4779                        |   40|   0|   40|          0|
    |J_13_14_read_reg_4784                        |   40|   0|   40|          0|
    |J_13_15_read_reg_4789                        |   40|   0|   40|          0|
    |J_13_16_read_reg_4794                        |   40|   0|   40|          0|
    |J_13_1_read_reg_4724                         |   40|   0|   40|          0|
    |J_13_2_read_reg_4729                         |   40|   0|   40|          0|
    |J_13_3_read_reg_4734                         |   40|   0|   40|          0|
    |J_13_4_read_reg_4739                         |   40|   0|   40|          0|
    |J_13_5_read_reg_4744                         |   40|   0|   40|          0|
    |J_13_6_read_reg_4749                         |   40|   0|   40|          0|
    |J_13_7_read_reg_4754                         |   40|   0|   40|          0|
    |J_13_8_read_reg_4759                         |   40|   0|   40|          0|
    |J_13_9_read_reg_4764                         |   40|   0|   40|          0|
    |J_14_0_read_reg_4799                         |   40|   0|   40|          0|
    |J_14_10_read_reg_4849                        |   40|   0|   40|          0|
    |J_14_11_read_reg_4854                        |   40|   0|   40|          0|
    |J_14_12_read_reg_4859                        |   40|   0|   40|          0|
    |J_14_13_read_reg_4864                        |   40|   0|   40|          0|
    |J_14_15_read_reg_4869                        |   40|   0|   40|          0|
    |J_14_16_read_reg_4874                        |   40|   0|   40|          0|
    |J_14_1_read_reg_4804                         |   40|   0|   40|          0|
    |J_14_2_read_reg_4809                         |   40|   0|   40|          0|
    |J_14_3_read_reg_4814                         |   40|   0|   40|          0|
    |J_14_4_read_reg_4819                         |   40|   0|   40|          0|
    |J_14_5_read_reg_4824                         |   40|   0|   40|          0|
    |J_14_6_read_reg_4829                         |   40|   0|   40|          0|
    |J_14_7_read_reg_4834                         |   40|   0|   40|          0|
    |J_14_8_read_reg_4839                         |   40|   0|   40|          0|
    |J_14_9_read_reg_4844                         |   40|   0|   40|          0|
    |J_15_0_read_reg_4879                         |   40|   0|   40|          0|
    |J_15_10_read_reg_4929                        |   40|   0|   40|          0|
    |J_15_11_read_reg_4934                        |   40|   0|   40|          0|
    |J_15_12_read_reg_4939                        |   40|   0|   40|          0|
    |J_15_13_read_reg_4944                        |   40|   0|   40|          0|
    |J_15_14_read_reg_4949                        |   40|   0|   40|          0|
    |J_15_16_read_reg_4954                        |   40|   0|   40|          0|
    |J_15_1_read_reg_4884                         |   40|   0|   40|          0|
    |J_15_2_read_reg_4889                         |   40|   0|   40|          0|
    |J_15_3_read_reg_4894                         |   40|   0|   40|          0|
    |J_15_4_read_reg_4899                         |   40|   0|   40|          0|
    |J_15_5_read_reg_4904                         |   40|   0|   40|          0|
    |J_15_6_read_reg_4909                         |   40|   0|   40|          0|
    |J_15_7_read_reg_4914                         |   40|   0|   40|          0|
    |J_15_8_read_reg_4919                         |   40|   0|   40|          0|
    |J_15_9_read_reg_4924                         |   40|   0|   40|          0|
    |J_16_0_read_reg_4959                         |   40|   0|   40|          0|
    |J_16_10_read_reg_5009                        |   40|   0|   40|          0|
    |J_16_11_read_reg_5014                        |   40|   0|   40|          0|
    |J_16_12_read_reg_5019                        |   40|   0|   40|          0|
    |J_16_13_read_reg_5024                        |   40|   0|   40|          0|
    |J_16_14_read_reg_5029                        |   40|   0|   40|          0|
    |J_16_15_read_reg_5034                        |   40|   0|   40|          0|
    |J_16_1_read_reg_4964                         |   40|   0|   40|          0|
    |J_16_2_read_reg_4969                         |   40|   0|   40|          0|
    |J_16_3_read_reg_4974                         |   40|   0|   40|          0|
    |J_16_4_read_reg_4979                         |   40|   0|   40|          0|
    |J_16_5_read_reg_4984                         |   40|   0|   40|          0|
    |J_16_6_read_reg_4989                         |   40|   0|   40|          0|
    |J_16_7_read_reg_4994                         |   40|   0|   40|          0|
    |J_16_8_read_reg_4999                         |   40|   0|   40|          0|
    |J_16_9_read_reg_5004                         |   40|   0|   40|          0|
    |J_1_0_read_reg_3759                          |   40|   0|   40|          0|
    |J_1_10_read_reg_3804                         |   40|   0|   40|          0|
    |J_1_11_read_reg_3809                         |   40|   0|   40|          0|
    |J_1_12_read_reg_3814                         |   40|   0|   40|          0|
    |J_1_13_read_reg_3819                         |   40|   0|   40|          0|
    |J_1_14_read_reg_3824                         |   40|   0|   40|          0|
    |J_1_15_read_reg_3829                         |   40|   0|   40|          0|
    |J_1_16_read_reg_3834                         |   40|   0|   40|          0|
    |J_1_2_read_reg_3764                          |   40|   0|   40|          0|
    |J_1_3_read_reg_3769                          |   40|   0|   40|          0|
    |J_1_4_read_reg_3774                          |   40|   0|   40|          0|
    |J_1_5_read_reg_3779                          |   40|   0|   40|          0|
    |J_1_6_read_reg_3784                          |   40|   0|   40|          0|
    |J_1_7_read_reg_3789                          |   40|   0|   40|          0|
    |J_1_8_read_reg_3794                          |   40|   0|   40|          0|
    |J_1_9_read_reg_3799                          |   40|   0|   40|          0|
    |J_2_0_read_reg_3839                          |   40|   0|   40|          0|
    |J_2_10_read_reg_3884                         |   40|   0|   40|          0|
    |J_2_11_read_reg_3889                         |   40|   0|   40|          0|
    |J_2_12_read_reg_3894                         |   40|   0|   40|          0|
    |J_2_13_read_reg_3899                         |   40|   0|   40|          0|
    |J_2_14_read_reg_3904                         |   40|   0|   40|          0|
    |J_2_15_read_reg_3909                         |   40|   0|   40|          0|
    |J_2_16_read_reg_3914                         |   40|   0|   40|          0|
    |J_2_1_read_reg_3844                          |   40|   0|   40|          0|
    |J_2_3_read_reg_3849                          |   40|   0|   40|          0|
    |J_2_4_read_reg_3854                          |   40|   0|   40|          0|
    |J_2_5_read_reg_3859                          |   40|   0|   40|          0|
    |J_2_6_read_reg_3864                          |   40|   0|   40|          0|
    |J_2_7_read_reg_3869                          |   40|   0|   40|          0|
    |J_2_8_read_reg_3874                          |   40|   0|   40|          0|
    |J_2_9_read_reg_3879                          |   40|   0|   40|          0|
    |J_3_0_read_reg_3919                          |   40|   0|   40|          0|
    |J_3_10_read_reg_3964                         |   40|   0|   40|          0|
    |J_3_11_read_reg_3969                         |   40|   0|   40|          0|
    |J_3_12_read_reg_3974                         |   40|   0|   40|          0|
    |J_3_13_read_reg_3979                         |   40|   0|   40|          0|
    |J_3_14_read_reg_3984                         |   40|   0|   40|          0|
    |J_3_15_read_reg_3989                         |   40|   0|   40|          0|
    |J_3_16_read_reg_3994                         |   40|   0|   40|          0|
    |J_3_1_read_reg_3924                          |   40|   0|   40|          0|
    |J_3_2_read_reg_3929                          |   40|   0|   40|          0|
    |J_3_4_read_reg_3934                          |   40|   0|   40|          0|
    |J_3_5_read_reg_3939                          |   40|   0|   40|          0|
    |J_3_6_read_reg_3944                          |   40|   0|   40|          0|
    |J_3_7_read_reg_3949                          |   40|   0|   40|          0|
    |J_3_8_read_reg_3954                          |   40|   0|   40|          0|
    |J_3_9_read_reg_3959                          |   40|   0|   40|          0|
    |J_4_0_read_reg_3999                          |   40|   0|   40|          0|
    |J_4_10_read_reg_4044                         |   40|   0|   40|          0|
    |J_4_11_read_reg_4049                         |   40|   0|   40|          0|
    |J_4_12_read_reg_4054                         |   40|   0|   40|          0|
    |J_4_13_read_reg_4059                         |   40|   0|   40|          0|
    |J_4_14_read_reg_4064                         |   40|   0|   40|          0|
    |J_4_15_read_reg_4069                         |   40|   0|   40|          0|
    |J_4_16_read_reg_4074                         |   40|   0|   40|          0|
    |J_4_1_read_reg_4004                          |   40|   0|   40|          0|
    |J_4_2_read_reg_4009                          |   40|   0|   40|          0|
    |J_4_3_read_reg_4014                          |   40|   0|   40|          0|
    |J_4_5_read_reg_4019                          |   40|   0|   40|          0|
    |J_4_6_read_reg_4024                          |   40|   0|   40|          0|
    |J_4_7_read_reg_4029                          |   40|   0|   40|          0|
    |J_4_8_read_reg_4034                          |   40|   0|   40|          0|
    |J_4_9_read_reg_4039                          |   40|   0|   40|          0|
    |J_5_0_read_reg_4079                          |   40|   0|   40|          0|
    |J_5_10_read_reg_4124                         |   40|   0|   40|          0|
    |J_5_11_read_reg_4129                         |   40|   0|   40|          0|
    |J_5_12_read_reg_4134                         |   40|   0|   40|          0|
    |J_5_13_read_reg_4139                         |   40|   0|   40|          0|
    |J_5_14_read_reg_4144                         |   40|   0|   40|          0|
    |J_5_15_read_reg_4149                         |   40|   0|   40|          0|
    |J_5_16_read_reg_4154                         |   40|   0|   40|          0|
    |J_5_1_read_reg_4084                          |   40|   0|   40|          0|
    |J_5_2_read_reg_4089                          |   40|   0|   40|          0|
    |J_5_3_read_reg_4094                          |   40|   0|   40|          0|
    |J_5_4_read_reg_4099                          |   40|   0|   40|          0|
    |J_5_6_read_reg_4104                          |   40|   0|   40|          0|
    |J_5_7_read_reg_4109                          |   40|   0|   40|          0|
    |J_5_8_read_reg_4114                          |   40|   0|   40|          0|
    |J_5_9_read_reg_4119                          |   40|   0|   40|          0|
    |J_6_0_read_reg_4159                          |   40|   0|   40|          0|
    |J_6_10_read_reg_4204                         |   40|   0|   40|          0|
    |J_6_11_read_reg_4209                         |   40|   0|   40|          0|
    |J_6_12_read_reg_4214                         |   40|   0|   40|          0|
    |J_6_13_read_reg_4219                         |   40|   0|   40|          0|
    |J_6_14_read_reg_4224                         |   40|   0|   40|          0|
    |J_6_15_read_reg_4229                         |   40|   0|   40|          0|
    |J_6_16_read_reg_4234                         |   40|   0|   40|          0|
    |J_6_1_read_reg_4164                          |   40|   0|   40|          0|
    |J_6_2_read_reg_4169                          |   40|   0|   40|          0|
    |J_6_3_read_reg_4174                          |   40|   0|   40|          0|
    |J_6_4_read_reg_4179                          |   40|   0|   40|          0|
    |J_6_5_read_reg_4184                          |   40|   0|   40|          0|
    |J_6_7_read_reg_4189                          |   40|   0|   40|          0|
    |J_6_8_read_reg_4194                          |   40|   0|   40|          0|
    |J_6_9_read_reg_4199                          |   40|   0|   40|          0|
    |J_7_0_read_reg_4239                          |   40|   0|   40|          0|
    |J_7_10_read_reg_4284                         |   40|   0|   40|          0|
    |J_7_11_read_reg_4289                         |   40|   0|   40|          0|
    |J_7_12_read_reg_4294                         |   40|   0|   40|          0|
    |J_7_13_read_reg_4299                         |   40|   0|   40|          0|
    |J_7_14_read_reg_4304                         |   40|   0|   40|          0|
    |J_7_15_read_reg_4309                         |   40|   0|   40|          0|
    |J_7_16_read_reg_4314                         |   40|   0|   40|          0|
    |J_7_1_read_reg_4244                          |   40|   0|   40|          0|
    |J_7_2_read_reg_4249                          |   40|   0|   40|          0|
    |J_7_3_read_reg_4254                          |   40|   0|   40|          0|
    |J_7_4_read_reg_4259                          |   40|   0|   40|          0|
    |J_7_5_read_reg_4264                          |   40|   0|   40|          0|
    |J_7_6_read_reg_4269                          |   40|   0|   40|          0|
    |J_7_8_read_reg_4274                          |   40|   0|   40|          0|
    |J_7_9_read_reg_4279                          |   40|   0|   40|          0|
    |J_8_0_read_reg_4319                          |   40|   0|   40|          0|
    |J_8_10_read_reg_4364                         |   40|   0|   40|          0|
    |J_8_11_read_reg_4369                         |   40|   0|   40|          0|
    |J_8_12_read_reg_4374                         |   40|   0|   40|          0|
    |J_8_13_read_reg_4379                         |   40|   0|   40|          0|
    |J_8_14_read_reg_4384                         |   40|   0|   40|          0|
    |J_8_15_read_reg_4389                         |   40|   0|   40|          0|
    |J_8_16_read_reg_4394                         |   40|   0|   40|          0|
    |J_8_1_read_reg_4324                          |   40|   0|   40|          0|
    |J_8_2_read_reg_4329                          |   40|   0|   40|          0|
    |J_8_3_read_reg_4334                          |   40|   0|   40|          0|
    |J_8_4_read_reg_4339                          |   40|   0|   40|          0|
    |J_8_5_read_reg_4344                          |   40|   0|   40|          0|
    |J_8_6_read_reg_4349                          |   40|   0|   40|          0|
    |J_8_7_read_reg_4354                          |   40|   0|   40|          0|
    |J_8_9_read_reg_4359                          |   40|   0|   40|          0|
    |J_9_0_read_reg_4399                          |   40|   0|   40|          0|
    |J_9_10_read_reg_4444                         |   40|   0|   40|          0|
    |J_9_11_read_reg_4449                         |   40|   0|   40|          0|
    |J_9_12_read_reg_4454                         |   40|   0|   40|          0|
    |J_9_13_read_reg_4459                         |   40|   0|   40|          0|
    |J_9_14_read_reg_4464                         |   40|   0|   40|          0|
    |J_9_15_read_reg_4469                         |   40|   0|   40|          0|
    |J_9_16_read_reg_4474                         |   40|   0|   40|          0|
    |J_9_1_read_reg_4404                          |   40|   0|   40|          0|
    |J_9_2_read_reg_4409                          |   40|   0|   40|          0|
    |J_9_3_read_reg_4414                          |   40|   0|   40|          0|
    |J_9_4_read_reg_4419                          |   40|   0|   40|          0|
    |J_9_5_read_reg_4424                          |   40|   0|   40|          0|
    |J_9_6_read_reg_4429                          |   40|   0|   40|          0|
    |J_9_7_read_reg_4434                          |   40|   0|   40|          0|
    |J_9_8_read_reg_4439                          |   40|   0|   40|          0|
    |add_ln89_reg_5337                            |   61|   0|   61|          0|
    |ap_CS_fsm                                    |   13|   0|   13|          0|
    |de_reg_5209                                  |   40|   0|   40|          0|
    |grp_local_delta_energy_fu_2707_ap_start_reg  |    1|   0|    1|          0|
    |h_0_read_reg_5039                            |   40|   0|   40|          0|
    |h_10_read_reg_5089                           |   40|   0|   40|          0|
    |h_11_read_reg_5094                           |   40|   0|   40|          0|
    |h_12_read_reg_5099                           |   40|   0|   40|          0|
    |h_13_read_reg_5104                           |   40|   0|   40|          0|
    |h_14_read_reg_5109                           |   40|   0|   40|          0|
    |h_15_read_reg_5114                           |   40|   0|   40|          0|
    |h_16_read_reg_5119                           |   40|   0|   40|          0|
    |h_1_read_reg_5044                            |   40|   0|   40|          0|
    |h_2_read_reg_5049                            |   40|   0|   40|          0|
    |h_3_read_reg_5054                            |   40|   0|   40|          0|
    |h_4_read_reg_5059                            |   40|   0|   40|          0|
    |h_5_read_reg_5064                            |   40|   0|   40|          0|
    |h_6_read_reg_5069                            |   40|   0|   40|          0|
    |h_7_read_reg_5074                            |   40|   0|   40|          0|
    |h_8_read_reg_5079                            |   40|   0|   40|          0|
    |h_9_read_reg_5084                            |   40|   0|   40|          0|
    |i_read_reg_3674                              |   32|   0|   32|          0|
    |icmp_ln116_reg_5228                          |    1|   0|    1|          0|
    |icmp_ln59_reg_5263                           |    1|   0|    1|          0|
    |icmp_ln63_reg_5274                           |    1|   0|    1|          0|
    |icmp_ln91_reg_5347                           |    1|   0|    1|          0|
    |icmp_ln95_reg_5342                           |    1|   0|    1|          0|
    |idx_reg_5279                                 |   11|   0|   11|          0|
    |mul_ln89_reg_5332                            |   60|   0|   60|          0|
    |old_energy_read_reg_5222                     |   40|   0|   40|          0|
    |s_0_read_reg_5124                            |    1|   0|    1|          0|
    |s_10_read_reg_5174                           |    1|   0|    1|          0|
    |s_11_read_reg_5179                           |    1|   0|    1|          0|
    |s_12_read_reg_5184                           |    1|   0|    1|          0|
    |s_13_read_reg_5189                           |    1|   0|    1|          0|
    |s_14_read_reg_5194                           |    1|   0|    1|          0|
    |s_15_read_reg_5199                           |    1|   0|    1|          0|
    |s_16_read_reg_5204                           |    1|   0|    1|          0|
    |s_1_read_reg_5129                            |    1|   0|    1|          0|
    |s_2_read_reg_5134                            |    1|   0|    1|          0|
    |s_3_read_reg_5139                            |    1|   0|    1|          0|
    |s_4_read_reg_5144                            |    1|   0|    1|          0|
    |s_5_read_reg_5149                            |    1|   0|    1|          0|
    |s_6_read_reg_5154                            |    1|   0|    1|          0|
    |s_7_read_reg_5159                            |    1|   0|    1|          0|
    |s_8_read_reg_5164                            |    1|   0|    1|          0|
    |s_9_read_reg_5169                            |    1|   0|    1|          0|
    |sub_ln84_reg_5291                            |   27|   0|   27|          0|
    |sub_ln89_reg_5317                            |   26|   0|   26|          0|
    |tmp_1_reg_5253                               |    1|   0|    1|          0|
    |tmp_3_reg_5286                               |   26|   0|   26|          0|
    |tmp_4_reg_5306                               |   25|   0|   25|          0|
    |tmp_5_reg_5312                               |   25|   0|   25|          0|
    |tmp_6_reg_5258                               |   11|   0|   11|          0|
    |tmp_reg_5247                                 |   30|   0|   30|          0|
    |trunc_ln75_1_reg_5269                        |   30|   0|   59|         29|
    |u_read_reg_5217                              |   40|   0|   40|          0|
    |x_reg_5242                                   |   40|   0|   40|          0|
    +---------------------------------------------+-----+----+-----+-----------+
    |Total                                        |12121|   0|12150|         29|
    +---------------------------------------------+-----+----+-----+-----------+



================================================================
== Interface
================================================================
* Summary: 
+---------------------+-----+-----+------------+-----------------------+--------------+
|      RTL Ports      | Dir | Bits|  Protocol  |     Source Object     |    C Type    |
+---------------------+-----+-----+------------+-----------------------+--------------+
|ap_clk               |   in|    1|  ap_ctrl_hs|  local_metropolis_step|  return value|
|ap_rst               |   in|    1|  ap_ctrl_hs|  local_metropolis_step|  return value|
|ap_start             |   in|    1|  ap_ctrl_hs|  local_metropolis_step|  return value|
|ap_done              |  out|    1|  ap_ctrl_hs|  local_metropolis_step|  return value|
|ap_idle              |  out|    1|  ap_ctrl_hs|  local_metropolis_step|  return value|
|ap_ready             |  out|    1|  ap_ctrl_hs|  local_metropolis_step|  return value|
|J_0_0                |   in|   40|     ap_none|                  J_0_0|       pointer|
|J_0_1                |   in|   40|     ap_none|                  J_0_1|       pointer|
|J_0_2                |   in|   40|     ap_none|                  J_0_2|       pointer|
|J_0_3                |   in|   40|     ap_none|                  J_0_3|       pointer|
|J_0_4                |   in|   40|     ap_none|                  J_0_4|       pointer|
|J_0_5                |   in|   40|     ap_none|                  J_0_5|       pointer|
|J_0_6                |   in|   40|     ap_none|                  J_0_6|       pointer|
|J_0_7                |   in|   40|     ap_none|                  J_0_7|       pointer|
|J_0_8                |   in|   40|     ap_none|                  J_0_8|       pointer|
|J_0_9                |   in|   40|     ap_none|                  J_0_9|       pointer|
|J_0_10               |   in|   40|     ap_none|                 J_0_10|       pointer|
|J_0_11               |   in|   40|     ap_none|                 J_0_11|       pointer|
|J_0_12               |   in|   40|     ap_none|                 J_0_12|       pointer|
|J_0_13               |   in|   40|     ap_none|                 J_0_13|       pointer|
|J_0_14               |   in|   40|     ap_none|                 J_0_14|       pointer|
|J_0_15               |   in|   40|     ap_none|                 J_0_15|       pointer|
|J_0_16               |   in|   40|     ap_none|                 J_0_16|       pointer|
|J_1_0                |   in|   40|     ap_none|                  J_1_0|       pointer|
|J_1_1                |   in|   40|     ap_none|                  J_1_1|       pointer|
|J_1_2                |   in|   40|     ap_none|                  J_1_2|       pointer|
|J_1_3                |   in|   40|     ap_none|                  J_1_3|       pointer|
|J_1_4                |   in|   40|     ap_none|                  J_1_4|       pointer|
|J_1_5                |   in|   40|     ap_none|                  J_1_5|       pointer|
|J_1_6                |   in|   40|     ap_none|                  J_1_6|       pointer|
|J_1_7                |   in|   40|     ap_none|                  J_1_7|       pointer|
|J_1_8                |   in|   40|     ap_none|                  J_1_8|       pointer|
|J_1_9                |   in|   40|     ap_none|                  J_1_9|       pointer|
|J_1_10               |   in|   40|     ap_none|                 J_1_10|       pointer|
|J_1_11               |   in|   40|     ap_none|                 J_1_11|       pointer|
|J_1_12               |   in|   40|     ap_none|                 J_1_12|       pointer|
|J_1_13               |   in|   40|     ap_none|                 J_1_13|       pointer|
|J_1_14               |   in|   40|     ap_none|                 J_1_14|       pointer|
|J_1_15               |   in|   40|     ap_none|                 J_1_15|       pointer|
|J_1_16               |   in|   40|     ap_none|                 J_1_16|       pointer|
|J_2_0                |   in|   40|     ap_none|                  J_2_0|       pointer|
|J_2_1                |   in|   40|     ap_none|                  J_2_1|       pointer|
|J_2_2                |   in|   40|     ap_none|                  J_2_2|       pointer|
|J_2_3                |   in|   40|     ap_none|                  J_2_3|       pointer|
|J_2_4                |   in|   40|     ap_none|                  J_2_4|       pointer|
|J_2_5                |   in|   40|     ap_none|                  J_2_5|       pointer|
|J_2_6                |   in|   40|     ap_none|                  J_2_6|       pointer|
|J_2_7                |   in|   40|     ap_none|                  J_2_7|       pointer|
|J_2_8                |   in|   40|     ap_none|                  J_2_8|       pointer|
|J_2_9                |   in|   40|     ap_none|                  J_2_9|       pointer|
|J_2_10               |   in|   40|     ap_none|                 J_2_10|       pointer|
|J_2_11               |   in|   40|     ap_none|                 J_2_11|       pointer|
|J_2_12               |   in|   40|     ap_none|                 J_2_12|       pointer|
|J_2_13               |   in|   40|     ap_none|                 J_2_13|       pointer|
|J_2_14               |   in|   40|     ap_none|                 J_2_14|       pointer|
|J_2_15               |   in|   40|     ap_none|                 J_2_15|       pointer|
|J_2_16               |   in|   40|     ap_none|                 J_2_16|       pointer|
|J_3_0                |   in|   40|     ap_none|                  J_3_0|       pointer|
|J_3_1                |   in|   40|     ap_none|                  J_3_1|       pointer|
|J_3_2                |   in|   40|     ap_none|                  J_3_2|       pointer|
|J_3_3                |   in|   40|     ap_none|                  J_3_3|       pointer|
|J_3_4                |   in|   40|     ap_none|                  J_3_4|       pointer|
|J_3_5                |   in|   40|     ap_none|                  J_3_5|       pointer|
|J_3_6                |   in|   40|     ap_none|                  J_3_6|       pointer|
|J_3_7                |   in|   40|     ap_none|                  J_3_7|       pointer|
|J_3_8                |   in|   40|     ap_none|                  J_3_8|       pointer|
|J_3_9                |   in|   40|     ap_none|                  J_3_9|       pointer|
|J_3_10               |   in|   40|     ap_none|                 J_3_10|       pointer|
|J_3_11               |   in|   40|     ap_none|                 J_3_11|       pointer|
|J_3_12               |   in|   40|     ap_none|                 J_3_12|       pointer|
|J_3_13               |   in|   40|     ap_none|                 J_3_13|       pointer|
|J_3_14               |   in|   40|     ap_none|                 J_3_14|       pointer|
|J_3_15               |   in|   40|     ap_none|                 J_3_15|       pointer|
|J_3_16               |   in|   40|     ap_none|                 J_3_16|       pointer|
|J_4_0                |   in|   40|     ap_none|                  J_4_0|       pointer|
|J_4_1                |   in|   40|     ap_none|                  J_4_1|       pointer|
|J_4_2                |   in|   40|     ap_none|                  J_4_2|       pointer|
|J_4_3                |   in|   40|     ap_none|                  J_4_3|       pointer|
|J_4_4                |   in|   40|     ap_none|                  J_4_4|       pointer|
|J_4_5                |   in|   40|     ap_none|                  J_4_5|       pointer|
|J_4_6                |   in|   40|     ap_none|                  J_4_6|       pointer|
|J_4_7                |   in|   40|     ap_none|                  J_4_7|       pointer|
|J_4_8                |   in|   40|     ap_none|                  J_4_8|       pointer|
|J_4_9                |   in|   40|     ap_none|                  J_4_9|       pointer|
|J_4_10               |   in|   40|     ap_none|                 J_4_10|       pointer|
|J_4_11               |   in|   40|     ap_none|                 J_4_11|       pointer|
|J_4_12               |   in|   40|     ap_none|                 J_4_12|       pointer|
|J_4_13               |   in|   40|     ap_none|                 J_4_13|       pointer|
|J_4_14               |   in|   40|     ap_none|                 J_4_14|       pointer|
|J_4_15               |   in|   40|     ap_none|                 J_4_15|       pointer|
|J_4_16               |   in|   40|     ap_none|                 J_4_16|       pointer|
|J_5_0                |   in|   40|     ap_none|                  J_5_0|       pointer|
|J_5_1                |   in|   40|     ap_none|                  J_5_1|       pointer|
|J_5_2                |   in|   40|     ap_none|                  J_5_2|       pointer|
|J_5_3                |   in|   40|     ap_none|                  J_5_3|       pointer|
|J_5_4                |   in|   40|     ap_none|                  J_5_4|       pointer|
|J_5_5                |   in|   40|     ap_none|                  J_5_5|       pointer|
|J_5_6                |   in|   40|     ap_none|                  J_5_6|       pointer|
|J_5_7                |   in|   40|     ap_none|                  J_5_7|       pointer|
|J_5_8                |   in|   40|     ap_none|                  J_5_8|       pointer|
|J_5_9                |   in|   40|     ap_none|                  J_5_9|       pointer|
|J_5_10               |   in|   40|     ap_none|                 J_5_10|       pointer|
|J_5_11               |   in|   40|     ap_none|                 J_5_11|       pointer|
|J_5_12               |   in|   40|     ap_none|                 J_5_12|       pointer|
|J_5_13               |   in|   40|     ap_none|                 J_5_13|       pointer|
|J_5_14               |   in|   40|     ap_none|                 J_5_14|       pointer|
|J_5_15               |   in|   40|     ap_none|                 J_5_15|       pointer|
|J_5_16               |   in|   40|     ap_none|                 J_5_16|       pointer|
|J_6_0                |   in|   40|     ap_none|                  J_6_0|       pointer|
|J_6_1                |   in|   40|     ap_none|                  J_6_1|       pointer|
|J_6_2                |   in|   40|     ap_none|                  J_6_2|       pointer|
|J_6_3                |   in|   40|     ap_none|                  J_6_3|       pointer|
|J_6_4                |   in|   40|     ap_none|                  J_6_4|       pointer|
|J_6_5                |   in|   40|     ap_none|                  J_6_5|       pointer|
|J_6_6                |   in|   40|     ap_none|                  J_6_6|       pointer|
|J_6_7                |   in|   40|     ap_none|                  J_6_7|       pointer|
|J_6_8                |   in|   40|     ap_none|                  J_6_8|       pointer|
|J_6_9                |   in|   40|     ap_none|                  J_6_9|       pointer|
|J_6_10               |   in|   40|     ap_none|                 J_6_10|       pointer|
|J_6_11               |   in|   40|     ap_none|                 J_6_11|       pointer|
|J_6_12               |   in|   40|     ap_none|                 J_6_12|       pointer|
|J_6_13               |   in|   40|     ap_none|                 J_6_13|       pointer|
|J_6_14               |   in|   40|     ap_none|                 J_6_14|       pointer|
|J_6_15               |   in|   40|     ap_none|                 J_6_15|       pointer|
|J_6_16               |   in|   40|     ap_none|                 J_6_16|       pointer|
|J_7_0                |   in|   40|     ap_none|                  J_7_0|       pointer|
|J_7_1                |   in|   40|     ap_none|                  J_7_1|       pointer|
|J_7_2                |   in|   40|     ap_none|                  J_7_2|       pointer|
|J_7_3                |   in|   40|     ap_none|                  J_7_3|       pointer|
|J_7_4                |   in|   40|     ap_none|                  J_7_4|       pointer|
|J_7_5                |   in|   40|     ap_none|                  J_7_5|       pointer|
|J_7_6                |   in|   40|     ap_none|                  J_7_6|       pointer|
|J_7_7                |   in|   40|     ap_none|                  J_7_7|       pointer|
|J_7_8                |   in|   40|     ap_none|                  J_7_8|       pointer|
|J_7_9                |   in|   40|     ap_none|                  J_7_9|       pointer|
|J_7_10               |   in|   40|     ap_none|                 J_7_10|       pointer|
|J_7_11               |   in|   40|     ap_none|                 J_7_11|       pointer|
|J_7_12               |   in|   40|     ap_none|                 J_7_12|       pointer|
|J_7_13               |   in|   40|     ap_none|                 J_7_13|       pointer|
|J_7_14               |   in|   40|     ap_none|                 J_7_14|       pointer|
|J_7_15               |   in|   40|     ap_none|                 J_7_15|       pointer|
|J_7_16               |   in|   40|     ap_none|                 J_7_16|       pointer|
|J_8_0                |   in|   40|     ap_none|                  J_8_0|       pointer|
|J_8_1                |   in|   40|     ap_none|                  J_8_1|       pointer|
|J_8_2                |   in|   40|     ap_none|                  J_8_2|       pointer|
|J_8_3                |   in|   40|     ap_none|                  J_8_3|       pointer|
|J_8_4                |   in|   40|     ap_none|                  J_8_4|       pointer|
|J_8_5                |   in|   40|     ap_none|                  J_8_5|       pointer|
|J_8_6                |   in|   40|     ap_none|                  J_8_6|       pointer|
|J_8_7                |   in|   40|     ap_none|                  J_8_7|       pointer|
|J_8_8                |   in|   40|     ap_none|                  J_8_8|       pointer|
|J_8_9                |   in|   40|     ap_none|                  J_8_9|       pointer|
|J_8_10               |   in|   40|     ap_none|                 J_8_10|       pointer|
|J_8_11               |   in|   40|     ap_none|                 J_8_11|       pointer|
|J_8_12               |   in|   40|     ap_none|                 J_8_12|       pointer|
|J_8_13               |   in|   40|     ap_none|                 J_8_13|       pointer|
|J_8_14               |   in|   40|     ap_none|                 J_8_14|       pointer|
|J_8_15               |   in|   40|     ap_none|                 J_8_15|       pointer|
|J_8_16               |   in|   40|     ap_none|                 J_8_16|       pointer|
|J_9_0                |   in|   40|     ap_none|                  J_9_0|       pointer|
|J_9_1                |   in|   40|     ap_none|                  J_9_1|       pointer|
|J_9_2                |   in|   40|     ap_none|                  J_9_2|       pointer|
|J_9_3                |   in|   40|     ap_none|                  J_9_3|       pointer|
|J_9_4                |   in|   40|     ap_none|                  J_9_4|       pointer|
|J_9_5                |   in|   40|     ap_none|                  J_9_5|       pointer|
|J_9_6                |   in|   40|     ap_none|                  J_9_6|       pointer|
|J_9_7                |   in|   40|     ap_none|                  J_9_7|       pointer|
|J_9_8                |   in|   40|     ap_none|                  J_9_8|       pointer|
|J_9_9                |   in|   40|     ap_none|                  J_9_9|       pointer|
|J_9_10               |   in|   40|     ap_none|                 J_9_10|       pointer|
|J_9_11               |   in|   40|     ap_none|                 J_9_11|       pointer|
|J_9_12               |   in|   40|     ap_none|                 J_9_12|       pointer|
|J_9_13               |   in|   40|     ap_none|                 J_9_13|       pointer|
|J_9_14               |   in|   40|     ap_none|                 J_9_14|       pointer|
|J_9_15               |   in|   40|     ap_none|                 J_9_15|       pointer|
|J_9_16               |   in|   40|     ap_none|                 J_9_16|       pointer|
|J_10_0               |   in|   40|     ap_none|                 J_10_0|       pointer|
|J_10_1               |   in|   40|     ap_none|                 J_10_1|       pointer|
|J_10_2               |   in|   40|     ap_none|                 J_10_2|       pointer|
|J_10_3               |   in|   40|     ap_none|                 J_10_3|       pointer|
|J_10_4               |   in|   40|     ap_none|                 J_10_4|       pointer|
|J_10_5               |   in|   40|     ap_none|                 J_10_5|       pointer|
|J_10_6               |   in|   40|     ap_none|                 J_10_6|       pointer|
|J_10_7               |   in|   40|     ap_none|                 J_10_7|       pointer|
|J_10_8               |   in|   40|     ap_none|                 J_10_8|       pointer|
|J_10_9               |   in|   40|     ap_none|                 J_10_9|       pointer|
|J_10_10              |   in|   40|     ap_none|                J_10_10|       pointer|
|J_10_11              |   in|   40|     ap_none|                J_10_11|       pointer|
|J_10_12              |   in|   40|     ap_none|                J_10_12|       pointer|
|J_10_13              |   in|   40|     ap_none|                J_10_13|       pointer|
|J_10_14              |   in|   40|     ap_none|                J_10_14|       pointer|
|J_10_15              |   in|   40|     ap_none|                J_10_15|       pointer|
|J_10_16              |   in|   40|     ap_none|                J_10_16|       pointer|
|J_11_0               |   in|   40|     ap_none|                 J_11_0|       pointer|
|J_11_1               |   in|   40|     ap_none|                 J_11_1|       pointer|
|J_11_2               |   in|   40|     ap_none|                 J_11_2|       pointer|
|J_11_3               |   in|   40|     ap_none|                 J_11_3|       pointer|
|J_11_4               |   in|   40|     ap_none|                 J_11_4|       pointer|
|J_11_5               |   in|   40|     ap_none|                 J_11_5|       pointer|
|J_11_6               |   in|   40|     ap_none|                 J_11_6|       pointer|
|J_11_7               |   in|   40|     ap_none|                 J_11_7|       pointer|
|J_11_8               |   in|   40|     ap_none|                 J_11_8|       pointer|
|J_11_9               |   in|   40|     ap_none|                 J_11_9|       pointer|
|J_11_10              |   in|   40|     ap_none|                J_11_10|       pointer|
|J_11_11              |   in|   40|     ap_none|                J_11_11|       pointer|
|J_11_12              |   in|   40|     ap_none|                J_11_12|       pointer|
|J_11_13              |   in|   40|     ap_none|                J_11_13|       pointer|
|J_11_14              |   in|   40|     ap_none|                J_11_14|       pointer|
|J_11_15              |   in|   40|     ap_none|                J_11_15|       pointer|
|J_11_16              |   in|   40|     ap_none|                J_11_16|       pointer|
|J_12_0               |   in|   40|     ap_none|                 J_12_0|       pointer|
|J_12_1               |   in|   40|     ap_none|                 J_12_1|       pointer|
|J_12_2               |   in|   40|     ap_none|                 J_12_2|       pointer|
|J_12_3               |   in|   40|     ap_none|                 J_12_3|       pointer|
|J_12_4               |   in|   40|     ap_none|                 J_12_4|       pointer|
|J_12_5               |   in|   40|     ap_none|                 J_12_5|       pointer|
|J_12_6               |   in|   40|     ap_none|                 J_12_6|       pointer|
|J_12_7               |   in|   40|     ap_none|                 J_12_7|       pointer|
|J_12_8               |   in|   40|     ap_none|                 J_12_8|       pointer|
|J_12_9               |   in|   40|     ap_none|                 J_12_9|       pointer|
|J_12_10              |   in|   40|     ap_none|                J_12_10|       pointer|
|J_12_11              |   in|   40|     ap_none|                J_12_11|       pointer|
|J_12_12              |   in|   40|     ap_none|                J_12_12|       pointer|
|J_12_13              |   in|   40|     ap_none|                J_12_13|       pointer|
|J_12_14              |   in|   40|     ap_none|                J_12_14|       pointer|
|J_12_15              |   in|   40|     ap_none|                J_12_15|       pointer|
|J_12_16              |   in|   40|     ap_none|                J_12_16|       pointer|
|J_13_0               |   in|   40|     ap_none|                 J_13_0|       pointer|
|J_13_1               |   in|   40|     ap_none|                 J_13_1|       pointer|
|J_13_2               |   in|   40|     ap_none|                 J_13_2|       pointer|
|J_13_3               |   in|   40|     ap_none|                 J_13_3|       pointer|
|J_13_4               |   in|   40|     ap_none|                 J_13_4|       pointer|
|J_13_5               |   in|   40|     ap_none|                 J_13_5|       pointer|
|J_13_6               |   in|   40|     ap_none|                 J_13_6|       pointer|
|J_13_7               |   in|   40|     ap_none|                 J_13_7|       pointer|
|J_13_8               |   in|   40|     ap_none|                 J_13_8|       pointer|
|J_13_9               |   in|   40|     ap_none|                 J_13_9|       pointer|
|J_13_10              |   in|   40|     ap_none|                J_13_10|       pointer|
|J_13_11              |   in|   40|     ap_none|                J_13_11|       pointer|
|J_13_12              |   in|   40|     ap_none|                J_13_12|       pointer|
|J_13_13              |   in|   40|     ap_none|                J_13_13|       pointer|
|J_13_14              |   in|   40|     ap_none|                J_13_14|       pointer|
|J_13_15              |   in|   40|     ap_none|                J_13_15|       pointer|
|J_13_16              |   in|   40|     ap_none|                J_13_16|       pointer|
|J_14_0               |   in|   40|     ap_none|                 J_14_0|       pointer|
|J_14_1               |   in|   40|     ap_none|                 J_14_1|       pointer|
|J_14_2               |   in|   40|     ap_none|                 J_14_2|       pointer|
|J_14_3               |   in|   40|     ap_none|                 J_14_3|       pointer|
|J_14_4               |   in|   40|     ap_none|                 J_14_4|       pointer|
|J_14_5               |   in|   40|     ap_none|                 J_14_5|       pointer|
|J_14_6               |   in|   40|     ap_none|                 J_14_6|       pointer|
|J_14_7               |   in|   40|     ap_none|                 J_14_7|       pointer|
|J_14_8               |   in|   40|     ap_none|                 J_14_8|       pointer|
|J_14_9               |   in|   40|     ap_none|                 J_14_9|       pointer|
|J_14_10              |   in|   40|     ap_none|                J_14_10|       pointer|
|J_14_11              |   in|   40|     ap_none|                J_14_11|       pointer|
|J_14_12              |   in|   40|     ap_none|                J_14_12|       pointer|
|J_14_13              |   in|   40|     ap_none|                J_14_13|       pointer|
|J_14_14              |   in|   40|     ap_none|                J_14_14|       pointer|
|J_14_15              |   in|   40|     ap_none|                J_14_15|       pointer|
|J_14_16              |   in|   40|     ap_none|                J_14_16|       pointer|
|J_15_0               |   in|   40|     ap_none|                 J_15_0|       pointer|
|J_15_1               |   in|   40|     ap_none|                 J_15_1|       pointer|
|J_15_2               |   in|   40|     ap_none|                 J_15_2|       pointer|
|J_15_3               |   in|   40|     ap_none|                 J_15_3|       pointer|
|J_15_4               |   in|   40|     ap_none|                 J_15_4|       pointer|
|J_15_5               |   in|   40|     ap_none|                 J_15_5|       pointer|
|J_15_6               |   in|   40|     ap_none|                 J_15_6|       pointer|
|J_15_7               |   in|   40|     ap_none|                 J_15_7|       pointer|
|J_15_8               |   in|   40|     ap_none|                 J_15_8|       pointer|
|J_15_9               |   in|   40|     ap_none|                 J_15_9|       pointer|
|J_15_10              |   in|   40|     ap_none|                J_15_10|       pointer|
|J_15_11              |   in|   40|     ap_none|                J_15_11|       pointer|
|J_15_12              |   in|   40|     ap_none|                J_15_12|       pointer|
|J_15_13              |   in|   40|     ap_none|                J_15_13|       pointer|
|J_15_14              |   in|   40|     ap_none|                J_15_14|       pointer|
|J_15_15              |   in|   40|     ap_none|                J_15_15|       pointer|
|J_15_16              |   in|   40|     ap_none|                J_15_16|       pointer|
|J_16_0               |   in|   40|     ap_none|                 J_16_0|       pointer|
|J_16_1               |   in|   40|     ap_none|                 J_16_1|       pointer|
|J_16_2               |   in|   40|     ap_none|                 J_16_2|       pointer|
|J_16_3               |   in|   40|     ap_none|                 J_16_3|       pointer|
|J_16_4               |   in|   40|     ap_none|                 J_16_4|       pointer|
|J_16_5               |   in|   40|     ap_none|                 J_16_5|       pointer|
|J_16_6               |   in|   40|     ap_none|                 J_16_6|       pointer|
|J_16_7               |   in|   40|     ap_none|                 J_16_7|       pointer|
|J_16_8               |   in|   40|     ap_none|                 J_16_8|       pointer|
|J_16_9               |   in|   40|     ap_none|                 J_16_9|       pointer|
|J_16_10              |   in|   40|     ap_none|                J_16_10|       pointer|
|J_16_11              |   in|   40|     ap_none|                J_16_11|       pointer|
|J_16_12              |   in|   40|     ap_none|                J_16_12|       pointer|
|J_16_13              |   in|   40|     ap_none|                J_16_13|       pointer|
|J_16_14              |   in|   40|     ap_none|                J_16_14|       pointer|
|J_16_15              |   in|   40|     ap_none|                J_16_15|       pointer|
|J_16_16              |   in|   40|     ap_none|                J_16_16|       pointer|
|h_0                  |   in|   40|     ap_none|                    h_0|       pointer|
|h_1                  |   in|   40|     ap_none|                    h_1|       pointer|
|h_2                  |   in|   40|     ap_none|                    h_2|       pointer|
|h_3                  |   in|   40|     ap_none|                    h_3|       pointer|
|h_4                  |   in|   40|     ap_none|                    h_4|       pointer|
|h_5                  |   in|   40|     ap_none|                    h_5|       pointer|
|h_6                  |   in|   40|     ap_none|                    h_6|       pointer|
|h_7                  |   in|   40|     ap_none|                    h_7|       pointer|
|h_8                  |   in|   40|     ap_none|                    h_8|       pointer|
|h_9                  |   in|   40|     ap_none|                    h_9|       pointer|
|h_10                 |   in|   40|     ap_none|                   h_10|       pointer|
|h_11                 |   in|   40|     ap_none|                   h_11|       pointer|
|h_12                 |   in|   40|     ap_none|                   h_12|       pointer|
|h_13                 |   in|   40|     ap_none|                   h_13|       pointer|
|h_14                 |   in|   40|     ap_none|                   h_14|       pointer|
|h_15                 |   in|   40|     ap_none|                   h_15|       pointer|
|h_16                 |   in|   40|     ap_none|                   h_16|       pointer|
|s_0                  |   in|    1|     ap_none|                    s_0|       pointer|
|s_1                  |   in|    1|     ap_none|                    s_1|       pointer|
|s_2                  |   in|    1|     ap_none|                    s_2|       pointer|
|s_3                  |   in|    1|     ap_none|                    s_3|       pointer|
|s_4                  |   in|    1|     ap_none|                    s_4|       pointer|
|s_5                  |   in|    1|     ap_none|                    s_5|       pointer|
|s_6                  |   in|    1|     ap_none|                    s_6|       pointer|
|s_7                  |   in|    1|     ap_none|                    s_7|       pointer|
|s_8                  |   in|    1|     ap_none|                    s_8|       pointer|
|s_9                  |   in|    1|     ap_none|                    s_9|       pointer|
|s_10                 |   in|    1|     ap_none|                   s_10|       pointer|
|s_11                 |   in|    1|     ap_none|                   s_11|       pointer|
|s_12                 |   in|    1|     ap_none|                   s_12|       pointer|
|s_13                 |   in|    1|     ap_none|                   s_13|       pointer|
|s_14                 |   in|    1|     ap_none|                   s_14|       pointer|
|s_15                 |   in|    1|     ap_none|                   s_15|       pointer|
|s_16                 |   in|    1|     ap_none|                   s_16|       pointer|
|i                    |   in|   32|     ap_none|                      i|        scalar|
|old_energy           |   in|   40|     ap_none|             old_energy|        scalar|
|beta                 |   in|   40|     ap_none|                   beta|        scalar|
|u                    |   in|   40|     ap_none|                      u|        scalar|
|accepted             |  out|    1|      ap_vld|               accepted|       pointer|
|accepted_ap_vld      |  out|    1|      ap_vld|               accepted|       pointer|
|delta_energy         |  out|   40|      ap_vld|           delta_energy|       pointer|
|delta_energy_ap_vld  |  out|    1|      ap_vld|           delta_energy|       pointer|
|new_energy           |  out|   40|      ap_vld|             new_energy|       pointer|
|new_energy_ap_vld    |  out|    1|      ap_vld|             new_energy|       pointer|
+---------------------+-----+-----+------------+-----------------------+--------------+

