

================================================================
== Synthesis Summary Report of 'uniform_metropolis_step'
================================================================
+ General Information: 
    * Date:           Tue May 19 20:32:55 2026
    * Version:        2025.2 (Build 6295257 on Nov 14 2025)
    * Project:        hls_uniform_metropolis_step_N11
    * Solution:       hls (Vivado IP Flow Target)
    * Product family: virtexuplus
    * Target device:  xcvu19p-fsva3824-2-e
    

* Performance & Resource Estimates: 
+---------------------------+------+---------------+----------+---------+------+----------+---------+---------+------+------+---------+------------+-------------+-----+
|          Modules          | Issue|               | Iteration|         | Trip |          |      Latency      |      |      |         |            |             |     |
|          & Loops          | Type | Violation Type|  Latency | Interval| Count| Pipelined| (cycles)|   (ns)  | Slack| BRAM |   DSP   |     FF     |     LUT     | URAM|
+---------------------------+------+---------------+----------+---------+------+----------+---------+---------+------+------+---------+------------+-------------+-----+
|+ uniform_metropolis_step  |     -|              -|         -|       42|     -|        no|       41|  136.653|  0.04|     -|  7 (~0%)|  4952 (~0%)|  10054 (~0%)|    -|
| + uniform_delta_energy    |     -|              -|         -|       29|     -|        no|       29|   96.657|  0.04|     -|        -|  1390 (~0%)|   9085 (~0%)|    -|
+---------------------------+------+---------------+----------+---------+------+----------+---------+---------+------+------+---------+------------+-------------+-----+
    Name Prefix: '+' for module, 'o' for loop, '*' for dataflow


================================================================
== HW Interfaces
================================================================
* Other Ports
+--------------+---------+-----------+----------+
| Port         | Mode    | Direction | Bitwidth |
+--------------+---------+-----------+----------+
| J_0_0        | ap_none | in        | 40       |
| J_0_1        | ap_none | in        | 40       |
| J_0_10       | ap_none | in        | 40       |
| J_0_2        | ap_none | in        | 40       |
| J_0_3        | ap_none | in        | 40       |
| J_0_4        | ap_none | in        | 40       |
| J_0_5        | ap_none | in        | 40       |
| J_0_6        | ap_none | in        | 40       |
| J_0_7        | ap_none | in        | 40       |
| J_0_8        | ap_none | in        | 40       |
| J_0_9        | ap_none | in        | 40       |
| J_10_0       | ap_none | in        | 40       |
| J_10_1       | ap_none | in        | 40       |
| J_10_10      | ap_none | in        | 40       |
| J_10_2       | ap_none | in        | 40       |
| J_10_3       | ap_none | in        | 40       |
| J_10_4       | ap_none | in        | 40       |
| J_10_5       | ap_none | in        | 40       |
| J_10_6       | ap_none | in        | 40       |
| J_10_7       | ap_none | in        | 40       |
| J_10_8       | ap_none | in        | 40       |
| J_10_9       | ap_none | in        | 40       |
| J_1_0        | ap_none | in        | 40       |
| J_1_1        | ap_none | in        | 40       |
| J_1_10       | ap_none | in        | 40       |
| J_1_2        | ap_none | in        | 40       |
| J_1_3        | ap_none | in        | 40       |
| J_1_4        | ap_none | in        | 40       |
| J_1_5        | ap_none | in        | 40       |
| J_1_6        | ap_none | in        | 40       |
| J_1_7        | ap_none | in        | 40       |
| J_1_8        | ap_none | in        | 40       |
| J_1_9        | ap_none | in        | 40       |
| J_2_0        | ap_none | in        | 40       |
| J_2_1        | ap_none | in        | 40       |
| J_2_10       | ap_none | in        | 40       |
| J_2_2        | ap_none | in        | 40       |
| J_2_3        | ap_none | in        | 40       |
| J_2_4        | ap_none | in        | 40       |
| J_2_5        | ap_none | in        | 40       |
| J_2_6        | ap_none | in        | 40       |
| J_2_7        | ap_none | in        | 40       |
| J_2_8        | ap_none | in        | 40       |
| J_2_9        | ap_none | in        | 40       |
| J_3_0        | ap_none | in        | 40       |
| J_3_1        | ap_none | in        | 40       |
| J_3_10       | ap_none | in        | 40       |
| J_3_2        | ap_none | in        | 40       |
| J_3_3        | ap_none | in        | 40       |
| J_3_4        | ap_none | in        | 40       |
| J_3_5        | ap_none | in        | 40       |
| J_3_6        | ap_none | in        | 40       |
| J_3_7        | ap_none | in        | 40       |
| J_3_8        | ap_none | in        | 40       |
| J_3_9        | ap_none | in        | 40       |
| J_4_0        | ap_none | in        | 40       |
| J_4_1        | ap_none | in        | 40       |
| J_4_10       | ap_none | in        | 40       |
| J_4_2        | ap_none | in        | 40       |
| J_4_3        | ap_none | in        | 40       |
| J_4_4        | ap_none | in        | 40       |
| J_4_5        | ap_none | in        | 40       |
| J_4_6        | ap_none | in        | 40       |
| J_4_7        | ap_none | in        | 40       |
| J_4_8        | ap_none | in        | 40       |
| J_4_9        | ap_none | in        | 40       |
| J_5_0        | ap_none | in        | 40       |
| J_5_1        | ap_none | in        | 40       |
| J_5_10       | ap_none | in        | 40       |
| J_5_2        | ap_none | in        | 40       |
| J_5_3        | ap_none | in        | 40       |
| J_5_4        | ap_none | in        | 40       |
| J_5_5        | ap_none | in        | 40       |
| J_5_6        | ap_none | in        | 40       |
| J_5_7        | ap_none | in        | 40       |
| J_5_8        | ap_none | in        | 40       |
| J_5_9        | ap_none | in        | 40       |
| J_6_0        | ap_none | in        | 40       |
| J_6_1        | ap_none | in        | 40       |
| J_6_10       | ap_none | in        | 40       |
| J_6_2        | ap_none | in        | 40       |
| J_6_3        | ap_none | in        | 40       |
| J_6_4        | ap_none | in        | 40       |
| J_6_5        | ap_none | in        | 40       |
| J_6_6        | ap_none | in        | 40       |
| J_6_7        | ap_none | in        | 40       |
| J_6_8        | ap_none | in        | 40       |
| J_6_9        | ap_none | in        | 40       |
| J_7_0        | ap_none | in        | 40       |
| J_7_1        | ap_none | in        | 40       |
| J_7_10       | ap_none | in        | 40       |
| J_7_2        | ap_none | in        | 40       |
| J_7_3        | ap_none | in        | 40       |
| J_7_4        | ap_none | in        | 40       |
| J_7_5        | ap_none | in        | 40       |
| J_7_6        | ap_none | in        | 40       |
| J_7_7        | ap_none | in        | 40       |
| J_7_8        | ap_none | in        | 40       |
| J_7_9        | ap_none | in        | 40       |
| J_8_0        | ap_none | in        | 40       |
| J_8_1        | ap_none | in        | 40       |
| J_8_10       | ap_none | in        | 40       |
| J_8_2        | ap_none | in        | 40       |
| J_8_3        | ap_none | in        | 40       |
| J_8_4        | ap_none | in        | 40       |
| J_8_5        | ap_none | in        | 40       |
| J_8_6        | ap_none | in        | 40       |
| J_8_7        | ap_none | in        | 40       |
| J_8_8        | ap_none | in        | 40       |
| J_8_9        | ap_none | in        | 40       |
| J_9_0        | ap_none | in        | 40       |
| J_9_1        | ap_none | in        | 40       |
| J_9_10       | ap_none | in        | 40       |
| J_9_2        | ap_none | in        | 40       |
| J_9_3        | ap_none | in        | 40       |
| J_9_4        | ap_none | in        | 40       |
| J_9_5        | ap_none | in        | 40       |
| J_9_6        | ap_none | in        | 40       |
| J_9_7        | ap_none | in        | 40       |
| J_9_8        | ap_none | in        | 40       |
| J_9_9        | ap_none | in        | 40       |
| accepted     | ap_vld  | out       | 1        |
| beta         | ap_none | in        | 40       |
| delta_energy | ap_vld  | out       | 40       |
| h_0          | ap_none | in        | 40       |
| h_1          | ap_none | in        | 40       |
| h_10         | ap_none | in        | 40       |
| h_2          | ap_none | in        | 40       |
| h_3          | ap_none | in        | 40       |
| h_4          | ap_none | in        | 40       |
| h_5          | ap_none | in        | 40       |
| h_6          | ap_none | in        | 40       |
| h_7          | ap_none | in        | 40       |
| h_8          | ap_none | in        | 40       |
| h_9          | ap_none | in        | 40       |
| new_energy   | ap_vld  | out       | 40       |
| old_energy   | ap_none | in        | 40       |
| u            | ap_none | in        | 40       |
| y_0          | ap_none | in        | 1        |
| y_1          | ap_none | in        | 1        |
| y_10         | ap_none | in        | 1        |
| y_2          | ap_none | in        | 1        |
| y_3          | ap_none | in        | 1        |
| y_4          | ap_none | in        | 1        |
| y_5          | ap_none | in        | 1        |
| y_6          | ap_none | in        | 1        |
| y_7          | ap_none | in        | 1        |
| y_8          | ap_none | in        | 1        |
| y_9          | ap_none | in        | 1        |
+--------------+---------+-----------+----------+

* TOP LEVEL CONTROL
+-----------+------------+-----------------------------------+
| Interface | Type       | Ports                             |
+-----------+------------+-----------------------------------+
| ap_clk    | clock      | ap_clk                            |
| ap_rst    | reset      | ap_rst                            |
| ap_ctrl   | ap_ctrl_hs | ap_done ap_idle ap_ready ap_start |
+-----------+------------+-----------------------------------+


================================================================
== SW I/O Information
================================================================
* Top Function Arguments
+--------------+-----------+---------------------------------------------------------+
| Argument     | Direction | Datatype                                                |
+--------------+-----------+---------------------------------------------------------+
| J            | in        | ap_fixed<40, 16, (ap_q_mode)5, (ap_o_mode)3, 0> const * |
| h            | in        | ap_fixed<40, 16, (ap_q_mode)5, (ap_o_mode)3, 0> const * |
| y            | in        | bool const *                                            |
| old_energy   | in        | ap_fixed<40, 16, (ap_q_mode)5, (ap_o_mode)3, 0>         |
| beta         | in        | ap_fixed<40, 16, (ap_q_mode)5, (ap_o_mode)3, 0>         |
| u            | in        | ap_ufixed<40, 1, (ap_q_mode)5, (ap_o_mode)3, 0>         |
| accepted     | out       | bool*                                                   |
| delta_energy | out       | ap_fixed<40, 16, (ap_q_mode)5, (ap_o_mode)3, 0>*        |
| new_energy   | out       | ap_fixed<40, 16, (ap_q_mode)5, (ap_o_mode)3, 0>*        |
+--------------+-----------+---------------------------------------------------------+

* SW-to-HW Mapping
+--------------+---------------------+---------+
| Argument     | HW Interface        | HW Type |
+--------------+---------------------+---------+
| J            | J_0_0               | port    |
| J            | J_0_1               | port    |
| J            | J_0_2               | port    |
| J            | J_0_3               | port    |
| J            | J_0_4               | port    |
| J            | J_0_5               | port    |
| J            | J_0_6               | port    |
| J            | J_0_7               | port    |
| J            | J_0_8               | port    |
| J            | J_0_9               | port    |
| J            | J_0_10              | port    |
| J            | J_1_0               | port    |
| J            | J_1_1               | port    |
| J            | J_1_2               | port    |
| J            | J_1_3               | port    |
| J            | J_1_4               | port    |
| J            | J_1_5               | port    |
| J            | J_1_6               | port    |
| J            | J_1_7               | port    |
| J            | J_1_8               | port    |
| J            | J_1_9               | port    |
| J            | J_1_10              | port    |
| J            | J_2_0               | port    |
| J            | J_2_1               | port    |
| J            | J_2_2               | port    |
| J            | J_2_3               | port    |
| J            | J_2_4               | port    |
| J            | J_2_5               | port    |
| J            | J_2_6               | port    |
| J            | J_2_7               | port    |
| J            | J_2_8               | port    |
| J            | J_2_9               | port    |
| J            | J_2_10              | port    |
| J            | J_3_0               | port    |
| J            | J_3_1               | port    |
| J            | J_3_2               | port    |
| J            | J_3_3               | port    |
| J            | J_3_4               | port    |
| J            | J_3_5               | port    |
| J            | J_3_6               | port    |
| J            | J_3_7               | port    |
| J            | J_3_8               | port    |
| J            | J_3_9               | port    |
| J            | J_3_10              | port    |
| J            | J_4_0               | port    |
| J            | J_4_1               | port    |
| J            | J_4_2               | port    |
| J            | J_4_3               | port    |
| J            | J_4_4               | port    |
| J            | J_4_5               | port    |
| J            | J_4_6               | port    |
| J            | J_4_7               | port    |
| J            | J_4_8               | port    |
| J            | J_4_9               | port    |
| J            | J_4_10              | port    |
| J            | J_5_0               | port    |
| J            | J_5_1               | port    |
| J            | J_5_2               | port    |
| J            | J_5_3               | port    |
| J            | J_5_4               | port    |
| J            | J_5_5               | port    |
| J            | J_5_6               | port    |
| J            | J_5_7               | port    |
| J            | J_5_8               | port    |
| J            | J_5_9               | port    |
| J            | J_5_10              | port    |
| J            | J_6_0               | port    |
| J            | J_6_1               | port    |
| J            | J_6_2               | port    |
| J            | J_6_3               | port    |
| J            | J_6_4               | port    |
| J            | J_6_5               | port    |
| J            | J_6_6               | port    |
| J            | J_6_7               | port    |
| J            | J_6_8               | port    |
| J            | J_6_9               | port    |
| J            | J_6_10              | port    |
| J            | J_7_0               | port    |
| J            | J_7_1               | port    |
| J            | J_7_2               | port    |
| J            | J_7_3               | port    |
| J            | J_7_4               | port    |
| J            | J_7_5               | port    |
| J            | J_7_6               | port    |
| J            | J_7_7               | port    |
| J            | J_7_8               | port    |
| J            | J_7_9               | port    |
| J            | J_7_10              | port    |
| J            | J_8_0               | port    |
| J            | J_8_1               | port    |
| J            | J_8_2               | port    |
| J            | J_8_3               | port    |
| J            | J_8_4               | port    |
| J            | J_8_5               | port    |
| J            | J_8_6               | port    |
| J            | J_8_7               | port    |
| J            | J_8_8               | port    |
| J            | J_8_9               | port    |
| J            | J_8_10              | port    |
| J            | J_9_0               | port    |
| J            | J_9_1               | port    |
| J            | J_9_2               | port    |
| J            | J_9_3               | port    |
| J            | J_9_4               | port    |
| J            | J_9_5               | port    |
| J            | J_9_6               | port    |
| J            | J_9_7               | port    |
| J            | J_9_8               | port    |
| J            | J_9_9               | port    |
| J            | J_9_10              | port    |
| J            | J_10_0              | port    |
| J            | J_10_1              | port    |
| J            | J_10_2              | port    |
| J            | J_10_3              | port    |
| J            | J_10_4              | port    |
| J            | J_10_5              | port    |
| J            | J_10_6              | port    |
| J            | J_10_7              | port    |
| J            | J_10_8              | port    |
| J            | J_10_9              | port    |
| J            | J_10_10             | port    |
| h            | h_0                 | port    |
| h            | h_1                 | port    |
| h            | h_2                 | port    |
| h            | h_3                 | port    |
| h            | h_4                 | port    |
| h            | h_5                 | port    |
| h            | h_6                 | port    |
| h            | h_7                 | port    |
| h            | h_8                 | port    |
| h            | h_9                 | port    |
| h            | h_10                | port    |
| y            | y_0                 | port    |
| y            | y_1                 | port    |
| y            | y_2                 | port    |
| y            | y_3                 | port    |
| y            | y_4                 | port    |
| y            | y_5                 | port    |
| y            | y_6                 | port    |
| y            | y_7                 | port    |
| y            | y_8                 | port    |
| y            | y_9                 | port    |
| y            | y_10                | port    |
| old_energy   | old_energy          | port    |
| beta         | beta                | port    |
| u            | u                   | port    |
| accepted     | accepted            | port    |
| accepted     | accepted_ap_vld     | port    |
| delta_energy | delta_energy        | port    |
| delta_energy | delta_energy_ap_vld | port    |
| new_energy   | new_energy          | port    |
| new_energy   | new_energy_ap_vld   | port    |
+--------------+---------------------+---------+


================================================================
== Bind Op Report
================================================================
+----------------------------+-----+--------+--------------+-----------+------------------------+---------+
| Name                       | DSP | Pragma | Variable     | Op        | Impl                   | Latency |
+----------------------------+-----+--------+--------------+-----------+------------------------+---------+
| + uniform_metropolis_step  | 7   |        |              |           |                        |         |
|   icmp_ln116_fu_1131_p2    |     |        | icmp_ln116   | setlt     | auto                   | 0       |
|   mul_40ns_40s_64_2_1_U80  | 5   |        | mul_ln120    | mul       | auto                   | 1       |
|   icmp_ln59_fu_1183_p2     |     |        | icmp_ln59    | setlt     | auto                   | 0       |
|   sub_ln75_fu_1195_p2      |     |        | sub_ln75     | sub       | fabric                 | 0       |
|   sub_ln75_1_fu_1216_p2    |     |        | sub_ln75_1   | sub       | fabric                 | 0       |
|   select_ln75_fu_1228_p3   |     |        | select_ln75  | select    | auto_sel               | 0       |
|   sub_ln84_fu_1269_p2      |     |        | sub_ln84     | sub       | fabric                 | 0       |
|   add_ln87_fu_1279_p2      |     |        | add_ln87     | add       | fabric                 | 0       |
|   sub_ln89_fu_1315_p2      |     |        | sub_ln89     | sub       | fabric                 | 0       |
|   mul_26s_36s_60_2_1_U79   | 2   |        | mul_ln89     | mul       | auto                   | 1       |
|   add_ln89_fu_1351_p2      |     |        | add_ln89     | add       | fabric                 | 0       |
|   icmp_ln95_fu_1377_p2     |     |        | icmp_ln95    | setgt     | auto                   | 0       |
|   p_fu_1435_p4             |     |        | select_ln95  | select    | auto_sel               | 0       |
|   xor_ln59_fu_1413_p2      |     |        | xor_ln59     | xor       | auto                   | 0       |
|   icmp_ln63_fu_1211_p2     |     |        | icmp_ln63    | setlt     | auto                   | 0       |
|   icmp_ln91_fu_1383_p2     |     |        | icmp_ln91    | setgt     | auto                   | 0       |
|   and_ln91_fu_1418_p2      |     |        | and_ln91     | and       | auto                   | 0       |
|   and_ln91_1_fu_1423_p2    |     |        | and_ln91_1   | and       | auto                   | 0       |
|   sparsemux_7_2_40_1_1_U81 |     |        | p            | sparsemux | onehotencoding_realdef | 0       |
|   icmp_ln123_fu_1455_p2    |     |        | icmp_ln123   | setlt     | auto                   | 0       |
|   xor_ln123_fu_1460_p2     |     |        | xor_ln123    | xor       | auto                   | 0       |
|   add_ln280_fu_1467_p2     |     |        | add_ln280    | add       | fabric                 | 0       |
|  + uniform_delta_energy    | 0   |        |              |           |                        |         |
|    sub_ln42_fu_630_p2      |     |        | sub_ln42     | sub       | fabric                 | 0       |
|    out_17_fu_636_p3        |     |        | out_17       | select    | auto_sel               | 0       |
|    out_18_fu_644_p2        |     |        | out_18       | sub       | fabric                 | 0       |
|    out_19_fu_650_p3        |     |        | out_19       | select    | auto_sel               | 0       |
|    sub_ln42_2_fu_658_p2    |     |        | sub_ln42_2   | sub       | fabric                 | 0       |
|    out_20_fu_664_p3        |     |        | out_20       | select    | auto_sel               | 0       |
|    out_21_fu_672_p2        |     |        | out_21       | sub       | fabric                 | 0       |
|    out_22_fu_678_p3        |     |        | out_22       | select    | auto_sel               | 0       |
|    sub_ln42_4_fu_686_p2    |     |        | sub_ln42_4   | sub       | fabric                 | 0       |
|    out_23_fu_692_p3        |     |        | out_23       | select    | auto_sel               | 0       |
|    out_24_fu_700_p2        |     |        | out_24       | sub       | fabric                 | 0       |
|    out_25_fu_706_p3        |     |        | out_25       | select    | auto_sel               | 0       |
|    sub_ln42_6_fu_714_p2    |     |        | sub_ln42_6   | sub       | fabric                 | 0       |
|    out_26_fu_720_p3        |     |        | out_26       | select    | auto_sel               | 0       |
|    out_27_fu_728_p2        |     |        | out_27       | sub       | fabric                 | 0       |
|    out_28_fu_734_p3        |     |        | out_28       | select    | auto_sel               | 0       |
|    sub_ln42_8_fu_742_p2    |     |        | sub_ln42_8   | sub       | fabric                 | 0       |
|    out_29_fu_748_p3        |     |        | out_29       | select    | auto_sel               | 0       |
|    out_30_fu_756_p2        |     |        | out_30       | sub       | fabric                 | 0       |
|    out_31_fu_762_p3        |     |        | out_31       | select    | auto_sel               | 0       |
|    sub_ln42_10_fu_770_p2   |     |        | sub_ln42_10  | sub       | fabric                 | 0       |
|    out_32_fu_776_p3        |     |        | out_32       | select    | auto_sel               | 0       |
|    add_ln183_fu_784_p2     |     |        | add_ln183    | add       | fabric                 | 0       |
|    add_ln183_4_fu_802_p2   |     |        | add_ln183_4  | add       | fabric                 | 0       |
|    xor_ln194_fu_839_p2     |     |        | xor_ln194    | xor       | auto                   | 0       |
|    e_1_fu_854_p2           |     |        | e_1          | sub       | fabric                 | 0       |
|    e_2_fu_859_p3           |     |        | e_2          | select    | auto_sel               | 0       |
|    xor_ln194_1_fu_867_p2   |     |        | xor_ln194_1  | xor       | auto                   | 0       |
|    e_3_fu_871_p2           |     |        | e_3          | sub       | fabric                 | 0       |
|    e_4_fu_877_p2           |     |        | e_4          | add       | fabric                 | 0       |
|    e_5_fu_883_p3           |     |        | e_5          | select    | auto_sel               | 0       |
|    xor_ln194_2_fu_891_p2   |     |        | xor_ln194_2  | xor       | auto                   | 0       |
|    e_6_fu_895_p2           |     |        | e_6          | sub       | fabric                 | 0       |
|    e_7_fu_900_p2           |     |        | e_7          | add       | fabric                 | 0       |
|    e_8_fu_905_p3           |     |        | e_8          | select    | auto_sel               | 0       |
|    xor_ln194_3_fu_913_p2   |     |        | xor_ln194_3  | xor       | auto                   | 0       |
|    e_9_fu_917_p2           |     |        | e_9          | sub       | fabric                 | 0       |
|    e_10_fu_923_p2          |     |        | e_10         | add       | fabric                 | 0       |
|    e_11_fu_929_p3          |     |        | e_11         | select    | auto_sel               | 0       |
|    xor_ln194_4_fu_937_p2   |     |        | xor_ln194_4  | xor       | auto                   | 0       |
|    e_12_fu_941_p2          |     |        | e_12         | sub       | fabric                 | 0       |
|    e_13_fu_946_p2          |     |        | e_13         | add       | fabric                 | 0       |
|    e_14_fu_951_p3          |     |        | e_14         | select    | auto_sel               | 0       |
|    xor_ln194_5_fu_959_p2   |     |        | xor_ln194_5  | xor       | auto                   | 0       |
|    e_15_fu_963_p2          |     |        | e_15         | sub       | fabric                 | 0       |
|    e_16_fu_969_p2          |     |        | e_16         | add       | fabric                 | 0       |
|    e_17_fu_975_p3          |     |        | e_17         | select    | auto_sel               | 0       |
|    xor_ln194_6_fu_983_p2   |     |        | xor_ln194_6  | xor       | auto                   | 0       |
|    e_18_fu_987_p2          |     |        | e_18         | sub       | fabric                 | 0       |
|    e_19_fu_992_p2          |     |        | e_19         | add       | fabric                 | 0       |
|    e_20_fu_997_p3          |     |        | e_20         | select    | auto_sel               | 0       |
|    xor_ln194_7_fu_1005_p2  |     |        | xor_ln194_7  | xor       | auto                   | 0       |
|    e_21_fu_1009_p2         |     |        | e_21         | sub       | fabric                 | 0       |
|    e_22_fu_1015_p2         |     |        | e_22         | add       | fabric                 | 0       |
|    e_23_fu_1021_p3         |     |        | e_23         | select    | auto_sel               | 0       |
|    xor_ln194_8_fu_1029_p2  |     |        | xor_ln194_8  | xor       | auto                   | 0       |
|    e_24_fu_1033_p2         |     |        | e_24         | sub       | fabric                 | 0       |
|    e_25_fu_1038_p2         |     |        | e_25         | add       | fabric                 | 0       |
|    e_26_fu_1043_p3         |     |        | e_26         | select    | auto_sel               | 0       |
|    xor_ln194_9_fu_1051_p2  |     |        | xor_ln194_9  | xor       | auto                   | 0       |
|    e_27_fu_1055_p2         |     |        | e_27         | sub       | fabric                 | 0       |
|    e_28_fu_1061_p2         |     |        | e_28         | add       | fabric                 | 0       |
|    e_29_fu_1067_p3         |     |        | e_29         | select    | auto_sel               | 0       |
|    xor_ln194_10_fu_1075_p2 |     |        | xor_ln194_10 | xor       | auto                   | 0       |
|    e_30_fu_1079_p2         |     |        | e_30         | sub       | fabric                 | 0       |
|    e_31_fu_1084_p2         |     |        | e_31         | add       | fabric                 | 0       |
|    e_32_fu_1089_p3         |     |        | e_32         | select    | auto_sel               | 0       |
|    xor_ln194_11_fu_1097_p2 |     |        | xor_ln194_11 | xor       | auto                   | 0       |
|    e_33_fu_1101_p2         |     |        | e_33         | sub       | fabric                 | 0       |
|    e_34_fu_1107_p2         |     |        | e_34         | add       | fabric                 | 0       |
|    e_35_fu_1113_p3         |     |        | e_35         | select    | auto_sel               | 0       |
|    xor_ln194_12_fu_1121_p2 |     |        | xor_ln194_12 | xor       | auto                   | 0       |
|    e_36_fu_1125_p2         |     |        | e_36         | sub       | fabric                 | 0       |
|    e_37_fu_1130_p2         |     |        | e_37         | add       | fabric                 | 0       |
|    e_38_fu_1135_p3         |     |        | e_38         | select    | auto_sel               | 0       |
|    xor_ln194_13_fu_1143_p2 |     |        | xor_ln194_13 | xor       | auto                   | 0       |
|    e_39_fu_1147_p2         |     |        | e_39         | sub       | fabric                 | 0       |
|    e_40_fu_1153_p2         |     |        | e_40         | add       | fabric                 | 0       |
|    e_41_fu_1159_p3         |     |        | e_41         | select    | auto_sel               | 0       |
|    xor_ln194_14_fu_1167_p2 |     |        | xor_ln194_14 | xor       | auto                   | 0       |
|    e_42_fu_1171_p2         |     |        | e_42         | sub       | fabric                 | 0       |
|    e_43_fu_1176_p2         |     |        | e_43         | add       | fabric                 | 0       |
|    e_44_fu_1181_p3         |     |        | e_44         | select    | auto_sel               | 0       |
|    xor_ln194_15_fu_1189_p2 |     |        | xor_ln194_15 | xor       | auto                   | 0       |
|    e_45_fu_1193_p2         |     |        | e_45         | sub       | fabric                 | 0       |
|    e_46_fu_1199_p2         |     |        | e_46         | add       | fabric                 | 0       |
|    e_47_fu_1205_p3         |     |        | e_47         | select    | auto_sel               | 0       |
|    xor_ln194_16_fu_1213_p2 |     |        | xor_ln194_16 | xor       | auto                   | 0       |
|    e_48_fu_1217_p2         |     |        | e_48         | sub       | fabric                 | 0       |
|    e_49_fu_1222_p2         |     |        | e_49         | add       | fabric                 | 0       |
|    e_50_fu_1227_p3         |     |        | e_50         | select    | auto_sel               | 0       |
|    xor_ln194_17_fu_1235_p2 |     |        | xor_ln194_17 | xor       | auto                   | 0       |
|    e_51_fu_1239_p2         |     |        | e_51         | sub       | fabric                 | 0       |
|    e_52_fu_1245_p2         |     |        | e_52         | add       | fabric                 | 0       |
|    e_53_fu_1251_p3         |     |        | e_53         | select    | auto_sel               | 0       |
|    xor_ln194_18_fu_1259_p2 |     |        | xor_ln194_18 | xor       | auto                   | 0       |
|    e_54_fu_1263_p2         |     |        | e_54         | sub       | fabric                 | 0       |
|    e_55_fu_1268_p2         |     |        | e_55         | add       | fabric                 | 0       |
|    e_56_fu_1273_p3         |     |        | e_56         | select    | auto_sel               | 0       |
|    xor_ln194_19_fu_1281_p2 |     |        | xor_ln194_19 | xor       | auto                   | 0       |
|    e_57_fu_1285_p2         |     |        | e_57         | sub       | fabric                 | 0       |
|    e_58_fu_1291_p2         |     |        | e_58         | add       | fabric                 | 0       |
|    e_59_fu_1297_p3         |     |        | e_59         | select    | auto_sel               | 0       |
|    xor_ln194_20_fu_1305_p2 |     |        | xor_ln194_20 | xor       | auto                   | 0       |
|    e_60_fu_1309_p2         |     |        | e_60         | sub       | fabric                 | 0       |
|    e_61_fu_1314_p2         |     |        | e_61         | add       | fabric                 | 0       |
|    e_62_fu_1319_p3         |     |        | e_62         | select    | auto_sel               | 0       |
|    xor_ln194_21_fu_1327_p2 |     |        | xor_ln194_21 | xor       | auto                   | 0       |
|    e_63_fu_1331_p2         |     |        | e_63         | sub       | fabric                 | 0       |
|    e_64_fu_1337_p2         |     |        | e_64         | add       | fabric                 | 0       |
|    e_65_fu_1343_p3         |     |        | e_65         | select    | auto_sel               | 0       |
|    xor_ln194_22_fu_1351_p2 |     |        | xor_ln194_22 | xor       | auto                   | 0       |
|    e_66_fu_1355_p2         |     |        | e_66         | sub       | fabric                 | 0       |
|    e_67_fu_1360_p2         |     |        | e_67         | add       | fabric                 | 0       |
|    e_68_fu_1365_p3         |     |        | e_68         | select    | auto_sel               | 0       |
|    xor_ln194_23_fu_1373_p2 |     |        | xor_ln194_23 | xor       | auto                   | 0       |
|    e_69_fu_1377_p2         |     |        | e_69         | sub       | fabric                 | 0       |
|    e_70_fu_1383_p2         |     |        | e_70         | add       | fabric                 | 0       |
|    e_71_fu_1389_p3         |     |        | e_71         | select    | auto_sel               | 0       |
|    xor_ln194_24_fu_1397_p2 |     |        | xor_ln194_24 | xor       | auto                   | 0       |
|    e_72_fu_1401_p2         |     |        | e_72         | sub       | fabric                 | 0       |
|    e_73_fu_1406_p2         |     |        | e_73         | add       | fabric                 | 0       |
|    e_74_fu_1411_p3         |     |        | e_74         | select    | auto_sel               | 0       |
|    xor_ln194_25_fu_1419_p2 |     |        | xor_ln194_25 | xor       | auto                   | 0       |
|    e_75_fu_1423_p2         |     |        | e_75         | sub       | fabric                 | 0       |
|    e_76_fu_1429_p2         |     |        | e_76         | add       | fabric                 | 0       |
|    e_77_fu_1435_p3         |     |        | e_77         | select    | auto_sel               | 0       |
|    xor_ln194_26_fu_1443_p2 |     |        | xor_ln194_26 | xor       | auto                   | 0       |
|    e_78_fu_1447_p2         |     |        | e_78         | sub       | fabric                 | 0       |
|    e_79_fu_1452_p2         |     |        | e_79         | add       | fabric                 | 0       |
|    e_80_fu_1457_p3         |     |        | e_80         | select    | auto_sel               | 0       |
|    xor_ln194_27_fu_1465_p2 |     |        | xor_ln194_27 | xor       | auto                   | 0       |
|    e_81_fu_1469_p2         |     |        | e_81         | sub       | fabric                 | 0       |
|    e_82_fu_1475_p2         |     |        | e_82         | add       | fabric                 | 0       |
|    e_83_fu_1481_p3         |     |        | e_83         | select    | auto_sel               | 0       |
|    xor_ln194_28_fu_1489_p2 |     |        | xor_ln194_28 | xor       | auto                   | 0       |
|    e_84_fu_1493_p2         |     |        | e_84         | sub       | fabric                 | 0       |
|    e_85_fu_1498_p2         |     |        | e_85         | add       | fabric                 | 0       |
|    e_86_fu_1503_p3         |     |        | e_86         | select    | auto_sel               | 0       |
|    xor_ln194_29_fu_1511_p2 |     |        | xor_ln194_29 | xor       | auto                   | 0       |
|    e_87_fu_1515_p2         |     |        | e_87         | sub       | fabric                 | 0       |
|    e_88_fu_1521_p2         |     |        | e_88         | add       | fabric                 | 0       |
|    e_89_fu_1527_p3         |     |        | e_89         | select    | auto_sel               | 0       |
|    xor_ln194_30_fu_1535_p2 |     |        | xor_ln194_30 | xor       | auto                   | 0       |
|    e_90_fu_1539_p2         |     |        | e_90         | sub       | fabric                 | 0       |
|    e_91_fu_1544_p2         |     |        | e_91         | add       | fabric                 | 0       |
|    e_92_fu_1549_p3         |     |        | e_92         | select    | auto_sel               | 0       |
|    xor_ln194_31_fu_1557_p2 |     |        | xor_ln194_31 | xor       | auto                   | 0       |
|    e_93_fu_1561_p2         |     |        | e_93         | sub       | fabric                 | 0       |
|    e_94_fu_1567_p2         |     |        | e_94         | add       | fabric                 | 0       |
|    e_95_fu_1573_p3         |     |        | e_95         | select    | auto_sel               | 0       |
|    xor_ln194_32_fu_1581_p2 |     |        | xor_ln194_32 | xor       | auto                   | 0       |
|    e_96_fu_1585_p2         |     |        | e_96         | sub       | fabric                 | 0       |
|    e_97_fu_1590_p2         |     |        | e_97         | add       | fabric                 | 0       |
|    e_98_fu_1595_p3         |     |        | e_98         | select    | auto_sel               | 0       |
|    xor_ln194_33_fu_1603_p2 |     |        | xor_ln194_33 | xor       | auto                   | 0       |
|    e_99_fu_1607_p2         |     |        | e_99         | sub       | fabric                 | 0       |
|    e_100_fu_1613_p2        |     |        | e_100        | add       | fabric                 | 0       |
|    e_101_fu_1619_p3        |     |        | e_101        | select    | auto_sel               | 0       |
|    xor_ln194_34_fu_1627_p2 |     |        | xor_ln194_34 | xor       | auto                   | 0       |
|    e_102_fu_1631_p2        |     |        | e_102        | sub       | fabric                 | 0       |
|    e_103_fu_1636_p2        |     |        | e_103        | add       | fabric                 | 0       |
|    e_104_fu_1641_p3        |     |        | e_104        | select    | auto_sel               | 0       |
|    xor_ln194_35_fu_1649_p2 |     |        | xor_ln194_35 | xor       | auto                   | 0       |
|    e_105_fu_1653_p2        |     |        | e_105        | sub       | fabric                 | 0       |
|    e_106_fu_1659_p2        |     |        | e_106        | add       | fabric                 | 0       |
|    e_107_fu_1665_p3        |     |        | e_107        | select    | auto_sel               | 0       |
|    xor_ln194_36_fu_1673_p2 |     |        | xor_ln194_36 | xor       | auto                   | 0       |
|    e_108_fu_1677_p2        |     |        | e_108        | sub       | fabric                 | 0       |
|    e_109_fu_1682_p2        |     |        | e_109        | add       | fabric                 | 0       |
|    e_110_fu_1687_p3        |     |        | e_110        | select    | auto_sel               | 0       |
|    xor_ln194_37_fu_1695_p2 |     |        | xor_ln194_37 | xor       | auto                   | 0       |
|    e_111_fu_1699_p2        |     |        | e_111        | sub       | fabric                 | 0       |
|    e_112_fu_1705_p2        |     |        | e_112        | add       | fabric                 | 0       |
|    e_113_fu_1711_p3        |     |        | e_113        | select    | auto_sel               | 0       |
|    xor_ln194_38_fu_1719_p2 |     |        | xor_ln194_38 | xor       | auto                   | 0       |
|    e_114_fu_1723_p2        |     |        | e_114        | sub       | fabric                 | 0       |
|    e_115_fu_1728_p2        |     |        | e_115        | add       | fabric                 | 0       |
|    e_116_fu_1733_p3        |     |        | e_116        | select    | auto_sel               | 0       |
|    xor_ln194_39_fu_1741_p2 |     |        | xor_ln194_39 | xor       | auto                   | 0       |
|    e_117_fu_1745_p2        |     |        | e_117        | sub       | fabric                 | 0       |
|    e_118_fu_1751_p2        |     |        | e_118        | add       | fabric                 | 0       |
|    e_119_fu_1757_p3        |     |        | e_119        | select    | auto_sel               | 0       |
|    xor_ln194_40_fu_1765_p2 |     |        | xor_ln194_40 | xor       | auto                   | 0       |
|    e_120_fu_1769_p2        |     |        | e_120        | sub       | fabric                 | 0       |
|    e_121_fu_1774_p2        |     |        | e_121        | add       | fabric                 | 0       |
|    e_122_fu_1779_p3        |     |        | e_122        | select    | auto_sel               | 0       |
|    xor_ln194_41_fu_1787_p2 |     |        | xor_ln194_41 | xor       | auto                   | 0       |
|    e_123_fu_1791_p2        |     |        | e_123        | sub       | fabric                 | 0       |
|    e_124_fu_1797_p2        |     |        | e_124        | add       | fabric                 | 0       |
|    e_125_fu_1803_p3        |     |        | e_125        | select    | auto_sel               | 0       |
|    xor_ln194_42_fu_1811_p2 |     |        | xor_ln194_42 | xor       | auto                   | 0       |
|    e_126_fu_1815_p2        |     |        | e_126        | sub       | fabric                 | 0       |
|    e_127_fu_1820_p2        |     |        | e_127        | add       | fabric                 | 0       |
|    e_128_fu_1825_p3        |     |        | e_128        | select    | auto_sel               | 0       |
|    xor_ln194_43_fu_1833_p2 |     |        | xor_ln194_43 | xor       | auto                   | 0       |
|    e_129_fu_1837_p2        |     |        | e_129        | sub       | fabric                 | 0       |
|    e_130_fu_1843_p2        |     |        | e_130        | add       | fabric                 | 0       |
|    e_131_fu_1849_p3        |     |        | e_131        | select    | auto_sel               | 0       |
|    xor_ln194_44_fu_1857_p2 |     |        | xor_ln194_44 | xor       | auto                   | 0       |
|    e_132_fu_1861_p2        |     |        | e_132        | sub       | fabric                 | 0       |
|    e_133_fu_1866_p2        |     |        | e_133        | add       | fabric                 | 0       |
|    e_134_fu_1871_p3        |     |        | e_134        | select    | auto_sel               | 0       |
|    xor_ln194_45_fu_1879_p2 |     |        | xor_ln194_45 | xor       | auto                   | 0       |
|    e_135_fu_1883_p2        |     |        | e_135        | sub       | fabric                 | 0       |
|    e_136_fu_1889_p2        |     |        | e_136        | add       | fabric                 | 0       |
|    e_137_fu_1895_p3        |     |        | e_137        | select    | auto_sel               | 0       |
|    xor_ln194_46_fu_1903_p2 |     |        | xor_ln194_46 | xor       | auto                   | 0       |
|    e_138_fu_1907_p2        |     |        | e_138        | sub       | fabric                 | 0       |
|    e_139_fu_1912_p2        |     |        | e_139        | add       | fabric                 | 0       |
|    e_140_fu_1917_p3        |     |        | e_140        | select    | auto_sel               | 0       |
|    xor_ln194_47_fu_1925_p2 |     |        | xor_ln194_47 | xor       | auto                   | 0       |
|    e_141_fu_1929_p2        |     |        | e_141        | sub       | fabric                 | 0       |
|    e_142_fu_1935_p2        |     |        | e_142        | add       | fabric                 | 0       |
|    e_143_fu_1941_p3        |     |        | e_143        | select    | auto_sel               | 0       |
|    xor_ln194_48_fu_1949_p2 |     |        | xor_ln194_48 | xor       | auto                   | 0       |
|    e_144_fu_1953_p2        |     |        | e_144        | sub       | fabric                 | 0       |
|    e_145_fu_1958_p2        |     |        | e_145        | add       | fabric                 | 0       |
|    e_146_fu_1963_p3        |     |        | e_146        | select    | auto_sel               | 0       |
|    xor_ln194_49_fu_1971_p2 |     |        | xor_ln194_49 | xor       | auto                   | 0       |
|    e_147_fu_1975_p2        |     |        | e_147        | sub       | fabric                 | 0       |
|    e_148_fu_1981_p2        |     |        | e_148        | add       | fabric                 | 0       |
|    e_149_fu_1987_p3        |     |        | e_149        | select    | auto_sel               | 0       |
|    xor_ln194_50_fu_1995_p2 |     |        | xor_ln194_50 | xor       | auto                   | 0       |
|    e_150_fu_1999_p2        |     |        | e_150        | sub       | fabric                 | 0       |
|    e_151_fu_2004_p2        |     |        | e_151        | add       | fabric                 | 0       |
|    e_152_fu_2009_p3        |     |        | e_152        | select    | auto_sel               | 0       |
|    xor_ln194_51_fu_2017_p2 |     |        | xor_ln194_51 | xor       | auto                   | 0       |
|    e_153_fu_2021_p2        |     |        | e_153        | sub       | fabric                 | 0       |
|    e_154_fu_2027_p2        |     |        | e_154        | add       | fabric                 | 0       |
|    e_155_fu_2033_p3        |     |        | e_155        | select    | auto_sel               | 0       |
|    xor_ln194_52_fu_2041_p2 |     |        | xor_ln194_52 | xor       | auto                   | 0       |
|    e_156_fu_2045_p2        |     |        | e_156        | sub       | fabric                 | 0       |
|    e_157_fu_2050_p2        |     |        | e_157        | add       | fabric                 | 0       |
|    e_158_fu_2055_p3        |     |        | e_158        | select    | auto_sel               | 0       |
|    xor_ln194_53_fu_2063_p2 |     |        | xor_ln194_53 | xor       | auto                   | 0       |
|    e_159_fu_2067_p2        |     |        | e_159        | sub       | fabric                 | 0       |
|    e_160_fu_2073_p2        |     |        | e_160        | add       | fabric                 | 0       |
|    e_161_fu_2079_p3        |     |        | e_161        | select    | auto_sel               | 0       |
|    xor_ln194_54_fu_2087_p2 |     |        | xor_ln194_54 | xor       | auto                   | 0       |
|    e_162_fu_2091_p2        |     |        | e_162        | sub       | fabric                 | 0       |
|    e_163_fu_2096_p2        |     |        | e_163        | add       | fabric                 | 0       |
|    e_164_fu_2101_p3        |     |        | e_164        | select    | auto_sel               | 0       |
|    out_fu_2109_p2          |     |        | out          | sub       | fabric                 | 0       |
+----------------------------+-----+--------+--------------+-----------+------------------------+---------+


================================================================
== Storage Report
================================================================
+---------------------------+--------+------+------+------+--------+-------------+------+---------+------------------+
| Name                      | Usage  | Type | BRAM | URAM | Pragma | Variable    | Impl | Latency | Bitwidth, Depth, |
|                           |        |      |      |      |        |             |      |         | Banks            |
+---------------------------+--------+------+------+------+--------+-------------+------+---------+------------------+
| + uniform_metropolis_step |        |      | 0    | 0    |        |             |      |         |                  |
|   EXP_NEG_LUT_U           | rom_2p |      |      |      |        | EXP_NEG_LUT | auto | 1       | 40, 1025, 1      |
+---------------------------+--------+------+------+------+--------+-------------+------+---------+------------------+


================================================================
== Pragma Report
================================================================
* Valid Pragma Syntax
+-----------------+---------------------------+--------------------------------------------------+
| Type            | Options                   | Location                                         |
+-----------------+---------------------------+--------------------------------------------------+
| ARRAY_PARTITION | variable=J complete dim=0 | in local_delta_energy (src/sk_step.cpp:139)      |
| ARRAY_PARTITION | variable=h complete dim=1 | in local_delta_energy (src/sk_step.cpp:140)      |
| ARRAY_PARTITION | variable=s complete dim=1 | in local_delta_energy (src/sk_step.cpp:141)      |
| UNROLL          |                           | in local_delta_energy (src/sk_step.cpp:146)      |
| ARRAY_PARTITION | variable=J complete dim=0 | in uniform_delta_energy (src/sk_step.cpp:174)    |
| ARRAY_PARTITION | variable=h complete dim=1 | in uniform_delta_energy (src/sk_step.cpp:175)    |
| ARRAY_PARTITION | variable=y complete dim=1 | in uniform_delta_energy (src/sk_step.cpp:176)    |
| UNROLL          |                           | in uniform_delta_energy (src/sk_step.cpp:181)    |
| UNROLL          |                           | in uniform_delta_energy (src/sk_step.cpp:187)    |
| UNROLL          |                           | in uniform_delta_energy (src/sk_step.cpp:189)    |
| ARRAY_PARTITION | variable=J complete dim=0 | in local_metropolis_step (src/sk_step.cpp:229)   |
| ARRAY_PARTITION | variable=h complete dim=1 | in local_metropolis_step (src/sk_step.cpp:230)   |
| ARRAY_PARTITION | variable=s complete dim=1 | in local_metropolis_step (src/sk_step.cpp:231)   |
| ARRAY_PARTITION | variable=J complete dim=0 | in uniform_metropolis_step (src/sk_step.cpp:269) |
| ARRAY_PARTITION | variable=h complete dim=1 | in uniform_metropolis_step (src/sk_step.cpp:270) |
| ARRAY_PARTITION | variable=y complete dim=1 | in uniform_metropolis_step (src/sk_step.cpp:271) |
+-----------------+---------------------------+--------------------------------------------------+


