

================================================================
== Vitis HLS Report for 'uniform_delta_energy'
================================================================
* Date:           Tue May 19 20:32:55 2026

* Version:        2025.2 (Build 6295257 on Nov 14 2025)
* Project:        hls_uniform_metropolis_step_N11
* Solution:       hls (Vivado IP Flow Target)
* Product family: virtexuplus
* Target device:  xcvu19p-fsva3824-2-e


================================================================
== Performance Estimates
================================================================
+ Timing: 
    * Summary: 
    +--------+---------+----------+------------+
    |  Clock |  Target | Estimated| Uncertainty|
    +--------+---------+----------+------------+
    |ap_clk  |  3.33 ns|  2.388 ns|     0.90 ns|
    +--------+---------+----------+------------+

+ Latency: 
    * Summary: 
    +---------+---------+-----------+-----------+-----+-----+---------+
    |  Latency (cycles) |   Latency (absolute)  |  Interval | Pipeline|
    |   min   |   max   |    min    |    max    | min | max |   Type  |
    +---------+---------+-----------+-----------+-----+-----+---------+
    |       29|       29|  96.657 ns|  96.657 ns|   29|   29|       no|
    +---------+---------+-----------+-----------+-----+-----+---------+

    + Detail: 
        * Instance: 
        N/A

        * Loop: 
        N/A



================================================================
== Utilization Estimates
================================================================
* Summary: 
+---------------------+---------+------+---------+---------+-----+
|         Name        | BRAM_18K|  DSP |    FF   |   LUT   | URAM|
+---------------------+---------+------+---------+---------+-----+
|DSP                  |        -|     -|        -|        -|    -|
|Expression           |        -|     -|        0|     8931|    -|
|FIFO                 |        -|     -|        -|        -|    -|
|Instance             |        -|     -|        -|        -|    -|
|Memory               |        -|     -|        -|        -|    -|
|Multiplexer          |        -|     -|        0|      154|    -|
|Register             |        -|     -|     1390|        -|    -|
+---------------------+---------+------+---------+---------+-----+
|Total                |        0|     0|     1390|     9085|    0|
+---------------------+---------+------+---------+---------+-----+
|Available SLR        |     1080|   960|  2042880|  1021440|   80|
+---------------------+---------+------+---------+---------+-----+
|Utilization SLR (%)  |        0|     0|       ~0|       ~0|    0|
+---------------------+---------+------+---------+---------+-----+
|Available            |     4320|  3840|  8171520|  4085760|  320|
+---------------------+---------+------+---------+---------+-----+
|Utilization (%)      |        0|     0|       ~0|       ~0|    0|
+---------------------+---------+------+---------+---------+-----+

+ Detail: 
    * Instance: 
    N/A

    * DSP: 
    N/A

    * Memory: 
    N/A

    * FIFO: 
    N/A

    * Expression: 
    +-------------------------+----------+----+---+----+------------+------------+
    |      Variable Name      | Operation| DSP| FF| LUT| Bitwidth P0| Bitwidth P1|
    +-------------------------+----------+----+---+----+------------+------------+
    |add_ln183_1_fu_790_p2    |         +|   0|  0|  40|          40|          40|
    |add_ln183_2_fu_796_p2    |         +|   0|  0|  40|          40|          40|
    |add_ln183_3_fu_820_p2    |         +|   0|  0|  40|          40|          40|
    |add_ln183_4_fu_802_p2    |         +|   0|  0|  47|          40|          40|
    |add_ln183_5_fu_824_p2    |         +|   0|  0|  40|          40|          40|
    |add_ln183_6_fu_808_p2    |         +|   0|  0|  40|          40|          40|
    |add_ln183_7_fu_814_p2    |         +|   0|  0|  40|          40|          40|
    |add_ln183_8_fu_828_p2    |         +|   0|  0|  40|          40|          40|
    |add_ln183_9_fu_833_p2    |         +|   0|  0|  40|          40|          40|
    |add_ln183_fu_784_p2      |         +|   0|  0|  47|          40|          40|
    |add_ln195_fu_843_p2      |         +|   0|  0|  40|          40|          40|
    |e_100_fu_1613_p2         |         +|   0|  0|  47|          40|          40|
    |e_103_fu_1636_p2         |         +|   0|  0|  47|          40|          40|
    |e_106_fu_1659_p2         |         +|   0|  0|  47|          40|          40|
    |e_109_fu_1682_p2         |         +|   0|  0|  47|          40|          40|
    |e_10_fu_923_p2           |         +|   0|  0|  47|          40|          40|
    |e_112_fu_1705_p2         |         +|   0|  0|  47|          40|          40|
    |e_115_fu_1728_p2         |         +|   0|  0|  47|          40|          40|
    |e_118_fu_1751_p2         |         +|   0|  0|  47|          40|          40|
    |e_121_fu_1774_p2         |         +|   0|  0|  47|          40|          40|
    |e_124_fu_1797_p2         |         +|   0|  0|  47|          40|          40|
    |e_127_fu_1820_p2         |         +|   0|  0|  47|          40|          40|
    |e_130_fu_1843_p2         |         +|   0|  0|  47|          40|          40|
    |e_133_fu_1866_p2         |         +|   0|  0|  47|          40|          40|
    |e_136_fu_1889_p2         |         +|   0|  0|  47|          40|          40|
    |e_139_fu_1912_p2         |         +|   0|  0|  47|          40|          40|
    |e_13_fu_946_p2           |         +|   0|  0|  47|          40|          40|
    |e_142_fu_1935_p2         |         +|   0|  0|  47|          40|          40|
    |e_145_fu_1958_p2         |         +|   0|  0|  47|          40|          40|
    |e_148_fu_1981_p2         |         +|   0|  0|  47|          40|          40|
    |e_151_fu_2004_p2         |         +|   0|  0|  47|          40|          40|
    |e_154_fu_2027_p2         |         +|   0|  0|  47|          40|          40|
    |e_157_fu_2050_p2         |         +|   0|  0|  47|          40|          40|
    |e_160_fu_2073_p2         |         +|   0|  0|  47|          40|          40|
    |e_163_fu_2096_p2         |         +|   0|  0|  47|          40|          40|
    |e_16_fu_969_p2           |         +|   0|  0|  47|          40|          40|
    |e_19_fu_992_p2           |         +|   0|  0|  47|          40|          40|
    |e_22_fu_1015_p2          |         +|   0|  0|  47|          40|          40|
    |e_25_fu_1038_p2          |         +|   0|  0|  47|          40|          40|
    |e_28_fu_1061_p2          |         +|   0|  0|  47|          40|          40|
    |e_31_fu_1084_p2          |         +|   0|  0|  47|          40|          40|
    |e_34_fu_1107_p2          |         +|   0|  0|  47|          40|          40|
    |e_37_fu_1130_p2          |         +|   0|  0|  47|          40|          40|
    |e_40_fu_1153_p2          |         +|   0|  0|  47|          40|          40|
    |e_43_fu_1176_p2          |         +|   0|  0|  47|          40|          40|
    |e_46_fu_1199_p2          |         +|   0|  0|  47|          40|          40|
    |e_49_fu_1222_p2          |         +|   0|  0|  47|          40|          40|
    |e_4_fu_877_p2            |         +|   0|  0|  47|          40|          40|
    |e_52_fu_1245_p2          |         +|   0|  0|  47|          40|          40|
    |e_55_fu_1268_p2          |         +|   0|  0|  47|          40|          40|
    |e_58_fu_1291_p2          |         +|   0|  0|  47|          40|          40|
    |e_61_fu_1314_p2          |         +|   0|  0|  47|          40|          40|
    |e_64_fu_1337_p2          |         +|   0|  0|  47|          40|          40|
    |e_67_fu_1360_p2          |         +|   0|  0|  47|          40|          40|
    |e_70_fu_1383_p2          |         +|   0|  0|  47|          40|          40|
    |e_73_fu_1406_p2          |         +|   0|  0|  47|          40|          40|
    |e_76_fu_1429_p2          |         +|   0|  0|  47|          40|          40|
    |e_79_fu_1452_p2          |         +|   0|  0|  47|          40|          40|
    |e_7_fu_900_p2            |         +|   0|  0|  47|          40|          40|
    |e_82_fu_1475_p2          |         +|   0|  0|  47|          40|          40|
    |e_85_fu_1498_p2          |         +|   0|  0|  47|          40|          40|
    |e_88_fu_1521_p2          |         +|   0|  0|  47|          40|          40|
    |e_91_fu_1544_p2          |         +|   0|  0|  47|          40|          40|
    |e_94_fu_1567_p2          |         +|   0|  0|  47|          40|          40|
    |e_97_fu_1590_p2          |         +|   0|  0|  47|          40|          40|
    |e_102_fu_1631_p2         |         -|   0|  0|  47|          40|          40|
    |e_105_fu_1653_p2         |         -|   0|  0|  47|          40|          40|
    |e_108_fu_1677_p2         |         -|   0|  0|  47|          40|          40|
    |e_111_fu_1699_p2         |         -|   0|  0|  47|          40|          40|
    |e_114_fu_1723_p2         |         -|   0|  0|  47|          40|          40|
    |e_117_fu_1745_p2         |         -|   0|  0|  47|          40|          40|
    |e_120_fu_1769_p2         |         -|   0|  0|  47|          40|          40|
    |e_123_fu_1791_p2         |         -|   0|  0|  47|          40|          40|
    |e_126_fu_1815_p2         |         -|   0|  0|  47|          40|          40|
    |e_129_fu_1837_p2         |         -|   0|  0|  47|          40|          40|
    |e_12_fu_941_p2           |         -|   0|  0|  47|          40|          40|
    |e_132_fu_1861_p2         |         -|   0|  0|  47|          40|          40|
    |e_135_fu_1883_p2         |         -|   0|  0|  47|          40|          40|
    |e_138_fu_1907_p2         |         -|   0|  0|  47|          40|          40|
    |e_141_fu_1929_p2         |         -|   0|  0|  47|          40|          40|
    |e_144_fu_1953_p2         |         -|   0|  0|  47|          40|          40|
    |e_147_fu_1975_p2         |         -|   0|  0|  47|          40|          40|
    |e_150_fu_1999_p2         |         -|   0|  0|  47|          40|          40|
    |e_153_fu_2021_p2         |         -|   0|  0|  47|          40|          40|
    |e_156_fu_2045_p2         |         -|   0|  0|  47|          40|          40|
    |e_159_fu_2067_p2         |         -|   0|  0|  47|          40|          40|
    |e_15_fu_963_p2           |         -|   0|  0|  47|          40|          40|
    |e_162_fu_2091_p2         |         -|   0|  0|  47|          40|          40|
    |e_18_fu_987_p2           |         -|   0|  0|  47|          40|          40|
    |e_1_fu_854_p2            |         -|   0|  0|  47|          40|          40|
    |e_21_fu_1009_p2          |         -|   0|  0|  47|          40|          40|
    |e_24_fu_1033_p2          |         -|   0|  0|  47|          40|          40|
    |e_27_fu_1055_p2          |         -|   0|  0|  47|          40|          40|
    |e_30_fu_1079_p2          |         -|   0|  0|  47|          40|          40|
    |e_33_fu_1101_p2          |         -|   0|  0|  47|          40|          40|
    |e_36_fu_1125_p2          |         -|   0|  0|  47|          40|          40|
    |e_39_fu_1147_p2          |         -|   0|  0|  47|          40|          40|
    |e_3_fu_871_p2            |         -|   0|  0|  47|          40|          40|
    |e_42_fu_1171_p2          |         -|   0|  0|  47|          40|          40|
    |e_45_fu_1193_p2          |         -|   0|  0|  47|          40|          40|
    |e_48_fu_1217_p2          |         -|   0|  0|  47|          40|          40|
    |e_51_fu_1239_p2          |         -|   0|  0|  47|          40|          40|
    |e_54_fu_1263_p2          |         -|   0|  0|  47|          40|          40|
    |e_57_fu_1285_p2          |         -|   0|  0|  47|          40|          40|
    |e_60_fu_1309_p2          |         -|   0|  0|  47|          40|          40|
    |e_63_fu_1331_p2          |         -|   0|  0|  47|          40|          40|
    |e_66_fu_1355_p2          |         -|   0|  0|  47|          40|          40|
    |e_69_fu_1377_p2          |         -|   0|  0|  47|          40|          40|
    |e_6_fu_895_p2            |         -|   0|  0|  47|          40|          40|
    |e_72_fu_1401_p2          |         -|   0|  0|  47|          40|          40|
    |e_75_fu_1423_p2          |         -|   0|  0|  47|          40|          40|
    |e_78_fu_1447_p2          |         -|   0|  0|  47|          40|          40|
    |e_81_fu_1469_p2          |         -|   0|  0|  47|          40|          40|
    |e_84_fu_1493_p2          |         -|   0|  0|  47|          40|          40|
    |e_87_fu_1515_p2          |         -|   0|  0|  47|          40|          40|
    |e_90_fu_1539_p2          |         -|   0|  0|  47|          40|          40|
    |e_93_fu_1561_p2          |         -|   0|  0|  47|          40|          40|
    |e_96_fu_1585_p2          |         -|   0|  0|  47|          40|          40|
    |e_99_fu_1607_p2          |         -|   0|  0|  47|          40|          40|
    |e_9_fu_917_p2            |         -|   0|  0|  47|          40|          40|
    |e_fu_848_p2              |         -|   0|  0|  40|           1|          40|
    |out_18_fu_644_p2         |         -|   0|  0|  47|           1|          40|
    |out_21_fu_672_p2         |         -|   0|  0|  47|           1|          40|
    |out_24_fu_700_p2         |         -|   0|  0|  47|           1|          40|
    |out_27_fu_728_p2         |         -|   0|  0|  47|           1|          40|
    |out_30_fu_756_p2         |         -|   0|  0|  47|           1|          40|
    |out_fu_2109_p2           |         -|   0|  0|  47|          40|          40|
    |sub_ln42_10_fu_770_p2    |         -|   0|  0|  47|           1|          40|
    |sub_ln42_2_fu_658_p2     |         -|   0|  0|  47|           1|          40|
    |sub_ln42_4_fu_686_p2     |         -|   0|  0|  47|           1|          40|
    |sub_ln42_6_fu_714_p2     |         -|   0|  0|  47|           1|          40|
    |sub_ln42_8_fu_742_p2     |         -|   0|  0|  47|           1|          40|
    |sub_ln42_fu_630_p2       |         -|   0|  0|  47|           1|          40|
    |e_101_fu_1619_p3         |    select|   0|  0|  40|           1|          40|
    |e_104_fu_1641_p3         |    select|   0|  0|  40|           1|          40|
    |e_107_fu_1665_p3         |    select|   0|  0|  40|           1|          40|
    |e_110_fu_1687_p3         |    select|   0|  0|  40|           1|          40|
    |e_113_fu_1711_p3         |    select|   0|  0|  40|           1|          40|
    |e_116_fu_1733_p3         |    select|   0|  0|  40|           1|          40|
    |e_119_fu_1757_p3         |    select|   0|  0|  40|           1|          40|
    |e_11_fu_929_p3           |    select|   0|  0|  40|           1|          40|
    |e_122_fu_1779_p3         |    select|   0|  0|  40|           1|          40|
    |e_125_fu_1803_p3         |    select|   0|  0|  40|           1|          40|
    |e_128_fu_1825_p3         |    select|   0|  0|  40|           1|          40|
    |e_131_fu_1849_p3         |    select|   0|  0|  40|           1|          40|
    |e_134_fu_1871_p3         |    select|   0|  0|  40|           1|          40|
    |e_137_fu_1895_p3         |    select|   0|  0|  40|           1|          40|
    |e_140_fu_1917_p3         |    select|   0|  0|  40|           1|          40|
    |e_143_fu_1941_p3         |    select|   0|  0|  40|           1|          40|
    |e_146_fu_1963_p3         |    select|   0|  0|  40|           1|          40|
    |e_149_fu_1987_p3         |    select|   0|  0|  40|           1|          40|
    |e_14_fu_951_p3           |    select|   0|  0|  40|           1|          40|
    |e_152_fu_2009_p3         |    select|   0|  0|  40|           1|          40|
    |e_155_fu_2033_p3         |    select|   0|  0|  40|           1|          40|
    |e_158_fu_2055_p3         |    select|   0|  0|  40|           1|          40|
    |e_161_fu_2079_p3         |    select|   0|  0|  40|           1|          40|
    |e_164_fu_2101_p3         |    select|   0|  0|  40|           1|          40|
    |e_17_fu_975_p3           |    select|   0|  0|  40|           1|          40|
    |e_20_fu_997_p3           |    select|   0|  0|  40|           1|          40|
    |e_23_fu_1021_p3          |    select|   0|  0|  40|           1|          40|
    |e_26_fu_1043_p3          |    select|   0|  0|  40|           1|          40|
    |e_29_fu_1067_p3          |    select|   0|  0|  40|           1|          40|
    |e_2_fu_859_p3            |    select|   0|  0|  40|           1|          40|
    |e_32_fu_1089_p3          |    select|   0|  0|  40|           1|          40|
    |e_35_fu_1113_p3          |    select|   0|  0|  40|           1|          40|
    |e_38_fu_1135_p3          |    select|   0|  0|  40|           1|          40|
    |e_41_fu_1159_p3          |    select|   0|  0|  40|           1|          40|
    |e_44_fu_1181_p3          |    select|   0|  0|  40|           1|          40|
    |e_47_fu_1205_p3          |    select|   0|  0|  40|           1|          40|
    |e_50_fu_1227_p3          |    select|   0|  0|  40|           1|          40|
    |e_53_fu_1251_p3          |    select|   0|  0|  40|           1|          40|
    |e_56_fu_1273_p3          |    select|   0|  0|  40|           1|          40|
    |e_59_fu_1297_p3          |    select|   0|  0|  40|           1|          40|
    |e_5_fu_883_p3            |    select|   0|  0|  40|           1|          40|
    |e_62_fu_1319_p3          |    select|   0|  0|  40|           1|          40|
    |e_65_fu_1343_p3          |    select|   0|  0|  40|           1|          40|
    |e_68_fu_1365_p3          |    select|   0|  0|  40|           1|          40|
    |e_71_fu_1389_p3          |    select|   0|  0|  40|           1|          40|
    |e_74_fu_1411_p3          |    select|   0|  0|  40|           1|          40|
    |e_77_fu_1435_p3          |    select|   0|  0|  40|           1|          40|
    |e_80_fu_1457_p3          |    select|   0|  0|  40|           1|          40|
    |e_83_fu_1481_p3          |    select|   0|  0|  40|           1|          40|
    |e_86_fu_1503_p3          |    select|   0|  0|  40|           1|          40|
    |e_89_fu_1527_p3          |    select|   0|  0|  40|           1|          40|
    |e_8_fu_905_p3            |    select|   0|  0|  40|           1|          40|
    |e_92_fu_1549_p3          |    select|   0|  0|  40|           1|          40|
    |e_95_fu_1573_p3          |    select|   0|  0|  40|           1|          40|
    |e_98_fu_1595_p3          |    select|   0|  0|  40|           1|          40|
    |out_17_fu_636_p3         |    select|   0|  0|  40|           1|          40|
    |out_19_fu_650_p3         |    select|   0|  0|  40|           1|          40|
    |out_20_fu_664_p3         |    select|   0|  0|  40|           1|          40|
    |out_22_fu_678_p3         |    select|   0|  0|  40|           1|          40|
    |out_23_fu_692_p3         |    select|   0|  0|  40|           1|          40|
    |out_25_fu_706_p3         |    select|   0|  0|  40|           1|          40|
    |out_26_fu_720_p3         |    select|   0|  0|  40|           1|          40|
    |out_28_fu_734_p3         |    select|   0|  0|  40|           1|          40|
    |out_29_fu_748_p3         |    select|   0|  0|  40|           1|          40|
    |out_31_fu_762_p3         |    select|   0|  0|  40|           1|          40|
    |out_32_fu_776_p3         |    select|   0|  0|  40|           1|          40|
    |xor_ln194_10_fu_1075_p2  |       xor|   0|  0|   2|           1|           1|
    |xor_ln194_11_fu_1097_p2  |       xor|   0|  0|   2|           1|           1|
    |xor_ln194_12_fu_1121_p2  |       xor|   0|  0|   2|           1|           1|
    |xor_ln194_13_fu_1143_p2  |       xor|   0|  0|   2|           1|           1|
    |xor_ln194_14_fu_1167_p2  |       xor|   0|  0|   2|           1|           1|
    |xor_ln194_15_fu_1189_p2  |       xor|   0|  0|   2|           1|           1|
    |xor_ln194_16_fu_1213_p2  |       xor|   0|  0|   2|           1|           1|
    |xor_ln194_17_fu_1235_p2  |       xor|   0|  0|   2|           1|           1|
    |xor_ln194_18_fu_1259_p2  |       xor|   0|  0|   2|           1|           1|
    |xor_ln194_19_fu_1281_p2  |       xor|   0|  0|   2|           1|           1|
    |xor_ln194_1_fu_867_p2    |       xor|   0|  0|   2|           1|           1|
    |xor_ln194_20_fu_1305_p2  |       xor|   0|  0|   2|           1|           1|
    |xor_ln194_21_fu_1327_p2  |       xor|   0|  0|   2|           1|           1|
    |xor_ln194_22_fu_1351_p2  |       xor|   0|  0|   2|           1|           1|
    |xor_ln194_23_fu_1373_p2  |       xor|   0|  0|   2|           1|           1|
    |xor_ln194_24_fu_1397_p2  |       xor|   0|  0|   2|           1|           1|
    |xor_ln194_25_fu_1419_p2  |       xor|   0|  0|   2|           1|           1|
    |xor_ln194_26_fu_1443_p2  |       xor|   0|  0|   2|           1|           1|
    |xor_ln194_27_fu_1465_p2  |       xor|   0|  0|   2|           1|           1|
    |xor_ln194_28_fu_1489_p2  |       xor|   0|  0|   2|           1|           1|
    |xor_ln194_29_fu_1511_p2  |       xor|   0|  0|   2|           1|           1|
    |xor_ln194_2_fu_891_p2    |       xor|   0|  0|   2|           1|           1|
    |xor_ln194_30_fu_1535_p2  |       xor|   0|  0|   2|           1|           1|
    |xor_ln194_31_fu_1557_p2  |       xor|   0|  0|   2|           1|           1|
    |xor_ln194_32_fu_1581_p2  |       xor|   0|  0|   2|           1|           1|
    |xor_ln194_33_fu_1603_p2  |       xor|   0|  0|   2|           1|           1|
    |xor_ln194_34_fu_1627_p2  |       xor|   0|  0|   2|           1|           1|
    |xor_ln194_35_fu_1649_p2  |       xor|   0|  0|   2|           1|           1|
    |xor_ln194_36_fu_1673_p2  |       xor|   0|  0|   2|           1|           1|
    |xor_ln194_37_fu_1695_p2  |       xor|   0|  0|   2|           1|           1|
    |xor_ln194_38_fu_1719_p2  |       xor|   0|  0|   2|           1|           1|
    |xor_ln194_39_fu_1741_p2  |       xor|   0|  0|   2|           1|           1|
    |xor_ln194_3_fu_913_p2    |       xor|   0|  0|   2|           1|           1|
    |xor_ln194_40_fu_1765_p2  |       xor|   0|  0|   2|           1|           1|
    |xor_ln194_41_fu_1787_p2  |       xor|   0|  0|   2|           1|           1|
    |xor_ln194_42_fu_1811_p2  |       xor|   0|  0|   2|           1|           1|
    |xor_ln194_43_fu_1833_p2  |       xor|   0|  0|   2|           1|           1|
    |xor_ln194_44_fu_1857_p2  |       xor|   0|  0|   2|           1|           1|
    |xor_ln194_45_fu_1879_p2  |       xor|   0|  0|   2|           1|           1|
    |xor_ln194_46_fu_1903_p2  |       xor|   0|  0|   2|           1|           1|
    |xor_ln194_47_fu_1925_p2  |       xor|   0|  0|   2|           1|           1|
    |xor_ln194_48_fu_1949_p2  |       xor|   0|  0|   2|           1|           1|
    |xor_ln194_49_fu_1971_p2  |       xor|   0|  0|   2|           1|           1|
    |xor_ln194_4_fu_937_p2    |       xor|   0|  0|   2|           1|           1|
    |xor_ln194_50_fu_1995_p2  |       xor|   0|  0|   2|           1|           1|
    |xor_ln194_51_fu_2017_p2  |       xor|   0|  0|   2|           1|           1|
    |xor_ln194_52_fu_2041_p2  |       xor|   0|  0|   2|           1|           1|
    |xor_ln194_53_fu_2063_p2  |       xor|   0|  0|   2|           1|           1|
    |xor_ln194_54_fu_2087_p2  |       xor|   0|  0|   2|           1|           1|
    |xor_ln194_5_fu_959_p2    |       xor|   0|  0|   2|           1|           1|
    |xor_ln194_6_fu_983_p2    |       xor|   0|  0|   2|           1|           1|
    |xor_ln194_7_fu_1005_p2   |       xor|   0|  0|   2|           1|           1|
    |xor_ln194_8_fu_1029_p2   |       xor|   0|  0|   2|           1|           1|
    |xor_ln194_9_fu_1051_p2   |       xor|   0|  0|   2|           1|           1|
    |xor_ln194_fu_839_p2      |       xor|   0|  0|   2|           1|           1|
    +-------------------------+----------+----+---+----+------------+------------+
    |Total                    |          |   0|  0|8931|        4973|        8015|
    +-------------------------+----------+----+---+----+------------+------------+

    * Multiplexer: 
    +-----------+-----+-----------+-----+-----------+
    |    Name   | LUT | Input Size| Bits| Total Bits|
    +-----------+-----+-----------+-----+-----------+
    |ap_NS_fsm  |  145|         31|    1|         31|
    |ap_return  |    9|          2|   40|         80|
    +-----------+-----+-----------+-----+-----------+
    |Total      |  154|         33|   41|        111|
    +-----------+-----+-----------+-----+-----------+

    * Register: 
    +----------------------+----+----+-----+-----------+
    |         Name         | FF | LUT| Bits| Const Bits|
    +----------------------+----+----+-----+-----------+
    |add_ln183_2_reg_2279  |  40|   0|   40|          0|
    |add_ln183_4_reg_2284  |  40|   0|   40|          0|
    |add_ln183_7_reg_2289  |  40|   0|   40|          0|
    |add_ln183_9_reg_2294  |  40|   0|   40|          0|
    |add_ln183_reg_2274    |  40|   0|   40|          0|
    |ap_CS_fsm             |  30|   0|   30|          0|
    |ap_return_preg        |  40|   0|   40|          0|
    |e_101_reg_2396        |  40|   0|   40|          0|
    |e_107_reg_2402        |  40|   0|   40|          0|
    |e_113_reg_2408        |  40|   0|   40|          0|
    |e_119_reg_2414        |  40|   0|   40|          0|
    |e_11_reg_2306         |  40|   0|   40|          0|
    |e_125_reg_2420        |  40|   0|   40|          0|
    |e_131_reg_2426        |  40|   0|   40|          0|
    |e_137_reg_2432        |  40|   0|   40|          0|
    |e_143_reg_2438        |  40|   0|   40|          0|
    |e_149_reg_2444        |  40|   0|   40|          0|
    |e_155_reg_2450        |  40|   0|   40|          0|
    |e_161_reg_2456        |  40|   0|   40|          0|
    |e_17_reg_2312         |  40|   0|   40|          0|
    |e_23_reg_2318         |  40|   0|   40|          0|
    |e_29_reg_2324         |  40|   0|   40|          0|
    |e_35_reg_2330         |  40|   0|   40|          0|
    |e_41_reg_2336         |  40|   0|   40|          0|
    |e_47_reg_2342         |  40|   0|   40|          0|
    |e_53_reg_2348         |  40|   0|   40|          0|
    |e_59_reg_2354         |  40|   0|   40|          0|
    |e_5_reg_2300          |  40|   0|   40|          0|
    |e_65_reg_2360         |  40|   0|   40|          0|
    |e_71_reg_2366         |  40|   0|   40|          0|
    |e_77_reg_2372         |  40|   0|   40|          0|
    |e_83_reg_2378         |  40|   0|   40|          0|
    |e_89_reg_2384         |  40|   0|   40|          0|
    |e_95_reg_2390         |  40|   0|   40|          0|
    |out_17_reg_2269       |  40|   0|   40|          0|
    +----------------------+----+----+-----+-----------+
    |Total                 |1390|   0| 1390|          0|
    +----------------------+----+----+-----+-----------+



================================================================
== Interface
================================================================
* Summary: 
+------------+-----+-----+------------+----------------------+--------------+
|  RTL Ports | Dir | Bits|  Protocol  |     Source Object    |    C Type    |
+------------+-----+-----+------------+----------------------+--------------+
|ap_clk      |   in|    1|  ap_ctrl_hs|  uniform_delta_energy|  return value|
|ap_rst      |   in|    1|  ap_ctrl_hs|  uniform_delta_energy|  return value|
|ap_start    |   in|    1|  ap_ctrl_hs|  uniform_delta_energy|  return value|
|ap_done     |  out|    1|  ap_ctrl_hs|  uniform_delta_energy|  return value|
|ap_idle     |  out|    1|  ap_ctrl_hs|  uniform_delta_energy|  return value|
|ap_ready    |  out|    1|  ap_ctrl_hs|  uniform_delta_energy|  return value|
|ap_return   |  out|   40|  ap_ctrl_hs|  uniform_delta_energy|  return value|
|J_0_1_val   |   in|   40|     ap_none|             J_0_1_val|        scalar|
|J_0_2_val   |   in|   40|     ap_none|             J_0_2_val|        scalar|
|J_0_3_val   |   in|   40|     ap_none|             J_0_3_val|        scalar|
|J_0_4_val   |   in|   40|     ap_none|             J_0_4_val|        scalar|
|J_0_5_val   |   in|   40|     ap_none|             J_0_5_val|        scalar|
|J_0_6_val   |   in|   40|     ap_none|             J_0_6_val|        scalar|
|J_0_7_val   |   in|   40|     ap_none|             J_0_7_val|        scalar|
|J_0_8_val   |   in|   40|     ap_none|             J_0_8_val|        scalar|
|J_0_9_val   |   in|   40|     ap_none|             J_0_9_val|        scalar|
|J_0_10_val  |   in|   40|     ap_none|            J_0_10_val|        scalar|
|J_1_2_val   |   in|   40|     ap_none|             J_1_2_val|        scalar|
|J_1_3_val   |   in|   40|     ap_none|             J_1_3_val|        scalar|
|J_1_4_val   |   in|   40|     ap_none|             J_1_4_val|        scalar|
|J_1_5_val   |   in|   40|     ap_none|             J_1_5_val|        scalar|
|J_1_6_val   |   in|   40|     ap_none|             J_1_6_val|        scalar|
|J_1_7_val   |   in|   40|     ap_none|             J_1_7_val|        scalar|
|J_1_8_val   |   in|   40|     ap_none|             J_1_8_val|        scalar|
|J_1_9_val   |   in|   40|     ap_none|             J_1_9_val|        scalar|
|J_1_10_val  |   in|   40|     ap_none|            J_1_10_val|        scalar|
|J_2_3_val   |   in|   40|     ap_none|             J_2_3_val|        scalar|
|J_2_4_val   |   in|   40|     ap_none|             J_2_4_val|        scalar|
|J_2_5_val   |   in|   40|     ap_none|             J_2_5_val|        scalar|
|J_2_6_val   |   in|   40|     ap_none|             J_2_6_val|        scalar|
|J_2_7_val   |   in|   40|     ap_none|             J_2_7_val|        scalar|
|J_2_8_val   |   in|   40|     ap_none|             J_2_8_val|        scalar|
|J_2_9_val   |   in|   40|     ap_none|             J_2_9_val|        scalar|
|J_2_10_val  |   in|   40|     ap_none|            J_2_10_val|        scalar|
|J_3_4_val   |   in|   40|     ap_none|             J_3_4_val|        scalar|
|J_3_5_val   |   in|   40|     ap_none|             J_3_5_val|        scalar|
|J_3_6_val   |   in|   40|     ap_none|             J_3_6_val|        scalar|
|J_3_7_val   |   in|   40|     ap_none|             J_3_7_val|        scalar|
|J_3_8_val   |   in|   40|     ap_none|             J_3_8_val|        scalar|
|J_3_9_val   |   in|   40|     ap_none|             J_3_9_val|        scalar|
|J_3_10_val  |   in|   40|     ap_none|            J_3_10_val|        scalar|
|J_4_5_val   |   in|   40|     ap_none|             J_4_5_val|        scalar|
|J_4_6_val   |   in|   40|     ap_none|             J_4_6_val|        scalar|
|J_4_7_val   |   in|   40|     ap_none|             J_4_7_val|        scalar|
|J_4_8_val   |   in|   40|     ap_none|             J_4_8_val|        scalar|
|J_4_9_val   |   in|   40|     ap_none|             J_4_9_val|        scalar|
|J_4_10_val  |   in|   40|     ap_none|            J_4_10_val|        scalar|
|J_5_6_val   |   in|   40|     ap_none|             J_5_6_val|        scalar|
|J_5_7_val   |   in|   40|     ap_none|             J_5_7_val|        scalar|
|J_5_8_val   |   in|   40|     ap_none|             J_5_8_val|        scalar|
|J_5_9_val   |   in|   40|     ap_none|             J_5_9_val|        scalar|
|J_5_10_val  |   in|   40|     ap_none|            J_5_10_val|        scalar|
|J_6_7_val   |   in|   40|     ap_none|             J_6_7_val|        scalar|
|J_6_8_val   |   in|   40|     ap_none|             J_6_8_val|        scalar|
|J_6_9_val   |   in|   40|     ap_none|             J_6_9_val|        scalar|
|J_6_10_val  |   in|   40|     ap_none|            J_6_10_val|        scalar|
|J_7_8_val   |   in|   40|     ap_none|             J_7_8_val|        scalar|
|J_7_9_val   |   in|   40|     ap_none|             J_7_9_val|        scalar|
|J_7_10_val  |   in|   40|     ap_none|            J_7_10_val|        scalar|
|J_8_9_val   |   in|   40|     ap_none|             J_8_9_val|        scalar|
|J_8_10_val  |   in|   40|     ap_none|            J_8_10_val|        scalar|
|J_9_10_val  |   in|   40|     ap_none|            J_9_10_val|        scalar|
|h_0_val     |   in|   40|     ap_none|               h_0_val|        scalar|
|h_1_val     |   in|   40|     ap_none|               h_1_val|        scalar|
|h_2_val     |   in|   40|     ap_none|               h_2_val|        scalar|
|h_3_val     |   in|   40|     ap_none|               h_3_val|        scalar|
|h_4_val     |   in|   40|     ap_none|               h_4_val|        scalar|
|h_5_val     |   in|   40|     ap_none|               h_5_val|        scalar|
|h_6_val     |   in|   40|     ap_none|               h_6_val|        scalar|
|h_7_val     |   in|   40|     ap_none|               h_7_val|        scalar|
|h_8_val     |   in|   40|     ap_none|               h_8_val|        scalar|
|h_9_val     |   in|   40|     ap_none|               h_9_val|        scalar|
|h_10_val    |   in|   40|     ap_none|              h_10_val|        scalar|
|y_0_val     |   in|    1|     ap_none|               y_0_val|        scalar|
|y_1_val     |   in|    1|     ap_none|               y_1_val|        scalar|
|y_2_val     |   in|    1|     ap_none|               y_2_val|        scalar|
|y_3_val     |   in|    1|     ap_none|               y_3_val|        scalar|
|y_4_val     |   in|    1|     ap_none|               y_4_val|        scalar|
|y_5_val     |   in|    1|     ap_none|               y_5_val|        scalar|
|y_6_val     |   in|    1|     ap_none|               y_6_val|        scalar|
|y_7_val     |   in|    1|     ap_none|               y_7_val|        scalar|
|y_8_val     |   in|    1|     ap_none|               y_8_val|        scalar|
|y_9_val     |   in|    1|     ap_none|               y_9_val|        scalar|
|y_10_val    |   in|    1|     ap_none|              y_10_val|        scalar|
|old_energy  |   in|   40|     ap_none|            old_energy|        scalar|
+------------+-----+-----+------------+----------------------+--------------+

