

================================================================
== Vitis HLS Report for 'uniform_metropolis_step'
================================================================
* Date:           Tue May 19 20:32:55 2026

* Version:        2025.2 (Build 6295257 on Nov 14 2025)
* Project:        hls_uniform_metropolis_step_N11
* Solution:       hls (Vivado IP Flow Target)
* Product family: virtexuplus
* Target device:  xcvu19p-fsva3824-2-e


================================================================
== Performance Estimates
================================================================
+ Timing: 
    * Summary: 
    +--------+---------+----------+------------+
    |  Clock |  Target | Estimated| Uncertainty|
    +--------+---------+----------+------------+
    |ap_clk  |  3.33 ns|  2.388 ns|     0.90 ns|
    +--------+---------+----------+------------+

+ Latency: 
    * Summary: 
    +---------+---------+----------+----------+-----+-----+---------+
    |  Latency (cycles) |  Latency (absolute) |  Interval | Pipeline|
    |   min   |   max   |    min   |    max   | min | max |   Type  |
    +---------+---------+----------+----------+-----+-----+---------+
    |       32|       41|  0.107 us|  0.137 us|   33|   42|       no|
    +---------+---------+----------+----------+-----+-----+---------+

    + Detail: 
        * Instance: 
        +---------------------------------+----------------------+---------+---------+-----------+-----------+-----+-----+---------+
        |                                 |                      |  Latency (cycles) |   Latency (absolute)  |  Interval | Pipeline|
        |             Instance            |        Module        |   min   |   max   |    min    |    max    | min | max |   Type  |
        +---------------------------------+----------------------+---------+---------+-----------+-----------+-----+-----+---------+
        |grp_uniform_delta_energy_fu_963  |uniform_delta_energy  |       29|       29|  96.657 ns|  96.657 ns|   29|   29|       no|
        +---------------------------------+----------------------+---------+---------+-----------+-----------+-----+-----+---------+

        * Loop: 
        N/A



================================================================
== Utilization Estimates
================================================================
* Summary: 
+---------------------+---------+------+---------+---------+-----+
|         Name        | BRAM_18K|  DSP |    FF   |   LUT   | URAM|
+---------------------+---------+------+---------+---------+-----+
|DSP                  |        -|     -|        -|        -|    -|
|Expression           |        -|     -|        0|      703|    -|
|FIFO                 |        -|     -|        -|        -|    -|
|Instance             |        -|     7|     1789|     9258|    -|
|Memory               |        0|     -|        0|        0|    -|
|Multiplexer          |        -|     -|        0|       93|    -|
|Register             |        -|     -|     3163|        -|    -|
+---------------------+---------+------+---------+---------+-----+
|Total                |        0|     7|     4952|    10054|    0|
+---------------------+---------+------+---------+---------+-----+
|Available SLR        |     1080|   960|  2042880|  1021440|   80|
+---------------------+---------+------+---------+---------+-----+
|Utilization SLR (%)  |        0|    ~0|       ~0|       ~0|    0|
+---------------------+---------+------+---------+---------+-----+
|Available            |     4320|  3840|  8171520|  4085760|  320|
+---------------------+---------+------+---------+---------+-----+
|Utilization (%)      |        0|    ~0|       ~0|       ~0|    0|
+---------------------+---------+------+---------+---------+-----+

+ Detail: 
    * Instance: 
    +---------------------------------+----------------------+---------+----+------+------+-----+
    |             Instance            |        Module        | BRAM_18K| DSP|  FF  |  LUT | URAM|
    +---------------------------------+----------------------+---------+----+------+------+-----+
    |mul_26s_36s_60_2_1_U79           |mul_26s_36s_60_2_1    |        0|   2|   202|    84|    0|
    |mul_40ns_40s_64_2_1_U80          |mul_40ns_40s_64_2_1   |        0|   5|   197|    80|    0|
    |sparsemux_7_2_40_1_1_U81         |sparsemux_7_2_40_1_1  |        0|   0|     0|     9|    0|
    |grp_uniform_delta_energy_fu_963  |uniform_delta_energy  |        0|   0|  1390|  9085|    0|
    +---------------------------------+----------------------+---------+----+------+------+-----+
    |Total                            |                      |        0|   7|  1789|  9258|    0|
    +---------------------------------+----------------------+---------+----+------+------+-----+

    * DSP: 
    N/A

    * Memory: 
    +---------------+-------------------------+---------+---+----+-----+------+-----+------+-------------+
    |     Memory    |          Module         | BRAM_18K| FF| LUT| URAM| Words| Bits| Banks| W*Bits*Banks|
    +---------------+-------------------------+---------+---+----+-----+------+-----+------+-------------+
    |EXP_NEG_LUT_U  |EXP_NEG_LUT_ROM_AUTO_1R  |        0|  0|   0|    0|  1025|   40|     1|        41000|
    +---------------+-------------------------+---------+---+----+-----+------+-----+------+-------------+
    |Total          |                         |        0|  0|   0|    0|  1025|   40|     1|        41000|
    +---------------+-------------------------+---------+---+----+-----+------+-----+------+-------------+

    * FIFO: 
    N/A

    * Expression: 
    +------------------------+----------+----+---+-----+------------+------------+
    |      Variable Name     | Operation| DSP| FF| LUT | Bitwidth P0| Bitwidth P1|
    +------------------------+----------+----+---+-----+------------+------------+
    |add_ln280_fu_1467_p2    |         +|   0|  0|   47|          40|          40|
    |add_ln87_fu_1279_p2     |         +|   0|  0|   18|          11|           1|
    |add_ln89_fu_1351_p2     |         +|   0|  0|   68|          61|          61|
    |sub_ln75_1_fu_1216_p2   |         -|   0|  0|   66|           1|          59|
    |sub_ln75_fu_1195_p2     |         -|   0|  0|  107|           1|          88|
    |sub_ln84_fu_1269_p2     |         -|   0|  0|   34|          27|          27|
    |sub_ln89_fu_1315_p2     |         -|   0|  0|   33|          26|          26|
    |and_ln91_1_fu_1423_p2   |       and|   0|  0|    2|           1|           1|
    |and_ln91_fu_1418_p2     |       and|   0|  0|    2|           1|           1|
    |icmp_ln116_fu_1131_p2   |      icmp|   0|  0|   47|          40|           1|
    |icmp_ln123_fu_1455_p2   |      icmp|   0|  0|   47|          40|          40|
    |icmp_ln59_fu_1183_p2    |      icmp|   0|  0|   47|          40|           1|
    |icmp_ln63_fu_1211_p2    |      icmp|   0|  0|   18|          11|           1|
    |icmp_ln91_fu_1383_p2    |      icmp|   0|  0|   44|          37|           1|
    |icmp_ln95_fu_1377_p2    |      icmp|   0|  0|   20|          13|           1|
    |p_fu_1435_p4            |    select|   0|  0|   41|           1|          41|
    |select_ln75_fu_1228_p3  |    select|   0|  0|   58|           1|          59|
    |xor_ln123_fu_1460_p2    |       xor|   0|  0|    2|           1|           2|
    |xor_ln59_fu_1413_p2     |       xor|   0|  0|    2|           1|           2|
    +------------------------+----------+----+---+-----+------------+------------+
    |Total                   |          |   0|  0|  703|         354|         453|
    +------------------------+----------+----+---+-----+------------+------------+

    * Multiplexer: 
    +--------------------------------+----+-----------+-----+-----------+
    |              Name              | LUT| Input Size| Bits| Total Bits|
    +--------------------------------+----+-----------+-----+-----------+
    |accepted                        |  14|          3|    1|          3|
    |ap_NS_fsm                       |  65|         14|    1|         14|
    |ap_phi_mux_empty_phi_fu_956_p4  |  14|          3|   40|        120|
    +--------------------------------+----+-----------+-----+-----------+
    |Total                           |  93|         20|   42|        137|
    +--------------------------------+----+-----------+-----+-----------+

    * Register: 
    +----------------------------------------------+----+----+-----+-----------+
    |                     Name                     | FF | LUT| Bits| Const Bits|
    +----------------------------------------------+----+----+-----+-----------+
    |J_0_10_read_reg_1524                          |  40|   0|   40|          0|
    |J_0_1_read_reg_1479                           |  40|   0|   40|          0|
    |J_0_2_read_reg_1484                           |  40|   0|   40|          0|
    |J_0_3_read_reg_1489                           |  40|   0|   40|          0|
    |J_0_4_read_reg_1494                           |  40|   0|   40|          0|
    |J_0_5_read_reg_1499                           |  40|   0|   40|          0|
    |J_0_6_read_reg_1504                           |  40|   0|   40|          0|
    |J_0_7_read_reg_1509                           |  40|   0|   40|          0|
    |J_0_8_read_reg_1514                           |  40|   0|   40|          0|
    |J_0_9_read_reg_1519                           |  40|   0|   40|          0|
    |J_1_10_read_reg_1569                          |  40|   0|   40|          0|
    |J_1_2_read_reg_1529                           |  40|   0|   40|          0|
    |J_1_3_read_reg_1534                           |  40|   0|   40|          0|
    |J_1_4_read_reg_1539                           |  40|   0|   40|          0|
    |J_1_5_read_reg_1544                           |  40|   0|   40|          0|
    |J_1_6_read_reg_1549                           |  40|   0|   40|          0|
    |J_1_7_read_reg_1554                           |  40|   0|   40|          0|
    |J_1_8_read_reg_1559                           |  40|   0|   40|          0|
    |J_1_9_read_reg_1564                           |  40|   0|   40|          0|
    |J_2_10_read_reg_1609                          |  40|   0|   40|          0|
    |J_2_3_read_reg_1574                           |  40|   0|   40|          0|
    |J_2_4_read_reg_1579                           |  40|   0|   40|          0|
    |J_2_5_read_reg_1584                           |  40|   0|   40|          0|
    |J_2_6_read_reg_1589                           |  40|   0|   40|          0|
    |J_2_7_read_reg_1594                           |  40|   0|   40|          0|
    |J_2_8_read_reg_1599                           |  40|   0|   40|          0|
    |J_2_9_read_reg_1604                           |  40|   0|   40|          0|
    |J_3_10_read_reg_1644                          |  40|   0|   40|          0|
    |J_3_4_read_reg_1614                           |  40|   0|   40|          0|
    |J_3_5_read_reg_1619                           |  40|   0|   40|          0|
    |J_3_6_read_reg_1624                           |  40|   0|   40|          0|
    |J_3_7_read_reg_1629                           |  40|   0|   40|          0|
    |J_3_8_read_reg_1634                           |  40|   0|   40|          0|
    |J_3_9_read_reg_1639                           |  40|   0|   40|          0|
    |J_4_10_read_reg_1674                          |  40|   0|   40|          0|
    |J_4_5_read_reg_1649                           |  40|   0|   40|          0|
    |J_4_6_read_reg_1654                           |  40|   0|   40|          0|
    |J_4_7_read_reg_1659                           |  40|   0|   40|          0|
    |J_4_8_read_reg_1664                           |  40|   0|   40|          0|
    |J_4_9_read_reg_1669                           |  40|   0|   40|          0|
    |J_5_10_read_reg_1699                          |  40|   0|   40|          0|
    |J_5_6_read_reg_1679                           |  40|   0|   40|          0|
    |J_5_7_read_reg_1684                           |  40|   0|   40|          0|
    |J_5_8_read_reg_1689                           |  40|   0|   40|          0|
    |J_5_9_read_reg_1694                           |  40|   0|   40|          0|
    |J_6_10_read_reg_1719                          |  40|   0|   40|          0|
    |J_6_7_read_reg_1704                           |  40|   0|   40|          0|
    |J_6_8_read_reg_1709                           |  40|   0|   40|          0|
    |J_6_9_read_reg_1714                           |  40|   0|   40|          0|
    |J_7_10_read_reg_1734                          |  40|   0|   40|          0|
    |J_7_8_read_reg_1724                           |  40|   0|   40|          0|
    |J_7_9_read_reg_1729                           |  40|   0|   40|          0|
    |J_8_10_read_reg_1744                          |  40|   0|   40|          0|
    |J_8_9_read_reg_1739                           |  40|   0|   40|          0|
    |J_9_10_read_reg_1749                          |  40|   0|   40|          0|
    |add_ln89_reg_1986                             |  61|   0|   61|          0|
    |ap_CS_fsm                                     |  13|   0|   13|          0|
    |de_reg_1864                                   |  40|   0|   40|          0|
    |grp_uniform_delta_energy_fu_963_ap_start_reg  |   1|   0|    1|          0|
    |h_0_read_reg_1754                             |  40|   0|   40|          0|
    |h_10_read_reg_1804                            |  40|   0|   40|          0|
    |h_1_read_reg_1759                             |  40|   0|   40|          0|
    |h_2_read_reg_1764                             |  40|   0|   40|          0|
    |h_3_read_reg_1769                             |  40|   0|   40|          0|
    |h_4_read_reg_1774                             |  40|   0|   40|          0|
    |h_5_read_reg_1779                             |  40|   0|   40|          0|
    |h_6_read_reg_1784                             |  40|   0|   40|          0|
    |h_7_read_reg_1789                             |  40|   0|   40|          0|
    |h_8_read_reg_1794                             |  40|   0|   40|          0|
    |h_9_read_reg_1799                             |  40|   0|   40|          0|
    |icmp_ln116_reg_1877                           |   1|   0|    1|          0|
    |icmp_ln59_reg_1912                            |   1|   0|    1|          0|
    |icmp_ln63_reg_1923                            |   1|   0|    1|          0|
    |icmp_ln91_reg_1996                            |   1|   0|    1|          0|
    |icmp_ln95_reg_1991                            |   1|   0|    1|          0|
    |idx_reg_1928                                  |  11|   0|   11|          0|
    |mul_ln89_reg_1981                             |  60|   0|   60|          0|
    |old_energy_read_reg_1472                      |  40|   0|   40|          0|
    |sub_ln84_reg_1940                             |  27|   0|   27|          0|
    |sub_ln89_reg_1966                             |  26|   0|   26|          0|
    |tmp_1_reg_1902                                |   1|   0|    1|          0|
    |tmp_3_reg_1935                                |  26|   0|   26|          0|
    |tmp_4_reg_1955                                |  25|   0|   25|          0|
    |tmp_5_reg_1961                                |  25|   0|   25|          0|
    |tmp_6_reg_1907                                |  11|   0|   11|          0|
    |tmp_reg_1896                                  |  30|   0|   30|          0|
    |trunc_ln75_1_reg_1918                         |  30|   0|   59|         29|
    |u_read_reg_1872                               |  40|   0|   40|          0|
    |x_reg_1891                                    |  40|   0|   40|          0|
    |y_0_read_reg_1809                             |   1|   0|    1|          0|
    |y_10_read_reg_1859                            |   1|   0|    1|          0|
    |y_1_read_reg_1814                             |   1|   0|    1|          0|
    |y_2_read_reg_1819                             |   1|   0|    1|          0|
    |y_3_read_reg_1824                             |   1|   0|    1|          0|
    |y_4_read_reg_1829                             |   1|   0|    1|          0|
    |y_5_read_reg_1834                             |   1|   0|    1|          0|
    |y_6_read_reg_1839                             |   1|   0|    1|          0|
    |y_7_read_reg_1844                             |   1|   0|    1|          0|
    |y_8_read_reg_1849                             |   1|   0|    1|          0|
    |y_9_read_reg_1854                             |   1|   0|    1|          0|
    +----------------------------------------------+----+----+-----+-----------+
    |Total                                         |3163|   0| 3192|         29|
    +----------------------------------------------+----+----+-----+-----------+



================================================================
== Interface
================================================================
* Summary: 
+---------------------+-----+-----+------------+-------------------------+--------------+
|      RTL Ports      | Dir | Bits|  Protocol  |      Source Object      |    C Type    |
+---------------------+-----+-----+------------+-------------------------+--------------+
|ap_clk               |   in|    1|  ap_ctrl_hs|  uniform_metropolis_step|  return value|
|ap_rst               |   in|    1|  ap_ctrl_hs|  uniform_metropolis_step|  return value|
|ap_start             |   in|    1|  ap_ctrl_hs|  uniform_metropolis_step|  return value|
|ap_done              |  out|    1|  ap_ctrl_hs|  uniform_metropolis_step|  return value|
|ap_idle              |  out|    1|  ap_ctrl_hs|  uniform_metropolis_step|  return value|
|ap_ready             |  out|    1|  ap_ctrl_hs|  uniform_metropolis_step|  return value|
|J_0_0                |   in|   40|     ap_none|                    J_0_0|       pointer|
|J_0_1                |   in|   40|     ap_none|                    J_0_1|       pointer|
|J_0_2                |   in|   40|     ap_none|                    J_0_2|       pointer|
|J_0_3                |   in|   40|     ap_none|                    J_0_3|       pointer|
|J_0_4                |   in|   40|     ap_none|                    J_0_4|       pointer|
|J_0_5                |   in|   40|     ap_none|                    J_0_5|       pointer|
|J_0_6                |   in|   40|     ap_none|                    J_0_6|       pointer|
|J_0_7                |   in|   40|     ap_none|                    J_0_7|       pointer|
|J_0_8                |   in|   40|     ap_none|                    J_0_8|       pointer|
|J_0_9                |   in|   40|     ap_none|                    J_0_9|       pointer|
|J_0_10               |   in|   40|     ap_none|                   J_0_10|       pointer|
|J_1_0                |   in|   40|     ap_none|                    J_1_0|       pointer|
|J_1_1                |   in|   40|     ap_none|                    J_1_1|       pointer|
|J_1_2                |   in|   40|     ap_none|                    J_1_2|       pointer|
|J_1_3                |   in|   40|     ap_none|                    J_1_3|       pointer|
|J_1_4                |   in|   40|     ap_none|                    J_1_4|       pointer|
|J_1_5                |   in|   40|     ap_none|                    J_1_5|       pointer|
|J_1_6                |   in|   40|     ap_none|                    J_1_6|       pointer|
|J_1_7                |   in|   40|     ap_none|                    J_1_7|       pointer|
|J_1_8                |   in|   40|     ap_none|                    J_1_8|       pointer|
|J_1_9                |   in|   40|     ap_none|                    J_1_9|       pointer|
|J_1_10               |   in|   40|     ap_none|                   J_1_10|       pointer|
|J_2_0                |   in|   40|     ap_none|                    J_2_0|       pointer|
|J_2_1                |   in|   40|     ap_none|                    J_2_1|       pointer|
|J_2_2                |   in|   40|     ap_none|                    J_2_2|       pointer|
|J_2_3                |   in|   40|     ap_none|                    J_2_3|       pointer|
|J_2_4                |   in|   40|     ap_none|                    J_2_4|       pointer|
|J_2_5                |   in|   40|     ap_none|                    J_2_5|       pointer|
|J_2_6                |   in|   40|     ap_none|                    J_2_6|       pointer|
|J_2_7                |   in|   40|     ap_none|                    J_2_7|       pointer|
|J_2_8                |   in|   40|     ap_none|                    J_2_8|       pointer|
|J_2_9                |   in|   40|     ap_none|                    J_2_9|       pointer|
|J_2_10               |   in|   40|     ap_none|                   J_2_10|       pointer|
|J_3_0                |   in|   40|     ap_none|                    J_3_0|       pointer|
|J_3_1                |   in|   40|     ap_none|                    J_3_1|       pointer|
|J_3_2                |   in|   40|     ap_none|                    J_3_2|       pointer|
|J_3_3                |   in|   40|     ap_none|                    J_3_3|       pointer|
|J_3_4                |   in|   40|     ap_none|                    J_3_4|       pointer|
|J_3_5                |   in|   40|     ap_none|                    J_3_5|       pointer|
|J_3_6                |   in|   40|     ap_none|                    J_3_6|       pointer|
|J_3_7                |   in|   40|     ap_none|                    J_3_7|       pointer|
|J_3_8                |   in|   40|     ap_none|                    J_3_8|       pointer|
|J_3_9                |   in|   40|     ap_none|                    J_3_9|       pointer|
|J_3_10               |   in|   40|     ap_none|                   J_3_10|       pointer|
|J_4_0                |   in|   40|     ap_none|                    J_4_0|       pointer|
|J_4_1                |   in|   40|     ap_none|                    J_4_1|       pointer|
|J_4_2                |   in|   40|     ap_none|                    J_4_2|       pointer|
|J_4_3                |   in|   40|     ap_none|                    J_4_3|       pointer|
|J_4_4                |   in|   40|     ap_none|                    J_4_4|       pointer|
|J_4_5                |   in|   40|     ap_none|                    J_4_5|       pointer|
|J_4_6                |   in|   40|     ap_none|                    J_4_6|       pointer|
|J_4_7                |   in|   40|     ap_none|                    J_4_7|       pointer|
|J_4_8                |   in|   40|     ap_none|                    J_4_8|       pointer|
|J_4_9                |   in|   40|     ap_none|                    J_4_9|       pointer|
|J_4_10               |   in|   40|     ap_none|                   J_4_10|       pointer|
|J_5_0                |   in|   40|     ap_none|                    J_5_0|       pointer|
|J_5_1                |   in|   40|     ap_none|                    J_5_1|       pointer|
|J_5_2                |   in|   40|     ap_none|                    J_5_2|       pointer|
|J_5_3                |   in|   40|     ap_none|                    J_5_3|       pointer|
|J_5_4                |   in|   40|     ap_none|                    J_5_4|       pointer|
|J_5_5                |   in|   40|     ap_none|                    J_5_5|       pointer|
|J_5_6                |   in|   40|     ap_none|                    J_5_6|       pointer|
|J_5_7                |   in|   40|     ap_none|                    J_5_7|       pointer|
|J_5_8                |   in|   40|     ap_none|                    J_5_8|       pointer|
|J_5_9                |   in|   40|     ap_none|                    J_5_9|       pointer|
|J_5_10               |   in|   40|     ap_none|                   J_5_10|       pointer|
|J_6_0                |   in|   40|     ap_none|                    J_6_0|       pointer|
|J_6_1                |   in|   40|     ap_none|                    J_6_1|       pointer|
|J_6_2                |   in|   40|     ap_none|                    J_6_2|       pointer|
|J_6_3                |   in|   40|     ap_none|                    J_6_3|       pointer|
|J_6_4                |   in|   40|     ap_none|                    J_6_4|       pointer|
|J_6_5                |   in|   40|     ap_none|                    J_6_5|       pointer|
|J_6_6                |   in|   40|     ap_none|                    J_6_6|       pointer|
|J_6_7                |   in|   40|     ap_none|                    J_6_7|       pointer|
|J_6_8                |   in|   40|     ap_none|                    J_6_8|       pointer|
|J_6_9                |   in|   40|     ap_none|                    J_6_9|       pointer|
|J_6_10               |   in|   40|     ap_none|                   J_6_10|       pointer|
|J_7_0                |   in|   40|     ap_none|                    J_7_0|       pointer|
|J_7_1                |   in|   40|     ap_none|                    J_7_1|       pointer|
|J_7_2                |   in|   40|     ap_none|                    J_7_2|       pointer|
|J_7_3                |   in|   40|     ap_none|                    J_7_3|       pointer|
|J_7_4                |   in|   40|     ap_none|                    J_7_4|       pointer|
|J_7_5                |   in|   40|     ap_none|                    J_7_5|       pointer|
|J_7_6                |   in|   40|     ap_none|                    J_7_6|       pointer|
|J_7_7                |   in|   40|     ap_none|                    J_7_7|       pointer|
|J_7_8                |   in|   40|     ap_none|                    J_7_8|       pointer|
|J_7_9                |   in|   40|     ap_none|                    J_7_9|       pointer|
|J_7_10               |   in|   40|     ap_none|                   J_7_10|       pointer|
|J_8_0                |   in|   40|     ap_none|                    J_8_0|       pointer|
|J_8_1                |   in|   40|     ap_none|                    J_8_1|       pointer|
|J_8_2                |   in|   40|     ap_none|                    J_8_2|       pointer|
|J_8_3                |   in|   40|     ap_none|                    J_8_3|       pointer|
|J_8_4                |   in|   40|     ap_none|                    J_8_4|       pointer|
|J_8_5                |   in|   40|     ap_none|                    J_8_5|       pointer|
|J_8_6                |   in|   40|     ap_none|                    J_8_6|       pointer|
|J_8_7                |   in|   40|     ap_none|                    J_8_7|       pointer|
|J_8_8                |   in|   40|     ap_none|                    J_8_8|       pointer|
|J_8_9                |   in|   40|     ap_none|                    J_8_9|       pointer|
|J_8_10               |   in|   40|     ap_none|                   J_8_10|       pointer|
|J_9_0                |   in|   40|     ap_none|                    J_9_0|       pointer|
|J_9_1                |   in|   40|     ap_none|                    J_9_1|       pointer|
|J_9_2                |   in|   40|     ap_none|                    J_9_2|       pointer|
|J_9_3                |   in|   40|     ap_none|                    J_9_3|       pointer|
|J_9_4                |   in|   40|     ap_none|                    J_9_4|       pointer|
|J_9_5                |   in|   40|     ap_none|                    J_9_5|       pointer|
|J_9_6                |   in|   40|     ap_none|                    J_9_6|       pointer|
|J_9_7                |   in|   40|     ap_none|                    J_9_7|       pointer|
|J_9_8                |   in|   40|     ap_none|                    J_9_8|       pointer|
|J_9_9                |   in|   40|     ap_none|                    J_9_9|       pointer|
|J_9_10               |   in|   40|     ap_none|                   J_9_10|       pointer|
|J_10_0               |   in|   40|     ap_none|                   J_10_0|       pointer|
|J_10_1               |   in|   40|     ap_none|                   J_10_1|       pointer|
|J_10_2               |   in|   40|     ap_none|                   J_10_2|       pointer|
|J_10_3               |   in|   40|     ap_none|                   J_10_3|       pointer|
|J_10_4               |   in|   40|     ap_none|                   J_10_4|       pointer|
|J_10_5               |   in|   40|     ap_none|                   J_10_5|       pointer|
|J_10_6               |   in|   40|     ap_none|                   J_10_6|       pointer|
|J_10_7               |   in|   40|     ap_none|                   J_10_7|       pointer|
|J_10_8               |   in|   40|     ap_none|                   J_10_8|       pointer|
|J_10_9               |   in|   40|     ap_none|                   J_10_9|       pointer|
|J_10_10              |   in|   40|     ap_none|                  J_10_10|       pointer|
|h_0                  |   in|   40|     ap_none|                      h_0|       pointer|
|h_1                  |   in|   40|     ap_none|                      h_1|       pointer|
|h_2                  |   in|   40|     ap_none|                      h_2|       pointer|
|h_3                  |   in|   40|     ap_none|                      h_3|       pointer|
|h_4                  |   in|   40|     ap_none|                      h_4|       pointer|
|h_5                  |   in|   40|     ap_none|                      h_5|       pointer|
|h_6                  |   in|   40|     ap_none|                      h_6|       pointer|
|h_7                  |   in|   40|     ap_none|                      h_7|       pointer|
|h_8                  |   in|   40|     ap_none|                      h_8|       pointer|
|h_9                  |   in|   40|     ap_none|                      h_9|       pointer|
|h_10                 |   in|   40|     ap_none|                     h_10|       pointer|
|y_0                  |   in|    1|     ap_none|                      y_0|       pointer|
|y_1                  |   in|    1|     ap_none|                      y_1|       pointer|
|y_2                  |   in|    1|     ap_none|                      y_2|       pointer|
|y_3                  |   in|    1|     ap_none|                      y_3|       pointer|
|y_4                  |   in|    1|     ap_none|                      y_4|       pointer|
|y_5                  |   in|    1|     ap_none|                      y_5|       pointer|
|y_6                  |   in|    1|     ap_none|                      y_6|       pointer|
|y_7                  |   in|    1|     ap_none|                      y_7|       pointer|
|y_8                  |   in|    1|     ap_none|                      y_8|       pointer|
|y_9                  |   in|    1|     ap_none|                      y_9|       pointer|
|y_10                 |   in|    1|     ap_none|                     y_10|       pointer|
|old_energy           |   in|   40|     ap_none|               old_energy|        scalar|
|beta                 |   in|   40|     ap_none|                     beta|        scalar|
|u                    |   in|   40|     ap_none|                        u|        scalar|
|accepted             |  out|    1|      ap_vld|                 accepted|       pointer|
|accepted_ap_vld      |  out|    1|      ap_vld|                 accepted|       pointer|
|delta_energy         |  out|   40|      ap_vld|             delta_energy|       pointer|
|delta_energy_ap_vld  |  out|    1|      ap_vld|             delta_energy|       pointer|
|new_energy           |  out|   40|      ap_vld|               new_energy|       pointer|
|new_energy_ap_vld    |  out|    1|      ap_vld|               new_energy|       pointer|
+---------------------+-----+-----+------------+-------------------------+--------------+

