

================================================================
== Vitis HLS Report for 'local_metropolis_step'
================================================================
* Date:           Tue May 19 20:39:07 2026

* Version:        2025.2 (Build 6295257 on Nov 14 2025)
* Project:        hls_local_metropolis_step_N20
* Solution:       hls (Vivado IP Flow Target)
* Product family: virtexuplus
* Target device:  xcvu19p-fsva3824-2-e


================================================================
== Performance Estimates
================================================================
+ Timing: 
    * Summary: 
    +--------+---------+----------+------------+
    |  Clock |  Target | Estimated| Uncertainty|
    +--------+---------+----------+------------+
    |ap_clk  |  3.33 ns|  2.388 ns|     0.90 ns|
    +--------+---------+----------+------------+

+ Latency: 
    * Summary: 
    +---------+---------+-----------+-----------+-----+-----+---------+
    |  Latency (cycles) |   Latency (absolute)  |  Interval | Pipeline|
    |   min   |   max   |    min    |    max    | min | max |   Type  |
    +---------+---------+-----------+-----------+-----+-----+---------+
    |       18|       27|  59.994 ns|  89.991 ns|   19|   28|       no|
    +---------+---------+-----------+-----------+-----+-----+---------+

    + Detail: 
        * Instance: 
        +--------------------------------+--------------------+---------+---------+-----------+-----------+-----+-----+---------+
        |                                |                    |  Latency (cycles) |   Latency (absolute)  |  Interval | Pipeline|
        |            Instance            |       Module       |   min   |   max   |    min    |    max    | min | max |   Type  |
        +--------------------------------+--------------------+---------+---------+-----------+-----------+-----+-----+---------+
        |grp_local_delta_energy_fu_3625  |local_delta_energy  |       15|       15|  49.995 ns|  49.995 ns|   15|   15|       no|
        +--------------------------------+--------------------+---------+---------+-----------+-----------+-----+-----+---------+

        * Loop: 
        N/A



================================================================
== Utilization Estimates
================================================================
* Summary: 
+---------------------+---------+------+---------+---------+-----+
|         Name        | BRAM_18K|  DSP |    FF   |   LUT   | URAM|
+---------------------+---------+------+---------+---------+-----+
|DSP                  |        -|     -|        -|        -|    -|
|Expression           |        -|     -|        0|      703|    -|
|FIFO                 |        -|     -|        -|        -|    -|
|Instance             |        -|    13|     2461|     6663|    -|
|Memory               |        0|     -|        0|        0|    -|
|Multiplexer          |        -|     -|        0|       93|    -|
|Register             |        -|     -|    16564|        -|    -|
+---------------------+---------+------+---------+---------+-----+
|Total                |        0|    13|    19025|     7459|    0|
+---------------------+---------+------+---------+---------+-----+
|Available SLR        |     1080|   960|  2042880|  1021440|   80|
+---------------------+---------+------+---------+---------+-----+
|Utilization SLR (%)  |        0|     1|       ~0|       ~0|    0|
+---------------------+---------+------+---------+---------+-----+
|Available            |     4320|  3840|  8171520|  4085760|  320|
+---------------------+---------+------+---------+---------+-----+
|Utilization (%)      |        0|    ~0|       ~0|       ~0|    0|
+---------------------+---------+------+---------+---------+-----+

+ Detail: 
    * Instance: 
    +--------------------------------+----------------------+---------+----+------+------+-----+
    |            Instance            |        Module        | BRAM_18K| DSP|  FF  |  LUT | URAM|
    +--------------------------------+----------------------+---------+----+------+------+-----+
    |grp_local_delta_energy_fu_3625  |local_delta_energy    |        0|   6|  2062|  6490|    0|
    |mul_26s_36s_60_2_1_U450         |mul_26s_36s_60_2_1    |        0|   2|   202|    84|    0|
    |mul_40ns_40s_64_2_1_U451        |mul_40ns_40s_64_2_1   |        0|   5|   197|    80|    0|
    |sparsemux_7_2_40_1_1_U452       |sparsemux_7_2_40_1_1  |        0|   0|     0|     9|    0|
    +--------------------------------+----------------------+---------+----+------+------+-----+
    |Total                           |                      |        0|  13|  2461|  6663|    0|
    +--------------------------------+----------------------+---------+----+------+------+-----+

    * DSP: 
    N/A

    * Memory: 
    +---------------+-------------------------+---------+---+----+-----+------+-----+------+-------------+
    |     Memory    |          Module         | BRAM_18K| FF| LUT| URAM| Words| Bits| Banks| W*Bits*Banks|
    +---------------+-------------------------+---------+---+----+-----+------+-----+------+-------------+
    |EXP_NEG_LUT_U  |EXP_NEG_LUT_ROM_AUTO_1R  |        0|  0|   0|    0|  1025|   40|     1|        41000|
    +---------------+-------------------------+---------+---+----+-----+------+-----+------+-------------+
    |Total          |                         |        0|  0|   0|    0|  1025|   40|     1|        41000|
    +---------------+-------------------------+---------+---+----+-----+------+-----+------+-------------+

    * FIFO: 
    N/A

    * Expression: 
    +------------------------+----------+----+---+-----+------------+------------+
    |      Variable Name     | Operation| DSP| FF| LUT | Bitwidth P0| Bitwidth P1|
    +------------------------+----------+----+---+-----+------------+------------+
    |add_ln240_fu_4815_p2    |         +|   0|  0|   47|          40|          40|
    |add_ln87_fu_4627_p2     |         +|   0|  0|   18|          11|           1|
    |add_ln89_fu_4699_p2     |         +|   0|  0|   68|          61|          61|
    |sub_ln75_1_fu_4564_p2   |         -|   0|  0|   66|           1|          59|
    |sub_ln75_fu_4543_p2     |         -|   0|  0|  107|           1|          88|
    |sub_ln84_fu_4617_p2     |         -|   0|  0|   34|          27|          27|
    |sub_ln89_fu_4663_p2     |         -|   0|  0|   33|          26|          26|
    |and_ln91_1_fu_4771_p2   |       and|   0|  0|    2|           1|           1|
    |and_ln91_fu_4766_p2     |       and|   0|  0|    2|           1|           1|
    |icmp_ln116_fu_4479_p2   |      icmp|   0|  0|   47|          40|           1|
    |icmp_ln123_fu_4803_p2   |      icmp|   0|  0|   47|          40|          40|
    |icmp_ln59_fu_4531_p2    |      icmp|   0|  0|   47|          40|           1|
    |icmp_ln63_fu_4559_p2    |      icmp|   0|  0|   18|          11|           1|
    |icmp_ln91_fu_4731_p2    |      icmp|   0|  0|   44|          37|           1|
    |icmp_ln95_fu_4725_p2    |      icmp|   0|  0|   20|          13|           1|
    |p_fu_4783_p4            |    select|   0|  0|   41|           1|          41|
    |select_ln75_fu_4576_p3  |    select|   0|  0|   58|           1|          59|
    |xor_ln123_fu_4808_p2    |       xor|   0|  0|    2|           1|           2|
    |xor_ln59_fu_4761_p2     |       xor|   0|  0|    2|           1|           2|
    +------------------------+----------+----+---+-----+------------+------------+
    |Total                   |          |   0|  0|  703|         354|         453|
    +------------------------+----------+----+---+-----+------------+------------+

    * Multiplexer: 
    +---------------------------------+----+-----------+-----+-----------+
    |               Name              | LUT| Input Size| Bits| Total Bits|
    +---------------------------------+----+-----------+-----+-----------+
    |accepted                         |  14|          3|    1|          3|
    |ap_NS_fsm                        |  65|         14|    1|         14|
    |ap_phi_mux_empty_phi_fu_3618_p4  |  14|          3|   40|        120|
    +---------------------------------+----+-----------+-----+-----------+
    |Total                            |  93|         20|   42|        137|
    +---------------------------------+----+-----------+-----+-----------+

    * Register: 
    +---------------------------------------------+-----+----+-----+-----------+
    |                     Name                    |  FF | LUT| Bits| Const Bits|
    +---------------------------------------------+-----+----+-----+-----------+
    |J_0_10_read_reg_4870                         |   40|   0|   40|          0|
    |J_0_11_read_reg_4875                         |   40|   0|   40|          0|
    |J_0_12_read_reg_4880                         |   40|   0|   40|          0|
    |J_0_13_read_reg_4885                         |   40|   0|   40|          0|
    |J_0_14_read_reg_4890                         |   40|   0|   40|          0|
    |J_0_15_read_reg_4895                         |   40|   0|   40|          0|
    |J_0_16_read_reg_4900                         |   40|   0|   40|          0|
    |J_0_17_read_reg_4905                         |   40|   0|   40|          0|
    |J_0_18_read_reg_4910                         |   40|   0|   40|          0|
    |J_0_19_read_reg_4915                         |   40|   0|   40|          0|
    |J_0_1_read_reg_4825                          |   40|   0|   40|          0|
    |J_0_2_read_reg_4830                          |   40|   0|   40|          0|
    |J_0_3_read_reg_4835                          |   40|   0|   40|          0|
    |J_0_4_read_reg_4840                          |   40|   0|   40|          0|
    |J_0_5_read_reg_4845                          |   40|   0|   40|          0|
    |J_0_6_read_reg_4850                          |   40|   0|   40|          0|
    |J_0_7_read_reg_4855                          |   40|   0|   40|          0|
    |J_0_8_read_reg_4860                          |   40|   0|   40|          0|
    |J_0_9_read_reg_4865                          |   40|   0|   40|          0|
    |J_10_0_read_reg_5775                         |   40|   0|   40|          0|
    |J_10_11_read_reg_5825                        |   40|   0|   40|          0|
    |J_10_12_read_reg_5830                        |   40|   0|   40|          0|
    |J_10_13_read_reg_5835                        |   40|   0|   40|          0|
    |J_10_14_read_reg_5840                        |   40|   0|   40|          0|
    |J_10_15_read_reg_5845                        |   40|   0|   40|          0|
    |J_10_16_read_reg_5850                        |   40|   0|   40|          0|
    |J_10_17_read_reg_5855                        |   40|   0|   40|          0|
    |J_10_18_read_reg_5860                        |   40|   0|   40|          0|
    |J_10_19_read_reg_5865                        |   40|   0|   40|          0|
    |J_10_1_read_reg_5780                         |   40|   0|   40|          0|
    |J_10_2_read_reg_5785                         |   40|   0|   40|          0|
    |J_10_3_read_reg_5790                         |   40|   0|   40|          0|
    |J_10_4_read_reg_5795                         |   40|   0|   40|          0|
    |J_10_5_read_reg_5800                         |   40|   0|   40|          0|
    |J_10_6_read_reg_5805                         |   40|   0|   40|          0|
    |J_10_7_read_reg_5810                         |   40|   0|   40|          0|
    |J_10_8_read_reg_5815                         |   40|   0|   40|          0|
    |J_10_9_read_reg_5820                         |   40|   0|   40|          0|
    |J_11_0_read_reg_5870                         |   40|   0|   40|          0|
    |J_11_10_read_reg_5920                        |   40|   0|   40|          0|
    |J_11_12_read_reg_5925                        |   40|   0|   40|          0|
    |J_11_13_read_reg_5930                        |   40|   0|   40|          0|
    |J_11_14_read_reg_5935                        |   40|   0|   40|          0|
    |J_11_15_read_reg_5940                        |   40|   0|   40|          0|
    |J_11_16_read_reg_5945                        |   40|   0|   40|          0|
    |J_11_17_read_reg_5950                        |   40|   0|   40|          0|
    |J_11_18_read_reg_5955                        |   40|   0|   40|          0|
    |J_11_19_read_reg_5960                        |   40|   0|   40|          0|
    |J_11_1_read_reg_5875                         |   40|   0|   40|          0|
    |J_11_2_read_reg_5880                         |   40|   0|   40|          0|
    |J_11_3_read_reg_5885                         |   40|   0|   40|          0|
    |J_11_4_read_reg_5890                         |   40|   0|   40|          0|
    |J_11_5_read_reg_5895                         |   40|   0|   40|          0|
    |J_11_6_read_reg_5900                         |   40|   0|   40|          0|
    |J_11_7_read_reg_5905                         |   40|   0|   40|          0|
    |J_11_8_read_reg_5910                         |   40|   0|   40|          0|
    |J_11_9_read_reg_5915                         |   40|   0|   40|          0|
    |J_12_0_read_reg_5965                         |   40|   0|   40|          0|
    |J_12_10_read_reg_6015                        |   40|   0|   40|          0|
    |J_12_11_read_reg_6020                        |   40|   0|   40|          0|
    |J_12_13_read_reg_6025                        |   40|   0|   40|          0|
    |J_12_14_read_reg_6030                        |   40|   0|   40|          0|
    |J_12_15_read_reg_6035                        |   40|   0|   40|          0|
    |J_12_16_read_reg_6040                        |   40|   0|   40|          0|
    |J_12_17_read_reg_6045                        |   40|   0|   40|          0|
    |J_12_18_read_reg_6050                        |   40|   0|   40|          0|
    |J_12_19_read_reg_6055                        |   40|   0|   40|          0|
    |J_12_1_read_reg_5970                         |   40|   0|   40|          0|
    |J_12_2_read_reg_5975                         |   40|   0|   40|          0|
    |J_12_3_read_reg_5980                         |   40|   0|   40|          0|
    |J_12_4_read_reg_5985                         |   40|   0|   40|          0|
    |J_12_5_read_reg_5990                         |   40|   0|   40|          0|
    |J_12_6_read_reg_5995                         |   40|   0|   40|          0|
    |J_12_7_read_reg_6000                         |   40|   0|   40|          0|
    |J_12_8_read_reg_6005                         |   40|   0|   40|          0|
    |J_12_9_read_reg_6010                         |   40|   0|   40|          0|
    |J_13_0_read_reg_6060                         |   40|   0|   40|          0|
    |J_13_10_read_reg_6110                        |   40|   0|   40|          0|
    |J_13_11_read_reg_6115                        |   40|   0|   40|          0|
    |J_13_12_read_reg_6120                        |   40|   0|   40|          0|
    |J_13_14_read_reg_6125                        |   40|   0|   40|          0|
    |J_13_15_read_reg_6130                        |   40|   0|   40|          0|
    |J_13_16_read_reg_6135                        |   40|   0|   40|          0|
    |J_13_17_read_reg_6140                        |   40|   0|   40|          0|
    |J_13_18_read_reg_6145                        |   40|   0|   40|          0|
    |J_13_19_read_reg_6150                        |   40|   0|   40|          0|
    |J_13_1_read_reg_6065                         |   40|   0|   40|          0|
    |J_13_2_read_reg_6070                         |   40|   0|   40|          0|
    |J_13_3_read_reg_6075                         |   40|   0|   40|          0|
    |J_13_4_read_reg_6080                         |   40|   0|   40|          0|
    |J_13_5_read_reg_6085                         |   40|   0|   40|          0|
    |J_13_6_read_reg_6090                         |   40|   0|   40|          0|
    |J_13_7_read_reg_6095                         |   40|   0|   40|          0|
    |J_13_8_read_reg_6100                         |   40|   0|   40|          0|
    |J_13_9_read_reg_6105                         |   40|   0|   40|          0|
    |J_14_0_read_reg_6155                         |   40|   0|   40|          0|
    |J_14_10_read_reg_6205                        |   40|   0|   40|          0|
    |J_14_11_read_reg_6210                        |   40|   0|   40|          0|
    |J_14_12_read_reg_6215                        |   40|   0|   40|          0|
    |J_14_13_read_reg_6220                        |   40|   0|   40|          0|
    |J_14_15_read_reg_6225                        |   40|   0|   40|          0|
    |J_14_16_read_reg_6230                        |   40|   0|   40|          0|
    |J_14_17_read_reg_6235                        |   40|   0|   40|          0|
    |J_14_18_read_reg_6240                        |   40|   0|   40|          0|
    |J_14_19_read_reg_6245                        |   40|   0|   40|          0|
    |J_14_1_read_reg_6160                         |   40|   0|   40|          0|
    |J_14_2_read_reg_6165                         |   40|   0|   40|          0|
    |J_14_3_read_reg_6170                         |   40|   0|   40|          0|
    |J_14_4_read_reg_6175                         |   40|   0|   40|          0|
    |J_14_5_read_reg_6180                         |   40|   0|   40|          0|
    |J_14_6_read_reg_6185                         |   40|   0|   40|          0|
    |J_14_7_read_reg_6190                         |   40|   0|   40|          0|
    |J_14_8_read_reg_6195                         |   40|   0|   40|          0|
    |J_14_9_read_reg_6200                         |   40|   0|   40|          0|
    |J_15_0_read_reg_6250                         |   40|   0|   40|          0|
    |J_15_10_read_reg_6300                        |   40|   0|   40|          0|
    |J_15_11_read_reg_6305                        |   40|   0|   40|          0|
    |J_15_12_read_reg_6310                        |   40|   0|   40|          0|
    |J_15_13_read_reg_6315                        |   40|   0|   40|          0|
    |J_15_14_read_reg_6320                        |   40|   0|   40|          0|
    |J_15_16_read_reg_6325                        |   40|   0|   40|          0|
    |J_15_17_read_reg_6330                        |   40|   0|   40|          0|
    |J_15_18_read_reg_6335                        |   40|   0|   40|          0|
    |J_15_19_read_reg_6340                        |   40|   0|   40|          0|
    |J_15_1_read_reg_6255                         |   40|   0|   40|          0|
    |J_15_2_read_reg_6260                         |   40|   0|   40|          0|
    |J_15_3_read_reg_6265                         |   40|   0|   40|          0|
    |J_15_4_read_reg_6270                         |   40|   0|   40|          0|
    |J_15_5_read_reg_6275                         |   40|   0|   40|          0|
    |J_15_6_read_reg_6280                         |   40|   0|   40|          0|
    |J_15_7_read_reg_6285                         |   40|   0|   40|          0|
    |J_15_8_read_reg_6290                         |   40|   0|   40|          0|
    |J_15_9_read_reg_6295                         |   40|   0|   40|          0|
    |J_16_0_read_reg_6345                         |   40|   0|   40|          0|
    |J_16_10_read_reg_6395                        |   40|   0|   40|          0|
    |J_16_11_read_reg_6400                        |   40|   0|   40|          0|
    |J_16_12_read_reg_6405                        |   40|   0|   40|          0|
    |J_16_13_read_reg_6410                        |   40|   0|   40|          0|
    |J_16_14_read_reg_6415                        |   40|   0|   40|          0|
    |J_16_15_read_reg_6420                        |   40|   0|   40|          0|
    |J_16_17_read_reg_6425                        |   40|   0|   40|          0|
    |J_16_18_read_reg_6430                        |   40|   0|   40|          0|
    |J_16_19_read_reg_6435                        |   40|   0|   40|          0|
    |J_16_1_read_reg_6350                         |   40|   0|   40|          0|
    |J_16_2_read_reg_6355                         |   40|   0|   40|          0|
    |J_16_3_read_reg_6360                         |   40|   0|   40|          0|
    |J_16_4_read_reg_6365                         |   40|   0|   40|          0|
    |J_16_5_read_reg_6370                         |   40|   0|   40|          0|
    |J_16_6_read_reg_6375                         |   40|   0|   40|          0|
    |J_16_7_read_reg_6380                         |   40|   0|   40|          0|
    |J_16_8_read_reg_6385                         |   40|   0|   40|          0|
    |J_16_9_read_reg_6390                         |   40|   0|   40|          0|
    |J_17_0_read_reg_6440                         |   40|   0|   40|          0|
    |J_17_10_read_reg_6490                        |   40|   0|   40|          0|
    |J_17_11_read_reg_6495                        |   40|   0|   40|          0|
    |J_17_12_read_reg_6500                        |   40|   0|   40|          0|
    |J_17_13_read_reg_6505                        |   40|   0|   40|          0|
    |J_17_14_read_reg_6510                        |   40|   0|   40|          0|
    |J_17_15_read_reg_6515                        |   40|   0|   40|          0|
    |J_17_16_read_reg_6520                        |   40|   0|   40|          0|
    |J_17_18_read_reg_6525                        |   40|   0|   40|          0|
    |J_17_19_read_reg_6530                        |   40|   0|   40|          0|
    |J_17_1_read_reg_6445                         |   40|   0|   40|          0|
    |J_17_2_read_reg_6450                         |   40|   0|   40|          0|
    |J_17_3_read_reg_6455                         |   40|   0|   40|          0|
    |J_17_4_read_reg_6460                         |   40|   0|   40|          0|
    |J_17_5_read_reg_6465                         |   40|   0|   40|          0|
    |J_17_6_read_reg_6470                         |   40|   0|   40|          0|
    |J_17_7_read_reg_6475                         |   40|   0|   40|          0|
    |J_17_8_read_reg_6480                         |   40|   0|   40|          0|
    |J_17_9_read_reg_6485                         |   40|   0|   40|          0|
    |J_18_0_read_reg_6535                         |   40|   0|   40|          0|
    |J_18_10_read_reg_6585                        |   40|   0|   40|          0|
    |J_18_11_read_reg_6590                        |   40|   0|   40|          0|
    |J_18_12_read_reg_6595                        |   40|   0|   40|          0|
    |J_18_13_read_reg_6600                        |   40|   0|   40|          0|
    |J_18_14_read_reg_6605                        |   40|   0|   40|          0|
    |J_18_15_read_reg_6610                        |   40|   0|   40|          0|
    |J_18_16_read_reg_6615                        |   40|   0|   40|          0|
    |J_18_17_read_reg_6620                        |   40|   0|   40|          0|
    |J_18_19_read_reg_6625                        |   40|   0|   40|          0|
    |J_18_1_read_reg_6540                         |   40|   0|   40|          0|
    |J_18_2_read_reg_6545                         |   40|   0|   40|          0|
    |J_18_3_read_reg_6550                         |   40|   0|   40|          0|
    |J_18_4_read_reg_6555                         |   40|   0|   40|          0|
    |J_18_5_read_reg_6560                         |   40|   0|   40|          0|
    |J_18_6_read_reg_6565                         |   40|   0|   40|          0|
    |J_18_7_read_reg_6570                         |   40|   0|   40|          0|
    |J_18_8_read_reg_6575                         |   40|   0|   40|          0|
    |J_18_9_read_reg_6580                         |   40|   0|   40|          0|
    |J_19_0_read_reg_6630                         |   40|   0|   40|          0|
    |J_19_10_read_reg_6680                        |   40|   0|   40|          0|
    |J_19_11_read_reg_6685                        |   40|   0|   40|          0|
    |J_19_12_read_reg_6690                        |   40|   0|   40|          0|
    |J_19_13_read_reg_6695                        |   40|   0|   40|          0|
    |J_19_14_read_reg_6700                        |   40|   0|   40|          0|
    |J_19_15_read_reg_6705                        |   40|   0|   40|          0|
    |J_19_16_read_reg_6710                        |   40|   0|   40|          0|
    |J_19_17_read_reg_6715                        |   40|   0|   40|          0|
    |J_19_18_read_reg_6720                        |   40|   0|   40|          0|
    |J_19_1_read_reg_6635                         |   40|   0|   40|          0|
    |J_19_2_read_reg_6640                         |   40|   0|   40|          0|
    |J_19_3_read_reg_6645                         |   40|   0|   40|          0|
    |J_19_4_read_reg_6650                         |   40|   0|   40|          0|
    |J_19_5_read_reg_6655                         |   40|   0|   40|          0|
    |J_19_6_read_reg_6660                         |   40|   0|   40|          0|
    |J_19_7_read_reg_6665                         |   40|   0|   40|          0|
    |J_19_8_read_reg_6670                         |   40|   0|   40|          0|
    |J_19_9_read_reg_6675                         |   40|   0|   40|          0|
    |J_1_0_read_reg_4920                          |   40|   0|   40|          0|
    |J_1_10_read_reg_4965                         |   40|   0|   40|          0|
    |J_1_11_read_reg_4970                         |   40|   0|   40|          0|
    |J_1_12_read_reg_4975                         |   40|   0|   40|          0|
    |J_1_13_read_reg_4980                         |   40|   0|   40|          0|
    |J_1_14_read_reg_4985                         |   40|   0|   40|          0|
    |J_1_15_read_reg_4990                         |   40|   0|   40|          0|
    |J_1_16_read_reg_4995                         |   40|   0|   40|          0|
    |J_1_17_read_reg_5000                         |   40|   0|   40|          0|
    |J_1_18_read_reg_5005                         |   40|   0|   40|          0|
    |J_1_19_read_reg_5010                         |   40|   0|   40|          0|
    |J_1_2_read_reg_4925                          |   40|   0|   40|          0|
    |J_1_3_read_reg_4930                          |   40|   0|   40|          0|
    |J_1_4_read_reg_4935                          |   40|   0|   40|          0|
    |J_1_5_read_reg_4940                          |   40|   0|   40|          0|
    |J_1_6_read_reg_4945                          |   40|   0|   40|          0|
    |J_1_7_read_reg_4950                          |   40|   0|   40|          0|
    |J_1_8_read_reg_4955                          |   40|   0|   40|          0|
    |J_1_9_read_reg_4960                          |   40|   0|   40|          0|
    |J_2_0_read_reg_5015                          |   40|   0|   40|          0|
    |J_2_10_read_reg_5060                         |   40|   0|   40|          0|
    |J_2_11_read_reg_5065                         |   40|   0|   40|          0|
    |J_2_12_read_reg_5070                         |   40|   0|   40|          0|
    |J_2_13_read_reg_5075                         |   40|   0|   40|          0|
    |J_2_14_read_reg_5080                         |   40|   0|   40|          0|
    |J_2_15_read_reg_5085                         |   40|   0|   40|          0|
    |J_2_16_read_reg_5090                         |   40|   0|   40|          0|
    |J_2_17_read_reg_5095                         |   40|   0|   40|          0|
    |J_2_18_read_reg_5100                         |   40|   0|   40|          0|
    |J_2_19_read_reg_5105                         |   40|   0|   40|          0|
    |J_2_1_read_reg_5020                          |   40|   0|   40|          0|
    |J_2_3_read_reg_5025                          |   40|   0|   40|          0|
    |J_2_4_read_reg_5030                          |   40|   0|   40|          0|
    |J_2_5_read_reg_5035                          |   40|   0|   40|          0|
    |J_2_6_read_reg_5040                          |   40|   0|   40|          0|
    |J_2_7_read_reg_5045                          |   40|   0|   40|          0|
    |J_2_8_read_reg_5050                          |   40|   0|   40|          0|
    |J_2_9_read_reg_5055                          |   40|   0|   40|          0|
    |J_3_0_read_reg_5110                          |   40|   0|   40|          0|
    |J_3_10_read_reg_5155                         |   40|   0|   40|          0|
    |J_3_11_read_reg_5160                         |   40|   0|   40|          0|
    |J_3_12_read_reg_5165                         |   40|   0|   40|          0|
    |J_3_13_read_reg_5170                         |   40|   0|   40|          0|
    |J_3_14_read_reg_5175                         |   40|   0|   40|          0|
    |J_3_15_read_reg_5180                         |   40|   0|   40|          0|
    |J_3_16_read_reg_5185                         |   40|   0|   40|          0|
    |J_3_17_read_reg_5190                         |   40|   0|   40|          0|
    |J_3_18_read_reg_5195                         |   40|   0|   40|          0|
    |J_3_19_read_reg_5200                         |   40|   0|   40|          0|
    |J_3_1_read_reg_5115                          |   40|   0|   40|          0|
    |J_3_2_read_reg_5120                          |   40|   0|   40|          0|
    |J_3_4_read_reg_5125                          |   40|   0|   40|          0|
    |J_3_5_read_reg_5130                          |   40|   0|   40|          0|
    |J_3_6_read_reg_5135                          |   40|   0|   40|          0|
    |J_3_7_read_reg_5140                          |   40|   0|   40|          0|
    |J_3_8_read_reg_5145                          |   40|   0|   40|          0|
    |J_3_9_read_reg_5150                          |   40|   0|   40|          0|
    |J_4_0_read_reg_5205                          |   40|   0|   40|          0|
    |J_4_10_read_reg_5250                         |   40|   0|   40|          0|
    |J_4_11_read_reg_5255                         |   40|   0|   40|          0|
    |J_4_12_read_reg_5260                         |   40|   0|   40|          0|
    |J_4_13_read_reg_5265                         |   40|   0|   40|          0|
    |J_4_14_read_reg_5270                         |   40|   0|   40|          0|
    |J_4_15_read_reg_5275                         |   40|   0|   40|          0|
    |J_4_16_read_reg_5280                         |   40|   0|   40|          0|
    |J_4_17_read_reg_5285                         |   40|   0|   40|          0|
    |J_4_18_read_reg_5290                         |   40|   0|   40|          0|
    |J_4_19_read_reg_5295                         |   40|   0|   40|          0|
    |J_4_1_read_reg_5210                          |   40|   0|   40|          0|
    |J_4_2_read_reg_5215                          |   40|   0|   40|          0|
    |J_4_3_read_reg_5220                          |   40|   0|   40|          0|
    |J_4_5_read_reg_5225                          |   40|   0|   40|          0|
    |J_4_6_read_reg_5230                          |   40|   0|   40|          0|
    |J_4_7_read_reg_5235                          |   40|   0|   40|          0|
    |J_4_8_read_reg_5240                          |   40|   0|   40|          0|
    |J_4_9_read_reg_5245                          |   40|   0|   40|          0|
    |J_5_0_read_reg_5300                          |   40|   0|   40|          0|
    |J_5_10_read_reg_5345                         |   40|   0|   40|          0|
    |J_5_11_read_reg_5350                         |   40|   0|   40|          0|
    |J_5_12_read_reg_5355                         |   40|   0|   40|          0|
    |J_5_13_read_reg_5360                         |   40|   0|   40|          0|
    |J_5_14_read_reg_5365                         |   40|   0|   40|          0|
    |J_5_15_read_reg_5370                         |   40|   0|   40|          0|
    |J_5_16_read_reg_5375                         |   40|   0|   40|          0|
    |J_5_17_read_reg_5380                         |   40|   0|   40|          0|
    |J_5_18_read_reg_5385                         |   40|   0|   40|          0|
    |J_5_19_read_reg_5390                         |   40|   0|   40|          0|
    |J_5_1_read_reg_5305                          |   40|   0|   40|          0|
    |J_5_2_read_reg_5310                          |   40|   0|   40|          0|
    |J_5_3_read_reg_5315                          |   40|   0|   40|          0|
    |J_5_4_read_reg_5320                          |   40|   0|   40|          0|
    |J_5_6_read_reg_5325                          |   40|   0|   40|          0|
    |J_5_7_read_reg_5330                          |   40|   0|   40|          0|
    |J_5_8_read_reg_5335                          |   40|   0|   40|          0|
    |J_5_9_read_reg_5340                          |   40|   0|   40|          0|
    |J_6_0_read_reg_5395                          |   40|   0|   40|          0|
    |J_6_10_read_reg_5440                         |   40|   0|   40|          0|
    |J_6_11_read_reg_5445                         |   40|   0|   40|          0|
    |J_6_12_read_reg_5450                         |   40|   0|   40|          0|
    |J_6_13_read_reg_5455                         |   40|   0|   40|          0|
    |J_6_14_read_reg_5460                         |   40|   0|   40|          0|
    |J_6_15_read_reg_5465                         |   40|   0|   40|          0|
    |J_6_16_read_reg_5470                         |   40|   0|   40|          0|
    |J_6_17_read_reg_5475                         |   40|   0|   40|          0|
    |J_6_18_read_reg_5480                         |   40|   0|   40|          0|
    |J_6_19_read_reg_5485                         |   40|   0|   40|          0|
    |J_6_1_read_reg_5400                          |   40|   0|   40|          0|
    |J_6_2_read_reg_5405                          |   40|   0|   40|          0|
    |J_6_3_read_reg_5410                          |   40|   0|   40|          0|
    |J_6_4_read_reg_5415                          |   40|   0|   40|          0|
    |J_6_5_read_reg_5420                          |   40|   0|   40|          0|
    |J_6_7_read_reg_5425                          |   40|   0|   40|          0|
    |J_6_8_read_reg_5430                          |   40|   0|   40|          0|
    |J_6_9_read_reg_5435                          |   40|   0|   40|          0|
    |J_7_0_read_reg_5490                          |   40|   0|   40|          0|
    |J_7_10_read_reg_5535                         |   40|   0|   40|          0|
    |J_7_11_read_reg_5540                         |   40|   0|   40|          0|
    |J_7_12_read_reg_5545                         |   40|   0|   40|          0|
    |J_7_13_read_reg_5550                         |   40|   0|   40|          0|
    |J_7_14_read_reg_5555                         |   40|   0|   40|          0|
    |J_7_15_read_reg_5560                         |   40|   0|   40|          0|
    |J_7_16_read_reg_5565                         |   40|   0|   40|          0|
    |J_7_17_read_reg_5570                         |   40|   0|   40|          0|
    |J_7_18_read_reg_5575                         |   40|   0|   40|          0|
    |J_7_19_read_reg_5580                         |   40|   0|   40|          0|
    |J_7_1_read_reg_5495                          |   40|   0|   40|          0|
    |J_7_2_read_reg_5500                          |   40|   0|   40|          0|
    |J_7_3_read_reg_5505                          |   40|   0|   40|          0|
    |J_7_4_read_reg_5510                          |   40|   0|   40|          0|
    |J_7_5_read_reg_5515                          |   40|   0|   40|          0|
    |J_7_6_read_reg_5520                          |   40|   0|   40|          0|
    |J_7_8_read_reg_5525                          |   40|   0|   40|          0|
    |J_7_9_read_reg_5530                          |   40|   0|   40|          0|
    |J_8_0_read_reg_5585                          |   40|   0|   40|          0|
    |J_8_10_read_reg_5630                         |   40|   0|   40|          0|
    |J_8_11_read_reg_5635                         |   40|   0|   40|          0|
    |J_8_12_read_reg_5640                         |   40|   0|   40|          0|
    |J_8_13_read_reg_5645                         |   40|   0|   40|          0|
    |J_8_14_read_reg_5650                         |   40|   0|   40|          0|
    |J_8_15_read_reg_5655                         |   40|   0|   40|          0|
    |J_8_16_read_reg_5660                         |   40|   0|   40|          0|
    |J_8_17_read_reg_5665                         |   40|   0|   40|          0|
    |J_8_18_read_reg_5670                         |   40|   0|   40|          0|
    |J_8_19_read_reg_5675                         |   40|   0|   40|          0|
    |J_8_1_read_reg_5590                          |   40|   0|   40|          0|
    |J_8_2_read_reg_5595                          |   40|   0|   40|          0|
    |J_8_3_read_reg_5600                          |   40|   0|   40|          0|
    |J_8_4_read_reg_5605                          |   40|   0|   40|          0|
    |J_8_5_read_reg_5610                          |   40|   0|   40|          0|
    |J_8_6_read_reg_5615                          |   40|   0|   40|          0|
    |J_8_7_read_reg_5620                          |   40|   0|   40|          0|
    |J_8_9_read_reg_5625                          |   40|   0|   40|          0|
    |J_9_0_read_reg_5680                          |   40|   0|   40|          0|
    |J_9_10_read_reg_5725                         |   40|   0|   40|          0|
    |J_9_11_read_reg_5730                         |   40|   0|   40|          0|
    |J_9_12_read_reg_5735                         |   40|   0|   40|          0|
    |J_9_13_read_reg_5740                         |   40|   0|   40|          0|
    |J_9_14_read_reg_5745                         |   40|   0|   40|          0|
    |J_9_15_read_reg_5750                         |   40|   0|   40|          0|
    |J_9_16_read_reg_5755                         |   40|   0|   40|          0|
    |J_9_17_read_reg_5760                         |   40|   0|   40|          0|
    |J_9_18_read_reg_5765                         |   40|   0|   40|          0|
    |J_9_19_read_reg_5770                         |   40|   0|   40|          0|
    |J_9_1_read_reg_5685                          |   40|   0|   40|          0|
    |J_9_2_read_reg_5690                          |   40|   0|   40|          0|
    |J_9_3_read_reg_5695                          |   40|   0|   40|          0|
    |J_9_4_read_reg_5700                          |   40|   0|   40|          0|
    |J_9_5_read_reg_5705                          |   40|   0|   40|          0|
    |J_9_6_read_reg_5710                          |   40|   0|   40|          0|
    |J_9_7_read_reg_5715                          |   40|   0|   40|          0|
    |J_9_8_read_reg_5720                          |   40|   0|   40|          0|
    |add_ln89_reg_7053                            |   61|   0|   61|          0|
    |ap_CS_fsm                                    |   13|   0|   13|          0|
    |de_reg_6925                                  |   40|   0|   40|          0|
    |grp_local_delta_energy_fu_3625_ap_start_reg  |    1|   0|    1|          0|
    |h_0_read_reg_6725                            |   40|   0|   40|          0|
    |h_10_read_reg_6775                           |   40|   0|   40|          0|
    |h_11_read_reg_6780                           |   40|   0|   40|          0|
    |h_12_read_reg_6785                           |   40|   0|   40|          0|
    |h_13_read_reg_6790                           |   40|   0|   40|          0|
    |h_14_read_reg_6795                           |   40|   0|   40|          0|
    |h_15_read_reg_6800                           |   40|   0|   40|          0|
    |h_16_read_reg_6805                           |   40|   0|   40|          0|
    |h_17_read_reg_6810                           |   40|   0|   40|          0|
    |h_18_read_reg_6815                           |   40|   0|   40|          0|
    |h_19_read_reg_6820                           |   40|   0|   40|          0|
    |h_1_read_reg_6730                            |   40|   0|   40|          0|
    |h_2_read_reg_6735                            |   40|   0|   40|          0|
    |h_3_read_reg_6740                            |   40|   0|   40|          0|
    |h_4_read_reg_6745                            |   40|   0|   40|          0|
    |h_5_read_reg_6750                            |   40|   0|   40|          0|
    |h_6_read_reg_6755                            |   40|   0|   40|          0|
    |h_7_read_reg_6760                            |   40|   0|   40|          0|
    |h_8_read_reg_6765                            |   40|   0|   40|          0|
    |h_9_read_reg_6770                            |   40|   0|   40|          0|
    |i_read_reg_4820                              |   32|   0|   32|          0|
    |icmp_ln116_reg_6944                          |    1|   0|    1|          0|
    |icmp_ln59_reg_6979                           |    1|   0|    1|          0|
    |icmp_ln63_reg_6990                           |    1|   0|    1|          0|
    |icmp_ln91_reg_7063                           |    1|   0|    1|          0|
    |icmp_ln95_reg_7058                           |    1|   0|    1|          0|
    |idx_reg_6995                                 |   11|   0|   11|          0|
    |mul_ln89_reg_7048                            |   60|   0|   60|          0|
    |old_energy_read_reg_6938                     |   40|   0|   40|          0|
    |s_0_read_reg_6825                            |    1|   0|    1|          0|
    |s_10_read_reg_6875                           |    1|   0|    1|          0|
    |s_11_read_reg_6880                           |    1|   0|    1|          0|
    |s_12_read_reg_6885                           |    1|   0|    1|          0|
    |s_13_read_reg_6890                           |    1|   0|    1|          0|
    |s_14_read_reg_6895                           |    1|   0|    1|          0|
    |s_15_read_reg_6900                           |    1|   0|    1|          0|
    |s_16_read_reg_6905                           |    1|   0|    1|          0|
    |s_17_read_reg_6910                           |    1|   0|    1|          0|
    |s_18_read_reg_6915                           |    1|   0|    1|          0|
    |s_19_read_reg_6920                           |    1|   0|    1|          0|
    |s_1_read_reg_6830                            |    1|   0|    1|          0|
    |s_2_read_reg_6835                            |    1|   0|    1|          0|
    |s_3_read_reg_6840                            |    1|   0|    1|          0|
    |s_4_read_reg_6845                            |    1|   0|    1|          0|
    |s_5_read_reg_6850                            |    1|   0|    1|          0|
    |s_6_read_reg_6855                            |    1|   0|    1|          0|
    |s_7_read_reg_6860                            |    1|   0|    1|          0|
    |s_8_read_reg_6865                            |    1|   0|    1|          0|
    |s_9_read_reg_6870                            |    1|   0|    1|          0|
    |sub_ln84_reg_7007                            |   27|   0|   27|          0|
    |sub_ln89_reg_7033                            |   26|   0|   26|          0|
    |tmp_1_reg_6969                               |    1|   0|    1|          0|
    |tmp_3_reg_7002                               |   26|   0|   26|          0|
    |tmp_4_reg_7022                               |   25|   0|   25|          0|
    |tmp_5_reg_7028                               |   25|   0|   25|          0|
    |tmp_6_reg_6974                               |   11|   0|   11|          0|
    |tmp_reg_6963                                 |   30|   0|   30|          0|
    |trunc_ln75_1_reg_6985                        |   30|   0|   59|         29|
    |u_read_reg_6933                              |   40|   0|   40|          0|
    |x_reg_6958                                   |   40|   0|   40|          0|
    +---------------------------------------------+-----+----+-----+-----------+
    |Total                                        |16564|   0|16593|         29|
    +---------------------------------------------+-----+----+-----+-----------+



================================================================
== Interface
================================================================
* Summary: 
+---------------------+-----+-----+------------+-----------------------+--------------+
|      RTL Ports      | Dir | Bits|  Protocol  |     Source Object     |    C Type    |
+---------------------+-----+-----+------------+-----------------------+--------------+
|ap_clk               |   in|    1|  ap_ctrl_hs|  local_metropolis_step|  return value|
|ap_rst               |   in|    1|  ap_ctrl_hs|  local_metropolis_step|  return value|
|ap_start             |   in|    1|  ap_ctrl_hs|  local_metropolis_step|  return value|
|ap_done              |  out|    1|  ap_ctrl_hs|  local_metropolis_step|  return value|
|ap_idle              |  out|    1|  ap_ctrl_hs|  local_metropolis_step|  return value|
|ap_ready             |  out|    1|  ap_ctrl_hs|  local_metropolis_step|  return value|
|J_0_0                |   in|   40|     ap_none|                  J_0_0|       pointer|
|J_0_1                |   in|   40|     ap_none|                  J_0_1|       pointer|
|J_0_2                |   in|   40|     ap_none|                  J_0_2|       pointer|
|J_0_3                |   in|   40|     ap_none|                  J_0_3|       pointer|
|J_0_4                |   in|   40|     ap_none|                  J_0_4|       pointer|
|J_0_5                |   in|   40|     ap_none|                  J_0_5|       pointer|
|J_0_6                |   in|   40|     ap_none|                  J_0_6|       pointer|
|J_0_7                |   in|   40|     ap_none|                  J_0_7|       pointer|
|J_0_8                |   in|   40|     ap_none|                  J_0_8|       pointer|
|J_0_9                |   in|   40|     ap_none|                  J_0_9|       pointer|
|J_0_10               |   in|   40|     ap_none|                 J_0_10|       pointer|
|J_0_11               |   in|   40|     ap_none|                 J_0_11|       pointer|
|J_0_12               |   in|   40|     ap_none|                 J_0_12|       pointer|
|J_0_13               |   in|   40|     ap_none|                 J_0_13|       pointer|
|J_0_14               |   in|   40|     ap_none|                 J_0_14|       pointer|
|J_0_15               |   in|   40|     ap_none|                 J_0_15|       pointer|
|J_0_16               |   in|   40|     ap_none|                 J_0_16|       pointer|
|J_0_17               |   in|   40|     ap_none|                 J_0_17|       pointer|
|J_0_18               |   in|   40|     ap_none|                 J_0_18|       pointer|
|J_0_19               |   in|   40|     ap_none|                 J_0_19|       pointer|
|J_1_0                |   in|   40|     ap_none|                  J_1_0|       pointer|
|J_1_1                |   in|   40|     ap_none|                  J_1_1|       pointer|
|J_1_2                |   in|   40|     ap_none|                  J_1_2|       pointer|
|J_1_3                |   in|   40|     ap_none|                  J_1_3|       pointer|
|J_1_4                |   in|   40|     ap_none|                  J_1_4|       pointer|
|J_1_5                |   in|   40|     ap_none|                  J_1_5|       pointer|
|J_1_6                |   in|   40|     ap_none|                  J_1_6|       pointer|
|J_1_7                |   in|   40|     ap_none|                  J_1_7|       pointer|
|J_1_8                |   in|   40|     ap_none|                  J_1_8|       pointer|
|J_1_9                |   in|   40|     ap_none|                  J_1_9|       pointer|
|J_1_10               |   in|   40|     ap_none|                 J_1_10|       pointer|
|J_1_11               |   in|   40|     ap_none|                 J_1_11|       pointer|
|J_1_12               |   in|   40|     ap_none|                 J_1_12|       pointer|
|J_1_13               |   in|   40|     ap_none|                 J_1_13|       pointer|
|J_1_14               |   in|   40|     ap_none|                 J_1_14|       pointer|
|J_1_15               |   in|   40|     ap_none|                 J_1_15|       pointer|
|J_1_16               |   in|   40|     ap_none|                 J_1_16|       pointer|
|J_1_17               |   in|   40|     ap_none|                 J_1_17|       pointer|
|J_1_18               |   in|   40|     ap_none|                 J_1_18|       pointer|
|J_1_19               |   in|   40|     ap_none|                 J_1_19|       pointer|
|J_2_0                |   in|   40|     ap_none|                  J_2_0|       pointer|
|J_2_1                |   in|   40|     ap_none|                  J_2_1|       pointer|
|J_2_2                |   in|   40|     ap_none|                  J_2_2|       pointer|
|J_2_3                |   in|   40|     ap_none|                  J_2_3|       pointer|
|J_2_4                |   in|   40|     ap_none|                  J_2_4|       pointer|
|J_2_5                |   in|   40|     ap_none|                  J_2_5|       pointer|
|J_2_6                |   in|   40|     ap_none|                  J_2_6|       pointer|
|J_2_7                |   in|   40|     ap_none|                  J_2_7|       pointer|
|J_2_8                |   in|   40|     ap_none|                  J_2_8|       pointer|
|J_2_9                |   in|   40|     ap_none|                  J_2_9|       pointer|
|J_2_10               |   in|   40|     ap_none|                 J_2_10|       pointer|
|J_2_11               |   in|   40|     ap_none|                 J_2_11|       pointer|
|J_2_12               |   in|   40|     ap_none|                 J_2_12|       pointer|
|J_2_13               |   in|   40|     ap_none|                 J_2_13|       pointer|
|J_2_14               |   in|   40|     ap_none|                 J_2_14|       pointer|
|J_2_15               |   in|   40|     ap_none|                 J_2_15|       pointer|
|J_2_16               |   in|   40|     ap_none|                 J_2_16|       pointer|
|J_2_17               |   in|   40|     ap_none|                 J_2_17|       pointer|
|J_2_18               |   in|   40|     ap_none|                 J_2_18|       pointer|
|J_2_19               |   in|   40|     ap_none|                 J_2_19|       pointer|
|J_3_0                |   in|   40|     ap_none|                  J_3_0|       pointer|
|J_3_1                |   in|   40|     ap_none|                  J_3_1|       pointer|
|J_3_2                |   in|   40|     ap_none|                  J_3_2|       pointer|
|J_3_3                |   in|   40|     ap_none|                  J_3_3|       pointer|
|J_3_4                |   in|   40|     ap_none|                  J_3_4|       pointer|
|J_3_5                |   in|   40|     ap_none|                  J_3_5|       pointer|
|J_3_6                |   in|   40|     ap_none|                  J_3_6|       pointer|
|J_3_7                |   in|   40|     ap_none|                  J_3_7|       pointer|
|J_3_8                |   in|   40|     ap_none|                  J_3_8|       pointer|
|J_3_9                |   in|   40|     ap_none|                  J_3_9|       pointer|
|J_3_10               |   in|   40|     ap_none|                 J_3_10|       pointer|
|J_3_11               |   in|   40|     ap_none|                 J_3_11|       pointer|
|J_3_12               |   in|   40|     ap_none|                 J_3_12|       pointer|
|J_3_13               |   in|   40|     ap_none|                 J_3_13|       pointer|
|J_3_14               |   in|   40|     ap_none|                 J_3_14|       pointer|
|J_3_15               |   in|   40|     ap_none|                 J_3_15|       pointer|
|J_3_16               |   in|   40|     ap_none|                 J_3_16|       pointer|
|J_3_17               |   in|   40|     ap_none|                 J_3_17|       pointer|
|J_3_18               |   in|   40|     ap_none|                 J_3_18|       pointer|
|J_3_19               |   in|   40|     ap_none|                 J_3_19|       pointer|
|J_4_0                |   in|   40|     ap_none|                  J_4_0|       pointer|
|J_4_1                |   in|   40|     ap_none|                  J_4_1|       pointer|
|J_4_2                |   in|   40|     ap_none|                  J_4_2|       pointer|
|J_4_3                |   in|   40|     ap_none|                  J_4_3|       pointer|
|J_4_4                |   in|   40|     ap_none|                  J_4_4|       pointer|
|J_4_5                |   in|   40|     ap_none|                  J_4_5|       pointer|
|J_4_6                |   in|   40|     ap_none|                  J_4_6|       pointer|
|J_4_7                |   in|   40|     ap_none|                  J_4_7|       pointer|
|J_4_8                |   in|   40|     ap_none|                  J_4_8|       pointer|
|J_4_9                |   in|   40|     ap_none|                  J_4_9|       pointer|
|J_4_10               |   in|   40|     ap_none|                 J_4_10|       pointer|
|J_4_11               |   in|   40|     ap_none|                 J_4_11|       pointer|
|J_4_12               |   in|   40|     ap_none|                 J_4_12|       pointer|
|J_4_13               |   in|   40|     ap_none|                 J_4_13|       pointer|
|J_4_14               |   in|   40|     ap_none|                 J_4_14|       pointer|
|J_4_15               |   in|   40|     ap_none|                 J_4_15|       pointer|
|J_4_16               |   in|   40|     ap_none|                 J_4_16|       pointer|
|J_4_17               |   in|   40|     ap_none|                 J_4_17|       pointer|
|J_4_18               |   in|   40|     ap_none|                 J_4_18|       pointer|
|J_4_19               |   in|   40|     ap_none|                 J_4_19|       pointer|
|J_5_0                |   in|   40|     ap_none|                  J_5_0|       pointer|
|J_5_1                |   in|   40|     ap_none|                  J_5_1|       pointer|
|J_5_2                |   in|   40|     ap_none|                  J_5_2|       pointer|
|J_5_3                |   in|   40|     ap_none|                  J_5_3|       pointer|
|J_5_4                |   in|   40|     ap_none|                  J_5_4|       pointer|
|J_5_5                |   in|   40|     ap_none|                  J_5_5|       pointer|
|J_5_6                |   in|   40|     ap_none|                  J_5_6|       pointer|
|J_5_7                |   in|   40|     ap_none|                  J_5_7|       pointer|
|J_5_8                |   in|   40|     ap_none|                  J_5_8|       pointer|
|J_5_9                |   in|   40|     ap_none|                  J_5_9|       pointer|
|J_5_10               |   in|   40|     ap_none|                 J_5_10|       pointer|
|J_5_11               |   in|   40|     ap_none|                 J_5_11|       pointer|
|J_5_12               |   in|   40|     ap_none|                 J_5_12|       pointer|
|J_5_13               |   in|   40|     ap_none|                 J_5_13|       pointer|
|J_5_14               |   in|   40|     ap_none|                 J_5_14|       pointer|
|J_5_15               |   in|   40|     ap_none|                 J_5_15|       pointer|
|J_5_16               |   in|   40|     ap_none|                 J_5_16|       pointer|
|J_5_17               |   in|   40|     ap_none|                 J_5_17|       pointer|
|J_5_18               |   in|   40|     ap_none|                 J_5_18|       pointer|
|J_5_19               |   in|   40|     ap_none|                 J_5_19|       pointer|
|J_6_0                |   in|   40|     ap_none|                  J_6_0|       pointer|
|J_6_1                |   in|   40|     ap_none|                  J_6_1|       pointer|
|J_6_2                |   in|   40|     ap_none|                  J_6_2|       pointer|
|J_6_3                |   in|   40|     ap_none|                  J_6_3|       pointer|
|J_6_4                |   in|   40|     ap_none|                  J_6_4|       pointer|
|J_6_5                |   in|   40|     ap_none|                  J_6_5|       pointer|
|J_6_6                |   in|   40|     ap_none|                  J_6_6|       pointer|
|J_6_7                |   in|   40|     ap_none|                  J_6_7|       pointer|
|J_6_8                |   in|   40|     ap_none|                  J_6_8|       pointer|
|J_6_9                |   in|   40|     ap_none|                  J_6_9|       pointer|
|J_6_10               |   in|   40|     ap_none|                 J_6_10|       pointer|
|J_6_11               |   in|   40|     ap_none|                 J_6_11|       pointer|
|J_6_12               |   in|   40|     ap_none|                 J_6_12|       pointer|
|J_6_13               |   in|   40|     ap_none|                 J_6_13|       pointer|
|J_6_14               |   in|   40|     ap_none|                 J_6_14|       pointer|
|J_6_15               |   in|   40|     ap_none|                 J_6_15|       pointer|
|J_6_16               |   in|   40|     ap_none|                 J_6_16|       pointer|
|J_6_17               |   in|   40|     ap_none|                 J_6_17|       pointer|
|J_6_18               |   in|   40|     ap_none|                 J_6_18|       pointer|
|J_6_19               |   in|   40|     ap_none|                 J_6_19|       pointer|
|J_7_0                |   in|   40|     ap_none|                  J_7_0|       pointer|
|J_7_1                |   in|   40|     ap_none|                  J_7_1|       pointer|
|J_7_2                |   in|   40|     ap_none|                  J_7_2|       pointer|
|J_7_3                |   in|   40|     ap_none|                  J_7_3|       pointer|
|J_7_4                |   in|   40|     ap_none|                  J_7_4|       pointer|
|J_7_5                |   in|   40|     ap_none|                  J_7_5|       pointer|
|J_7_6                |   in|   40|     ap_none|                  J_7_6|       pointer|
|J_7_7                |   in|   40|     ap_none|                  J_7_7|       pointer|
|J_7_8                |   in|   40|     ap_none|                  J_7_8|       pointer|
|J_7_9                |   in|   40|     ap_none|                  J_7_9|       pointer|
|J_7_10               |   in|   40|     ap_none|                 J_7_10|       pointer|
|J_7_11               |   in|   40|     ap_none|                 J_7_11|       pointer|
|J_7_12               |   in|   40|     ap_none|                 J_7_12|       pointer|
|J_7_13               |   in|   40|     ap_none|                 J_7_13|       pointer|
|J_7_14               |   in|   40|     ap_none|                 J_7_14|       pointer|
|J_7_15               |   in|   40|     ap_none|                 J_7_15|       pointer|
|J_7_16               |   in|   40|     ap_none|                 J_7_16|       pointer|
|J_7_17               |   in|   40|     ap_none|                 J_7_17|       pointer|
|J_7_18               |   in|   40|     ap_none|                 J_7_18|       pointer|
|J_7_19               |   in|   40|     ap_none|                 J_7_19|       pointer|
|J_8_0                |   in|   40|     ap_none|                  J_8_0|       pointer|
|J_8_1                |   in|   40|     ap_none|                  J_8_1|       pointer|
|J_8_2                |   in|   40|     ap_none|                  J_8_2|       pointer|
|J_8_3                |   in|   40|     ap_none|                  J_8_3|       pointer|
|J_8_4                |   in|   40|     ap_none|                  J_8_4|       pointer|
|J_8_5                |   in|   40|     ap_none|                  J_8_5|       pointer|
|J_8_6                |   in|   40|     ap_none|                  J_8_6|       pointer|
|J_8_7                |   in|   40|     ap_none|                  J_8_7|       pointer|
|J_8_8                |   in|   40|     ap_none|                  J_8_8|       pointer|
|J_8_9                |   in|   40|     ap_none|                  J_8_9|       pointer|
|J_8_10               |   in|   40|     ap_none|                 J_8_10|       pointer|
|J_8_11               |   in|   40|     ap_none|                 J_8_11|       pointer|
|J_8_12               |   in|   40|     ap_none|                 J_8_12|       pointer|
|J_8_13               |   in|   40|     ap_none|                 J_8_13|       pointer|
|J_8_14               |   in|   40|     ap_none|                 J_8_14|       pointer|
|J_8_15               |   in|   40|     ap_none|                 J_8_15|       pointer|
|J_8_16               |   in|   40|     ap_none|                 J_8_16|       pointer|
|J_8_17               |   in|   40|     ap_none|                 J_8_17|       pointer|
|J_8_18               |   in|   40|     ap_none|                 J_8_18|       pointer|
|J_8_19               |   in|   40|     ap_none|                 J_8_19|       pointer|
|J_9_0                |   in|   40|     ap_none|                  J_9_0|       pointer|
|J_9_1                |   in|   40|     ap_none|                  J_9_1|       pointer|
|J_9_2                |   in|   40|     ap_none|                  J_9_2|       pointer|
|J_9_3                |   in|   40|     ap_none|                  J_9_3|       pointer|
|J_9_4                |   in|   40|     ap_none|                  J_9_4|       pointer|
|J_9_5                |   in|   40|     ap_none|                  J_9_5|       pointer|
|J_9_6                |   in|   40|     ap_none|                  J_9_6|       pointer|
|J_9_7                |   in|   40|     ap_none|                  J_9_7|       pointer|
|J_9_8                |   in|   40|     ap_none|                  J_9_8|       pointer|
|J_9_9                |   in|   40|     ap_none|                  J_9_9|       pointer|
|J_9_10               |   in|   40|     ap_none|                 J_9_10|       pointer|
|J_9_11               |   in|   40|     ap_none|                 J_9_11|       pointer|
|J_9_12               |   in|   40|     ap_none|                 J_9_12|       pointer|
|J_9_13               |   in|   40|     ap_none|                 J_9_13|       pointer|
|J_9_14               |   in|   40|     ap_none|                 J_9_14|       pointer|
|J_9_15               |   in|   40|     ap_none|                 J_9_15|       pointer|
|J_9_16               |   in|   40|     ap_none|                 J_9_16|       pointer|
|J_9_17               |   in|   40|     ap_none|                 J_9_17|       pointer|
|J_9_18               |   in|   40|     ap_none|                 J_9_18|       pointer|
|J_9_19               |   in|   40|     ap_none|                 J_9_19|       pointer|
|J_10_0               |   in|   40|     ap_none|                 J_10_0|       pointer|
|J_10_1               |   in|   40|     ap_none|                 J_10_1|       pointer|
|J_10_2               |   in|   40|     ap_none|                 J_10_2|       pointer|
|J_10_3               |   in|   40|     ap_none|                 J_10_3|       pointer|
|J_10_4               |   in|   40|     ap_none|                 J_10_4|       pointer|
|J_10_5               |   in|   40|     ap_none|                 J_10_5|       pointer|
|J_10_6               |   in|   40|     ap_none|                 J_10_6|       pointer|
|J_10_7               |   in|   40|     ap_none|                 J_10_7|       pointer|
|J_10_8               |   in|   40|     ap_none|                 J_10_8|       pointer|
|J_10_9               |   in|   40|     ap_none|                 J_10_9|       pointer|
|J_10_10              |   in|   40|     ap_none|                J_10_10|       pointer|
|J_10_11              |   in|   40|     ap_none|                J_10_11|       pointer|
|J_10_12              |   in|   40|     ap_none|                J_10_12|       pointer|
|J_10_13              |   in|   40|     ap_none|                J_10_13|       pointer|
|J_10_14              |   in|   40|     ap_none|                J_10_14|       pointer|
|J_10_15              |   in|   40|     ap_none|                J_10_15|       pointer|
|J_10_16              |   in|   40|     ap_none|                J_10_16|       pointer|
|J_10_17              |   in|   40|     ap_none|                J_10_17|       pointer|
|J_10_18              |   in|   40|     ap_none|                J_10_18|       pointer|
|J_10_19              |   in|   40|     ap_none|                J_10_19|       pointer|
|J_11_0               |   in|   40|     ap_none|                 J_11_0|       pointer|
|J_11_1               |   in|   40|     ap_none|                 J_11_1|       pointer|
|J_11_2               |   in|   40|     ap_none|                 J_11_2|       pointer|
|J_11_3               |   in|   40|     ap_none|                 J_11_3|       pointer|
|J_11_4               |   in|   40|     ap_none|                 J_11_4|       pointer|
|J_11_5               |   in|   40|     ap_none|                 J_11_5|       pointer|
|J_11_6               |   in|   40|     ap_none|                 J_11_6|       pointer|
|J_11_7               |   in|   40|     ap_none|                 J_11_7|       pointer|
|J_11_8               |   in|   40|     ap_none|                 J_11_8|       pointer|
|J_11_9               |   in|   40|     ap_none|                 J_11_9|       pointer|
|J_11_10              |   in|   40|     ap_none|                J_11_10|       pointer|
|J_11_11              |   in|   40|     ap_none|                J_11_11|       pointer|
|J_11_12              |   in|   40|     ap_none|                J_11_12|       pointer|
|J_11_13              |   in|   40|     ap_none|                J_11_13|       pointer|
|J_11_14              |   in|   40|     ap_none|                J_11_14|       pointer|
|J_11_15              |   in|   40|     ap_none|                J_11_15|       pointer|
|J_11_16              |   in|   40|     ap_none|                J_11_16|       pointer|
|J_11_17              |   in|   40|     ap_none|                J_11_17|       pointer|
|J_11_18              |   in|   40|     ap_none|                J_11_18|       pointer|
|J_11_19              |   in|   40|     ap_none|                J_11_19|       pointer|
|J_12_0               |   in|   40|     ap_none|                 J_12_0|       pointer|
|J_12_1               |   in|   40|     ap_none|                 J_12_1|       pointer|
|J_12_2               |   in|   40|     ap_none|                 J_12_2|       pointer|
|J_12_3               |   in|   40|     ap_none|                 J_12_3|       pointer|
|J_12_4               |   in|   40|     ap_none|                 J_12_4|       pointer|
|J_12_5               |   in|   40|     ap_none|                 J_12_5|       pointer|
|J_12_6               |   in|   40|     ap_none|                 J_12_6|       pointer|
|J_12_7               |   in|   40|     ap_none|                 J_12_7|       pointer|
|J_12_8               |   in|   40|     ap_none|                 J_12_8|       pointer|
|J_12_9               |   in|   40|     ap_none|                 J_12_9|       pointer|
|J_12_10              |   in|   40|     ap_none|                J_12_10|       pointer|
|J_12_11              |   in|   40|     ap_none|                J_12_11|       pointer|
|J_12_12              |   in|   40|     ap_none|                J_12_12|       pointer|
|J_12_13              |   in|   40|     ap_none|                J_12_13|       pointer|
|J_12_14              |   in|   40|     ap_none|                J_12_14|       pointer|
|J_12_15              |   in|   40|     ap_none|                J_12_15|       pointer|
|J_12_16              |   in|   40|     ap_none|                J_12_16|       pointer|
|J_12_17              |   in|   40|     ap_none|                J_12_17|       pointer|
|J_12_18              |   in|   40|     ap_none|                J_12_18|       pointer|
|J_12_19              |   in|   40|     ap_none|                J_12_19|       pointer|
|J_13_0               |   in|   40|     ap_none|                 J_13_0|       pointer|
|J_13_1               |   in|   40|     ap_none|                 J_13_1|       pointer|
|J_13_2               |   in|   40|     ap_none|                 J_13_2|       pointer|
|J_13_3               |   in|   40|     ap_none|                 J_13_3|       pointer|
|J_13_4               |   in|   40|     ap_none|                 J_13_4|       pointer|
|J_13_5               |   in|   40|     ap_none|                 J_13_5|       pointer|
|J_13_6               |   in|   40|     ap_none|                 J_13_6|       pointer|
|J_13_7               |   in|   40|     ap_none|                 J_13_7|       pointer|
|J_13_8               |   in|   40|     ap_none|                 J_13_8|       pointer|
|J_13_9               |   in|   40|     ap_none|                 J_13_9|       pointer|
|J_13_10              |   in|   40|     ap_none|                J_13_10|       pointer|
|J_13_11              |   in|   40|     ap_none|                J_13_11|       pointer|
|J_13_12              |   in|   40|     ap_none|                J_13_12|       pointer|
|J_13_13              |   in|   40|     ap_none|                J_13_13|       pointer|
|J_13_14              |   in|   40|     ap_none|                J_13_14|       pointer|
|J_13_15              |   in|   40|     ap_none|                J_13_15|       pointer|
|J_13_16              |   in|   40|     ap_none|                J_13_16|       pointer|
|J_13_17              |   in|   40|     ap_none|                J_13_17|       pointer|
|J_13_18              |   in|   40|     ap_none|                J_13_18|       pointer|
|J_13_19              |   in|   40|     ap_none|                J_13_19|       pointer|
|J_14_0               |   in|   40|     ap_none|                 J_14_0|       pointer|
|J_14_1               |   in|   40|     ap_none|                 J_14_1|       pointer|
|J_14_2               |   in|   40|     ap_none|                 J_14_2|       pointer|
|J_14_3               |   in|   40|     ap_none|                 J_14_3|       pointer|
|J_14_4               |   in|   40|     ap_none|                 J_14_4|       pointer|
|J_14_5               |   in|   40|     ap_none|                 J_14_5|       pointer|
|J_14_6               |   in|   40|     ap_none|                 J_14_6|       pointer|
|J_14_7               |   in|   40|     ap_none|                 J_14_7|       pointer|
|J_14_8               |   in|   40|     ap_none|                 J_14_8|       pointer|
|J_14_9               |   in|   40|     ap_none|                 J_14_9|       pointer|
|J_14_10              |   in|   40|     ap_none|                J_14_10|       pointer|
|J_14_11              |   in|   40|     ap_none|                J_14_11|       pointer|
|J_14_12              |   in|   40|     ap_none|                J_14_12|       pointer|
|J_14_13              |   in|   40|     ap_none|                J_14_13|       pointer|
|J_14_14              |   in|   40|     ap_none|                J_14_14|       pointer|
|J_14_15              |   in|   40|     ap_none|                J_14_15|       pointer|
|J_14_16              |   in|   40|     ap_none|                J_14_16|       pointer|
|J_14_17              |   in|   40|     ap_none|                J_14_17|       pointer|
|J_14_18              |   in|   40|     ap_none|                J_14_18|       pointer|
|J_14_19              |   in|   40|     ap_none|                J_14_19|       pointer|
|J_15_0               |   in|   40|     ap_none|                 J_15_0|       pointer|
|J_15_1               |   in|   40|     ap_none|                 J_15_1|       pointer|
|J_15_2               |   in|   40|     ap_none|                 J_15_2|       pointer|
|J_15_3               |   in|   40|     ap_none|                 J_15_3|       pointer|
|J_15_4               |   in|   40|     ap_none|                 J_15_4|       pointer|
|J_15_5               |   in|   40|     ap_none|                 J_15_5|       pointer|
|J_15_6               |   in|   40|     ap_none|                 J_15_6|       pointer|
|J_15_7               |   in|   40|     ap_none|                 J_15_7|       pointer|
|J_15_8               |   in|   40|     ap_none|                 J_15_8|       pointer|
|J_15_9               |   in|   40|     ap_none|                 J_15_9|       pointer|
|J_15_10              |   in|   40|     ap_none|                J_15_10|       pointer|
|J_15_11              |   in|   40|     ap_none|                J_15_11|       pointer|
|J_15_12              |   in|   40|     ap_none|                J_15_12|       pointer|
|J_15_13              |   in|   40|     ap_none|                J_15_13|       pointer|
|J_15_14              |   in|   40|     ap_none|                J_15_14|       pointer|
|J_15_15              |   in|   40|     ap_none|                J_15_15|       pointer|
|J_15_16              |   in|   40|     ap_none|                J_15_16|       pointer|
|J_15_17              |   in|   40|     ap_none|                J_15_17|       pointer|
|J_15_18              |   in|   40|     ap_none|                J_15_18|       pointer|
|J_15_19              |   in|   40|     ap_none|                J_15_19|       pointer|
|J_16_0               |   in|   40|     ap_none|                 J_16_0|       pointer|
|J_16_1               |   in|   40|     ap_none|                 J_16_1|       pointer|
|J_16_2               |   in|   40|     ap_none|                 J_16_2|       pointer|
|J_16_3               |   in|   40|     ap_none|                 J_16_3|       pointer|
|J_16_4               |   in|   40|     ap_none|                 J_16_4|       pointer|
|J_16_5               |   in|   40|     ap_none|                 J_16_5|       pointer|
|J_16_6               |   in|   40|     ap_none|                 J_16_6|       pointer|
|J_16_7               |   in|   40|     ap_none|                 J_16_7|       pointer|
|J_16_8               |   in|   40|     ap_none|                 J_16_8|       pointer|
|J_16_9               |   in|   40|     ap_none|                 J_16_9|       pointer|
|J_16_10              |   in|   40|     ap_none|                J_16_10|       pointer|
|J_16_11              |   in|   40|     ap_none|                J_16_11|       pointer|
|J_16_12              |   in|   40|     ap_none|                J_16_12|       pointer|
|J_16_13              |   in|   40|     ap_none|                J_16_13|       pointer|
|J_16_14              |   in|   40|     ap_none|                J_16_14|       pointer|
|J_16_15              |   in|   40|     ap_none|                J_16_15|       pointer|
|J_16_16              |   in|   40|     ap_none|                J_16_16|       pointer|
|J_16_17              |   in|   40|     ap_none|                J_16_17|       pointer|
|J_16_18              |   in|   40|     ap_none|                J_16_18|       pointer|
|J_16_19              |   in|   40|     ap_none|                J_16_19|       pointer|
|J_17_0               |   in|   40|     ap_none|                 J_17_0|       pointer|
|J_17_1               |   in|   40|     ap_none|                 J_17_1|       pointer|
|J_17_2               |   in|   40|     ap_none|                 J_17_2|       pointer|
|J_17_3               |   in|   40|     ap_none|                 J_17_3|       pointer|
|J_17_4               |   in|   40|     ap_none|                 J_17_4|       pointer|
|J_17_5               |   in|   40|     ap_none|                 J_17_5|       pointer|
|J_17_6               |   in|   40|     ap_none|                 J_17_6|       pointer|
|J_17_7               |   in|   40|     ap_none|                 J_17_7|       pointer|
|J_17_8               |   in|   40|     ap_none|                 J_17_8|       pointer|
|J_17_9               |   in|   40|     ap_none|                 J_17_9|       pointer|
|J_17_10              |   in|   40|     ap_none|                J_17_10|       pointer|
|J_17_11              |   in|   40|     ap_none|                J_17_11|       pointer|
|J_17_12              |   in|   40|     ap_none|                J_17_12|       pointer|
|J_17_13              |   in|   40|     ap_none|                J_17_13|       pointer|
|J_17_14              |   in|   40|     ap_none|                J_17_14|       pointer|
|J_17_15              |   in|   40|     ap_none|                J_17_15|       pointer|
|J_17_16              |   in|   40|     ap_none|                J_17_16|       pointer|
|J_17_17              |   in|   40|     ap_none|                J_17_17|       pointer|
|J_17_18              |   in|   40|     ap_none|                J_17_18|       pointer|
|J_17_19              |   in|   40|     ap_none|                J_17_19|       pointer|
|J_18_0               |   in|   40|     ap_none|                 J_18_0|       pointer|
|J_18_1               |   in|   40|     ap_none|                 J_18_1|       pointer|
|J_18_2               |   in|   40|     ap_none|                 J_18_2|       pointer|
|J_18_3               |   in|   40|     ap_none|                 J_18_3|       pointer|
|J_18_4               |   in|   40|     ap_none|                 J_18_4|       pointer|
|J_18_5               |   in|   40|     ap_none|                 J_18_5|       pointer|
|J_18_6               |   in|   40|     ap_none|                 J_18_6|       pointer|
|J_18_7               |   in|   40|     ap_none|                 J_18_7|       pointer|
|J_18_8               |   in|   40|     ap_none|                 J_18_8|       pointer|
|J_18_9               |   in|   40|     ap_none|                 J_18_9|       pointer|
|J_18_10              |   in|   40|     ap_none|                J_18_10|       pointer|
|J_18_11              |   in|   40|     ap_none|                J_18_11|       pointer|
|J_18_12              |   in|   40|     ap_none|                J_18_12|       pointer|
|J_18_13              |   in|   40|     ap_none|                J_18_13|       pointer|
|J_18_14              |   in|   40|     ap_none|                J_18_14|       pointer|
|J_18_15              |   in|   40|     ap_none|                J_18_15|       pointer|
|J_18_16              |   in|   40|     ap_none|                J_18_16|       pointer|
|J_18_17              |   in|   40|     ap_none|                J_18_17|       pointer|
|J_18_18              |   in|   40|     ap_none|                J_18_18|       pointer|
|J_18_19              |   in|   40|     ap_none|                J_18_19|       pointer|
|J_19_0               |   in|   40|     ap_none|                 J_19_0|       pointer|
|J_19_1               |   in|   40|     ap_none|                 J_19_1|       pointer|
|J_19_2               |   in|   40|     ap_none|                 J_19_2|       pointer|
|J_19_3               |   in|   40|     ap_none|                 J_19_3|       pointer|
|J_19_4               |   in|   40|     ap_none|                 J_19_4|       pointer|
|J_19_5               |   in|   40|     ap_none|                 J_19_5|       pointer|
|J_19_6               |   in|   40|     ap_none|                 J_19_6|       pointer|
|J_19_7               |   in|   40|     ap_none|                 J_19_7|       pointer|
|J_19_8               |   in|   40|     ap_none|                 J_19_8|       pointer|
|J_19_9               |   in|   40|     ap_none|                 J_19_9|       pointer|
|J_19_10              |   in|   40|     ap_none|                J_19_10|       pointer|
|J_19_11              |   in|   40|     ap_none|                J_19_11|       pointer|
|J_19_12              |   in|   40|     ap_none|                J_19_12|       pointer|
|J_19_13              |   in|   40|     ap_none|                J_19_13|       pointer|
|J_19_14              |   in|   40|     ap_none|                J_19_14|       pointer|
|J_19_15              |   in|   40|     ap_none|                J_19_15|       pointer|
|J_19_16              |   in|   40|     ap_none|                J_19_16|       pointer|
|J_19_17              |   in|   40|     ap_none|                J_19_17|       pointer|
|J_19_18              |   in|   40|     ap_none|                J_19_18|       pointer|
|J_19_19              |   in|   40|     ap_none|                J_19_19|       pointer|
|h_0                  |   in|   40|     ap_none|                    h_0|       pointer|
|h_1                  |   in|   40|     ap_none|                    h_1|       pointer|
|h_2                  |   in|   40|     ap_none|                    h_2|       pointer|
|h_3                  |   in|   40|     ap_none|                    h_3|       pointer|
|h_4                  |   in|   40|     ap_none|                    h_4|       pointer|
|h_5                  |   in|   40|     ap_none|                    h_5|       pointer|
|h_6                  |   in|   40|     ap_none|                    h_6|       pointer|
|h_7                  |   in|   40|     ap_none|                    h_7|       pointer|
|h_8                  |   in|   40|     ap_none|                    h_8|       pointer|
|h_9                  |   in|   40|     ap_none|                    h_9|       pointer|
|h_10                 |   in|   40|     ap_none|                   h_10|       pointer|
|h_11                 |   in|   40|     ap_none|                   h_11|       pointer|
|h_12                 |   in|   40|     ap_none|                   h_12|       pointer|
|h_13                 |   in|   40|     ap_none|                   h_13|       pointer|
|h_14                 |   in|   40|     ap_none|                   h_14|       pointer|
|h_15                 |   in|   40|     ap_none|                   h_15|       pointer|
|h_16                 |   in|   40|     ap_none|                   h_16|       pointer|
|h_17                 |   in|   40|     ap_none|                   h_17|       pointer|
|h_18                 |   in|   40|     ap_none|                   h_18|       pointer|
|h_19                 |   in|   40|     ap_none|                   h_19|       pointer|
|s_0                  |   in|    1|     ap_none|                    s_0|       pointer|
|s_1                  |   in|    1|     ap_none|                    s_1|       pointer|
|s_2                  |   in|    1|     ap_none|                    s_2|       pointer|
|s_3                  |   in|    1|     ap_none|                    s_3|       pointer|
|s_4                  |   in|    1|     ap_none|                    s_4|       pointer|
|s_5                  |   in|    1|     ap_none|                    s_5|       pointer|
|s_6                  |   in|    1|     ap_none|                    s_6|       pointer|
|s_7                  |   in|    1|     ap_none|                    s_7|       pointer|
|s_8                  |   in|    1|     ap_none|                    s_8|       pointer|
|s_9                  |   in|    1|     ap_none|                    s_9|       pointer|
|s_10                 |   in|    1|     ap_none|                   s_10|       pointer|
|s_11                 |   in|    1|     ap_none|                   s_11|       pointer|
|s_12                 |   in|    1|     ap_none|                   s_12|       pointer|
|s_13                 |   in|    1|     ap_none|                   s_13|       pointer|
|s_14                 |   in|    1|     ap_none|                   s_14|       pointer|
|s_15                 |   in|    1|     ap_none|                   s_15|       pointer|
|s_16                 |   in|    1|     ap_none|                   s_16|       pointer|
|s_17                 |   in|    1|     ap_none|                   s_17|       pointer|
|s_18                 |   in|    1|     ap_none|                   s_18|       pointer|
|s_19                 |   in|    1|     ap_none|                   s_19|       pointer|
|i                    |   in|   32|     ap_none|                      i|        scalar|
|old_energy           |   in|   40|     ap_none|             old_energy|        scalar|
|beta                 |   in|   40|     ap_none|                   beta|        scalar|
|u                    |   in|   40|     ap_none|                      u|        scalar|
|accepted             |  out|    1|      ap_vld|               accepted|       pointer|
|accepted_ap_vld      |  out|    1|      ap_vld|               accepted|       pointer|
|delta_energy         |  out|   40|      ap_vld|           delta_energy|       pointer|
|delta_energy_ap_vld  |  out|    1|      ap_vld|           delta_energy|       pointer|
|new_energy           |  out|   40|      ap_vld|             new_energy|       pointer|
|new_energy_ap_vld    |  out|    1|      ap_vld|             new_energy|       pointer|
+---------------------+-----+-----+------------+-----------------------+--------------+

