

================================================================
== Vitis HLS Report for 'uniform_metropolis_step'
================================================================
* Date:           Tue May 19 20:41:17 2026

* Version:        2025.2 (Build 6295257 on Nov 14 2025)
* Project:        hls_uniform_metropolis_step_N22
* Solution:       hls (Vivado IP Flow Target)
* Product family: virtexuplus
* Target device:  xcvu19p-fsva3824-2-e


================================================================
== Performance Estimates
================================================================
+ Timing: 
    * Summary: 
    +--------+---------+----------+------------+
    |  Clock |  Target | Estimated| Uncertainty|
    +--------+---------+----------+------------+
    |ap_clk  |  3.33 ns|  2.388 ns|     0.90 ns|
    +--------+---------+----------+------------+

+ Latency: 
    * Summary: 
    +---------+---------+----------+----------+-----+-----+---------+
    |  Latency (cycles) |  Latency (absolute) |  Interval | Pipeline|
    |   min   |   max   |    min   |    max   | min | max |   Type  |
    +---------+---------+----------+----------+-----+-----+---------+
    |      120|      129|  0.400 us|  0.430 us|  121|  130|       no|
    +---------+---------+----------+----------+-----+-----+---------+

    + Detail: 
        * Instance: 
        +----------------------------------+----------------------+---------+---------+----------+----------+-----+-----+---------+
        |                                  |                      |  Latency (cycles) |  Latency (absolute) |  Interval | Pipeline|
        |             Instance             |        Module        |   min   |   max   |    min   |    max   | min | max |   Type  |
        +----------------------------------+----------------------+---------+---------+----------+----------+-----+-----+---------+
        |grp_uniform_delta_energy_fu_2921  |uniform_delta_energy  |      117|      117|  0.390 us|  0.390 us|  117|  117|       no|
        +----------------------------------+----------------------+---------+---------+----------+----------+-----+-----+---------+

        * Loop: 
        N/A



================================================================
== Utilization Estimates
================================================================
* Summary: 
+---------------------+---------+------+---------+---------+-----+
|         Name        | BRAM_18K|  DSP |    FF   |   LUT   | URAM|
+---------------------+---------+------+---------+---------+-----+
|DSP                  |        -|     -|        -|        -|    -|
|Expression           |        -|     -|        0|      703|    -|
|FIFO                 |        -|     -|        -|        -|    -|
|Instance             |        -|     7|     5637|    35062|    -|
|Memory               |        0|     -|        0|        0|    -|
|Multiplexer          |        -|     -|        0|       93|    -|
|Register             |        -|     -|    10654|        -|    -|
+---------------------+---------+------+---------+---------+-----+
|Total                |        0|     7|    16291|    35858|    0|
+---------------------+---------+------+---------+---------+-----+
|Available SLR        |     1080|   960|  2042880|  1021440|   80|
+---------------------+---------+------+---------+---------+-----+
|Utilization SLR (%)  |        0|    ~0|       ~0|        3|    0|
+---------------------+---------+------+---------+---------+-----+
|Available            |     4320|  3840|  8171520|  4085760|  320|
+---------------------+---------+------+---------+---------+-----+
|Utilization (%)      |        0|    ~0|       ~0|       ~0|    0|
+---------------------+---------+------+---------+---------+-----+

+ Detail: 
    * Instance: 
    +----------------------------------+----------------------+---------+----+------+-------+-----+
    |             Instance             |        Module        | BRAM_18K| DSP|  FF  |  LUT  | URAM|
    +----------------------------------+----------------------+---------+----+------+-------+-----+
    |mul_26s_36s_60_2_1_U277           |mul_26s_36s_60_2_1    |        0|   2|   202|     84|    0|
    |mul_40ns_40s_64_2_1_U278          |mul_40ns_40s_64_2_1   |        0|   5|   197|     80|    0|
    |sparsemux_7_2_40_1_1_U279         |sparsemux_7_2_40_1_1  |        0|   0|     0|      9|    0|
    |grp_uniform_delta_energy_fu_2921  |uniform_delta_energy  |        0|   0|  5238|  34889|    0|
    +----------------------------------+----------------------+---------+----+------+-------+-----+
    |Total                             |                      |        0|   7|  5637|  35062|    0|
    +----------------------------------+----------------------+---------+----+------+-------+-----+

    * DSP: 
    N/A

    * Memory: 
    +---------------+-------------------------+---------+---+----+-----+------+-----+------+-------------+
    |     Memory    |          Module         | BRAM_18K| FF| LUT| URAM| Words| Bits| Banks| W*Bits*Banks|
    +---------------+-------------------------+---------+---+----+-----+------+-----+------+-------------+
    |EXP_NEG_LUT_U  |EXP_NEG_LUT_ROM_AUTO_1R  |        0|  0|   0|    0|  1025|   40|     1|        41000|
    +---------------+-------------------------+---------+---+----+-----+------+-----+------+-------------+
    |Total          |                         |        0|  0|   0|    0|  1025|   40|     1|        41000|
    +---------------+-------------------------+---------+---+----+-----+------+-----+------+-------------+

    * FIFO: 
    N/A

    * Expression: 
    +------------------------+----------+----+---+-----+------------+------------+
    |      Variable Name     | Operation| DSP| FF| LUT | Bitwidth P0| Bitwidth P1|
    +------------------------+----------+----+---+-----+------------+------------+
    |add_ln280_fu_3821_p2    |         +|   0|  0|   47|          40|          40|
    |add_ln87_fu_3633_p2     |         +|   0|  0|   18|          11|           1|
    |add_ln89_fu_3705_p2     |         +|   0|  0|   68|          61|          61|
    |sub_ln75_1_fu_3570_p2   |         -|   0|  0|   66|           1|          59|
    |sub_ln75_fu_3549_p2     |         -|   0|  0|  107|           1|          88|
    |sub_ln84_fu_3623_p2     |         -|   0|  0|   34|          27|          27|
    |sub_ln89_fu_3669_p2     |         -|   0|  0|   33|          26|          26|
    |and_ln91_1_fu_3777_p2   |       and|   0|  0|    2|           1|           1|
    |and_ln91_fu_3772_p2     |       and|   0|  0|    2|           1|           1|
    |icmp_ln116_fu_3485_p2   |      icmp|   0|  0|   47|          40|           1|
    |icmp_ln123_fu_3809_p2   |      icmp|   0|  0|   47|          40|          40|
    |icmp_ln59_fu_3537_p2    |      icmp|   0|  0|   47|          40|           1|
    |icmp_ln63_fu_3565_p2    |      icmp|   0|  0|   18|          11|           1|
    |icmp_ln91_fu_3737_p2    |      icmp|   0|  0|   44|          37|           1|
    |icmp_ln95_fu_3731_p2    |      icmp|   0|  0|   20|          13|           1|
    |p_fu_3789_p4            |    select|   0|  0|   41|           1|          41|
    |select_ln75_fu_3582_p3  |    select|   0|  0|   58|           1|          59|
    |xor_ln123_fu_3814_p2    |       xor|   0|  0|    2|           1|           2|
    |xor_ln59_fu_3767_p2     |       xor|   0|  0|    2|           1|           2|
    +------------------------+----------+----+---+-----+------------+------------+
    |Total                   |          |   0|  0|  703|         354|         453|
    +------------------------+----------+----+---+-----+------------+------------+

    * Multiplexer: 
    +---------------------------------+----+-----------+-----+-----------+
    |               Name              | LUT| Input Size| Bits| Total Bits|
    +---------------------------------+----+-----------+-----+-----------+
    |accepted                         |  14|          3|    1|          3|
    |ap_NS_fsm                        |  65|         14|    1|         14|
    |ap_phi_mux_empty_phi_fu_2914_p4  |  14|          3|   40|        120|
    +---------------------------------+----+-----------+-----+-----------+
    |Total                            |  93|         20|   42|        137|
    +---------------------------------+----+-----------+-----+-----------+

    * Register: 
    +-----------------------------------------------+-----+----+-----+-----------+
    |                      Name                     |  FF | LUT| Bits| Const Bits|
    +-----------------------------------------------+-----+----+-----+-----------+
    |J_0_10_read_reg_3878                           |   40|   0|   40|          0|
    |J_0_11_read_reg_3883                           |   40|   0|   40|          0|
    |J_0_12_read_reg_3888                           |   40|   0|   40|          0|
    |J_0_13_read_reg_3893                           |   40|   0|   40|          0|
    |J_0_14_read_reg_3898                           |   40|   0|   40|          0|
    |J_0_15_read_reg_3903                           |   40|   0|   40|          0|
    |J_0_16_read_reg_3908                           |   40|   0|   40|          0|
    |J_0_17_read_reg_3913                           |   40|   0|   40|          0|
    |J_0_18_read_reg_3918                           |   40|   0|   40|          0|
    |J_0_19_read_reg_3923                           |   40|   0|   40|          0|
    |J_0_1_read_reg_3833                            |   40|   0|   40|          0|
    |J_0_20_read_reg_3928                           |   40|   0|   40|          0|
    |J_0_21_read_reg_3933                           |   40|   0|   40|          0|
    |J_0_2_read_reg_3838                            |   40|   0|   40|          0|
    |J_0_3_read_reg_3843                            |   40|   0|   40|          0|
    |J_0_4_read_reg_3848                            |   40|   0|   40|          0|
    |J_0_5_read_reg_3853                            |   40|   0|   40|          0|
    |J_0_6_read_reg_3858                            |   40|   0|   40|          0|
    |J_0_7_read_reg_3863                            |   40|   0|   40|          0|
    |J_0_8_read_reg_3868                            |   40|   0|   40|          0|
    |J_0_9_read_reg_3873                            |   40|   0|   40|          0|
    |J_10_11_read_reg_4658                          |   40|   0|   40|          0|
    |J_10_12_read_reg_4663                          |   40|   0|   40|          0|
    |J_10_13_read_reg_4668                          |   40|   0|   40|          0|
    |J_10_14_read_reg_4673                          |   40|   0|   40|          0|
    |J_10_15_read_reg_4678                          |   40|   0|   40|          0|
    |J_10_16_read_reg_4683                          |   40|   0|   40|          0|
    |J_10_17_read_reg_4688                          |   40|   0|   40|          0|
    |J_10_18_read_reg_4693                          |   40|   0|   40|          0|
    |J_10_19_read_reg_4698                          |   40|   0|   40|          0|
    |J_10_20_read_reg_4703                          |   40|   0|   40|          0|
    |J_10_21_read_reg_4708                          |   40|   0|   40|          0|
    |J_11_12_read_reg_4713                          |   40|   0|   40|          0|
    |J_11_13_read_reg_4718                          |   40|   0|   40|          0|
    |J_11_14_read_reg_4723                          |   40|   0|   40|          0|
    |J_11_15_read_reg_4728                          |   40|   0|   40|          0|
    |J_11_16_read_reg_4733                          |   40|   0|   40|          0|
    |J_11_17_read_reg_4738                          |   40|   0|   40|          0|
    |J_11_18_read_reg_4743                          |   40|   0|   40|          0|
    |J_11_19_read_reg_4748                          |   40|   0|   40|          0|
    |J_11_20_read_reg_4753                          |   40|   0|   40|          0|
    |J_11_21_read_reg_4758                          |   40|   0|   40|          0|
    |J_12_13_read_reg_4763                          |   40|   0|   40|          0|
    |J_12_14_read_reg_4768                          |   40|   0|   40|          0|
    |J_12_15_read_reg_4773                          |   40|   0|   40|          0|
    |J_12_16_read_reg_4778                          |   40|   0|   40|          0|
    |J_12_17_read_reg_4783                          |   40|   0|   40|          0|
    |J_12_18_read_reg_4788                          |   40|   0|   40|          0|
    |J_12_19_read_reg_4793                          |   40|   0|   40|          0|
    |J_12_20_read_reg_4798                          |   40|   0|   40|          0|
    |J_12_21_read_reg_4803                          |   40|   0|   40|          0|
    |J_13_14_read_reg_4808                          |   40|   0|   40|          0|
    |J_13_15_read_reg_4813                          |   40|   0|   40|          0|
    |J_13_16_read_reg_4818                          |   40|   0|   40|          0|
    |J_13_17_read_reg_4823                          |   40|   0|   40|          0|
    |J_13_18_read_reg_4828                          |   40|   0|   40|          0|
    |J_13_19_read_reg_4833                          |   40|   0|   40|          0|
    |J_13_20_read_reg_4838                          |   40|   0|   40|          0|
    |J_13_21_read_reg_4843                          |   40|   0|   40|          0|
    |J_14_15_read_reg_4848                          |   40|   0|   40|          0|
    |J_14_16_read_reg_4853                          |   40|   0|   40|          0|
    |J_14_17_read_reg_4858                          |   40|   0|   40|          0|
    |J_14_18_read_reg_4863                          |   40|   0|   40|          0|
    |J_14_19_read_reg_4868                          |   40|   0|   40|          0|
    |J_14_20_read_reg_4873                          |   40|   0|   40|          0|
    |J_14_21_read_reg_4878                          |   40|   0|   40|          0|
    |J_15_16_read_reg_4883                          |   40|   0|   40|          0|
    |J_15_17_read_reg_4888                          |   40|   0|   40|          0|
    |J_15_18_read_reg_4893                          |   40|   0|   40|          0|
    |J_15_19_read_reg_4898                          |   40|   0|   40|          0|
    |J_15_20_read_reg_4903                          |   40|   0|   40|          0|
    |J_15_21_read_reg_4908                          |   40|   0|   40|          0|
    |J_16_17_read_reg_4913                          |   40|   0|   40|          0|
    |J_16_18_read_reg_4918                          |   40|   0|   40|          0|
    |J_16_19_read_reg_4923                          |   40|   0|   40|          0|
    |J_16_20_read_reg_4928                          |   40|   0|   40|          0|
    |J_16_21_read_reg_4933                          |   40|   0|   40|          0|
    |J_17_18_read_reg_4938                          |   40|   0|   40|          0|
    |J_17_19_read_reg_4943                          |   40|   0|   40|          0|
    |J_17_20_read_reg_4948                          |   40|   0|   40|          0|
    |J_17_21_read_reg_4953                          |   40|   0|   40|          0|
    |J_18_19_read_reg_4958                          |   40|   0|   40|          0|
    |J_18_20_read_reg_4963                          |   40|   0|   40|          0|
    |J_18_21_read_reg_4968                          |   40|   0|   40|          0|
    |J_19_20_read_reg_4973                          |   40|   0|   40|          0|
    |J_19_21_read_reg_4978                          |   40|   0|   40|          0|
    |J_1_10_read_reg_3978                           |   40|   0|   40|          0|
    |J_1_11_read_reg_3983                           |   40|   0|   40|          0|
    |J_1_12_read_reg_3988                           |   40|   0|   40|          0|
    |J_1_13_read_reg_3993                           |   40|   0|   40|          0|
    |J_1_14_read_reg_3998                           |   40|   0|   40|          0|
    |J_1_15_read_reg_4003                           |   40|   0|   40|          0|
    |J_1_16_read_reg_4008                           |   40|   0|   40|          0|
    |J_1_17_read_reg_4013                           |   40|   0|   40|          0|
    |J_1_18_read_reg_4018                           |   40|   0|   40|          0|
    |J_1_19_read_reg_4023                           |   40|   0|   40|          0|
    |J_1_20_read_reg_4028                           |   40|   0|   40|          0|
    |J_1_21_read_reg_4033                           |   40|   0|   40|          0|
    |J_1_2_read_reg_3938                            |   40|   0|   40|          0|
    |J_1_3_read_reg_3943                            |   40|   0|   40|          0|
    |J_1_4_read_reg_3948                            |   40|   0|   40|          0|
    |J_1_5_read_reg_3953                            |   40|   0|   40|          0|
    |J_1_6_read_reg_3958                            |   40|   0|   40|          0|
    |J_1_7_read_reg_3963                            |   40|   0|   40|          0|
    |J_1_8_read_reg_3968                            |   40|   0|   40|          0|
    |J_1_9_read_reg_3973                            |   40|   0|   40|          0|
    |J_20_21_read_reg_4983                          |   40|   0|   40|          0|
    |J_2_10_read_reg_4073                           |   40|   0|   40|          0|
    |J_2_11_read_reg_4078                           |   40|   0|   40|          0|
    |J_2_12_read_reg_4083                           |   40|   0|   40|          0|
    |J_2_13_read_reg_4088                           |   40|   0|   40|          0|
    |J_2_14_read_reg_4093                           |   40|   0|   40|          0|
    |J_2_15_read_reg_4098                           |   40|   0|   40|          0|
    |J_2_16_read_reg_4103                           |   40|   0|   40|          0|
    |J_2_17_read_reg_4108                           |   40|   0|   40|          0|
    |J_2_18_read_reg_4113                           |   40|   0|   40|          0|
    |J_2_19_read_reg_4118                           |   40|   0|   40|          0|
    |J_2_20_read_reg_4123                           |   40|   0|   40|          0|
    |J_2_21_read_reg_4128                           |   40|   0|   40|          0|
    |J_2_3_read_reg_4038                            |   40|   0|   40|          0|
    |J_2_4_read_reg_4043                            |   40|   0|   40|          0|
    |J_2_5_read_reg_4048                            |   40|   0|   40|          0|
    |J_2_6_read_reg_4053                            |   40|   0|   40|          0|
    |J_2_7_read_reg_4058                            |   40|   0|   40|          0|
    |J_2_8_read_reg_4063                            |   40|   0|   40|          0|
    |J_2_9_read_reg_4068                            |   40|   0|   40|          0|
    |J_3_10_read_reg_4163                           |   40|   0|   40|          0|
    |J_3_11_read_reg_4168                           |   40|   0|   40|          0|
    |J_3_12_read_reg_4173                           |   40|   0|   40|          0|
    |J_3_13_read_reg_4178                           |   40|   0|   40|          0|
    |J_3_14_read_reg_4183                           |   40|   0|   40|          0|
    |J_3_15_read_reg_4188                           |   40|   0|   40|          0|
    |J_3_16_read_reg_4193                           |   40|   0|   40|          0|
    |J_3_17_read_reg_4198                           |   40|   0|   40|          0|
    |J_3_18_read_reg_4203                           |   40|   0|   40|          0|
    |J_3_19_read_reg_4208                           |   40|   0|   40|          0|
    |J_3_20_read_reg_4213                           |   40|   0|   40|          0|
    |J_3_21_read_reg_4218                           |   40|   0|   40|          0|
    |J_3_4_read_reg_4133                            |   40|   0|   40|          0|
    |J_3_5_read_reg_4138                            |   40|   0|   40|          0|
    |J_3_6_read_reg_4143                            |   40|   0|   40|          0|
    |J_3_7_read_reg_4148                            |   40|   0|   40|          0|
    |J_3_8_read_reg_4153                            |   40|   0|   40|          0|
    |J_3_9_read_reg_4158                            |   40|   0|   40|          0|
    |J_4_10_read_reg_4248                           |   40|   0|   40|          0|
    |J_4_11_read_reg_4253                           |   40|   0|   40|          0|
    |J_4_12_read_reg_4258                           |   40|   0|   40|          0|
    |J_4_13_read_reg_4263                           |   40|   0|   40|          0|
    |J_4_14_read_reg_4268                           |   40|   0|   40|          0|
    |J_4_15_read_reg_4273                           |   40|   0|   40|          0|
    |J_4_16_read_reg_4278                           |   40|   0|   40|          0|
    |J_4_17_read_reg_4283                           |   40|   0|   40|          0|
    |J_4_18_read_reg_4288                           |   40|   0|   40|          0|
    |J_4_19_read_reg_4293                           |   40|   0|   40|          0|
    |J_4_20_read_reg_4298                           |   40|   0|   40|          0|
    |J_4_21_read_reg_4303                           |   40|   0|   40|          0|
    |J_4_5_read_reg_4223                            |   40|   0|   40|          0|
    |J_4_6_read_reg_4228                            |   40|   0|   40|          0|
    |J_4_7_read_reg_4233                            |   40|   0|   40|          0|
    |J_4_8_read_reg_4238                            |   40|   0|   40|          0|
    |J_4_9_read_reg_4243                            |   40|   0|   40|          0|
    |J_5_10_read_reg_4328                           |   40|   0|   40|          0|
    |J_5_11_read_reg_4333                           |   40|   0|   40|          0|
    |J_5_12_read_reg_4338                           |   40|   0|   40|          0|
    |J_5_13_read_reg_4343                           |   40|   0|   40|          0|
    |J_5_14_read_reg_4348                           |   40|   0|   40|          0|
    |J_5_15_read_reg_4353                           |   40|   0|   40|          0|
    |J_5_16_read_reg_4358                           |   40|   0|   40|          0|
    |J_5_17_read_reg_4363                           |   40|   0|   40|          0|
    |J_5_18_read_reg_4368                           |   40|   0|   40|          0|
    |J_5_19_read_reg_4373                           |   40|   0|   40|          0|
    |J_5_20_read_reg_4378                           |   40|   0|   40|          0|
    |J_5_21_read_reg_4383                           |   40|   0|   40|          0|
    |J_5_6_read_reg_4308                            |   40|   0|   40|          0|
    |J_5_7_read_reg_4313                            |   40|   0|   40|          0|
    |J_5_8_read_reg_4318                            |   40|   0|   40|          0|
    |J_5_9_read_reg_4323                            |   40|   0|   40|          0|
    |J_6_10_read_reg_4403                           |   40|   0|   40|          0|
    |J_6_11_read_reg_4408                           |   40|   0|   40|          0|
    |J_6_12_read_reg_4413                           |   40|   0|   40|          0|
    |J_6_13_read_reg_4418                           |   40|   0|   40|          0|
    |J_6_14_read_reg_4423                           |   40|   0|   40|          0|
    |J_6_15_read_reg_4428                           |   40|   0|   40|          0|
    |J_6_16_read_reg_4433                           |   40|   0|   40|          0|
    |J_6_17_read_reg_4438                           |   40|   0|   40|          0|
    |J_6_18_read_reg_4443                           |   40|   0|   40|          0|
    |J_6_19_read_reg_4448                           |   40|   0|   40|          0|
    |J_6_20_read_reg_4453                           |   40|   0|   40|          0|
    |J_6_21_read_reg_4458                           |   40|   0|   40|          0|
    |J_6_7_read_reg_4388                            |   40|   0|   40|          0|
    |J_6_8_read_reg_4393                            |   40|   0|   40|          0|
    |J_6_9_read_reg_4398                            |   40|   0|   40|          0|
    |J_7_10_read_reg_4473                           |   40|   0|   40|          0|
    |J_7_11_read_reg_4478                           |   40|   0|   40|          0|
    |J_7_12_read_reg_4483                           |   40|   0|   40|          0|
    |J_7_13_read_reg_4488                           |   40|   0|   40|          0|
    |J_7_14_read_reg_4493                           |   40|   0|   40|          0|
    |J_7_15_read_reg_4498                           |   40|   0|   40|          0|
    |J_7_16_read_reg_4503                           |   40|   0|   40|          0|
    |J_7_17_read_reg_4508                           |   40|   0|   40|          0|
    |J_7_18_read_reg_4513                           |   40|   0|   40|          0|
    |J_7_19_read_reg_4518                           |   40|   0|   40|          0|
    |J_7_20_read_reg_4523                           |   40|   0|   40|          0|
    |J_7_21_read_reg_4528                           |   40|   0|   40|          0|
    |J_7_8_read_reg_4463                            |   40|   0|   40|          0|
    |J_7_9_read_reg_4468                            |   40|   0|   40|          0|
    |J_8_10_read_reg_4538                           |   40|   0|   40|          0|
    |J_8_11_read_reg_4543                           |   40|   0|   40|          0|
    |J_8_12_read_reg_4548                           |   40|   0|   40|          0|
    |J_8_13_read_reg_4553                           |   40|   0|   40|          0|
    |J_8_14_read_reg_4558                           |   40|   0|   40|          0|
    |J_8_15_read_reg_4563                           |   40|   0|   40|          0|
    |J_8_16_read_reg_4568                           |   40|   0|   40|          0|
    |J_8_17_read_reg_4573                           |   40|   0|   40|          0|
    |J_8_18_read_reg_4578                           |   40|   0|   40|          0|
    |J_8_19_read_reg_4583                           |   40|   0|   40|          0|
    |J_8_20_read_reg_4588                           |   40|   0|   40|          0|
    |J_8_21_read_reg_4593                           |   40|   0|   40|          0|
    |J_8_9_read_reg_4533                            |   40|   0|   40|          0|
    |J_9_10_read_reg_4598                           |   40|   0|   40|          0|
    |J_9_11_read_reg_4603                           |   40|   0|   40|          0|
    |J_9_12_read_reg_4608                           |   40|   0|   40|          0|
    |J_9_13_read_reg_4613                           |   40|   0|   40|          0|
    |J_9_14_read_reg_4618                           |   40|   0|   40|          0|
    |J_9_15_read_reg_4623                           |   40|   0|   40|          0|
    |J_9_16_read_reg_4628                           |   40|   0|   40|          0|
    |J_9_17_read_reg_4633                           |   40|   0|   40|          0|
    |J_9_18_read_reg_4638                           |   40|   0|   40|          0|
    |J_9_19_read_reg_4643                           |   40|   0|   40|          0|
    |J_9_20_read_reg_4648                           |   40|   0|   40|          0|
    |J_9_21_read_reg_4653                           |   40|   0|   40|          0|
    |add_ln89_reg_5330                              |   61|   0|   61|          0|
    |ap_CS_fsm                                      |   13|   0|   13|          0|
    |de_reg_5208                                    |   40|   0|   40|          0|
    |grp_uniform_delta_energy_fu_2921_ap_start_reg  |    1|   0|    1|          0|
    |h_0_read_reg_4988                              |   40|   0|   40|          0|
    |h_10_read_reg_5038                             |   40|   0|   40|          0|
    |h_11_read_reg_5043                             |   40|   0|   40|          0|
    |h_12_read_reg_5048                             |   40|   0|   40|          0|
    |h_13_read_reg_5053                             |   40|   0|   40|          0|
    |h_14_read_reg_5058                             |   40|   0|   40|          0|
    |h_15_read_reg_5063                             |   40|   0|   40|          0|
    |h_16_read_reg_5068                             |   40|   0|   40|          0|
    |h_17_read_reg_5073                             |   40|   0|   40|          0|
    |h_18_read_reg_5078                             |   40|   0|   40|          0|
    |h_19_read_reg_5083                             |   40|   0|   40|          0|
    |h_1_read_reg_4993                              |   40|   0|   40|          0|
    |h_20_read_reg_5088                             |   40|   0|   40|          0|
    |h_21_read_reg_5093                             |   40|   0|   40|          0|
    |h_2_read_reg_4998                              |   40|   0|   40|          0|
    |h_3_read_reg_5003                              |   40|   0|   40|          0|
    |h_4_read_reg_5008                              |   40|   0|   40|          0|
    |h_5_read_reg_5013                              |   40|   0|   40|          0|
    |h_6_read_reg_5018                              |   40|   0|   40|          0|
    |h_7_read_reg_5023                              |   40|   0|   40|          0|
    |h_8_read_reg_5028                              |   40|   0|   40|          0|
    |h_9_read_reg_5033                              |   40|   0|   40|          0|
    |icmp_ln116_reg_5221                            |    1|   0|    1|          0|
    |icmp_ln59_reg_5256                             |    1|   0|    1|          0|
    |icmp_ln63_reg_5267                             |    1|   0|    1|          0|
    |icmp_ln91_reg_5340                             |    1|   0|    1|          0|
    |icmp_ln95_reg_5335                             |    1|   0|    1|          0|
    |idx_reg_5272                                   |   11|   0|   11|          0|
    |mul_ln89_reg_5325                              |   60|   0|   60|          0|
    |old_energy_read_reg_3826                       |   40|   0|   40|          0|
    |sub_ln84_reg_5284                              |   27|   0|   27|          0|
    |sub_ln89_reg_5310                              |   26|   0|   26|          0|
    |tmp_1_reg_5246                                 |    1|   0|    1|          0|
    |tmp_3_reg_5279                                 |   26|   0|   26|          0|
    |tmp_4_reg_5299                                 |   25|   0|   25|          0|
    |tmp_5_reg_5305                                 |   25|   0|   25|          0|
    |tmp_6_reg_5251                                 |   11|   0|   11|          0|
    |tmp_reg_5240                                   |   30|   0|   30|          0|
    |trunc_ln75_1_reg_5262                          |   30|   0|   59|         29|
    |u_read_reg_5216                                |   40|   0|   40|          0|
    |x_reg_5235                                     |   40|   0|   40|          0|
    |y_0_read_reg_5098                              |    1|   0|    1|          0|
    |y_10_read_reg_5148                             |    1|   0|    1|          0|
    |y_11_read_reg_5153                             |    1|   0|    1|          0|
    |y_12_read_reg_5158                             |    1|   0|    1|          0|
    |y_13_read_reg_5163                             |    1|   0|    1|          0|
    |y_14_read_reg_5168                             |    1|   0|    1|          0|
    |y_15_read_reg_5173                             |    1|   0|    1|          0|
    |y_16_read_reg_5178                             |    1|   0|    1|          0|
    |y_17_read_reg_5183                             |    1|   0|    1|          0|
    |y_18_read_reg_5188                             |    1|   0|    1|          0|
    |y_19_read_reg_5193                             |    1|   0|    1|          0|
    |y_1_read_reg_5103                              |    1|   0|    1|          0|
    |y_20_read_reg_5198                             |    1|   0|    1|          0|
    |y_21_read_reg_5203                             |    1|   0|    1|          0|
    |y_2_read_reg_5108                              |    1|   0|    1|          0|
    |y_3_read_reg_5113                              |    1|   0|    1|          0|
    |y_4_read_reg_5118                              |    1|   0|    1|          0|
    |y_5_read_reg_5123                              |    1|   0|    1|          0|
    |y_6_read_reg_5128                              |    1|   0|    1|          0|
    |y_7_read_reg_5133                              |    1|   0|    1|          0|
    |y_8_read_reg_5138                              |    1|   0|    1|          0|
    |y_9_read_reg_5143                              |    1|   0|    1|          0|
    +-----------------------------------------------+-----+----+-----+-----------+
    |Total                                          |10654|   0|10683|         29|
    +-----------------------------------------------+-----+----+-----+-----------+



================================================================
== Interface
================================================================
* Summary: 
+---------------------+-----+-----+------------+-------------------------+--------------+
|      RTL Ports      | Dir | Bits|  Protocol  |      Source Object      |    C Type    |
+---------------------+-----+-----+------------+-------------------------+--------------+
|ap_clk               |   in|    1|  ap_ctrl_hs|  uniform_metropolis_step|  return value|
|ap_rst               |   in|    1|  ap_ctrl_hs|  uniform_metropolis_step|  return value|
|ap_start             |   in|    1|  ap_ctrl_hs|  uniform_metropolis_step|  return value|
|ap_done              |  out|    1|  ap_ctrl_hs|  uniform_metropolis_step|  return value|
|ap_idle              |  out|    1|  ap_ctrl_hs|  uniform_metropolis_step|  return value|
|ap_ready             |  out|    1|  ap_ctrl_hs|  uniform_metropolis_step|  return value|
|J_0_0                |   in|   40|     ap_none|                    J_0_0|       pointer|
|J_0_1                |   in|   40|     ap_none|                    J_0_1|       pointer|
|J_0_2                |   in|   40|     ap_none|                    J_0_2|       pointer|
|J_0_3                |   in|   40|     ap_none|                    J_0_3|       pointer|
|J_0_4                |   in|   40|     ap_none|                    J_0_4|       pointer|
|J_0_5                |   in|   40|     ap_none|                    J_0_5|       pointer|
|J_0_6                |   in|   40|     ap_none|                    J_0_6|       pointer|
|J_0_7                |   in|   40|     ap_none|                    J_0_7|       pointer|
|J_0_8                |   in|   40|     ap_none|                    J_0_8|       pointer|
|J_0_9                |   in|   40|     ap_none|                    J_0_9|       pointer|
|J_0_10               |   in|   40|     ap_none|                   J_0_10|       pointer|
|J_0_11               |   in|   40|     ap_none|                   J_0_11|       pointer|
|J_0_12               |   in|   40|     ap_none|                   J_0_12|       pointer|
|J_0_13               |   in|   40|     ap_none|                   J_0_13|       pointer|
|J_0_14               |   in|   40|     ap_none|                   J_0_14|       pointer|
|J_0_15               |   in|   40|     ap_none|                   J_0_15|       pointer|
|J_0_16               |   in|   40|     ap_none|                   J_0_16|       pointer|
|J_0_17               |   in|   40|     ap_none|                   J_0_17|       pointer|
|J_0_18               |   in|   40|     ap_none|                   J_0_18|       pointer|
|J_0_19               |   in|   40|     ap_none|                   J_0_19|       pointer|
|J_0_20               |   in|   40|     ap_none|                   J_0_20|       pointer|
|J_0_21               |   in|   40|     ap_none|                   J_0_21|       pointer|
|J_1_0                |   in|   40|     ap_none|                    J_1_0|       pointer|
|J_1_1                |   in|   40|     ap_none|                    J_1_1|       pointer|
|J_1_2                |   in|   40|     ap_none|                    J_1_2|       pointer|
|J_1_3                |   in|   40|     ap_none|                    J_1_3|       pointer|
|J_1_4                |   in|   40|     ap_none|                    J_1_4|       pointer|
|J_1_5                |   in|   40|     ap_none|                    J_1_5|       pointer|
|J_1_6                |   in|   40|     ap_none|                    J_1_6|       pointer|
|J_1_7                |   in|   40|     ap_none|                    J_1_7|       pointer|
|J_1_8                |   in|   40|     ap_none|                    J_1_8|       pointer|
|J_1_9                |   in|   40|     ap_none|                    J_1_9|       pointer|
|J_1_10               |   in|   40|     ap_none|                   J_1_10|       pointer|
|J_1_11               |   in|   40|     ap_none|                   J_1_11|       pointer|
|J_1_12               |   in|   40|     ap_none|                   J_1_12|       pointer|
|J_1_13               |   in|   40|     ap_none|                   J_1_13|       pointer|
|J_1_14               |   in|   40|     ap_none|                   J_1_14|       pointer|
|J_1_15               |   in|   40|     ap_none|                   J_1_15|       pointer|
|J_1_16               |   in|   40|     ap_none|                   J_1_16|       pointer|
|J_1_17               |   in|   40|     ap_none|                   J_1_17|       pointer|
|J_1_18               |   in|   40|     ap_none|                   J_1_18|       pointer|
|J_1_19               |   in|   40|     ap_none|                   J_1_19|       pointer|
|J_1_20               |   in|   40|     ap_none|                   J_1_20|       pointer|
|J_1_21               |   in|   40|     ap_none|                   J_1_21|       pointer|
|J_2_0                |   in|   40|     ap_none|                    J_2_0|       pointer|
|J_2_1                |   in|   40|     ap_none|                    J_2_1|       pointer|
|J_2_2                |   in|   40|     ap_none|                    J_2_2|       pointer|
|J_2_3                |   in|   40|     ap_none|                    J_2_3|       pointer|
|J_2_4                |   in|   40|     ap_none|                    J_2_4|       pointer|
|J_2_5                |   in|   40|     ap_none|                    J_2_5|       pointer|
|J_2_6                |   in|   40|     ap_none|                    J_2_6|       pointer|
|J_2_7                |   in|   40|     ap_none|                    J_2_7|       pointer|
|J_2_8                |   in|   40|     ap_none|                    J_2_8|       pointer|
|J_2_9                |   in|   40|     ap_none|                    J_2_9|       pointer|
|J_2_10               |   in|   40|     ap_none|                   J_2_10|       pointer|
|J_2_11               |   in|   40|     ap_none|                   J_2_11|       pointer|
|J_2_12               |   in|   40|     ap_none|                   J_2_12|       pointer|
|J_2_13               |   in|   40|     ap_none|                   J_2_13|       pointer|
|J_2_14               |   in|   40|     ap_none|                   J_2_14|       pointer|
|J_2_15               |   in|   40|     ap_none|                   J_2_15|       pointer|
|J_2_16               |   in|   40|     ap_none|                   J_2_16|       pointer|
|J_2_17               |   in|   40|     ap_none|                   J_2_17|       pointer|
|J_2_18               |   in|   40|     ap_none|                   J_2_18|       pointer|
|J_2_19               |   in|   40|     ap_none|                   J_2_19|       pointer|
|J_2_20               |   in|   40|     ap_none|                   J_2_20|       pointer|
|J_2_21               |   in|   40|     ap_none|                   J_2_21|       pointer|
|J_3_0                |   in|   40|     ap_none|                    J_3_0|       pointer|
|J_3_1                |   in|   40|     ap_none|                    J_3_1|       pointer|
|J_3_2                |   in|   40|     ap_none|                    J_3_2|       pointer|
|J_3_3                |   in|   40|     ap_none|                    J_3_3|       pointer|
|J_3_4                |   in|   40|     ap_none|                    J_3_4|       pointer|
|J_3_5                |   in|   40|     ap_none|                    J_3_5|       pointer|
|J_3_6                |   in|   40|     ap_none|                    J_3_6|       pointer|
|J_3_7                |   in|   40|     ap_none|                    J_3_7|       pointer|
|J_3_8                |   in|   40|     ap_none|                    J_3_8|       pointer|
|J_3_9                |   in|   40|     ap_none|                    J_3_9|       pointer|
|J_3_10               |   in|   40|     ap_none|                   J_3_10|       pointer|
|J_3_11               |   in|   40|     ap_none|                   J_3_11|       pointer|
|J_3_12               |   in|   40|     ap_none|                   J_3_12|       pointer|
|J_3_13               |   in|   40|     ap_none|                   J_3_13|       pointer|
|J_3_14               |   in|   40|     ap_none|                   J_3_14|       pointer|
|J_3_15               |   in|   40|     ap_none|                   J_3_15|       pointer|
|J_3_16               |   in|   40|     ap_none|                   J_3_16|       pointer|
|J_3_17               |   in|   40|     ap_none|                   J_3_17|       pointer|
|J_3_18               |   in|   40|     ap_none|                   J_3_18|       pointer|
|J_3_19               |   in|   40|     ap_none|                   J_3_19|       pointer|
|J_3_20               |   in|   40|     ap_none|                   J_3_20|       pointer|
|J_3_21               |   in|   40|     ap_none|                   J_3_21|       pointer|
|J_4_0                |   in|   40|     ap_none|                    J_4_0|       pointer|
|J_4_1                |   in|   40|     ap_none|                    J_4_1|       pointer|
|J_4_2                |   in|   40|     ap_none|                    J_4_2|       pointer|
|J_4_3                |   in|   40|     ap_none|                    J_4_3|       pointer|
|J_4_4                |   in|   40|     ap_none|                    J_4_4|       pointer|
|J_4_5                |   in|   40|     ap_none|                    J_4_5|       pointer|
|J_4_6                |   in|   40|     ap_none|                    J_4_6|       pointer|
|J_4_7                |   in|   40|     ap_none|                    J_4_7|       pointer|
|J_4_8                |   in|   40|     ap_none|                    J_4_8|       pointer|
|J_4_9                |   in|   40|     ap_none|                    J_4_9|       pointer|
|J_4_10               |   in|   40|     ap_none|                   J_4_10|       pointer|
|J_4_11               |   in|   40|     ap_none|                   J_4_11|       pointer|
|J_4_12               |   in|   40|     ap_none|                   J_4_12|       pointer|
|J_4_13               |   in|   40|     ap_none|                   J_4_13|       pointer|
|J_4_14               |   in|   40|     ap_none|                   J_4_14|       pointer|
|J_4_15               |   in|   40|     ap_none|                   J_4_15|       pointer|
|J_4_16               |   in|   40|     ap_none|                   J_4_16|       pointer|
|J_4_17               |   in|   40|     ap_none|                   J_4_17|       pointer|
|J_4_18               |   in|   40|     ap_none|                   J_4_18|       pointer|
|J_4_19               |   in|   40|     ap_none|                   J_4_19|       pointer|
|J_4_20               |   in|   40|     ap_none|                   J_4_20|       pointer|
|J_4_21               |   in|   40|     ap_none|                   J_4_21|       pointer|
|J_5_0                |   in|   40|     ap_none|                    J_5_0|       pointer|
|J_5_1                |   in|   40|     ap_none|                    J_5_1|       pointer|
|J_5_2                |   in|   40|     ap_none|                    J_5_2|       pointer|
|J_5_3                |   in|   40|     ap_none|                    J_5_3|       pointer|
|J_5_4                |   in|   40|     ap_none|                    J_5_4|       pointer|
|J_5_5                |   in|   40|     ap_none|                    J_5_5|       pointer|
|J_5_6                |   in|   40|     ap_none|                    J_5_6|       pointer|
|J_5_7                |   in|   40|     ap_none|                    J_5_7|       pointer|
|J_5_8                |   in|   40|     ap_none|                    J_5_8|       pointer|
|J_5_9                |   in|   40|     ap_none|                    J_5_9|       pointer|
|J_5_10               |   in|   40|     ap_none|                   J_5_10|       pointer|
|J_5_11               |   in|   40|     ap_none|                   J_5_11|       pointer|
|J_5_12               |   in|   40|     ap_none|                   J_5_12|       pointer|
|J_5_13               |   in|   40|     ap_none|                   J_5_13|       pointer|
|J_5_14               |   in|   40|     ap_none|                   J_5_14|       pointer|
|J_5_15               |   in|   40|     ap_none|                   J_5_15|       pointer|
|J_5_16               |   in|   40|     ap_none|                   J_5_16|       pointer|
|J_5_17               |   in|   40|     ap_none|                   J_5_17|       pointer|
|J_5_18               |   in|   40|     ap_none|                   J_5_18|       pointer|
|J_5_19               |   in|   40|     ap_none|                   J_5_19|       pointer|
|J_5_20               |   in|   40|     ap_none|                   J_5_20|       pointer|
|J_5_21               |   in|   40|     ap_none|                   J_5_21|       pointer|
|J_6_0                |   in|   40|     ap_none|                    J_6_0|       pointer|
|J_6_1                |   in|   40|     ap_none|                    J_6_1|       pointer|
|J_6_2                |   in|   40|     ap_none|                    J_6_2|       pointer|
|J_6_3                |   in|   40|     ap_none|                    J_6_3|       pointer|
|J_6_4                |   in|   40|     ap_none|                    J_6_4|       pointer|
|J_6_5                |   in|   40|     ap_none|                    J_6_5|       pointer|
|J_6_6                |   in|   40|     ap_none|                    J_6_6|       pointer|
|J_6_7                |   in|   40|     ap_none|                    J_6_7|       pointer|
|J_6_8                |   in|   40|     ap_none|                    J_6_8|       pointer|
|J_6_9                |   in|   40|     ap_none|                    J_6_9|       pointer|
|J_6_10               |   in|   40|     ap_none|                   J_6_10|       pointer|
|J_6_11               |   in|   40|     ap_none|                   J_6_11|       pointer|
|J_6_12               |   in|   40|     ap_none|                   J_6_12|       pointer|
|J_6_13               |   in|   40|     ap_none|                   J_6_13|       pointer|
|J_6_14               |   in|   40|     ap_none|                   J_6_14|       pointer|
|J_6_15               |   in|   40|     ap_none|                   J_6_15|       pointer|
|J_6_16               |   in|   40|     ap_none|                   J_6_16|       pointer|
|J_6_17               |   in|   40|     ap_none|                   J_6_17|       pointer|
|J_6_18               |   in|   40|     ap_none|                   J_6_18|       pointer|
|J_6_19               |   in|   40|     ap_none|                   J_6_19|       pointer|
|J_6_20               |   in|   40|     ap_none|                   J_6_20|       pointer|
|J_6_21               |   in|   40|     ap_none|                   J_6_21|       pointer|
|J_7_0                |   in|   40|     ap_none|                    J_7_0|       pointer|
|J_7_1                |   in|   40|     ap_none|                    J_7_1|       pointer|
|J_7_2                |   in|   40|     ap_none|                    J_7_2|       pointer|
|J_7_3                |   in|   40|     ap_none|                    J_7_3|       pointer|
|J_7_4                |   in|   40|     ap_none|                    J_7_4|       pointer|
|J_7_5                |   in|   40|     ap_none|                    J_7_5|       pointer|
|J_7_6                |   in|   40|     ap_none|                    J_7_6|       pointer|
|J_7_7                |   in|   40|     ap_none|                    J_7_7|       pointer|
|J_7_8                |   in|   40|     ap_none|                    J_7_8|       pointer|
|J_7_9                |   in|   40|     ap_none|                    J_7_9|       pointer|
|J_7_10               |   in|   40|     ap_none|                   J_7_10|       pointer|
|J_7_11               |   in|   40|     ap_none|                   J_7_11|       pointer|
|J_7_12               |   in|   40|     ap_none|                   J_7_12|       pointer|
|J_7_13               |   in|   40|     ap_none|                   J_7_13|       pointer|
|J_7_14               |   in|   40|     ap_none|                   J_7_14|       pointer|
|J_7_15               |   in|   40|     ap_none|                   J_7_15|       pointer|
|J_7_16               |   in|   40|     ap_none|                   J_7_16|       pointer|
|J_7_17               |   in|   40|     ap_none|                   J_7_17|       pointer|
|J_7_18               |   in|   40|     ap_none|                   J_7_18|       pointer|
|J_7_19               |   in|   40|     ap_none|                   J_7_19|       pointer|
|J_7_20               |   in|   40|     ap_none|                   J_7_20|       pointer|
|J_7_21               |   in|   40|     ap_none|                   J_7_21|       pointer|
|J_8_0                |   in|   40|     ap_none|                    J_8_0|       pointer|
|J_8_1                |   in|   40|     ap_none|                    J_8_1|       pointer|
|J_8_2                |   in|   40|     ap_none|                    J_8_2|       pointer|
|J_8_3                |   in|   40|     ap_none|                    J_8_3|       pointer|
|J_8_4                |   in|   40|     ap_none|                    J_8_4|       pointer|
|J_8_5                |   in|   40|     ap_none|                    J_8_5|       pointer|
|J_8_6                |   in|   40|     ap_none|                    J_8_6|       pointer|
|J_8_7                |   in|   40|     ap_none|                    J_8_7|       pointer|
|J_8_8                |   in|   40|     ap_none|                    J_8_8|       pointer|
|J_8_9                |   in|   40|     ap_none|                    J_8_9|       pointer|
|J_8_10               |   in|   40|     ap_none|                   J_8_10|       pointer|
|J_8_11               |   in|   40|     ap_none|                   J_8_11|       pointer|
|J_8_12               |   in|   40|     ap_none|                   J_8_12|       pointer|
|J_8_13               |   in|   40|     ap_none|                   J_8_13|       pointer|
|J_8_14               |   in|   40|     ap_none|                   J_8_14|       pointer|
|J_8_15               |   in|   40|     ap_none|                   J_8_15|       pointer|
|J_8_16               |   in|   40|     ap_none|                   J_8_16|       pointer|
|J_8_17               |   in|   40|     ap_none|                   J_8_17|       pointer|
|J_8_18               |   in|   40|     ap_none|                   J_8_18|       pointer|
|J_8_19               |   in|   40|     ap_none|                   J_8_19|       pointer|
|J_8_20               |   in|   40|     ap_none|                   J_8_20|       pointer|
|J_8_21               |   in|   40|     ap_none|                   J_8_21|       pointer|
|J_9_0                |   in|   40|     ap_none|                    J_9_0|       pointer|
|J_9_1                |   in|   40|     ap_none|                    J_9_1|       pointer|
|J_9_2                |   in|   40|     ap_none|                    J_9_2|       pointer|
|J_9_3                |   in|   40|     ap_none|                    J_9_3|       pointer|
|J_9_4                |   in|   40|     ap_none|                    J_9_4|       pointer|
|J_9_5                |   in|   40|     ap_none|                    J_9_5|       pointer|
|J_9_6                |   in|   40|     ap_none|                    J_9_6|       pointer|
|J_9_7                |   in|   40|     ap_none|                    J_9_7|       pointer|
|J_9_8                |   in|   40|     ap_none|                    J_9_8|       pointer|
|J_9_9                |   in|   40|     ap_none|                    J_9_9|       pointer|
|J_9_10               |   in|   40|     ap_none|                   J_9_10|       pointer|
|J_9_11               |   in|   40|     ap_none|                   J_9_11|       pointer|
|J_9_12               |   in|   40|     ap_none|                   J_9_12|       pointer|
|J_9_13               |   in|   40|     ap_none|                   J_9_13|       pointer|
|J_9_14               |   in|   40|     ap_none|                   J_9_14|       pointer|
|J_9_15               |   in|   40|     ap_none|                   J_9_15|       pointer|
|J_9_16               |   in|   40|     ap_none|                   J_9_16|       pointer|
|J_9_17               |   in|   40|     ap_none|                   J_9_17|       pointer|
|J_9_18               |   in|   40|     ap_none|                   J_9_18|       pointer|
|J_9_19               |   in|   40|     ap_none|                   J_9_19|       pointer|
|J_9_20               |   in|   40|     ap_none|                   J_9_20|       pointer|
|J_9_21               |   in|   40|     ap_none|                   J_9_21|       pointer|
|J_10_0               |   in|   40|     ap_none|                   J_10_0|       pointer|
|J_10_1               |   in|   40|     ap_none|                   J_10_1|       pointer|
|J_10_2               |   in|   40|     ap_none|                   J_10_2|       pointer|
|J_10_3               |   in|   40|     ap_none|                   J_10_3|       pointer|
|J_10_4               |   in|   40|     ap_none|                   J_10_4|       pointer|
|J_10_5               |   in|   40|     ap_none|                   J_10_5|       pointer|
|J_10_6               |   in|   40|     ap_none|                   J_10_6|       pointer|
|J_10_7               |   in|   40|     ap_none|                   J_10_7|       pointer|
|J_10_8               |   in|   40|     ap_none|                   J_10_8|       pointer|
|J_10_9               |   in|   40|     ap_none|                   J_10_9|       pointer|
|J_10_10              |   in|   40|     ap_none|                  J_10_10|       pointer|
|J_10_11              |   in|   40|     ap_none|                  J_10_11|       pointer|
|J_10_12              |   in|   40|     ap_none|                  J_10_12|       pointer|
|J_10_13              |   in|   40|     ap_none|                  J_10_13|       pointer|
|J_10_14              |   in|   40|     ap_none|                  J_10_14|       pointer|
|J_10_15              |   in|   40|     ap_none|                  J_10_15|       pointer|
|J_10_16              |   in|   40|     ap_none|                  J_10_16|       pointer|
|J_10_17              |   in|   40|     ap_none|                  J_10_17|       pointer|
|J_10_18              |   in|   40|     ap_none|                  J_10_18|       pointer|
|J_10_19              |   in|   40|     ap_none|                  J_10_19|       pointer|
|J_10_20              |   in|   40|     ap_none|                  J_10_20|       pointer|
|J_10_21              |   in|   40|     ap_none|                  J_10_21|       pointer|
|J_11_0               |   in|   40|     ap_none|                   J_11_0|       pointer|
|J_11_1               |   in|   40|     ap_none|                   J_11_1|       pointer|
|J_11_2               |   in|   40|     ap_none|                   J_11_2|       pointer|
|J_11_3               |   in|   40|     ap_none|                   J_11_3|       pointer|
|J_11_4               |   in|   40|     ap_none|                   J_11_4|       pointer|
|J_11_5               |   in|   40|     ap_none|                   J_11_5|       pointer|
|J_11_6               |   in|   40|     ap_none|                   J_11_6|       pointer|
|J_11_7               |   in|   40|     ap_none|                   J_11_7|       pointer|
|J_11_8               |   in|   40|     ap_none|                   J_11_8|       pointer|
|J_11_9               |   in|   40|     ap_none|                   J_11_9|       pointer|
|J_11_10              |   in|   40|     ap_none|                  J_11_10|       pointer|
|J_11_11              |   in|   40|     ap_none|                  J_11_11|       pointer|
|J_11_12              |   in|   40|     ap_none|                  J_11_12|       pointer|
|J_11_13              |   in|   40|     ap_none|                  J_11_13|       pointer|
|J_11_14              |   in|   40|     ap_none|                  J_11_14|       pointer|
|J_11_15              |   in|   40|     ap_none|                  J_11_15|       pointer|
|J_11_16              |   in|   40|     ap_none|                  J_11_16|       pointer|
|J_11_17              |   in|   40|     ap_none|                  J_11_17|       pointer|
|J_11_18              |   in|   40|     ap_none|                  J_11_18|       pointer|
|J_11_19              |   in|   40|     ap_none|                  J_11_19|       pointer|
|J_11_20              |   in|   40|     ap_none|                  J_11_20|       pointer|
|J_11_21              |   in|   40|     ap_none|                  J_11_21|       pointer|
|J_12_0               |   in|   40|     ap_none|                   J_12_0|       pointer|
|J_12_1               |   in|   40|     ap_none|                   J_12_1|       pointer|
|J_12_2               |   in|   40|     ap_none|                   J_12_2|       pointer|
|J_12_3               |   in|   40|     ap_none|                   J_12_3|       pointer|
|J_12_4               |   in|   40|     ap_none|                   J_12_4|       pointer|
|J_12_5               |   in|   40|     ap_none|                   J_12_5|       pointer|
|J_12_6               |   in|   40|     ap_none|                   J_12_6|       pointer|
|J_12_7               |   in|   40|     ap_none|                   J_12_7|       pointer|
|J_12_8               |   in|   40|     ap_none|                   J_12_8|       pointer|
|J_12_9               |   in|   40|     ap_none|                   J_12_9|       pointer|
|J_12_10              |   in|   40|     ap_none|                  J_12_10|       pointer|
|J_12_11              |   in|   40|     ap_none|                  J_12_11|       pointer|
|J_12_12              |   in|   40|     ap_none|                  J_12_12|       pointer|
|J_12_13              |   in|   40|     ap_none|                  J_12_13|       pointer|
|J_12_14              |   in|   40|     ap_none|                  J_12_14|       pointer|
|J_12_15              |   in|   40|     ap_none|                  J_12_15|       pointer|
|J_12_16              |   in|   40|     ap_none|                  J_12_16|       pointer|
|J_12_17              |   in|   40|     ap_none|                  J_12_17|       pointer|
|J_12_18              |   in|   40|     ap_none|                  J_12_18|       pointer|
|J_12_19              |   in|   40|     ap_none|                  J_12_19|       pointer|
|J_12_20              |   in|   40|     ap_none|                  J_12_20|       pointer|
|J_12_21              |   in|   40|     ap_none|                  J_12_21|       pointer|
|J_13_0               |   in|   40|     ap_none|                   J_13_0|       pointer|
|J_13_1               |   in|   40|     ap_none|                   J_13_1|       pointer|
|J_13_2               |   in|   40|     ap_none|                   J_13_2|       pointer|
|J_13_3               |   in|   40|     ap_none|                   J_13_3|       pointer|
|J_13_4               |   in|   40|     ap_none|                   J_13_4|       pointer|
|J_13_5               |   in|   40|     ap_none|                   J_13_5|       pointer|
|J_13_6               |   in|   40|     ap_none|                   J_13_6|       pointer|
|J_13_7               |   in|   40|     ap_none|                   J_13_7|       pointer|
|J_13_8               |   in|   40|     ap_none|                   J_13_8|       pointer|
|J_13_9               |   in|   40|     ap_none|                   J_13_9|       pointer|
|J_13_10              |   in|   40|     ap_none|                  J_13_10|       pointer|
|J_13_11              |   in|   40|     ap_none|                  J_13_11|       pointer|
|J_13_12              |   in|   40|     ap_none|                  J_13_12|       pointer|
|J_13_13              |   in|   40|     ap_none|                  J_13_13|       pointer|
|J_13_14              |   in|   40|     ap_none|                  J_13_14|       pointer|
|J_13_15              |   in|   40|     ap_none|                  J_13_15|       pointer|
|J_13_16              |   in|   40|     ap_none|                  J_13_16|       pointer|
|J_13_17              |   in|   40|     ap_none|                  J_13_17|       pointer|
|J_13_18              |   in|   40|     ap_none|                  J_13_18|       pointer|
|J_13_19              |   in|   40|     ap_none|                  J_13_19|       pointer|
|J_13_20              |   in|   40|     ap_none|                  J_13_20|       pointer|
|J_13_21              |   in|   40|     ap_none|                  J_13_21|       pointer|
|J_14_0               |   in|   40|     ap_none|                   J_14_0|       pointer|
|J_14_1               |   in|   40|     ap_none|                   J_14_1|       pointer|
|J_14_2               |   in|   40|     ap_none|                   J_14_2|       pointer|
|J_14_3               |   in|   40|     ap_none|                   J_14_3|       pointer|
|J_14_4               |   in|   40|     ap_none|                   J_14_4|       pointer|
|J_14_5               |   in|   40|     ap_none|                   J_14_5|       pointer|
|J_14_6               |   in|   40|     ap_none|                   J_14_6|       pointer|
|J_14_7               |   in|   40|     ap_none|                   J_14_7|       pointer|
|J_14_8               |   in|   40|     ap_none|                   J_14_8|       pointer|
|J_14_9               |   in|   40|     ap_none|                   J_14_9|       pointer|
|J_14_10              |   in|   40|     ap_none|                  J_14_10|       pointer|
|J_14_11              |   in|   40|     ap_none|                  J_14_11|       pointer|
|J_14_12              |   in|   40|     ap_none|                  J_14_12|       pointer|
|J_14_13              |   in|   40|     ap_none|                  J_14_13|       pointer|
|J_14_14              |   in|   40|     ap_none|                  J_14_14|       pointer|
|J_14_15              |   in|   40|     ap_none|                  J_14_15|       pointer|
|J_14_16              |   in|   40|     ap_none|                  J_14_16|       pointer|
|J_14_17              |   in|   40|     ap_none|                  J_14_17|       pointer|
|J_14_18              |   in|   40|     ap_none|                  J_14_18|       pointer|
|J_14_19              |   in|   40|     ap_none|                  J_14_19|       pointer|
|J_14_20              |   in|   40|     ap_none|                  J_14_20|       pointer|
|J_14_21              |   in|   40|     ap_none|                  J_14_21|       pointer|
|J_15_0               |   in|   40|     ap_none|                   J_15_0|       pointer|
|J_15_1               |   in|   40|     ap_none|                   J_15_1|       pointer|
|J_15_2               |   in|   40|     ap_none|                   J_15_2|       pointer|
|J_15_3               |   in|   40|     ap_none|                   J_15_3|       pointer|
|J_15_4               |   in|   40|     ap_none|                   J_15_4|       pointer|
|J_15_5               |   in|   40|     ap_none|                   J_15_5|       pointer|
|J_15_6               |   in|   40|     ap_none|                   J_15_6|       pointer|
|J_15_7               |   in|   40|     ap_none|                   J_15_7|       pointer|
|J_15_8               |   in|   40|     ap_none|                   J_15_8|       pointer|
|J_15_9               |   in|   40|     ap_none|                   J_15_9|       pointer|
|J_15_10              |   in|   40|     ap_none|                  J_15_10|       pointer|
|J_15_11              |   in|   40|     ap_none|                  J_15_11|       pointer|
|J_15_12              |   in|   40|     ap_none|                  J_15_12|       pointer|
|J_15_13              |   in|   40|     ap_none|                  J_15_13|       pointer|
|J_15_14              |   in|   40|     ap_none|                  J_15_14|       pointer|
|J_15_15              |   in|   40|     ap_none|                  J_15_15|       pointer|
|J_15_16              |   in|   40|     ap_none|                  J_15_16|       pointer|
|J_15_17              |   in|   40|     ap_none|                  J_15_17|       pointer|
|J_15_18              |   in|   40|     ap_none|                  J_15_18|       pointer|
|J_15_19              |   in|   40|     ap_none|                  J_15_19|       pointer|
|J_15_20              |   in|   40|     ap_none|                  J_15_20|       pointer|
|J_15_21              |   in|   40|     ap_none|                  J_15_21|       pointer|
|J_16_0               |   in|   40|     ap_none|                   J_16_0|       pointer|
|J_16_1               |   in|   40|     ap_none|                   J_16_1|       pointer|
|J_16_2               |   in|   40|     ap_none|                   J_16_2|       pointer|
|J_16_3               |   in|   40|     ap_none|                   J_16_3|       pointer|
|J_16_4               |   in|   40|     ap_none|                   J_16_4|       pointer|
|J_16_5               |   in|   40|     ap_none|                   J_16_5|       pointer|
|J_16_6               |   in|   40|     ap_none|                   J_16_6|       pointer|
|J_16_7               |   in|   40|     ap_none|                   J_16_7|       pointer|
|J_16_8               |   in|   40|     ap_none|                   J_16_8|       pointer|
|J_16_9               |   in|   40|     ap_none|                   J_16_9|       pointer|
|J_16_10              |   in|   40|     ap_none|                  J_16_10|       pointer|
|J_16_11              |   in|   40|     ap_none|                  J_16_11|       pointer|
|J_16_12              |   in|   40|     ap_none|                  J_16_12|       pointer|
|J_16_13              |   in|   40|     ap_none|                  J_16_13|       pointer|
|J_16_14              |   in|   40|     ap_none|                  J_16_14|       pointer|
|J_16_15              |   in|   40|     ap_none|                  J_16_15|       pointer|
|J_16_16              |   in|   40|     ap_none|                  J_16_16|       pointer|
|J_16_17              |   in|   40|     ap_none|                  J_16_17|       pointer|
|J_16_18              |   in|   40|     ap_none|                  J_16_18|       pointer|
|J_16_19              |   in|   40|     ap_none|                  J_16_19|       pointer|
|J_16_20              |   in|   40|     ap_none|                  J_16_20|       pointer|
|J_16_21              |   in|   40|     ap_none|                  J_16_21|       pointer|
|J_17_0               |   in|   40|     ap_none|                   J_17_0|       pointer|
|J_17_1               |   in|   40|     ap_none|                   J_17_1|       pointer|
|J_17_2               |   in|   40|     ap_none|                   J_17_2|       pointer|
|J_17_3               |   in|   40|     ap_none|                   J_17_3|       pointer|
|J_17_4               |   in|   40|     ap_none|                   J_17_4|       pointer|
|J_17_5               |   in|   40|     ap_none|                   J_17_5|       pointer|
|J_17_6               |   in|   40|     ap_none|                   J_17_6|       pointer|
|J_17_7               |   in|   40|     ap_none|                   J_17_7|       pointer|
|J_17_8               |   in|   40|     ap_none|                   J_17_8|       pointer|
|J_17_9               |   in|   40|     ap_none|                   J_17_9|       pointer|
|J_17_10              |   in|   40|     ap_none|                  J_17_10|       pointer|
|J_17_11              |   in|   40|     ap_none|                  J_17_11|       pointer|
|J_17_12              |   in|   40|     ap_none|                  J_17_12|       pointer|
|J_17_13              |   in|   40|     ap_none|                  J_17_13|       pointer|
|J_17_14              |   in|   40|     ap_none|                  J_17_14|       pointer|
|J_17_15              |   in|   40|     ap_none|                  J_17_15|       pointer|
|J_17_16              |   in|   40|     ap_none|                  J_17_16|       pointer|
|J_17_17              |   in|   40|     ap_none|                  J_17_17|       pointer|
|J_17_18              |   in|   40|     ap_none|                  J_17_18|       pointer|
|J_17_19              |   in|   40|     ap_none|                  J_17_19|       pointer|
|J_17_20              |   in|   40|     ap_none|                  J_17_20|       pointer|
|J_17_21              |   in|   40|     ap_none|                  J_17_21|       pointer|
|J_18_0               |   in|   40|     ap_none|                   J_18_0|       pointer|
|J_18_1               |   in|   40|     ap_none|                   J_18_1|       pointer|
|J_18_2               |   in|   40|     ap_none|                   J_18_2|       pointer|
|J_18_3               |   in|   40|     ap_none|                   J_18_3|       pointer|
|J_18_4               |   in|   40|     ap_none|                   J_18_4|       pointer|
|J_18_5               |   in|   40|     ap_none|                   J_18_5|       pointer|
|J_18_6               |   in|   40|     ap_none|                   J_18_6|       pointer|
|J_18_7               |   in|   40|     ap_none|                   J_18_7|       pointer|
|J_18_8               |   in|   40|     ap_none|                   J_18_8|       pointer|
|J_18_9               |   in|   40|     ap_none|                   J_18_9|       pointer|
|J_18_10              |   in|   40|     ap_none|                  J_18_10|       pointer|
|J_18_11              |   in|   40|     ap_none|                  J_18_11|       pointer|
|J_18_12              |   in|   40|     ap_none|                  J_18_12|       pointer|
|J_18_13              |   in|   40|     ap_none|                  J_18_13|       pointer|
|J_18_14              |   in|   40|     ap_none|                  J_18_14|       pointer|
|J_18_15              |   in|   40|     ap_none|                  J_18_15|       pointer|
|J_18_16              |   in|   40|     ap_none|                  J_18_16|       pointer|
|J_18_17              |   in|   40|     ap_none|                  J_18_17|       pointer|
|J_18_18              |   in|   40|     ap_none|                  J_18_18|       pointer|
|J_18_19              |   in|   40|     ap_none|                  J_18_19|       pointer|
|J_18_20              |   in|   40|     ap_none|                  J_18_20|       pointer|
|J_18_21              |   in|   40|     ap_none|                  J_18_21|       pointer|
|J_19_0               |   in|   40|     ap_none|                   J_19_0|       pointer|
|J_19_1               |   in|   40|     ap_none|                   J_19_1|       pointer|
|J_19_2               |   in|   40|     ap_none|                   J_19_2|       pointer|
|J_19_3               |   in|   40|     ap_none|                   J_19_3|       pointer|
|J_19_4               |   in|   40|     ap_none|                   J_19_4|       pointer|
|J_19_5               |   in|   40|     ap_none|                   J_19_5|       pointer|
|J_19_6               |   in|   40|     ap_none|                   J_19_6|       pointer|
|J_19_7               |   in|   40|     ap_none|                   J_19_7|       pointer|
|J_19_8               |   in|   40|     ap_none|                   J_19_8|       pointer|
|J_19_9               |   in|   40|     ap_none|                   J_19_9|       pointer|
|J_19_10              |   in|   40|     ap_none|                  J_19_10|       pointer|
|J_19_11              |   in|   40|     ap_none|                  J_19_11|       pointer|
|J_19_12              |   in|   40|     ap_none|                  J_19_12|       pointer|
|J_19_13              |   in|   40|     ap_none|                  J_19_13|       pointer|
|J_19_14              |   in|   40|     ap_none|                  J_19_14|       pointer|
|J_19_15              |   in|   40|     ap_none|                  J_19_15|       pointer|
|J_19_16              |   in|   40|     ap_none|                  J_19_16|       pointer|
|J_19_17              |   in|   40|     ap_none|                  J_19_17|       pointer|
|J_19_18              |   in|   40|     ap_none|                  J_19_18|       pointer|
|J_19_19              |   in|   40|     ap_none|                  J_19_19|       pointer|
|J_19_20              |   in|   40|     ap_none|                  J_19_20|       pointer|
|J_19_21              |   in|   40|     ap_none|                  J_19_21|       pointer|
|J_20_0               |   in|   40|     ap_none|                   J_20_0|       pointer|
|J_20_1               |   in|   40|     ap_none|                   J_20_1|       pointer|
|J_20_2               |   in|   40|     ap_none|                   J_20_2|       pointer|
|J_20_3               |   in|   40|     ap_none|                   J_20_3|       pointer|
|J_20_4               |   in|   40|     ap_none|                   J_20_4|       pointer|
|J_20_5               |   in|   40|     ap_none|                   J_20_5|       pointer|
|J_20_6               |   in|   40|     ap_none|                   J_20_6|       pointer|
|J_20_7               |   in|   40|     ap_none|                   J_20_7|       pointer|
|J_20_8               |   in|   40|     ap_none|                   J_20_8|       pointer|
|J_20_9               |   in|   40|     ap_none|                   J_20_9|       pointer|
|J_20_10              |   in|   40|     ap_none|                  J_20_10|       pointer|
|J_20_11              |   in|   40|     ap_none|                  J_20_11|       pointer|
|J_20_12              |   in|   40|     ap_none|                  J_20_12|       pointer|
|J_20_13              |   in|   40|     ap_none|                  J_20_13|       pointer|
|J_20_14              |   in|   40|     ap_none|                  J_20_14|       pointer|
|J_20_15              |   in|   40|     ap_none|                  J_20_15|       pointer|
|J_20_16              |   in|   40|     ap_none|                  J_20_16|       pointer|
|J_20_17              |   in|   40|     ap_none|                  J_20_17|       pointer|
|J_20_18              |   in|   40|     ap_none|                  J_20_18|       pointer|
|J_20_19              |   in|   40|     ap_none|                  J_20_19|       pointer|
|J_20_20              |   in|   40|     ap_none|                  J_20_20|       pointer|
|J_20_21              |   in|   40|     ap_none|                  J_20_21|       pointer|
|J_21_0               |   in|   40|     ap_none|                   J_21_0|       pointer|
|J_21_1               |   in|   40|     ap_none|                   J_21_1|       pointer|
|J_21_2               |   in|   40|     ap_none|                   J_21_2|       pointer|
|J_21_3               |   in|   40|     ap_none|                   J_21_3|       pointer|
|J_21_4               |   in|   40|     ap_none|                   J_21_4|       pointer|
|J_21_5               |   in|   40|     ap_none|                   J_21_5|       pointer|
|J_21_6               |   in|   40|     ap_none|                   J_21_6|       pointer|
|J_21_7               |   in|   40|     ap_none|                   J_21_7|       pointer|
|J_21_8               |   in|   40|     ap_none|                   J_21_8|       pointer|
|J_21_9               |   in|   40|     ap_none|                   J_21_9|       pointer|
|J_21_10              |   in|   40|     ap_none|                  J_21_10|       pointer|
|J_21_11              |   in|   40|     ap_none|                  J_21_11|       pointer|
|J_21_12              |   in|   40|     ap_none|                  J_21_12|       pointer|
|J_21_13              |   in|   40|     ap_none|                  J_21_13|       pointer|
|J_21_14              |   in|   40|     ap_none|                  J_21_14|       pointer|
|J_21_15              |   in|   40|     ap_none|                  J_21_15|       pointer|
|J_21_16              |   in|   40|     ap_none|                  J_21_16|       pointer|
|J_21_17              |   in|   40|     ap_none|                  J_21_17|       pointer|
|J_21_18              |   in|   40|     ap_none|                  J_21_18|       pointer|
|J_21_19              |   in|   40|     ap_none|                  J_21_19|       pointer|
|J_21_20              |   in|   40|     ap_none|                  J_21_20|       pointer|
|J_21_21              |   in|   40|     ap_none|                  J_21_21|       pointer|
|h_0                  |   in|   40|     ap_none|                      h_0|       pointer|
|h_1                  |   in|   40|     ap_none|                      h_1|       pointer|
|h_2                  |   in|   40|     ap_none|                      h_2|       pointer|
|h_3                  |   in|   40|     ap_none|                      h_3|       pointer|
|h_4                  |   in|   40|     ap_none|                      h_4|       pointer|
|h_5                  |   in|   40|     ap_none|                      h_5|       pointer|
|h_6                  |   in|   40|     ap_none|                      h_6|       pointer|
|h_7                  |   in|   40|     ap_none|                      h_7|       pointer|
|h_8                  |   in|   40|     ap_none|                      h_8|       pointer|
|h_9                  |   in|   40|     ap_none|                      h_9|       pointer|
|h_10                 |   in|   40|     ap_none|                     h_10|       pointer|
|h_11                 |   in|   40|     ap_none|                     h_11|       pointer|
|h_12                 |   in|   40|     ap_none|                     h_12|       pointer|
|h_13                 |   in|   40|     ap_none|                     h_13|       pointer|
|h_14                 |   in|   40|     ap_none|                     h_14|       pointer|
|h_15                 |   in|   40|     ap_none|                     h_15|       pointer|
|h_16                 |   in|   40|     ap_none|                     h_16|       pointer|
|h_17                 |   in|   40|     ap_none|                     h_17|       pointer|
|h_18                 |   in|   40|     ap_none|                     h_18|       pointer|
|h_19                 |   in|   40|     ap_none|                     h_19|       pointer|
|h_20                 |   in|   40|     ap_none|                     h_20|       pointer|
|h_21                 |   in|   40|     ap_none|                     h_21|       pointer|
|y_0                  |   in|    1|     ap_none|                      y_0|       pointer|
|y_1                  |   in|    1|     ap_none|                      y_1|       pointer|
|y_2                  |   in|    1|     ap_none|                      y_2|       pointer|
|y_3                  |   in|    1|     ap_none|                      y_3|       pointer|
|y_4                  |   in|    1|     ap_none|                      y_4|       pointer|
|y_5                  |   in|    1|     ap_none|                      y_5|       pointer|
|y_6                  |   in|    1|     ap_none|                      y_6|       pointer|
|y_7                  |   in|    1|     ap_none|                      y_7|       pointer|
|y_8                  |   in|    1|     ap_none|                      y_8|       pointer|
|y_9                  |   in|    1|     ap_none|                      y_9|       pointer|
|y_10                 |   in|    1|     ap_none|                     y_10|       pointer|
|y_11                 |   in|    1|     ap_none|                     y_11|       pointer|
|y_12                 |   in|    1|     ap_none|                     y_12|       pointer|
|y_13                 |   in|    1|     ap_none|                     y_13|       pointer|
|y_14                 |   in|    1|     ap_none|                     y_14|       pointer|
|y_15                 |   in|    1|     ap_none|                     y_15|       pointer|
|y_16                 |   in|    1|     ap_none|                     y_16|       pointer|
|y_17                 |   in|    1|     ap_none|                     y_17|       pointer|
|y_18                 |   in|    1|     ap_none|                     y_18|       pointer|
|y_19                 |   in|    1|     ap_none|                     y_19|       pointer|
|y_20                 |   in|    1|     ap_none|                     y_20|       pointer|
|y_21                 |   in|    1|     ap_none|                     y_21|       pointer|
|old_energy           |   in|   40|     ap_none|               old_energy|        scalar|
|beta                 |   in|   40|     ap_none|                     beta|        scalar|
|u                    |   in|   40|     ap_none|                        u|        scalar|
|accepted             |  out|    1|      ap_vld|                 accepted|       pointer|
|accepted_ap_vld      |  out|    1|      ap_vld|                 accepted|       pointer|
|delta_energy         |  out|   40|      ap_vld|             delta_energy|       pointer|
|delta_energy_ap_vld  |  out|    1|      ap_vld|             delta_energy|       pointer|
|new_energy           |  out|   40|      ap_vld|               new_energy|       pointer|
|new_energy_ap_vld    |  out|    1|      ap_vld|               new_energy|       pointer|
+---------------------+-----+-----+------------+-------------------------+--------------+

