

================================================================
== Vitis HLS Report for 'local_delta_energy'
================================================================
* Date:           Tue May 19 20:39:57 2026

* Version:        2025.2 (Build 6295257 on Nov 14 2025)
* Project:        hls_local_metropolis_step_N21
* Solution:       hls (Vivado IP Flow Target)
* Product family: virtexuplus
* Target device:  xcvu19p-fsva3824-2-e


================================================================
== Performance Estimates
================================================================
+ Timing: 
    * Summary: 
    +--------+---------+----------+------------+
    |  Clock |  Target | Estimated| Uncertainty|
    +--------+---------+----------+------------+
    |ap_clk  |  3.33 ns|  2.388 ns|     0.90 ns|
    +--------+---------+----------+------------+

+ Latency: 
    * Summary: 
    +---------+---------+-----------+-----------+-----+-----+---------+
    |  Latency (cycles) |   Latency (absolute)  |  Interval | Pipeline|
    |   min   |   max   |    min    |    max    | min | max |   Type  |
    +---------+---------+-----------+-----------+-----+-----+---------+
    |       16|       16|  53.328 ns|  53.328 ns|   16|   16|       no|
    +---------+---------+-----------+-----------+-----+-----+---------+

    + Detail: 
        * Instance: 
        N/A

        * Loop: 
        N/A



================================================================
== Utilization Estimates
================================================================
* Summary: 
+---------------------+---------+------+---------+---------+-----+
|         Name        | BRAM_18K|  DSP |    FF   |   LUT   | URAM|
+---------------------+---------+------+---------+---------+-----+
|DSP                  |        -|     -|        -|        -|    -|
|Expression           |        -|     -|        0|     4513|    -|
|FIFO                 |        -|     -|        -|        -|    -|
|Instance             |        -|     6|      340|     2327|    -|
|Memory               |        -|     -|        -|        -|    -|
|Multiplexer          |        -|     -|        0|       95|    -|
|Register             |        -|     -|     1764|        -|    -|
+---------------------+---------+------+---------+---------+-----+
|Total                |        0|     6|     2104|     6935|    0|
+---------------------+---------+------+---------+---------+-----+
|Available SLR        |     1080|   960|  2042880|  1021440|   80|
+---------------------+---------+------+---------+---------+-----+
|Utilization SLR (%)  |        0|    ~0|       ~0|       ~0|    0|
+---------------------+---------+------+---------+---------+-----+
|Available            |     4320|  3840|  8171520|  4085760|  320|
+---------------------+---------+------+---------+---------+-----+
|Utilization (%)      |        0|    ~0|       ~0|       ~0|    0|
+---------------------+---------+------+---------+---------+-----+

+ Detail: 
    * Instance: 
    +---------------------------+-----------------------+---------+----+-----+-----+-----+
    |          Instance         |         Module        | BRAM_18K| DSP|  FF | LUT | URAM|
    +---------------------------+-----------------------+---------+----+-----+-----+-----+
    |mul_40s_50s_88_5_1_U1      |mul_40s_50s_88_5_1     |        0|   6|  340|   86|    0|
    |sparsemux_41_5_40_1_1_U2   |sparsemux_41_5_40_1_1  |        0|   0|    0|   97|    0|
    |sparsemux_41_5_40_1_1_U4   |sparsemux_41_5_40_1_1  |        0|   0|    0|   97|    0|
    |sparsemux_41_5_40_1_1_U5   |sparsemux_41_5_40_1_1  |        0|   0|    0|   97|    0|
    |sparsemux_41_5_40_1_1_U6   |sparsemux_41_5_40_1_1  |        0|   0|    0|   97|    0|
    |sparsemux_41_5_40_1_1_U7   |sparsemux_41_5_40_1_1  |        0|   0|    0|   97|    0|
    |sparsemux_41_5_40_1_1_U8   |sparsemux_41_5_40_1_1  |        0|   0|    0|   97|    0|
    |sparsemux_41_5_40_1_1_U9   |sparsemux_41_5_40_1_1  |        0|   0|    0|   97|    0|
    |sparsemux_41_5_40_1_1_U10  |sparsemux_41_5_40_1_1  |        0|   0|    0|   97|    0|
    |sparsemux_41_5_40_1_1_U11  |sparsemux_41_5_40_1_1  |        0|   0|    0|   97|    0|
    |sparsemux_41_5_40_1_1_U12  |sparsemux_41_5_40_1_1  |        0|   0|    0|   97|    0|
    |sparsemux_41_5_40_1_1_U13  |sparsemux_41_5_40_1_1  |        0|   0|    0|   97|    0|
    |sparsemux_41_5_40_1_1_U14  |sparsemux_41_5_40_1_1  |        0|   0|    0|   97|    0|
    |sparsemux_41_5_40_1_1_U15  |sparsemux_41_5_40_1_1  |        0|   0|    0|   97|    0|
    |sparsemux_41_5_40_1_1_U17  |sparsemux_41_5_40_1_1  |        0|   0|    0|   97|    0|
    |sparsemux_41_5_40_1_1_U18  |sparsemux_41_5_40_1_1  |        0|   0|    0|   97|    0|
    |sparsemux_41_5_40_1_1_U19  |sparsemux_41_5_40_1_1  |        0|   0|    0|   97|    0|
    |sparsemux_41_5_40_1_1_U20  |sparsemux_41_5_40_1_1  |        0|   0|    0|   97|    0|
    |sparsemux_41_5_40_1_1_U21  |sparsemux_41_5_40_1_1  |        0|   0|    0|   97|    0|
    |sparsemux_41_5_40_1_1_U22  |sparsemux_41_5_40_1_1  |        0|   0|    0|   97|    0|
    |sparsemux_41_5_40_1_1_U23  |sparsemux_41_5_40_1_1  |        0|   0|    0|   97|    0|
    |sparsemux_41_5_40_1_1_U24  |sparsemux_41_5_40_1_1  |        0|   0|    0|   97|    0|
    |sparsemux_43_5_1_1_1_U16   |sparsemux_43_5_1_1_1   |        0|   0|    0|  102|    0|
    |sparsemux_43_5_40_1_1_U3   |sparsemux_43_5_40_1_1  |        0|   0|    0|  102|    0|
    +---------------------------+-----------------------+---------+----+-----+-----+-----+
    |Total                      |                       |        0|   6|  340| 2327|    0|
    +---------------------------+-----------------------+---------+----+-----+-----+-----+

    * DSP: 
    N/A

    * Memory: 
    N/A

    * FIFO: 
    N/A

    * Expression: 
    +--------------------------+----------+----+---+----+------------+------------+
    |       Variable Name      | Operation| DSP| FF| LUT| Bitwidth P0| Bitwidth P1|
    +--------------------------+----------+----+---+----+------------+------------+
    |field_11_fu_4785_p2       |         +|   0|  0|  47|          40|          40|
    |field_13_fu_4808_p2       |         +|   0|  0|  47|          40|          40|
    |field_15_fu_5007_p2       |         +|   0|  0|  47|          40|          40|
    |field_17_fu_5030_p2       |         +|   0|  0|  47|          40|          40|
    |field_19_fu_5229_p2       |         +|   0|  0|  47|          40|          40|
    |field_21_fu_5252_p2       |         +|   0|  0|  47|          40|          40|
    |field_23_fu_5532_p2       |         +|   0|  0|  47|          40|          40|
    |field_25_fu_5554_p2       |         +|   0|  0|  47|          40|          40|
    |field_27_fu_5752_p2       |         +|   0|  0|  47|          40|          40|
    |field_29_fu_5774_p2       |         +|   0|  0|  47|          40|          40|
    |field_2_fu_4142_p2        |         +|   0|  0|  47|          40|          40|
    |field_31_fu_5972_p2       |         +|   0|  0|  47|          40|          40|
    |field_33_fu_5994_p2       |         +|   0|  0|  47|          40|          40|
    |field_35_fu_6192_p2       |         +|   0|  0|  47|          40|          40|
    |field_37_fu_6214_p2       |         +|   0|  0|  47|          40|          40|
    |field_39_fu_6412_p2       |         +|   0|  0|  47|          40|          40|
    |field_3_fu_4341_p2        |         +|   0|  0|  47|          40|          40|
    |field_41_fu_6434_p2       |         +|   0|  0|  47|          40|          40|
    |field_5_fu_4364_p2        |         +|   0|  0|  47|          40|          40|
    |field_7_fu_4563_p2        |         +|   0|  0|  47|          40|          40|
    |field_9_fu_4586_p2        |         +|   0|  0|  47|          40|          40|
    |sub_ln42_10_fu_5240_p2    |         -|   0|  0|  47|           1|          40|
    |sub_ln42_11_fu_5352_p2    |         -|   0|  0|  47|           1|          40|
    |sub_ln42_12_fu_5543_p2    |         -|   0|  0|  47|           1|          40|
    |sub_ln42_13_fu_5654_p2    |         -|   0|  0|  47|           1|          40|
    |sub_ln42_14_fu_5763_p2    |         -|   0|  0|  47|           1|          40|
    |sub_ln42_15_fu_5874_p2    |         -|   0|  0|  47|           1|          40|
    |sub_ln42_16_fu_5983_p2    |         -|   0|  0|  47|           1|          40|
    |sub_ln42_17_fu_6094_p2    |         -|   0|  0|  47|           1|          40|
    |sub_ln42_18_fu_6203_p2    |         -|   0|  0|  47|           1|          40|
    |sub_ln42_19_fu_6314_p2    |         -|   0|  0|  47|           1|          40|
    |sub_ln42_1_fu_4242_p2     |         -|   0|  0|  47|           1|          40|
    |sub_ln42_20_fu_6423_p2    |         -|   0|  0|  47|           1|          40|
    |sub_ln42_2_fu_4352_p2     |         -|   0|  0|  47|           1|          40|
    |sub_ln42_3_fu_4464_p2     |         -|   0|  0|  47|           1|          40|
    |sub_ln42_4_fu_4574_p2     |         -|   0|  0|  47|           1|          40|
    |sub_ln42_5_fu_4686_p2     |         -|   0|  0|  47|           1|          40|
    |sub_ln42_6_fu_4796_p2     |         -|   0|  0|  47|           1|          40|
    |sub_ln42_7_fu_4908_p2     |         -|   0|  0|  47|           1|          40|
    |sub_ln42_8_fu_5018_p2     |         -|   0|  0|  47|           1|          40|
    |sub_ln42_9_fu_5130_p2     |         -|   0|  0|  47|           1|          40|
    |sub_ln42_fu_4130_p2       |         -|   0|  0|  47|           1|          40|
    |icmp_ln147_10_fu_3973_p2  |      icmp|   0|  0|  39|          32|           4|
    |icmp_ln147_11_fu_3979_p2  |      icmp|   0|  0|  39|          32|           4|
    |icmp_ln147_12_fu_3985_p2  |      icmp|   0|  0|  39|          32|           4|
    |icmp_ln147_13_fu_3991_p2  |      icmp|   0|  0|  39|          32|           4|
    |icmp_ln147_14_fu_3997_p2  |      icmp|   0|  0|  39|          32|           4|
    |icmp_ln147_15_fu_4003_p2  |      icmp|   0|  0|  39|          32|           4|
    |icmp_ln147_16_fu_4009_p2  |      icmp|   0|  0|  39|          32|           5|
    |icmp_ln147_17_fu_4015_p2  |      icmp|   0|  0|  39|          32|           5|
    |icmp_ln147_18_fu_4021_p2  |      icmp|   0|  0|  39|          32|           5|
    |icmp_ln147_19_fu_4027_p2  |      icmp|   0|  0|  39|          32|           5|
    |icmp_ln147_1_fu_3919_p2   |      icmp|   0|  0|  39|          32|           1|
    |icmp_ln147_20_fu_4033_p2  |      icmp|   0|  0|  39|          32|           5|
    |icmp_ln147_2_fu_3925_p2   |      icmp|   0|  0|  39|          32|           2|
    |icmp_ln147_3_fu_3931_p2   |      icmp|   0|  0|  39|          32|           2|
    |icmp_ln147_4_fu_3937_p2   |      icmp|   0|  0|  39|          32|           3|
    |icmp_ln147_5_fu_3943_p2   |      icmp|   0|  0|  39|          32|           3|
    |icmp_ln147_6_fu_3949_p2   |      icmp|   0|  0|  39|          32|           3|
    |icmp_ln147_7_fu_3955_p2   |      icmp|   0|  0|  39|          32|           3|
    |icmp_ln147_8_fu_3961_p2   |      icmp|   0|  0|  39|          32|           4|
    |icmp_ln147_9_fu_3967_p2   |      icmp|   0|  0|  39|          32|           4|
    |icmp_ln147_fu_3825_p2     |      icmp|   0|  0|  39|          32|           1|
    |field_10_fu_4592_p3       |    select|   0|  0|  40|           1|          40|
    |field_12_fu_4790_p3       |    select|   0|  0|  40|           1|          40|
    |field_14_fu_4814_p3       |    select|   0|  0|  40|           1|          40|
    |field_16_fu_5012_p3       |    select|   0|  0|  40|           1|          40|
    |field_18_fu_5036_p3       |    select|   0|  0|  40|           1|          40|
    |field_1_fu_4148_p3        |    select|   0|  0|  40|           1|          40|
    |field_20_fu_5234_p3       |    select|   0|  0|  40|           1|          40|
    |field_22_fu_5258_p3       |    select|   0|  0|  40|           1|          40|
    |field_24_fu_5537_p3       |    select|   0|  0|  40|           1|          40|
    |field_26_fu_5560_p3       |    select|   0|  0|  40|           1|          40|
    |field_28_fu_5757_p3       |    select|   0|  0|  40|           1|          40|
    |field_30_fu_5780_p3       |    select|   0|  0|  40|           1|          40|
    |field_32_fu_5977_p3       |    select|   0|  0|  40|           1|          40|
    |field_34_fu_6000_p3       |    select|   0|  0|  40|           1|          40|
    |field_36_fu_6197_p3       |    select|   0|  0|  40|           1|          40|
    |field_38_fu_6220_p3       |    select|   0|  0|  40|           1|          40|
    |field_40_fu_6417_p3       |    select|   0|  0|  40|           1|          40|
    |field_42_fu_6440_p3       |    select|   0|  0|  40|           1|          40|
    |field_4_fu_4346_p3        |    select|   0|  0|  40|           1|          40|
    |field_6_fu_4370_p3        |    select|   0|  0|  40|           1|          40|
    |field_8_fu_4568_p3        |    select|   0|  0|  40|           1|          40|
    |out_fu_6466_p3            |    select|   0|  0|  40|           1|          40|
    |term_10_fu_5245_p3        |    select|   0|  0|  40|           1|          40|
    |term_11_fu_5527_p3        |    select|   0|  0|  40|           1|          40|
    |term_12_fu_5548_p3        |    select|   0|  0|  40|           1|          40|
    |term_13_fu_5747_p3        |    select|   0|  0|  40|           1|          40|
    |term_14_fu_5768_p3        |    select|   0|  0|  40|           1|          40|
    |term_15_fu_5967_p3        |    select|   0|  0|  40|           1|          40|
    |term_16_fu_5988_p3        |    select|   0|  0|  40|           1|          40|
    |term_17_fu_6187_p3        |    select|   0|  0|  40|           1|          40|
    |term_18_fu_6208_p3        |    select|   0|  0|  40|           1|          40|
    |term_19_fu_6407_p3        |    select|   0|  0|  40|           1|          40|
    |term_1_fu_4335_p3         |    select|   0|  0|  40|           1|          40|
    |term_20_fu_6428_p3        |    select|   0|  0|  40|           1|          40|
    |term_2_fu_4357_p3         |    select|   0|  0|  40|           1|          40|
    |term_3_fu_4557_p3         |    select|   0|  0|  40|           1|          40|
    |term_4_fu_4579_p3         |    select|   0|  0|  40|           1|          40|
    |term_5_fu_4779_p3         |    select|   0|  0|  40|           1|          40|
    |term_6_fu_4801_p3         |    select|   0|  0|  40|           1|          40|
    |term_7_fu_5001_p3         |    select|   0|  0|  40|           1|          40|
    |term_8_fu_5023_p3         |    select|   0|  0|  40|           1|          40|
    |term_9_fu_5223_p3         |    select|   0|  0|  40|           1|          40|
    |term_fu_4135_p3           |    select|   0|  0|  40|           1|          40|
    +--------------------------+----------+----+---+----+------------+------------+
    |Total                     |          |   0|  0|4513|        1576|        3475|
    +--------------------------+----------+----+---+----+------------+------------+

    * Multiplexer: 
    +-----------+----+-----------+-----+-----------+
    |    Name   | LUT| Input Size| Bits| Total Bits|
    +-----------+----+-----------+-----+-----------+
    |ap_NS_fsm  |  86|         18|    1|         18|
    |ap_return  |   9|          2|   40|         80|
    +-----------+----+-----------+-----+-----------+
    |Total      |  95|         20|   41|         98|
    +-----------+----+-----------+-----+-----------+

    * Register: 
    +------------------------+----+----+-----+-----------+
    |          Name          | FF | LUT| Bits| Const Bits|
    +------------------------+----+----+-----+-----------+
    |a_10_reg_6759           |  40|   0|   40|          0|
    |a_11_reg_6821           |  40|   0|   40|          0|
    |a_12_reg_6831           |  40|   0|   40|          0|
    |a_13_reg_6848           |  40|   0|   40|          0|
    |a_14_reg_6858           |  40|   0|   40|          0|
    |a_15_reg_6870           |  40|   0|   40|          0|
    |a_16_reg_6880           |  40|   0|   40|          0|
    |a_17_reg_6892           |  40|   0|   40|          0|
    |a_18_reg_6902           |  40|   0|   40|          0|
    |a_19_reg_6914           |  40|   0|   40|          0|
    |a_1_reg_6621            |  40|   0|   40|          0|
    |a_20_reg_6924           |  40|   0|   40|          0|
    |a_2_reg_6631            |  40|   0|   40|          0|
    |a_3_reg_6653            |  40|   0|   40|          0|
    |a_4_reg_6663            |  40|   0|   40|          0|
    |a_5_reg_6685            |  40|   0|   40|          0|
    |a_6_reg_6695            |  40|   0|   40|          0|
    |a_7_reg_6717            |  40|   0|   40|          0|
    |a_8_reg_6727            |  40|   0|   40|          0|
    |a_9_reg_6749            |  40|   0|   40|          0|
    |a_reg_6504              |  40|   0|   40|          0|
    |ap_CS_fsm               |  17|   0|   17|          0|
    |ap_return_preg          |  40|   0|   40|          0|
    |b_reg_6837              |   1|   0|    1|          0|
    |field_10_reg_6679       |  40|   0|   40|          0|
    |field_14_reg_6711       |  40|   0|   40|          0|
    |field_18_reg_6743       |  40|   0|   40|          0|
    |field_1_reg_6615        |  40|   0|   40|          0|
    |field_22_reg_6815       |  40|   0|   40|          0|
    |field_26_reg_6842       |  40|   0|   40|          0|
    |field_30_reg_6864       |  40|   0|   40|          0|
    |field_34_reg_6886       |  40|   0|   40|          0|
    |field_38_reg_6908       |  40|   0|   40|          0|
    |field_42_reg_6930       |  40|   0|   40|          0|
    |field_6_reg_6647        |  40|   0|   40|          0|
    |icmp_ln147_10_reg_6555  |   1|   0|    1|          0|
    |icmp_ln147_11_reg_6560  |   1|   0|    1|          0|
    |icmp_ln147_12_reg_6565  |   1|   0|    1|          0|
    |icmp_ln147_13_reg_6570  |   1|   0|    1|          0|
    |icmp_ln147_14_reg_6575  |   1|   0|    1|          0|
    |icmp_ln147_15_reg_6580  |   1|   0|    1|          0|
    |icmp_ln147_16_reg_6585  |   1|   0|    1|          0|
    |icmp_ln147_17_reg_6590  |   1|   0|    1|          0|
    |icmp_ln147_18_reg_6595  |   1|   0|    1|          0|
    |icmp_ln147_19_reg_6600  |   1|   0|    1|          0|
    |icmp_ln147_1_reg_6510   |   1|   0|    1|          0|
    |icmp_ln147_20_reg_6605  |   1|   0|    1|          0|
    |icmp_ln147_2_reg_6515   |   1|   0|    1|          0|
    |icmp_ln147_3_reg_6520   |   1|   0|    1|          0|
    |icmp_ln147_4_reg_6525   |   1|   0|    1|          0|
    |icmp_ln147_5_reg_6530   |   1|   0|    1|          0|
    |icmp_ln147_6_reg_6535   |   1|   0|    1|          0|
    |icmp_ln147_7_reg_6540   |   1|   0|    1|          0|
    |icmp_ln147_8_reg_6545   |   1|   0|    1|          0|
    |icmp_ln147_9_reg_6550   |   1|   0|    1|          0|
    |icmp_ln147_reg_6499     |   1|   0|    1|          0|
    |sub_ln42_11_reg_6826    |  40|   0|   40|          0|
    |sub_ln42_13_reg_6853    |  40|   0|   40|          0|
    |sub_ln42_15_reg_6875    |  40|   0|   40|          0|
    |sub_ln42_17_reg_6897    |  40|   0|   40|          0|
    |sub_ln42_19_reg_6919    |  40|   0|   40|          0|
    |sub_ln42_1_reg_6626     |  40|   0|   40|          0|
    |sub_ln42_3_reg_6658     |  40|   0|   40|          0|
    |sub_ln42_5_reg_6690     |  40|   0|   40|          0|
    |sub_ln42_7_reg_6722     |  40|   0|   40|          0|
    |sub_ln42_9_reg_6754     |  40|   0|   40|          0|
    |trunc_ln137_reg_6473    |   5|   0|    5|          0|
    +------------------------+----+----+-----+-----------+
    |Total                   |1764|   0| 1764|          0|
    +------------------------+----+----+-----+-----------+



================================================================
== Interface
================================================================
* Summary: 
+-------------+-----+-----+------------+--------------------+--------------+
|  RTL Ports  | Dir | Bits|  Protocol  |    Source Object   |    C Type    |
+-------------+-----+-----+------------+--------------------+--------------+
|ap_clk       |   in|    1|  ap_ctrl_hs|  local_delta_energy|  return value|
|ap_rst       |   in|    1|  ap_ctrl_hs|  local_delta_energy|  return value|
|ap_start     |   in|    1|  ap_ctrl_hs|  local_delta_energy|  return value|
|ap_done      |  out|    1|  ap_ctrl_hs|  local_delta_energy|  return value|
|ap_idle      |  out|    1|  ap_ctrl_hs|  local_delta_energy|  return value|
|ap_ready     |  out|    1|  ap_ctrl_hs|  local_delta_energy|  return value|
|ap_return    |  out|   40|  ap_ctrl_hs|  local_delta_energy|  return value|
|J_0_1_val    |   in|   40|     ap_none|           J_0_1_val|        scalar|
|J_0_2_val    |   in|   40|     ap_none|           J_0_2_val|        scalar|
|J_0_3_val    |   in|   40|     ap_none|           J_0_3_val|        scalar|
|J_0_4_val    |   in|   40|     ap_none|           J_0_4_val|        scalar|
|J_0_5_val    |   in|   40|     ap_none|           J_0_5_val|        scalar|
|J_0_6_val    |   in|   40|     ap_none|           J_0_6_val|        scalar|
|J_0_7_val    |   in|   40|     ap_none|           J_0_7_val|        scalar|
|J_0_8_val    |   in|   40|     ap_none|           J_0_8_val|        scalar|
|J_0_9_val    |   in|   40|     ap_none|           J_0_9_val|        scalar|
|J_0_10_val   |   in|   40|     ap_none|          J_0_10_val|        scalar|
|J_0_11_val   |   in|   40|     ap_none|          J_0_11_val|        scalar|
|J_0_12_val   |   in|   40|     ap_none|          J_0_12_val|        scalar|
|J_0_13_val   |   in|   40|     ap_none|          J_0_13_val|        scalar|
|J_0_14_val   |   in|   40|     ap_none|          J_0_14_val|        scalar|
|J_0_15_val   |   in|   40|     ap_none|          J_0_15_val|        scalar|
|J_0_16_val   |   in|   40|     ap_none|          J_0_16_val|        scalar|
|J_0_17_val   |   in|   40|     ap_none|          J_0_17_val|        scalar|
|J_0_18_val   |   in|   40|     ap_none|          J_0_18_val|        scalar|
|J_0_19_val   |   in|   40|     ap_none|          J_0_19_val|        scalar|
|J_0_20_val   |   in|   40|     ap_none|          J_0_20_val|        scalar|
|J_1_0_val    |   in|   40|     ap_none|           J_1_0_val|        scalar|
|J_1_2_val    |   in|   40|     ap_none|           J_1_2_val|        scalar|
|J_1_3_val    |   in|   40|     ap_none|           J_1_3_val|        scalar|
|J_1_4_val    |   in|   40|     ap_none|           J_1_4_val|        scalar|
|J_1_5_val    |   in|   40|     ap_none|           J_1_5_val|        scalar|
|J_1_6_val    |   in|   40|     ap_none|           J_1_6_val|        scalar|
|J_1_7_val    |   in|   40|     ap_none|           J_1_7_val|        scalar|
|J_1_8_val    |   in|   40|     ap_none|           J_1_8_val|        scalar|
|J_1_9_val    |   in|   40|     ap_none|           J_1_9_val|        scalar|
|J_1_10_val   |   in|   40|     ap_none|          J_1_10_val|        scalar|
|J_1_11_val   |   in|   40|     ap_none|          J_1_11_val|        scalar|
|J_1_12_val   |   in|   40|     ap_none|          J_1_12_val|        scalar|
|J_1_13_val   |   in|   40|     ap_none|          J_1_13_val|        scalar|
|J_1_14_val   |   in|   40|     ap_none|          J_1_14_val|        scalar|
|J_1_15_val   |   in|   40|     ap_none|          J_1_15_val|        scalar|
|J_1_16_val   |   in|   40|     ap_none|          J_1_16_val|        scalar|
|J_1_17_val   |   in|   40|     ap_none|          J_1_17_val|        scalar|
|J_1_18_val   |   in|   40|     ap_none|          J_1_18_val|        scalar|
|J_1_19_val   |   in|   40|     ap_none|          J_1_19_val|        scalar|
|J_1_20_val   |   in|   40|     ap_none|          J_1_20_val|        scalar|
|J_2_0_val    |   in|   40|     ap_none|           J_2_0_val|        scalar|
|J_2_1_val    |   in|   40|     ap_none|           J_2_1_val|        scalar|
|J_2_3_val    |   in|   40|     ap_none|           J_2_3_val|        scalar|
|J_2_4_val    |   in|   40|     ap_none|           J_2_4_val|        scalar|
|J_2_5_val    |   in|   40|     ap_none|           J_2_5_val|        scalar|
|J_2_6_val    |   in|   40|     ap_none|           J_2_6_val|        scalar|
|J_2_7_val    |   in|   40|     ap_none|           J_2_7_val|        scalar|
|J_2_8_val    |   in|   40|     ap_none|           J_2_8_val|        scalar|
|J_2_9_val    |   in|   40|     ap_none|           J_2_9_val|        scalar|
|J_2_10_val   |   in|   40|     ap_none|          J_2_10_val|        scalar|
|J_2_11_val   |   in|   40|     ap_none|          J_2_11_val|        scalar|
|J_2_12_val   |   in|   40|     ap_none|          J_2_12_val|        scalar|
|J_2_13_val   |   in|   40|     ap_none|          J_2_13_val|        scalar|
|J_2_14_val   |   in|   40|     ap_none|          J_2_14_val|        scalar|
|J_2_15_val   |   in|   40|     ap_none|          J_2_15_val|        scalar|
|J_2_16_val   |   in|   40|     ap_none|          J_2_16_val|        scalar|
|J_2_17_val   |   in|   40|     ap_none|          J_2_17_val|        scalar|
|J_2_18_val   |   in|   40|     ap_none|          J_2_18_val|        scalar|
|J_2_19_val   |   in|   40|     ap_none|          J_2_19_val|        scalar|
|J_2_20_val   |   in|   40|     ap_none|          J_2_20_val|        scalar|
|J_3_0_val    |   in|   40|     ap_none|           J_3_0_val|        scalar|
|J_3_1_val    |   in|   40|     ap_none|           J_3_1_val|        scalar|
|J_3_2_val    |   in|   40|     ap_none|           J_3_2_val|        scalar|
|J_3_4_val    |   in|   40|     ap_none|           J_3_4_val|        scalar|
|J_3_5_val    |   in|   40|     ap_none|           J_3_5_val|        scalar|
|J_3_6_val    |   in|   40|     ap_none|           J_3_6_val|        scalar|
|J_3_7_val    |   in|   40|     ap_none|           J_3_7_val|        scalar|
|J_3_8_val    |   in|   40|     ap_none|           J_3_8_val|        scalar|
|J_3_9_val    |   in|   40|     ap_none|           J_3_9_val|        scalar|
|J_3_10_val   |   in|   40|     ap_none|          J_3_10_val|        scalar|
|J_3_11_val   |   in|   40|     ap_none|          J_3_11_val|        scalar|
|J_3_12_val   |   in|   40|     ap_none|          J_3_12_val|        scalar|
|J_3_13_val   |   in|   40|     ap_none|          J_3_13_val|        scalar|
|J_3_14_val   |   in|   40|     ap_none|          J_3_14_val|        scalar|
|J_3_15_val   |   in|   40|     ap_none|          J_3_15_val|        scalar|
|J_3_16_val   |   in|   40|     ap_none|          J_3_16_val|        scalar|
|J_3_17_val   |   in|   40|     ap_none|          J_3_17_val|        scalar|
|J_3_18_val   |   in|   40|     ap_none|          J_3_18_val|        scalar|
|J_3_19_val   |   in|   40|     ap_none|          J_3_19_val|        scalar|
|J_3_20_val   |   in|   40|     ap_none|          J_3_20_val|        scalar|
|J_4_0_val    |   in|   40|     ap_none|           J_4_0_val|        scalar|
|J_4_1_val    |   in|   40|     ap_none|           J_4_1_val|        scalar|
|J_4_2_val    |   in|   40|     ap_none|           J_4_2_val|        scalar|
|J_4_3_val    |   in|   40|     ap_none|           J_4_3_val|        scalar|
|J_4_5_val    |   in|   40|     ap_none|           J_4_5_val|        scalar|
|J_4_6_val    |   in|   40|     ap_none|           J_4_6_val|        scalar|
|J_4_7_val    |   in|   40|     ap_none|           J_4_7_val|        scalar|
|J_4_8_val    |   in|   40|     ap_none|           J_4_8_val|        scalar|
|J_4_9_val    |   in|   40|     ap_none|           J_4_9_val|        scalar|
|J_4_10_val   |   in|   40|     ap_none|          J_4_10_val|        scalar|
|J_4_11_val   |   in|   40|     ap_none|          J_4_11_val|        scalar|
|J_4_12_val   |   in|   40|     ap_none|          J_4_12_val|        scalar|
|J_4_13_val   |   in|   40|     ap_none|          J_4_13_val|        scalar|
|J_4_14_val   |   in|   40|     ap_none|          J_4_14_val|        scalar|
|J_4_15_val   |   in|   40|     ap_none|          J_4_15_val|        scalar|
|J_4_16_val   |   in|   40|     ap_none|          J_4_16_val|        scalar|
|J_4_17_val   |   in|   40|     ap_none|          J_4_17_val|        scalar|
|J_4_18_val   |   in|   40|     ap_none|          J_4_18_val|        scalar|
|J_4_19_val   |   in|   40|     ap_none|          J_4_19_val|        scalar|
|J_4_20_val   |   in|   40|     ap_none|          J_4_20_val|        scalar|
|J_5_0_val    |   in|   40|     ap_none|           J_5_0_val|        scalar|
|J_5_1_val    |   in|   40|     ap_none|           J_5_1_val|        scalar|
|J_5_2_val    |   in|   40|     ap_none|           J_5_2_val|        scalar|
|J_5_3_val    |   in|   40|     ap_none|           J_5_3_val|        scalar|
|J_5_4_val    |   in|   40|     ap_none|           J_5_4_val|        scalar|
|J_5_6_val    |   in|   40|     ap_none|           J_5_6_val|        scalar|
|J_5_7_val    |   in|   40|     ap_none|           J_5_7_val|        scalar|
|J_5_8_val    |   in|   40|     ap_none|           J_5_8_val|        scalar|
|J_5_9_val    |   in|   40|     ap_none|           J_5_9_val|        scalar|
|J_5_10_val   |   in|   40|     ap_none|          J_5_10_val|        scalar|
|J_5_11_val   |   in|   40|     ap_none|          J_5_11_val|        scalar|
|J_5_12_val   |   in|   40|     ap_none|          J_5_12_val|        scalar|
|J_5_13_val   |   in|   40|     ap_none|          J_5_13_val|        scalar|
|J_5_14_val   |   in|   40|     ap_none|          J_5_14_val|        scalar|
|J_5_15_val   |   in|   40|     ap_none|          J_5_15_val|        scalar|
|J_5_16_val   |   in|   40|     ap_none|          J_5_16_val|        scalar|
|J_5_17_val   |   in|   40|     ap_none|          J_5_17_val|        scalar|
|J_5_18_val   |   in|   40|     ap_none|          J_5_18_val|        scalar|
|J_5_19_val   |   in|   40|     ap_none|          J_5_19_val|        scalar|
|J_5_20_val   |   in|   40|     ap_none|          J_5_20_val|        scalar|
|J_6_0_val    |   in|   40|     ap_none|           J_6_0_val|        scalar|
|J_6_1_val    |   in|   40|     ap_none|           J_6_1_val|        scalar|
|J_6_2_val    |   in|   40|     ap_none|           J_6_2_val|        scalar|
|J_6_3_val    |   in|   40|     ap_none|           J_6_3_val|        scalar|
|J_6_4_val    |   in|   40|     ap_none|           J_6_4_val|        scalar|
|J_6_5_val    |   in|   40|     ap_none|           J_6_5_val|        scalar|
|J_6_7_val    |   in|   40|     ap_none|           J_6_7_val|        scalar|
|J_6_8_val    |   in|   40|     ap_none|           J_6_8_val|        scalar|
|J_6_9_val    |   in|   40|     ap_none|           J_6_9_val|        scalar|
|J_6_10_val   |   in|   40|     ap_none|          J_6_10_val|        scalar|
|J_6_11_val   |   in|   40|     ap_none|          J_6_11_val|        scalar|
|J_6_12_val   |   in|   40|     ap_none|          J_6_12_val|        scalar|
|J_6_13_val   |   in|   40|     ap_none|          J_6_13_val|        scalar|
|J_6_14_val   |   in|   40|     ap_none|          J_6_14_val|        scalar|
|J_6_15_val   |   in|   40|     ap_none|          J_6_15_val|        scalar|
|J_6_16_val   |   in|   40|     ap_none|          J_6_16_val|        scalar|
|J_6_17_val   |   in|   40|     ap_none|          J_6_17_val|        scalar|
|J_6_18_val   |   in|   40|     ap_none|          J_6_18_val|        scalar|
|J_6_19_val   |   in|   40|     ap_none|          J_6_19_val|        scalar|
|J_6_20_val   |   in|   40|     ap_none|          J_6_20_val|        scalar|
|J_7_0_val    |   in|   40|     ap_none|           J_7_0_val|        scalar|
|J_7_1_val    |   in|   40|     ap_none|           J_7_1_val|        scalar|
|J_7_2_val    |   in|   40|     ap_none|           J_7_2_val|        scalar|
|J_7_3_val    |   in|   40|     ap_none|           J_7_3_val|        scalar|
|J_7_4_val    |   in|   40|     ap_none|           J_7_4_val|        scalar|
|J_7_5_val    |   in|   40|     ap_none|           J_7_5_val|        scalar|
|J_7_6_val    |   in|   40|     ap_none|           J_7_6_val|        scalar|
|J_7_8_val    |   in|   40|     ap_none|           J_7_8_val|        scalar|
|J_7_9_val    |   in|   40|     ap_none|           J_7_9_val|        scalar|
|J_7_10_val   |   in|   40|     ap_none|          J_7_10_val|        scalar|
|J_7_11_val   |   in|   40|     ap_none|          J_7_11_val|        scalar|
|J_7_12_val   |   in|   40|     ap_none|          J_7_12_val|        scalar|
|J_7_13_val   |   in|   40|     ap_none|          J_7_13_val|        scalar|
|J_7_14_val   |   in|   40|     ap_none|          J_7_14_val|        scalar|
|J_7_15_val   |   in|   40|     ap_none|          J_7_15_val|        scalar|
|J_7_16_val   |   in|   40|     ap_none|          J_7_16_val|        scalar|
|J_7_17_val   |   in|   40|     ap_none|          J_7_17_val|        scalar|
|J_7_18_val   |   in|   40|     ap_none|          J_7_18_val|        scalar|
|J_7_19_val   |   in|   40|     ap_none|          J_7_19_val|        scalar|
|J_7_20_val   |   in|   40|     ap_none|          J_7_20_val|        scalar|
|J_8_0_val    |   in|   40|     ap_none|           J_8_0_val|        scalar|
|J_8_1_val    |   in|   40|     ap_none|           J_8_1_val|        scalar|
|J_8_2_val    |   in|   40|     ap_none|           J_8_2_val|        scalar|
|J_8_3_val    |   in|   40|     ap_none|           J_8_3_val|        scalar|
|J_8_4_val    |   in|   40|     ap_none|           J_8_4_val|        scalar|
|J_8_5_val    |   in|   40|     ap_none|           J_8_5_val|        scalar|
|J_8_6_val    |   in|   40|     ap_none|           J_8_6_val|        scalar|
|J_8_7_val    |   in|   40|     ap_none|           J_8_7_val|        scalar|
|J_8_9_val    |   in|   40|     ap_none|           J_8_9_val|        scalar|
|J_8_10_val   |   in|   40|     ap_none|          J_8_10_val|        scalar|
|J_8_11_val   |   in|   40|     ap_none|          J_8_11_val|        scalar|
|J_8_12_val   |   in|   40|     ap_none|          J_8_12_val|        scalar|
|J_8_13_val   |   in|   40|     ap_none|          J_8_13_val|        scalar|
|J_8_14_val   |   in|   40|     ap_none|          J_8_14_val|        scalar|
|J_8_15_val   |   in|   40|     ap_none|          J_8_15_val|        scalar|
|J_8_16_val   |   in|   40|     ap_none|          J_8_16_val|        scalar|
|J_8_17_val   |   in|   40|     ap_none|          J_8_17_val|        scalar|
|J_8_18_val   |   in|   40|     ap_none|          J_8_18_val|        scalar|
|J_8_19_val   |   in|   40|     ap_none|          J_8_19_val|        scalar|
|J_8_20_val   |   in|   40|     ap_none|          J_8_20_val|        scalar|
|J_9_0_val    |   in|   40|     ap_none|           J_9_0_val|        scalar|
|J_9_1_val    |   in|   40|     ap_none|           J_9_1_val|        scalar|
|J_9_2_val    |   in|   40|     ap_none|           J_9_2_val|        scalar|
|J_9_3_val    |   in|   40|     ap_none|           J_9_3_val|        scalar|
|J_9_4_val    |   in|   40|     ap_none|           J_9_4_val|        scalar|
|J_9_5_val    |   in|   40|     ap_none|           J_9_5_val|        scalar|
|J_9_6_val    |   in|   40|     ap_none|           J_9_6_val|        scalar|
|J_9_7_val    |   in|   40|     ap_none|           J_9_7_val|        scalar|
|J_9_8_val    |   in|   40|     ap_none|           J_9_8_val|        scalar|
|J_9_10_val   |   in|   40|     ap_none|          J_9_10_val|        scalar|
|J_9_11_val   |   in|   40|     ap_none|          J_9_11_val|        scalar|
|J_9_12_val   |   in|   40|     ap_none|          J_9_12_val|        scalar|
|J_9_13_val   |   in|   40|     ap_none|          J_9_13_val|        scalar|
|J_9_14_val   |   in|   40|     ap_none|          J_9_14_val|        scalar|
|J_9_15_val   |   in|   40|     ap_none|          J_9_15_val|        scalar|
|J_9_16_val   |   in|   40|     ap_none|          J_9_16_val|        scalar|
|J_9_17_val   |   in|   40|     ap_none|          J_9_17_val|        scalar|
|J_9_18_val   |   in|   40|     ap_none|          J_9_18_val|        scalar|
|J_9_19_val   |   in|   40|     ap_none|          J_9_19_val|        scalar|
|J_9_20_val   |   in|   40|     ap_none|          J_9_20_val|        scalar|
|J_10_0_val   |   in|   40|     ap_none|          J_10_0_val|        scalar|
|J_10_1_val   |   in|   40|     ap_none|          J_10_1_val|        scalar|
|J_10_2_val   |   in|   40|     ap_none|          J_10_2_val|        scalar|
|J_10_3_val   |   in|   40|     ap_none|          J_10_3_val|        scalar|
|J_10_4_val   |   in|   40|     ap_none|          J_10_4_val|        scalar|
|J_10_5_val   |   in|   40|     ap_none|          J_10_5_val|        scalar|
|J_10_6_val   |   in|   40|     ap_none|          J_10_6_val|        scalar|
|J_10_7_val   |   in|   40|     ap_none|          J_10_7_val|        scalar|
|J_10_8_val   |   in|   40|     ap_none|          J_10_8_val|        scalar|
|J_10_9_val   |   in|   40|     ap_none|          J_10_9_val|        scalar|
|J_10_11_val  |   in|   40|     ap_none|         J_10_11_val|        scalar|
|J_10_12_val  |   in|   40|     ap_none|         J_10_12_val|        scalar|
|J_10_13_val  |   in|   40|     ap_none|         J_10_13_val|        scalar|
|J_10_14_val  |   in|   40|     ap_none|         J_10_14_val|        scalar|
|J_10_15_val  |   in|   40|     ap_none|         J_10_15_val|        scalar|
|J_10_16_val  |   in|   40|     ap_none|         J_10_16_val|        scalar|
|J_10_17_val  |   in|   40|     ap_none|         J_10_17_val|        scalar|
|J_10_18_val  |   in|   40|     ap_none|         J_10_18_val|        scalar|
|J_10_19_val  |   in|   40|     ap_none|         J_10_19_val|        scalar|
|J_10_20_val  |   in|   40|     ap_none|         J_10_20_val|        scalar|
|J_11_0_val   |   in|   40|     ap_none|          J_11_0_val|        scalar|
|J_11_1_val   |   in|   40|     ap_none|          J_11_1_val|        scalar|
|J_11_2_val   |   in|   40|     ap_none|          J_11_2_val|        scalar|
|J_11_3_val   |   in|   40|     ap_none|          J_11_3_val|        scalar|
|J_11_4_val   |   in|   40|     ap_none|          J_11_4_val|        scalar|
|J_11_5_val   |   in|   40|     ap_none|          J_11_5_val|        scalar|
|J_11_6_val   |   in|   40|     ap_none|          J_11_6_val|        scalar|
|J_11_7_val   |   in|   40|     ap_none|          J_11_7_val|        scalar|
|J_11_8_val   |   in|   40|     ap_none|          J_11_8_val|        scalar|
|J_11_9_val   |   in|   40|     ap_none|          J_11_9_val|        scalar|
|J_11_10_val  |   in|   40|     ap_none|         J_11_10_val|        scalar|
|J_11_12_val  |   in|   40|     ap_none|         J_11_12_val|        scalar|
|J_11_13_val  |   in|   40|     ap_none|         J_11_13_val|        scalar|
|J_11_14_val  |   in|   40|     ap_none|         J_11_14_val|        scalar|
|J_11_15_val  |   in|   40|     ap_none|         J_11_15_val|        scalar|
|J_11_16_val  |   in|   40|     ap_none|         J_11_16_val|        scalar|
|J_11_17_val  |   in|   40|     ap_none|         J_11_17_val|        scalar|
|J_11_18_val  |   in|   40|     ap_none|         J_11_18_val|        scalar|
|J_11_19_val  |   in|   40|     ap_none|         J_11_19_val|        scalar|
|J_11_20_val  |   in|   40|     ap_none|         J_11_20_val|        scalar|
|J_12_0_val   |   in|   40|     ap_none|          J_12_0_val|        scalar|
|J_12_1_val   |   in|   40|     ap_none|          J_12_1_val|        scalar|
|J_12_2_val   |   in|   40|     ap_none|          J_12_2_val|        scalar|
|J_12_3_val   |   in|   40|     ap_none|          J_12_3_val|        scalar|
|J_12_4_val   |   in|   40|     ap_none|          J_12_4_val|        scalar|
|J_12_5_val   |   in|   40|     ap_none|          J_12_5_val|        scalar|
|J_12_6_val   |   in|   40|     ap_none|          J_12_6_val|        scalar|
|J_12_7_val   |   in|   40|     ap_none|          J_12_7_val|        scalar|
|J_12_8_val   |   in|   40|     ap_none|          J_12_8_val|        scalar|
|J_12_9_val   |   in|   40|     ap_none|          J_12_9_val|        scalar|
|J_12_10_val  |   in|   40|     ap_none|         J_12_10_val|        scalar|
|J_12_11_val  |   in|   40|     ap_none|         J_12_11_val|        scalar|
|J_12_13_val  |   in|   40|     ap_none|         J_12_13_val|        scalar|
|J_12_14_val  |   in|   40|     ap_none|         J_12_14_val|        scalar|
|J_12_15_val  |   in|   40|     ap_none|         J_12_15_val|        scalar|
|J_12_16_val  |   in|   40|     ap_none|         J_12_16_val|        scalar|
|J_12_17_val  |   in|   40|     ap_none|         J_12_17_val|        scalar|
|J_12_18_val  |   in|   40|     ap_none|         J_12_18_val|        scalar|
|J_12_19_val  |   in|   40|     ap_none|         J_12_19_val|        scalar|
|J_12_20_val  |   in|   40|     ap_none|         J_12_20_val|        scalar|
|J_13_0_val   |   in|   40|     ap_none|          J_13_0_val|        scalar|
|J_13_1_val   |   in|   40|     ap_none|          J_13_1_val|        scalar|
|J_13_2_val   |   in|   40|     ap_none|          J_13_2_val|        scalar|
|J_13_3_val   |   in|   40|     ap_none|          J_13_3_val|        scalar|
|J_13_4_val   |   in|   40|     ap_none|          J_13_4_val|        scalar|
|J_13_5_val   |   in|   40|     ap_none|          J_13_5_val|        scalar|
|J_13_6_val   |   in|   40|     ap_none|          J_13_6_val|        scalar|
|J_13_7_val   |   in|   40|     ap_none|          J_13_7_val|        scalar|
|J_13_8_val   |   in|   40|     ap_none|          J_13_8_val|        scalar|
|J_13_9_val   |   in|   40|     ap_none|          J_13_9_val|        scalar|
|J_13_10_val  |   in|   40|     ap_none|         J_13_10_val|        scalar|
|J_13_11_val  |   in|   40|     ap_none|         J_13_11_val|        scalar|
|J_13_12_val  |   in|   40|     ap_none|         J_13_12_val|        scalar|
|J_13_14_val  |   in|   40|     ap_none|         J_13_14_val|        scalar|
|J_13_15_val  |   in|   40|     ap_none|         J_13_15_val|        scalar|
|J_13_16_val  |   in|   40|     ap_none|         J_13_16_val|        scalar|
|J_13_17_val  |   in|   40|     ap_none|         J_13_17_val|        scalar|
|J_13_18_val  |   in|   40|     ap_none|         J_13_18_val|        scalar|
|J_13_19_val  |   in|   40|     ap_none|         J_13_19_val|        scalar|
|J_13_20_val  |   in|   40|     ap_none|         J_13_20_val|        scalar|
|J_14_0_val   |   in|   40|     ap_none|          J_14_0_val|        scalar|
|J_14_1_val   |   in|   40|     ap_none|          J_14_1_val|        scalar|
|J_14_2_val   |   in|   40|     ap_none|          J_14_2_val|        scalar|
|J_14_3_val   |   in|   40|     ap_none|          J_14_3_val|        scalar|
|J_14_4_val   |   in|   40|     ap_none|          J_14_4_val|        scalar|
|J_14_5_val   |   in|   40|     ap_none|          J_14_5_val|        scalar|
|J_14_6_val   |   in|   40|     ap_none|          J_14_6_val|        scalar|
|J_14_7_val   |   in|   40|     ap_none|          J_14_7_val|        scalar|
|J_14_8_val   |   in|   40|     ap_none|          J_14_8_val|        scalar|
|J_14_9_val   |   in|   40|     ap_none|          J_14_9_val|        scalar|
|J_14_10_val  |   in|   40|     ap_none|         J_14_10_val|        scalar|
|J_14_11_val  |   in|   40|     ap_none|         J_14_11_val|        scalar|
|J_14_12_val  |   in|   40|     ap_none|         J_14_12_val|        scalar|
|J_14_13_val  |   in|   40|     ap_none|         J_14_13_val|        scalar|
|J_14_15_val  |   in|   40|     ap_none|         J_14_15_val|        scalar|
|J_14_16_val  |   in|   40|     ap_none|         J_14_16_val|        scalar|
|J_14_17_val  |   in|   40|     ap_none|         J_14_17_val|        scalar|
|J_14_18_val  |   in|   40|     ap_none|         J_14_18_val|        scalar|
|J_14_19_val  |   in|   40|     ap_none|         J_14_19_val|        scalar|
|J_14_20_val  |   in|   40|     ap_none|         J_14_20_val|        scalar|
|J_15_0_val   |   in|   40|     ap_none|          J_15_0_val|        scalar|
|J_15_1_val   |   in|   40|     ap_none|          J_15_1_val|        scalar|
|J_15_2_val   |   in|   40|     ap_none|          J_15_2_val|        scalar|
|J_15_3_val   |   in|   40|     ap_none|          J_15_3_val|        scalar|
|J_15_4_val   |   in|   40|     ap_none|          J_15_4_val|        scalar|
|J_15_5_val   |   in|   40|     ap_none|          J_15_5_val|        scalar|
|J_15_6_val   |   in|   40|     ap_none|          J_15_6_val|        scalar|
|J_15_7_val   |   in|   40|     ap_none|          J_15_7_val|        scalar|
|J_15_8_val   |   in|   40|     ap_none|          J_15_8_val|        scalar|
|J_15_9_val   |   in|   40|     ap_none|          J_15_9_val|        scalar|
|J_15_10_val  |   in|   40|     ap_none|         J_15_10_val|        scalar|
|J_15_11_val  |   in|   40|     ap_none|         J_15_11_val|        scalar|
|J_15_12_val  |   in|   40|     ap_none|         J_15_12_val|        scalar|
|J_15_13_val  |   in|   40|     ap_none|         J_15_13_val|        scalar|
|J_15_14_val  |   in|   40|     ap_none|         J_15_14_val|        scalar|
|J_15_16_val  |   in|   40|     ap_none|         J_15_16_val|        scalar|
|J_15_17_val  |   in|   40|     ap_none|         J_15_17_val|        scalar|
|J_15_18_val  |   in|   40|     ap_none|         J_15_18_val|        scalar|
|J_15_19_val  |   in|   40|     ap_none|         J_15_19_val|        scalar|
|J_15_20_val  |   in|   40|     ap_none|         J_15_20_val|        scalar|
|J_16_0_val   |   in|   40|     ap_none|          J_16_0_val|        scalar|
|J_16_1_val   |   in|   40|     ap_none|          J_16_1_val|        scalar|
|J_16_2_val   |   in|   40|     ap_none|          J_16_2_val|        scalar|
|J_16_3_val   |   in|   40|     ap_none|          J_16_3_val|        scalar|
|J_16_4_val   |   in|   40|     ap_none|          J_16_4_val|        scalar|
|J_16_5_val   |   in|   40|     ap_none|          J_16_5_val|        scalar|
|J_16_6_val   |   in|   40|     ap_none|          J_16_6_val|        scalar|
|J_16_7_val   |   in|   40|     ap_none|          J_16_7_val|        scalar|
|J_16_8_val   |   in|   40|     ap_none|          J_16_8_val|        scalar|
|J_16_9_val   |   in|   40|     ap_none|          J_16_9_val|        scalar|
|J_16_10_val  |   in|   40|     ap_none|         J_16_10_val|        scalar|
|J_16_11_val  |   in|   40|     ap_none|         J_16_11_val|        scalar|
|J_16_12_val  |   in|   40|     ap_none|         J_16_12_val|        scalar|
|J_16_13_val  |   in|   40|     ap_none|         J_16_13_val|        scalar|
|J_16_14_val  |   in|   40|     ap_none|         J_16_14_val|        scalar|
|J_16_15_val  |   in|   40|     ap_none|         J_16_15_val|        scalar|
|J_16_17_val  |   in|   40|     ap_none|         J_16_17_val|        scalar|
|J_16_18_val  |   in|   40|     ap_none|         J_16_18_val|        scalar|
|J_16_19_val  |   in|   40|     ap_none|         J_16_19_val|        scalar|
|J_16_20_val  |   in|   40|     ap_none|         J_16_20_val|        scalar|
|J_17_0_val   |   in|   40|     ap_none|          J_17_0_val|        scalar|
|J_17_1_val   |   in|   40|     ap_none|          J_17_1_val|        scalar|
|J_17_2_val   |   in|   40|     ap_none|          J_17_2_val|        scalar|
|J_17_3_val   |   in|   40|     ap_none|          J_17_3_val|        scalar|
|J_17_4_val   |   in|   40|     ap_none|          J_17_4_val|        scalar|
|J_17_5_val   |   in|   40|     ap_none|          J_17_5_val|        scalar|
|J_17_6_val   |   in|   40|     ap_none|          J_17_6_val|        scalar|
|J_17_7_val   |   in|   40|     ap_none|          J_17_7_val|        scalar|
|J_17_8_val   |   in|   40|     ap_none|          J_17_8_val|        scalar|
|J_17_9_val   |   in|   40|     ap_none|          J_17_9_val|        scalar|
|J_17_10_val  |   in|   40|     ap_none|         J_17_10_val|        scalar|
|J_17_11_val  |   in|   40|     ap_none|         J_17_11_val|        scalar|
|J_17_12_val  |   in|   40|     ap_none|         J_17_12_val|        scalar|
|J_17_13_val  |   in|   40|     ap_none|         J_17_13_val|        scalar|
|J_17_14_val  |   in|   40|     ap_none|         J_17_14_val|        scalar|
|J_17_15_val  |   in|   40|     ap_none|         J_17_15_val|        scalar|
|J_17_16_val  |   in|   40|     ap_none|         J_17_16_val|        scalar|
|J_17_18_val  |   in|   40|     ap_none|         J_17_18_val|        scalar|
|J_17_19_val  |   in|   40|     ap_none|         J_17_19_val|        scalar|
|J_17_20_val  |   in|   40|     ap_none|         J_17_20_val|        scalar|
|J_18_0_val   |   in|   40|     ap_none|          J_18_0_val|        scalar|
|J_18_1_val   |   in|   40|     ap_none|          J_18_1_val|        scalar|
|J_18_2_val   |   in|   40|     ap_none|          J_18_2_val|        scalar|
|J_18_3_val   |   in|   40|     ap_none|          J_18_3_val|        scalar|
|J_18_4_val   |   in|   40|     ap_none|          J_18_4_val|        scalar|
|J_18_5_val   |   in|   40|     ap_none|          J_18_5_val|        scalar|
|J_18_6_val   |   in|   40|     ap_none|          J_18_6_val|        scalar|
|J_18_7_val   |   in|   40|     ap_none|          J_18_7_val|        scalar|
|J_18_8_val   |   in|   40|     ap_none|          J_18_8_val|        scalar|
|J_18_9_val   |   in|   40|     ap_none|          J_18_9_val|        scalar|
|J_18_10_val  |   in|   40|     ap_none|         J_18_10_val|        scalar|
|J_18_11_val  |   in|   40|     ap_none|         J_18_11_val|        scalar|
|J_18_12_val  |   in|   40|     ap_none|         J_18_12_val|        scalar|
|J_18_13_val  |   in|   40|     ap_none|         J_18_13_val|        scalar|
|J_18_14_val  |   in|   40|     ap_none|         J_18_14_val|        scalar|
|J_18_15_val  |   in|   40|     ap_none|         J_18_15_val|        scalar|
|J_18_16_val  |   in|   40|     ap_none|         J_18_16_val|        scalar|
|J_18_17_val  |   in|   40|     ap_none|         J_18_17_val|        scalar|
|J_18_19_val  |   in|   40|     ap_none|         J_18_19_val|        scalar|
|J_18_20_val  |   in|   40|     ap_none|         J_18_20_val|        scalar|
|J_19_0_val   |   in|   40|     ap_none|          J_19_0_val|        scalar|
|J_19_1_val   |   in|   40|     ap_none|          J_19_1_val|        scalar|
|J_19_2_val   |   in|   40|     ap_none|          J_19_2_val|        scalar|
|J_19_3_val   |   in|   40|     ap_none|          J_19_3_val|        scalar|
|J_19_4_val   |   in|   40|     ap_none|          J_19_4_val|        scalar|
|J_19_5_val   |   in|   40|     ap_none|          J_19_5_val|        scalar|
|J_19_6_val   |   in|   40|     ap_none|          J_19_6_val|        scalar|
|J_19_7_val   |   in|   40|     ap_none|          J_19_7_val|        scalar|
|J_19_8_val   |   in|   40|     ap_none|          J_19_8_val|        scalar|
|J_19_9_val   |   in|   40|     ap_none|          J_19_9_val|        scalar|
|J_19_10_val  |   in|   40|     ap_none|         J_19_10_val|        scalar|
|J_19_11_val  |   in|   40|     ap_none|         J_19_11_val|        scalar|
|J_19_12_val  |   in|   40|     ap_none|         J_19_12_val|        scalar|
|J_19_13_val  |   in|   40|     ap_none|         J_19_13_val|        scalar|
|J_19_14_val  |   in|   40|     ap_none|         J_19_14_val|        scalar|
|J_19_15_val  |   in|   40|     ap_none|         J_19_15_val|        scalar|
|J_19_16_val  |   in|   40|     ap_none|         J_19_16_val|        scalar|
|J_19_17_val  |   in|   40|     ap_none|         J_19_17_val|        scalar|
|J_19_18_val  |   in|   40|     ap_none|         J_19_18_val|        scalar|
|J_19_20_val  |   in|   40|     ap_none|         J_19_20_val|        scalar|
|J_20_0_val   |   in|   40|     ap_none|          J_20_0_val|        scalar|
|J_20_1_val   |   in|   40|     ap_none|          J_20_1_val|        scalar|
|J_20_2_val   |   in|   40|     ap_none|          J_20_2_val|        scalar|
|J_20_3_val   |   in|   40|     ap_none|          J_20_3_val|        scalar|
|J_20_4_val   |   in|   40|     ap_none|          J_20_4_val|        scalar|
|J_20_5_val   |   in|   40|     ap_none|          J_20_5_val|        scalar|
|J_20_6_val   |   in|   40|     ap_none|          J_20_6_val|        scalar|
|J_20_7_val   |   in|   40|     ap_none|          J_20_7_val|        scalar|
|J_20_8_val   |   in|   40|     ap_none|          J_20_8_val|        scalar|
|J_20_9_val   |   in|   40|     ap_none|          J_20_9_val|        scalar|
|J_20_10_val  |   in|   40|     ap_none|         J_20_10_val|        scalar|
|J_20_11_val  |   in|   40|     ap_none|         J_20_11_val|        scalar|
|J_20_12_val  |   in|   40|     ap_none|         J_20_12_val|        scalar|
|J_20_13_val  |   in|   40|     ap_none|         J_20_13_val|        scalar|
|J_20_14_val  |   in|   40|     ap_none|         J_20_14_val|        scalar|
|J_20_15_val  |   in|   40|     ap_none|         J_20_15_val|        scalar|
|J_20_16_val  |   in|   40|     ap_none|         J_20_16_val|        scalar|
|J_20_17_val  |   in|   40|     ap_none|         J_20_17_val|        scalar|
|J_20_18_val  |   in|   40|     ap_none|         J_20_18_val|        scalar|
|J_20_19_val  |   in|   40|     ap_none|         J_20_19_val|        scalar|
|h_0_val      |   in|   40|     ap_none|             h_0_val|        scalar|
|h_1_val      |   in|   40|     ap_none|             h_1_val|        scalar|
|h_2_val      |   in|   40|     ap_none|             h_2_val|        scalar|
|h_3_val      |   in|   40|     ap_none|             h_3_val|        scalar|
|h_4_val      |   in|   40|     ap_none|             h_4_val|        scalar|
|h_5_val      |   in|   40|     ap_none|             h_5_val|        scalar|
|h_6_val      |   in|   40|     ap_none|             h_6_val|        scalar|
|h_7_val      |   in|   40|     ap_none|             h_7_val|        scalar|
|h_8_val      |   in|   40|     ap_none|             h_8_val|        scalar|
|h_9_val      |   in|   40|     ap_none|             h_9_val|        scalar|
|h_10_val     |   in|   40|     ap_none|            h_10_val|        scalar|
|h_11_val     |   in|   40|     ap_none|            h_11_val|        scalar|
|h_12_val     |   in|   40|     ap_none|            h_12_val|        scalar|
|h_13_val     |   in|   40|     ap_none|            h_13_val|        scalar|
|h_14_val     |   in|   40|     ap_none|            h_14_val|        scalar|
|h_15_val     |   in|   40|     ap_none|            h_15_val|        scalar|
|h_16_val     |   in|   40|     ap_none|            h_16_val|        scalar|
|h_17_val     |   in|   40|     ap_none|            h_17_val|        scalar|
|h_18_val     |   in|   40|     ap_none|            h_18_val|        scalar|
|h_19_val     |   in|   40|     ap_none|            h_19_val|        scalar|
|h_20_val     |   in|   40|     ap_none|            h_20_val|        scalar|
|s_0_val      |   in|    1|     ap_none|             s_0_val|        scalar|
|s_1_val      |   in|    1|     ap_none|             s_1_val|        scalar|
|s_2_val      |   in|    1|     ap_none|             s_2_val|        scalar|
|s_3_val      |   in|    1|     ap_none|             s_3_val|        scalar|
|s_4_val      |   in|    1|     ap_none|             s_4_val|        scalar|
|s_5_val      |   in|    1|     ap_none|             s_5_val|        scalar|
|s_6_val      |   in|    1|     ap_none|             s_6_val|        scalar|
|s_7_val      |   in|    1|     ap_none|             s_7_val|        scalar|
|s_8_val      |   in|    1|     ap_none|             s_8_val|        scalar|
|s_9_val      |   in|    1|     ap_none|             s_9_val|        scalar|
|s_10_val     |   in|    1|     ap_none|            s_10_val|        scalar|
|s_11_val     |   in|    1|     ap_none|            s_11_val|        scalar|
|s_12_val     |   in|    1|     ap_none|            s_12_val|        scalar|
|s_13_val     |   in|    1|     ap_none|            s_13_val|        scalar|
|s_14_val     |   in|    1|     ap_none|            s_14_val|        scalar|
|s_15_val     |   in|    1|     ap_none|            s_15_val|        scalar|
|s_16_val     |   in|    1|     ap_none|            s_16_val|        scalar|
|s_17_val     |   in|    1|     ap_none|            s_17_val|        scalar|
|s_18_val     |   in|    1|     ap_none|            s_18_val|        scalar|
|s_19_val     |   in|    1|     ap_none|            s_19_val|        scalar|
|s_20_val     |   in|    1|     ap_none|            s_20_val|        scalar|
|i            |   in|   32|     ap_none|                   i|        scalar|
+-------------+-----+-----+------------+--------------------+--------------+

