

================================================================
== Vitis HLS Report for 'local_metropolis_step'
================================================================
* Date:           Tue May 19 20:31:56 2026

* Version:        2025.2 (Build 6295257 on Nov 14 2025)
* Project:        hls_local_metropolis_step_N10
* Solution:       hls (Vivado IP Flow Target)
* Product family: virtexuplus
* Target device:  xcvu19p-fsva3824-2-e


================================================================
== Performance Estimates
================================================================
+ Timing: 
    * Summary: 
    +--------+---------+----------+------------+
    |  Clock |  Target | Estimated| Uncertainty|
    +--------+---------+----------+------------+
    |ap_clk  |  3.33 ns|  2.388 ns|     0.90 ns|
    +--------+---------+----------+------------+

+ Latency: 
    * Summary: 
    +---------+---------+-----------+-----------+-----+-----+---------+
    |  Latency (cycles) |   Latency (absolute)  |  Interval | Pipeline|
    |   min   |   max   |    min    |    max    | min | max |   Type  |
    +---------+---------+-----------+-----------+-----+-----+---------+
    |       12|       21|  39.996 ns|  69.993 ns|   13|   22|       no|
    +---------+---------+-----------+-----------+-----+-----+---------+

    + Detail: 
        * Instance: 
        N/A

        * Loop: 
        N/A



================================================================
== Utilization Estimates
================================================================
* Summary: 
+---------------------+---------+------+---------+---------+-----+
|         Name        | BRAM_18K|  DSP |    FF   |   LUT   | URAM|
+---------------------+---------+------+---------+---------+-----+
|DSP                  |        -|     -|        -|        -|    -|
|Expression           |        -|     -|        0|     2873|    -|
|FIFO                 |        -|     -|        -|        -|    -|
|Instance             |        -|    13|      739|      857|    -|
|Memory               |        0|     -|        0|        0|    -|
|Multiplexer          |        -|     -|        0|      141|    -|
|Register             |        -|     -|     1383|        -|    -|
+---------------------+---------+------+---------+---------+-----+
|Total                |        0|    13|     2122|     3871|    0|
+---------------------+---------+------+---------+---------+-----+
|Available SLR        |     1080|   960|  2042880|  1021440|   80|
+---------------------+---------+------+---------+---------+-----+
|Utilization SLR (%)  |        0|     1|       ~0|       ~0|    0|
+---------------------+---------+------+---------+---------+-----+
|Available            |     4320|  3840|  8171520|  4085760|  320|
+---------------------+---------+------+---------+---------+-----+
|Utilization (%)      |        0|    ~0|       ~0|       ~0|    0|
+---------------------+---------+------+---------+---------+-----+

+ Detail: 
    * Instance: 
    +---------------------------+-----------------------+---------+----+-----+----+-----+
    |          Instance         |         Module        | BRAM_18K| DSP|  FF | LUT| URAM|
    +---------------------------+-----------------------+---------+----+-----+----+-----+
    |mul_26s_36s_60_2_1_U1      |mul_26s_36s_60_2_1     |        0|   2|  202|  84|    0|
    |mul_40ns_40s_64_2_1_U2     |mul_40ns_40s_64_2_1    |        0|   5|  197|  80|    0|
    |mul_40s_50s_88_5_1_U3      |mul_40s_50s_88_5_1     |        0|   6|  340|  86|    0|
    |sparsemux_19_4_40_1_1_U5   |sparsemux_19_4_40_1_1  |        0|   0|    0|  49|    0|
    |sparsemux_19_4_40_1_1_U6   |sparsemux_19_4_40_1_1  |        0|   0|    0|  49|    0|
    |sparsemux_19_4_40_1_1_U7   |sparsemux_19_4_40_1_1  |        0|   0|    0|  49|    0|
    |sparsemux_19_4_40_1_1_U8   |sparsemux_19_4_40_1_1  |        0|   0|    0|  49|    0|
    |sparsemux_19_4_40_1_1_U9   |sparsemux_19_4_40_1_1  |        0|   0|    0|  49|    0|
    |sparsemux_19_4_40_1_1_U10  |sparsemux_19_4_40_1_1  |        0|   0|    0|  49|    0|
    |sparsemux_19_4_40_1_1_U11  |sparsemux_19_4_40_1_1  |        0|   0|    0|  49|    0|
    |sparsemux_19_4_40_1_1_U12  |sparsemux_19_4_40_1_1  |        0|   0|    0|  49|    0|
    |sparsemux_19_4_40_1_1_U14  |sparsemux_19_4_40_1_1  |        0|   0|    0|  49|    0|
    |sparsemux_19_4_40_1_1_U15  |sparsemux_19_4_40_1_1  |        0|   0|    0|  49|    0|
    |sparsemux_21_4_1_1_1_U13   |sparsemux_21_4_1_1_1   |        0|   0|    0|  54|    0|
    |sparsemux_21_4_40_1_1_U4   |sparsemux_21_4_40_1_1  |        0|   0|    0|  54|    0|
    |sparsemux_7_2_40_1_1_U16   |sparsemux_7_2_40_1_1   |        0|   0|    0|   9|    0|
    +---------------------------+-----------------------+---------+----+-----+----+-----+
    |Total                      |                       |        0|  13|  739| 857|    0|
    +---------------------------+-----------------------+---------+----+-----+----+-----+

    * DSP: 
    N/A

    * Memory: 
    +---------------+-------------------------+---------+---+----+-----+------+-----+------+-------------+
    |     Memory    |          Module         | BRAM_18K| FF| LUT| URAM| Words| Bits| Banks| W*Bits*Banks|
    +---------------+-------------------------+---------+---+----+-----+------+-----+------+-------------+
    |EXP_NEG_LUT_U  |EXP_NEG_LUT_ROM_AUTO_1R  |        0|  0|   0|    0|  1025|   40|     1|        41000|
    +---------------+-------------------------+---------+---+----+-----+------+-----+------+-------------+
    |Total          |                         |        0|  0|   0|    0|  1025|   40|     1|        41000|
    +---------------+-------------------------+---------+---+----+-----+------+-----+------+-------------+

    * FIFO: 
    N/A

    * Expression: 
    +-------------------------+----------+----+---+-----+------------+------------+
    |      Variable Name      | Operation| DSP| FF| LUT | Bitwidth P0| Bitwidth P1|
    +-------------------------+----------+----+---+-----+------------+------------+
    |add_ln240_fu_2371_p2     |         +|   0|  0|   47|          40|          40|
    |add_ln87_fu_2183_p2      |         +|   0|  0|   18|          11|           1|
    |add_ln89_fu_2255_p2      |         +|   0|  0|   68|          61|          61|
    |field_11_fu_1689_p2      |         +|   0|  0|   47|          40|          40|
    |field_13_fu_1842_p2      |         +|   0|  0|   47|          40|          40|
    |field_15_fu_1864_p2      |         +|   0|  0|   47|          40|          40|
    |field_17_fu_1974_p2      |         +|   0|  0|   47|          40|          40|
    |field_19_fu_1996_p2      |         +|   0|  0|   47|          40|          40|
    |field_1_fu_1398_p2       |         +|   0|  0|   47|          40|          40|
    |field_3_fu_1421_p2       |         +|   0|  0|   47|          40|          40|
    |field_5_fu_1532_p2       |         +|   0|  0|   47|          40|          40|
    |field_7_fu_1555_p2       |         +|   0|  0|   47|          40|          40|
    |field_9_fu_1666_p2       |         +|   0|  0|   47|          40|          40|
    |sub_ln42_1_fu_1409_p2    |         -|   0|  0|   47|           1|          40|
    |sub_ln42_2_fu_1477_p2    |         -|   0|  0|   47|           1|          40|
    |sub_ln42_3_fu_1543_p2    |         -|   0|  0|   47|           1|          40|
    |sub_ln42_4_fu_1611_p2    |         -|   0|  0|   47|           1|          40|
    |sub_ln42_5_fu_1677_p2    |         -|   0|  0|   47|           1|          40|
    |sub_ln42_6_fu_1745_p2    |         -|   0|  0|   47|           1|          40|
    |sub_ln42_7_fu_1853_p2    |         -|   0|  0|   47|           1|          40|
    |sub_ln42_8_fu_1920_p2    |         -|   0|  0|   47|           1|          40|
    |sub_ln42_9_fu_1985_p2    |         -|   0|  0|   47|           1|          40|
    |sub_ln42_fu_1288_p2      |         -|   0|  0|   47|           1|          40|
    |sub_ln75_1_fu_2120_p2    |         -|   0|  0|   66|           1|          59|
    |sub_ln75_fu_2099_p2      |         -|   0|  0|  107|           1|          88|
    |sub_ln84_fu_2173_p2      |         -|   0|  0|   34|          27|          27|
    |sub_ln89_fu_2219_p2      |         -|   0|  0|   33|          26|          26|
    |and_ln91_1_fu_2327_p2    |       and|   0|  0|    2|           1|           1|
    |and_ln91_fu_2322_p2      |       and|   0|  0|    2|           1|           1|
    |icmp_ln116_fu_2035_p2    |      icmp|   0|  0|   47|          40|           1|
    |icmp_ln123_fu_2359_p2    |      icmp|   0|  0|   47|          40|          40|
    |icmp_ln147_1_fu_1294_p2  |      icmp|   0|  0|   39|          32|           1|
    |icmp_ln147_2_fu_1344_p2  |      icmp|   0|  0|   39|          32|           2|
    |icmp_ln147_3_fu_1350_p2  |      icmp|   0|  0|   39|          32|           2|
    |icmp_ln147_4_fu_1356_p2  |      icmp|   0|  0|   39|          32|           3|
    |icmp_ln147_5_fu_1362_p2  |      icmp|   0|  0|   39|          32|           3|
    |icmp_ln147_6_fu_1368_p2  |      icmp|   0|  0|   39|          32|           3|
    |icmp_ln147_7_fu_1374_p2  |      icmp|   0|  0|   39|          32|           3|
    |icmp_ln147_8_fu_1380_p2  |      icmp|   0|  0|   39|          32|           4|
    |icmp_ln147_9_fu_1386_p2  |      icmp|   0|  0|   39|          32|           4|
    |icmp_ln147_fu_1238_p2    |      icmp|   0|  0|   39|          32|           1|
    |icmp_ln59_fu_2087_p2     |      icmp|   0|  0|   47|          40|           1|
    |icmp_ln63_fu_2115_p2     |      icmp|   0|  0|   18|          11|           1|
    |icmp_ln91_fu_2287_p2     |      icmp|   0|  0|   44|          37|           1|
    |icmp_ln95_fu_2281_p2     |      icmp|   0|  0|   20|          13|           1|
    |field_10_fu_1671_p3      |    select|   0|  0|   40|           1|          40|
    |field_12_fu_1695_p3      |    select|   0|  0|   40|           1|          40|
    |field_14_fu_1847_p3      |    select|   0|  0|   40|           1|          40|
    |field_16_fu_1870_p3      |    select|   0|  0|   40|           1|          40|
    |field_18_fu_1979_p3      |    select|   0|  0|   40|           1|          40|
    |field_20_fu_2002_p3      |    select|   0|  0|   40|           1|          40|
    |field_2_fu_1403_p3       |    select|   0|  0|   40|           1|          40|
    |field_4_fu_1427_p3       |    select|   0|  0|   40|           1|          40|
    |field_6_fu_1537_p3       |    select|   0|  0|   40|           1|          40|
    |field_8_fu_1561_p3       |    select|   0|  0|   40|           1|          40|
    |out_10_fu_2028_p3        |    select|   0|  0|   40|           1|          40|
    |out_1_fu_1414_p3         |    select|   0|  0|   40|           1|          40|
    |out_2_fu_1526_p3         |    select|   0|  0|   40|           1|          40|
    |out_3_fu_1548_p3         |    select|   0|  0|   40|           1|          40|
    |out_4_fu_1660_p3         |    select|   0|  0|   40|           1|          40|
    |out_5_fu_1682_p3         |    select|   0|  0|   40|           1|          40|
    |out_6_fu_1837_p3         |    select|   0|  0|   40|           1|          40|
    |out_7_fu_1858_p3         |    select|   0|  0|   40|           1|          40|
    |out_8_fu_1969_p3         |    select|   0|  0|   40|           1|          40|
    |out_9_fu_1990_p3         |    select|   0|  0|   40|           1|          40|
    |out_fu_1392_p3           |    select|   0|  0|   40|           1|          40|
    |p_fu_2339_p4             |    select|   0|  0|   41|           1|          41|
    |select_ln75_fu_2132_p3   |    select|   0|  0|   58|           1|          59|
    |xor_ln123_fu_2364_p2     |       xor|   0|  0|    2|           1|           2|
    |xor_ln59_fu_2317_p2      |       xor|   0|  0|    2|           1|           2|
    +-------------------------+----------+----+---+-----+------------+------------+
    |Total                    |          |   0|  0| 2873|        1105|        2119|
    +-------------------------+----------+----+---+-----+------------+------------+

    * Multiplexer: 
    +---------------------------------+-----+-----------+-----+-----------+
    |               Name              | LUT | Input Size| Bits| Total Bits|
    +---------------------------------+-----+-----------+-----+-----------+
    |accepted                         |   14|          3|    1|          3|
    |ap_NS_fsm                        |  113|         23|    1|         23|
    |ap_phi_mux_empty_phi_fu_1166_p4  |   14|          3|   40|        120|
    +---------------------------------+-----+-----------+-----+-----------+
    |Total                            |  141|         29|   42|        146|
    +---------------------------------+-----+-----------+-----+-----------+

    * Register: 
    +--------------------------+----+----+-----+-----------+
    |           Name           | FF | LUT| Bits| Const Bits|
    +--------------------------+----+----+-----+-----------+
    |a_1_reg_2415              |  40|   0|   40|          0|
    |a_2_reg_2477              |  40|   0|   40|          0|
    |a_3_reg_2487              |  40|   0|   40|          0|
    |a_4_reg_2509              |  40|   0|   40|          0|
    |a_5_reg_2519              |  40|   0|   40|          0|
    |a_6_reg_2551              |  40|   0|   40|          0|
    |a_7_reg_2561              |  40|   0|   40|          0|
    |a_8_reg_2578              |  40|   0|   40|          0|
    |a_9_reg_2588              |  40|   0|   40|          0|
    |a_reg_2400                |  40|   0|   40|          0|
    |add_ln89_reg_2733         |  61|   0|   61|          0|
    |ap_CS_fsm                 |  22|   0|   22|          0|
    |b_reg_2567                |   1|   0|    1|          0|
    |field_12_reg_2545         |  40|   0|   40|          0|
    |field_16_reg_2572         |  40|   0|   40|          0|
    |field_20_reg_2594         |  40|   0|   40|          0|
    |field_4_reg_2471          |  40|   0|   40|          0|
    |field_8_reg_2503          |  40|   0|   40|          0|
    |field_reg_2389            |  40|   0|   40|          0|
    |icmp_ln116_reg_2624       |   1|   0|    1|          0|
    |icmp_ln147_1_reg_2410     |   1|   0|    1|          0|
    |icmp_ln147_2_reg_2421     |   1|   0|    1|          0|
    |icmp_ln147_3_reg_2426     |   1|   0|    1|          0|
    |icmp_ln147_4_reg_2431     |   1|   0|    1|          0|
    |icmp_ln147_5_reg_2436     |   1|   0|    1|          0|
    |icmp_ln147_6_reg_2441     |   1|   0|    1|          0|
    |icmp_ln147_7_reg_2446     |   1|   0|    1|          0|
    |icmp_ln147_8_reg_2451     |   1|   0|    1|          0|
    |icmp_ln147_9_reg_2456     |   1|   0|    1|          0|
    |icmp_ln147_reg_2395       |   1|   0|    1|          0|
    |icmp_ln59_reg_2659        |   1|   0|    1|          0|
    |icmp_ln63_reg_2670        |   1|   0|    1|          0|
    |icmp_ln91_reg_2743        |   1|   0|    1|          0|
    |icmp_ln95_reg_2738        |   1|   0|    1|          0|
    |idx_reg_2675              |  11|   0|   11|          0|
    |mul_ln89_reg_2728         |  60|   0|   60|          0|
    |old_energy_read_reg_2618  |  40|   0|   40|          0|
    |out_10_reg_2605           |  40|   0|   40|          0|
    |spin_bit_1_reg_2466       |   1|   0|    1|          0|
    |spin_bit_2_reg_2493       |   1|   0|    1|          0|
    |spin_bit_3_reg_2498       |   1|   0|    1|          0|
    |spin_bit_6_reg_2525       |   1|   0|    1|          0|
    |spin_bit_7_reg_2530       |   1|   0|    1|          0|
    |spin_bit_8_reg_2535       |   1|   0|    1|          0|
    |spin_bit_9_reg_2540       |   1|   0|    1|          0|
    |spin_bit_reg_2461         |   1|   0|    1|          0|
    |sub_ln42_2_reg_2482       |  40|   0|   40|          0|
    |sub_ln42_4_reg_2514       |  40|   0|   40|          0|
    |sub_ln42_6_reg_2556       |  40|   0|   40|          0|
    |sub_ln42_8_reg_2583       |  40|   0|   40|          0|
    |sub_ln42_reg_2405         |  40|   0|   40|          0|
    |sub_ln84_reg_2687         |  27|   0|   27|          0|
    |sub_ln89_reg_2713         |  26|   0|   26|          0|
    |tmp_3_reg_2643            |  30|   0|   30|          0|
    |tmp_4_reg_2654            |  11|   0|   11|          0|
    |tmp_6_reg_2682            |  26|   0|   26|          0|
    |tmp_7_reg_2702            |  25|   0|   25|          0|
    |tmp_8_reg_2708            |  25|   0|   25|          0|
    |tmp_reg_2649              |   1|   0|    1|          0|
    |trunc_ln217_reg_2376      |   4|   0|    4|          0|
    |trunc_ln75_1_reg_2665     |  30|   0|   59|         29|
    |u_read_reg_2613           |  40|   0|   40|          0|
    |x_reg_2638                |  40|   0|   40|          0|
    +--------------------------+----+----+-----+-----------+
    |Total                     |1383|   0| 1412|         29|
    +--------------------------+----+----+-----+-----------+



================================================================
== Interface
================================================================
* Summary: 
+---------------------+-----+-----+------------+-----------------------+--------------+
|      RTL Ports      | Dir | Bits|  Protocol  |     Source Object     |    C Type    |
+---------------------+-----+-----+------------+-----------------------+--------------+
|ap_clk               |   in|    1|  ap_ctrl_hs|  local_metropolis_step|  return value|
|ap_rst               |   in|    1|  ap_ctrl_hs|  local_metropolis_step|  return value|
|ap_start             |   in|    1|  ap_ctrl_hs|  local_metropolis_step|  return value|
|ap_done              |  out|    1|  ap_ctrl_hs|  local_metropolis_step|  return value|
|ap_idle              |  out|    1|  ap_ctrl_hs|  local_metropolis_step|  return value|
|ap_ready             |  out|    1|  ap_ctrl_hs|  local_metropolis_step|  return value|
|J_0_0                |   in|   40|     ap_none|                  J_0_0|       pointer|
|J_0_1                |   in|   40|     ap_none|                  J_0_1|       pointer|
|J_0_2                |   in|   40|     ap_none|                  J_0_2|       pointer|
|J_0_3                |   in|   40|     ap_none|                  J_0_3|       pointer|
|J_0_4                |   in|   40|     ap_none|                  J_0_4|       pointer|
|J_0_5                |   in|   40|     ap_none|                  J_0_5|       pointer|
|J_0_6                |   in|   40|     ap_none|                  J_0_6|       pointer|
|J_0_7                |   in|   40|     ap_none|                  J_0_7|       pointer|
|J_0_8                |   in|   40|     ap_none|                  J_0_8|       pointer|
|J_0_9                |   in|   40|     ap_none|                  J_0_9|       pointer|
|J_1_0                |   in|   40|     ap_none|                  J_1_0|       pointer|
|J_1_1                |   in|   40|     ap_none|                  J_1_1|       pointer|
|J_1_2                |   in|   40|     ap_none|                  J_1_2|       pointer|
|J_1_3                |   in|   40|     ap_none|                  J_1_3|       pointer|
|J_1_4                |   in|   40|     ap_none|                  J_1_4|       pointer|
|J_1_5                |   in|   40|     ap_none|                  J_1_5|       pointer|
|J_1_6                |   in|   40|     ap_none|                  J_1_6|       pointer|
|J_1_7                |   in|   40|     ap_none|                  J_1_7|       pointer|
|J_1_8                |   in|   40|     ap_none|                  J_1_8|       pointer|
|J_1_9                |   in|   40|     ap_none|                  J_1_9|       pointer|
|J_2_0                |   in|   40|     ap_none|                  J_2_0|       pointer|
|J_2_1                |   in|   40|     ap_none|                  J_2_1|       pointer|
|J_2_2                |   in|   40|     ap_none|                  J_2_2|       pointer|
|J_2_3                |   in|   40|     ap_none|                  J_2_3|       pointer|
|J_2_4                |   in|   40|     ap_none|                  J_2_4|       pointer|
|J_2_5                |   in|   40|     ap_none|                  J_2_5|       pointer|
|J_2_6                |   in|   40|     ap_none|                  J_2_6|       pointer|
|J_2_7                |   in|   40|     ap_none|                  J_2_7|       pointer|
|J_2_8                |   in|   40|     ap_none|                  J_2_8|       pointer|
|J_2_9                |   in|   40|     ap_none|                  J_2_9|       pointer|
|J_3_0                |   in|   40|     ap_none|                  J_3_0|       pointer|
|J_3_1                |   in|   40|     ap_none|                  J_3_1|       pointer|
|J_3_2                |   in|   40|     ap_none|                  J_3_2|       pointer|
|J_3_3                |   in|   40|     ap_none|                  J_3_3|       pointer|
|J_3_4                |   in|   40|     ap_none|                  J_3_4|       pointer|
|J_3_5                |   in|   40|     ap_none|                  J_3_5|       pointer|
|J_3_6                |   in|   40|     ap_none|                  J_3_6|       pointer|
|J_3_7                |   in|   40|     ap_none|                  J_3_7|       pointer|
|J_3_8                |   in|   40|     ap_none|                  J_3_8|       pointer|
|J_3_9                |   in|   40|     ap_none|                  J_3_9|       pointer|
|J_4_0                |   in|   40|     ap_none|                  J_4_0|       pointer|
|J_4_1                |   in|   40|     ap_none|                  J_4_1|       pointer|
|J_4_2                |   in|   40|     ap_none|                  J_4_2|       pointer|
|J_4_3                |   in|   40|     ap_none|                  J_4_3|       pointer|
|J_4_4                |   in|   40|     ap_none|                  J_4_4|       pointer|
|J_4_5                |   in|   40|     ap_none|                  J_4_5|       pointer|
|J_4_6                |   in|   40|     ap_none|                  J_4_6|       pointer|
|J_4_7                |   in|   40|     ap_none|                  J_4_7|       pointer|
|J_4_8                |   in|   40|     ap_none|                  J_4_8|       pointer|
|J_4_9                |   in|   40|     ap_none|                  J_4_9|       pointer|
|J_5_0                |   in|   40|     ap_none|                  J_5_0|       pointer|
|J_5_1                |   in|   40|     ap_none|                  J_5_1|       pointer|
|J_5_2                |   in|   40|     ap_none|                  J_5_2|       pointer|
|J_5_3                |   in|   40|     ap_none|                  J_5_3|       pointer|
|J_5_4                |   in|   40|     ap_none|                  J_5_4|       pointer|
|J_5_5                |   in|   40|     ap_none|                  J_5_5|       pointer|
|J_5_6                |   in|   40|     ap_none|                  J_5_6|       pointer|
|J_5_7                |   in|   40|     ap_none|                  J_5_7|       pointer|
|J_5_8                |   in|   40|     ap_none|                  J_5_8|       pointer|
|J_5_9                |   in|   40|     ap_none|                  J_5_9|       pointer|
|J_6_0                |   in|   40|     ap_none|                  J_6_0|       pointer|
|J_6_1                |   in|   40|     ap_none|                  J_6_1|       pointer|
|J_6_2                |   in|   40|     ap_none|                  J_6_2|       pointer|
|J_6_3                |   in|   40|     ap_none|                  J_6_3|       pointer|
|J_6_4                |   in|   40|     ap_none|                  J_6_4|       pointer|
|J_6_5                |   in|   40|     ap_none|                  J_6_5|       pointer|
|J_6_6                |   in|   40|     ap_none|                  J_6_6|       pointer|
|J_6_7                |   in|   40|     ap_none|                  J_6_7|       pointer|
|J_6_8                |   in|   40|     ap_none|                  J_6_8|       pointer|
|J_6_9                |   in|   40|     ap_none|                  J_6_9|       pointer|
|J_7_0                |   in|   40|     ap_none|                  J_7_0|       pointer|
|J_7_1                |   in|   40|     ap_none|                  J_7_1|       pointer|
|J_7_2                |   in|   40|     ap_none|                  J_7_2|       pointer|
|J_7_3                |   in|   40|     ap_none|                  J_7_3|       pointer|
|J_7_4                |   in|   40|     ap_none|                  J_7_4|       pointer|
|J_7_5                |   in|   40|     ap_none|                  J_7_5|       pointer|
|J_7_6                |   in|   40|     ap_none|                  J_7_6|       pointer|
|J_7_7                |   in|   40|     ap_none|                  J_7_7|       pointer|
|J_7_8                |   in|   40|     ap_none|                  J_7_8|       pointer|
|J_7_9                |   in|   40|     ap_none|                  J_7_9|       pointer|
|J_8_0                |   in|   40|     ap_none|                  J_8_0|       pointer|
|J_8_1                |   in|   40|     ap_none|                  J_8_1|       pointer|
|J_8_2                |   in|   40|     ap_none|                  J_8_2|       pointer|
|J_8_3                |   in|   40|     ap_none|                  J_8_3|       pointer|
|J_8_4                |   in|   40|     ap_none|                  J_8_4|       pointer|
|J_8_5                |   in|   40|     ap_none|                  J_8_5|       pointer|
|J_8_6                |   in|   40|     ap_none|                  J_8_6|       pointer|
|J_8_7                |   in|   40|     ap_none|                  J_8_7|       pointer|
|J_8_8                |   in|   40|     ap_none|                  J_8_8|       pointer|
|J_8_9                |   in|   40|     ap_none|                  J_8_9|       pointer|
|J_9_0                |   in|   40|     ap_none|                  J_9_0|       pointer|
|J_9_1                |   in|   40|     ap_none|                  J_9_1|       pointer|
|J_9_2                |   in|   40|     ap_none|                  J_9_2|       pointer|
|J_9_3                |   in|   40|     ap_none|                  J_9_3|       pointer|
|J_9_4                |   in|   40|     ap_none|                  J_9_4|       pointer|
|J_9_5                |   in|   40|     ap_none|                  J_9_5|       pointer|
|J_9_6                |   in|   40|     ap_none|                  J_9_6|       pointer|
|J_9_7                |   in|   40|     ap_none|                  J_9_7|       pointer|
|J_9_8                |   in|   40|     ap_none|                  J_9_8|       pointer|
|J_9_9                |   in|   40|     ap_none|                  J_9_9|       pointer|
|h_0                  |   in|   40|     ap_none|                    h_0|       pointer|
|h_1                  |   in|   40|     ap_none|                    h_1|       pointer|
|h_2                  |   in|   40|     ap_none|                    h_2|       pointer|
|h_3                  |   in|   40|     ap_none|                    h_3|       pointer|
|h_4                  |   in|   40|     ap_none|                    h_4|       pointer|
|h_5                  |   in|   40|     ap_none|                    h_5|       pointer|
|h_6                  |   in|   40|     ap_none|                    h_6|       pointer|
|h_7                  |   in|   40|     ap_none|                    h_7|       pointer|
|h_8                  |   in|   40|     ap_none|                    h_8|       pointer|
|h_9                  |   in|   40|     ap_none|                    h_9|       pointer|
|s_0                  |   in|    1|     ap_none|                    s_0|       pointer|
|s_1                  |   in|    1|     ap_none|                    s_1|       pointer|
|s_2                  |   in|    1|     ap_none|                    s_2|       pointer|
|s_3                  |   in|    1|     ap_none|                    s_3|       pointer|
|s_4                  |   in|    1|     ap_none|                    s_4|       pointer|
|s_5                  |   in|    1|     ap_none|                    s_5|       pointer|
|s_6                  |   in|    1|     ap_none|                    s_6|       pointer|
|s_7                  |   in|    1|     ap_none|                    s_7|       pointer|
|s_8                  |   in|    1|     ap_none|                    s_8|       pointer|
|s_9                  |   in|    1|     ap_none|                    s_9|       pointer|
|i                    |   in|   32|     ap_none|                      i|        scalar|
|old_energy           |   in|   40|     ap_none|             old_energy|        scalar|
|beta                 |   in|   40|     ap_none|                   beta|        scalar|
|u                    |   in|   40|     ap_none|                      u|        scalar|
|accepted             |  out|    1|      ap_vld|               accepted|       pointer|
|accepted_ap_vld      |  out|    1|      ap_vld|               accepted|       pointer|
|delta_energy         |  out|   40|      ap_vld|           delta_energy|       pointer|
|delta_energy_ap_vld  |  out|    1|      ap_vld|           delta_energy|       pointer|
|new_energy           |  out|   40|      ap_vld|             new_energy|       pointer|
|new_energy_ap_vld    |  out|    1|      ap_vld|             new_energy|       pointer|
+---------------------+-----+-----+------------+-----------------------+--------------+

