

================================================================
== Vitis HLS Report for 'local_delta_energy'
================================================================
* Date:           Tue May 19 20:48:48 2026

* Version:        2025.2 (Build 6295257 on Nov 14 2025)
* Project:        hls_local_metropolis_step_N29
* Solution:       hls (Vivado IP Flow Target)
* Product family: virtexuplus
* Target device:  xcvu19p-fsva3824-2-e


================================================================
== Performance Estimates
================================================================
+ Timing: 
    * Summary: 
    +--------+---------+----------+------------+
    |  Clock |  Target | Estimated| Uncertainty|
    +--------+---------+----------+------------+
    |ap_clk  |  3.33 ns|  2.388 ns|     0.90 ns|
    +--------+---------+----------+------------+

+ Latency: 
    * Summary: 
    +---------+---------+-----------+-----------+-----+-----+---------+
    |  Latency (cycles) |   Latency (absolute)  |  Interval | Pipeline|
    |   min   |   max   |    min    |    max    | min | max |   Type  |
    +---------+---------+-----------+-----------+-----+-----+---------+
    |       20|       20|  66.660 ns|  66.660 ns|   20|   20|       no|
    +---------+---------+-----------+-----------+-----+-----+---------+

    + Detail: 
        * Instance: 
        N/A

        * Loop: 
        N/A



================================================================
== Utilization Estimates
================================================================
* Summary: 
+---------------------+---------+------+---------+---------+-----+
|         Name        | BRAM_18K|  DSP |    FF   |   LUT   | URAM|
+---------------------+---------+------+---------+---------+-----+
|DSP                  |        -|     -|        -|        -|    -|
|Expression           |        -|     -|        0|     6217|    -|
|FIFO                 |        -|     -|        -|        -|    -|
|Instance             |        -|     6|      340|     4407|    -|
|Memory               |        -|     -|        -|        -|    -|
|Multiplexer          |        -|     -|        0|      116|    -|
|Register             |        -|     -|     2416|        -|    -|
+---------------------+---------+------+---------+---------+-----+
|Total                |        0|     6|     2756|    10740|    0|
+---------------------+---------+------+---------+---------+-----+
|Available SLR        |     1080|   960|  2042880|  1021440|   80|
+---------------------+---------+------+---------+---------+-----+
|Utilization SLR (%)  |        0|    ~0|       ~0|        1|    0|
+---------------------+---------+------+---------+---------+-----+
|Available            |     4320|  3840|  8171520|  4085760|  320|
+---------------------+---------+------+---------+---------+-----+
|Utilization (%)      |        0|    ~0|       ~0|       ~0|    0|
+---------------------+---------+------+---------+---------+-----+

+ Detail: 
    * Instance: 
    +---------------------------+-----------------------+---------+----+-----+-----+-----+
    |          Instance         |         Module        | BRAM_18K| DSP|  FF | LUT | URAM|
    +---------------------------+-----------------------+---------+----+-----+-----+-----+
    |mul_40s_50s_88_5_1_U1      |mul_40s_50s_88_5_1     |        0|   6|  340|   86|    0|
    |sparsemux_57_5_40_1_1_U2   |sparsemux_57_5_40_1_1  |        0|   0|    0|  139|    0|
    |sparsemux_57_5_40_1_1_U4   |sparsemux_57_5_40_1_1  |        0|   0|    0|  139|    0|
    |sparsemux_57_5_40_1_1_U5   |sparsemux_57_5_40_1_1  |        0|   0|    0|  139|    0|
    |sparsemux_57_5_40_1_1_U6   |sparsemux_57_5_40_1_1  |        0|   0|    0|  139|    0|
    |sparsemux_57_5_40_1_1_U7   |sparsemux_57_5_40_1_1  |        0|   0|    0|  139|    0|
    |sparsemux_57_5_40_1_1_U8   |sparsemux_57_5_40_1_1  |        0|   0|    0|  139|    0|
    |sparsemux_57_5_40_1_1_U9   |sparsemux_57_5_40_1_1  |        0|   0|    0|  139|    0|
    |sparsemux_57_5_40_1_1_U10  |sparsemux_57_5_40_1_1  |        0|   0|    0|  139|    0|
    |sparsemux_57_5_40_1_1_U11  |sparsemux_57_5_40_1_1  |        0|   0|    0|  139|    0|
    |sparsemux_57_5_40_1_1_U12  |sparsemux_57_5_40_1_1  |        0|   0|    0|  139|    0|
    |sparsemux_57_5_40_1_1_U13  |sparsemux_57_5_40_1_1  |        0|   0|    0|  139|    0|
    |sparsemux_57_5_40_1_1_U14  |sparsemux_57_5_40_1_1  |        0|   0|    0|  139|    0|
    |sparsemux_57_5_40_1_1_U15  |sparsemux_57_5_40_1_1  |        0|   0|    0|  139|    0|
    |sparsemux_57_5_40_1_1_U16  |sparsemux_57_5_40_1_1  |        0|   0|    0|  139|    0|
    |sparsemux_57_5_40_1_1_U17  |sparsemux_57_5_40_1_1  |        0|   0|    0|  139|    0|
    |sparsemux_57_5_40_1_1_U18  |sparsemux_57_5_40_1_1  |        0|   0|    0|  139|    0|
    |sparsemux_57_5_40_1_1_U19  |sparsemux_57_5_40_1_1  |        0|   0|    0|  139|    0|
    |sparsemux_57_5_40_1_1_U20  |sparsemux_57_5_40_1_1  |        0|   0|    0|  139|    0|
    |sparsemux_57_5_40_1_1_U21  |sparsemux_57_5_40_1_1  |        0|   0|    0|  139|    0|
    |sparsemux_57_5_40_1_1_U23  |sparsemux_57_5_40_1_1  |        0|   0|    0|  139|    0|
    |sparsemux_57_5_40_1_1_U24  |sparsemux_57_5_40_1_1  |        0|   0|    0|  139|    0|
    |sparsemux_57_5_40_1_1_U25  |sparsemux_57_5_40_1_1  |        0|   0|    0|  139|    0|
    |sparsemux_57_5_40_1_1_U26  |sparsemux_57_5_40_1_1  |        0|   0|    0|  139|    0|
    |sparsemux_57_5_40_1_1_U27  |sparsemux_57_5_40_1_1  |        0|   0|    0|  139|    0|
    |sparsemux_57_5_40_1_1_U28  |sparsemux_57_5_40_1_1  |        0|   0|    0|  139|    0|
    |sparsemux_57_5_40_1_1_U29  |sparsemux_57_5_40_1_1  |        0|   0|    0|  139|    0|
    |sparsemux_57_5_40_1_1_U30  |sparsemux_57_5_40_1_1  |        0|   0|    0|  139|    0|
    |sparsemux_57_5_40_1_1_U31  |sparsemux_57_5_40_1_1  |        0|   0|    0|  139|    0|
    |sparsemux_57_5_40_1_1_U32  |sparsemux_57_5_40_1_1  |        0|   0|    0|  139|    0|
    |sparsemux_59_5_1_1_1_U22   |sparsemux_59_5_1_1_1   |        0|   0|    0|  145|    0|
    |sparsemux_59_5_40_1_1_U3   |sparsemux_59_5_40_1_1  |        0|   0|    0|  145|    0|
    +---------------------------+-----------------------+---------+----+-----+-----+-----+
    |Total                      |                       |        0|   6|  340| 4407|    0|
    +---------------------------+-----------------------+---------+----+-----+-----+-----+

    * DSP: 
    N/A

    * Memory: 
    N/A

    * FIFO: 
    N/A

    * Expression: 
    +--------------------------+----------+----+---+----+------------+------------+
    |       Variable Name      | Operation| DSP| FF| LUT| Bitwidth P0| Bitwidth P1|
    +--------------------------+----------+----+---+----+------------+------------+
    |field_11_fu_8385_p2       |         +|   0|  0|  47|          40|          40|
    |field_13_fu_8408_p2       |         +|   0|  0|  47|          40|          40|
    |field_15_fu_8671_p2       |         +|   0|  0|  47|          40|          40|
    |field_17_fu_8694_p2       |         +|   0|  0|  47|          40|          40|
    |field_19_fu_8957_p2       |         +|   0|  0|  47|          40|          40|
    |field_21_fu_8980_p2       |         +|   0|  0|  47|          40|          40|
    |field_23_fu_9243_p2       |         +|   0|  0|  47|          40|          40|
    |field_25_fu_9266_p2       |         +|   0|  0|  47|          40|          40|
    |field_27_fu_9529_p2       |         +|   0|  0|  47|          40|          40|
    |field_29_fu_9552_p2       |         +|   0|  0|  47|          40|          40|
    |field_2_fu_7550_p2        |         +|   0|  0|  47|          40|          40|
    |field_31_fu_9815_p2       |         +|   0|  0|  47|          40|          40|
    |field_33_fu_9838_p2       |         +|   0|  0|  47|          40|          40|
    |field_35_fu_10208_p2      |         +|   0|  0|  47|          40|          40|
    |field_37_fu_10230_p2      |         +|   0|  0|  47|          40|          40|
    |field_39_fu_10492_p2      |         +|   0|  0|  47|          40|          40|
    |field_3_fu_7813_p2        |         +|   0|  0|  47|          40|          40|
    |field_41_fu_10514_p2      |         +|   0|  0|  47|          40|          40|
    |field_43_fu_10776_p2      |         +|   0|  0|  47|          40|          40|
    |field_45_fu_10798_p2      |         +|   0|  0|  47|          40|          40|
    |field_47_fu_11060_p2      |         +|   0|  0|  47|          40|          40|
    |field_49_fu_11082_p2      |         +|   0|  0|  47|          40|          40|
    |field_51_fu_11344_p2      |         +|   0|  0|  47|          40|          40|
    |field_53_fu_11366_p2      |         +|   0|  0|  47|          40|          40|
    |field_55_fu_11628_p2      |         +|   0|  0|  47|          40|          40|
    |field_57_fu_11650_p2      |         +|   0|  0|  47|          40|          40|
    |field_5_fu_7836_p2        |         +|   0|  0|  47|          40|          40|
    |field_7_fu_8099_p2        |         +|   0|  0|  47|          40|          40|
    |field_9_fu_8122_p2        |         +|   0|  0|  47|          40|          40|
    |sub_ln42_10_fu_8968_p2    |         -|   0|  0|  47|           1|          40|
    |sub_ln42_11_fu_9112_p2    |         -|   0|  0|  47|           1|          40|
    |sub_ln42_12_fu_9254_p2    |         -|   0|  0|  47|           1|          40|
    |sub_ln42_13_fu_9398_p2    |         -|   0|  0|  47|           1|          40|
    |sub_ln42_14_fu_9540_p2    |         -|   0|  0|  47|           1|          40|
    |sub_ln42_15_fu_9684_p2    |         -|   0|  0|  47|           1|          40|
    |sub_ln42_16_fu_9826_p2    |         -|   0|  0|  47|           1|          40|
    |sub_ln42_17_fu_9970_p2    |         -|   0|  0|  47|           1|          40|
    |sub_ln42_18_fu_10219_p2   |         -|   0|  0|  47|           1|          40|
    |sub_ln42_19_fu_10362_p2   |         -|   0|  0|  47|           1|          40|
    |sub_ln42_1_fu_7682_p2     |         -|   0|  0|  47|           1|          40|
    |sub_ln42_20_fu_10503_p2   |         -|   0|  0|  47|           1|          40|
    |sub_ln42_21_fu_10646_p2   |         -|   0|  0|  47|           1|          40|
    |sub_ln42_22_fu_10787_p2   |         -|   0|  0|  47|           1|          40|
    |sub_ln42_23_fu_10930_p2   |         -|   0|  0|  47|           1|          40|
    |sub_ln42_24_fu_11071_p2   |         -|   0|  0|  47|           1|          40|
    |sub_ln42_25_fu_11214_p2   |         -|   0|  0|  47|           1|          40|
    |sub_ln42_26_fu_11355_p2   |         -|   0|  0|  47|           1|          40|
    |sub_ln42_27_fu_11498_p2   |         -|   0|  0|  47|           1|          40|
    |sub_ln42_28_fu_11639_p2   |         -|   0|  0|  47|           1|          40|
    |sub_ln42_2_fu_7824_p2     |         -|   0|  0|  47|           1|          40|
    |sub_ln42_3_fu_7968_p2     |         -|   0|  0|  47|           1|          40|
    |sub_ln42_4_fu_8110_p2     |         -|   0|  0|  47|           1|          40|
    |sub_ln42_5_fu_8254_p2     |         -|   0|  0|  47|           1|          40|
    |sub_ln42_6_fu_8396_p2     |         -|   0|  0|  47|           1|          40|
    |sub_ln42_7_fu_8540_p2     |         -|   0|  0|  47|           1|          40|
    |sub_ln42_8_fu_8682_p2     |         -|   0|  0|  47|           1|          40|
    |sub_ln42_9_fu_8826_p2     |         -|   0|  0|  47|           1|          40|
    |sub_ln42_fu_7538_p2       |         -|   0|  0|  47|           1|          40|
    |icmp_ln147_10_fu_7301_p2  |      icmp|   0|  0|  39|          32|           4|
    |icmp_ln147_11_fu_7307_p2  |      icmp|   0|  0|  39|          32|           4|
    |icmp_ln147_12_fu_7313_p2  |      icmp|   0|  0|  39|          32|           4|
    |icmp_ln147_13_fu_7319_p2  |      icmp|   0|  0|  39|          32|           4|
    |icmp_ln147_14_fu_7325_p2  |      icmp|   0|  0|  39|          32|           4|
    |icmp_ln147_15_fu_7331_p2  |      icmp|   0|  0|  39|          32|           4|
    |icmp_ln147_16_fu_7337_p2  |      icmp|   0|  0|  39|          32|           5|
    |icmp_ln147_17_fu_7343_p2  |      icmp|   0|  0|  39|          32|           5|
    |icmp_ln147_18_fu_7349_p2  |      icmp|   0|  0|  39|          32|           5|
    |icmp_ln147_19_fu_7355_p2  |      icmp|   0|  0|  39|          32|           5|
    |icmp_ln147_1_fu_7247_p2   |      icmp|   0|  0|  39|          32|           1|
    |icmp_ln147_20_fu_7361_p2  |      icmp|   0|  0|  39|          32|           5|
    |icmp_ln147_21_fu_7367_p2  |      icmp|   0|  0|  39|          32|           5|
    |icmp_ln147_22_fu_7373_p2  |      icmp|   0|  0|  39|          32|           5|
    |icmp_ln147_23_fu_7379_p2  |      icmp|   0|  0|  39|          32|           5|
    |icmp_ln147_24_fu_7385_p2  |      icmp|   0|  0|  39|          32|           5|
    |icmp_ln147_25_fu_7391_p2  |      icmp|   0|  0|  39|          32|           5|
    |icmp_ln147_26_fu_7397_p2  |      icmp|   0|  0|  39|          32|           5|
    |icmp_ln147_27_fu_7403_p2  |      icmp|   0|  0|  39|          32|           5|
    |icmp_ln147_28_fu_7409_p2  |      icmp|   0|  0|  39|          32|           5|
    |icmp_ln147_2_fu_7253_p2   |      icmp|   0|  0|  39|          32|           2|
    |icmp_ln147_3_fu_7259_p2   |      icmp|   0|  0|  39|          32|           2|
    |icmp_ln147_4_fu_7265_p2   |      icmp|   0|  0|  39|          32|           3|
    |icmp_ln147_5_fu_7271_p2   |      icmp|   0|  0|  39|          32|           3|
    |icmp_ln147_6_fu_7277_p2   |      icmp|   0|  0|  39|          32|           3|
    |icmp_ln147_7_fu_7283_p2   |      icmp|   0|  0|  39|          32|           3|
    |icmp_ln147_8_fu_7289_p2   |      icmp|   0|  0|  39|          32|           4|
    |icmp_ln147_9_fu_7295_p2   |      icmp|   0|  0|  39|          32|           4|
    |icmp_ln147_fu_7121_p2     |      icmp|   0|  0|  39|          32|           1|
    |field_10_fu_8128_p3       |    select|   0|  0|  40|           1|          40|
    |field_12_fu_8390_p3       |    select|   0|  0|  40|           1|          40|
    |field_14_fu_8414_p3       |    select|   0|  0|  40|           1|          40|
    |field_16_fu_8676_p3       |    select|   0|  0|  40|           1|          40|
    |field_18_fu_8700_p3       |    select|   0|  0|  40|           1|          40|
    |field_1_fu_7556_p3        |    select|   0|  0|  40|           1|          40|
    |field_20_fu_8962_p3       |    select|   0|  0|  40|           1|          40|
    |field_22_fu_8986_p3       |    select|   0|  0|  40|           1|          40|
    |field_24_fu_9248_p3       |    select|   0|  0|  40|           1|          40|
    |field_26_fu_9272_p3       |    select|   0|  0|  40|           1|          40|
    |field_28_fu_9534_p3       |    select|   0|  0|  40|           1|          40|
    |field_30_fu_9558_p3       |    select|   0|  0|  40|           1|          40|
    |field_32_fu_9820_p3       |    select|   0|  0|  40|           1|          40|
    |field_34_fu_9844_p3       |    select|   0|  0|  40|           1|          40|
    |field_36_fu_10213_p3      |    select|   0|  0|  40|           1|          40|
    |field_38_fu_10236_p3      |    select|   0|  0|  40|           1|          40|
    |field_40_fu_10497_p3      |    select|   0|  0|  40|           1|          40|
    |field_42_fu_10520_p3      |    select|   0|  0|  40|           1|          40|
    |field_44_fu_10781_p3      |    select|   0|  0|  40|           1|          40|
    |field_46_fu_10804_p3      |    select|   0|  0|  40|           1|          40|
    |field_48_fu_11065_p3      |    select|   0|  0|  40|           1|          40|
    |field_4_fu_7818_p3        |    select|   0|  0|  40|           1|          40|
    |field_50_fu_11088_p3      |    select|   0|  0|  40|           1|          40|
    |field_52_fu_11349_p3      |    select|   0|  0|  40|           1|          40|
    |field_54_fu_11372_p3      |    select|   0|  0|  40|           1|          40|
    |field_56_fu_11633_p3      |    select|   0|  0|  40|           1|          40|
    |field_58_fu_11656_p3      |    select|   0|  0|  40|           1|          40|
    |field_6_fu_7842_p3        |    select|   0|  0|  40|           1|          40|
    |field_8_fu_8104_p3        |    select|   0|  0|  40|           1|          40|
    |out_fu_11682_p3           |    select|   0|  0|  40|           1|          40|
    |term_10_fu_8973_p3        |    select|   0|  0|  40|           1|          40|
    |term_11_fu_9237_p3        |    select|   0|  0|  40|           1|          40|
    |term_12_fu_9259_p3        |    select|   0|  0|  40|           1|          40|
    |term_13_fu_9523_p3        |    select|   0|  0|  40|           1|          40|
    |term_14_fu_9545_p3        |    select|   0|  0|  40|           1|          40|
    |term_15_fu_9809_p3        |    select|   0|  0|  40|           1|          40|
    |term_16_fu_9831_p3        |    select|   0|  0|  40|           1|          40|
    |term_17_fu_10203_p3       |    select|   0|  0|  40|           1|          40|
    |term_18_fu_10224_p3       |    select|   0|  0|  40|           1|          40|
    |term_19_fu_10487_p3       |    select|   0|  0|  40|           1|          40|
    |term_1_fu_7807_p3         |    select|   0|  0|  40|           1|          40|
    |term_20_fu_10508_p3       |    select|   0|  0|  40|           1|          40|
    |term_21_fu_10771_p3       |    select|   0|  0|  40|           1|          40|
    |term_22_fu_10792_p3       |    select|   0|  0|  40|           1|          40|
    |term_23_fu_11055_p3       |    select|   0|  0|  40|           1|          40|
    |term_24_fu_11076_p3       |    select|   0|  0|  40|           1|          40|
    |term_25_fu_11339_p3       |    select|   0|  0|  40|           1|          40|
    |term_26_fu_11360_p3       |    select|   0|  0|  40|           1|          40|
    |term_27_fu_11623_p3       |    select|   0|  0|  40|           1|          40|
    |term_28_fu_11644_p3       |    select|   0|  0|  40|           1|          40|
    |term_2_fu_7829_p3         |    select|   0|  0|  40|           1|          40|
    |term_3_fu_8093_p3         |    select|   0|  0|  40|           1|          40|
    |term_4_fu_8115_p3         |    select|   0|  0|  40|           1|          40|
    |term_5_fu_8379_p3         |    select|   0|  0|  40|           1|          40|
    |term_6_fu_8401_p3         |    select|   0|  0|  40|           1|          40|
    |term_7_fu_8665_p3         |    select|   0|  0|  40|           1|          40|
    |term_8_fu_8687_p3         |    select|   0|  0|  40|           1|          40|
    |term_9_fu_8951_p3         |    select|   0|  0|  40|           1|          40|
    |term_fu_7543_p3           |    select|   0|  0|  40|           1|          40|
    +--------------------------+----------+----+---+----+------------+------------+
    |Total                     |          |   0|  0|6217|        2176|        4795|
    +--------------------------+----------+----+---+----+------------+------------+

    * Multiplexer: 
    +-----------+-----+-----------+-----+-----------+
    |    Name   | LUT | Input Size| Bits| Total Bits|
    +-----------+-----+-----------+-----+-----------+
    |ap_NS_fsm  |  107|         22|    1|         22|
    |ap_return  |    9|          2|   40|         80|
    +-----------+-----+-----------+-----+-----------+
    |Total      |  116|         24|   41|        102|
    +-----------+-----+-----------+-----+-----------+

    * Register: 
    +-------------------------+----+----+-----+-----------+
    |           Name          | FF | LUT| Bits| Const Bits|
    +-------------------------+----+----+-----+-----------+
    |a_10_reg_12023           |  40|   0|   40|          0|
    |a_11_reg_12045           |  40|   0|   40|          0|
    |a_12_reg_12055           |  40|   0|   40|          0|
    |a_13_reg_12077           |  40|   0|   40|          0|
    |a_14_reg_12087           |  40|   0|   40|          0|
    |a_15_reg_12109           |  40|   0|   40|          0|
    |a_16_reg_12119           |  40|   0|   40|          0|
    |a_17_reg_12191           |  40|   0|   40|          0|
    |a_18_reg_12201           |  40|   0|   40|          0|
    |a_19_reg_12218           |  40|   0|   40|          0|
    |a_1_reg_11885            |  40|   0|   40|          0|
    |a_20_reg_12228           |  40|   0|   40|          0|
    |a_21_reg_12240           |  40|   0|   40|          0|
    |a_22_reg_12250           |  40|   0|   40|          0|
    |a_23_reg_12262           |  40|   0|   40|          0|
    |a_24_reg_12272           |  40|   0|   40|          0|
    |a_25_reg_12284           |  40|   0|   40|          0|
    |a_26_reg_12294           |  40|   0|   40|          0|
    |a_27_reg_12306           |  40|   0|   40|          0|
    |a_28_reg_12316           |  40|   0|   40|          0|
    |a_2_reg_11895            |  40|   0|   40|          0|
    |a_3_reg_11917            |  40|   0|   40|          0|
    |a_4_reg_11927            |  40|   0|   40|          0|
    |a_5_reg_11949            |  40|   0|   40|          0|
    |a_6_reg_11959            |  40|   0|   40|          0|
    |a_7_reg_11981            |  40|   0|   40|          0|
    |a_8_reg_11991            |  40|   0|   40|          0|
    |a_9_reg_12013            |  40|   0|   40|          0|
    |a_reg_11728              |  40|   0|   40|          0|
    |ap_CS_fsm                |  21|   0|   21|          0|
    |ap_return_preg           |  40|   0|   40|          0|
    |b_reg_12207              |   1|   0|    1|          0|
    |field_10_reg_11943       |  40|   0|   40|          0|
    |field_14_reg_11975       |  40|   0|   40|          0|
    |field_18_reg_12007       |  40|   0|   40|          0|
    |field_1_reg_11879        |  40|   0|   40|          0|
    |field_22_reg_12039       |  40|   0|   40|          0|
    |field_26_reg_12071       |  40|   0|   40|          0|
    |field_30_reg_12103       |  40|   0|   40|          0|
    |field_34_reg_12185       |  40|   0|   40|          0|
    |field_38_reg_12212       |  40|   0|   40|          0|
    |field_42_reg_12234       |  40|   0|   40|          0|
    |field_46_reg_12256       |  40|   0|   40|          0|
    |field_50_reg_12278       |  40|   0|   40|          0|
    |field_54_reg_12300       |  40|   0|   40|          0|
    |field_58_reg_12322       |  40|   0|   40|          0|
    |field_6_reg_11911        |  40|   0|   40|          0|
    |icmp_ln147_10_reg_11779  |   1|   0|    1|          0|
    |icmp_ln147_11_reg_11784  |   1|   0|    1|          0|
    |icmp_ln147_12_reg_11789  |   1|   0|    1|          0|
    |icmp_ln147_13_reg_11794  |   1|   0|    1|          0|
    |icmp_ln147_14_reg_11799  |   1|   0|    1|          0|
    |icmp_ln147_15_reg_11804  |   1|   0|    1|          0|
    |icmp_ln147_16_reg_11809  |   1|   0|    1|          0|
    |icmp_ln147_17_reg_11814  |   1|   0|    1|          0|
    |icmp_ln147_18_reg_11819  |   1|   0|    1|          0|
    |icmp_ln147_19_reg_11824  |   1|   0|    1|          0|
    |icmp_ln147_1_reg_11734   |   1|   0|    1|          0|
    |icmp_ln147_20_reg_11829  |   1|   0|    1|          0|
    |icmp_ln147_21_reg_11834  |   1|   0|    1|          0|
    |icmp_ln147_22_reg_11839  |   1|   0|    1|          0|
    |icmp_ln147_23_reg_11844  |   1|   0|    1|          0|
    |icmp_ln147_24_reg_11849  |   1|   0|    1|          0|
    |icmp_ln147_25_reg_11854  |   1|   0|    1|          0|
    |icmp_ln147_26_reg_11859  |   1|   0|    1|          0|
    |icmp_ln147_27_reg_11864  |   1|   0|    1|          0|
    |icmp_ln147_28_reg_11869  |   1|   0|    1|          0|
    |icmp_ln147_2_reg_11739   |   1|   0|    1|          0|
    |icmp_ln147_3_reg_11744   |   1|   0|    1|          0|
    |icmp_ln147_4_reg_11749   |   1|   0|    1|          0|
    |icmp_ln147_5_reg_11754   |   1|   0|    1|          0|
    |icmp_ln147_6_reg_11759   |   1|   0|    1|          0|
    |icmp_ln147_7_reg_11764   |   1|   0|    1|          0|
    |icmp_ln147_8_reg_11769   |   1|   0|    1|          0|
    |icmp_ln147_9_reg_11774   |   1|   0|    1|          0|
    |icmp_ln147_reg_11723     |   1|   0|    1|          0|
    |sub_ln42_11_reg_12050    |  40|   0|   40|          0|
    |sub_ln42_13_reg_12082    |  40|   0|   40|          0|
    |sub_ln42_15_reg_12114    |  40|   0|   40|          0|
    |sub_ln42_17_reg_12196    |  40|   0|   40|          0|
    |sub_ln42_19_reg_12223    |  40|   0|   40|          0|
    |sub_ln42_1_reg_11890     |  40|   0|   40|          0|
    |sub_ln42_21_reg_12245    |  40|   0|   40|          0|
    |sub_ln42_23_reg_12267    |  40|   0|   40|          0|
    |sub_ln42_25_reg_12289    |  40|   0|   40|          0|
    |sub_ln42_27_reg_12311    |  40|   0|   40|          0|
    |sub_ln42_3_reg_11922     |  40|   0|   40|          0|
    |sub_ln42_5_reg_11954     |  40|   0|   40|          0|
    |sub_ln42_7_reg_11986     |  40|   0|   40|          0|
    |sub_ln42_9_reg_12018     |  40|   0|   40|          0|
    |trunc_ln137_reg_11689    |   5|   0|    5|          0|
    +-------------------------+----+----+-----+-----------+
    |Total                    |2416|   0| 2416|          0|
    +-------------------------+----+----+-----+-----------+



================================================================
== Interface
================================================================
* Summary: 
+-------------+-----+-----+------------+--------------------+--------------+
|  RTL Ports  | Dir | Bits|  Protocol  |    Source Object   |    C Type    |
+-------------+-----+-----+------------+--------------------+--------------+
|ap_clk       |   in|    1|  ap_ctrl_hs|  local_delta_energy|  return value|
|ap_rst       |   in|    1|  ap_ctrl_hs|  local_delta_energy|  return value|
|ap_start     |   in|    1|  ap_ctrl_hs|  local_delta_energy|  return value|
|ap_done      |  out|    1|  ap_ctrl_hs|  local_delta_energy|  return value|
|ap_idle      |  out|    1|  ap_ctrl_hs|  local_delta_energy|  return value|
|ap_ready     |  out|    1|  ap_ctrl_hs|  local_delta_energy|  return value|
|ap_return    |  out|   40|  ap_ctrl_hs|  local_delta_energy|  return value|
|J_0_1_val    |   in|   40|     ap_none|           J_0_1_val|        scalar|
|J_0_2_val    |   in|   40|     ap_none|           J_0_2_val|        scalar|
|J_0_3_val    |   in|   40|     ap_none|           J_0_3_val|        scalar|
|J_0_4_val    |   in|   40|     ap_none|           J_0_4_val|        scalar|
|J_0_5_val    |   in|   40|     ap_none|           J_0_5_val|        scalar|
|J_0_6_val    |   in|   40|     ap_none|           J_0_6_val|        scalar|
|J_0_7_val    |   in|   40|     ap_none|           J_0_7_val|        scalar|
|J_0_8_val    |   in|   40|     ap_none|           J_0_8_val|        scalar|
|J_0_9_val    |   in|   40|     ap_none|           J_0_9_val|        scalar|
|J_0_10_val   |   in|   40|     ap_none|          J_0_10_val|        scalar|
|J_0_11_val   |   in|   40|     ap_none|          J_0_11_val|        scalar|
|J_0_12_val   |   in|   40|     ap_none|          J_0_12_val|        scalar|
|J_0_13_val   |   in|   40|     ap_none|          J_0_13_val|        scalar|
|J_0_14_val   |   in|   40|     ap_none|          J_0_14_val|        scalar|
|J_0_15_val   |   in|   40|     ap_none|          J_0_15_val|        scalar|
|J_0_16_val   |   in|   40|     ap_none|          J_0_16_val|        scalar|
|J_0_17_val   |   in|   40|     ap_none|          J_0_17_val|        scalar|
|J_0_18_val   |   in|   40|     ap_none|          J_0_18_val|        scalar|
|J_0_19_val   |   in|   40|     ap_none|          J_0_19_val|        scalar|
|J_0_20_val   |   in|   40|     ap_none|          J_0_20_val|        scalar|
|J_0_21_val   |   in|   40|     ap_none|          J_0_21_val|        scalar|
|J_0_22_val   |   in|   40|     ap_none|          J_0_22_val|        scalar|
|J_0_23_val   |   in|   40|     ap_none|          J_0_23_val|        scalar|
|J_0_24_val   |   in|   40|     ap_none|          J_0_24_val|        scalar|
|J_0_25_val   |   in|   40|     ap_none|          J_0_25_val|        scalar|
|J_0_26_val   |   in|   40|     ap_none|          J_0_26_val|        scalar|
|J_0_27_val   |   in|   40|     ap_none|          J_0_27_val|        scalar|
|J_0_28_val   |   in|   40|     ap_none|          J_0_28_val|        scalar|
|J_1_0_val    |   in|   40|     ap_none|           J_1_0_val|        scalar|
|J_1_2_val    |   in|   40|     ap_none|           J_1_2_val|        scalar|
|J_1_3_val    |   in|   40|     ap_none|           J_1_3_val|        scalar|
|J_1_4_val    |   in|   40|     ap_none|           J_1_4_val|        scalar|
|J_1_5_val    |   in|   40|     ap_none|           J_1_5_val|        scalar|
|J_1_6_val    |   in|   40|     ap_none|           J_1_6_val|        scalar|
|J_1_7_val    |   in|   40|     ap_none|           J_1_7_val|        scalar|
|J_1_8_val    |   in|   40|     ap_none|           J_1_8_val|        scalar|
|J_1_9_val    |   in|   40|     ap_none|           J_1_9_val|        scalar|
|J_1_10_val   |   in|   40|     ap_none|          J_1_10_val|        scalar|
|J_1_11_val   |   in|   40|     ap_none|          J_1_11_val|        scalar|
|J_1_12_val   |   in|   40|     ap_none|          J_1_12_val|        scalar|
|J_1_13_val   |   in|   40|     ap_none|          J_1_13_val|        scalar|
|J_1_14_val   |   in|   40|     ap_none|          J_1_14_val|        scalar|
|J_1_15_val   |   in|   40|     ap_none|          J_1_15_val|        scalar|
|J_1_16_val   |   in|   40|     ap_none|          J_1_16_val|        scalar|
|J_1_17_val   |   in|   40|     ap_none|          J_1_17_val|        scalar|
|J_1_18_val   |   in|   40|     ap_none|          J_1_18_val|        scalar|
|J_1_19_val   |   in|   40|     ap_none|          J_1_19_val|        scalar|
|J_1_20_val   |   in|   40|     ap_none|          J_1_20_val|        scalar|
|J_1_21_val   |   in|   40|     ap_none|          J_1_21_val|        scalar|
|J_1_22_val   |   in|   40|     ap_none|          J_1_22_val|        scalar|
|J_1_23_val   |   in|   40|     ap_none|          J_1_23_val|        scalar|
|J_1_24_val   |   in|   40|     ap_none|          J_1_24_val|        scalar|
|J_1_25_val   |   in|   40|     ap_none|          J_1_25_val|        scalar|
|J_1_26_val   |   in|   40|     ap_none|          J_1_26_val|        scalar|
|J_1_27_val   |   in|   40|     ap_none|          J_1_27_val|        scalar|
|J_1_28_val   |   in|   40|     ap_none|          J_1_28_val|        scalar|
|J_2_0_val    |   in|   40|     ap_none|           J_2_0_val|        scalar|
|J_2_1_val    |   in|   40|     ap_none|           J_2_1_val|        scalar|
|J_2_3_val    |   in|   40|     ap_none|           J_2_3_val|        scalar|
|J_2_4_val    |   in|   40|     ap_none|           J_2_4_val|        scalar|
|J_2_5_val    |   in|   40|     ap_none|           J_2_5_val|        scalar|
|J_2_6_val    |   in|   40|     ap_none|           J_2_6_val|        scalar|
|J_2_7_val    |   in|   40|     ap_none|           J_2_7_val|        scalar|
|J_2_8_val    |   in|   40|     ap_none|           J_2_8_val|        scalar|
|J_2_9_val    |   in|   40|     ap_none|           J_2_9_val|        scalar|
|J_2_10_val   |   in|   40|     ap_none|          J_2_10_val|        scalar|
|J_2_11_val   |   in|   40|     ap_none|          J_2_11_val|        scalar|
|J_2_12_val   |   in|   40|     ap_none|          J_2_12_val|        scalar|
|J_2_13_val   |   in|   40|     ap_none|          J_2_13_val|        scalar|
|J_2_14_val   |   in|   40|     ap_none|          J_2_14_val|        scalar|
|J_2_15_val   |   in|   40|     ap_none|          J_2_15_val|        scalar|
|J_2_16_val   |   in|   40|     ap_none|          J_2_16_val|        scalar|
|J_2_17_val   |   in|   40|     ap_none|          J_2_17_val|        scalar|
|J_2_18_val   |   in|   40|     ap_none|          J_2_18_val|        scalar|
|J_2_19_val   |   in|   40|     ap_none|          J_2_19_val|        scalar|
|J_2_20_val   |   in|   40|     ap_none|          J_2_20_val|        scalar|
|J_2_21_val   |   in|   40|     ap_none|          J_2_21_val|        scalar|
|J_2_22_val   |   in|   40|     ap_none|          J_2_22_val|        scalar|
|J_2_23_val   |   in|   40|     ap_none|          J_2_23_val|        scalar|
|J_2_24_val   |   in|   40|     ap_none|          J_2_24_val|        scalar|
|J_2_25_val   |   in|   40|     ap_none|          J_2_25_val|        scalar|
|J_2_26_val   |   in|   40|     ap_none|          J_2_26_val|        scalar|
|J_2_27_val   |   in|   40|     ap_none|          J_2_27_val|        scalar|
|J_2_28_val   |   in|   40|     ap_none|          J_2_28_val|        scalar|
|J_3_0_val    |   in|   40|     ap_none|           J_3_0_val|        scalar|
|J_3_1_val    |   in|   40|     ap_none|           J_3_1_val|        scalar|
|J_3_2_val    |   in|   40|     ap_none|           J_3_2_val|        scalar|
|J_3_4_val    |   in|   40|     ap_none|           J_3_4_val|        scalar|
|J_3_5_val    |   in|   40|     ap_none|           J_3_5_val|        scalar|
|J_3_6_val    |   in|   40|     ap_none|           J_3_6_val|        scalar|
|J_3_7_val    |   in|   40|     ap_none|           J_3_7_val|        scalar|
|J_3_8_val    |   in|   40|     ap_none|           J_3_8_val|        scalar|
|J_3_9_val    |   in|   40|     ap_none|           J_3_9_val|        scalar|
|J_3_10_val   |   in|   40|     ap_none|          J_3_10_val|        scalar|
|J_3_11_val   |   in|   40|     ap_none|          J_3_11_val|        scalar|
|J_3_12_val   |   in|   40|     ap_none|          J_3_12_val|        scalar|
|J_3_13_val   |   in|   40|     ap_none|          J_3_13_val|        scalar|
|J_3_14_val   |   in|   40|     ap_none|          J_3_14_val|        scalar|
|J_3_15_val   |   in|   40|     ap_none|          J_3_15_val|        scalar|
|J_3_16_val   |   in|   40|     ap_none|          J_3_16_val|        scalar|
|J_3_17_val   |   in|   40|     ap_none|          J_3_17_val|        scalar|
|J_3_18_val   |   in|   40|     ap_none|          J_3_18_val|        scalar|
|J_3_19_val   |   in|   40|     ap_none|          J_3_19_val|        scalar|
|J_3_20_val   |   in|   40|     ap_none|          J_3_20_val|        scalar|
|J_3_21_val   |   in|   40|     ap_none|          J_3_21_val|        scalar|
|J_3_22_val   |   in|   40|     ap_none|          J_3_22_val|        scalar|
|J_3_23_val   |   in|   40|     ap_none|          J_3_23_val|        scalar|
|J_3_24_val   |   in|   40|     ap_none|          J_3_24_val|        scalar|
|J_3_25_val   |   in|   40|     ap_none|          J_3_25_val|        scalar|
|J_3_26_val   |   in|   40|     ap_none|          J_3_26_val|        scalar|
|J_3_27_val   |   in|   40|     ap_none|          J_3_27_val|        scalar|
|J_3_28_val   |   in|   40|     ap_none|          J_3_28_val|        scalar|
|J_4_0_val    |   in|   40|     ap_none|           J_4_0_val|        scalar|
|J_4_1_val    |   in|   40|     ap_none|           J_4_1_val|        scalar|
|J_4_2_val    |   in|   40|     ap_none|           J_4_2_val|        scalar|
|J_4_3_val    |   in|   40|     ap_none|           J_4_3_val|        scalar|
|J_4_5_val    |   in|   40|     ap_none|           J_4_5_val|        scalar|
|J_4_6_val    |   in|   40|     ap_none|           J_4_6_val|        scalar|
|J_4_7_val    |   in|   40|     ap_none|           J_4_7_val|        scalar|
|J_4_8_val    |   in|   40|     ap_none|           J_4_8_val|        scalar|
|J_4_9_val    |   in|   40|     ap_none|           J_4_9_val|        scalar|
|J_4_10_val   |   in|   40|     ap_none|          J_4_10_val|        scalar|
|J_4_11_val   |   in|   40|     ap_none|          J_4_11_val|        scalar|
|J_4_12_val   |   in|   40|     ap_none|          J_4_12_val|        scalar|
|J_4_13_val   |   in|   40|     ap_none|          J_4_13_val|        scalar|
|J_4_14_val   |   in|   40|     ap_none|          J_4_14_val|        scalar|
|J_4_15_val   |   in|   40|     ap_none|          J_4_15_val|        scalar|
|J_4_16_val   |   in|   40|     ap_none|          J_4_16_val|        scalar|
|J_4_17_val   |   in|   40|     ap_none|          J_4_17_val|        scalar|
|J_4_18_val   |   in|   40|     ap_none|          J_4_18_val|        scalar|
|J_4_19_val   |   in|   40|     ap_none|          J_4_19_val|        scalar|
|J_4_20_val   |   in|   40|     ap_none|          J_4_20_val|        scalar|
|J_4_21_val   |   in|   40|     ap_none|          J_4_21_val|        scalar|
|J_4_22_val   |   in|   40|     ap_none|          J_4_22_val|        scalar|
|J_4_23_val   |   in|   40|     ap_none|          J_4_23_val|        scalar|
|J_4_24_val   |   in|   40|     ap_none|          J_4_24_val|        scalar|
|J_4_25_val   |   in|   40|     ap_none|          J_4_25_val|        scalar|
|J_4_26_val   |   in|   40|     ap_none|          J_4_26_val|        scalar|
|J_4_27_val   |   in|   40|     ap_none|          J_4_27_val|        scalar|
|J_4_28_val   |   in|   40|     ap_none|          J_4_28_val|        scalar|
|J_5_0_val    |   in|   40|     ap_none|           J_5_0_val|        scalar|
|J_5_1_val    |   in|   40|     ap_none|           J_5_1_val|        scalar|
|J_5_2_val    |   in|   40|     ap_none|           J_5_2_val|        scalar|
|J_5_3_val    |   in|   40|     ap_none|           J_5_3_val|        scalar|
|J_5_4_val    |   in|   40|     ap_none|           J_5_4_val|        scalar|
|J_5_6_val    |   in|   40|     ap_none|           J_5_6_val|        scalar|
|J_5_7_val    |   in|   40|     ap_none|           J_5_7_val|        scalar|
|J_5_8_val    |   in|   40|     ap_none|           J_5_8_val|        scalar|
|J_5_9_val    |   in|   40|     ap_none|           J_5_9_val|        scalar|
|J_5_10_val   |   in|   40|     ap_none|          J_5_10_val|        scalar|
|J_5_11_val   |   in|   40|     ap_none|          J_5_11_val|        scalar|
|J_5_12_val   |   in|   40|     ap_none|          J_5_12_val|        scalar|
|J_5_13_val   |   in|   40|     ap_none|          J_5_13_val|        scalar|
|J_5_14_val   |   in|   40|     ap_none|          J_5_14_val|        scalar|
|J_5_15_val   |   in|   40|     ap_none|          J_5_15_val|        scalar|
|J_5_16_val   |   in|   40|     ap_none|          J_5_16_val|        scalar|
|J_5_17_val   |   in|   40|     ap_none|          J_5_17_val|        scalar|
|J_5_18_val   |   in|   40|     ap_none|          J_5_18_val|        scalar|
|J_5_19_val   |   in|   40|     ap_none|          J_5_19_val|        scalar|
|J_5_20_val   |   in|   40|     ap_none|          J_5_20_val|        scalar|
|J_5_21_val   |   in|   40|     ap_none|          J_5_21_val|        scalar|
|J_5_22_val   |   in|   40|     ap_none|          J_5_22_val|        scalar|
|J_5_23_val   |   in|   40|     ap_none|          J_5_23_val|        scalar|
|J_5_24_val   |   in|   40|     ap_none|          J_5_24_val|        scalar|
|J_5_25_val   |   in|   40|     ap_none|          J_5_25_val|        scalar|
|J_5_26_val   |   in|   40|     ap_none|          J_5_26_val|        scalar|
|J_5_27_val   |   in|   40|     ap_none|          J_5_27_val|        scalar|
|J_5_28_val   |   in|   40|     ap_none|          J_5_28_val|        scalar|
|J_6_0_val    |   in|   40|     ap_none|           J_6_0_val|        scalar|
|J_6_1_val    |   in|   40|     ap_none|           J_6_1_val|        scalar|
|J_6_2_val    |   in|   40|     ap_none|           J_6_2_val|        scalar|
|J_6_3_val    |   in|   40|     ap_none|           J_6_3_val|        scalar|
|J_6_4_val    |   in|   40|     ap_none|           J_6_4_val|        scalar|
|J_6_5_val    |   in|   40|     ap_none|           J_6_5_val|        scalar|
|J_6_7_val    |   in|   40|     ap_none|           J_6_7_val|        scalar|
|J_6_8_val    |   in|   40|     ap_none|           J_6_8_val|        scalar|
|J_6_9_val    |   in|   40|     ap_none|           J_6_9_val|        scalar|
|J_6_10_val   |   in|   40|     ap_none|          J_6_10_val|        scalar|
|J_6_11_val   |   in|   40|     ap_none|          J_6_11_val|        scalar|
|J_6_12_val   |   in|   40|     ap_none|          J_6_12_val|        scalar|
|J_6_13_val   |   in|   40|     ap_none|          J_6_13_val|        scalar|
|J_6_14_val   |   in|   40|     ap_none|          J_6_14_val|        scalar|
|J_6_15_val   |   in|   40|     ap_none|          J_6_15_val|        scalar|
|J_6_16_val   |   in|   40|     ap_none|          J_6_16_val|        scalar|
|J_6_17_val   |   in|   40|     ap_none|          J_6_17_val|        scalar|
|J_6_18_val   |   in|   40|     ap_none|          J_6_18_val|        scalar|
|J_6_19_val   |   in|   40|     ap_none|          J_6_19_val|        scalar|
|J_6_20_val   |   in|   40|     ap_none|          J_6_20_val|        scalar|
|J_6_21_val   |   in|   40|     ap_none|          J_6_21_val|        scalar|
|J_6_22_val   |   in|   40|     ap_none|          J_6_22_val|        scalar|
|J_6_23_val   |   in|   40|     ap_none|          J_6_23_val|        scalar|
|J_6_24_val   |   in|   40|     ap_none|          J_6_24_val|        scalar|
|J_6_25_val   |   in|   40|     ap_none|          J_6_25_val|        scalar|
|J_6_26_val   |   in|   40|     ap_none|          J_6_26_val|        scalar|
|J_6_27_val   |   in|   40|     ap_none|          J_6_27_val|        scalar|
|J_6_28_val   |   in|   40|     ap_none|          J_6_28_val|        scalar|
|J_7_0_val    |   in|   40|     ap_none|           J_7_0_val|        scalar|
|J_7_1_val    |   in|   40|     ap_none|           J_7_1_val|        scalar|
|J_7_2_val    |   in|   40|     ap_none|           J_7_2_val|        scalar|
|J_7_3_val    |   in|   40|     ap_none|           J_7_3_val|        scalar|
|J_7_4_val    |   in|   40|     ap_none|           J_7_4_val|        scalar|
|J_7_5_val    |   in|   40|     ap_none|           J_7_5_val|        scalar|
|J_7_6_val    |   in|   40|     ap_none|           J_7_6_val|        scalar|
|J_7_8_val    |   in|   40|     ap_none|           J_7_8_val|        scalar|
|J_7_9_val    |   in|   40|     ap_none|           J_7_9_val|        scalar|
|J_7_10_val   |   in|   40|     ap_none|          J_7_10_val|        scalar|
|J_7_11_val   |   in|   40|     ap_none|          J_7_11_val|        scalar|
|J_7_12_val   |   in|   40|     ap_none|          J_7_12_val|        scalar|
|J_7_13_val   |   in|   40|     ap_none|          J_7_13_val|        scalar|
|J_7_14_val   |   in|   40|     ap_none|          J_7_14_val|        scalar|
|J_7_15_val   |   in|   40|     ap_none|          J_7_15_val|        scalar|
|J_7_16_val   |   in|   40|     ap_none|          J_7_16_val|        scalar|
|J_7_17_val   |   in|   40|     ap_none|          J_7_17_val|        scalar|
|J_7_18_val   |   in|   40|     ap_none|          J_7_18_val|        scalar|
|J_7_19_val   |   in|   40|     ap_none|          J_7_19_val|        scalar|
|J_7_20_val   |   in|   40|     ap_none|          J_7_20_val|        scalar|
|J_7_21_val   |   in|   40|     ap_none|          J_7_21_val|        scalar|
|J_7_22_val   |   in|   40|     ap_none|          J_7_22_val|        scalar|
|J_7_23_val   |   in|   40|     ap_none|          J_7_23_val|        scalar|
|J_7_24_val   |   in|   40|     ap_none|          J_7_24_val|        scalar|
|J_7_25_val   |   in|   40|     ap_none|          J_7_25_val|        scalar|
|J_7_26_val   |   in|   40|     ap_none|          J_7_26_val|        scalar|
|J_7_27_val   |   in|   40|     ap_none|          J_7_27_val|        scalar|
|J_7_28_val   |   in|   40|     ap_none|          J_7_28_val|        scalar|
|J_8_0_val    |   in|   40|     ap_none|           J_8_0_val|        scalar|
|J_8_1_val    |   in|   40|     ap_none|           J_8_1_val|        scalar|
|J_8_2_val    |   in|   40|     ap_none|           J_8_2_val|        scalar|
|J_8_3_val    |   in|   40|     ap_none|           J_8_3_val|        scalar|
|J_8_4_val    |   in|   40|     ap_none|           J_8_4_val|        scalar|
|J_8_5_val    |   in|   40|     ap_none|           J_8_5_val|        scalar|
|J_8_6_val    |   in|   40|     ap_none|           J_8_6_val|        scalar|
|J_8_7_val    |   in|   40|     ap_none|           J_8_7_val|        scalar|
|J_8_9_val    |   in|   40|     ap_none|           J_8_9_val|        scalar|
|J_8_10_val   |   in|   40|     ap_none|          J_8_10_val|        scalar|
|J_8_11_val   |   in|   40|     ap_none|          J_8_11_val|        scalar|
|J_8_12_val   |   in|   40|     ap_none|          J_8_12_val|        scalar|
|J_8_13_val   |   in|   40|     ap_none|          J_8_13_val|        scalar|
|J_8_14_val   |   in|   40|     ap_none|          J_8_14_val|        scalar|
|J_8_15_val   |   in|   40|     ap_none|          J_8_15_val|        scalar|
|J_8_16_val   |   in|   40|     ap_none|          J_8_16_val|        scalar|
|J_8_17_val   |   in|   40|     ap_none|          J_8_17_val|        scalar|
|J_8_18_val   |   in|   40|     ap_none|          J_8_18_val|        scalar|
|J_8_19_val   |   in|   40|     ap_none|          J_8_19_val|        scalar|
|J_8_20_val   |   in|   40|     ap_none|          J_8_20_val|        scalar|
|J_8_21_val   |   in|   40|     ap_none|          J_8_21_val|        scalar|
|J_8_22_val   |   in|   40|     ap_none|          J_8_22_val|        scalar|
|J_8_23_val   |   in|   40|     ap_none|          J_8_23_val|        scalar|
|J_8_24_val   |   in|   40|     ap_none|          J_8_24_val|        scalar|
|J_8_25_val   |   in|   40|     ap_none|          J_8_25_val|        scalar|
|J_8_26_val   |   in|   40|     ap_none|          J_8_26_val|        scalar|
|J_8_27_val   |   in|   40|     ap_none|          J_8_27_val|        scalar|
|J_8_28_val   |   in|   40|     ap_none|          J_8_28_val|        scalar|
|J_9_0_val    |   in|   40|     ap_none|           J_9_0_val|        scalar|
|J_9_1_val    |   in|   40|     ap_none|           J_9_1_val|        scalar|
|J_9_2_val    |   in|   40|     ap_none|           J_9_2_val|        scalar|
|J_9_3_val    |   in|   40|     ap_none|           J_9_3_val|        scalar|
|J_9_4_val    |   in|   40|     ap_none|           J_9_4_val|        scalar|
|J_9_5_val    |   in|   40|     ap_none|           J_9_5_val|        scalar|
|J_9_6_val    |   in|   40|     ap_none|           J_9_6_val|        scalar|
|J_9_7_val    |   in|   40|     ap_none|           J_9_7_val|        scalar|
|J_9_8_val    |   in|   40|     ap_none|           J_9_8_val|        scalar|
|J_9_10_val   |   in|   40|     ap_none|          J_9_10_val|        scalar|
|J_9_11_val   |   in|   40|     ap_none|          J_9_11_val|        scalar|
|J_9_12_val   |   in|   40|     ap_none|          J_9_12_val|        scalar|
|J_9_13_val   |   in|   40|     ap_none|          J_9_13_val|        scalar|
|J_9_14_val   |   in|   40|     ap_none|          J_9_14_val|        scalar|
|J_9_15_val   |   in|   40|     ap_none|          J_9_15_val|        scalar|
|J_9_16_val   |   in|   40|     ap_none|          J_9_16_val|        scalar|
|J_9_17_val   |   in|   40|     ap_none|          J_9_17_val|        scalar|
|J_9_18_val   |   in|   40|     ap_none|          J_9_18_val|        scalar|
|J_9_19_val   |   in|   40|     ap_none|          J_9_19_val|        scalar|
|J_9_20_val   |   in|   40|     ap_none|          J_9_20_val|        scalar|
|J_9_21_val   |   in|   40|     ap_none|          J_9_21_val|        scalar|
|J_9_22_val   |   in|   40|     ap_none|          J_9_22_val|        scalar|
|J_9_23_val   |   in|   40|     ap_none|          J_9_23_val|        scalar|
|J_9_24_val   |   in|   40|     ap_none|          J_9_24_val|        scalar|
|J_9_25_val   |   in|   40|     ap_none|          J_9_25_val|        scalar|
|J_9_26_val   |   in|   40|     ap_none|          J_9_26_val|        scalar|
|J_9_27_val   |   in|   40|     ap_none|          J_9_27_val|        scalar|
|J_9_28_val   |   in|   40|     ap_none|          J_9_28_val|        scalar|
|J_10_0_val   |   in|   40|     ap_none|          J_10_0_val|        scalar|
|J_10_1_val   |   in|   40|     ap_none|          J_10_1_val|        scalar|
|J_10_2_val   |   in|   40|     ap_none|          J_10_2_val|        scalar|
|J_10_3_val   |   in|   40|     ap_none|          J_10_3_val|        scalar|
|J_10_4_val   |   in|   40|     ap_none|          J_10_4_val|        scalar|
|J_10_5_val   |   in|   40|     ap_none|          J_10_5_val|        scalar|
|J_10_6_val   |   in|   40|     ap_none|          J_10_6_val|        scalar|
|J_10_7_val   |   in|   40|     ap_none|          J_10_7_val|        scalar|
|J_10_8_val   |   in|   40|     ap_none|          J_10_8_val|        scalar|
|J_10_9_val   |   in|   40|     ap_none|          J_10_9_val|        scalar|
|J_10_11_val  |   in|   40|     ap_none|         J_10_11_val|        scalar|
|J_10_12_val  |   in|   40|     ap_none|         J_10_12_val|        scalar|
|J_10_13_val  |   in|   40|     ap_none|         J_10_13_val|        scalar|
|J_10_14_val  |   in|   40|     ap_none|         J_10_14_val|        scalar|
|J_10_15_val  |   in|   40|     ap_none|         J_10_15_val|        scalar|
|J_10_16_val  |   in|   40|     ap_none|         J_10_16_val|        scalar|
|J_10_17_val  |   in|   40|     ap_none|         J_10_17_val|        scalar|
|J_10_18_val  |   in|   40|     ap_none|         J_10_18_val|        scalar|
|J_10_19_val  |   in|   40|     ap_none|         J_10_19_val|        scalar|
|J_10_20_val  |   in|   40|     ap_none|         J_10_20_val|        scalar|
|J_10_21_val  |   in|   40|     ap_none|         J_10_21_val|        scalar|
|J_10_22_val  |   in|   40|     ap_none|         J_10_22_val|        scalar|
|J_10_23_val  |   in|   40|     ap_none|         J_10_23_val|        scalar|
|J_10_24_val  |   in|   40|     ap_none|         J_10_24_val|        scalar|
|J_10_25_val  |   in|   40|     ap_none|         J_10_25_val|        scalar|
|J_10_26_val  |   in|   40|     ap_none|         J_10_26_val|        scalar|
|J_10_27_val  |   in|   40|     ap_none|         J_10_27_val|        scalar|
|J_10_28_val  |   in|   40|     ap_none|         J_10_28_val|        scalar|
|J_11_0_val   |   in|   40|     ap_none|          J_11_0_val|        scalar|
|J_11_1_val   |   in|   40|     ap_none|          J_11_1_val|        scalar|
|J_11_2_val   |   in|   40|     ap_none|          J_11_2_val|        scalar|
|J_11_3_val   |   in|   40|     ap_none|          J_11_3_val|        scalar|
|J_11_4_val   |   in|   40|     ap_none|          J_11_4_val|        scalar|
|J_11_5_val   |   in|   40|     ap_none|          J_11_5_val|        scalar|
|J_11_6_val   |   in|   40|     ap_none|          J_11_6_val|        scalar|
|J_11_7_val   |   in|   40|     ap_none|          J_11_7_val|        scalar|
|J_11_8_val   |   in|   40|     ap_none|          J_11_8_val|        scalar|
|J_11_9_val   |   in|   40|     ap_none|          J_11_9_val|        scalar|
|J_11_10_val  |   in|   40|     ap_none|         J_11_10_val|        scalar|
|J_11_12_val  |   in|   40|     ap_none|         J_11_12_val|        scalar|
|J_11_13_val  |   in|   40|     ap_none|         J_11_13_val|        scalar|
|J_11_14_val  |   in|   40|     ap_none|         J_11_14_val|        scalar|
|J_11_15_val  |   in|   40|     ap_none|         J_11_15_val|        scalar|
|J_11_16_val  |   in|   40|     ap_none|         J_11_16_val|        scalar|
|J_11_17_val  |   in|   40|     ap_none|         J_11_17_val|        scalar|
|J_11_18_val  |   in|   40|     ap_none|         J_11_18_val|        scalar|
|J_11_19_val  |   in|   40|     ap_none|         J_11_19_val|        scalar|
|J_11_20_val  |   in|   40|     ap_none|         J_11_20_val|        scalar|
|J_11_21_val  |   in|   40|     ap_none|         J_11_21_val|        scalar|
|J_11_22_val  |   in|   40|     ap_none|         J_11_22_val|        scalar|
|J_11_23_val  |   in|   40|     ap_none|         J_11_23_val|        scalar|
|J_11_24_val  |   in|   40|     ap_none|         J_11_24_val|        scalar|
|J_11_25_val  |   in|   40|     ap_none|         J_11_25_val|        scalar|
|J_11_26_val  |   in|   40|     ap_none|         J_11_26_val|        scalar|
|J_11_27_val  |   in|   40|     ap_none|         J_11_27_val|        scalar|
|J_11_28_val  |   in|   40|     ap_none|         J_11_28_val|        scalar|
|J_12_0_val   |   in|   40|     ap_none|          J_12_0_val|        scalar|
|J_12_1_val   |   in|   40|     ap_none|          J_12_1_val|        scalar|
|J_12_2_val   |   in|   40|     ap_none|          J_12_2_val|        scalar|
|J_12_3_val   |   in|   40|     ap_none|          J_12_3_val|        scalar|
|J_12_4_val   |   in|   40|     ap_none|          J_12_4_val|        scalar|
|J_12_5_val   |   in|   40|     ap_none|          J_12_5_val|        scalar|
|J_12_6_val   |   in|   40|     ap_none|          J_12_6_val|        scalar|
|J_12_7_val   |   in|   40|     ap_none|          J_12_7_val|        scalar|
|J_12_8_val   |   in|   40|     ap_none|          J_12_8_val|        scalar|
|J_12_9_val   |   in|   40|     ap_none|          J_12_9_val|        scalar|
|J_12_10_val  |   in|   40|     ap_none|         J_12_10_val|        scalar|
|J_12_11_val  |   in|   40|     ap_none|         J_12_11_val|        scalar|
|J_12_13_val  |   in|   40|     ap_none|         J_12_13_val|        scalar|
|J_12_14_val  |   in|   40|     ap_none|         J_12_14_val|        scalar|
|J_12_15_val  |   in|   40|     ap_none|         J_12_15_val|        scalar|
|J_12_16_val  |   in|   40|     ap_none|         J_12_16_val|        scalar|
|J_12_17_val  |   in|   40|     ap_none|         J_12_17_val|        scalar|
|J_12_18_val  |   in|   40|     ap_none|         J_12_18_val|        scalar|
|J_12_19_val  |   in|   40|     ap_none|         J_12_19_val|        scalar|
|J_12_20_val  |   in|   40|     ap_none|         J_12_20_val|        scalar|
|J_12_21_val  |   in|   40|     ap_none|         J_12_21_val|        scalar|
|J_12_22_val  |   in|   40|     ap_none|         J_12_22_val|        scalar|
|J_12_23_val  |   in|   40|     ap_none|         J_12_23_val|        scalar|
|J_12_24_val  |   in|   40|     ap_none|         J_12_24_val|        scalar|
|J_12_25_val  |   in|   40|     ap_none|         J_12_25_val|        scalar|
|J_12_26_val  |   in|   40|     ap_none|         J_12_26_val|        scalar|
|J_12_27_val  |   in|   40|     ap_none|         J_12_27_val|        scalar|
|J_12_28_val  |   in|   40|     ap_none|         J_12_28_val|        scalar|
|J_13_0_val   |   in|   40|     ap_none|          J_13_0_val|        scalar|
|J_13_1_val   |   in|   40|     ap_none|          J_13_1_val|        scalar|
|J_13_2_val   |   in|   40|     ap_none|          J_13_2_val|        scalar|
|J_13_3_val   |   in|   40|     ap_none|          J_13_3_val|        scalar|
|J_13_4_val   |   in|   40|     ap_none|          J_13_4_val|        scalar|
|J_13_5_val   |   in|   40|     ap_none|          J_13_5_val|        scalar|
|J_13_6_val   |   in|   40|     ap_none|          J_13_6_val|        scalar|
|J_13_7_val   |   in|   40|     ap_none|          J_13_7_val|        scalar|
|J_13_8_val   |   in|   40|     ap_none|          J_13_8_val|        scalar|
|J_13_9_val   |   in|   40|     ap_none|          J_13_9_val|        scalar|
|J_13_10_val  |   in|   40|     ap_none|         J_13_10_val|        scalar|
|J_13_11_val  |   in|   40|     ap_none|         J_13_11_val|        scalar|
|J_13_12_val  |   in|   40|     ap_none|         J_13_12_val|        scalar|
|J_13_14_val  |   in|   40|     ap_none|         J_13_14_val|        scalar|
|J_13_15_val  |   in|   40|     ap_none|         J_13_15_val|        scalar|
|J_13_16_val  |   in|   40|     ap_none|         J_13_16_val|        scalar|
|J_13_17_val  |   in|   40|     ap_none|         J_13_17_val|        scalar|
|J_13_18_val  |   in|   40|     ap_none|         J_13_18_val|        scalar|
|J_13_19_val  |   in|   40|     ap_none|         J_13_19_val|        scalar|
|J_13_20_val  |   in|   40|     ap_none|         J_13_20_val|        scalar|
|J_13_21_val  |   in|   40|     ap_none|         J_13_21_val|        scalar|
|J_13_22_val  |   in|   40|     ap_none|         J_13_22_val|        scalar|
|J_13_23_val  |   in|   40|     ap_none|         J_13_23_val|        scalar|
|J_13_24_val  |   in|   40|     ap_none|         J_13_24_val|        scalar|
|J_13_25_val  |   in|   40|     ap_none|         J_13_25_val|        scalar|
|J_13_26_val  |   in|   40|     ap_none|         J_13_26_val|        scalar|
|J_13_27_val  |   in|   40|     ap_none|         J_13_27_val|        scalar|
|J_13_28_val  |   in|   40|     ap_none|         J_13_28_val|        scalar|
|J_14_0_val   |   in|   40|     ap_none|          J_14_0_val|        scalar|
|J_14_1_val   |   in|   40|     ap_none|          J_14_1_val|        scalar|
|J_14_2_val   |   in|   40|     ap_none|          J_14_2_val|        scalar|
|J_14_3_val   |   in|   40|     ap_none|          J_14_3_val|        scalar|
|J_14_4_val   |   in|   40|     ap_none|          J_14_4_val|        scalar|
|J_14_5_val   |   in|   40|     ap_none|          J_14_5_val|        scalar|
|J_14_6_val   |   in|   40|     ap_none|          J_14_6_val|        scalar|
|J_14_7_val   |   in|   40|     ap_none|          J_14_7_val|        scalar|
|J_14_8_val   |   in|   40|     ap_none|          J_14_8_val|        scalar|
|J_14_9_val   |   in|   40|     ap_none|          J_14_9_val|        scalar|
|J_14_10_val  |   in|   40|     ap_none|         J_14_10_val|        scalar|
|J_14_11_val  |   in|   40|     ap_none|         J_14_11_val|        scalar|
|J_14_12_val  |   in|   40|     ap_none|         J_14_12_val|        scalar|
|J_14_13_val  |   in|   40|     ap_none|         J_14_13_val|        scalar|
|J_14_15_val  |   in|   40|     ap_none|         J_14_15_val|        scalar|
|J_14_16_val  |   in|   40|     ap_none|         J_14_16_val|        scalar|
|J_14_17_val  |   in|   40|     ap_none|         J_14_17_val|        scalar|
|J_14_18_val  |   in|   40|     ap_none|         J_14_18_val|        scalar|
|J_14_19_val  |   in|   40|     ap_none|         J_14_19_val|        scalar|
|J_14_20_val  |   in|   40|     ap_none|         J_14_20_val|        scalar|
|J_14_21_val  |   in|   40|     ap_none|         J_14_21_val|        scalar|
|J_14_22_val  |   in|   40|     ap_none|         J_14_22_val|        scalar|
|J_14_23_val  |   in|   40|     ap_none|         J_14_23_val|        scalar|
|J_14_24_val  |   in|   40|     ap_none|         J_14_24_val|        scalar|
|J_14_25_val  |   in|   40|     ap_none|         J_14_25_val|        scalar|
|J_14_26_val  |   in|   40|     ap_none|         J_14_26_val|        scalar|
|J_14_27_val  |   in|   40|     ap_none|         J_14_27_val|        scalar|
|J_14_28_val  |   in|   40|     ap_none|         J_14_28_val|        scalar|
|J_15_0_val   |   in|   40|     ap_none|          J_15_0_val|        scalar|
|J_15_1_val   |   in|   40|     ap_none|          J_15_1_val|        scalar|
|J_15_2_val   |   in|   40|     ap_none|          J_15_2_val|        scalar|
|J_15_3_val   |   in|   40|     ap_none|          J_15_3_val|        scalar|
|J_15_4_val   |   in|   40|     ap_none|          J_15_4_val|        scalar|
|J_15_5_val   |   in|   40|     ap_none|          J_15_5_val|        scalar|
|J_15_6_val   |   in|   40|     ap_none|          J_15_6_val|        scalar|
|J_15_7_val   |   in|   40|     ap_none|          J_15_7_val|        scalar|
|J_15_8_val   |   in|   40|     ap_none|          J_15_8_val|        scalar|
|J_15_9_val   |   in|   40|     ap_none|          J_15_9_val|        scalar|
|J_15_10_val  |   in|   40|     ap_none|         J_15_10_val|        scalar|
|J_15_11_val  |   in|   40|     ap_none|         J_15_11_val|        scalar|
|J_15_12_val  |   in|   40|     ap_none|         J_15_12_val|        scalar|
|J_15_13_val  |   in|   40|     ap_none|         J_15_13_val|        scalar|
|J_15_14_val  |   in|   40|     ap_none|         J_15_14_val|        scalar|
|J_15_16_val  |   in|   40|     ap_none|         J_15_16_val|        scalar|
|J_15_17_val  |   in|   40|     ap_none|         J_15_17_val|        scalar|
|J_15_18_val  |   in|   40|     ap_none|         J_15_18_val|        scalar|
|J_15_19_val  |   in|   40|     ap_none|         J_15_19_val|        scalar|
|J_15_20_val  |   in|   40|     ap_none|         J_15_20_val|        scalar|
|J_15_21_val  |   in|   40|     ap_none|         J_15_21_val|        scalar|
|J_15_22_val  |   in|   40|     ap_none|         J_15_22_val|        scalar|
|J_15_23_val  |   in|   40|     ap_none|         J_15_23_val|        scalar|
|J_15_24_val  |   in|   40|     ap_none|         J_15_24_val|        scalar|
|J_15_25_val  |   in|   40|     ap_none|         J_15_25_val|        scalar|
|J_15_26_val  |   in|   40|     ap_none|         J_15_26_val|        scalar|
|J_15_27_val  |   in|   40|     ap_none|         J_15_27_val|        scalar|
|J_15_28_val  |   in|   40|     ap_none|         J_15_28_val|        scalar|
|J_16_0_val   |   in|   40|     ap_none|          J_16_0_val|        scalar|
|J_16_1_val   |   in|   40|     ap_none|          J_16_1_val|        scalar|
|J_16_2_val   |   in|   40|     ap_none|          J_16_2_val|        scalar|
|J_16_3_val   |   in|   40|     ap_none|          J_16_3_val|        scalar|
|J_16_4_val   |   in|   40|     ap_none|          J_16_4_val|        scalar|
|J_16_5_val   |   in|   40|     ap_none|          J_16_5_val|        scalar|
|J_16_6_val   |   in|   40|     ap_none|          J_16_6_val|        scalar|
|J_16_7_val   |   in|   40|     ap_none|          J_16_7_val|        scalar|
|J_16_8_val   |   in|   40|     ap_none|          J_16_8_val|        scalar|
|J_16_9_val   |   in|   40|     ap_none|          J_16_9_val|        scalar|
|J_16_10_val  |   in|   40|     ap_none|         J_16_10_val|        scalar|
|J_16_11_val  |   in|   40|     ap_none|         J_16_11_val|        scalar|
|J_16_12_val  |   in|   40|     ap_none|         J_16_12_val|        scalar|
|J_16_13_val  |   in|   40|     ap_none|         J_16_13_val|        scalar|
|J_16_14_val  |   in|   40|     ap_none|         J_16_14_val|        scalar|
|J_16_15_val  |   in|   40|     ap_none|         J_16_15_val|        scalar|
|J_16_17_val  |   in|   40|     ap_none|         J_16_17_val|        scalar|
|J_16_18_val  |   in|   40|     ap_none|         J_16_18_val|        scalar|
|J_16_19_val  |   in|   40|     ap_none|         J_16_19_val|        scalar|
|J_16_20_val  |   in|   40|     ap_none|         J_16_20_val|        scalar|
|J_16_21_val  |   in|   40|     ap_none|         J_16_21_val|        scalar|
|J_16_22_val  |   in|   40|     ap_none|         J_16_22_val|        scalar|
|J_16_23_val  |   in|   40|     ap_none|         J_16_23_val|        scalar|
|J_16_24_val  |   in|   40|     ap_none|         J_16_24_val|        scalar|
|J_16_25_val  |   in|   40|     ap_none|         J_16_25_val|        scalar|
|J_16_26_val  |   in|   40|     ap_none|         J_16_26_val|        scalar|
|J_16_27_val  |   in|   40|     ap_none|         J_16_27_val|        scalar|
|J_16_28_val  |   in|   40|     ap_none|         J_16_28_val|        scalar|
|J_17_0_val   |   in|   40|     ap_none|          J_17_0_val|        scalar|
|J_17_1_val   |   in|   40|     ap_none|          J_17_1_val|        scalar|
|J_17_2_val   |   in|   40|     ap_none|          J_17_2_val|        scalar|
|J_17_3_val   |   in|   40|     ap_none|          J_17_3_val|        scalar|
|J_17_4_val   |   in|   40|     ap_none|          J_17_4_val|        scalar|
|J_17_5_val   |   in|   40|     ap_none|          J_17_5_val|        scalar|
|J_17_6_val   |   in|   40|     ap_none|          J_17_6_val|        scalar|
|J_17_7_val   |   in|   40|     ap_none|          J_17_7_val|        scalar|
|J_17_8_val   |   in|   40|     ap_none|          J_17_8_val|        scalar|
|J_17_9_val   |   in|   40|     ap_none|          J_17_9_val|        scalar|
|J_17_10_val  |   in|   40|     ap_none|         J_17_10_val|        scalar|
|J_17_11_val  |   in|   40|     ap_none|         J_17_11_val|        scalar|
|J_17_12_val  |   in|   40|     ap_none|         J_17_12_val|        scalar|
|J_17_13_val  |   in|   40|     ap_none|         J_17_13_val|        scalar|
|J_17_14_val  |   in|   40|     ap_none|         J_17_14_val|        scalar|
|J_17_15_val  |   in|   40|     ap_none|         J_17_15_val|        scalar|
|J_17_16_val  |   in|   40|     ap_none|         J_17_16_val|        scalar|
|J_17_18_val  |   in|   40|     ap_none|         J_17_18_val|        scalar|
|J_17_19_val  |   in|   40|     ap_none|         J_17_19_val|        scalar|
|J_17_20_val  |   in|   40|     ap_none|         J_17_20_val|        scalar|
|J_17_21_val  |   in|   40|     ap_none|         J_17_21_val|        scalar|
|J_17_22_val  |   in|   40|     ap_none|         J_17_22_val|        scalar|
|J_17_23_val  |   in|   40|     ap_none|         J_17_23_val|        scalar|
|J_17_24_val  |   in|   40|     ap_none|         J_17_24_val|        scalar|
|J_17_25_val  |   in|   40|     ap_none|         J_17_25_val|        scalar|
|J_17_26_val  |   in|   40|     ap_none|         J_17_26_val|        scalar|
|J_17_27_val  |   in|   40|     ap_none|         J_17_27_val|        scalar|
|J_17_28_val  |   in|   40|     ap_none|         J_17_28_val|        scalar|
|J_18_0_val   |   in|   40|     ap_none|          J_18_0_val|        scalar|
|J_18_1_val   |   in|   40|     ap_none|          J_18_1_val|        scalar|
|J_18_2_val   |   in|   40|     ap_none|          J_18_2_val|        scalar|
|J_18_3_val   |   in|   40|     ap_none|          J_18_3_val|        scalar|
|J_18_4_val   |   in|   40|     ap_none|          J_18_4_val|        scalar|
|J_18_5_val   |   in|   40|     ap_none|          J_18_5_val|        scalar|
|J_18_6_val   |   in|   40|     ap_none|          J_18_6_val|        scalar|
|J_18_7_val   |   in|   40|     ap_none|          J_18_7_val|        scalar|
|J_18_8_val   |   in|   40|     ap_none|          J_18_8_val|        scalar|
|J_18_9_val   |   in|   40|     ap_none|          J_18_9_val|        scalar|
|J_18_10_val  |   in|   40|     ap_none|         J_18_10_val|        scalar|
|J_18_11_val  |   in|   40|     ap_none|         J_18_11_val|        scalar|
|J_18_12_val  |   in|   40|     ap_none|         J_18_12_val|        scalar|
|J_18_13_val  |   in|   40|     ap_none|         J_18_13_val|        scalar|
|J_18_14_val  |   in|   40|     ap_none|         J_18_14_val|        scalar|
|J_18_15_val  |   in|   40|     ap_none|         J_18_15_val|        scalar|
|J_18_16_val  |   in|   40|     ap_none|         J_18_16_val|        scalar|
|J_18_17_val  |   in|   40|     ap_none|         J_18_17_val|        scalar|
|J_18_19_val  |   in|   40|     ap_none|         J_18_19_val|        scalar|
|J_18_20_val  |   in|   40|     ap_none|         J_18_20_val|        scalar|
|J_18_21_val  |   in|   40|     ap_none|         J_18_21_val|        scalar|
|J_18_22_val  |   in|   40|     ap_none|         J_18_22_val|        scalar|
|J_18_23_val  |   in|   40|     ap_none|         J_18_23_val|        scalar|
|J_18_24_val  |   in|   40|     ap_none|         J_18_24_val|        scalar|
|J_18_25_val  |   in|   40|     ap_none|         J_18_25_val|        scalar|
|J_18_26_val  |   in|   40|     ap_none|         J_18_26_val|        scalar|
|J_18_27_val  |   in|   40|     ap_none|         J_18_27_val|        scalar|
|J_18_28_val  |   in|   40|     ap_none|         J_18_28_val|        scalar|
|J_19_0_val   |   in|   40|     ap_none|          J_19_0_val|        scalar|
|J_19_1_val   |   in|   40|     ap_none|          J_19_1_val|        scalar|
|J_19_2_val   |   in|   40|     ap_none|          J_19_2_val|        scalar|
|J_19_3_val   |   in|   40|     ap_none|          J_19_3_val|        scalar|
|J_19_4_val   |   in|   40|     ap_none|          J_19_4_val|        scalar|
|J_19_5_val   |   in|   40|     ap_none|          J_19_5_val|        scalar|
|J_19_6_val   |   in|   40|     ap_none|          J_19_6_val|        scalar|
|J_19_7_val   |   in|   40|     ap_none|          J_19_7_val|        scalar|
|J_19_8_val   |   in|   40|     ap_none|          J_19_8_val|        scalar|
|J_19_9_val   |   in|   40|     ap_none|          J_19_9_val|        scalar|
|J_19_10_val  |   in|   40|     ap_none|         J_19_10_val|        scalar|
|J_19_11_val  |   in|   40|     ap_none|         J_19_11_val|        scalar|
|J_19_12_val  |   in|   40|     ap_none|         J_19_12_val|        scalar|
|J_19_13_val  |   in|   40|     ap_none|         J_19_13_val|        scalar|
|J_19_14_val  |   in|   40|     ap_none|         J_19_14_val|        scalar|
|J_19_15_val  |   in|   40|     ap_none|         J_19_15_val|        scalar|
|J_19_16_val  |   in|   40|     ap_none|         J_19_16_val|        scalar|
|J_19_17_val  |   in|   40|     ap_none|         J_19_17_val|        scalar|
|J_19_18_val  |   in|   40|     ap_none|         J_19_18_val|        scalar|
|J_19_20_val  |   in|   40|     ap_none|         J_19_20_val|        scalar|
|J_19_21_val  |   in|   40|     ap_none|         J_19_21_val|        scalar|
|J_19_22_val  |   in|   40|     ap_none|         J_19_22_val|        scalar|
|J_19_23_val  |   in|   40|     ap_none|         J_19_23_val|        scalar|
|J_19_24_val  |   in|   40|     ap_none|         J_19_24_val|        scalar|
|J_19_25_val  |   in|   40|     ap_none|         J_19_25_val|        scalar|
|J_19_26_val  |   in|   40|     ap_none|         J_19_26_val|        scalar|
|J_19_27_val  |   in|   40|     ap_none|         J_19_27_val|        scalar|
|J_19_28_val  |   in|   40|     ap_none|         J_19_28_val|        scalar|
|J_20_0_val   |   in|   40|     ap_none|          J_20_0_val|        scalar|
|J_20_1_val   |   in|   40|     ap_none|          J_20_1_val|        scalar|
|J_20_2_val   |   in|   40|     ap_none|          J_20_2_val|        scalar|
|J_20_3_val   |   in|   40|     ap_none|          J_20_3_val|        scalar|
|J_20_4_val   |   in|   40|     ap_none|          J_20_4_val|        scalar|
|J_20_5_val   |   in|   40|     ap_none|          J_20_5_val|        scalar|
|J_20_6_val   |   in|   40|     ap_none|          J_20_6_val|        scalar|
|J_20_7_val   |   in|   40|     ap_none|          J_20_7_val|        scalar|
|J_20_8_val   |   in|   40|     ap_none|          J_20_8_val|        scalar|
|J_20_9_val   |   in|   40|     ap_none|          J_20_9_val|        scalar|
|J_20_10_val  |   in|   40|     ap_none|         J_20_10_val|        scalar|
|J_20_11_val  |   in|   40|     ap_none|         J_20_11_val|        scalar|
|J_20_12_val  |   in|   40|     ap_none|         J_20_12_val|        scalar|
|J_20_13_val  |   in|   40|     ap_none|         J_20_13_val|        scalar|
|J_20_14_val  |   in|   40|     ap_none|         J_20_14_val|        scalar|
|J_20_15_val  |   in|   40|     ap_none|         J_20_15_val|        scalar|
|J_20_16_val  |   in|   40|     ap_none|         J_20_16_val|        scalar|
|J_20_17_val  |   in|   40|     ap_none|         J_20_17_val|        scalar|
|J_20_18_val  |   in|   40|     ap_none|         J_20_18_val|        scalar|
|J_20_19_val  |   in|   40|     ap_none|         J_20_19_val|        scalar|
|J_20_21_val  |   in|   40|     ap_none|         J_20_21_val|        scalar|
|J_20_22_val  |   in|   40|     ap_none|         J_20_22_val|        scalar|
|J_20_23_val  |   in|   40|     ap_none|         J_20_23_val|        scalar|
|J_20_24_val  |   in|   40|     ap_none|         J_20_24_val|        scalar|
|J_20_25_val  |   in|   40|     ap_none|         J_20_25_val|        scalar|
|J_20_26_val  |   in|   40|     ap_none|         J_20_26_val|        scalar|
|J_20_27_val  |   in|   40|     ap_none|         J_20_27_val|        scalar|
|J_20_28_val  |   in|   40|     ap_none|         J_20_28_val|        scalar|
|J_21_0_val   |   in|   40|     ap_none|          J_21_0_val|        scalar|
|J_21_1_val   |   in|   40|     ap_none|          J_21_1_val|        scalar|
|J_21_2_val   |   in|   40|     ap_none|          J_21_2_val|        scalar|
|J_21_3_val   |   in|   40|     ap_none|          J_21_3_val|        scalar|
|J_21_4_val   |   in|   40|     ap_none|          J_21_4_val|        scalar|
|J_21_5_val   |   in|   40|     ap_none|          J_21_5_val|        scalar|
|J_21_6_val   |   in|   40|     ap_none|          J_21_6_val|        scalar|
|J_21_7_val   |   in|   40|     ap_none|          J_21_7_val|        scalar|
|J_21_8_val   |   in|   40|     ap_none|          J_21_8_val|        scalar|
|J_21_9_val   |   in|   40|     ap_none|          J_21_9_val|        scalar|
|J_21_10_val  |   in|   40|     ap_none|         J_21_10_val|        scalar|
|J_21_11_val  |   in|   40|     ap_none|         J_21_11_val|        scalar|
|J_21_12_val  |   in|   40|     ap_none|         J_21_12_val|        scalar|
|J_21_13_val  |   in|   40|     ap_none|         J_21_13_val|        scalar|
|J_21_14_val  |   in|   40|     ap_none|         J_21_14_val|        scalar|
|J_21_15_val  |   in|   40|     ap_none|         J_21_15_val|        scalar|
|J_21_16_val  |   in|   40|     ap_none|         J_21_16_val|        scalar|
|J_21_17_val  |   in|   40|     ap_none|         J_21_17_val|        scalar|
|J_21_18_val  |   in|   40|     ap_none|         J_21_18_val|        scalar|
|J_21_19_val  |   in|   40|     ap_none|         J_21_19_val|        scalar|
|J_21_20_val  |   in|   40|     ap_none|         J_21_20_val|        scalar|
|J_21_22_val  |   in|   40|     ap_none|         J_21_22_val|        scalar|
|J_21_23_val  |   in|   40|     ap_none|         J_21_23_val|        scalar|
|J_21_24_val  |   in|   40|     ap_none|         J_21_24_val|        scalar|
|J_21_25_val  |   in|   40|     ap_none|         J_21_25_val|        scalar|
|J_21_26_val  |   in|   40|     ap_none|         J_21_26_val|        scalar|
|J_21_27_val  |   in|   40|     ap_none|         J_21_27_val|        scalar|
|J_21_28_val  |   in|   40|     ap_none|         J_21_28_val|        scalar|
|J_22_0_val   |   in|   40|     ap_none|          J_22_0_val|        scalar|
|J_22_1_val   |   in|   40|     ap_none|          J_22_1_val|        scalar|
|J_22_2_val   |   in|   40|     ap_none|          J_22_2_val|        scalar|
|J_22_3_val   |   in|   40|     ap_none|          J_22_3_val|        scalar|
|J_22_4_val   |   in|   40|     ap_none|          J_22_4_val|        scalar|
|J_22_5_val   |   in|   40|     ap_none|          J_22_5_val|        scalar|
|J_22_6_val   |   in|   40|     ap_none|          J_22_6_val|        scalar|
|J_22_7_val   |   in|   40|     ap_none|          J_22_7_val|        scalar|
|J_22_8_val   |   in|   40|     ap_none|          J_22_8_val|        scalar|
|J_22_9_val   |   in|   40|     ap_none|          J_22_9_val|        scalar|
|J_22_10_val  |   in|   40|     ap_none|         J_22_10_val|        scalar|
|J_22_11_val  |   in|   40|     ap_none|         J_22_11_val|        scalar|
|J_22_12_val  |   in|   40|     ap_none|         J_22_12_val|        scalar|
|J_22_13_val  |   in|   40|     ap_none|         J_22_13_val|        scalar|
|J_22_14_val  |   in|   40|     ap_none|         J_22_14_val|        scalar|
|J_22_15_val  |   in|   40|     ap_none|         J_22_15_val|        scalar|
|J_22_16_val  |   in|   40|     ap_none|         J_22_16_val|        scalar|
|J_22_17_val  |   in|   40|     ap_none|         J_22_17_val|        scalar|
|J_22_18_val  |   in|   40|     ap_none|         J_22_18_val|        scalar|
|J_22_19_val  |   in|   40|     ap_none|         J_22_19_val|        scalar|
|J_22_20_val  |   in|   40|     ap_none|         J_22_20_val|        scalar|
|J_22_21_val  |   in|   40|     ap_none|         J_22_21_val|        scalar|
|J_22_23_val  |   in|   40|     ap_none|         J_22_23_val|        scalar|
|J_22_24_val  |   in|   40|     ap_none|         J_22_24_val|        scalar|
|J_22_25_val  |   in|   40|     ap_none|         J_22_25_val|        scalar|
|J_22_26_val  |   in|   40|     ap_none|         J_22_26_val|        scalar|
|J_22_27_val  |   in|   40|     ap_none|         J_22_27_val|        scalar|
|J_22_28_val  |   in|   40|     ap_none|         J_22_28_val|        scalar|
|J_23_0_val   |   in|   40|     ap_none|          J_23_0_val|        scalar|
|J_23_1_val   |   in|   40|     ap_none|          J_23_1_val|        scalar|
|J_23_2_val   |   in|   40|     ap_none|          J_23_2_val|        scalar|
|J_23_3_val   |   in|   40|     ap_none|          J_23_3_val|        scalar|
|J_23_4_val   |   in|   40|     ap_none|          J_23_4_val|        scalar|
|J_23_5_val   |   in|   40|     ap_none|          J_23_5_val|        scalar|
|J_23_6_val   |   in|   40|     ap_none|          J_23_6_val|        scalar|
|J_23_7_val   |   in|   40|     ap_none|          J_23_7_val|        scalar|
|J_23_8_val   |   in|   40|     ap_none|          J_23_8_val|        scalar|
|J_23_9_val   |   in|   40|     ap_none|          J_23_9_val|        scalar|
|J_23_10_val  |   in|   40|     ap_none|         J_23_10_val|        scalar|
|J_23_11_val  |   in|   40|     ap_none|         J_23_11_val|        scalar|
|J_23_12_val  |   in|   40|     ap_none|         J_23_12_val|        scalar|
|J_23_13_val  |   in|   40|     ap_none|         J_23_13_val|        scalar|
|J_23_14_val  |   in|   40|     ap_none|         J_23_14_val|        scalar|
|J_23_15_val  |   in|   40|     ap_none|         J_23_15_val|        scalar|
|J_23_16_val  |   in|   40|     ap_none|         J_23_16_val|        scalar|
|J_23_17_val  |   in|   40|     ap_none|         J_23_17_val|        scalar|
|J_23_18_val  |   in|   40|     ap_none|         J_23_18_val|        scalar|
|J_23_19_val  |   in|   40|     ap_none|         J_23_19_val|        scalar|
|J_23_20_val  |   in|   40|     ap_none|         J_23_20_val|        scalar|
|J_23_21_val  |   in|   40|     ap_none|         J_23_21_val|        scalar|
|J_23_22_val  |   in|   40|     ap_none|         J_23_22_val|        scalar|
|J_23_24_val  |   in|   40|     ap_none|         J_23_24_val|        scalar|
|J_23_25_val  |   in|   40|     ap_none|         J_23_25_val|        scalar|
|J_23_26_val  |   in|   40|     ap_none|         J_23_26_val|        scalar|
|J_23_27_val  |   in|   40|     ap_none|         J_23_27_val|        scalar|
|J_23_28_val  |   in|   40|     ap_none|         J_23_28_val|        scalar|
|J_24_0_val   |   in|   40|     ap_none|          J_24_0_val|        scalar|
|J_24_1_val   |   in|   40|     ap_none|          J_24_1_val|        scalar|
|J_24_2_val   |   in|   40|     ap_none|          J_24_2_val|        scalar|
|J_24_3_val   |   in|   40|     ap_none|          J_24_3_val|        scalar|
|J_24_4_val   |   in|   40|     ap_none|          J_24_4_val|        scalar|
|J_24_5_val   |   in|   40|     ap_none|          J_24_5_val|        scalar|
|J_24_6_val   |   in|   40|     ap_none|          J_24_6_val|        scalar|
|J_24_7_val   |   in|   40|     ap_none|          J_24_7_val|        scalar|
|J_24_8_val   |   in|   40|     ap_none|          J_24_8_val|        scalar|
|J_24_9_val   |   in|   40|     ap_none|          J_24_9_val|        scalar|
|J_24_10_val  |   in|   40|     ap_none|         J_24_10_val|        scalar|
|J_24_11_val  |   in|   40|     ap_none|         J_24_11_val|        scalar|
|J_24_12_val  |   in|   40|     ap_none|         J_24_12_val|        scalar|
|J_24_13_val  |   in|   40|     ap_none|         J_24_13_val|        scalar|
|J_24_14_val  |   in|   40|     ap_none|         J_24_14_val|        scalar|
|J_24_15_val  |   in|   40|     ap_none|         J_24_15_val|        scalar|
|J_24_16_val  |   in|   40|     ap_none|         J_24_16_val|        scalar|
|J_24_17_val  |   in|   40|     ap_none|         J_24_17_val|        scalar|
|J_24_18_val  |   in|   40|     ap_none|         J_24_18_val|        scalar|
|J_24_19_val  |   in|   40|     ap_none|         J_24_19_val|        scalar|
|J_24_20_val  |   in|   40|     ap_none|         J_24_20_val|        scalar|
|J_24_21_val  |   in|   40|     ap_none|         J_24_21_val|        scalar|
|J_24_22_val  |   in|   40|     ap_none|         J_24_22_val|        scalar|
|J_24_23_val  |   in|   40|     ap_none|         J_24_23_val|        scalar|
|J_24_25_val  |   in|   40|     ap_none|         J_24_25_val|        scalar|
|J_24_26_val  |   in|   40|     ap_none|         J_24_26_val|        scalar|
|J_24_27_val  |   in|   40|     ap_none|         J_24_27_val|        scalar|
|J_24_28_val  |   in|   40|     ap_none|         J_24_28_val|        scalar|
|J_25_0_val   |   in|   40|     ap_none|          J_25_0_val|        scalar|
|J_25_1_val   |   in|   40|     ap_none|          J_25_1_val|        scalar|
|J_25_2_val   |   in|   40|     ap_none|          J_25_2_val|        scalar|
|J_25_3_val   |   in|   40|     ap_none|          J_25_3_val|        scalar|
|J_25_4_val   |   in|   40|     ap_none|          J_25_4_val|        scalar|
|J_25_5_val   |   in|   40|     ap_none|          J_25_5_val|        scalar|
|J_25_6_val   |   in|   40|     ap_none|          J_25_6_val|        scalar|
|J_25_7_val   |   in|   40|     ap_none|          J_25_7_val|        scalar|
|J_25_8_val   |   in|   40|     ap_none|          J_25_8_val|        scalar|
|J_25_9_val   |   in|   40|     ap_none|          J_25_9_val|        scalar|
|J_25_10_val  |   in|   40|     ap_none|         J_25_10_val|        scalar|
|J_25_11_val  |   in|   40|     ap_none|         J_25_11_val|        scalar|
|J_25_12_val  |   in|   40|     ap_none|         J_25_12_val|        scalar|
|J_25_13_val  |   in|   40|     ap_none|         J_25_13_val|        scalar|
|J_25_14_val  |   in|   40|     ap_none|         J_25_14_val|        scalar|
|J_25_15_val  |   in|   40|     ap_none|         J_25_15_val|        scalar|
|J_25_16_val  |   in|   40|     ap_none|         J_25_16_val|        scalar|
|J_25_17_val  |   in|   40|     ap_none|         J_25_17_val|        scalar|
|J_25_18_val  |   in|   40|     ap_none|         J_25_18_val|        scalar|
|J_25_19_val  |   in|   40|     ap_none|         J_25_19_val|        scalar|
|J_25_20_val  |   in|   40|     ap_none|         J_25_20_val|        scalar|
|J_25_21_val  |   in|   40|     ap_none|         J_25_21_val|        scalar|
|J_25_22_val  |   in|   40|     ap_none|         J_25_22_val|        scalar|
|J_25_23_val  |   in|   40|     ap_none|         J_25_23_val|        scalar|
|J_25_24_val  |   in|   40|     ap_none|         J_25_24_val|        scalar|
|J_25_26_val  |   in|   40|     ap_none|         J_25_26_val|        scalar|
|J_25_27_val  |   in|   40|     ap_none|         J_25_27_val|        scalar|
|J_25_28_val  |   in|   40|     ap_none|         J_25_28_val|        scalar|
|J_26_0_val   |   in|   40|     ap_none|          J_26_0_val|        scalar|
|J_26_1_val   |   in|   40|     ap_none|          J_26_1_val|        scalar|
|J_26_2_val   |   in|   40|     ap_none|          J_26_2_val|        scalar|
|J_26_3_val   |   in|   40|     ap_none|          J_26_3_val|        scalar|
|J_26_4_val   |   in|   40|     ap_none|          J_26_4_val|        scalar|
|J_26_5_val   |   in|   40|     ap_none|          J_26_5_val|        scalar|
|J_26_6_val   |   in|   40|     ap_none|          J_26_6_val|        scalar|
|J_26_7_val   |   in|   40|     ap_none|          J_26_7_val|        scalar|
|J_26_8_val   |   in|   40|     ap_none|          J_26_8_val|        scalar|
|J_26_9_val   |   in|   40|     ap_none|          J_26_9_val|        scalar|
|J_26_10_val  |   in|   40|     ap_none|         J_26_10_val|        scalar|
|J_26_11_val  |   in|   40|     ap_none|         J_26_11_val|        scalar|
|J_26_12_val  |   in|   40|     ap_none|         J_26_12_val|        scalar|
|J_26_13_val  |   in|   40|     ap_none|         J_26_13_val|        scalar|
|J_26_14_val  |   in|   40|     ap_none|         J_26_14_val|        scalar|
|J_26_15_val  |   in|   40|     ap_none|         J_26_15_val|        scalar|
|J_26_16_val  |   in|   40|     ap_none|         J_26_16_val|        scalar|
|J_26_17_val  |   in|   40|     ap_none|         J_26_17_val|        scalar|
|J_26_18_val  |   in|   40|     ap_none|         J_26_18_val|        scalar|
|J_26_19_val  |   in|   40|     ap_none|         J_26_19_val|        scalar|
|J_26_20_val  |   in|   40|     ap_none|         J_26_20_val|        scalar|
|J_26_21_val  |   in|   40|     ap_none|         J_26_21_val|        scalar|
|J_26_22_val  |   in|   40|     ap_none|         J_26_22_val|        scalar|
|J_26_23_val  |   in|   40|     ap_none|         J_26_23_val|        scalar|
|J_26_24_val  |   in|   40|     ap_none|         J_26_24_val|        scalar|
|J_26_25_val  |   in|   40|     ap_none|         J_26_25_val|        scalar|
|J_26_27_val  |   in|   40|     ap_none|         J_26_27_val|        scalar|
|J_26_28_val  |   in|   40|     ap_none|         J_26_28_val|        scalar|
|J_27_0_val   |   in|   40|     ap_none|          J_27_0_val|        scalar|
|J_27_1_val   |   in|   40|     ap_none|          J_27_1_val|        scalar|
|J_27_2_val   |   in|   40|     ap_none|          J_27_2_val|        scalar|
|J_27_3_val   |   in|   40|     ap_none|          J_27_3_val|        scalar|
|J_27_4_val   |   in|   40|     ap_none|          J_27_4_val|        scalar|
|J_27_5_val   |   in|   40|     ap_none|          J_27_5_val|        scalar|
|J_27_6_val   |   in|   40|     ap_none|          J_27_6_val|        scalar|
|J_27_7_val   |   in|   40|     ap_none|          J_27_7_val|        scalar|
|J_27_8_val   |   in|   40|     ap_none|          J_27_8_val|        scalar|
|J_27_9_val   |   in|   40|     ap_none|          J_27_9_val|        scalar|
|J_27_10_val  |   in|   40|     ap_none|         J_27_10_val|        scalar|
|J_27_11_val  |   in|   40|     ap_none|         J_27_11_val|        scalar|
|J_27_12_val  |   in|   40|     ap_none|         J_27_12_val|        scalar|
|J_27_13_val  |   in|   40|     ap_none|         J_27_13_val|        scalar|
|J_27_14_val  |   in|   40|     ap_none|         J_27_14_val|        scalar|
|J_27_15_val  |   in|   40|     ap_none|         J_27_15_val|        scalar|
|J_27_16_val  |   in|   40|     ap_none|         J_27_16_val|        scalar|
|J_27_17_val  |   in|   40|     ap_none|         J_27_17_val|        scalar|
|J_27_18_val  |   in|   40|     ap_none|         J_27_18_val|        scalar|
|J_27_19_val  |   in|   40|     ap_none|         J_27_19_val|        scalar|
|J_27_20_val  |   in|   40|     ap_none|         J_27_20_val|        scalar|
|J_27_21_val  |   in|   40|     ap_none|         J_27_21_val|        scalar|
|J_27_22_val  |   in|   40|     ap_none|         J_27_22_val|        scalar|
|J_27_23_val  |   in|   40|     ap_none|         J_27_23_val|        scalar|
|J_27_24_val  |   in|   40|     ap_none|         J_27_24_val|        scalar|
|J_27_25_val  |   in|   40|     ap_none|         J_27_25_val|        scalar|
|J_27_26_val  |   in|   40|     ap_none|         J_27_26_val|        scalar|
|J_27_28_val  |   in|   40|     ap_none|         J_27_28_val|        scalar|
|J_28_0_val   |   in|   40|     ap_none|          J_28_0_val|        scalar|
|J_28_1_val   |   in|   40|     ap_none|          J_28_1_val|        scalar|
|J_28_2_val   |   in|   40|     ap_none|          J_28_2_val|        scalar|
|J_28_3_val   |   in|   40|     ap_none|          J_28_3_val|        scalar|
|J_28_4_val   |   in|   40|     ap_none|          J_28_4_val|        scalar|
|J_28_5_val   |   in|   40|     ap_none|          J_28_5_val|        scalar|
|J_28_6_val   |   in|   40|     ap_none|          J_28_6_val|        scalar|
|J_28_7_val   |   in|   40|     ap_none|          J_28_7_val|        scalar|
|J_28_8_val   |   in|   40|     ap_none|          J_28_8_val|        scalar|
|J_28_9_val   |   in|   40|     ap_none|          J_28_9_val|        scalar|
|J_28_10_val  |   in|   40|     ap_none|         J_28_10_val|        scalar|
|J_28_11_val  |   in|   40|     ap_none|         J_28_11_val|        scalar|
|J_28_12_val  |   in|   40|     ap_none|         J_28_12_val|        scalar|
|J_28_13_val  |   in|   40|     ap_none|         J_28_13_val|        scalar|
|J_28_14_val  |   in|   40|     ap_none|         J_28_14_val|        scalar|
|J_28_15_val  |   in|   40|     ap_none|         J_28_15_val|        scalar|
|J_28_16_val  |   in|   40|     ap_none|         J_28_16_val|        scalar|
|J_28_17_val  |   in|   40|     ap_none|         J_28_17_val|        scalar|
|J_28_18_val  |   in|   40|     ap_none|         J_28_18_val|        scalar|
|J_28_19_val  |   in|   40|     ap_none|         J_28_19_val|        scalar|
|J_28_20_val  |   in|   40|     ap_none|         J_28_20_val|        scalar|
|J_28_21_val  |   in|   40|     ap_none|         J_28_21_val|        scalar|
|J_28_22_val  |   in|   40|     ap_none|         J_28_22_val|        scalar|
|J_28_23_val  |   in|   40|     ap_none|         J_28_23_val|        scalar|
|J_28_24_val  |   in|   40|     ap_none|         J_28_24_val|        scalar|
|J_28_25_val  |   in|   40|     ap_none|         J_28_25_val|        scalar|
|J_28_26_val  |   in|   40|     ap_none|         J_28_26_val|        scalar|
|J_28_27_val  |   in|   40|     ap_none|         J_28_27_val|        scalar|
|h_0_val      |   in|   40|     ap_none|             h_0_val|        scalar|
|h_1_val      |   in|   40|     ap_none|             h_1_val|        scalar|
|h_2_val      |   in|   40|     ap_none|             h_2_val|        scalar|
|h_3_val      |   in|   40|     ap_none|             h_3_val|        scalar|
|h_4_val      |   in|   40|     ap_none|             h_4_val|        scalar|
|h_5_val      |   in|   40|     ap_none|             h_5_val|        scalar|
|h_6_val      |   in|   40|     ap_none|             h_6_val|        scalar|
|h_7_val      |   in|   40|     ap_none|             h_7_val|        scalar|
|h_8_val      |   in|   40|     ap_none|             h_8_val|        scalar|
|h_9_val      |   in|   40|     ap_none|             h_9_val|        scalar|
|h_10_val     |   in|   40|     ap_none|            h_10_val|        scalar|
|h_11_val     |   in|   40|     ap_none|            h_11_val|        scalar|
|h_12_val     |   in|   40|     ap_none|            h_12_val|        scalar|
|h_13_val     |   in|   40|     ap_none|            h_13_val|        scalar|
|h_14_val     |   in|   40|     ap_none|            h_14_val|        scalar|
|h_15_val     |   in|   40|     ap_none|            h_15_val|        scalar|
|h_16_val     |   in|   40|     ap_none|            h_16_val|        scalar|
|h_17_val     |   in|   40|     ap_none|            h_17_val|        scalar|
|h_18_val     |   in|   40|     ap_none|            h_18_val|        scalar|
|h_19_val     |   in|   40|     ap_none|            h_19_val|        scalar|
|h_20_val     |   in|   40|     ap_none|            h_20_val|        scalar|
|h_21_val     |   in|   40|     ap_none|            h_21_val|        scalar|
|h_22_val     |   in|   40|     ap_none|            h_22_val|        scalar|
|h_23_val     |   in|   40|     ap_none|            h_23_val|        scalar|
|h_24_val     |   in|   40|     ap_none|            h_24_val|        scalar|
|h_25_val     |   in|   40|     ap_none|            h_25_val|        scalar|
|h_26_val     |   in|   40|     ap_none|            h_26_val|        scalar|
|h_27_val     |   in|   40|     ap_none|            h_27_val|        scalar|
|h_28_val     |   in|   40|     ap_none|            h_28_val|        scalar|
|s_0_val      |   in|    1|     ap_none|             s_0_val|        scalar|
|s_1_val      |   in|    1|     ap_none|             s_1_val|        scalar|
|s_2_val      |   in|    1|     ap_none|             s_2_val|        scalar|
|s_3_val      |   in|    1|     ap_none|             s_3_val|        scalar|
|s_4_val      |   in|    1|     ap_none|             s_4_val|        scalar|
|s_5_val      |   in|    1|     ap_none|             s_5_val|        scalar|
|s_6_val      |   in|    1|     ap_none|             s_6_val|        scalar|
|s_7_val      |   in|    1|     ap_none|             s_7_val|        scalar|
|s_8_val      |   in|    1|     ap_none|             s_8_val|        scalar|
|s_9_val      |   in|    1|     ap_none|             s_9_val|        scalar|
|s_10_val     |   in|    1|     ap_none|            s_10_val|        scalar|
|s_11_val     |   in|    1|     ap_none|            s_11_val|        scalar|
|s_12_val     |   in|    1|     ap_none|            s_12_val|        scalar|
|s_13_val     |   in|    1|     ap_none|            s_13_val|        scalar|
|s_14_val     |   in|    1|     ap_none|            s_14_val|        scalar|
|s_15_val     |   in|    1|     ap_none|            s_15_val|        scalar|
|s_16_val     |   in|    1|     ap_none|            s_16_val|        scalar|
|s_17_val     |   in|    1|     ap_none|            s_17_val|        scalar|
|s_18_val     |   in|    1|     ap_none|            s_18_val|        scalar|
|s_19_val     |   in|    1|     ap_none|            s_19_val|        scalar|
|s_20_val     |   in|    1|     ap_none|            s_20_val|        scalar|
|s_21_val     |   in|    1|     ap_none|            s_21_val|        scalar|
|s_22_val     |   in|    1|     ap_none|            s_22_val|        scalar|
|s_23_val     |   in|    1|     ap_none|            s_23_val|        scalar|
|s_24_val     |   in|    1|     ap_none|            s_24_val|        scalar|
|s_25_val     |   in|    1|     ap_none|            s_25_val|        scalar|
|s_26_val     |   in|    1|     ap_none|            s_26_val|        scalar|
|s_27_val     |   in|    1|     ap_none|            s_27_val|        scalar|
|s_28_val     |   in|    1|     ap_none|            s_28_val|        scalar|
|i            |   in|   32|     ap_none|                   i|        scalar|
+-------------+-----+-----+------------+--------------------+--------------+

